127.0.0.1 - - [22/May/2016:22:16:18 -0400] "GET /opensso/namingservice HTTP/1.1" 200 7 "-" "Java/1.5.0_21" 220 183
127.0.0.1 - - [22/May/2016:22:16:32 -0400] "GET /opensso/namingservice HTTP/1.1" 200 7 "-" "Java/1.5.0_21" 220 183
66.249.66.191 - - [22/May/2016:22:16:32 -0400] "GET /redmine/projects/lmmpwiki/activity?from=1984-04-22 HTTP/1.1" 200 4829 "-" "Mozilla/5.0 (compatible; Googlebot/2.1; +http://www.google.com/bot.html)" 344 5391
127.0.0.1 - - [22/May/2016:22:16:48 -0400] "GET /opensso/namingservice HTTP/1.1" 200 7 "-" "Java/1.5.0_21" 220 183
127.0.0.1 - - [22/May/2016:22:17:02 -0400] "GET /opensso/namingservice HTTP/1.1" 200 7 "-" "Java/1.5.0_21" 220 183
66.249.66.131 - - [22/May/2016:22:17:07 -0400] "GET /ArcGIS/rest/services/LRO_LOLA_Gray_SPole75_30mp_v04/MapServer/find HTTP/1.1" 200 2429 "-" "Mozilla/5.0 (compatible; Googlebot/2.1; +http://www.google.com/bot.html)" 360 2685
127.0.0.1 - - [22/May/2016:22:17:18 -0400] "GET /opensso/namingservice HTTP/1.1" 200 7 "-" "Java/1.5.0_21" 220 183
127.0.0.1 - - [22/May/2016:22:17:32 -0400] "GET /opensso/namingservice HTTP/1.1" 200 7 "-" "Java/1.5.0_21" 220 183
127.0.0.1 - - [22/May/2016:22:17:48 -0400] "GET /opensso/namingservice HTTP/1.1" 200 7 "-" "Java/1.5.0_21" 220 183
127.0.0.1 - - [22/May/2016:22:18:02 -0400] "GET /opensso/namingservice HTTP/1.1" 200 7 "-" "Java/1.5.0_21" 220 183
127.0.0.1 - - [22/May/2016:22:18:18 -0400] "GET /opensso/namingservice HTTP/1.1" 200 7 "-" "Java/1.5.0_21" 220 183
127.0.0.1 - - [22/May/2016:22:18:32 -0400] "GET /opensso/namingservice HTTP/1.1" 200 7 "-" "Java/1.5.0_21" 220 183
127.0.0.1 - - [22/May/2016:22:18:48 -0400] "GET /opensso/namingservice HTTP/1.1" 200 7 "-" "Java/1.5.0_21" 220 183
127.0.0.1 - - [22/May/2016:22:19:02 -0400] "GET /opensso/namingservice HTTP/1.1" 200 7 "-" "Java/1.5.0_21" 220 183
127.0.0.1 - - [22/May/2016:22:19:18 -0400] "GET /opensso/namingservice HTTP/1.1" 200 7 "-" "Java/1.5.0_21" 220 183
127.0.0.1 - - [22/May/2016:22:19:32 -0400] "GET /opensso/namingservice HTTP/1.1" 200 7 "-" "Java/1.5.0_21" 220 183
127.0.0.1 - - [22/May/2016:22:19:48 -0400] "GET /opensso/namingservice HTTP/1.1" 200 7 "-" "Java/1.5.0_21" 220 183
127.0.0.1 - - [22/May/2016:22:20:02 -0400] "GET /opensso/namingservice HTTP/1.1" 200 7 "-" "Java/1.5.0_21" 220 183
66.249.66.191 - - [22/May/2016:22:20:07 -0400] "GET /ArcGIS/rest/services/LRO_LOLA_ClrShade_SPole45_100mp_v04/ImageServer/exportImage?bbox=-1440000,-1440000,1440000,1440000 HTTP/1.1" 200 4852 "-" "Mozilla/5.0 (compatible; Googlebot/2.1; +http://www.google.com/bot.html)" 413 5108
127.0.0.1 - - [22/May/2016:22:20:18 -0400] "GET /opensso/namingservice HTTP/1.1" 200 7 "-" "Java/1.5.0_21" 220 183
127.0.0.1 - - [22/May/2016:22:20:32 -0400] "GET /opensso/namingservice HTTP/1.1" 200 7 "-" "Java/1.5.0_21" 220 183
127.0.0.1 - - [22/May/2016:22:20:48 -0400] "GET /opensso/namingservice HTTP/1.1" 200 7 "-" "Java/1.5.0_21" 220 183
127.0.0.1 - - [22/May/2016:22:21:02 -0400] "GET /opensso/namingservice HTTP/1.1" 200 7 "-" "Java/1.5.0_21" 220 183
127.0.0.1 - - [22/May/2016:22:21:18 -0400] "GET /opensso/namingservice HTTP/1.1" 200 7 "-" "Java/1.5.0_21" 220 183
66.249.66.131 - - [22/May/2016:22:21:30 -0400] "GET /redmine/projects/lmmpwiki/activity?from=1984-05-22 HTTP/1.1" 200 4829 "-" "Mozilla/5.0 (compatible; Googlebot/2.1; +http://www.google.com/bot.html)" 344 5391
127.0.0.1 - - [22/May/2016:22:21:32 -0400] "GET /opensso/namingservice HTTP/1.1" 200 7 "-" "Java/1.5.0_21" 220 183
127.0.0.1 - - [22/May/2016:22:21:48 -0400] "GET /opensso/namingservice HTTP/1.1" 200 7 "-" "Java/1.5.0_21" 220 183
127.0.0.1 - - [22/May/2016:22:22:02 -0400] "GET /opensso/namingservice HTTP/1.1" 200 7 "-" "Java/1.5.0_21" 220 183
127.0.0.1 - - [22/May/2016:22:22:18 -0400] "GET /opensso/namingservice HTTP/1.1" 200 7 "-" "Java/1.5.0_21" 220 183
127.0.0.1 - - [22/May/2016:22:22:32 -0400] "GET /opensso/namingservice HTTP/1.1" 200 7 "-" "Java/1.5.0_21" 220 183
66.191.163.49 - - [22/May/2016:22:22:36 -0400] "GET /opensso/identity/isTokenValid HTTP/1.1" 200 14 "-" "Moon%20Tours/1.0.0 CFNetwork/758.3.15 Darwin/15.4.0" 230 172
66.191.163.49 - - [22/May/2016:22:22:36 -0400] "GET /opensso/UI/Login?module=Anonymous&org=appspub&goto=http%3A%2F%2Fpub.lmmp.nasa.gov%2Flmmpmobile%2Frefresh HTTP/1.1" 302 - "-" "Moon%20Tours/1.0.0 CFNetwork/758.3.15 Darwin/15.4.0" 305 930
66.191.163.49 - - [22/May/2016:22:22:36 -0400] "GET /lmmpmobile/refresh?iPlanetDirectoryPro=AQIC5wM2LY4SfcwrVN0Q9lB9bQLfH2ajS4dYmDSp1asqZtM%3D%40AAJTSQACMDE%3D%23 HTTP/1.1" 200 - "-" "Moon%20Tours/1.0.0 CFNetwork/758.3.15 Darwin/15.4.0" 419 316
127.0.0.1 - - [22/May/2016:22:22:48 -0400] "GET /opensso/namingservice HTTP/1.1" 200 7 "-" "Java/1.5.0_21" 220 183
66.191.163.49 - - [22/May/2016:22:22:49 -0400] "GET /lmmpmobile/config-1.0.json HTTP/1.1" 200 1338 "-" "Moon%20Tours/1.0.0 CFNetwork/758.3.15 Darwin/15.4.0" 327 1666
66.191.163.49 - - [22/May/2016:22:22:50 -0400] "GET /lmmpmobile/bookmarks-1.0.2.json HTTP/1.1" 200 11401 "-" "Moon%20Tours/1.0.0 CFNetwork/758.3.15 Darwin/15.4.0" 332 11730
66.191.163.49 - - [22/May/2016:22:22:50 -0400] "GET /lmmpmobile/pages/about-1.0.2.html HTTP/1.1" 200 2716 "-" "Moon%20Tours/1.0.0 CFNetwork/758.3.15 Darwin/15.4.0" 334 3037
66.191.163.49 - - [22/May/2016:22:22:51 -0400] "GET /lmmpmobile/pages/help-1.0.2.html HTTP/1.1" 200 6781 "-" "Moon%20Tours/1.0.0 CFNetwork/758.3.15 Darwin/15.4.0" 333 7103
66.191.163.49 - - [22/May/2016:22:22:51 -0400] "GET /lmmpmobile/pages/glossary-1.0.2.html HTTP/1.1" 200 4306 "-" "Moon%20Tours/1.0.0 CFNetwork/758.3.15 Darwin/15.4.0" 337 4628
66.191.163.49 - - [22/May/2016:22:22:51 -0400] "GET /arcgis/rest/services/ERGraticule/MapServer?f=json HTTP/1.1" 200 701 "arcgisios" "ArcGISiOS-2.3.2/9.3.1/iPhone7,2" 359 996
66.191.163.49 - - [22/May/2016:22:22:51 -0400] "GET /arcgis/rest/services/CombinedNomenclature/MapServer?f=json HTTP/1.1" 200 807 "arcgisios" "ArcGISiOS-2.3.2/9.3.1/iPhone7,2" 368 1102
127.0.0.1 - - [22/May/2016:22:23:02 -0400] "GET /opensso/namingservice HTTP/1.1" 200 7 "-" "Java/1.5.0_21" 220 183
104.15.61.161 - - [22/May/2016:22:23:06 -0400] "GET /opensso/identity/isTokenValid HTTP/1.1" 200 14 "-" "Moon%20Tours/1.0.0 CFNetwork/758.4.3 Darwin/15.5.0" 229 172
104.15.61.161 - - [22/May/2016:22:23:06 -0400] "GET /opensso/UI/Login?module=Anonymous&org=appspub&goto=http%3A%2F%2Fpub.lmmp.nasa.gov%2Flmmpmobile%2Frefresh HTTP/1.1" 302 - "-" "Moon%20Tours/1.0.0 CFNetwork/758.4.3 Darwin/15.5.0" 304 930
104.15.61.161 - - [22/May/2016:22:23:06 -0400] "GET /lmmpmobile/refresh?iPlanetDirectoryPro=AQIC5wM2LY4SfczPOh2q2CJDEVvESUHDLB0E9eHGS63fxhU%3D%40AAJTSQACMDE%3D%23 HTTP/1.1" 200 - "-" "Moon%20Tours/1.0.0 CFNetwork/758.4.3 Darwin/15.5.0" 418 316
66.249.66.188 - - [22/May/2016:22:23:06 -0400] "GET /ArcGIS/rest/services/LRO_NAC_CratDenHaz_26N178E_150cmp/MapServer/find HTTP/1.1" 200 2444 "-" "Mozilla/5.0 (compatible; Googlebot/2.1; +http://www.google.com/bot.html)" 363 2700
104.15.61.161 - - [22/May/2016:22:23:12 -0400] "GET /lmmpmobile/config-1.0.json HTTP/1.1" 200 1338 "-" "Moon%20Tours/1.0.0 CFNetwork/758.4.3 Darwin/15.5.0" 326 1666
104.15.61.161 - - [22/May/2016:22:23:14 -0400] "GET /lmmpmobile/bookmarks-1.0.2.json HTTP/1.1" 200 11401 "-" "Moon%20Tours/1.0.0 CFNetwork/758.4.3 Darwin/15.5.0" 331 11730
104.15.61.161 - - [22/May/2016:22:23:14 -0400] "GET /lmmpmobile/pages/glossary-1.0.2.html HTTP/1.1" 200 4306 "-" "Moon%20Tours/1.0.0 CFNetwork/758.4.3 Darwin/15.5.0" 336 4628
104.15.61.161 - - [22/May/2016:22:23:14 -0400] "GET /lmmpmobile/pages/help-1.0.2.html HTTP/1.1" 200 6781 "-" "Moon%20Tours/1.0.0 CFNetwork/758.4.3 Darwin/15.5.0" 332 7103
104.15.61.161 - - [22/May/2016:22:23:14 -0400] "GET /lmmpmobile/pages/about-1.0.2.html HTTP/1.1" 200 2716 "-" "Moon%20Tours/1.0.0 CFNetwork/758.4.3 Darwin/15.5.0" 333 3037
104.15.61.161 - - [22/May/2016:22:23:15 -0400] "GET /arcgis/rest/services/CombinedNomenclature/MapServer?f=json HTTP/1.1" 200 807 "arcgisios" "ArcGISiOS-2.3.2/9.3.2/iPhone6,1" 368 1102
104.15.61.161 - - [22/May/2016:22:23:15 -0400] "GET /arcgis/rest/services/ERGraticule/MapServer?f=json HTTP/1.1" 200 701 "arcgisios" "ArcGISiOS-2.3.2/9.3.2/iPhone6,1" 359 996
127.0.0.1 - - [22/May/2016:22:23:18 -0400] "GET /opensso/namingservice HTTP/1.1" 200 7 "-" "Java/1.5.0_21" 220 183
127.0.0.1 - - [22/May/2016:22:23:32 -0400] "GET /opensso/namingservice HTTP/1.1" 200 7 "-" "Java/1.5.0_21" 220 183
127.0.0.1 - - [22/May/2016:22:23:48 -0400] "GET /opensso/namingservice HTTP/1.1" 200 7 "-" "Java/1.5.0_21" 220 183
127.0.0.1 - - [22/May/2016:22:24:02 -0400] "GET /opensso/namingservice HTTP/1.1" 200 7 "-" "Java/1.5.0_21" 220 183
5.197.191.64 - - [22/May/2016:22:24:17 -0400] "GET /lmmpmobile/config-1.0.json HTTP/1.1" 200 1338 "-" "Moon%20Tours/1.0.0 CFNetwork/758.4.3 Darwin/15.5.0" 214 1666
127.0.0.1 - - [22/May/2016:22:24:18 -0400] "GET /opensso/namingservice HTTP/1.1" 200 7 "-" "Java/1.5.0_21" 220 183
5.197.191.64 - - [22/May/2016:22:24:18 -0400] "GET /opensso/identity/isTokenValid HTTP/1.1" 200 14 "-" "Moon%20Tours/1.0.0 CFNetwork/758.4.3 Darwin/15.5.0" 226 172
5.197.191.64 - - [22/May/2016:22:24:20 -0400] "GET /opensso/UI/Login?module=Anonymous&org=appspub&goto=http%3A%2F%2Fpub.lmmp.nasa.gov%2Flmmpmobile%2Frefresh HTTP/1.1" 302 - "-" "Moon%20Tours/1.0.0 CFNetwork/758.4.3 Darwin/15.5.0" 301 930
127.0.0.1 - - [22/May/2016:22:24:32 -0400] "GET /opensso/namingservice HTTP/1.1" 200 7 "-" "Java/1.5.0_21" 220 183
66.191.163.49 - - [22/May/2016:22:24:43 -0400] "GET /opensso/identity/isTokenValid HTTP/1.1" 200 14 "-" "Moon%20Tours/1.0.0 CFNetwork/758.4.3 Darwin/15.5.0" 338 172
66.191.163.49 - - [22/May/2016:22:24:43 -0400] "GET /opensso/UI/Login?module=Anonymous&org=appspub&goto=http%3A%2F%2Fpub.lmmp.nasa.gov%2Flmmpmobile%2Frefresh HTTP/1.1" 302 - "-" "Moon%20Tours/1.0.0 CFNetwork/758.4.3 Darwin/15.5.0" 413 930
66.191.163.49 - - [22/May/2016:22:24:43 -0400] "GET /lmmpmobile/refresh?iPlanetDirectoryPro=AQIC5wM2LY4SfcxxYmySzw7QSIIEfXrki1oVuNrjcUwSSq4%3D%40AAJTSQACMDE%3D%23 HTTP/1.1" 200 - "-" "Moon%20Tours/1.0.0 CFNetwork/758.4.3 Darwin/15.5.0" 418 316
66.191.163.49 - - [22/May/2016:22:24:44 -0400] "GET /arcgis/rest/services/CombinedNomenclature/MapServer?f=json HTTP/1.1" 200 807 "arcgisios" "ArcGISiOS-2.3.2/9.3.2/iPhone5,2" 368 1102
66.191.163.49 - - [22/May/2016:22:24:44 -0400] "GET /arcgis/rest/services/ERGraticule/MapServer?f=json HTTP/1.1" 200 701 "arcgisios" "ArcGISiOS-2.3.2/9.3.2/iPhone5,2" 359 997
127.0.0.1 - - [22/May/2016:22:24:48 -0400] "GET /opensso/namingservice HTTP/1.1" 200 7 "-" "Java/1.5.0_21" 220 183
127.0.0.1 - - [22/May/2016:22:25:02 -0400] "GET /opensso/namingservice HTTP/1.1" 200 7 "-" "Java/1.5.0_21" 220 183
127.0.0.1 - - [22/May/2016:22:25:18 -0400] "GET /opensso/namingservice HTTP/1.1" 200 7 "-" "Java/1.5.0_21" 220 183
127.0.0.1 - - [22/May/2016:22:25:32 -0400] "GET /opensso/namingservice HTTP/1.1" 200 7 "-" "Java/1.5.0_21" 220 183
127.0.0.1 - - [22/May/2016:22:25:48 -0400] "GET /opensso/namingservice HTTP/1.1" 200 7 "-" "Java/1.5.0_21" 220 183
127.0.0.1 - - [22/May/2016:22:26:02 -0400] "GET /opensso/namingservice HTTP/1.1" 200 7 "-" "Java/1.5.0_21" 220 183
127.0.0.1 - - [22/May/2016:22:26:18 -0400] "GET /opensso/namingservice HTTP/1.1" 200 7 "-" "Java/1.5.0_21" 220 183
66.249.66.131 - - [22/May/2016:22:26:16 -0400] "GET /ArcGIS/rest/services/LRO_NAC_CratAbnd_16S041E_150cmp/MapServer HTTP/1.1" 200 4060 "-" "Mozilla/5.0 (compatible; Googlebot/2.1; +http://www.google.com/bot.html)" 356 4333
127.0.0.1 - - [22/May/2016:22:26:32 -0400] "GET /opensso/namingservice HTTP/1.1" 200 7 "-" "Java/1.5.0_21" 220 183
127.0.0.1 - - [22/May/2016:22:26:48 -0400] "GET /opensso/namingservice HTTP/1.1" 200 7 "-" "Java/1.5.0_21" 220 183
66.249.66.191 - - [22/May/2016:22:26:48 -0400] "GET /redmine/projects/lmmpwiki/activity?from=1984-06-21 HTTP/1.1" 200 4829 "-" "Mozilla/5.0 (compatible; Googlebot/2.1; +http://www.google.com/bot.html)" 344 5392
127.0.0.1 - - [22/May/2016:22:27:02 -0400] "GET /opensso/namingservice HTTP/1.1" 200 7 "-" "Java/1.5.0_21" 220 183
127.0.0.1 - - [22/May/2016:22:27:18 -0400] "GET /opensso/namingservice HTTP/1.1" 200 7 "-" "Java/1.5.0_21" 220 183
127.0.0.1 - - [22/May/2016:22:27:32 -0400] "GET /opensso/namingservice HTTP/1.1" 200 7 "-" "Java/1.5.0_21" 220 183
127.0.0.1 - - [22/May/2016:22:27:48 -0400] "GET /opensso/namingservice HTTP/1.1" 200 7 "-" "Java/1.5.0_21" 220 183
127.0.0.1 - - [22/May/2016:22:28:02 -0400] "GET /opensso/namingservice HTTP/1.1" 200 7 "-" "Java/1.5.0_21" 220 183
127.0.0.1 - - [22/May/2016:22:28:18 -0400] "GET /opensso/namingservice HTTP/1.1" 200 7 "-" "Java/1.5.0_21" 220 183
64.91.166.22 - - [22/May/2016:22:28:26 -0400] "GET /LMMPUI/LMMP_CLIENT/LMMP.html HTTP/1.1" 200 9400 "-" "Mozilla/5.0 (Macintosh; Intel Mac OS X 10_11_5) AppleWebKit/601.6.17 (KHTML, like Gecko)" 334 9730
64.91.166.22 - - [22/May/2016:22:28:26 -0400] "GET /apple-touch-icon-precomposed.png HTTP/1.1" 404 230 "-" "Safari/11601.6.17 CFNetwork/760.5.1 Darwin/15.5.0 (x86_64)" 311 475
64.91.166.22 - - [22/May/2016:22:28:26 -0400] "GET /favicon.ico HTTP/1.1" 404 209 "-" "Safari/11601.6.17 CFNetwork/760.5.1 Darwin/15.5.0 (x86_64)" 290 454
64.91.166.22 - - [22/May/2016:22:28:26 -0400] "GET /apple-touch-icon.png HTTP/1.1" 404 218 "-" "Safari/11601.6.17 CFNetwork/760.5.1 Darwin/15.5.0 (x86_64)" 299 462
64.91.166.22 - - [22/May/2016:22:28:26 -0400] "GET /apple-touch-icon-precomposed.png HTTP/1.1" 404 230 "-" "Safari/11601.6.17 CFNetwork/760.5.1 Darwin/15.5.0 (x86_64)" 311 474
64.91.166.22 - - [22/May/2016:22:28:26 -0400] "GET /apple-touch-icon.png HTTP/1.1" 404 218 "-" "Safari/11601.6.17 CFNetwork/760.5.1 Darwin/15.5.0 (x86_64)" 299 462
127.0.0.1 - - [22/May/2016:22:28:32 -0400] "GET /opensso/namingservice HTTP/1.1" 200 7 "-" "Java/1.5.0_21" 220 183
127.0.0.1 - - [22/May/2016:22:28:48 -0400] "GET /opensso/namingservice HTTP/1.1" 200 7 "-" "Java/1.5.0_21" 220 183
127.0.0.1 - - [22/May/2016:22:29:02 -0400] "GET /opensso/namingservice HTTP/1.1" 200 7 "-" "Java/1.5.0_21" 220 183
127.0.0.1 - - [22/May/2016:22:29:18 -0400] "GET /opensso/namingservice HTTP/1.1" 200 7 "-" "Java/1.5.0_21" 220 183
127.0.0.1 - - [22/May/2016:22:29:32 -0400] "GET /opensso/namingservice HTTP/1.1" 200 7 "-" "Java/1.5.0_21" 220 183
127.0.0.1 - - [22/May/2016:22:29:48 -0400] "GET /opensso/namingservice HTTP/1.1" 200 7 "-" "Java/1.5.0_21" 220 183
127.0.0.1 - - [22/May/2016:22:30:02 -0400] "GET /opensso/namingservice HTTP/1.1" 200 7 "-" "Java/1.5.0_21" 220 183
127.0.0.1 - - [22/May/2016:22:30:03 -0400] "POST /opensso/sessionservice HTTP/1.1" 200 2023 "-" "Java/1.5.0_21" 712 2201
127.0.0.1 - - [22/May/2016:22:30:03 -0400] "GET /opensso/identity//xml/read?name=TomcatApps1&attributes_names=realm&attributes_values_realm=%2Fappspub&attributes_names=objecttype&attributes_values_objecttype=Agent&admin=AQIC5wM2LY4SfczLG1z2I4000GJAZ3XlW1HRV1VdtWDQWw8%3D%40AAJTSQACMDE%3D%23 HTTP/1.1" 200 13607 "-" "Java/1.5.0_21" 440 13791
127.0.0.1 - - [22/May/2016:22:30:18 -0400] "GET /opensso/namingservice HTTP/1.1" 200 7 "-" "Java/1.5.0_21" 220 183
127.0.0.1 - - [22/May/2016:22:30:32 -0400] "GET /opensso/namingservice HTTP/1.1" 200 7 "-" "Java/1.5.0_21" 220 183
127.0.0.1 - - [22/May/2016:22:30:48 -0400] "GET /opensso/namingservice HTTP/1.1" 200 7 "-" "Java/1.5.0_21" 220 183
127.0.0.1 - - [22/May/2016:22:31:02 -0400] "GET /opensso/namingservice HTTP/1.1" 200 7 "-" "Java/1.5.0_21" 220 183
127.0.0.1 - - [22/May/2016:22:31:18 -0400] "GET /opensso/namingservice HTTP/1.1" 200 7 "-" "Java/1.5.0_21" 220 183
127.0.0.1 - - [22/May/2016:22:31:32 -0400] "GET /opensso/namingservice HTTP/1.1" 200 7 "-" "Java/1.5.0_21" 220 183
127.0.0.1 - - [22/May/2016:22:31:48 -0400] "GET /opensso/namingservice HTTP/1.1" 200 7 "-" "Java/1.5.0_21" 220 183
66.249.66.131 - - [22/May/2016:22:31:50 -0400] "GET /ArcGIS/rest/services/LRO_NAC_CratAbnd_16S041E_150cmp/MapServer/identify HTTP/1.1" 200 3121 "-" "Mozilla/5.0 (compatible; Googlebot/2.1; +http://www.google.com/bot.html)" 365 3377
66.249.66.131 - - [22/May/2016:22:31:51 -0400] "GET /redmine/projects/lmmpwiki/activity?from=1984-07-21 HTTP/1.1" 200 4829 "-" "Mozilla/5.0 (compatible; Googlebot/2.1; +http://www.google.com/bot.html)" 344 5390
127.0.0.1 - - [22/May/2016:22:32:02 -0400] "GET /opensso/namingservice HTTP/1.1" 200 7 "-" "Java/1.5.0_21" 220 183
127.0.0.1 - - [22/May/2016:22:32:18 -0400] "GET /opensso/namingservice HTTP/1.1" 200 7 "-" "Java/1.5.0_21" 220 183
66.249.66.131 - - [22/May/2016:22:32:19 -0400] "GET /ArcGIS/rest/services/LRO_NAC_RockAbnd_53N354E_150cmp/MapServer HTTP/1.1" 200 4061 "-" "Mozilla/5.0 (compatible; Googlebot/2.1; +http://www.google.com/bot.html)" 356 4334
127.0.0.1 - - [22/May/2016:22:32:32 -0400] "GET /opensso/namingservice HTTP/1.1" 200 7 "-" "Java/1.5.0_21" 220 183
127.0.0.1 - - [22/May/2016:22:32:48 -0400] "GET /opensso/namingservice HTTP/1.1" 200 7 "-" "Java/1.5.0_21" 220 183
127.0.0.1 - - [22/May/2016:22:33:02 -0400] "GET /opensso/namingservice HTTP/1.1" 200 7 "-" "Java/1.5.0_21" 220 183
127.0.0.1 - - [22/May/2016:22:33:18 -0400] "GET /opensso/namingservice HTTP/1.1" 200 7 "-" "Java/1.5.0_21" 220 183
127.0.0.1 - - [22/May/2016:22:33:32 -0400] "GET /opensso/namingservice HTTP/1.1" 200 7 "-" "Java/1.5.0_21" 220 183
127.0.0.1 - - [22/May/2016:22:33:48 -0400] "GET /opensso/namingservice HTTP/1.1" 200 7 "-" "Java/1.5.0_21" 220 183
127.0.0.1 - - [22/May/2016:22:34:02 -0400] "GET /opensso/namingservice HTTP/1.1" 200 7 "-" "Java/1.5.0_21" 220 183
127.0.0.1 - - [22/May/2016:22:34:18 -0400] "GET /opensso/namingservice HTTP/1.1" 200 7 "-" "Java/1.5.0_21" 220 183
180.76.15.144 - - [22/May/2016:22:34:25 -0400] "GET / HTTP/1.1" 302 237 "-" "Mozilla/5.0 (compatible; Baiduspider/2.0; +http://www.baidu.com/search/spider.html)" 183 506
127.0.0.1 - - [22/May/2016:22:34:32 -0400] "GET /opensso/namingservice HTTP/1.1" 200 7 "-" "Java/1.5.0_21" 220 183
127.0.0.1 - - [22/May/2016:22:34:48 -0400] "POST /opensso/sessionservice HTTP/1.1" 200 2025 "-" "Java/1.5.0_21" 714 2203
127.0.0.1 - - [22/May/2016:22:34:48 -0400] "GET /opensso/identity//xml/read?name=TomcatApps3&attributes_names=realm&attributes_values_realm=%2Fappspub&attributes_names=objecttype&attributes_values_objecttype=Agent&admin=AQIC5wM2LY4SfcyTwfU2dauKfacz7ZPzIEJ3zYu%2B422CFkk%3D%40AAJTSQACMDE%3D%23 HTTP/1.1" 200 13732 "-" "Java/1.5.0_21" 442 13916
127.0.0.1 - - [22/May/2016:22:34:48 -0400] "GET /opensso/namingservice HTTP/1.1" 200 7 "-" "Java/1.5.0_21" 220 182
127.0.0.1 - - [22/May/2016:22:35:02 -0400] "GET /opensso/namingservice HTTP/1.1" 200 7 "-" "Java/1.5.0_21" 220 183
180.76.15.144 - - [22/May/2016:22:35:16 -0400] "GET / HTTP/1.1" 302 237 "-" "Mozilla/5.0 (compatible; Baiduspider/2.0; +http://www.baidu.com/search/spider.html)" 183 506
127.0.0.1 - - [22/May/2016:22:35:18 -0400] "GET /opensso/namingservice HTTP/1.1" 200 7 "-" "Java/1.5.0_21" 220 183
127.0.0.1 - - [22/May/2016:22:35:32 -0400] "GET /opensso/namingservice HTTP/1.1" 200 7 "-" "Java/1.5.0_21" 220 183
127.0.0.1 - - [22/May/2016:22:35:48 -0400] "GET /opensso/namingservice HTTP/1.1" 200 7 "-" "Java/1.5.0_21" 220 183
127.0.0.1 - - [22/May/2016:22:36:02 -0400] "GET /opensso/namingservice HTTP/1.1" 200 7 "-" "Java/1.5.0_21" 220 183
127.0.0.1 - - [22/May/2016:22:36:18 -0400] "GET /opensso/namingservice HTTP/1.1" 200 7 "-" "Java/1.5.0_21" 220 183
127.0.0.1 - - [22/May/2016:22:36:32 -0400] "GET /opensso/namingservice HTTP/1.1" 200 7 "-" "Java/1.5.0_21" 220 183
66.249.66.131 - - [22/May/2016:22:36:33 -0400] "GET /redmine/projects/lmmpwiki/activity?from=1984-08-20 HTTP/1.1" 200 4829 "-" "Mozilla/5.0 (compatible; Googlebot/2.1; +http://www.google.com/bot.html)" 344 5391
66.249.66.188 - - [22/May/2016:22:36:34 -0400] "GET /ArcGIS/rest/services/LRO_NAC_CratAbnd_16S041E_150cmp/MapServer/identify?f=help HTTP/1.1" 302 177 "-" "Mozilla/5.0 (compatible; Googlebot/2.1; +http://www.google.com/bot.html)" 372 512
66.249.66.188 - - [22/May/2016:22:36:34 -0400] "GET /arcgis/SDK/REST/index.html?identify.html HTTP/1.1" 200 1019 "-" "Mozilla/5.0 (compatible; Googlebot/2.1; +http://www.google.com/bot.html)" 334 1353
66.249.66.191 - - [22/May/2016:22:36:46 -0400] "GET /arcgis/SDK/REST/jsdoc.css HTTP/1.1" 200 6872 "http://pub.lmmp.nasa.gov/arcgis/SDK/REST/index.html?identify.html" "Mozilla/5.0 (compatible; Googlebot/2.1; +http://www.google.com/bot.html)" 375 7206
127.0.0.1 - - [22/May/2016:22:36:48 -0400] "GET /opensso/namingservice HTTP/1.1" 200 7 "-" "Java/1.5.0_21" 220 183
66.249.66.188 - - [22/May/2016:22:36:48 -0400] "GET /arcgis/SDK/REST/identify.html HTTP/1.1" 200 18180 "http://pub.lmmp.nasa.gov/arcgis/SDK/REST/index.html?identify.html" "Mozilla/5.0 (compatible; Googlebot/2.1; +http://www.google.com/bot.html)" 424 18514
127.0.0.1 - - [22/May/2016:22:37:02 -0400] "GET /opensso/namingservice HTTP/1.1" 200 7 "-" "Java/1.5.0_21" 220 183
127.0.0.1 - - [22/May/2016:22:37:18 -0400] "GET /opensso/namingservice HTTP/1.1" 200 7 "-" "Java/1.5.0_21" 220 183
127.0.0.1 - - [22/May/2016:22:37:32 -0400] "GET /opensso/namingservice HTTP/1.1" 200 7 "-" "Java/1.5.0_21" 220 183
127.0.0.1 - - [22/May/2016:22:37:48 -0400] "GET /opensso/namingservice HTTP/1.1" 200 7 "-" "Java/1.5.0_21" 220 183
127.0.0.1 - - [22/May/2016:22:38:02 -0400] "GET /opensso/namingservice HTTP/1.1" 200 7 "-" "Java/1.5.0_21" 220 183
127.0.0.1 - - [22/May/2016:22:38:18 -0400] "GET /opensso/namingservice HTTP/1.1" 200 7 "-" "Java/1.5.0_21" 220 183
127.0.0.1 - - [22/May/2016:22:38:32 -0400] "GET /opensso/namingservice HTTP/1.1" 200 7 "-" "Java/1.5.0_21" 220 183
65.95.180.67 - - [22/May/2016:22:38:32 -0400] "GET /arcgis/rest/services/CombinedNomenclature/MapServer?f=json HTTP/1.1" 200 807 "-" "ArcGIS.Android-10.2.3/5.1.1/SAMSUNG-SM-G903W" 206 1103
127.0.0.1 - - [22/May/2016:22:38:48 -0400] "GET /opensso/namingservice HTTP/1.1" 200 7 "-" "Java/1.5.0_21" 220 183
127.0.0.1 - - [22/May/2016:22:39:02 -0400] "GET /opensso/namingservice HTTP/1.1" 200 7 "-" "Java/1.5.0_21" 220 183
127.0.0.1 - - [22/May/2016:22:39:18 -0400] "GET /opensso/namingservice HTTP/1.1" 200 7 "-" "Java/1.5.0_21" 220 183
127.0.0.1 - - [22/May/2016:22:39:32 -0400] "GET /opensso/namingservice HTTP/1.1" 200 7 "-" "Java/1.5.0_21" 220 183
68.180.231.40 - - [22/May/2016:22:39:43 -0400] "GET /LMMPUI/LMMP_CLIENT/LMMP.html HTTP/1.1" 200 9400 "-" "Mozilla/5.0 (compatible; Yahoo! Slurp; http://help.yahoo.com/help/us/ysearch/slurp)" 181 9674
68.180.230.226 - - [22/May/2016:22:39:44 -0400] "GET /robots.txt HTTP/1.1" 404 208 "-" "Mozilla/5.0 (compatible; Yahoo! Slurp; http://help.yahoo.com/help/us/ysearch/slurp)" 163 397
68.180.230.226 - - [22/May/2016:22:39:44 -0400] "GET /LMMPUI/LMMP_CLIENT/LMMP.html HTTP/1.1" 200 9400 "-" "Mozilla/5.0 (compatible; Yahoo! Slurp; http://help.yahoo.com/help/us/ysearch/slurp)" 204 9674
127.0.0.1 - - [22/May/2016:22:39:48 -0400] "GET /opensso/namingservice HTTP/1.1" 200 7 "-" "Java/1.5.0_21" 220 183
127.0.0.1 - - [22/May/2016:22:40:02 -0400] "GET /opensso/namingservice HTTP/1.1" 200 7 "-" "Java/1.5.0_21" 220 183
127.0.0.1 - - [22/May/2016:22:40:18 -0400] "GET /opensso/namingservice HTTP/1.1" 200 7 "-" "Java/1.5.0_21" 220 183
127.0.0.1 - - [22/May/2016:22:40:32 -0400] "GET /opensso/namingservice HTTP/1.1" 200 7 "-" "Java/1.5.0_21" 220 183
127.0.0.1 - - [22/May/2016:22:40:48 -0400] "GET /opensso/namingservice HTTP/1.1" 200 7 "-" "Java/1.5.0_21" 220 183
127.0.0.1 - - [22/May/2016:22:41:02 -0400] "GET /opensso/namingservice HTTP/1.1" 200 7 "-" "Java/1.5.0_21" 220 183
127.0.0.1 - - [22/May/2016:22:41:18 -0400] "GET /opensso/namingservice HTTP/1.1" 200 7 "-" "Java/1.5.0_21" 220 183
127.0.0.1 - - [22/May/2016:22:41:32 -0400] "GET /opensso/namingservice HTTP/1.1" 200 7 "-" "Java/1.5.0_21" 220 183
66.249.66.188 - - [22/May/2016:22:41:33 -0400] "GET /redmine/projects/lmmpwiki/activity?from=1984-09-19 HTTP/1.1" 200 4829 "-" "Mozilla/5.0 (compatible; Googlebot/2.1; +http://www.google.com/bot.html)" 344 5391
127.0.0.1 - - [22/May/2016:22:41:48 -0400] "GET /opensso/namingservice HTTP/1.1" 200 7 "-" "Java/1.5.0_21" 220 183
127.0.0.1 - - [22/May/2016:22:42:02 -0400] "GET /opensso/namingservice HTTP/1.1" 200 7 "-" "Java/1.5.0_21" 220 183
174.61.232.109 - - [22/May/2016:22:42:08 -0400] "GET /lmmpmobile/config-1.0.json HTTP/1.1" 200 1338 "-" "Moon%20Tours/1.0.0 CFNetwork/758.3.15 Darwin/15.4.0" 218 1666
174.61.232.109 - - [22/May/2016:22:42:08 -0400] "GET /opensso/identity/isTokenValid HTTP/1.1" 200 14 "-" "Moon%20Tours/1.0.0 CFNetwork/758.3.15 Darwin/15.4.0" 230 171
174.61.232.109 - - [22/May/2016:22:42:08 -0400] "GET /opensso/UI/Login?module=Anonymous&org=appspub&goto=http%3A%2F%2Fpub.lmmp.nasa.gov%2Flmmpmobile%2Frefresh HTTP/1.1" 302 - "-" "Moon%20Tours/1.0.0 CFNetwork/758.3.15 Darwin/15.4.0" 305 932
174.61.232.109 - - [22/May/2016:22:42:09 -0400] "GET /lmmpmobile/refresh?iPlanetDirectoryPro=AQIC5wM2LY4SfcyL6mpZC3N1ydJwU0wybbteF%2FfhWAsq0Bw%3D%40AAJTSQACMDE%3D%23 HTTP/1.1" 200 - "-" "Moon%20Tours/1.0.0 CFNetwork/758.3.15 Darwin/15.4.0" 421 316
174.61.232.109 - - [22/May/2016:22:42:09 -0400] "GET /lmmpmobile/bookmarks-1.0.2.json HTTP/1.1" 200 11401 "-" "Moon%20Tours/1.0.0 CFNetwork/758.3.15 Darwin/15.4.0" 332 11730
174.61.232.109 - - [22/May/2016:22:42:09 -0400] "GET /lmmpmobile/pages/about-1.0.2.html HTTP/1.1" 200 2716 "-" "Moon%20Tours/1.0.0 CFNetwork/758.3.15 Darwin/15.4.0" 334 3037
174.61.232.109 - - [22/May/2016:22:42:09 -0400] "GET /lmmpmobile/pages/glossary-1.0.2.html HTTP/1.1" 200 4306 "-" "Moon%20Tours/1.0.0 CFNetwork/758.3.15 Darwin/15.4.0" 337 4628
174.61.232.109 - - [22/May/2016:22:42:09 -0400] "GET /lmmpmobile/pages/help-1.0.2.html HTTP/1.1" 200 6781 "-" "Moon%20Tours/1.0.0 CFNetwork/758.3.15 Darwin/15.4.0" 333 7103
174.61.232.109 - - [22/May/2016:22:42:10 -0400] "GET /arcgis/rest/services/CombinedNomenclature/MapServer?f=json HTTP/1.1" 200 807 "arcgisios" "ArcGISiOS-2.3.2/9.3.1/iPad4,1" 366 1102
174.61.232.109 - - [22/May/2016:22:42:10 -0400] "GET /arcgis/rest/services/ERGraticule/MapServer?f=json HTTP/1.1" 200 701 "arcgisios" "ArcGISiOS-2.3.2/9.3.1/iPad4,1" 357 996
127.0.0.1 - - [22/May/2016:22:42:18 -0400] "GET /opensso/namingservice HTTP/1.1" 200 7 "-" "Java/1.5.0_21" 220 183
65.95.180.67 - - [22/May/2016:22:42:18 -0400] "GET /arcgis/rest/services/CombinedNomenclature/MapServer/export?f=image&bbox=-191.98857037981253%2C-191.5873015873016%2C-77.55310982459754%2C11.757373123288346&bboxSR=104903&size=529%2C940&format=png&transparent=true&dpi=213&imageSR=104903&layers=hide%3A-1 HTTP/1.1" 200 371 "-" "ArcGIS.Android-10.2.3/5.1.1/SAMSUNG-SM-G903W" 399 659
127.0.0.1 - - [22/May/2016:22:42:32 -0400] "GET /opensso/namingservice HTTP/1.1" 200 7 "-" "Java/1.5.0_21" 220 183
127.0.0.1 - - [22/May/2016:22:42:48 -0400] "GET /opensso/namingservice HTTP/1.1" 200 7 "-" "Java/1.5.0_21" 220 183
127.0.0.1 - - [22/May/2016:22:43:02 -0400] "GET /opensso/namingservice HTTP/1.1" 200 7 "-" "Java/1.5.0_21" 220 183
127.0.0.1 - - [22/May/2016:22:43:18 -0400] "GET /opensso/namingservice HTTP/1.1" 200 7 "-" "Java/1.5.0_21" 220 183
127.0.0.1 - - [22/May/2016:22:43:32 -0400] "GET /opensso/namingservice HTTP/1.1" 200 7 "-" "Java/1.5.0_21" 220 183
127.0.0.1 - - [22/May/2016:22:43:48 -0400] "GET /opensso/namingservice HTTP/1.1" 200 7 "-" "Java/1.5.0_21" 220 183
127.0.0.1 - - [22/May/2016:22:44:02 -0400] "GET /opensso/namingservice HTTP/1.1" 200 7 "-" "Java/1.5.0_21" 220 183
127.0.0.1 - - [22/May/2016:22:44:18 -0400] "GET /opensso/namingservice HTTP/1.1" 200 7 "-" "Java/1.5.0_21" 220 183
127.0.0.1 - - [22/May/2016:22:44:32 -0400] "GET /opensso/namingservice HTTP/1.1" 200 7 "-" "Java/1.5.0_21" 220 183
66.249.66.131 - - [22/May/2016:22:44:37 -0400] "GET /ArcGIS/rest/services/LRO_NAC_RockAbndHaz_02S167E_150cmp/MapServer?f=json&pretty=true HTTP/1.1" 200 666 "-" "Mozilla/5.0 (compatible; Googlebot/2.1; +http://www.google.com/bot.html)" 378 963
127.0.0.1 - - [22/May/2016:22:44:48 -0400] "GET /opensso/namingservice HTTP/1.1" 200 7 "-" "Java/1.5.0_21" 220 183
127.0.0.1 - - [22/May/2016:22:45:02 -0400] "GET /opensso/namingservice HTTP/1.1" 200 7 "-" "Java/1.5.0_21" 220 183
127.0.0.1 - - [22/May/2016:22:45:18 -0400] "GET /opensso/namingservice HTTP/1.1" 200 7 "-" "Java/1.5.0_21" 220 183
127.0.0.1 - - [22/May/2016:22:45:32 -0400] "GET /opensso/namingservice HTTP/1.1" 200 7 "-" "Java/1.5.0_21" 220 183
127.0.0.1 - - [22/May/2016:22:45:48 -0400] "GET /opensso/namingservice HTTP/1.1" 200 7 "-" "Java/1.5.0_21" 220 183
127.0.0.1 - - [22/May/2016:22:46:02 -0400] "GET /opensso/namingservice HTTP/1.1" 200 7 "-" "Java/1.5.0_21" 220 183
127.0.0.1 - - [22/May/2016:22:46:18 -0400] "GET /opensso/namingservice HTTP/1.1" 200 7 "-" "Java/1.5.0_21" 220 183
66.249.66.131 - - [22/May/2016:22:46:31 -0400] "GET /redmine/projects/lmmpwiki/activity?from=1984-10-19 HTTP/1.1" 200 4829 "-" "Mozilla/5.0 (compatible; Googlebot/2.1; +http://www.google.com/bot.html)" 344 5391
127.0.0.1 - - [22/May/2016:22:46:32 -0400] "GET /opensso/namingservice HTTP/1.1" 200 7 "-" "Java/1.5.0_21" 220 183
1.39.35.250 - - [22/May/2016:22:46:39 -0400] "GET /arcgis/rest/services/CombinedNomenclature/MapServer?f=json HTTP/1.1" 200 807 "-" "ArcGIS.Android-10.2.3/4.4.2/XOLO-Q1000-OPUS" 235 1103
127.0.0.1 - - [22/May/2016:22:46:48 -0400] "GET /opensso/namingservice HTTP/1.1" 200 7 "-" "Java/1.5.0_21" 220 183
127.0.0.1 - - [22/May/2016:22:47:02 -0400] "GET /opensso/namingservice HTTP/1.1" 200 7 "-" "Java/1.5.0_21" 220 183
127.0.0.1 - - [22/May/2016:22:47:18 -0400] "GET /opensso/namingservice HTTP/1.1" 200 7 "-" "Java/1.5.0_21" 220 183
127.0.0.1 - - [22/May/2016:22:47:32 -0400] "GET /opensso/namingservice HTTP/1.1" 200 7 "-" "Java/1.5.0_21" 220 183
127.0.0.1 - - [22/May/2016:22:47:48 -0400] "GET /opensso/namingservice HTTP/1.1" 200 7 "-" "Java/1.5.0_21" 220 183
127.0.0.1 - - [22/May/2016:22:48:02 -0400] "GET /opensso/namingservice HTTP/1.1" 200 7 "-" "Java/1.5.0_21" 220 183
65.95.180.67 - - [22/May/2016:22:48:11 -0400] "GET /opensso/UI/Login?module=Anonymous&org=appspub&goto=https://pub.lmmp.nasa.gov/LMMP/rest/dbxml/fgdc/abstract?label=Apollo15_PanCam_Shade_19S129E_5mp HTTP/1.1" 302 - "-" "Dalvik/2.1.0 (Linux; U; Android 5.1.1; SM-G903W Build/LMY47X)" 311 985
127.0.0.1 - - [22/May/2016:22:48:12 -0400] "POST /opensso/sessionservice HTTP/1.1" 200 2401 "-" "Java/1.5.0_21" 819 2579
127.0.0.1 - - [22/May/2016:22:48:12 -0400] "POST /opensso/sessionservice HTTP/1.1" 200 273 "-" "Java/1.5.0_21" 885 450
127.0.0.1 - - [22/May/2016:22:48:12 -0400] "POST /opensso/sessionservice HTTP/1.1" 200 2342 "-" "Java/1.5.0_21" 819 2519
127.0.0.1 - - [22/May/2016:22:48:12 -0400] "POST /opensso/policyservice HTTP/1.1" 200 9464 "-" "Java/1.5.0_21" 1118 9649
127.0.0.1 - - [22/May/2016:22:48:12 -0400] "POST /opensso/jaxrpc/SMSObjectIF HTTP/1.1" 200 505 "-" "Java/1.5.0_21" 847 766
127.0.0.1 - - [22/May/2016:22:48:12 -0400] "POST /opensso/jaxrpc/DirectoryManagerIF HTTP/1.1" 200 1290 "-" "Java/1.5.0_21" 1366 1551
65.95.180.67 - - [22/May/2016:22:48:12 -0400] "GET /LMMP/rest/dbxml/fgdc/abstract?label=Apollo15_PanCam_Shade_19S129E_5mp&iPlanetDirectoryPro=AQIC5wM2LY4Sfcwx%2FWqHewnnqv6ozfA79PeC7GNEvlBN8yw%3D%40AAJTSQACMDE%3D%23 HTTP/1.1" 200 468 "-" "Dalvik/2.1.0 (Linux; U; Android 5.1.1; SM-G903W Build/LMY47X)" 752 5020
127.0.0.1 - - [22/May/2016:22:48:18 -0400] "GET /opensso/namingservice HTTP/1.1" 200 7 "-" "Java/1.5.0_21" 220 183
127.0.0.1 - - [22/May/2016:22:48:32 -0400] "GET /opensso/namingservice HTTP/1.1" 200 7 "-" "Java/1.5.0_21" 220 183
127.0.0.1 - - [22/May/2016:22:48:48 -0400] "GET /opensso/namingservice HTTP/1.1" 200 7 "-" "Java/1.5.0_21" 220 183
127.0.0.1 - - [22/May/2016:22:49:02 -0400] "GET /opensso/namingservice HTTP/1.1" 200 7 "-" "Java/1.5.0_21" 220 183
65.95.180.67 - - [22/May/2016:22:49:07 -0400] "GET /arcgis/rest/services/ERGraticule/MapServer?f=json HTTP/1.1" 200 701 "-" "ArcGIS.Android-10.2.3/5.1.1/SAMSUNG-SM-G903W" 197 997
1.39.35.250 - - [22/May/2016:22:49:07 -0400] "GET /opensso/UI/Login?module=Anonymous&org=appspub&goto=https://pub.lmmp.nasa.gov/LMMP/rest/dbxml/fgdc/legend/stream?label=LRO_NAC_ClrShade_43S349E_150cmp HTTP/1.1" 302 - "-" "Dalvik/1.6.0 (Linux; U; Android 4.4.2; Q1000 Opus Build/KOT49H)" 346 990
127.0.0.1 - - [22/May/2016:22:49:11 -0400] "POST /opensso/sessionservice HTTP/1.1" 200 2406 "-" "Java/1.5.0_21" 819 2584
127.0.0.1 - - [22/May/2016:22:49:11 -0400] "POST /opensso/sessionservice HTTP/1.1" 200 273 "-" "Java/1.5.0_21" 885 450
127.0.0.1 - - [22/May/2016:22:49:11 -0400] "POST /opensso/policyservice HTTP/1.1" 200 9464 "-" "Java/1.5.0_21" 1116 9649
127.0.0.1 - - [22/May/2016:22:49:11 -0400] "POST /opensso/jaxrpc/SMSObjectIF HTTP/1.1" 200 505 "-" "Java/1.5.0_21" 847 766
127.0.0.1 - - [22/May/2016:22:49:12 -0400] "POST /opensso/jaxrpc/DirectoryManagerIF HTTP/1.1" 200 1290 "-" "Java/1.5.0_21" 1366 1551
127.0.0.1 - - [22/May/2016:22:49:12 -0400] "POST /opensso/jaxrpc/SMSObjectIF HTTP/1.1" 200 505 "-" "Java/1.5.0_21" 847 766
1.39.35.250 - - [22/May/2016:22:49:11 -0400] "GET /LMMP/rest/dbxml/fgdc/legend/stream?label=LRO_NAC_ClrShade_43S349E_150cmp&iPlanetDirectoryPro=AQIC5wM2LY4SfcyF10mPgeBS%2F%2B4eWxOUKFNjOXAi2DVt7og%3D%40AAJTSQACMDE%3D%23 HTTP/1.1" 200 4060 "-" "Dalvik/1.6.0 (Linux; U; Android 4.4.2; Q1000 Opus Build/KOT49H)" 879 8110
127.0.0.1 - - [22/May/2016:22:49:12 -0400] "POST /opensso/jaxrpc/DirectoryManagerIF HTTP/1.1" 200 1290 "-" "Java/1.5.0_21" 1366 1551
127.0.0.1 - - [22/May/2016:22:49:18 -0400] "GET /opensso/namingservice HTTP/1.1" 200 7 "-" "Java/1.5.0_21" 220 183
127.0.0.1 - - [22/May/2016:22:49:32 -0400] "GET /opensso/namingservice HTTP/1.1" 200 7 "-" "Java/1.5.0_21" 220 183
66.249.66.131 - - [22/May/2016:22:49:32 -0400] "GET /ArcGIS/rest/services/LRO_LOLA_Shade_SPole875_5mp_v04/MapServer/tile/2/0/0 HTTP/1.1" 200 254 "-" "Mozilla/5.0 (compatible; Googlebot/2.1; +http://www.google.com/bot.html)" 367 557
127.0.0.1 - - [22/May/2016:22:49:48 -0400] "GET /opensso/namingservice HTTP/1.1" 200 7 "-" "Java/1.5.0_21" 220 183
127.0.0.1 - - [22/May/2016:22:50:02 -0400] "GET /opensso/namingservice HTTP/1.1" 200 7 "-" "Java/1.5.0_21" 220 183
127.0.0.1 - - [22/May/2016:22:50:18 -0400] "GET /opensso/namingservice HTTP/1.1" 200 7 "-" "Java/1.5.0_21" 220 183
127.0.0.1 - - [22/May/2016:22:50:32 -0400] "GET /opensso/namingservice HTTP/1.1" 200 7 "-" "Java/1.5.0_21" 220 183
127.0.0.1 - - [22/May/2016:22:50:48 -0400] "GET /opensso/namingservice HTTP/1.1" 200 7 "-" "Java/1.5.0_21" 220 183
127.0.0.1 - - [22/May/2016:22:51:02 -0400] "GET /opensso/namingservice HTTP/1.1" 200 7 "-" "Java/1.5.0_21" 220 183
127.0.0.1 - - [22/May/2016:22:51:18 -0400] "GET /opensso/namingservice HTTP/1.1" 200 7 "-" "Java/1.5.0_21" 220 183
127.0.0.1 - - [22/May/2016:22:51:32 -0400] "GET /opensso/namingservice HTTP/1.1" 200 7 "-" "Java/1.5.0_21" 220 183
127.0.0.1 - - [22/May/2016:22:51:48 -0400] "GET /opensso/namingservice HTTP/1.1" 200 7 "-" "Java/1.5.0_21" 220 183
66.249.66.131 - - [22/May/2016:22:51:50 -0400] "GET /redmine/projects/lmmpwiki/activity?from=1984-11-18 HTTP/1.1" 200 4829 "-" "Mozilla/5.0 (compatible; Googlebot/2.1; +http://www.google.com/bot.html)" 344 5391
127.0.0.1 - - [22/May/2016:22:52:02 -0400] "GET /opensso/namingservice HTTP/1.1" 200 7 "-" "Java/1.5.0_21" 220 183
127.0.0.1 - - [22/May/2016:22:52:18 -0400] "GET /opensso/namingservice HTTP/1.1" 200 7 "-" "Java/1.5.0_21" 220 183
127.0.0.1 - - [22/May/2016:22:52:32 -0400] "GET /opensso/namingservice HTTP/1.1" 200 7 "-" "Java/1.5.0_21" 220 183
127.0.0.1 - - [22/May/2016:22:52:48 -0400] "GET /opensso/namingservice HTTP/1.1" 200 7 "-" "Java/1.5.0_21" 220 183
127.0.0.1 - - [22/May/2016:22:53:02 -0400] "GET /opensso/namingservice HTTP/1.1" 200 7 "-" "Java/1.5.0_21" 220 183
127.0.0.1 - - [22/May/2016:22:53:18 -0400] "GET /opensso/namingservice HTTP/1.1" 200 7 "-" "Java/1.5.0_21" 220 183
127.0.0.1 - - [22/May/2016:22:53:32 -0400] "GET /opensso/namingservice HTTP/1.1" 200 7 "-" "Java/1.5.0_21" 220 183
127.0.0.1 - - [22/May/2016:22:53:48 -0400] "GET /opensso/namingservice HTTP/1.1" 200 7 "-" "Java/1.5.0_21" 220 183
127.0.0.1 - - [22/May/2016:22:54:02 -0400] "GET /opensso/namingservice HTTP/1.1" 200 7 "-" "Java/1.5.0_21" 220 183
127.0.0.1 - - [22/May/2016:22:54:18 -0400] "GET /opensso/namingservice HTTP/1.1" 200 7 "-" "Java/1.5.0_21" 220 183
127.0.0.1 - - [22/May/2016:22:54:32 -0400] "GET /opensso/namingservice HTTP/1.1" 200 7 "-" "Java/1.5.0_21" 220 183
127.0.0.1 - - [22/May/2016:22:54:48 -0400] "GET /opensso/namingservice HTTP/1.1" 200 7 "-" "Java/1.5.0_21" 220 183
127.0.0.1 - - [22/May/2016:22:55:02 -0400] "GET /opensso/namingservice HTTP/1.1" 200 7 "-" "Java/1.5.0_21" 220 183
127.0.0.1 - - [22/May/2016:22:55:18 -0400] "GET /opensso/namingservice HTTP/1.1" 200 7 "-" "Java/1.5.0_21" 220 183
127.0.0.1 - - [22/May/2016:22:55:32 -0400] "GET /opensso/namingservice HTTP/1.1" 200 7 "-" "Java/1.5.0_21" 220 183
127.0.0.1 - - [22/May/2016:22:55:48 -0400] "GET /opensso/namingservice HTTP/1.1" 200 7 "-" "Java/1.5.0_21" 220 183
127.0.0.1 - - [22/May/2016:22:56:02 -0400] "GET /opensso/namingservice HTTP/1.1" 200 7 "-" "Java/1.5.0_21" 220 183
127.0.0.1 - - [22/May/2016:22:56:18 -0400] "GET /opensso/namingservice HTTP/1.1" 200 7 "-" "Java/1.5.0_21" 220 183
66.249.66.131 - - [22/May/2016:22:56:31 -0400] "GET /redmine/projects/lmmpwiki/activity?from=1984-12-18 HTTP/1.1" 200 4829 "-" "Mozilla/5.0 (compatible; Googlebot/2.1; +http://www.google.com/bot.html)" 344 5391
127.0.0.1 - - [22/May/2016:22:56:32 -0400] "GET /opensso/namingservice HTTP/1.1" 200 7 "-" "Java/1.5.0_21" 220 183
207.244.76.204 - - [22/May/2016:22:56:42 -0400] "GET /a2billing/ HTTP/1.1" 404 208 "-" "python-requests/2.9.1" 564 4558
127.0.0.1 - - [22/May/2016:22:56:48 -0400] "GET /opensso/namingservice HTTP/1.1" 200 7 "-" "Java/1.5.0_21" 220 183
66.249.66.188 - - [22/May/2016:22:56:56 -0400] "GET /ArcGIS/rest/services/LRO_NAC_RockDenHaz_10N058E_150cmp/MapServer/kml/mapImage.kmz HTTP/1.1" 200 947 "-" "Mozilla/5.0 (compatible; Googlebot/2.1; +http://www.google.com/bot.html)" 375 1317
127.0.0.1 - - [22/May/2016:22:57:02 -0400] "GET /opensso/namingservice HTTP/1.1" 200 7 "-" "Java/1.5.0_21" 220 183
127.0.0.1 - - [22/May/2016:22:57:18 -0400] "GET /opensso/namingservice HTTP/1.1" 200 7 "-" "Java/1.5.0_21" 220 183
127.0.0.1 - - [22/May/2016:22:57:32 -0400] "GET /opensso/namingservice HTTP/1.1" 200 7 "-" "Java/1.5.0_21" 220 183
127.0.0.1 - - [22/May/2016:22:57:48 -0400] "GET /opensso/namingservice HTTP/1.1" 200 7 "-" "Java/1.5.0_21" 220 183
127.0.0.1 - - [22/May/2016:22:58:02 -0400] "GET /opensso/namingservice HTTP/1.1" 200 7 "-" "Java/1.5.0_21" 220 183
127.0.0.1 - - [22/May/2016:22:58:18 -0400] "GET /opensso/namingservice HTTP/1.1" 200 7 "-" "Java/1.5.0_21" 220 183
127.0.0.1 - - [22/May/2016:22:58:32 -0400] "GET /opensso/namingservice HTTP/1.1" 200 7 "-" "Java/1.5.0_21" 220 183
127.0.0.1 - - [22/May/2016:22:58:48 -0400] "GET /opensso/namingservice HTTP/1.1" 200 7 "-" "Java/1.5.0_21" 220 183
127.0.0.1 - - [22/May/2016:22:59:02 -0400] "GET /opensso/namingservice HTTP/1.1" 200 7 "-" "Java/1.5.0_21" 220 183
127.0.0.1 - - [22/May/2016:22:59:18 -0400] "GET /opensso/namingservice HTTP/1.1" 200 7 "-" "Java/1.5.0_21" 220 183
127.0.0.1 - - [22/May/2016:22:59:32 -0400] "GET /opensso/namingservice HTTP/1.1" 200 7 "-" "Java/1.5.0_21" 220 183
127.0.0.1 - - [22/May/2016:22:59:48 -0400] "GET /opensso/namingservice HTTP/1.1" 200 7 "-" "Java/1.5.0_21" 220 183
66.249.66.188 - - [22/May/2016:22:59:57 -0400] "GET /ArcGIS/rest/services/LRO_NAC_RockAbnd_53N354E_150cmp/MapServer/0?f=json&pretty=true HTTP/1.1" 200 557 "-" "Mozilla/5.0 (compatible; Googlebot/2.1; +http://www.google.com/bot.html)" 377 853
127.0.0.1 - - [22/May/2016:23:00:02 -0400] "GET /opensso/namingservice HTTP/1.1" 200 7 "-" "Java/1.5.0_21" 220 183
184.160.161.226 - - [22/May/2016:23:00:05 -0400] "GET /lmmpmobile/config-1.0.json HTTP/1.1" 200 1338 "-" "Moon%20Tours/1.0.0 CFNetwork/758.4.3 Darwin/15.5.0" 217 1666
184.160.161.226 - - [22/May/2016:23:00:05 -0400] "GET /opensso/identity/isTokenValid HTTP/1.1" 200 14 "-" "Moon%20Tours/1.0.0 CFNetwork/758.4.3 Darwin/15.5.0" 229 172
184.160.161.226 - - [22/May/2016:23:00:05 -0400] "GET /opensso/UI/Login?module=Anonymous&org=appspub&goto=http%3A%2F%2Fpub.lmmp.nasa.gov%2Flmmpmobile%2Frefresh HTTP/1.1" 302 - "-" "Moon%20Tours/1.0.0 CFNetwork/758.4.3 Darwin/15.5.0" 304 934
184.160.161.226 - - [22/May/2016:23:00:05 -0400] "GET /lmmpmobile/refresh?iPlanetDirectoryPro=AQIC5wM2LY4Sfcw8nxY%2BeZxI4ygqcsFUudFzZYPjJa%2BPf3Y%3D%40AAJTSQACMDE%3D%23 HTTP/1.1" 200 - "-" "Moon%20Tours/1.0.0 CFNetwork/758.4.3 Darwin/15.5.0" 422 316
184.160.161.226 - - [22/May/2016:23:00:06 -0400] "GET /lmmpmobile/bookmarks-1.0.2.json HTTP/1.1" 200 11401 "-" "Moon%20Tours/1.0.0 CFNetwork/758.4.3 Darwin/15.5.0" 331 11730
184.160.161.226 - - [22/May/2016:23:00:06 -0400] "GET /lmmpmobile/pages/about-1.0.2.html HTTP/1.1" 200 2716 "-" "Moon%20Tours/1.0.0 CFNetwork/758.4.3 Darwin/15.5.0" 333 3036
184.160.161.226 - - [22/May/2016:23:00:06 -0400] "GET /lmmpmobile/pages/glossary-1.0.2.html HTTP/1.1" 200 4306 "-" "Moon%20Tours/1.0.0 CFNetwork/758.4.3 Darwin/15.5.0" 336 4628
184.160.161.226 - - [22/May/2016:23:00:06 -0400] "GET /lmmpmobile/pages/help-1.0.2.html HTTP/1.1" 200 6781 "-" "Moon%20Tours/1.0.0 CFNetwork/758.4.3 Darwin/15.5.0" 332 7103
184.160.161.226 - - [22/May/2016:23:00:07 -0400] "GET /arcgis/rest/services/CombinedNomenclature/MapServer?f=json HTTP/1.1" 200 807 "arcgisios" "ArcGISiOS-2.3.2/9.3.2/iPad4,5" 366 1102
184.160.161.226 - - [22/May/2016:23:00:07 -0400] "GET /arcgis/rest/services/ERGraticule/MapServer?f=json HTTP/1.1" 200 701 "arcgisios" "ArcGISiOS-2.3.2/9.3.2/iPad4,5" 357 996
127.0.0.1 - - [22/May/2016:23:00:18 -0400] "GET /opensso/namingservice HTTP/1.1" 200 7 "-" "Java/1.5.0_21" 220 183
127.0.0.1 - - [22/May/2016:23:00:32 -0400] "GET /opensso/namingservice HTTP/1.1" 200 7 "-" "Java/1.5.0_21" 220 183
127.0.0.1 - - [22/May/2016:23:00:35 -0400] "POST /opensso/sessionservice HTTP/1.1" 200 2348 "-" "Java/1.5.0_21" 819 2526
127.0.0.1 - - [22/May/2016:23:00:35 -0400] "POST /opensso/sessionservice HTTP/1.1" 200 273 "-" "Java/1.5.0_21" 885 450
127.0.0.1 - - [22/May/2016:23:00:35 -0400] "POST /opensso/sessionservice HTTP/1.1" 200 2408 "-" "Java/1.5.0_21" 819 2585
127.0.0.1 - - [22/May/2016:23:00:35 -0400] "POST /opensso/policyservice HTTP/1.1" 200 9464 "-" "Java/1.5.0_21" 1124 9649
127.0.0.1 - - [22/May/2016:23:00:35 -0400] "POST /opensso/jaxrpc/SMSObjectIF HTTP/1.1" 200 505 "-" "Java/1.5.0_21" 847 766
127.0.0.1 - - [22/May/2016:23:00:35 -0400] "POST /opensso/jaxrpc/DirectoryManagerIF HTTP/1.1" 200 1290 "-" "Java/1.5.0_21" 1362 1551
184.160.161.226 - - [22/May/2016:23:00:35 -0400] "GET /LMMP/rest/dbxml/fgdc/abstract?label=LRO_WAC_Mosaic_Global_303ppd HTTP/1.1" 200 291 "-" "Moon%20Tours/1.0.0 CFNetwork/758.4.3 Darwin/15.5.0" 743 4649
127.0.0.1 - - [22/May/2016:23:00:48 -0400] "GET /opensso/namingservice HTTP/1.1" 200 7 "-" "Java/1.5.0_21" 220 183
127.0.0.1 - - [22/May/2016:23:01:02 -0400] "GET /opensso/namingservice HTTP/1.1" 200 7 "-" "Java/1.5.0_21" 220 183
127.0.0.1 - - [22/May/2016:23:01:18 -0400] "GET /opensso/namingservice HTTP/1.1" 200 7 "-" "Java/1.5.0_21" 220 183
127.0.0.1 - - [22/May/2016:23:01:32 -0400] "GET /opensso/namingservice HTTP/1.1" 200 7 "-" "Java/1.5.0_21" 220 183
127.0.0.1 - - [22/May/2016:23:01:48 -0400] "GET /opensso/namingservice HTTP/1.1" 200 7 "-" "Java/1.5.0_21" 220 183
66.249.66.131 - - [22/May/2016:23:01:48 -0400] "GET /redmine/projects/lmmpwiki/activity?from=1985-01-17 HTTP/1.1" 200 4829 "-" "Mozilla/5.0 (compatible; Googlebot/2.1; +http://www.google.com/bot.html)" 344 5392
127.0.0.1 - - [22/May/2016:23:02:02 -0400] "GET /opensso/namingservice HTTP/1.1" 200 7 "-" "Java/1.5.0_21" 220 183
127.0.0.1 - - [22/May/2016:23:02:18 -0400] "GET /opensso/namingservice HTTP/1.1" 200 7 "-" "Java/1.5.0_21" 220 183
127.0.0.1 - - [22/May/2016:23:02:32 -0400] "GET /opensso/namingservice HTTP/1.1" 200 7 "-" "Java/1.5.0_21" 220 183
127.0.0.1 - - [22/May/2016:23:02:48 -0400] "GET /opensso/namingservice HTTP/1.1" 200 7 "-" "Java/1.5.0_21" 220 183
127.0.0.1 - - [22/May/2016:23:03:02 -0400] "GET /opensso/namingservice HTTP/1.1" 200 7 "-" "Java/1.5.0_21" 220 183
127.0.0.1 - - [22/May/2016:23:03:18 -0400] "GET /opensso/namingservice HTTP/1.1" 200 7 "-" "Java/1.5.0_21" 220 183
127.0.0.1 - - [22/May/2016:23:03:32 -0400] "GET /opensso/namingservice HTTP/1.1" 200 7 "-" "Java/1.5.0_21" 220 183
127.0.0.1 - - [22/May/2016:23:03:48 -0400] "GET /opensso/namingservice HTTP/1.1" 200 7 "-" "Java/1.5.0_21" 220 183
127.0.0.1 - - [22/May/2016:23:04:02 -0400] "GET /opensso/namingservice HTTP/1.1" 200 7 "-" "Java/1.5.0_21" 220 183
127.0.0.1 - - [22/May/2016:23:04:18 -0400] "GET /opensso/namingservice HTTP/1.1" 200 7 "-" "Java/1.5.0_21" 220 183
127.0.0.1 - - [22/May/2016:23:04:32 -0400] "GET /opensso/namingservice HTTP/1.1" 200 7 "-" "Java/1.5.0_21" 220 183
127.0.0.1 - - [22/May/2016:23:04:48 -0400] "GET /opensso/namingservice HTTP/1.1" 200 7 "-" "Java/1.5.0_21" 220 183
127.0.0.1 - - [22/May/2016:23:05:02 -0400] "GET /opensso/namingservice HTTP/1.1" 200 7 "-" "Java/1.5.0_21" 220 183
127.0.0.1 - - [22/May/2016:23:05:18 -0400] "GET /opensso/namingservice HTTP/1.1" 200 7 "-" "Java/1.5.0_21" 220 183
127.0.0.1 - - [22/May/2016:23:05:32 -0400] "GET /opensso/namingservice HTTP/1.1" 200 7 "-" "Java/1.5.0_21" 220 183
127.0.0.1 - - [22/May/2016:23:05:48 -0400] "GET /opensso/namingservice HTTP/1.1" 200 7 "-" "Java/1.5.0_21" 220 183
127.0.0.1 - - [22/May/2016:23:06:02 -0400] "GET /opensso/namingservice HTTP/1.1" 200 7 "-" "Java/1.5.0_21" 220 183
127.0.0.1 - - [22/May/2016:23:06:18 -0400] "GET /opensso/namingservice HTTP/1.1" 200 7 "-" "Java/1.5.0_21" 220 183
127.0.0.1 - - [22/May/2016:23:06:32 -0400] "GET /opensso/namingservice HTTP/1.1" 200 7 "-" "Java/1.5.0_21" 220 183
127.0.0.1 - - [22/May/2016:23:06:48 -0400] "GET /opensso/namingservice HTTP/1.1" 200 7 "-" "Java/1.5.0_21" 220 183
127.0.0.1 - - [22/May/2016:23:07:02 -0400] "GET /opensso/namingservice HTTP/1.1" 200 7 "-" "Java/1.5.0_21" 220 183
66.249.66.188 - - [22/May/2016:23:07:05 -0400] "GET /redmine/projects/lmmpwiki/activity?from=1985-02-16 HTTP/1.1" 200 4829 "-" "Mozilla/5.0 (compatible; Googlebot/2.1; +http://www.google.com/bot.html)" 344 5391
127.0.0.1 - - [22/May/2016:23:07:18 -0400] "GET /opensso/namingservice HTTP/1.1" 200 7 "-" "Java/1.5.0_21" 220 183
127.0.0.1 - - [22/May/2016:23:07:32 -0400] "GET /opensso/namingservice HTTP/1.1" 200 7 "-" "Java/1.5.0_21" 220 183
127.0.0.1 - - [22/May/2016:23:07:48 -0400] "GET /opensso/namingservice HTTP/1.1" 200 7 "-" "Java/1.5.0_21" 220 183
127.0.0.1 - - [22/May/2016:23:08:02 -0400] "GET /opensso/namingservice HTTP/1.1" 200 7 "-" "Java/1.5.0_21" 220 183
127.0.0.1 - - [22/May/2016:23:08:18 -0400] "GET /opensso/namingservice HTTP/1.1" 200 7 "-" "Java/1.5.0_21" 220 183
127.0.0.1 - - [22/May/2016:23:08:32 -0400] "GET /opensso/namingservice HTTP/1.1" 200 7 "-" "Java/1.5.0_21" 220 183
127.0.0.1 - - [22/May/2016:23:08:48 -0400] "GET /opensso/namingservice HTTP/1.1" 200 7 "-" "Java/1.5.0_21" 220 183
127.0.0.1 - - [22/May/2016:23:09:02 -0400] "GET /opensso/namingservice HTTP/1.1" 200 7 "-" "Java/1.5.0_21" 220 183
127.0.0.1 - - [22/May/2016:23:09:18 -0400] "GET /opensso/namingservice HTTP/1.1" 200 7 "-" "Java/1.5.0_21" 220 183
66.249.66.131 - - [22/May/2016:23:09:27 -0400] "GET /ArcGIS/rest/services/LRO_MINI-RF_fixed/ImageServer HTTP/1.1" 200 3605 "-" "Mozilla/5.0 (compatible; Googlebot/2.1; +http://www.google.com/bot.html)" 344 3880
127.0.0.1 - - [22/May/2016:23:09:32 -0400] "GET /opensso/namingservice HTTP/1.1" 200 7 "-" "Java/1.5.0_21" 220 183
104.173.239.217 - - [22/May/2016:23:09:36 -0400] "GET /LMMPUI/LMMP_CLIENT/LMMP.html HTTP/1.1" 200 9400 "-" "Mozilla/5.0 (Macintosh; Intel Mac OS X 10_11_5) AppleWebKit/601.6.17 (KHTML, like Gecko)" 334 9730
104.173.239.217 - - [22/May/2016:23:09:36 -0400] "GET /favicon.ico HTTP/1.1" 404 209 "-" "Safari/11601.6.17 CFNetwork/760.5.1 Darwin/15.5.0 (x86_64)" 219 454
104.173.239.217 - - [22/May/2016:23:09:36 -0400] "GET /apple-touch-icon-precomposed.png HTTP/1.1" 404 230 "-" "Safari/11601.6.17 CFNetwork/760.5.1 Darwin/15.5.0 (x86_64)" 240 475
104.173.239.217 - - [22/May/2016:23:09:36 -0400] "GET /apple-touch-icon.png HTTP/1.1" 404 218 "-" "Safari/11601.6.17 CFNetwork/760.5.1 Darwin/15.5.0 (x86_64)" 228 462
104.173.239.217 - - [22/May/2016:23:09:36 -0400] "GET /apple-touch-icon-precomposed.png HTTP/1.1" 404 230 "-" "Safari/11601.6.17 CFNetwork/760.5.1 Darwin/15.5.0 (x86_64)" 240 474
104.173.239.217 - - [22/May/2016:23:09:36 -0400] "GET /apple-touch-icon.png HTTP/1.1" 404 218 "-" "Safari/11601.6.17 CFNetwork/760.5.1 Darwin/15.5.0 (x86_64)" 228 462
127.0.0.1 - - [22/May/2016:23:09:48 -0400] "GET /opensso/namingservice HTTP/1.1" 200 7 "-" "Java/1.5.0_21" 220 183
127.0.0.1 - - [22/May/2016:23:10:02 -0400] "GET /opensso/namingservice HTTP/1.1" 200 7 "-" "Java/1.5.0_21" 220 183
127.0.0.1 - - [22/May/2016:23:10:18 -0400] "GET /opensso/namingservice HTTP/1.1" 200 7 "-" "Java/1.5.0_21" 220 183
127.0.0.1 - - [22/May/2016:23:10:32 -0400] "GET /opensso/namingservice HTTP/1.1" 200 7 "-" "Java/1.5.0_21" 220 183
127.0.0.1 - - [22/May/2016:23:10:48 -0400] "GET /opensso/namingservice HTTP/1.1" 200 7 "-" "Java/1.5.0_21" 220 183
127.0.0.1 - - [22/May/2016:23:11:02 -0400] "GET /opensso/namingservice HTTP/1.1" 200 7 "-" "Java/1.5.0_21" 220 183
127.0.0.1 - - [22/May/2016:23:11:18 -0400] "GET /opensso/namingservice HTTP/1.1" 200 7 "-" "Java/1.5.0_21" 220 183
127.0.0.1 - - [22/May/2016:23:11:32 -0400] "GET /opensso/namingservice HTTP/1.1" 200 7 "-" "Java/1.5.0_21" 220 183
66.249.66.131 - - [22/May/2016:23:11:33 -0400] "GET /redmine/projects/lmmpwiki/activity?from=1985-03-18 HTTP/1.1" 200 4829 "-" "Mozilla/5.0 (compatible; Googlebot/2.1; +http://www.google.com/bot.html)" 344 5391
127.0.0.1 - - [22/May/2016:23:11:48 -0400] "GET /opensso/namingservice HTTP/1.1" 200 7 "-" "Java/1.5.0_21" 220 183
127.0.0.1 - - [22/May/2016:23:12:02 -0400] "GET /opensso/namingservice HTTP/1.1" 200 7 "-" "Java/1.5.0_21" 220 183
127.0.0.1 - - [22/May/2016:23:12:18 -0400] "GET /opensso/namingservice HTTP/1.1" 200 7 "-" "Java/1.5.0_21" 220 183
127.0.0.1 - - [22/May/2016:23:12:32 -0400] "GET /opensso/namingservice HTTP/1.1" 200 7 "-" "Java/1.5.0_21" 220 183
