127.0.0.1 - - [16/Nov/2014:19:00:10 -0500] "GET /opensso/namingservice HTTP/1.1" 200 7 "-" "Java/1.5.0_21" 220 183
127.0.0.1 - - [16/Nov/2014:19:00:18 -0500] "GET /opensso/namingservice HTTP/1.1" 200 7 "-" "Java/1.5.0_21" 220 183
127.0.0.1 - - [16/Nov/2014:19:00:40 -0500] "GET /opensso/namingservice HTTP/1.1" 200 7 "-" "Java/1.5.0_21" 220 183
127.0.0.1 - - [16/Nov/2014:19:00:48 -0500] "GET /opensso/namingservice HTTP/1.1" 200 7 "-" "Java/1.5.0_21" 220 183
70.194.129.16 - - [16/Nov/2014:19:00:58 -0500] "GET /opensso/identity/isTokenValid HTTP/1.1" 200 14 "-" "Moon%20Tours/1.0.0 CFNetwork/672.0.8 Darwin/14.0.0" 299 172
70.194.129.16 - - [16/Nov/2014:19:00:58 -0500] "GET /lmmpmobile/config-1.0.json HTTP/1.1" 200 1338 "-" "Moon%20Tours/1.0.0 CFNetwork/672.0.8 Darwin/14.0.0" 217 1666
70.194.129.16 - - [16/Nov/2014:19:00:58 -0500] "GET /opensso/UI/Login?module=Anonymous&org=appspub&goto=http%3A%2F%2Fpub.lmmp.nasa.gov%2Flmmpmobile%2Frefresh HTTP/1.1" 302 - "-" "Moon%20Tours/1.0.0 CFNetwork/672.0.8 Darwin/14.0.0" 374 936
70.194.129.16 - - [16/Nov/2014:19:00:58 -0500] "GET /lmmpmobile/refresh?iPlanetDirectoryPro=AQIC5wM2LY4Sfcy4dI%2Blp6GYIjhH%2FDokgjUe%2BPrzH6DdaRs%3D%40AAJTSQACMDE%3D%23 HTTP/1.1" 200 - "-" "Moon%20Tours/1.0.0 CFNetwork/672.0.8 Darwin/14.0.0" 494 316
70.194.129.16 - - [16/Nov/2014:19:01:00 -0500] "GET /arcgis/rest/services/ERGraticule/MapServer?f=json HTTP/1.1" 502 463 "arcgisios" "ArcGISiOS-2.3.2/7.0.6/iPhone5,2" 455 650
127.0.0.1 - - [16/Nov/2014:19:01:10 -0500] "GET /opensso/namingservice HTTP/1.1" 200 7 "-" "Java/1.5.0_21" 220 183
127.0.0.1 - - [16/Nov/2014:19:01:18 -0500] "GET /opensso/namingservice HTTP/1.1" 200 7 "-" "Java/1.5.0_21" 220 183
70.194.129.16 - - [16/Nov/2014:19:01:00 -0500] "GET /arcgis/rest/services/CombinedNomenclature/MapServer?f=json HTTP/1.1" 200 807 "arcgisios" "ArcGISiOS-2.3.2/7.0.6/iPhone5,2" 466 1071
127.0.0.1 - - [16/Nov/2014:19:01:40 -0500] "GET /opensso/namingservice HTTP/1.1" 200 7 "-" "Java/1.5.0_21" 220 183
127.0.0.1 - - [16/Nov/2014:19:01:48 -0500] "GET /opensso/namingservice HTTP/1.1" 200 7 "-" "Java/1.5.0_21" 220 183
66.249.67.111 - - [16/Nov/2014:19:01:57 -0500] "GET /robots.txt HTTP/1.1" 404 208 "-" "Mozilla/5.0 (compatible; Googlebot/2.1; +http://www.google.com/bot.html)" 258 453
66.249.67.103 - - [16/Nov/2014:19:01:57 -0500] "GET /redmine/projects/lmmpwiki/activity?from=1893-02-04&show_news=1 HTTP/1.1" 200 4917 "-" "Mozilla/5.0 (compatible; Googlebot/2.1; +http://www.google.com/bot.html)" 293 5479
127.0.0.1 - - [16/Nov/2014:19:02:10 -0500] "GET /opensso/namingservice HTTP/1.1" 200 7 "-" "Java/1.5.0_21" 220 183
127.0.0.1 - - [16/Nov/2014:19:02:18 -0500] "GET /opensso/namingservice HTTP/1.1" 200 7 "-" "Java/1.5.0_21" 220 183
127.0.0.1 - - [16/Nov/2014:19:02:40 -0500] "GET /opensso/namingservice HTTP/1.1" 200 7 "-" "Java/1.5.0_21" 220 183
127.0.0.1 - - [16/Nov/2014:19:02:48 -0500] "GET /opensso/namingservice HTTP/1.1" 200 7 "-" "Java/1.5.0_21" 220 183
127.0.0.1 - - [16/Nov/2014:19:03:10 -0500] "GET /opensso/namingservice HTTP/1.1" 200 7 "-" "Java/1.5.0_21" 220 183
127.0.0.1 - - [16/Nov/2014:19:03:18 -0500] "GET /opensso/namingservice HTTP/1.1" 200 7 "-" "Java/1.5.0_21" 220 183
127.0.0.1 - - [16/Nov/2014:19:03:40 -0500] "GET /opensso/namingservice HTTP/1.1" 200 7 "-" "Java/1.5.0_21" 220 183
127.0.0.1 - - [16/Nov/2014:19:03:48 -0500] "GET /opensso/namingservice HTTP/1.1" 200 7 "-" "Java/1.5.0_21" 220 183
127.0.0.1 - - [16/Nov/2014:19:04:10 -0500] "GET /opensso/namingservice HTTP/1.1" 200 7 "-" "Java/1.5.0_21" 220 183
127.0.0.1 - - [16/Nov/2014:19:04:18 -0500] "GET /opensso/namingservice HTTP/1.1" 200 7 "-" "Java/1.5.0_21" 220 183
127.0.0.1 - - [16/Nov/2014:19:04:40 -0500] "GET /opensso/namingservice HTTP/1.1" 200 7 "-" "Java/1.5.0_21" 220 183
127.0.0.1 - - [16/Nov/2014:19:04:48 -0500] "GET /opensso/namingservice HTTP/1.1" 200 7 "-" "Java/1.5.0_21" 220 183
127.0.0.1 - - [16/Nov/2014:19:05:10 -0500] "GET /opensso/namingservice HTTP/1.1" 200 7 "-" "Java/1.5.0_21" 220 183
127.0.0.1 - - [16/Nov/2014:19:05:18 -0500] "GET /opensso/namingservice HTTP/1.1" 200 7 "-" "Java/1.5.0_21" 220 183
127.0.0.1 - - [16/Nov/2014:19:05:40 -0500] "GET /opensso/namingservice HTTP/1.1" 200 7 "-" "Java/1.5.0_21" 220 183
66.249.67.103 - - [16/Nov/2014:19:05:44 -0500] "GET /redmine/projects/lmmpwiki/activity?from=1975-05-24&show_news=1 HTTP/1.1" 200 4917 "-" "Mozilla/5.0 (compatible; Googlebot/2.1; +http://www.google.com/bot.html)" 293 5479
127.0.0.1 - - [16/Nov/2014:19:05:48 -0500] "GET /opensso/namingservice HTTP/1.1" 200 7 "-" "Java/1.5.0_21" 220 183
127.0.0.1 - - [16/Nov/2014:19:06:10 -0500] "GET /opensso/namingservice HTTP/1.1" 200 7 "-" "Java/1.5.0_21" 220 183
127.0.0.1 - - [16/Nov/2014:19:06:18 -0500] "GET /opensso/namingservice HTTP/1.1" 200 7 "-" "Java/1.5.0_21" 220 183
127.0.0.1 - - [16/Nov/2014:19:06:40 -0500] "GET /opensso/namingservice HTTP/1.1" 200 7 "-" "Java/1.5.0_21" 220 183
127.0.0.1 - - [16/Nov/2014:19:06:48 -0500] "GET /opensso/namingservice HTTP/1.1" 200 7 "-" "Java/1.5.0_21" 220 183
127.0.0.1 - - [16/Nov/2014:19:07:10 -0500] "GET /opensso/namingservice HTTP/1.1" 200 7 "-" "Java/1.5.0_21" 220 183
127.0.0.1 - - [16/Nov/2014:19:07:18 -0500] "GET /opensso/namingservice HTTP/1.1" 200 7 "-" "Java/1.5.0_21" 220 183
127.0.0.1 - - [16/Nov/2014:19:07:40 -0500] "GET /opensso/namingservice HTTP/1.1" 200 7 "-" "Java/1.5.0_21" 220 183
127.0.0.1 - - [16/Nov/2014:19:07:48 -0500] "GET /opensso/namingservice HTTP/1.1" 200 7 "-" "Java/1.5.0_21" 220 183
127.0.0.1 - - [16/Nov/2014:19:08:10 -0500] "GET /opensso/namingservice HTTP/1.1" 200 7 "-" "Java/1.5.0_21" 220 183
127.0.0.1 - - [16/Nov/2014:19:08:18 -0500] "GET /opensso/namingservice HTTP/1.1" 200 7 "-" "Java/1.5.0_21" 220 183
127.0.0.1 - - [16/Nov/2014:19:08:40 -0500] "GET /opensso/namingservice HTTP/1.1" 200 7 "-" "Java/1.5.0_21" 220 183
127.0.0.1 - - [16/Nov/2014:19:08:48 -0500] "GET /opensso/namingservice HTTP/1.1" 200 7 "-" "Java/1.5.0_21" 220 183
127.0.0.1 - - [16/Nov/2014:19:09:10 -0500] "GET /opensso/namingservice HTTP/1.1" 200 7 "-" "Java/1.5.0_21" 220 183
127.0.0.1 - - [16/Nov/2014:19:09:18 -0500] "GET /opensso/namingservice HTTP/1.1" 200 7 "-" "Java/1.5.0_21" 220 183
127.0.0.1 - - [16/Nov/2014:19:09:40 -0500] "GET /opensso/namingservice HTTP/1.1" 200 7 "-" "Java/1.5.0_21" 220 183
66.249.67.4 - - [16/Nov/2014:19:09:44 -0500] "GET /robots.txt HTTP/1.1" 404 208 "-" "Mozilla/5.0 (compatible; Googlebot/2.1; +http://www.google.com/bot.html)" 589 4542
66.249.67.9 - - [16/Nov/2014:19:09:44 -0500] "GET /redmine/issues/gantt?month=3&months=6&year=2205&zoom=2 HTTP/1.1" 200 30888 "-" "Mozilla/5.0 (compatible; Googlebot/2.1; +http://www.google.com/bot.html)" 616 35741
127.0.0.1 - - [16/Nov/2014:19:09:48 -0500] "GET /opensso/namingservice HTTP/1.1" 200 7 "-" "Java/1.5.0_21" 220 183
127.0.0.1 - - [16/Nov/2014:19:10:10 -0500] "GET /opensso/namingservice HTTP/1.1" 200 7 "-" "Java/1.5.0_21" 220 183
127.0.0.1 - - [16/Nov/2014:19:10:18 -0500] "GET /opensso/namingservice HTTP/1.1" 200 7 "-" "Java/1.5.0_21" 220 183
127.0.0.1 - - [16/Nov/2014:19:10:40 -0500] "GET /opensso/namingservice HTTP/1.1" 200 7 "-" "Java/1.5.0_21" 220 183
180.76.6.47 - - [16/Nov/2014:19:10:46 -0500] "GET /redmine/issues/gantt?month=9&months=6&year=2026&zoom=2 HTTP/1.1" 200 30796 "-" "Mozilla/5.0 (compatible; Baiduspider/2.0; +http://www.baidu.com/search/spider.html)" 273 31448
127.0.0.1 - - [16/Nov/2014:19:10:48 -0500] "GET /opensso/namingservice HTTP/1.1" 200 7 "-" "Java/1.5.0_21" 220 183
127.0.0.1 - - [16/Nov/2014:19:11:10 -0500] "GET /opensso/namingservice HTTP/1.1" 200 7 "-" "Java/1.5.0_21" 220 183
127.0.0.1 - - [16/Nov/2014:19:11:18 -0500] "GET /opensso/namingservice HTTP/1.1" 200 7 "-" "Java/1.5.0_21" 220 183
127.0.0.1 - - [16/Nov/2014:19:11:40 -0500] "GET /opensso/namingservice HTTP/1.1" 200 7 "-" "Java/1.5.0_21" 220 183
127.0.0.1 - - [16/Nov/2014:19:11:48 -0500] "GET /opensso/namingservice HTTP/1.1" 200 7 "-" "Java/1.5.0_21" 220 183
127.0.0.1 - - [16/Nov/2014:19:12:10 -0500] "GET /opensso/namingservice HTTP/1.1" 200 7 "-" "Java/1.5.0_21" 220 183
127.0.0.1 - - [16/Nov/2014:19:12:18 -0500] "GET /opensso/namingservice HTTP/1.1" 200 7 "-" "Java/1.5.0_21" 220 183
127.0.0.1 - - [16/Nov/2014:19:12:40 -0500] "GET /opensso/namingservice HTTP/1.1" 200 7 "-" "Java/1.5.0_21" 220 183
127.0.0.1 - - [16/Nov/2014:19:12:48 -0500] "GET /opensso/namingservice HTTP/1.1" 200 7 "-" "Java/1.5.0_21" 220 183
127.0.0.1 - - [16/Nov/2014:19:13:10 -0500] "GET /opensso/namingservice HTTP/1.1" 200 7 "-" "Java/1.5.0_21" 220 183
127.0.0.1 - - [16/Nov/2014:19:13:18 -0500] "GET /opensso/namingservice HTTP/1.1" 200 7 "-" "Java/1.5.0_21" 220 183
66.249.67.4 - - [16/Nov/2014:19:13:19 -0500] "GET /redmine/issues/gantt?month=1&months=6&year=1827&zoom=1 HTTP/1.1" 200 27567 "-" "Mozilla/5.0 (compatible; Googlebot/2.1; +http://www.google.com/bot.html)" 616 32421
127.0.0.1 - - [16/Nov/2014:19:13:40 -0500] "GET /opensso/namingservice HTTP/1.1" 200 7 "-" "Java/1.5.0_21" 220 183
127.0.0.1 - - [16/Nov/2014:19:13:48 -0500] "GET /opensso/namingservice HTTP/1.1" 200 7 "-" "Java/1.5.0_21" 220 183
127.0.0.1 - - [16/Nov/2014:19:14:10 -0500] "GET /opensso/namingservice HTTP/1.1" 200 7 "-" "Java/1.5.0_21" 220 183
127.0.0.1 - - [16/Nov/2014:19:14:18 -0500] "GET /opensso/namingservice HTTP/1.1" 200 7 "-" "Java/1.5.0_21" 220 183
127.0.0.1 - - [16/Nov/2014:19:14:40 -0500] "GET /opensso/namingservice HTTP/1.1" 200 7 "-" "Java/1.5.0_21" 220 183
127.0.0.1 - - [16/Nov/2014:19:14:48 -0500] "GET /opensso/namingservice HTTP/1.1" 200 7 "-" "Java/1.5.0_21" 220 183
127.0.0.1 - - [16/Nov/2014:19:15:10 -0500] "GET /opensso/namingservice HTTP/1.1" 200 7 "-" "Java/1.5.0_21" 220 183
127.0.0.1 - - [16/Nov/2014:19:15:18 -0500] "GET /opensso/namingservice HTTP/1.1" 200 7 "-" "Java/1.5.0_21" 220 183
127.0.0.1 - - [16/Nov/2014:19:15:40 -0500] "GET /opensso/namingservice HTTP/1.1" 200 7 "-" "Java/1.5.0_21" 220 183
127.0.0.1 - - [16/Nov/2014:19:15:48 -0500] "GET /opensso/namingservice HTTP/1.1" 200 7 "-" "Java/1.5.0_21" 220 183
127.0.0.1 - - [16/Nov/2014:19:16:10 -0500] "GET /opensso/namingservice HTTP/1.1" 200 7 "-" "Java/1.5.0_21" 220 183
127.0.0.1 - - [16/Nov/2014:19:16:18 -0500] "GET /opensso/namingservice HTTP/1.1" 200 7 "-" "Java/1.5.0_21" 220 183
127.0.0.1 - - [16/Nov/2014:19:16:40 -0500] "GET /opensso/namingservice HTTP/1.1" 200 7 "-" "Java/1.5.0_21" 220 183
127.0.0.1 - - [16/Nov/2014:19:16:48 -0500] "GET /opensso/namingservice HTTP/1.1" 200 7 "-" "Java/1.5.0_21" 220 183
66.249.67.153 - - [16/Nov/2014:19:17:06 -0500] "GET /redmine/projects/lmmpwiki/activity?from=1998-01-16 HTTP/1.1" 200 4829 "-" "Mozilla/5.0 (compatible; Googlebot/2.1; +http://www.google.com/bot.html)" 612 9480
127.0.0.1 - - [16/Nov/2014:19:17:10 -0500] "GET /opensso/namingservice HTTP/1.1" 200 7 "-" "Java/1.5.0_21" 220 183
127.0.0.1 - - [16/Nov/2014:19:17:18 -0500] "GET /opensso/namingservice HTTP/1.1" 200 7 "-" "Java/1.5.0_21" 220 183
127.0.0.1 - - [16/Nov/2014:19:17:40 -0500] "GET /opensso/namingservice HTTP/1.1" 200 7 "-" "Java/1.5.0_21" 220 183
127.0.0.1 - - [16/Nov/2014:19:17:48 -0500] "GET /opensso/namingservice HTTP/1.1" 200 7 "-" "Java/1.5.0_21" 220 183
127.0.0.1 - - [16/Nov/2014:19:18:10 -0500] "GET /opensso/namingservice HTTP/1.1" 200 7 "-" "Java/1.5.0_21" 220 183
127.0.0.1 - - [16/Nov/2014:19:18:18 -0500] "GET /opensso/namingservice HTTP/1.1" 200 7 "-" "Java/1.5.0_21" 220 183
220.181.108.156 - - [16/Nov/2014:19:18:22 -0500] "GET / HTTP/1.1" 302 237 "-" "Mozilla/5.0 (compatible; Baiduspider/2.0; +http://www.baidu.com/search/spider.html)" 183 506
127.0.0.1 - - [16/Nov/2014:19:18:40 -0500] "GET /opensso/namingservice HTTP/1.1" 200 7 "-" "Java/1.5.0_21" 220 183
127.0.0.1 - - [16/Nov/2014:19:18:48 -0500] "GET /opensso/namingservice HTTP/1.1" 200 7 "-" "Java/1.5.0_21" 220 183
127.0.0.1 - - [16/Nov/2014:19:19:10 -0500] "GET /opensso/namingservice HTTP/1.1" 200 7 "-" "Java/1.5.0_21" 220 183
127.0.0.1 - - [16/Nov/2014:19:19:18 -0500] "GET /opensso/namingservice HTTP/1.1" 200 7 "-" "Java/1.5.0_21" 220 183
123.125.71.76 - - [16/Nov/2014:19:19:22 -0500] "GET / HTTP/1.1" 302 237 "-" "Mozilla/5.0 (compatible; Baiduspider/2.0; +http://www.baidu.com/search/spider.html)" 183 506
127.0.0.1 - - [16/Nov/2014:19:19:40 -0500] "GET /opensso/namingservice HTTP/1.1" 200 7 "-" "Java/1.5.0_21" 220 183
127.0.0.1 - - [16/Nov/2014:19:19:48 -0500] "GET /opensso/namingservice HTTP/1.1" 200 7 "-" "Java/1.5.0_21" 220 183
127.0.0.1 - - [16/Nov/2014:19:20:10 -0500] "GET /opensso/namingservice HTTP/1.1" 200 7 "-" "Java/1.5.0_21" 220 183
127.0.0.1 - - [16/Nov/2014:19:20:18 -0500] "GET /opensso/namingservice HTTP/1.1" 200 7 "-" "Java/1.5.0_21" 220 183
127.0.0.1 - - [16/Nov/2014:19:20:40 -0500] "GET /opensso/namingservice HTTP/1.1" 200 7 "-" "Java/1.5.0_21" 220 183
127.0.0.1 - - [16/Nov/2014:19:20:48 -0500] "GET /opensso/namingservice HTTP/1.1" 200 7 "-" "Java/1.5.0_21" 220 183
66.249.67.103 - - [16/Nov/2014:19:20:54 -0500] "GET /redmine/projects/lmmpwiki/activity?from=1870-03-26 HTTP/1.1" 200 4829 "-" "Mozilla/5.0 (compatible; Googlebot/2.1; +http://www.google.com/bot.html)" 281 5391
127.0.0.1 - - [16/Nov/2014:19:21:10 -0500] "GET /opensso/namingservice HTTP/1.1" 200 7 "-" "Java/1.5.0_21" 220 183
127.0.0.1 - - [16/Nov/2014:19:21:18 -0500] "GET /opensso/namingservice HTTP/1.1" 200 7 "-" "Java/1.5.0_21" 220 183
127.0.0.1 - - [16/Nov/2014:19:21:40 -0500] "GET /opensso/namingservice HTTP/1.1" 200 7 "-" "Java/1.5.0_21" 220 183
127.0.0.1 - - [16/Nov/2014:19:21:48 -0500] "GET /opensso/namingservice HTTP/1.1" 200 7 "-" "Java/1.5.0_21" 220 183
127.0.0.1 - - [16/Nov/2014:19:22:10 -0500] "GET /opensso/namingservice HTTP/1.1" 200 7 "-" "Java/1.5.0_21" 220 183
127.0.0.1 - - [16/Nov/2014:19:22:18 -0500] "GET /opensso/namingservice HTTP/1.1" 200 7 "-" "Java/1.5.0_21" 220 183
127.0.0.1 - - [16/Nov/2014:19:22:40 -0500] "GET /opensso/namingservice HTTP/1.1" 200 7 "-" "Java/1.5.0_21" 220 183
127.0.0.1 - - [16/Nov/2014:19:22:48 -0500] "GET /opensso/namingservice HTTP/1.1" 200 7 "-" "Java/1.5.0_21" 220 183
127.0.0.1 - - [16/Nov/2014:19:23:10 -0500] "GET /opensso/namingservice HTTP/1.1" 200 7 "-" "Java/1.5.0_21" 220 183
127.0.0.1 - - [16/Nov/2014:19:23:18 -0500] "GET /opensso/namingservice HTTP/1.1" 200 7 "-" "Java/1.5.0_21" 220 183
127.0.0.1 - - [16/Nov/2014:19:23:40 -0500] "GET /opensso/namingservice HTTP/1.1" 200 7 "-" "Java/1.5.0_21" 220 183
127.0.0.1 - - [16/Nov/2014:19:23:48 -0500] "GET /opensso/namingservice HTTP/1.1" 200 7 "-" "Java/1.5.0_21" 220 183
127.0.0.1 - - [16/Nov/2014:19:24:10 -0500] "GET /opensso/namingservice HTTP/1.1" 200 7 "-" "Java/1.5.0_21" 220 183
127.0.0.1 - - [16/Nov/2014:19:24:18 -0500] "GET /opensso/namingservice HTTP/1.1" 200 7 "-" "Java/1.5.0_21" 220 183
127.0.0.1 - - [16/Nov/2014:19:24:40 -0500] "GET /opensso/namingservice HTTP/1.1" 200 7 "-" "Java/1.5.0_21" 220 183
66.249.67.119 - - [16/Nov/2014:19:24:41 -0500] "GET /redmine/issues/gantt?month=6&months=6&year=1048&zoom=3 HTTP/1.1" 200 51321 "-" "Mozilla/5.0 (compatible; Googlebot/2.1; +http://www.google.com/bot.html)" 285 52010
127.0.0.1 - - [16/Nov/2014:19:24:48 -0500] "GET /opensso/namingservice HTTP/1.1" 200 7 "-" "Java/1.5.0_21" 220 183
142.4.211.218 - - [16/Nov/2014:19:24:54 -0500] "GET /robots.txt HTTP/1.0" 404 208 "-" "Mozilla/5.0 (compatible; idmarch Automatic.beta/1.2; +http://www.idmarch.org/bot.html)" 313 416
142.4.211.218 - - [16/Nov/2014:19:24:54 -0500] "GET /LMMPUI/LMMP_CLIENT/LMMP.html HTTP/1.0" 200 8973 "-" "Mozilla/5.0 (compatible; idmarch Automatic.beta/1.2; +http://www.idmarch.org/bot.html)" 331 9266
127.0.0.1 - - [16/Nov/2014:19:25:10 -0500] "GET /opensso/namingservice HTTP/1.1" 200 7 "-" "Java/1.5.0_21" 220 183
127.0.0.1 - - [16/Nov/2014:19:25:18 -0500] "GET /opensso/namingservice HTTP/1.1" 200 7 "-" "Java/1.5.0_21" 220 183
127.0.0.1 - - [16/Nov/2014:19:25:20 -0500] "POST /opensso/sessionservice HTTP/1.1" 200 2021 "-" "Java/1.5.0_21" 710 2199
127.0.0.1 - - [16/Nov/2014:19:25:20 -0500] "GET /opensso/identity//xml/read?name=TomcatApps1&attributes_names=realm&attributes_values_realm=%2Fappspub&attributes_names=objecttype&attributes_values_objecttype=Agent&admin=AQIC5wM2LY4SfczRlxsnYhV4XsPIA0nKaqD5A7dO5hSyj5Q%3D%40AAJTSQACMDE%3D%23 HTTP/1.1" 200 13607 "-" "Java/1.5.0_21" 440 13791
127.0.0.1 - - [16/Nov/2014:19:25:40 -0500] "GET /opensso/namingservice HTTP/1.1" 200 7 "-" "Java/1.5.0_21" 220 183
127.0.0.1 - - [16/Nov/2014:19:25:48 -0500] "GET /opensso/namingservice HTTP/1.1" 200 7 "-" "Java/1.5.0_21" 220 183
127.0.0.1 - - [16/Nov/2014:19:26:10 -0500] "GET /opensso/namingservice HTTP/1.1" 200 7 "-" "Java/1.5.0_21" 220 183
127.0.0.1 - - [16/Nov/2014:19:26:18 -0500] "GET /opensso/namingservice HTTP/1.1" 200 7 "-" "Java/1.5.0_21" 220 183
127.0.0.1 - - [16/Nov/2014:19:26:40 -0500] "GET /opensso/namingservice HTTP/1.1" 200 7 "-" "Java/1.5.0_21" 220 183
127.0.0.1 - - [16/Nov/2014:19:26:48 -0500] "GET /opensso/namingservice HTTP/1.1" 200 7 "-" "Java/1.5.0_21" 220 183
127.0.0.1 - - [16/Nov/2014:19:27:10 -0500] "GET /opensso/namingservice HTTP/1.1" 200 7 "-" "Java/1.5.0_21" 220 183
127.0.0.1 - - [16/Nov/2014:19:27:18 -0500] "GET /opensso/namingservice HTTP/1.1" 200 7 "-" "Java/1.5.0_21" 220 183
127.0.0.1 - - [16/Nov/2014:19:27:40 -0500] "GET /opensso/namingservice HTTP/1.1" 200 7 "-" "Java/1.5.0_21" 220 183
127.0.0.1 - - [16/Nov/2014:19:27:48 -0500] "GET /opensso/namingservice HTTP/1.1" 200 7 "-" "Java/1.5.0_21" 220 183
127.0.0.1 - - [16/Nov/2014:19:28:10 -0500] "GET /opensso/namingservice HTTP/1.1" 200 7 "-" "Java/1.5.0_21" 220 183
222.74.212.77 - - [16/Nov/2014:19:28:15 -0500] "GET /w00tw00t.at.blackhats.romanian.anti-sec:) HTTP/1.1" 404 239 "-" "ZmEu" 187 447
222.74.212.77 - - [16/Nov/2014:19:28:16 -0500] "GET /phpMyAdmin/scripts/setup.php HTTP/1.1" 404 226 "-" "ZmEu" 174 434
222.74.212.77 - - [16/Nov/2014:19:28:17 -0500] "GET /phpmyadmin/scripts/setup.php HTTP/1.1" 404 226 "-" "ZmEu" 174 434
222.74.212.77 - - [16/Nov/2014:19:28:17 -0500] "GET /myadmin/scripts/setup.php HTTP/1.1" 404 223 "-" "ZmEu" 171 431
127.0.0.1 - - [16/Nov/2014:19:28:18 -0500] "GET /opensso/namingservice HTTP/1.1" 200 7 "-" "Java/1.5.0_21" 220 183
222.74.212.77 - - [16/Nov/2014:19:28:18 -0500] "GET /mysqladmin/scripts/setup.php HTTP/1.1" 404 226 "-" "ZmEu" 174 434
222.74.212.77 - - [16/Nov/2014:19:28:18 -0500] "GET /pma/scripts/setup.php HTTP/1.1" 404 219 "-" "ZmEu" 167 427
222.74.212.77 - - [16/Nov/2014:19:28:19 -0500] "GET /mysql/scripts/setup.php HTTP/1.1" 404 221 "-" "ZmEu" 169 429
222.74.212.77 - - [16/Nov/2014:19:28:21 -0500] "GET /phpadmin/scripts/setup.php HTTP/1.1" 404 224 "-" "ZmEu" 172 432
222.74.212.77 - - [16/Nov/2014:19:28:21 -0500] "GET /websql/scripts/setup.php HTTP/1.1" 404 222 "-" "ZmEu" 170 430
222.74.212.77 - - [16/Nov/2014:19:28:22 -0500] "GET /web/scripts/setup.php HTTP/1.1" 401 401 "-" "ZmEu" 167 676
222.74.212.77 - - [16/Nov/2014:19:28:22 -0500] "GET /MyAdmin/scripts/setup.php HTTP/1.1" 404 223 "-" "ZmEu" 171 431
222.74.212.77 - - [16/Nov/2014:19:28:23 -0500] "GET /phpadmin/scripts/setup.php HTTP/1.1" 404 224 "-" "ZmEu" 172 432
66.249.67.153 - - [16/Nov/2014:19:28:28 -0500] "GET /redmine/projects/lmmpwiki/activity?from=1995-11-25 HTTP/1.1" 200 4829 "-" "Mozilla/5.0 (compatible; Googlebot/2.1; +http://www.google.com/bot.html)" 612 9480
127.0.0.1 - - [16/Nov/2014:19:28:40 -0500] "GET /opensso/namingservice HTTP/1.1" 200 7 "-" "Java/1.5.0_21" 220 183
127.0.0.1 - - [16/Nov/2014:19:28:48 -0500] "GET /opensso/namingservice HTTP/1.1" 200 7 "-" "Java/1.5.0_21" 220 183
127.0.0.1 - - [16/Nov/2014:19:29:10 -0500] "GET /opensso/namingservice HTTP/1.1" 200 7 "-" "Java/1.5.0_21" 220 183
127.0.0.1 - - [16/Nov/2014:19:29:18 -0500] "GET /opensso/namingservice HTTP/1.1" 200 7 "-" "Java/1.5.0_21" 220 183
127.0.0.1 - - [16/Nov/2014:19:29:40 -0500] "GET /opensso/namingservice HTTP/1.1" 200 7 "-" "Java/1.5.0_21" 220 183
127.0.0.1 - - [16/Nov/2014:19:29:48 -0500] "GET /opensso/namingservice HTTP/1.1" 200 7 "-" "Java/1.5.0_21" 220 183
127.0.0.1 - - [16/Nov/2014:19:30:10 -0500] "GET /opensso/namingservice HTTP/1.1" 200 7 "-" "Java/1.5.0_21" 220 183
127.0.0.1 - - [16/Nov/2014:19:30:18 -0500] "GET /opensso/namingservice HTTP/1.1" 200 7 "-" "Java/1.5.0_21" 220 183
93.92.217.228 - - [16/Nov/2014:19:30:29 -0500] "GET / HTTP/1.1" 302 237 "-" "Mozilla/4.0 (compatible; MSIE 8.0; Windows NT 6.1)" 288 543
127.0.0.1 - - [16/Nov/2014:19:30:40 -0500] "GET /opensso/namingservice HTTP/1.1" 200 7 "-" "Java/1.5.0_21" 220 183
127.0.0.1 - - [16/Nov/2014:19:30:48 -0500] "GET /opensso/namingservice HTTP/1.1" 200 7 "-" "Java/1.5.0_21" 220 183
127.0.0.1 - - [16/Nov/2014:19:31:10 -0500] "GET /opensso/namingservice HTTP/1.1" 200 7 "-" "Java/1.5.0_21" 220 183
127.0.0.1 - - [16/Nov/2014:19:31:18 -0500] "GET /opensso/namingservice HTTP/1.1" 200 7 "-" "Java/1.5.0_21" 220 183
127.0.0.1 - - [16/Nov/2014:19:31:40 -0500] "GET /opensso/namingservice HTTP/1.1" 200 7 "-" "Java/1.5.0_21" 220 183
127.0.0.1 - - [16/Nov/2014:19:31:48 -0500] "GET /opensso/namingservice HTTP/1.1" 200 7 "-" "Java/1.5.0_21" 220 183
127.0.0.1 - - [16/Nov/2014:19:32:10 -0500] "GET /opensso/namingservice HTTP/1.1" 200 7 "-" "Java/1.5.0_21" 220 183
66.249.67.111 - - [16/Nov/2014:19:32:16 -0500] "GET /redmine/projects/lmmpwiki/activity?from=1884-05-06 HTTP/1.1" 200 4829 "-" "Mozilla/5.0 (compatible; Googlebot/2.1; +http://www.google.com/bot.html)" 281 5391
127.0.0.1 - - [16/Nov/2014:19:32:18 -0500] "GET /opensso/namingservice HTTP/1.1" 200 7 "-" "Java/1.5.0_21" 220 183
127.0.0.1 - - [16/Nov/2014:19:32:40 -0500] "GET /opensso/namingservice HTTP/1.1" 200 7 "-" "Java/1.5.0_21" 220 183
127.0.0.1 - - [16/Nov/2014:19:32:48 -0500] "GET /opensso/namingservice HTTP/1.1" 200 7 "-" "Java/1.5.0_21" 220 183
127.0.0.1 - - [16/Nov/2014:19:33:10 -0500] "GET /opensso/namingservice HTTP/1.1" 200 7 "-" "Java/1.5.0_21" 220 183
127.0.0.1 - - [16/Nov/2014:19:33:18 -0500] "GET /opensso/namingservice HTTP/1.1" 200 7 "-" "Java/1.5.0_21" 220 183
127.0.0.1 - - [16/Nov/2014:19:33:40 -0500] "GET /opensso/namingservice HTTP/1.1" 200 7 "-" "Java/1.5.0_21" 220 183
127.0.0.1 - - [16/Nov/2014:19:33:48 -0500] "GET /opensso/namingservice HTTP/1.1" 200 7 "-" "Java/1.5.0_21" 220 183
127.0.0.1 - - [16/Nov/2014:19:34:10 -0500] "GET /opensso/namingservice HTTP/1.1" 200 7 "-" "Java/1.5.0_21" 220 183
127.0.0.1 - - [16/Nov/2014:19:34:18 -0500] "GET /opensso/namingservice HTTP/1.1" 200 7 "-" "Java/1.5.0_21" 220 183
127.0.0.1 - - [16/Nov/2014:19:34:40 -0500] "GET /opensso/namingservice HTTP/1.1" 200 7 "-" "Java/1.5.0_21" 220 183
127.0.0.1 - - [16/Nov/2014:19:34:48 -0500] "GET /opensso/namingservice HTTP/1.1" 200 7 "-" "Java/1.5.0_21" 220 183
127.0.0.1 - - [16/Nov/2014:19:35:10 -0500] "GET /opensso/namingservice HTTP/1.1" 200 7 "-" "Java/1.5.0_21" 220 183
127.0.0.1 - - [16/Nov/2014:19:35:18 -0500] "GET /opensso/namingservice HTTP/1.1" 200 7 "-" "Java/1.5.0_21" 220 183
127.0.0.1 - - [16/Nov/2014:19:35:40 -0500] "GET /opensso/namingservice HTTP/1.1" 200 7 "-" "Java/1.5.0_21" 220 183
127.0.0.1 - - [16/Nov/2014:19:35:48 -0500] "GET /opensso/namingservice HTTP/1.1" 200 7 "-" "Java/1.5.0_21" 220 183
66.249.67.119 - - [16/Nov/2014:19:36:03 -0500] "GET /redmine/projects/lmmpwiki/activity?from=1874-07-19 HTTP/1.1" 200 4829 "-" "Mozilla/5.0 (compatible; Googlebot/2.1; +http://www.google.com/bot.html)" 281 5391
66.249.67.119 - - [16/Nov/2014:19:36:04 -0500] "GET /LMMPUI/LMMP_CLIENT/LMMP.html HTTP/1.1" 200 8973 "-" "Mozilla/5.0 (compatible; Googlebot/2.1; +http://www.google.com/bot.html)" 276 9302
127.0.0.1 - - [16/Nov/2014:19:36:10 -0500] "GET /opensso/namingservice HTTP/1.1" 200 7 "-" "Java/1.5.0_21" 220 183
127.0.0.1 - - [16/Nov/2014:19:36:18 -0500] "GET /opensso/namingservice HTTP/1.1" 200 7 "-" "Java/1.5.0_21" 220 183
66.249.67.111 - - [16/Nov/2014:19:36:32 -0500] "GET /redmine/projects/lmmpwiki/wiki/ILLIADS HTTP/1.1" 200 8268 "-" "Mozilla/5.0 (iPhone; CPU iPhone OS 6_0 like Mac OS X) AppleWebKit/536.26 (KHTML, like Gecko) Version/6.0 Mobile/10A5376e Safari/8536.25 (compatible; Googlebot/2.1; +http://www.google.com/bot.html)" 393 8748
127.0.0.1 - - [16/Nov/2014:19:36:40 -0500] "GET /opensso/namingservice HTTP/1.1" 200 7 "-" "Java/1.5.0_21" 220 183
127.0.0.1 - - [16/Nov/2014:19:36:48 -0500] "GET /opensso/namingservice HTTP/1.1" 200 7 "-" "Java/1.5.0_21" 220 183
127.0.0.1 - - [16/Nov/2014:19:37:10 -0500] "GET /opensso/namingservice HTTP/1.1" 200 7 "-" "Java/1.5.0_21" 220 183
127.0.0.1 - - [16/Nov/2014:19:37:18 -0500] "GET /opensso/namingservice HTTP/1.1" 200 7 "-" "Java/1.5.0_21" 220 183
127.0.0.1 - - [16/Nov/2014:19:37:40 -0500] "GET /opensso/namingservice HTTP/1.1" 200 7 "-" "Java/1.5.0_21" 220 183
127.0.0.1 - - [16/Nov/2014:19:37:48 -0500] "GET /opensso/namingservice HTTP/1.1" 200 7 "-" "Java/1.5.0_21" 220 183
127.0.0.1 - - [16/Nov/2014:19:38:10 -0500] "GET /opensso/namingservice HTTP/1.1" 200 7 "-" "Java/1.5.0_21" 220 183
127.0.0.1 - - [16/Nov/2014:19:38:18 -0500] "GET /opensso/namingservice HTTP/1.1" 200 7 "-" "Java/1.5.0_21" 220 183
127.0.0.1 - - [16/Nov/2014:19:38:40 -0500] "GET /opensso/namingservice HTTP/1.1" 200 7 "-" "Java/1.5.0_21" 220 183
127.0.0.1 - - [16/Nov/2014:19:38:48 -0500] "GET /opensso/namingservice HTTP/1.1" 200 7 "-" "Java/1.5.0_21" 220 183
127.0.0.1 - - [16/Nov/2014:19:39:10 -0500] "GET /opensso/namingservice HTTP/1.1" 200 7 "-" "Java/1.5.0_21" 220 183
127.0.0.1 - - [16/Nov/2014:19:39:18 -0500] "GET /opensso/namingservice HTTP/1.1" 200 7 "-" "Java/1.5.0_21" 220 183
127.0.0.1 - - [16/Nov/2014:19:39:40 -0500] "GET /opensso/namingservice HTTP/1.1" 200 7 "-" "Java/1.5.0_21" 220 183
127.0.0.1 - - [16/Nov/2014:19:39:48 -0500] "GET /opensso/namingservice HTTP/1.1" 200 7 "-" "Java/1.5.0_21" 220 183
66.249.67.4 - - [16/Nov/2014:19:39:50 -0500] "GET /redmine/projects/lmmpwiki/activity?from=1916-04-11 HTTP/1.1" 200 4829 "-" "Mozilla/5.0 (compatible; Googlebot/2.1; +http://www.google.com/bot.html)" 612 9480
66.249.67.119 - - [16/Nov/2014:19:40:00 -0500] "GET /redmine/issues/gantt?month=11&months=6&year=2000&zoom=4 HTTP/1.1" 200 51037 "-" "Mozilla/5.0 (compatible; Googlebot/2.1; +http://www.google.com/bot.html)" 286 51726
127.0.0.1 - - [16/Nov/2014:19:40:10 -0500] "GET /opensso/namingservice HTTP/1.1" 200 7 "-" "Java/1.5.0_21" 220 183
127.0.0.1 - - [16/Nov/2014:19:40:18 -0500] "GET /opensso/namingservice HTTP/1.1" 200 7 "-" "Java/1.5.0_21" 220 183
127.0.0.1 - - [16/Nov/2014:19:40:40 -0500] "GET /opensso/namingservice HTTP/1.1" 200 7 "-" "Java/1.5.0_21" 220 183
66.249.67.119 - - [16/Nov/2014:19:40:42 -0500] "GET /redmine/stylesheets/scm.css?1296684278 HTTP/1.1" 200 6947 "-" "Mozilla/5.0 (compatible; Googlebot/2.1; +http://www.google.com/bot.html)" 269 7181
157.55.39.25 - - [16/Nov/2014:19:40:43 -0500] "GET /olyblog/bollinger-knife HTTP/1.1" 404 221 "-" "Mozilla/5.0 (compatible; bingbot/2.0; +http://www.bing.com/bingbot.htm)" 295 466
127.0.0.1 - - [16/Nov/2014:19:40:48 -0500] "GET /opensso/namingservice HTTP/1.1" 200 7 "-" "Java/1.5.0_21" 220 183
127.0.0.1 - - [16/Nov/2014:19:41:10 -0500] "GET /opensso/namingservice HTTP/1.1" 200 7 "-" "Java/1.5.0_21" 220 183
127.0.0.1 - - [16/Nov/2014:19:41:18 -0500] "GET /opensso/namingservice HTTP/1.1" 200 7 "-" "Java/1.5.0_21" 220 183
127.0.0.1 - - [16/Nov/2014:19:41:40 -0500] "GET /opensso/namingservice HTTP/1.1" 200 7 "-" "Java/1.5.0_21" 220 183
127.0.0.1 - - [16/Nov/2014:19:41:48 -0500] "GET /opensso/namingservice HTTP/1.1" 200 7 "-" "Java/1.5.0_21" 220 183
127.0.0.1 - - [16/Nov/2014:19:42:10 -0500] "GET /opensso/namingservice HTTP/1.1" 200 7 "-" "Java/1.5.0_21" 220 183
127.0.0.1 - - [16/Nov/2014:19:42:18 -0500] "GET /opensso/namingservice HTTP/1.1" 200 7 "-" "Java/1.5.0_21" 220 183
127.0.0.1 - - [16/Nov/2014:19:42:40 -0500] "GET /opensso/namingservice HTTP/1.1" 200 7 "-" "Java/1.5.0_21" 220 183
127.0.0.1 - - [16/Nov/2014:19:42:48 -0500] "GET /opensso/namingservice HTTP/1.1" 200 7 "-" "Java/1.5.0_21" 220 183
127.0.0.1 - - [16/Nov/2014:19:43:10 -0500] "GET /opensso/namingservice HTTP/1.1" 200 7 "-" "Java/1.5.0_21" 220 183
127.0.0.1 - - [16/Nov/2014:19:43:18 -0500] "GET /opensso/namingservice HTTP/1.1" 200 7 "-" "Java/1.5.0_21" 220 183
66.249.67.119 - - [16/Nov/2014:19:43:40 -0500] "GET /redmine/projects/lmmpwiki/activity?from=1927-04-19&show_news=1 HTTP/1.1" 200 4917 "-" "Mozilla/5.0 (compatible; Googlebot/2.1; +http://www.google.com/bot.html)" 293 5479
127.0.0.1 - - [16/Nov/2014:19:43:40 -0500] "GET /opensso/namingservice HTTP/1.1" 200 7 "-" "Java/1.5.0_21" 220 183
127.0.0.1 - - [16/Nov/2014:19:43:48 -0500] "GET /opensso/namingservice HTTP/1.1" 200 7 "-" "Java/1.5.0_21" 220 183
127.0.0.1 - - [16/Nov/2014:19:44:10 -0500] "GET /opensso/namingservice HTTP/1.1" 200 7 "-" "Java/1.5.0_21" 220 183
127.0.0.1 - - [16/Nov/2014:19:44:18 -0500] "GET /opensso/namingservice HTTP/1.1" 200 7 "-" "Java/1.5.0_21" 220 183
66.249.67.103 - - [16/Nov/2014:19:44:18 -0500] "GET /redmine/attachments/441/browse-filter-video.mov HTTP/1.1" 200 1956900 "-" "Googlebot-Video/1.0" 275 1957407
127.0.0.1 - - [16/Nov/2014:19:44:40 -0500] "GET /opensso/namingservice HTTP/1.1" 200 7 "-" "Java/1.5.0_21" 220 183
127.0.0.1 - - [16/Nov/2014:19:44:48 -0500] "GET /opensso/namingservice HTTP/1.1" 200 7 "-" "Java/1.5.0_21" 220 183
127.0.0.1 - - [16/Nov/2014:19:45:10 -0500] "GET /opensso/namingservice HTTP/1.1" 200 7 "-" "Java/1.5.0_21" 220 183
127.0.0.1 - - [16/Nov/2014:19:45:18 -0500] "GET /opensso/namingservice HTTP/1.1" 200 7 "-" "Java/1.5.0_21" 220 183
127.0.0.1 - - [16/Nov/2014:19:45:40 -0500] "GET /opensso/namingservice HTTP/1.1" 200 7 "-" "Java/1.5.0_21" 220 183
127.0.0.1 - - [16/Nov/2014:19:45:48 -0500] "GET /opensso/namingservice HTTP/1.1" 200 7 "-" "Java/1.5.0_21" 220 183
127.0.0.1 - - [16/Nov/2014:19:46:10 -0500] "GET /opensso/namingservice HTTP/1.1" 200 7 "-" "Java/1.5.0_21" 220 183
127.0.0.1 - - [16/Nov/2014:19:46:18 -0500] "GET /opensso/namingservice HTTP/1.1" 200 7 "-" "Java/1.5.0_21" 220 183
127.0.0.1 - - [16/Nov/2014:19:46:40 -0500] "GET /opensso/namingservice HTTP/1.1" 200 7 "-" "Java/1.5.0_21" 220 183
127.0.0.1 - - [16/Nov/2014:19:46:48 -0500] "GET /opensso/namingservice HTTP/1.1" 200 7 "-" "Java/1.5.0_21" 220 183
127.0.0.1 - - [16/Nov/2014:19:47:10 -0500] "GET /opensso/namingservice HTTP/1.1" 200 7 "-" "Java/1.5.0_21" 220 183
127.0.0.1 - - [16/Nov/2014:19:47:18 -0500] "GET /opensso/namingservice HTTP/1.1" 200 7 "-" "Java/1.5.0_21" 220 183
66.249.67.4 - - [16/Nov/2014:19:47:25 -0500] "GET /redmine/projects/lmmpwiki/activity?from=1937-09-19 HTTP/1.1" 200 4829 "-" "Mozilla/5.0 (compatible; Googlebot/2.1; +http://www.google.com/bot.html)" 612 9480
127.0.0.1 - - [16/Nov/2014:19:47:40 -0500] "GET /opensso/namingservice HTTP/1.1" 200 7 "-" "Java/1.5.0_21" 220 183
127.0.0.1 - - [16/Nov/2014:19:47:48 -0500] "GET /opensso/namingservice HTTP/1.1" 200 7 "-" "Java/1.5.0_21" 220 183
127.0.0.1 - - [16/Nov/2014:19:48:10 -0500] "GET /opensso/namingservice HTTP/1.1" 200 7 "-" "Java/1.5.0_21" 220 183
127.0.0.1 - - [16/Nov/2014:19:48:18 -0500] "GET /opensso/namingservice HTTP/1.1" 200 7 "-" "Java/1.5.0_21" 220 183
127.0.0.1 - - [16/Nov/2014:19:48:40 -0500] "GET /opensso/namingservice HTTP/1.1" 200 7 "-" "Java/1.5.0_21" 220 183
127.0.0.1 - - [16/Nov/2014:19:48:48 -0500] "GET /opensso/namingservice HTTP/1.1" 200 7 "-" "Java/1.5.0_21" 220 183
127.0.0.1 - - [16/Nov/2014:19:49:10 -0500] "GET /opensso/namingservice HTTP/1.1" 200 7 "-" "Java/1.5.0_21" 220 183
127.0.0.1 - - [16/Nov/2014:19:49:18 -0500] "GET /opensso/namingservice HTTP/1.1" 200 7 "-" "Java/1.5.0_21" 220 183
127.0.0.1 - - [16/Nov/2014:19:49:40 -0500] "GET /opensso/namingservice HTTP/1.1" 200 7 "-" "Java/1.5.0_21" 220 183
127.0.0.1 - - [16/Nov/2014:19:49:48 -0500] "GET /opensso/namingservice HTTP/1.1" 200 7 "-" "Java/1.5.0_21" 220 183
127.0.0.1 - - [16/Nov/2014:19:50:10 -0500] "GET /opensso/namingservice HTTP/1.1" 200 7 "-" "Java/1.5.0_21" 220 183
127.0.0.1 - - [16/Nov/2014:19:50:18 -0500] "GET /opensso/namingservice HTTP/1.1" 200 7 "-" "Java/1.5.0_21" 220 183
127.0.0.1 - - [16/Nov/2014:19:50:40 -0500] "GET /opensso/namingservice HTTP/1.1" 200 7 "-" "Java/1.5.0_21" 220 183
127.0.0.1 - - [16/Nov/2014:19:50:48 -0500] "GET /opensso/namingservice HTTP/1.1" 200 7 "-" "Java/1.5.0_21" 220 183
127.0.0.1 - - [16/Nov/2014:19:51:10 -0500] "GET /opensso/namingservice HTTP/1.1" 200 7 "-" "Java/1.5.0_21" 220 183
66.249.67.9 - - [16/Nov/2014:19:51:12 -0500] "GET /redmine/projects/lmmpwiki/activity?from=1928-03-21 HTTP/1.1" 200 4829 "-" "Mozilla/5.0 (compatible; Googlebot/2.1; +http://www.google.com/bot.html)" 612 9480
127.0.0.1 - - [16/Nov/2014:19:51:18 -0500] "GET /opensso/namingservice HTTP/1.1" 200 7 "-" "Java/1.5.0_21" 220 183
127.0.0.1 - - [16/Nov/2014:19:51:40 -0500] "GET /opensso/namingservice HTTP/1.1" 200 7 "-" "Java/1.5.0_21" 220 183
127.0.0.1 - - [16/Nov/2014:19:51:48 -0500] "GET /opensso/namingservice HTTP/1.1" 200 7 "-" "Java/1.5.0_21" 220 183
127.0.0.1 - - [16/Nov/2014:19:52:10 -0500] "GET /opensso/namingservice HTTP/1.1" 200 7 "-" "Java/1.5.0_21" 220 183
127.0.0.1 - - [16/Nov/2014:19:52:18 -0500] "GET /opensso/namingservice HTTP/1.1" 200 7 "-" "Java/1.5.0_21" 220 183
127.0.0.1 - - [16/Nov/2014:19:52:40 -0500] "GET /opensso/namingservice HTTP/1.1" 200 7 "-" "Java/1.5.0_21" 220 183
127.0.0.1 - - [16/Nov/2014:19:52:48 -0500] "GET /opensso/namingservice HTTP/1.1" 200 7 "-" "Java/1.5.0_21" 220 183
127.0.0.1 - - [16/Nov/2014:19:53:10 -0500] "GET /opensso/namingservice HTTP/1.1" 200 7 "-" "Java/1.5.0_21" 220 183
127.0.0.1 - - [16/Nov/2014:19:53:18 -0500] "GET /opensso/namingservice HTTP/1.1" 200 7 "-" "Java/1.5.0_21" 220 183
127.0.0.1 - - [16/Nov/2014:19:53:40 -0500] "GET /opensso/namingservice HTTP/1.1" 200 7 "-" "Java/1.5.0_21" 220 183
127.0.0.1 - - [16/Nov/2014:19:53:41 -0500] "POST /opensso/sessionservice HTTP/1.1" 200 2021 "-" "Java/1.5.0_21" 710 2199
127.0.0.1 - - [16/Nov/2014:19:53:41 -0500] "GET /opensso/identity//xml/read?name=TomcatApps3&attributes_names=realm&attributes_values_realm=%2Fappspub&attributes_names=objecttype&attributes_values_objecttype=Agent&admin=AQIC5wM2LY4SfcwjOoCkahvxCIYxAjqHmLwoHQUx5Ci%2Bspg%3D%40AAJTSQACMDE%3D%23 HTTP/1.1" 200 13732 "-" "Java/1.5.0_21" 442 13916
127.0.0.1 - - [16/Nov/2014:19:53:48 -0500] "GET /opensso/namingservice HTTP/1.1" 200 7 "-" "Java/1.5.0_21" 220 183
127.0.0.1 - - [16/Nov/2014:19:54:10 -0500] "GET /opensso/namingservice HTTP/1.1" 200 7 "-" "Java/1.5.0_21" 220 183
127.0.0.1 - - [16/Nov/2014:19:54:18 -0500] "GET /opensso/namingservice HTTP/1.1" 200 7 "-" "Java/1.5.0_21" 220 183
127.0.0.1 - - [16/Nov/2014:19:54:40 -0500] "GET /opensso/namingservice HTTP/1.1" 200 7 "-" "Java/1.5.0_21" 220 183
127.0.0.1 - - [16/Nov/2014:19:54:48 -0500] "GET /opensso/namingservice HTTP/1.1" 200 7 "-" "Java/1.5.0_21" 220 183
66.249.67.103 - - [16/Nov/2014:19:55:06 -0500] "GET /redmine/projects/lmmpwiki/activity?from=1959-05-01&show_news=1 HTTP/1.1" 200 4917 "-" "Mozilla/5.0 (compatible; Googlebot/2.1; +http://www.google.com/bot.html)" 293 5479
127.0.0.1 - - [16/Nov/2014:19:55:10 -0500] "GET /opensso/namingservice HTTP/1.1" 200 7 "-" "Java/1.5.0_21" 220 183
127.0.0.1 - - [16/Nov/2014:19:55:18 -0500] "GET /opensso/namingservice HTTP/1.1" 200 7 "-" "Java/1.5.0_21" 220 183
127.0.0.1 - - [16/Nov/2014:19:55:40 -0500] "GET /opensso/namingservice HTTP/1.1" 200 7 "-" "Java/1.5.0_21" 220 183
127.0.0.1 - - [16/Nov/2014:19:55:48 -0500] "GET /opensso/namingservice HTTP/1.1" 200 7 "-" "Java/1.5.0_21" 220 183
127.0.0.1 - - [16/Nov/2014:19:56:10 -0500] "GET /opensso/namingservice HTTP/1.1" 200 7 "-" "Java/1.5.0_21" 220 183
127.0.0.1 - - [16/Nov/2014:19:56:18 -0500] "GET /opensso/namingservice HTTP/1.1" 200 7 "-" "Java/1.5.0_21" 220 183
127.0.0.1 - - [16/Nov/2014:19:56:40 -0500] "GET /opensso/namingservice HTTP/1.1" 200 7 "-" "Java/1.5.0_21" 220 183
127.0.0.1 - - [16/Nov/2014:19:56:48 -0500] "GET /opensso/namingservice HTTP/1.1" 200 7 "-" "Java/1.5.0_21" 220 183
127.0.0.1 - - [16/Nov/2014:19:57:10 -0500] "GET /opensso/namingservice HTTP/1.1" 200 7 "-" "Java/1.5.0_21" 220 183
127.0.0.1 - - [16/Nov/2014:19:57:18 -0500] "GET /opensso/namingservice HTTP/1.1" 200 7 "-" "Java/1.5.0_21" 220 183
127.0.0.1 - - [16/Nov/2014:19:57:40 -0500] "GET /opensso/namingservice HTTP/1.1" 200 7 "-" "Java/1.5.0_21" 220 183
127.0.0.1 - - [16/Nov/2014:19:57:48 -0500] "GET /opensso/namingservice HTTP/1.1" 200 7 "-" "Java/1.5.0_21" 220 183
127.0.0.1 - - [16/Nov/2014:19:58:10 -0500] "GET /opensso/namingservice HTTP/1.1" 200 7 "-" "Java/1.5.0_21" 220 183
127.0.0.1 - - [16/Nov/2014:19:58:18 -0500] "GET /opensso/namingservice HTTP/1.1" 200 7 "-" "Java/1.5.0_21" 220 183
127.0.0.1 - - [16/Nov/2014:19:58:40 -0500] "GET /opensso/namingservice HTTP/1.1" 200 7 "-" "Java/1.5.0_21" 220 183
127.0.0.1 - - [16/Nov/2014:19:58:48 -0500] "GET /opensso/namingservice HTTP/1.1" 200 7 "-" "Java/1.5.0_21" 220 183
127.0.0.1 - - [16/Nov/2014:19:59:10 -0500] "GET /opensso/namingservice HTTP/1.1" 200 7 "-" "Java/1.5.0_21" 220 183
127.0.0.1 - - [16/Nov/2014:19:59:18 -0500] "GET /opensso/namingservice HTTP/1.1" 200 7 "-" "Java/1.5.0_21" 220 183
127.0.0.1 - - [16/Nov/2014:19:59:40 -0500] "GET /opensso/namingservice HTTP/1.1" 200 7 "-" "Java/1.5.0_21" 220 183
127.0.0.1 - - [16/Nov/2014:19:59:48 -0500] "GET /opensso/namingservice HTTP/1.1" 200 7 "-" "Java/1.5.0_21" 220 183
66.249.67.103 - - [16/Nov/2014:20:00:02 -0500] "GET /redmine/projects/lmmpwiki/activity?from=1990-04-25 HTTP/1.1" 200 4829 "-" "Mozilla/5.0 (compatible; Googlebot/2.1; +http://www.google.com/bot.html)" 281 5391
127.0.0.1 - - [16/Nov/2014:20:00:10 -0500] "GET /opensso/namingservice HTTP/1.1" 200 7 "-" "Java/1.5.0_21" 220 183
127.0.0.1 - - [16/Nov/2014:20:00:18 -0500] "GET /opensso/namingservice HTTP/1.1" 200 7 "-" "Java/1.5.0_21" 220 183
127.0.0.1 - - [16/Nov/2014:20:00:40 -0500] "GET /opensso/namingservice HTTP/1.1" 200 7 "-" "Java/1.5.0_21" 220 183
127.0.0.1 - - [16/Nov/2014:20:00:48 -0500] "GET /opensso/namingservice HTTP/1.1" 200 7 "-" "Java/1.5.0_21" 220 183
202.46.52.29 - - [16/Nov/2014:20:01:04 -0500] "GET / HTTP/1.1" 302 237 "-" "Mozilla/4.0 (compatible; MSIE 7.0; Windows NT 6.0)" 150 506
127.0.0.1 - - [16/Nov/2014:20:01:10 -0500] "GET /opensso/namingservice HTTP/1.1" 200 7 "-" "Java/1.5.0_21" 220 183
127.0.0.1 - - [16/Nov/2014:20:01:18 -0500] "GET /opensso/namingservice HTTP/1.1" 200 7 "-" "Java/1.5.0_21" 220 183
127.0.0.1 - - [16/Nov/2014:20:01:40 -0500] "GET /opensso/namingservice HTTP/1.1" 200 7 "-" "Java/1.5.0_21" 220 183
127.0.0.1 - - [16/Nov/2014:20:01:48 -0500] "GET /opensso/namingservice HTTP/1.1" 200 7 "-" "Java/1.5.0_21" 220 183
127.0.0.1 - - [16/Nov/2014:20:02:10 -0500] "GET /opensso/namingservice HTTP/1.1" 200 7 "-" "Java/1.5.0_21" 220 183
119.63.193.196 - - [16/Nov/2014:20:02:13 -0500] "GET / HTTP/1.1" 302 237 "-" "Mozilla/4.0 (compatible; MSIE 7.0; Windows NT 6.0)" 150 506
127.0.0.1 - - [16/Nov/2014:20:02:18 -0500] "GET /opensso/namingservice HTTP/1.1" 200 7 "-" "Java/1.5.0_21" 220 183
66.249.67.103 - - [16/Nov/2014:20:02:35 -0500] "GET /redmine/issues/gantt?month=9&months=6&year=1048&zoom=3 HTTP/1.1" 200 51104 "-" "Mozilla/5.0 (compatible; Googlebot/2.1; +http://www.google.com/bot.html)" 285 51793
127.0.0.1 - - [16/Nov/2014:20:02:40 -0500] "GET /opensso/namingservice HTTP/1.1" 200 7 "-" "Java/1.5.0_21" 220 183
127.0.0.1 - - [16/Nov/2014:20:02:48 -0500] "GET /opensso/namingservice HTTP/1.1" 200 7 "-" "Java/1.5.0_21" 220 183
127.0.0.1 - - [16/Nov/2014:20:03:10 -0500] "GET /opensso/namingservice HTTP/1.1" 200 7 "-" "Java/1.5.0_21" 220 183
127.0.0.1 - - [16/Nov/2014:20:03:18 -0500] "GET /opensso/namingservice HTTP/1.1" 200 7 "-" "Java/1.5.0_21" 220 183
127.0.0.1 - - [16/Nov/2014:20:03:40 -0500] "GET /opensso/namingservice HTTP/1.1" 200 7 "-" "Java/1.5.0_21" 220 183
127.0.0.1 - - [16/Nov/2014:20:03:48 -0500] "GET /opensso/namingservice HTTP/1.1" 200 7 "-" "Java/1.5.0_21" 220 183
127.0.0.1 - - [16/Nov/2014:20:04:10 -0500] "GET /opensso/namingservice HTTP/1.1" 200 7 "-" "Java/1.5.0_21" 220 183
127.0.0.1 - - [16/Nov/2014:20:04:18 -0500] "GET /opensso/namingservice HTTP/1.1" 200 7 "-" "Java/1.5.0_21" 220 183
127.0.0.1 - - [16/Nov/2014:20:04:40 -0500] "GET /opensso/namingservice HTTP/1.1" 200 7 "-" "Java/1.5.0_21" 220 183
127.0.0.1 - - [16/Nov/2014:20:04:48 -0500] "GET /opensso/namingservice HTTP/1.1" 200 7 "-" "Java/1.5.0_21" 220 183
127.0.0.1 - - [16/Nov/2014:20:05:10 -0500] "GET /opensso/namingservice HTTP/1.1" 200 7 "-" "Java/1.5.0_21" 220 183
127.0.0.1 - - [16/Nov/2014:20:05:18 -0500] "GET /opensso/namingservice HTTP/1.1" 200 7 "-" "Java/1.5.0_21" 220 183
127.0.0.1 - - [16/Nov/2014:20:05:40 -0500] "GET /opensso/namingservice HTTP/1.1" 200 7 "-" "Java/1.5.0_21" 220 183
127.0.0.1 - - [16/Nov/2014:20:05:48 -0500] "GET /opensso/namingservice HTTP/1.1" 200 7 "-" "Java/1.5.0_21" 220 183
127.0.0.1 - - [16/Nov/2014:20:06:10 -0500] "GET /opensso/namingservice HTTP/1.1" 200 7 "-" "Java/1.5.0_21" 220 183
127.0.0.1 - - [16/Nov/2014:20:06:18 -0500] "GET /opensso/namingservice HTTP/1.1" 200 7 "-" "Java/1.5.0_21" 220 183
66.249.67.4 - - [16/Nov/2014:20:06:22 -0500] "GET /redmine/projects/lmmpwiki/activity?from=1867-12-06 HTTP/1.1" 200 4829 "-" "Mozilla/5.0 (compatible; Googlebot/2.1; +http://www.google.com/bot.html)" 612 9480
127.0.0.1 - - [16/Nov/2014:20:06:40 -0500] "GET /opensso/namingservice HTTP/1.1" 200 7 "-" "Java/1.5.0_21" 220 183
127.0.0.1 - - [16/Nov/2014:20:06:48 -0500] "GET /opensso/namingservice HTTP/1.1" 200 7 "-" "Java/1.5.0_21" 220 183
123.125.71.102 - - [16/Nov/2014:20:06:50 -0500] "GET / HTTP/1.1" 302 237 "-" "Mozilla/5.0 (compatible; Baiduspider/2.0; +http://www.baidu.com/search/spider.html)" 183 506
127.0.0.1 - - [16/Nov/2014:20:07:10 -0500] "GET /opensso/namingservice HTTP/1.1" 200 7 "-" "Java/1.5.0_21" 220 183
220.181.108.183 - - [16/Nov/2014:20:07:15 -0500] "GET / HTTP/1.1" 302 237 "-" "Mozilla/5.0 (compatible; Baiduspider/2.0; +http://www.baidu.com/search/spider.html)" 183 506
127.0.0.1 - - [16/Nov/2014:20:07:18 -0500] "GET /opensso/namingservice HTTP/1.1" 200 7 "-" "Java/1.5.0_21" 220 183
76.104.126.35 - - [16/Nov/2014:20:07:20 -0500] "GET /opensso/identity/isTokenValid HTTP/1.1" 200 14 "-" "Moon%20Tours/1.0.0 CFNetwork/711.1.12 Darwin/14.0.0" 230 172
76.104.126.35 - - [16/Nov/2014:20:07:21 -0500] "GET /lmmpmobile/config-1.0.json HTTP/1.1" 200 1338 "-" "Moon%20Tours/1.0.0 CFNetwork/711.1.12 Darwin/14.0.0" 218 1666
76.104.126.35 - - [16/Nov/2014:20:07:21 -0500] "GET /opensso/UI/Login?module=Anonymous&org=appspub&goto=http%3A%2F%2Fpub.lmmp.nasa.gov%2Flmmpmobile%2Frefresh HTTP/1.1" 302 - "-" "Moon%20Tours/1.0.0 CFNetwork/711.1.12 Darwin/14.0.0" 305 932
76.104.126.35 - - [16/Nov/2014:20:07:21 -0500] "GET /lmmpmobile/refresh?iPlanetDirectoryPro=AQIC5wM2LY4SfcwSwsaBx5mKYriwnlpyaiZBuZ8Ka4GD%2Bgc%3D%40AAJTSQACMDE%3D%23 HTTP/1.1" 200 - "-" "Moon%20Tours/1.0.0 CFNetwork/711.1.12 Darwin/14.0.0" 421 316
76.104.126.35 - - [16/Nov/2014:20:07:24 -0500] "GET /arcgis/rest/services/ERGraticule/MapServer?f=json HTTP/1.1" 200 - "arcgisios" "ArcGISiOS-2.3.2/8.1/iPad2,4" 355 0
127.0.0.1 - - [16/Nov/2014:20:07:40 -0500] "GET /opensso/namingservice HTTP/1.1" 200 7 "-" "Java/1.5.0_21" 220 183
76.104.126.35 - - [16/Nov/2014:20:07:24 -0500] "GET /arcgis/rest/services/CombinedNomenclature/MapServer?f=json HTTP/1.1" 200 807 "arcgisios" "ArcGISiOS-2.3.2/8.1/iPad2,4" 364 1070
76.104.126.35 - - [16/Nov/2014:20:07:24 -0500] "GET /arcgis/rest/services/ERGraticule/MapServer?f=json HTTP/1.1" 200 701 "arcgisios" "ArcGISiOS-2.3.2/8.1/iPad2,4" 355 965
127.0.0.1 - - [16/Nov/2014:20:07:48 -0500] "GET /opensso/namingservice HTTP/1.1" 200 7 "-" "Java/1.5.0_21" 220 183
127.0.0.1 - - [16/Nov/2014:20:08:10 -0500] "GET /opensso/namingservice HTTP/1.1" 200 7 "-" "Java/1.5.0_21" 220 183
127.0.0.1 - - [16/Nov/2014:20:08:18 -0500] "GET /opensso/namingservice HTTP/1.1" 200 7 "-" "Java/1.5.0_21" 220 183
127.0.0.1 - - [16/Nov/2014:20:08:40 -0500] "GET /opensso/namingservice HTTP/1.1" 200 7 "-" "Java/1.5.0_21" 220 183
127.0.0.1 - - [16/Nov/2014:20:08:48 -0500] "GET /opensso/namingservice HTTP/1.1" 200 7 "-" "Java/1.5.0_21" 220 183
127.0.0.1 - - [16/Nov/2014:20:09:10 -0500] "GET /opensso/namingservice HTTP/1.1" 200 7 "-" "Java/1.5.0_21" 220 183
127.0.0.1 - - [16/Nov/2014:20:09:18 -0500] "GET /opensso/namingservice HTTP/1.1" 200 7 "-" "Java/1.5.0_21" 220 183
127.0.0.1 - - [16/Nov/2014:20:09:40 -0500] "GET /opensso/namingservice HTTP/1.1" 200 7 "-" "Java/1.5.0_21" 220 183
127.0.0.1 - - [16/Nov/2014:20:09:48 -0500] "GET /opensso/namingservice HTTP/1.1" 200 7 "-" "Java/1.5.0_21" 220 183
66.249.67.119 - - [16/Nov/2014:20:10:09 -0500] "GET /redmine/projects/lmmpwiki/activity?from=1939-09-12&show_news=1 HTTP/1.1" 200 4917 "-" "Mozilla/5.0 (compatible; Googlebot/2.1; +http://www.google.com/bot.html)" 293 5479
127.0.0.1 - - [16/Nov/2014:20:10:10 -0500] "GET /opensso/namingservice HTTP/1.1" 200 7 "-" "Java/1.5.0_21" 220 183
127.0.0.1 - - [16/Nov/2014:20:10:18 -0500] "GET /opensso/namingservice HTTP/1.1" 200 7 "-" "Java/1.5.0_21" 220 183
127.0.0.1 - - [16/Nov/2014:20:10:40 -0500] "GET /opensso/namingservice HTTP/1.1" 200 7 "-" "Java/1.5.0_21" 220 183
127.0.0.1 - - [16/Nov/2014:20:10:48 -0500] "GET /opensso/namingservice HTTP/1.1" 200 7 "-" "Java/1.5.0_21" 220 183
127.0.0.1 - - [16/Nov/2014:20:11:10 -0500] "GET /opensso/namingservice HTTP/1.1" 200 7 "-" "Java/1.5.0_21" 220 183
127.0.0.1 - - [16/Nov/2014:20:11:18 -0500] "GET /opensso/namingservice HTTP/1.1" 200 7 "-" "Java/1.5.0_21" 220 183
127.0.0.1 - - [16/Nov/2014:20:11:40 -0500] "GET /opensso/namingservice HTTP/1.1" 200 7 "-" "Java/1.5.0_21" 220 183
127.0.0.1 - - [16/Nov/2014:20:11:48 -0500] "GET /opensso/namingservice HTTP/1.1" 200 7 "-" "Java/1.5.0_21" 220 183
127.0.0.1 - - [16/Nov/2014:20:12:10 -0500] "GET /opensso/namingservice HTTP/1.1" 200 7 "-" "Java/1.5.0_21" 220 183
127.0.0.1 - - [16/Nov/2014:20:12:18 -0500] "GET /opensso/namingservice HTTP/1.1" 200 7 "-" "Java/1.5.0_21" 220 183
207.151.223.198 - - [16/Nov/2014:20:12:24 -0500] "GET /LMMPUI/LMMP_CLIENT/LMMP.html HTTP/1.1" 200 8973 "-" "Mozilla/5.0 (compatible; MSIE 7.01; Windows NT 5.0)" 149 9247
207.151.223.198 - - [16/Nov/2014:20:12:26 -0500] "GET /LMMPUI/LMMP_CLIENT/LMMP.html HTTP/1.1" 200 8973 "-" "Mozilla/5.0 (compatible; MSIE 7.01; Windows NT 5.0)" 149 9247
207.151.223.198 - - [16/Nov/2014:20:12:38 -0500] "GET /LMMPUI/LMMP_CLIENT/LMMP.html HTTP/1.1" 200 8973 "-" "Mozilla/5.0 (compatible; MSIE 7.01; Windows NT 5.0)" 149 9247
127.0.0.1 - - [16/Nov/2014:20:12:40 -0500] "GET /opensso/namingservice HTTP/1.1" 200 7 "-" "Java/1.5.0_21" 220 183
207.151.223.198 - - [16/Nov/2014:20:12:42 -0500] "GET /LMMPUI/LMMP_CLIENT/LMMP.html HTTP/1.1" 200 8973 "-" "Mozilla/5.0 (compatible; MSIE 7.01; Windows NT 5.0)" 149 9247
127.0.0.1 - - [16/Nov/2014:20:12:48 -0500] "GET /opensso/namingservice HTTP/1.1" 200 7 "-" "Java/1.5.0_21" 220 183
207.151.223.198 - - [16/Nov/2014:20:12:58 -0500] "GET /LMMPUI/LMMP_CLIENT/LMMP.html HTTP/1.1" 200 8973 "-" "Mozilla/5.0 (compatible; MSIE 7.01; Windows NT 5.0)" 149 9247
207.151.223.198 - - [16/Nov/2014:20:12:58 -0500] "GET /LMMPUI/LMMP_CLIENT/LMMP.html HTTP/1.1" 200 8973 "-" "Mozilla/5.0 (compatible; MSIE 7.01; Windows NT 5.0)" 149 9247
127.0.0.1 - - [16/Nov/2014:20:13:10 -0500] "GET /opensso/namingservice HTTP/1.1" 200 7 "-" "Java/1.5.0_21" 220 183
127.0.0.1 - - [16/Nov/2014:20:13:18 -0500] "GET /opensso/namingservice HTTP/1.1" 200 7 "-" "Java/1.5.0_21" 220 183
127.0.0.1 - - [16/Nov/2014:20:13:40 -0500] "GET /opensso/namingservice HTTP/1.1" 200 7 "-" "Java/1.5.0_21" 220 183
127.0.0.1 - - [16/Nov/2014:20:13:48 -0500] "GET /opensso/namingservice HTTP/1.1" 200 7 "-" "Java/1.5.0_21" 220 183
66.249.67.103 - - [16/Nov/2014:20:14:01 -0500] "GET /redmine/projects/lmmpwiki/activity?from=1926-11-20&show_news=1 HTTP/1.1" 200 4917 "-" "Mozilla/5.0 (compatible; Googlebot/2.1; +http://www.google.com/bot.html)" 293 5479
207.151.223.198 - - [16/Nov/2014:20:14:08 -0500] "GET /LMMPUI/LMMP_CLIENT/LMMP.html HTTP/1.0" 200 8973 "-" "Mozilla/5.0 (compatible; MSIE 7.01; Windows NT 5.0)" 149 9266
127.0.0.1 - - [16/Nov/2014:20:14:10 -0500] "GET /opensso/namingservice HTTP/1.1" 200 7 "-" "Java/1.5.0_21" 220 183
127.0.0.1 - - [16/Nov/2014:20:14:18 -0500] "GET /opensso/namingservice HTTP/1.1" 200 7 "-" "Java/1.5.0_21" 220 183
127.0.0.1 - - [16/Nov/2014:20:14:40 -0500] "GET /opensso/namingservice HTTP/1.1" 200 7 "-" "Java/1.5.0_21" 220 183
127.0.0.1 - - [16/Nov/2014:20:14:48 -0500] "GET /opensso/namingservice HTTP/1.1" 200 7 "-" "Java/1.5.0_21" 220 183
127.0.0.1 - - [16/Nov/2014:20:15:10 -0500] "GET /opensso/namingservice HTTP/1.1" 200 7 "-" "Java/1.5.0_21" 220 183
127.0.0.1 - - [16/Nov/2014:20:15:18 -0500] "GET /opensso/namingservice HTTP/1.1" 200 7 "-" "Java/1.5.0_21" 220 183
127.0.0.1 - - [16/Nov/2014:20:15:40 -0500] "GET /opensso/namingservice HTTP/1.1" 200 7 "-" "Java/1.5.0_21" 220 183
127.0.0.1 - - [16/Nov/2014:20:15:48 -0500] "GET /opensso/namingservice HTTP/1.1" 200 7 "-" "Java/1.5.0_21" 220 183
198.84.246.73 - - [16/Nov/2014:20:15:55 -0500] "GET /lmmpmobile/config-1.0.json HTTP/1.1" 200 1338 "-" "Moon%20Tours/1.0.0 CFNetwork/672.0.8 Darwin/14.0.0" 217 1666
198.84.246.73 - - [16/Nov/2014:20:15:55 -0500] "GET /opensso/identity/isTokenValid HTTP/1.1" 200 14 "-" "Moon%20Tours/1.0.0 CFNetwork/672.0.8 Darwin/14.0.0" 229 172
198.84.246.73 - - [16/Nov/2014:20:15:55 -0500] "GET /opensso/UI/Login?module=Anonymous&org=appspub&goto=http%3A%2F%2Fpub.lmmp.nasa.gov%2Flmmpmobile%2Frefresh HTTP/1.1" 302 - "-" "Moon%20Tours/1.0.0 CFNetwork/672.0.8 Darwin/14.0.0" 304 930
198.84.246.73 - - [16/Nov/2014:20:15:55 -0500] "GET /lmmpmobile/refresh?iPlanetDirectoryPro=AQIC5wM2LY4SfcxhHYGBw5be5vrvN6LKjmOdLlAYZ0VESH0%3D%40AAJTSQACMDE%3D%23 HTTP/1.1" 200 - "-" "Moon%20Tours/1.0.0 CFNetwork/672.0.8 Darwin/14.0.0" 418 316
198.84.246.73 - - [16/Nov/2014:20:15:58 -0500] "GET /lmmpmobile/bookmarks-1.0.2.json HTTP/1.1" 200 11401 "-" "Moon%20Tours/1.0.0 CFNetwork/672.0.8 Darwin/14.0.0" 331 11730
198.84.246.73 - - [16/Nov/2014:20:15:58 -0500] "GET /lmmpmobile/pages/about-1.0.2.html HTTP/1.1" 200 2716 "-" "Moon%20Tours/1.0.0 CFNetwork/672.0.8 Darwin/14.0.0" 333 3036
198.84.246.73 - - [16/Nov/2014:20:15:58 -0500] "GET /lmmpmobile/pages/help-1.0.2.html HTTP/1.1" 200 6781 "-" "Moon%20Tours/1.0.0 CFNetwork/672.0.8 Darwin/14.0.0" 332 7103
