203.133.169.215 - - [06/Jul/2016:00:05:20 -0400] "GET /redmine/javascripts/dragdrop.js?1296684277 HTTP/1.1" 200 31103 "http://pub.lmmp.nasa.gov/redmine/activity?from=2016-05-26&show_changesets=1&user_id=1" "Mozilla/5.0 (Unknown; Linux x86_64) AppleWebKit/534.34 (KHTML, like Gecko) PhantomJS/1.9.7 Daum Raam Edition b20140820 Safari/534.34" 413 31345
203.133.169.215 - - [06/Jul/2016:00:05:20 -0400] "GET /redmine/javascripts/application.js?1296684277 HTTP/1.1" 200 7727 "http://pub.lmmp.nasa.gov/redmine/activity?from=2016-05-26&show_changesets=1&user_id=1" "Mozilla/5.0 (Unknown; Linux x86_64) AppleWebKit/534.34 (KHTML, like Gecko) PhantomJS/1.9.7 Daum Raam Edition b20140820 Safari/534.34" 416 7968
203.133.169.215 - - [06/Jul/2016:00:05:21 -0400] "GET /redmine/stylesheets/jstoolbar.css?1296684278 HTTP/1.1" 200 1937 "http://pub.lmmp.nasa.gov/redmine/activity?from=2016-05-26&show_changesets=1&user_id=1" "Mozilla/5.0 (Unknown; Linux x86_64) AppleWebKit/534.34 (KHTML, like Gecko) PhantomJS/1.9.7 Daum Raam Edition b20140820 Safari/534.34" 430 2169
203.133.169.215 - - [06/Jul/2016:00:05:20 -0400] "GET /redmine/javascripts/prototype.js?1296684278 HTTP/1.1" 200 129738 "http://pub.lmmp.nasa.gov/redmine/activity?from=2016-05-26&show_changesets=1&user_id=1" "Mozilla/5.0 (Unknown; Linux x86_64) AppleWebKit/534.34 (KHTML, like Gecko) PhantomJS/1.9.7 Daum Raam Edition b20140820 Safari/534.34" 414 129982
203.133.169.215 - - [06/Jul/2016:00:05:20 -0400] "GET /redmine/javascripts/effects.js?1296684277 HTTP/1.1" 200 38675 "http://pub.lmmp.nasa.gov/redmine/activity?from=2016-05-26&show_changesets=1&user_id=1" "Mozilla/5.0 (Unknown; Linux x86_64) AppleWebKit/534.34 (KHTML, like Gecko) PhantomJS/1.9.7 Daum Raam Edition b20140820 Safari/534.34" 412 38917
203.133.169.215 - - [06/Jul/2016:00:05:20 -0400] "GET /redmine/javascripts/controls.js?1296684277 HTTP/1.1" 200 34716 "http://pub.lmmp.nasa.gov/redmine/activity?from=2016-05-26&show_changesets=1&user_id=1" "Mozilla/5.0 (Unknown; Linux x86_64) AppleWebKit/534.34 (KHTML, like Gecko) PhantomJS/1.9.7 Daum Raam Edition b20140820 Safari/534.34" 413 34958
203.133.169.215 - - [06/Jul/2016:00:05:21 -0400] "GET /redmine/stylesheets/application.css HTTP/1.1" 200 35743 "http://pub.lmmp.nasa.gov/redmine/activity?from=2016-05-26&show_changesets=1&user_id=1" "Mozilla/5.0 (Unknown; Linux x86_64) AppleWebKit/534.34 (KHTML, like Gecko) PhantomJS/1.9.7 Daum Raam Edition b20140820 Safari/534.34" 421 35977
127.0.0.1 - - [06/Jul/2016:00:05:32 -0400] "GET /opensso/namingservice HTTP/1.1" 200 7 "-" "Java/1.5.0_21" 220 183
127.0.0.1 - - [06/Jul/2016:00:05:48 -0400] "GET /opensso/namingservice HTTP/1.1" 200 7 "-" "Java/1.5.0_21" 220 183
127.0.0.1 - - [06/Jul/2016:00:06:02 -0400] "GET /opensso/namingservice HTTP/1.1" 200 7 "-" "Java/1.5.0_21" 220 183
127.0.0.1 - - [06/Jul/2016:00:06:18 -0400] "GET /opensso/namingservice HTTP/1.1" 200 7 "-" "Java/1.5.0_21" 220 183
203.133.169.215 - - [06/Jul/2016:00:06:31 -0400] "GET /redmine/activity?from=2016-04-26&show_wiki_edits=1 HTTP/1.1" 200 5458 "-" "Mozilla/5.0 (compatible; MSIE or Firefox mutant;) Daum 4.1" 391 6020
66.249.64.253 - - [06/Jul/2016:00:06:31 -0400] "GET /redmine/projects/lmmpwiki/activity?from=1744-09-09 HTTP/1.1" 200 4829 "-" "Mozilla/5.0 (compatible; Googlebot/2.1; +http://www.google.com/bot.html)" 676 9517
127.0.0.1 - - [06/Jul/2016:00:06:32 -0400] "GET /opensso/namingservice HTTP/1.1" 200 7 "-" "Java/1.5.0_21" 220 183
127.0.0.1 - - [06/Jul/2016:00:06:48 -0400] "GET /opensso/namingservice HTTP/1.1" 200 7 "-" "Java/1.5.0_21" 220 183
203.133.169.215 - - [06/Jul/2016:00:06:48 -0400] "GET /redmine/themes/basecamp/stylesheets/application.css?1296725292 HTTP/1.1" 200 6116 "http://pub.lmmp.nasa.gov/redmine/activity?from=2016-04-26&show_wiki_edits=1" "Mozilla/5.0 (Unknown; Linux x86_64) AppleWebKit/534.34 (KHTML, like Gecko) PhantomJS/1.9.7 Daum Raam Edition b20140820 Safari/534.34" 438 6350
203.133.169.215 - - [06/Jul/2016:00:06:48 -0400] "GET /redmine/javascripts/dragdrop.js?1296684277 HTTP/1.1" 200 31103 "http://pub.lmmp.nasa.gov/redmine/activity?from=2016-04-26&show_wiki_edits=1" "Mozilla/5.0 (Unknown; Linux x86_64) AppleWebKit/534.34 (KHTML, like Gecko) PhantomJS/1.9.7 Daum Raam Edition b20140820 Safari/534.34" 403 31345
203.133.169.215 - - [06/Jul/2016:00:06:48 -0400] "GET /redmine/javascripts/application.js?1296684277 HTTP/1.1" 200 7727 "http://pub.lmmp.nasa.gov/redmine/activity?from=2016-04-26&show_wiki_edits=1" "Mozilla/5.0 (Unknown; Linux x86_64) AppleWebKit/534.34 (KHTML, like Gecko) PhantomJS/1.9.7 Daum Raam Edition b20140820 Safari/534.34" 406 7968
203.133.169.215 - - [06/Jul/2016:00:06:49 -0400] "GET /redmine/stylesheets/jstoolbar.css?1296684278 HTTP/1.1" 200 1937 "http://pub.lmmp.nasa.gov/redmine/activity?from=2016-04-26&show_wiki_edits=1" "Mozilla/5.0 (Unknown; Linux x86_64) AppleWebKit/534.34 (KHTML, like Gecko) PhantomJS/1.9.7 Daum Raam Edition b20140820 Safari/534.34" 420 2169
203.133.169.215 - - [06/Jul/2016:00:06:48 -0400] "GET /redmine/javascripts/prototype.js?1296684278 HTTP/1.1" 200 129738 "http://pub.lmmp.nasa.gov/redmine/activity?from=2016-04-26&show_wiki_edits=1" "Mozilla/5.0 (Unknown; Linux x86_64) AppleWebKit/534.34 (KHTML, like Gecko) PhantomJS/1.9.7 Daum Raam Edition b20140820 Safari/534.34" 404 129982
203.133.169.215 - - [06/Jul/2016:00:06:48 -0400] "GET /redmine/javascripts/effects.js?1296684277 HTTP/1.1" 200 38675 "http://pub.lmmp.nasa.gov/redmine/activity?from=2016-04-26&show_wiki_edits=1" "Mozilla/5.0 (Unknown; Linux x86_64) AppleWebKit/534.34 (KHTML, like Gecko) PhantomJS/1.9.7 Daum Raam Edition b20140820 Safari/534.34" 402 38917
203.133.169.215 - - [06/Jul/2016:00:06:48 -0400] "GET /redmine/javascripts/controls.js?1296684277 HTTP/1.1" 200 34716 "http://pub.lmmp.nasa.gov/redmine/activity?from=2016-04-26&show_wiki_edits=1" "Mozilla/5.0 (Unknown; Linux x86_64) AppleWebKit/534.34 (KHTML, like Gecko) PhantomJS/1.9.7 Daum Raam Edition b20140820 Safari/534.34" 403 34958
203.133.169.215 - - [06/Jul/2016:00:06:49 -0400] "GET /redmine/stylesheets/application.css HTTP/1.1" 200 35743 "http://pub.lmmp.nasa.gov/redmine/activity?from=2016-04-26&show_wiki_edits=1" "Mozilla/5.0 (Unknown; Linux x86_64) AppleWebKit/534.34 (KHTML, like Gecko) PhantomJS/1.9.7 Daum Raam Edition b20140820 Safari/534.34" 411 35977
127.0.0.1 - - [06/Jul/2016:00:07:02 -0400] "GET /opensso/namingservice HTTP/1.1" 200 7 "-" "Java/1.5.0_21" 220 183
127.0.0.1 - - [06/Jul/2016:00:07:18 -0400] "GET /opensso/namingservice HTTP/1.1" 200 7 "-" "Java/1.5.0_21" 220 183
66.249.64.223 - - [06/Jul/2016:00:07:05 -0400] "GET /ArcGIS/rest/services/DefaultSP/MapServer/tile/6/1/0 HTTP/1.1" 500 1208 "-" "Mozilla/5.0 (compatible; Googlebot/2.1; +http://www.google.com/bot.html)" 345 1431
127.0.0.1 - - [06/Jul/2016:00:07:32 -0400] "GET /opensso/namingservice HTTP/1.1" 200 7 "-" "Java/1.5.0_21" 220 183
66.249.64.218 - - [06/Jul/2016:00:07:35 -0400] "GET /redmine/issues/gantt?month=4&months=6&year=1063&zoom=3 HTTP/1.1" 200 51310 "-" "Mozilla/5.0 (compatible; Googlebot/2.1; +http://www.google.com/bot.html)" 348 51999
127.0.0.1 - - [06/Jul/2016:00:07:48 -0400] "GET /opensso/namingservice HTTP/1.1" 200 7 "-" "Java/1.5.0_21" 220 183
127.0.0.1 - - [06/Jul/2016:00:08:02 -0400] "GET /opensso/namingservice HTTP/1.1" 200 7 "-" "Java/1.5.0_21" 220 183
66.249.64.218 - - [06/Jul/2016:00:08:07 -0400] "GET /redmine/projects/lmmpwiki/activity?from=1969-04-21 HTTP/1.1" 200 4829 "-" "Mozilla/5.0 (compatible; Googlebot/2.1; +http://www.google.com/bot.html)" 344 5391
127.0.0.1 - - [06/Jul/2016:00:08:18 -0400] "GET /opensso/namingservice HTTP/1.1" 200 7 "-" "Java/1.5.0_21" 220 183
127.0.0.1 - - [06/Jul/2016:00:08:32 -0400] "GET /opensso/namingservice HTTP/1.1" 200 7 "-" "Java/1.5.0_21" 220 183
66.249.64.218 - - [06/Jul/2016:00:08:42 -0400] "GET /redmine/activity?from=1967-06-29&show_news=1&user_id=1 HTTP/1.1" 200 5677 "-" "Mozilla/5.0 (compatible; Googlebot/2.1; +http://www.google.com/bot.html)" 348 6239
127.0.0.1 - - [06/Jul/2016:00:08:48 -0400] "GET /opensso/namingservice HTTP/1.1" 200 7 "-" "Java/1.5.0_21" 220 183
127.0.0.1 - - [06/Jul/2016:00:09:02 -0400] "GET /opensso/namingservice HTTP/1.1" 200 7 "-" "Java/1.5.0_21" 220 183
66.249.64.218 - - [06/Jul/2016:00:09:17 -0400] "GET /redmine/activity?from=1991-11-11&show_news=1 HTTP/1.1" 200 5361 "-" "Mozilla/5.0 (compatible; Googlebot/2.1; +http://www.google.com/bot.html)" 338 5923
127.0.0.1 - - [06/Jul/2016:00:09:18 -0400] "GET /opensso/namingservice HTTP/1.1" 200 7 "-" "Java/1.5.0_21" 220 183
127.0.0.1 - - [06/Jul/2016:00:09:32 -0400] "GET /opensso/namingservice HTTP/1.1" 200 7 "-" "Java/1.5.0_21" 220 183
127.0.0.1 - - [06/Jul/2016:00:09:48 -0400] "GET /opensso/namingservice HTTP/1.1" 200 7 "-" "Java/1.5.0_21" 220 183
66.249.64.253 - - [06/Jul/2016:00:09:52 -0400] "GET /redmine/activity?from=1950-09-27&show_files=1&user_id=1 HTTP/1.1" 200 5683 "-" "Mozilla/5.0 (compatible; Googlebot/2.1; +http://www.google.com/bot.html)" 692 10365
127.0.0.1 - - [06/Jul/2016:00:10:02 -0400] "GET /opensso/namingservice HTTP/1.1" 200 7 "-" "Java/1.5.0_21" 220 183
127.0.0.1 - - [06/Jul/2016:00:10:18 -0400] "GET /opensso/namingservice HTTP/1.1" 200 7 "-" "Java/1.5.0_21" 220 183
66.249.64.253 - - [06/Jul/2016:00:10:27 -0400] "GET /redmine/activity?from=1976-04-10 HTTP/1.1" 200 5345 "-" "Mozilla/5.0 (compatible; Googlebot/2.1; +http://www.google.com/bot.html)" 660 10029
127.0.0.1 - - [06/Jul/2016:00:10:32 -0400] "GET /opensso/namingservice HTTP/1.1" 200 7 "-" "Java/1.5.0_21" 220 183
127.0.0.1 - - [06/Jul/2016:00:10:48 -0400] "GET /opensso/namingservice HTTP/1.1" 200 7 "-" "Java/1.5.0_21" 220 183
127.0.0.1 - - [06/Jul/2016:00:11:02 -0400] "GET /opensso/namingservice HTTP/1.1" 200 7 "-" "Java/1.5.0_21" 220 183
66.249.64.218 - - [06/Jul/2016:00:11:04 -0400] "GET /redmine/projects/lmmpwiki/activity?from=1909-09-07&show_news=1 HTTP/1.1" 200 4917 "-" "Mozilla/5.0 (compatible; Googlebot/2.1; +http://www.google.com/bot.html)" 356 5479
127.0.0.1 - - [06/Jul/2016:00:11:18 -0400] "GET /opensso/namingservice HTTP/1.1" 200 7 "-" "Java/1.5.0_21" 220 183
127.0.0.1 - - [06/Jul/2016:00:11:32 -0400] "GET /opensso/namingservice HTTP/1.1" 200 7 "-" "Java/1.5.0_21" 220 183
66.249.64.253 - - [06/Jul/2016:00:11:46 -0400] "GET /redmine/activity?from=1984-03-10&show_changesets=1&user_id=1 HTTP/1.1" 200 5713 "-" "Mozilla/5.0 (compatible; Googlebot/2.1; +http://www.google.com/bot.html)" 692 10397
127.0.0.1 - - [06/Jul/2016:00:11:48 -0400] "GET /opensso/namingservice HTTP/1.1" 200 7 "-" "Java/1.5.0_21" 220 183
127.0.0.1 - - [06/Jul/2016:00:12:02 -0400] "GET /opensso/namingservice HTTP/1.1" 200 7 "-" "Java/1.5.0_21" 220 183
127.0.0.1 - - [06/Jul/2016:00:12:18 -0400] "GET /opensso/namingservice HTTP/1.1" 200 7 "-" "Java/1.5.0_21" 220 183
66.249.64.253 - - [06/Jul/2016:00:12:27 -0400] "GET /redmine/activity?from=1984-02-09&show_changesets=1&user_id=1 HTTP/1.1" 200 5713 "-" "Mozilla/5.0 (compatible; Googlebot/2.1; +http://www.google.com/bot.html)" 692 10397
66.249.64.218 - - [06/Jul/2016:00:12:30 -0400] "GET /redmine/activity?from=1991-10-12&show_news=1 HTTP/1.1" 200 5361 "-" "Mozilla/5.0 (compatible; Googlebot/2.1; +http://www.google.com/bot.html)" 338 5923
127.0.0.1 - - [06/Jul/2016:00:12:32 -0400] "GET /opensso/namingservice HTTP/1.1" 200 7 "-" "Java/1.5.0_21" 220 183
66.249.64.218 - - [06/Jul/2016:00:12:43 -0400] "GET /redmine/projects/lmmpwiki/activity?from=1969-03-22 HTTP/1.1" 200 4829 "-" "Mozilla/5.0 (compatible; Googlebot/2.1; +http://www.google.com/bot.html)" 344 5391
66.249.64.253 - - [06/Jul/2016:00:12:44 -0400] "GET /redmine/activity?from=1976-03-11 HTTP/1.1" 200 5345 "-" "Mozilla/5.0 (compatible; Googlebot/2.1; +http://www.google.com/bot.html)" 660 10029
66.249.64.218 - - [06/Jul/2016:00:12:45 -0400] "GET /redmine/activity?from=1967-07-29&show_news=1&user_id=1 HTTP/1.1" 200 5677 "-" "Mozilla/5.0 (compatible; Googlebot/2.1; +http://www.google.com/bot.html)" 348 6238
66.249.64.218 - - [06/Jul/2016:00:12:46 -0400] "GET /redmine/issues/gantt?month=10&months=6&year=1063&zoom=3 HTTP/1.1" 200 51321 "-" "Mozilla/5.0 (compatible; Googlebot/2.1; +http://www.google.com/bot.html)" 349 52009
66.249.64.253 - - [06/Jul/2016:00:12:46 -0400] "GET /redmine/projects/lmmpwiki/activity?from=1744-08-10 HTTP/1.1" 200 4829 "-" "Mozilla/5.0 (compatible; Googlebot/2.1; +http://www.google.com/bot.html)" 373 5466
66.249.64.253 - - [06/Jul/2016:00:12:47 -0400] "GET /redmine/activity?from=1950-10-27&show_files=1&user_id=1 HTTP/1.1" 200 5683 "-" "Mozilla/5.0 (compatible; Googlebot/2.1; +http://www.google.com/bot.html)" 389 6314
127.0.0.1 - - [06/Jul/2016:00:12:48 -0400] "GET /opensso/namingservice HTTP/1.1" 200 7 "-" "Java/1.5.0_21" 220 183
66.249.64.218 - - [06/Jul/2016:00:12:49 -0400] "GET /redmine/projects/lmmpwiki/activity?from=1909-10-07&show_news=1 HTTP/1.1" 200 4917 "-" "Mozilla/5.0 (compatible; Googlebot/2.1; +http://www.google.com/bot.html)" 356 5478
127.0.0.1 - - [06/Jul/2016:00:13:02 -0400] "GET /opensso/namingservice HTTP/1.1" 200 7 "-" "Java/1.5.0_21" 220 183
127.0.0.1 - - [06/Jul/2016:00:13:18 -0400] "GET /opensso/namingservice HTTP/1.1" 200 7 "-" "Java/1.5.0_21" 220 183
127.0.0.1 - - [06/Jul/2016:00:13:32 -0400] "GET /opensso/namingservice HTTP/1.1" 200 7 "-" "Java/1.5.0_21" 220 183
127.0.0.1 - - [06/Jul/2016:00:13:48 -0400] "GET /opensso/namingservice HTTP/1.1" 200 7 "-" "Java/1.5.0_21" 220 183
127.0.0.1 - - [06/Jul/2016:00:14:02 -0400] "GET /opensso/namingservice HTTP/1.1" 200 7 "-" "Java/1.5.0_21" 220 183
127.0.0.1 - - [06/Jul/2016:00:14:18 -0400] "GET /opensso/namingservice HTTP/1.1" 200 7 "-" "Java/1.5.0_21" 220 183
127.0.0.1 - - [06/Jul/2016:00:14:32 -0400] "GET /opensso/namingservice HTTP/1.1" 200 7 "-" "Java/1.5.0_21" 220 183
127.0.0.1 - - [06/Jul/2016:00:14:48 -0400] "GET /opensso/namingservice HTTP/1.1" 200 7 "-" "Java/1.5.0_21" 220 183
127.0.0.1 - - [06/Jul/2016:00:15:02 -0400] "GET /opensso/namingservice HTTP/1.1" 200 7 "-" "Java/1.5.0_21" 220 183
127.0.0.1 - - [06/Jul/2016:00:15:18 -0400] "GET /opensso/namingservice HTTP/1.1" 200 7 "-" "Java/1.5.0_21" 220 183
127.0.0.1 - - [06/Jul/2016:00:15:32 -0400] "GET /opensso/namingservice HTTP/1.1" 200 7 "-" "Java/1.5.0_21" 220 183
127.0.0.1 - - [06/Jul/2016:00:15:48 -0400] "GET /opensso/namingservice HTTP/1.1" 200 7 "-" "Java/1.5.0_21" 220 183
127.0.0.1 - - [06/Jul/2016:00:16:02 -0400] "GET /opensso/namingservice HTTP/1.1" 200 7 "-" "Java/1.5.0_21" 220 183
127.0.0.1 - - [06/Jul/2016:00:16:18 -0400] "GET /opensso/namingservice HTTP/1.1" 200 7 "-" "Java/1.5.0_21" 220 183
127.0.0.1 - - [06/Jul/2016:00:16:32 -0400] "GET /opensso/namingservice HTTP/1.1" 200 7 "-" "Java/1.5.0_21" 220 183
127.0.0.1 - - [06/Jul/2016:00:16:48 -0400] "GET /opensso/namingservice HTTP/1.1" 200 7 "-" "Java/1.5.0_21" 220 183
66.249.64.228 - - [06/Jul/2016:00:16:58 -0400] "GET /redmine/projects/lmmpwiki/activity?from=1969-02-20 HTTP/1.1" 200 4829 "-" "Mozilla/5.0 (compatible; Googlebot/2.1; +http://www.google.com/bot.html)" 344 5391
127.0.0.1 - - [06/Jul/2016:00:17:02 -0400] "GET /opensso/namingservice HTTP/1.1" 200 7 "-" "Java/1.5.0_21" 220 183
66.249.64.139 - - [06/Jul/2016:00:17:14 -0400] "GET /redmine/activity?from=1976-02-10 HTTP/1.1" 200 5345 "-" "Mozilla/5.0 (compatible; Googlebot/2.1; +http://www.google.com/bot.html)" 660 10029
66.249.64.218 - - [06/Jul/2016:00:17:14 -0400] "GET /redmine/issues/gantt?month=2&months=6&year=1064&zoom=3 HTTP/1.1" 200 51191 "-" "Mozilla/5.0 (compatible; Googlebot/2.1; +http://www.google.com/bot.html)" 348 51880
66.249.64.228 - - [06/Jul/2016:00:17:15 -0400] "GET /redmine/activity?from=1967-08-28&show_news=1&user_id=1 HTTP/1.1" 200 5677 "-" "Mozilla/5.0 (compatible; Googlebot/2.1; +http://www.google.com/bot.html)" 348 6239
127.0.0.1 - - [06/Jul/2016:00:17:18 -0400] "GET /opensso/namingservice HTTP/1.1" 200 7 "-" "Java/1.5.0_21" 220 183
66.249.64.253 - - [06/Jul/2016:00:17:30 -0400] "GET /redmine/projects/lmmpwiki/activity?from=1744-07-11 HTTP/1.1" 200 4829 "-" "Mozilla/5.0 (compatible; Googlebot/2.1; +http://www.google.com/bot.html)" 676 9517
127.0.0.1 - - [06/Jul/2016:00:17:32 -0400] "GET /opensso/namingservice HTTP/1.1" 200 7 "-" "Java/1.5.0_21" 220 183
127.0.0.1 - - [06/Jul/2016:00:17:48 -0400] "GET /opensso/namingservice HTTP/1.1" 200 7 "-" "Java/1.5.0_21" 220 183
66.249.64.218 - - [06/Jul/2016:00:17:52 -0400] "GET /redmine/issues/gantt?month=4&months=6&year=1064&zoom=3 HTTP/1.1" 200 51310 "-" "Mozilla/5.0 (compatible; Googlebot/2.1; +http://www.google.com/bot.html)" 348 51999
127.0.0.1 - - [06/Jul/2016:00:18:02 -0400] "GET /opensso/namingservice HTTP/1.1" 200 7 "-" "Java/1.5.0_21" 220 183
127.0.0.1 - - [06/Jul/2016:00:18:18 -0400] "GET /opensso/namingservice HTTP/1.1" 200 7 "-" "Java/1.5.0_21" 220 183
66.249.64.218 - - [06/Jul/2016:00:18:21 -0400] "GET /redmine/issues/gantt?month=12&months=6&year=1063&zoom=3 HTTP/1.1" 200 51326 "-" "Mozilla/5.0 (compatible; Googlebot/2.1; +http://www.google.com/bot.html)" 349 52015
127.0.0.1 - - [06/Jul/2016:00:18:32 -0400] "GET /opensso/namingservice HTTP/1.1" 200 7 "-" "Java/1.5.0_21" 220 183
127.0.0.1 - - [06/Jul/2016:00:18:48 -0400] "GET /opensso/namingservice HTTP/1.1" 200 7 "-" "Java/1.5.0_21" 220 183
66.249.64.218 - - [06/Jul/2016:00:18:50 -0400] "GET /redmine/issues/gantt?month=11&months=6&year=1063&zoom=3 HTTP/1.1" 200 51210 "-" "Mozilla/5.0 (compatible; Googlebot/2.1; +http://www.google.com/bot.html)" 349 51900
127.0.0.1 - - [06/Jul/2016:00:19:02 -0400] "GET /opensso/namingservice HTTP/1.1" 200 7 "-" "Java/1.5.0_21" 220 183
127.0.0.1 - - [06/Jul/2016:00:19:18 -0400] "GET /opensso/namingservice HTTP/1.1" 200 7 "-" "Java/1.5.0_21" 220 183
66.249.64.218 - - [06/Jul/2016:00:19:18 -0400] "GET /redmine/issues/gantt?month=1&months=6&year=1064&zoom=3 HTTP/1.1" 200 51192 "-" "Mozilla/5.0 (compatible; Googlebot/2.1; +http://www.google.com/bot.html)" 348 51881
127.0.0.1 - - [06/Jul/2016:00:19:32 -0400] "GET /opensso/namingservice HTTP/1.1" 200 7 "-" "Java/1.5.0_21" 220 183
66.249.64.218 - - [06/Jul/2016:00:19:47 -0400] "GET /redmine/projects/lmmpwiki/activity?from=1909-11-06&show_news=1 HTTP/1.1" 200 4917 "-" "Mozilla/5.0 (compatible; Googlebot/2.1; +http://www.google.com/bot.html)" 356 5479
127.0.0.1 - - [06/Jul/2016:00:19:48 -0400] "GET /opensso/namingservice HTTP/1.1" 200 7 "-" "Java/1.5.0_21" 220 183
127.0.0.1 - - [06/Jul/2016:00:20:02 -0400] "GET /opensso/namingservice HTTP/1.1" 200 7 "-" "Java/1.5.0_21" 220 183
66.249.64.218 - - [06/Jul/2016:00:20:17 -0400] "GET /redmine/activity?from=1991-09-12&show_news=1 HTTP/1.1" 200 5361 "-" "Mozilla/5.0 (compatible; Googlebot/2.1; +http://www.google.com/bot.html)" 338 5923
127.0.0.1 - - [06/Jul/2016:00:20:18 -0400] "GET /opensso/namingservice HTTP/1.1" 200 7 "-" "Java/1.5.0_21" 220 183
127.0.0.1 - - [06/Jul/2016:00:20:32 -0400] "GET /opensso/namingservice HTTP/1.1" 200 7 "-" "Java/1.5.0_21" 220 183
66.249.64.253 - - [06/Jul/2016:00:20:47 -0400] "GET /redmine/activity?from=1984-01-10&show_changesets=1&user_id=1 HTTP/1.1" 200 5713 "-" "Mozilla/5.0 (compatible; Googlebot/2.1; +http://www.google.com/bot.html)" 692 10397
127.0.0.1 - - [06/Jul/2016:00:20:48 -0400] "GET /opensso/namingservice HTTP/1.1" 200 7 "-" "Java/1.5.0_21" 220 183
127.0.0.1 - - [06/Jul/2016:00:21:02 -0400] "GET /opensso/namingservice HTTP/1.1" 200 7 "-" "Java/1.5.0_21" 220 183
127.0.0.1 - - [06/Jul/2016:00:21:18 -0400] "GET /opensso/namingservice HTTP/1.1" 200 7 "-" "Java/1.5.0_21" 220 183
127.0.0.1 - - [06/Jul/2016:00:21:32 -0400] "GET /opensso/namingservice HTTP/1.1" 200 7 "-" "Java/1.5.0_21" 220 183
66.249.64.218 - - [06/Jul/2016:00:21:40 -0400] "GET /redmine/activity?from=1991-08-13&show_news=1 HTTP/1.1" 200 5361 "-" "Mozilla/5.0 (compatible; Googlebot/2.1; +http://www.google.com/bot.html)" 338 5923
66.249.64.218 - - [06/Jul/2016:00:21:41 -0400] "GET /redmine/projects/lmmpwiki/activity?from=1909-12-06&show_news=1 HTTP/1.1" 200 4917 "-" "Mozilla/5.0 (compatible; Googlebot/2.1; +http://www.google.com/bot.html)" 356 5478
66.249.64.253 - - [06/Jul/2016:00:21:41 -0400] "GET /redmine/activity?from=1983-12-11&show_changesets=1&user_id=1 HTTP/1.1" 200 5713 "-" "Mozilla/5.0 (compatible; Googlebot/2.1; +http://www.google.com/bot.html)" 692 10397
66.249.64.253 - - [06/Jul/2016:00:21:42 -0400] "GET /redmine/activity?from=1976-01-11 HTTP/1.1" 200 5345 "-" "Mozilla/5.0 (compatible; Googlebot/2.1; +http://www.google.com/bot.html)" 357 5978
66.249.64.218 - - [06/Jul/2016:00:21:43 -0400] "GET /redmine/issues/gantt?month=8&months=6&year=1064&zoom=3 HTTP/1.1" 200 51554 "-" "Mozilla/5.0 (compatible; Googlebot/2.1; +http://www.google.com/bot.html)" 348 52242
66.249.64.218 - - [06/Jul/2016:00:21:44 -0400] "GET /redmine/activity?from=1967-09-27&show_news=1&user_id=1 HTTP/1.1" 200 5677 "-" "Mozilla/5.0 (compatible; Googlebot/2.1; +http://www.google.com/bot.html)" 348 6238
66.249.64.218 - - [06/Jul/2016:00:21:44 -0400] "GET /redmine/issues/gantt?month=5&months=6&year=1064&zoom=3 HTTP/1.1" 200 51459 "-" "Mozilla/5.0 (compatible; Googlebot/2.1; +http://www.google.com/bot.html)" 348 52147
127.0.0.1 - - [06/Jul/2016:00:21:48 -0400] "GET /opensso/namingservice HTTP/1.1" 200 7 "-" "Java/1.5.0_21" 220 183
127.0.0.1 - - [06/Jul/2016:00:22:02 -0400] "GET /opensso/namingservice HTTP/1.1" 200 7 "-" "Java/1.5.0_21" 220 183
127.0.0.1 - - [06/Jul/2016:00:22:18 -0400] "GET /opensso/namingservice HTTP/1.1" 200 7 "-" "Java/1.5.0_21" 220 183
66.249.64.253 - - [06/Jul/2016:00:22:25 -0400] "GET /redmine/projects/lmmpwiki/activity?from=1744-06-11 HTTP/1.1" 200 4829 "-" "Mozilla/5.0 (compatible; Googlebot/2.1; +http://www.google.com/bot.html)" 676 9517
127.0.0.1 - - [06/Jul/2016:00:22:32 -0400] "GET /opensso/namingservice HTTP/1.1" 200 7 "-" "Java/1.5.0_21" 220 183
127.0.0.1 - - [06/Jul/2016:00:22:48 -0400] "GET /opensso/namingservice HTTP/1.1" 200 7 "-" "Java/1.5.0_21" 220 183
127.0.0.1 - - [06/Jul/2016:00:23:02 -0400] "GET /opensso/namingservice HTTP/1.1" 200 7 "-" "Java/1.5.0_21" 220 183
66.249.64.218 - - [06/Jul/2016:00:23:13 -0400] "GET /redmine/projects/lmmpwiki/activity?from=1969-01-21 HTTP/1.1" 200 4829 "-" "Mozilla/5.0 (compatible; Googlebot/2.1; +http://www.google.com/bot.html)" 344 5391
127.0.0.1 - - [06/Jul/2016:00:23:18 -0400] "GET /opensso/namingservice HTTP/1.1" 200 7 "-" "Java/1.5.0_21" 220 183
127.0.0.1 - - [06/Jul/2016:00:23:32 -0400] "GET /opensso/namingservice HTTP/1.1" 200 7 "-" "Java/1.5.0_21" 220 183
127.0.0.1 - - [06/Jul/2016:00:23:48 -0400] "GET /opensso/namingservice HTTP/1.1" 200 7 "-" "Java/1.5.0_21" 220 183
66.249.64.218 - - [06/Jul/2016:00:23:53 -0400] "GET /redmine/issues/gantt?month=10&months=6&year=1064&zoom=3 HTTP/1.1" 200 51214 "-" "Mozilla/5.0 (compatible; Googlebot/2.1; +http://www.google.com/bot.html)" 349 51903
127.0.0.1 - - [06/Jul/2016:00:24:02 -0400] "GET /opensso/namingservice HTTP/1.1" 200 7 "-" "Java/1.5.0_21" 220 183
127.0.0.1 - - [06/Jul/2016:00:24:18 -0400] "GET /opensso/namingservice HTTP/1.1" 200 7 "-" "Java/1.5.0_21" 220 183
127.0.0.1 - - [06/Jul/2016:00:24:32 -0400] "GET /opensso/namingservice HTTP/1.1" 200 7 "-" "Java/1.5.0_21" 220 183
66.249.64.218 - - [06/Jul/2016:00:24:37 -0400] "GET /redmine/issues/gantt?month=9&months=6&year=1064&zoom=3 HTTP/1.1" 200 51103 "-" "Mozilla/5.0 (compatible; Googlebot/2.1; +http://www.google.com/bot.html)" 348 51793
127.0.0.1 - - [06/Jul/2016:00:24:48 -0400] "GET /opensso/namingservice HTTP/1.1" 200 7 "-" "Java/1.5.0_21" 220 183
127.0.0.1 - - [06/Jul/2016:00:25:02 -0400] "GET /opensso/namingservice HTTP/1.1" 200 7 "-" "Java/1.5.0_21" 220 183
127.0.0.1 - - [06/Jul/2016:00:25:18 -0400] "GET /opensso/namingservice HTTP/1.1" 200 7 "-" "Java/1.5.0_21" 220 183
66.249.64.218 - - [06/Jul/2016:00:25:21 -0400] "GET /redmine/issues/gantt?month=6&months=6&year=1064&zoom=3 HTTP/1.1" 200 51321 "-" "Mozilla/5.0 (compatible; Googlebot/2.1; +http://www.google.com/bot.html)" 348 52011
127.0.0.1 - - [06/Jul/2016:00:25:32 -0400] "GET /opensso/namingservice HTTP/1.1" 200 7 "-" "Java/1.5.0_21" 220 183
127.0.0.1 - - [06/Jul/2016:00:25:48 -0400] "GET /opensso/namingservice HTTP/1.1" 200 7 "-" "Java/1.5.0_21" 220 183
127.0.0.1 - - [06/Jul/2016:00:26:02 -0400] "GET /opensso/namingservice HTTP/1.1" 200 7 "-" "Java/1.5.0_21" 220 183
66.249.64.218 - - [06/Jul/2016:00:26:12 -0400] "GET /redmine/issues/gantt?month=4&months=6&year=1064&zoom=4 HTTP/1.1" 200 51250 "-" "Mozilla/5.0 (compatible; Googlebot/2.1; +http://www.google.com/bot.html)" 348 51939
127.0.0.1 - - [06/Jul/2016:00:26:18 -0400] "GET /opensso/namingservice HTTP/1.1" 200 7 "-" "Java/1.5.0_21" 220 183
127.0.0.1 - - [06/Jul/2016:00:26:32 -0400] "GET /opensso/namingservice HTTP/1.1" 200 7 "-" "Java/1.5.0_21" 220 183
127.0.0.1 - - [06/Jul/2016:00:26:48 -0400] "GET /opensso/namingservice HTTP/1.1" 200 7 "-" "Java/1.5.0_21" 220 183
127.0.0.1 - - [06/Jul/2016:00:27:02 -0400] "GET /opensso/namingservice HTTP/1.1" 200 7 "-" "Java/1.5.0_21" 220 183
66.249.64.253 - - [06/Jul/2016:00:27:03 -0400] "GET /redmine/projects/lmmpwiki/activity?from=1744-05-12 HTTP/1.1" 200 4829 "-" "Mozilla/5.0 (compatible; Googlebot/2.1; +http://www.google.com/bot.html)" 676 9517
66.249.64.218 - - [06/Jul/2016:00:27:04 -0400] "GET /redmine/issues/gantt?month=9&months=6&year=1064&zoom=4 HTTP/1.1" 200 51042 "-" "Mozilla/5.0 (compatible; Googlebot/2.1; +http://www.google.com/bot.html)" 348 51731
127.0.0.1 - - [06/Jul/2016:00:27:18 -0400] "GET /opensso/namingservice HTTP/1.1" 200 7 "-" "Java/1.5.0_21" 220 183
66.249.64.218 - - [06/Jul/2016:00:27:20 -0400] "GET /redmine/issues/gantt?month=10&months=6&year=1064&zoom=4 HTTP/1.1" 200 51151 "-" "Mozilla/5.0 (compatible; Googlebot/2.1; +http://www.google.com/bot.html)" 349 51840
66.249.64.218 - - [06/Jul/2016:00:27:29 -0400] "GET /redmine/projects/lmmpwiki/activity?from=1968-12-22 HTTP/1.1" 200 4829 "-" "Mozilla/5.0 (compatible; Googlebot/2.1; +http://www.google.com/bot.html)" 344 5391
127.0.0.1 - - [06/Jul/2016:00:27:32 -0400] "GET /opensso/namingservice HTTP/1.1" 200 7 "-" "Java/1.5.0_21" 220 183
66.249.64.218 - - [06/Jul/2016:00:27:38 -0400] "GET /redmine/issues/gantt?month=6&months=6&year=1064&zoom=4 HTTP/1.1" 200 51261 "-" "Mozilla/5.0 (compatible; Googlebot/2.1; +http://www.google.com/bot.html)" 348 51950
66.249.64.218 - - [06/Jul/2016:00:27:47 -0400] "GET /redmine/issues/gantt?month=7&months=6&year=1064&zoom=4 HTTP/1.1" 200 51371 "-" "Mozilla/5.0 (compatible; Googlebot/2.1; +http://www.google.com/bot.html)" 348 52060
127.0.0.1 - - [06/Jul/2016:00:27:48 -0400] "GET /opensso/namingservice HTTP/1.1" 200 7 "-" "Java/1.5.0_21" 220 183
66.249.64.218 - - [06/Jul/2016:00:27:55 -0400] "GET /redmine/issues/gantt?month=5&months=6&year=1064&zoom=4 HTTP/1.1" 200 51401 "-" "Mozilla/5.0 (compatible; Googlebot/2.1; +http://www.google.com/bot.html)" 348 52090
127.0.0.1 - - [06/Jul/2016:00:28:02 -0400] "GET /opensso/namingservice HTTP/1.1" 200 7 "-" "Java/1.5.0_21" 220 183
66.249.64.218 - - [06/Jul/2016:00:28:03 -0400] "GET /redmine/issues/gantt?month=12&months=6&year=1064&zoom=3 HTTP/1.1" 200 51201 "-" "Mozilla/5.0 (compatible; Googlebot/2.1; +http://www.google.com/bot.html)" 349 51890
66.249.64.218 - - [06/Jul/2016:00:28:12 -0400] "GET /redmine/issues/gantt?month=11&months=6&year=1064&zoom=3 HTTP/1.1" 200 50992 "-" "Mozilla/5.0 (compatible; Googlebot/2.1; +http://www.google.com/bot.html)" 349 51681
127.0.0.1 - - [06/Jul/2016:00:28:18 -0400] "GET /opensso/namingservice HTTP/1.1" 200 7 "-" "Java/1.5.0_21" 220 183
66.249.64.218 - - [06/Jul/2016:00:28:22 -0400] "GET /redmine/issues/gantt?month=2&months=6&year=1065&zoom=3 HTTP/1.1" 200 50977 "-" "Mozilla/5.0 (compatible; Googlebot/2.1; +http://www.google.com/bot.html)" 348 51666
127.0.0.1 - - [06/Jul/2016:00:28:32 -0400] "GET /opensso/namingservice HTTP/1.1" 200 7 "-" "Java/1.5.0_21" 220 183
66.249.64.218 - - [06/Jul/2016:00:28:37 -0400] "GET /redmine/issues/gantt?month=1&months=6&year=1065&zoom=3 HTTP/1.1" 200 51084 "-" "Mozilla/5.0 (compatible; Googlebot/2.1; +http://www.google.com/bot.html)" 348 51774
127.0.0.1 - - [06/Jul/2016:00:28:48 -0400] "GET /opensso/namingservice HTTP/1.1" 200 7 "-" "Java/1.5.0_21" 220 183
66.249.64.218 - - [06/Jul/2016:00:28:56 -0400] "GET /redmine/issues/gantt?month=4&months=6&year=1065&zoom=3 HTTP/1.1" 200 51310 "-" "Mozilla/5.0 (compatible; Googlebot/2.1; +http://www.google.com/bot.html)" 348 52000
127.0.0.1 - - [06/Jul/2016:00:29:02 -0400] "GET /opensso/namingservice HTTP/1.1" 200 7 "-" "Java/1.5.0_21" 220 183
66.249.64.218 - - [06/Jul/2016:00:29:14 -0400] "GET /redmine/issues/gantt?month=8&months=6&year=1064&zoom=4 HTTP/1.1" 200 51499 "-" "Mozilla/5.0 (compatible; Googlebot/2.1; +http://www.google.com/bot.html)" 348 52188
127.0.0.1 - - [06/Jul/2016:00:29:18 -0400] "GET /opensso/namingservice HTTP/1.1" 200 7 "-" "Java/1.5.0_21" 220 183
127.0.0.1 - - [06/Jul/2016:00:29:32 -0400] "GET /opensso/namingservice HTTP/1.1" 200 7 "-" "Java/1.5.0_21" 220 183
66.249.64.218 - - [06/Jul/2016:00:29:32 -0400] "GET /redmine/issues/gantt?month=3&months=6&year=1065&zoom=3 HTTP/1.1" 200 51411 "-" "Mozilla/5.0 (compatible; Googlebot/2.1; +http://www.google.com/bot.html)" 348 52100
127.0.0.1 - - [06/Jul/2016:00:29:48 -0400] "GET /opensso/namingservice HTTP/1.1" 200 7 "-" "Java/1.5.0_21" 220 183
66.249.64.218 - - [06/Jul/2016:00:29:51 -0400] "GET /redmine/activity?from=1967-10-27&show_news=1&user_id=1 HTTP/1.1" 200 5677 "-" "Mozilla/5.0 (compatible; Googlebot/2.1; +http://www.google.com/bot.html)" 348 6239
127.0.0.1 - - [06/Jul/2016:00:30:02 -0400] "GET /opensso/namingservice HTTP/1.1" 200 7 "-" "Java/1.5.0_21" 220 183
127.0.0.1 - - [06/Jul/2016:00:30:03 -0400] "POST /opensso/sessionservice HTTP/1.1" 200 2023 "-" "Java/1.5.0_21" 712 2201
127.0.0.1 - - [06/Jul/2016:00:30:03 -0400] "GET /opensso/identity//xml/read?name=TomcatApps1&attributes_names=realm&attributes_values_realm=%2Fappspub&attributes_names=objecttype&attributes_values_objecttype=Agent&admin=AQIC5wM2LY4SfczLG1z2I4000GJAZ3XlW1HRV1VdtWDQWw8%3D%40AAJTSQACMDE%3D%23 HTTP/1.1" 200 13607 "-" "Java/1.5.0_21" 440 13791
127.0.0.1 - - [06/Jul/2016:00:30:18 -0400] "GET /opensso/namingservice HTTP/1.1" 200 7 "-" "Java/1.5.0_21" 220 183
127.0.0.1 - - [06/Jul/2016:00:30:32 -0400] "GET /opensso/namingservice HTTP/1.1" 200 7 "-" "Java/1.5.0_21" 220 183
127.0.0.1 - - [06/Jul/2016:00:30:48 -0400] "GET /opensso/namingservice HTTP/1.1" 200 7 "-" "Java/1.5.0_21" 220 183
127.0.0.1 - - [06/Jul/2016:00:31:02 -0400] "GET /opensso/namingservice HTTP/1.1" 200 7 "-" "Java/1.5.0_21" 220 183
111.107.174.105 - - [06/Jul/2016:00:31:04 -0400] "GET /opensso/identity/isTokenValid HTTP/1.1" 200 14 "-" "Moon%20Tours/1.0.0 CFNetwork/758.4.3 Darwin/15.5.0" 338 172
111.107.174.105 - - [06/Jul/2016:00:31:04 -0400] "GET /opensso/UI/Login?module=Anonymous&org=appspub&goto=http%3A%2F%2Fpub.lmmp.nasa.gov%2Flmmpmobile%2Frefresh HTTP/1.1" 302 - "-" "Moon%20Tours/1.0.0 CFNetwork/758.4.3 Darwin/15.5.0" 413 930
111.107.174.105 - - [06/Jul/2016:00:31:05 -0400] "GET /lmmpmobile/refresh?iPlanetDirectoryPro=AQIC5wM2LY4SfcymBGEOcwjWyIDDUnCMOoMLQ7W7k4Q7vYg%3D%40AAJTSQACMDE%3D%23 HTTP/1.1" 200 - "-" "Moon%20Tours/1.0.0 CFNetwork/758.4.3 Darwin/15.5.0" 418 316
127.0.0.1 - - [06/Jul/2016:00:31:18 -0400] "GET /opensso/namingservice HTTP/1.1" 200 7 "-" "Java/1.5.0_21" 220 183
127.0.0.1 - - [06/Jul/2016:00:31:32 -0400] "GET /opensso/namingservice HTTP/1.1" 200 7 "-" "Java/1.5.0_21" 220 183
127.0.0.1 - - [06/Jul/2016:00:31:48 -0400] "GET /opensso/namingservice HTTP/1.1" 200 7 "-" "Java/1.5.0_21" 220 183
127.0.0.1 - - [06/Jul/2016:00:32:02 -0400] "GET /opensso/namingservice HTTP/1.1" 200 7 "-" "Java/1.5.0_21" 220 183
127.0.0.1 - - [06/Jul/2016:00:32:18 -0400] "GET /opensso/namingservice HTTP/1.1" 200 7 "-" "Java/1.5.0_21" 220 183
127.0.0.1 - - [06/Jul/2016:00:32:32 -0400] "GET /opensso/namingservice HTTP/1.1" 200 7 "-" "Java/1.5.0_21" 220 183
127.0.0.1 - - [06/Jul/2016:00:32:48 -0400] "GET /opensso/namingservice HTTP/1.1" 200 7 "-" "Java/1.5.0_21" 220 183
127.0.0.1 - - [06/Jul/2016:00:33:02 -0400] "GET /opensso/namingservice HTTP/1.1" 200 7 "-" "Java/1.5.0_21" 220 183
66.249.64.223 - - [06/Jul/2016:00:33:10 -0400] "GET /redmine/issues/gantt?month=9&months=6&year=1065&zoom=3 HTTP/1.1" 200 51104 "-" "Mozilla/5.0 (compatible; Googlebot/2.1; +http://www.google.com/bot.html)" 348 51793
127.0.0.1 - - [06/Jul/2016:00:33:18 -0400] "GET /opensso/namingservice HTTP/1.1" 200 7 "-" "Java/1.5.0_21" 220 183
127.0.0.1 - - [06/Jul/2016:00:33:32 -0400] "GET /opensso/namingservice HTTP/1.1" 200 7 "-" "Java/1.5.0_21" 220 183
127.0.0.1 - - [06/Jul/2016:00:33:48 -0400] "GET /opensso/namingservice HTTP/1.1" 200 7 "-" "Java/1.5.0_21" 220 183
127.0.0.1 - - [06/Jul/2016:00:34:02 -0400] "GET /opensso/namingservice HTTP/1.1" 200 7 "-" "Java/1.5.0_21" 220 183
127.0.0.1 - - [06/Jul/2016:00:34:18 -0400] "GET /opensso/namingservice HTTP/1.1" 200 7 "-" "Java/1.5.0_21" 220 183
127.0.0.1 - - [06/Jul/2016:00:34:32 -0400] "GET /opensso/namingservice HTTP/1.1" 200 7 "-" "Java/1.5.0_21" 220 183
127.0.0.1 - - [06/Jul/2016:00:34:48 -0400] "POST /opensso/sessionservice HTTP/1.1" 200 2025 "-" "Java/1.5.0_21" 714 2203
127.0.0.1 - - [06/Jul/2016:00:34:48 -0400] "GET /opensso/identity//xml/read?name=TomcatApps3&attributes_names=realm&attributes_values_realm=%2Fappspub&attributes_names=objecttype&attributes_values_objecttype=Agent&admin=AQIC5wM2LY4SfcyTwfU2dauKfacz7ZPzIEJ3zYu%2B422CFkk%3D%40AAJTSQACMDE%3D%23 HTTP/1.1" 200 13732 "-" "Java/1.5.0_21" 442 13916
127.0.0.1 - - [06/Jul/2016:00:34:48 -0400] "GET /opensso/namingservice HTTP/1.1" 200 7 "-" "Java/1.5.0_21" 220 182
127.0.0.1 - - [06/Jul/2016:00:35:02 -0400] "GET /opensso/namingservice HTTP/1.1" 200 7 "-" "Java/1.5.0_21" 220 183
127.0.0.1 - - [06/Jul/2016:00:35:18 -0400] "GET /opensso/namingservice HTTP/1.1" 200 7 "-" "Java/1.5.0_21" 220 183
127.0.0.1 - - [06/Jul/2016:00:35:32 -0400] "GET /opensso/namingservice HTTP/1.1" 200 7 "-" "Java/1.5.0_21" 220 183
127.0.0.1 - - [06/Jul/2016:00:35:48 -0400] "GET /opensso/namingservice HTTP/1.1" 200 7 "-" "Java/1.5.0_21" 220 183
127.0.0.1 - - [06/Jul/2016:00:36:02 -0400] "GET /opensso/namingservice HTTP/1.1" 200 7 "-" "Java/1.5.0_21" 220 183
127.0.0.1 - - [06/Jul/2016:00:36:18 -0400] "GET /opensso/namingservice HTTP/1.1" 200 7 "-" "Java/1.5.0_21" 220 183
127.0.0.1 - - [06/Jul/2016:00:36:32 -0400] "GET /opensso/namingservice HTTP/1.1" 200 7 "-" "Java/1.5.0_21" 220 183
127.0.0.1 - - [06/Jul/2016:00:36:48 -0400] "GET /opensso/namingservice HTTP/1.1" 200 7 "-" "Java/1.5.0_21" 220 183
66.249.64.223 - - [06/Jul/2016:00:36:56 -0400] "GET /redmine/issues/gantt?month=3&months=6&year=1066&zoom=3 HTTP/1.1" 200 51409 "-" "Mozilla/5.0 (compatible; Googlebot/2.1; +http://www.google.com/bot.html)" 348 52098
127.0.0.1 - - [06/Jul/2016:00:37:02 -0400] "GET /opensso/namingservice HTTP/1.1" 200 7 "-" "Java/1.5.0_21" 220 183
127.0.0.1 - - [06/Jul/2016:00:37:18 -0400] "GET /opensso/namingservice HTTP/1.1" 200 7 "-" "Java/1.5.0_21" 220 183
199.30.163.2 - - [06/Jul/2016:00:37:25 -0400] "GET /LMMPUI/LMMP_CLIENT/LMMP.html HTTP/1.1" 200 9400 "-" "Mozilla/5.0 (Macintosh; Intel Mac OS X 10_11_3) AppleWebKit/601.4.4 (KHTML, like Gecko) Version/9.0.3 Safari/601.4.4" 564 9730
199.30.163.2 - - [06/Jul/2016:00:37:26 -0400] "GET /LMMPUI/LMMP_CLIENT/history/history.css HTTP/1.1" 200 365 "http://pub.lmmp.nasa.gov/LMMPUI/LMMP_CLIENT/LMMP.html" "Mozilla/5.0 (Macintosh; Intel Mac OS X 10_11_3) AppleWebKit/601.4.4 (KHTML, like Gecko) Version/9.0.3 Safari/601.4.4" 593 692
199.30.163.2 - - [06/Jul/2016:00:37:27 -0400] "GET /favicon.ico HTTP/1.1" 404 209 "http://pub.lmmp.nasa.gov/LMMPUI/LMMP_CLIENT/LMMP.html" "Mozilla/5.0 (Macintosh; Intel Mac OS X 10_11_3) AppleWebKit/601.4.4 (KHTML, like Gecko) Version/9.0.3 Safari/601.4.4" 551 453
127.0.0.1 - - [06/Jul/2016:00:37:32 -0400] "GET /opensso/namingservice HTTP/1.1" 200 7 "-" "Java/1.5.0_21" 220 183
127.0.0.1 - - [06/Jul/2016:00:37:48 -0400] "GET /opensso/namingservice HTTP/1.1" 200 7 "-" "Java/1.5.0_21" 220 183
127.0.0.1 - - [06/Jul/2016:00:38:02 -0400] "GET /opensso/namingservice HTTP/1.1" 200 7 "-" "Java/1.5.0_21" 220 183
127.0.0.1 - - [06/Jul/2016:00:38:18 -0400] "GET /opensso/namingservice HTTP/1.1" 200 7 "-" "Java/1.5.0_21" 220 183
127.0.0.1 - - [06/Jul/2016:00:38:32 -0400] "GET /opensso/namingservice HTTP/1.1" 200 7 "-" "Java/1.5.0_21" 220 183
127.0.0.1 - - [06/Jul/2016:00:38:48 -0400] "GET /opensso/namingservice HTTP/1.1" 200 7 "-" "Java/1.5.0_21" 220 183
127.0.0.1 - - [06/Jul/2016:00:39:02 -0400] "GET /opensso/namingservice HTTP/1.1" 200 7 "-" "Java/1.5.0_21" 220 183
127.0.0.1 - - [06/Jul/2016:00:39:18 -0400] "GET /opensso/namingservice HTTP/1.1" 200 7 "-" "Java/1.5.0_21" 220 183
127.0.0.1 - - [06/Jul/2016:00:39:32 -0400] "GET /opensso/namingservice HTTP/1.1" 200 7 "-" "Java/1.5.0_21" 220 183
127.0.0.1 - - [06/Jul/2016:00:39:48 -0400] "GET /opensso/namingservice HTTP/1.1" 200 7 "-" "Java/1.5.0_21" 220 183
127.0.0.1 - - [06/Jul/2016:00:40:02 -0400] "GET /opensso/namingservice HTTP/1.1" 200 7 "-" "Java/1.5.0_21" 220 183
127.0.0.1 - - [06/Jul/2016:00:40:18 -0400] "GET /opensso/namingservice HTTP/1.1" 200 7 "-" "Java/1.5.0_21" 220 183
127.0.0.1 - - [06/Jul/2016:00:40:32 -0400] "GET /opensso/namingservice HTTP/1.1" 200 7 "-" "Java/1.5.0_21" 220 183
66.249.64.218 - - [06/Jul/2016:00:40:43 -0400] "GET /redmine/issues/gantt?month=9&months=6&year=1065&zoom=4 HTTP/1.1" 200 51043 "-" "Mozilla/5.0 (compatible; Googlebot/2.1; +http://www.google.com/bot.html)" 348 51732
127.0.0.1 - - [06/Jul/2016:00:40:48 -0400] "GET /opensso/namingservice HTTP/1.1" 200 7 "-" "Java/1.5.0_21" 220 183
127.0.0.1 - - [06/Jul/2016:00:41:02 -0400] "GET /opensso/namingservice HTTP/1.1" 200 7 "-" "Java/1.5.0_21" 220 183
127.0.0.1 - - [06/Jul/2016:00:41:18 -0400] "GET /opensso/namingservice HTTP/1.1" 200 7 "-" "Java/1.5.0_21" 220 183
127.0.0.1 - - [06/Jul/2016:00:41:32 -0400] "GET /opensso/namingservice HTTP/1.1" 200 7 "-" "Java/1.5.0_21" 220 183
127.0.0.1 - - [06/Jul/2016:00:41:48 -0400] "GET /opensso/namingservice HTTP/1.1" 200 7 "-" "Java/1.5.0_21" 220 183
127.0.0.1 - - [06/Jul/2016:00:42:02 -0400] "GET /opensso/namingservice HTTP/1.1" 200 7 "-" "Java/1.5.0_21" 220 183
127.0.0.1 - - [06/Jul/2016:00:42:18 -0400] "GET /opensso/namingservice HTTP/1.1" 200 7 "-" "Java/1.5.0_21" 220 183
127.0.0.1 - - [06/Jul/2016:00:42:32 -0400] "GET /opensso/namingservice HTTP/1.1" 200 7 "-" "Java/1.5.0_21" 220 183
127.0.0.1 - - [06/Jul/2016:00:42:48 -0400] "GET /opensso/namingservice HTTP/1.1" 200 7 "-" "Java/1.5.0_21" 220 183
127.0.0.1 - - [06/Jul/2016:00:43:02 -0400] "GET /opensso/namingservice HTTP/1.1" 200 7 "-" "Java/1.5.0_21" 220 183
184.105.139.70 - - [06/Jul/2016:00:43:11 -0400] "GET / HTTP/1.1" 302 235 "-" "-" 309 4373
127.0.0.1 - - [06/Jul/2016:00:43:18 -0400] "GET /opensso/namingservice HTTP/1.1" 200 7 "-" "Java/1.5.0_21" 220 183
127.0.0.1 - - [06/Jul/2016:00:43:32 -0400] "GET /opensso/namingservice HTTP/1.1" 200 7 "-" "Java/1.5.0_21" 220 183
127.0.0.1 - - [06/Jul/2016:00:43:48 -0400] "GET /opensso/namingservice HTTP/1.1" 200 7 "-" "Java/1.5.0_21" 220 183
76.16.92.139 - - [06/Jul/2016:00:44:00 -0400] "GET /LMMPUI/LMMP_CLIENT/LMMP.html HTTP/1.1" 200 9400 "-" "Mozilla/5.0 (Macintosh; Intel Mac OS X 10_11_4) AppleWebKit/601.5.17 (KHTML, like Gecko)" 334 9730
76.16.92.139 - - [06/Jul/2016:00:44:00 -0400] "GET /apple-touch-icon-precomposed.png HTTP/1.1" 404 230 "-" "Safari/11601.5.17.1 CFNetwork/760.4.2 Darwin/15.4.0 (x86_64)" 566 475
76.16.92.139 - - [06/Jul/2016:00:44:00 -0400] "GET /favicon.ico HTTP/1.1" 404 209 "-" "Safari/11601.5.17.1 CFNetwork/760.4.2 Darwin/15.4.0 (x86_64)" 545 454
76.16.92.139 - - [06/Jul/2016:00:44:00 -0400] "GET /apple-touch-icon.png HTTP/1.1" 404 218 "-" "Safari/11601.5.17.1 CFNetwork/760.4.2 Darwin/15.4.0 (x86_64)" 554 462
76.16.92.139 - - [06/Jul/2016:00:44:00 -0400] "GET /apple-touch-icon-precomposed.png HTTP/1.1" 404 230 "-" "Safari/11601.5.17.1 CFNetwork/760.4.2 Darwin/15.4.0 (x86_64)" 566 474
76.16.92.139 - - [06/Jul/2016:00:44:00 -0400] "GET /apple-touch-icon.png HTTP/1.1" 404 218 "-" "Safari/11601.5.17.1 CFNetwork/760.4.2 Darwin/15.4.0 (x86_64)" 554 462
127.0.0.1 - - [06/Jul/2016:00:44:02 -0400] "GET /opensso/namingservice HTTP/1.1" 200 7 "-" "Java/1.5.0_21" 220 183
127.0.0.1 - - [06/Jul/2016:00:44:18 -0400] "GET /opensso/namingservice HTTP/1.1" 200 7 "-" "Java/1.5.0_21" 220 183
66.249.75.215 - - [06/Jul/2016:00:44:30 -0400] "GET /redmine/issues/gantt?month=3&months=6&year=1066&zoom=4 HTTP/1.1" 200 51350 "-" "Mozilla/5.0 (compatible; Googlebot/2.1; +http://www.google.com/bot.html)" 348 52039
127.0.0.1 - - [06/Jul/2016:00:44:32 -0400] "GET /opensso/namingservice HTTP/1.1" 200 7 "-" "Java/1.5.0_21" 220 183
127.0.0.1 - - [06/Jul/2016:00:44:48 -0400] "GET /opensso/namingservice HTTP/1.1" 200 7 "-" "Java/1.5.0_21" 220 183
127.0.0.1 - - [06/Jul/2016:00:45:02 -0400] "GET /opensso/namingservice HTTP/1.1" 200 7 "-" "Java/1.5.0_21" 220 183
127.0.0.1 - - [06/Jul/2016:00:45:18 -0400] "GET /opensso/namingservice HTTP/1.1" 200 7 "-" "Java/1.5.0_21" 220 183
127.0.0.1 - - [06/Jul/2016:00:45:32 -0400] "GET /opensso/namingservice HTTP/1.1" 200 7 "-" "Java/1.5.0_21" 220 183
127.0.0.1 - - [06/Jul/2016:00:45:48 -0400] "GET /opensso/namingservice HTTP/1.1" 200 7 "-" "Java/1.5.0_21" 220 183
207.46.13.0 - - [06/Jul/2016:00:45:59 -0400] "GET / HTTP/1.1" 302 237 "-" "Mozilla/5.0 (iPhone; CPU iPhone OS 7_0 like Mac OS X) AppleWebKit/537.51.1 (KHTML, like Gecko) Version/7.0 Mobile/11A465 Safari/9537.53 (compatible; bingbot/2.0; +http://www.bing.com/bingbot.htm)" 396 543
127.0.0.1 - - [06/Jul/2016:00:46:02 -0400] "GET /opensso/namingservice HTTP/1.1" 200 7 "-" "Java/1.5.0_21" 220 183
207.46.13.0 - - [06/Jul/2016:00:46:04 -0400] "GET /LMMPUI/LMMP_CLIENT/LMMP.html HTTP/1.1" 200 9400 "-" "Mozilla/5.0 (iPhone; CPU iPhone OS 7_0 like Mac OS X) AppleWebKit/537.51.1 (KHTML, like Gecko) Version/7.0 Mobile/11A465 Safari/9537.53 (compatible; bingbot/2.0; +http://www.bing.com/bingbot.htm)" 424 9730
127.0.0.1 - - [06/Jul/2016:00:46:18 -0400] "GET /opensso/namingservice HTTP/1.1" 200 7 "-" "Java/1.5.0_21" 220 183
127.0.0.1 - - [06/Jul/2016:00:46:32 -0400] "GET /opensso/namingservice HTTP/1.1" 200 7 "-" "Java/1.5.0_21" 220 183
127.0.0.1 - - [06/Jul/2016:00:46:48 -0400] "GET /opensso/namingservice HTTP/1.1" 200 7 "-" "Java/1.5.0_21" 220 183
174.59.106.43 - - [06/Jul/2016:00:46:59 -0400] "GET /opensso/identity/isTokenValid HTTP/1.1" 200 14 "-" "Moon%20Tours/1.0.0 CFNetwork/758.4.3 Darwin/15.5.0" 229 172
174.59.106.43 - - [06/Jul/2016:00:46:59 -0400] "GET /lmmpmobile/config-1.0.json HTTP/1.1" 200 1338 "-" "Moon%20Tours/1.0.0 CFNetwork/758.4.3 Darwin/15.5.0" 217 1665
174.59.106.43 - - [06/Jul/2016:00:46:59 -0400] "GET /opensso/UI/Login?module=Anonymous&org=appspub&goto=http%3A%2F%2Fpub.lmmp.nasa.gov%2Flmmpmobile%2Frefresh HTTP/1.1" 302 - "-" "Moon%20Tours/1.0.0 CFNetwork/758.4.3 Darwin/15.5.0" 304 934
174.59.106.43 - - [06/Jul/2016:00:46:59 -0400] "GET /lmmpmobile/refresh?iPlanetDirectoryPro=AQIC5wM2LY4SfczwXWy3cs%2BSstAm4OUkadw%2BEoskppNFdtQ%3D%40AAJTSQACMDE%3D%23 HTTP/1.1" 200 - "-" "Moon%20Tours/1.0.0 CFNetwork/758.4.3 Darwin/15.5.0" 422 316
174.59.106.43 - - [06/Jul/2016:00:47:00 -0400] "GET /lmmpmobile/bookmarks-1.0.2.json HTTP/1.1" 200 11401 "-" "Moon%20Tours/1.0.0 CFNetwork/758.4.3 Darwin/15.5.0" 331 11730
174.59.106.43 - - [06/Jul/2016:00:47:00 -0400] "GET /lmmpmobile/pages/about-1.0.2.html HTTP/1.1" 200 2716 "-" "Moon%20Tours/1.0.0 CFNetwork/758.4.3 Darwin/15.5.0" 333 3037
174.59.106.43 - - [06/Jul/2016:00:47:00 -0400] "GET /lmmpmobile/pages/help-1.0.2.html HTTP/1.1" 200 6781 "-" "Moon%20Tours/1.0.0 CFNetwork/758.4.3 Darwin/15.5.0" 332 7103
174.59.106.43 - - [06/Jul/2016:00:47:00 -0400] "GET /lmmpmobile/pages/glossary-1.0.2.html HTTP/1.1" 200 4306 "-" "Moon%20Tours/1.0.0 CFNetwork/758.4.3 Darwin/15.5.0" 336 4628
127.0.0.1 - - [06/Jul/2016:00:47:02 -0400] "GET /opensso/namingservice HTTP/1.1" 200 7 "-" "Java/1.5.0_21" 220 183
127.0.0.1 - - [06/Jul/2016:00:47:18 -0400] "GET /opensso/namingservice HTTP/1.1" 200 7 "-" "Java/1.5.0_21" 220 183
174.59.106.43 - - [06/Jul/2016:00:47:02 -0400] "GET /arcgis/rest/services/CombinedNomenclature/MapServer?f=json HTTP/1.1" 200 810 "arcgisios" "ArcGISiOS-2.3.2/9.3.2/iPad3,4" 366 1105
174.59.106.43 - - [06/Jul/2016:00:47:02 -0400] "GET /arcgis/rest/services/ERGraticule/MapServer?f=json HTTP/1.1" 200 701 "arcgisios" "ArcGISiOS-2.3.2/9.3.2/iPad3,4" 357 996
127.0.0.1 - - [06/Jul/2016:00:47:32 -0400] "GET /opensso/namingservice HTTP/1.1" 200 7 "-" "Java/1.5.0_21" 220 183
127.0.0.1 - - [06/Jul/2016:00:47:48 -0400] "GET /opensso/namingservice HTTP/1.1" 200 7 "-" "Java/1.5.0_21" 220 183
127.0.0.1 - - [06/Jul/2016:00:48:02 -0400] "GET /opensso/namingservice HTTP/1.1" 200 7 "-" "Java/1.5.0_21" 220 183
127.0.0.1 - - [06/Jul/2016:00:48:18 -0400] "GET /opensso/namingservice HTTP/1.1" 200 7 "-" "Java/1.5.0_21" 220 183
66.249.64.223 - - [06/Jul/2016:00:48:17 -0400] "GET /redmine/issues/gantt?month=6&months=6&year=1066&zoom=4 HTTP/1.1" 200 51261 "-" "Mozilla/5.0 (compatible; Googlebot/2.1; +http://www.google.com/bot.html)" 348 51950
220.181.108.149 - - [06/Jul/2016:00:47:27 -0400] "GET /redmine/attachments/404/Artifacts.pdf HTTP/1.1" 200 440020 "-" "Mozilla/5.0 (compatible; Baiduspider/2.0; +http://www.baidu.com/search/spider.html)" 262 440479
127.0.0.1 - - [06/Jul/2016:00:48:32 -0400] "GET /opensso/namingservice HTTP/1.1" 200 7 "-" "Java/1.5.0_21" 220 183
127.0.0.1 - - [06/Jul/2016:00:48:48 -0400] "GET /opensso/namingservice HTTP/1.1" 200 7 "-" "Java/1.5.0_21" 220 183
127.0.0.1 - - [06/Jul/2016:00:49:02 -0400] "GET /opensso/namingservice HTTP/1.1" 200 7 "-" "Java/1.5.0_21" 220 183
127.0.0.1 - - [06/Jul/2016:00:49:18 -0400] "GET /opensso/namingservice HTTP/1.1" 200 7 "-" "Java/1.5.0_21" 220 183
127.0.0.1 - - [06/Jul/2016:00:49:32 -0400] "GET /opensso/namingservice HTTP/1.1" 200 7 "-" "Java/1.5.0_21" 220 183
127.0.0.1 - - [06/Jul/2016:00:49:48 -0400] "GET /opensso/namingservice HTTP/1.1" 200 7 "-" "Java/1.5.0_21" 220 183
127.0.0.1 - - [06/Jul/2016:00:50:02 -0400] "GET /opensso/namingservice HTTP/1.1" 200 7 "-" "Java/1.5.0_21" 220 183
127.0.0.1 - - [06/Jul/2016:00:50:18 -0400] "GET /opensso/namingservice HTTP/1.1" 200 7 "-" "Java/1.5.0_21" 220 183
127.0.0.1 - - [06/Jul/2016:00:50:32 -0400] "GET /opensso/namingservice HTTP/1.1" 200 7 "-" "Java/1.5.0_21" 220 183
217.69.133.224 - - [06/Jul/2016:00:50:43 -0400] "GET /robots.txt HTTP/1.0" 404 208 "-" "Mozilla/5.0 (compatible; Linux x86_64; Mail.RU_Bot/2.0; +http://go.mail.ru/help/robots)" 251 416
127.0.0.1 - - [06/Jul/2016:00:50:48 -0400] "GET /opensso/namingservice HTTP/1.1" 200 7 "-" "Java/1.5.0_21" 220 183
217.69.133.226 - - [06/Jul/2016:00:50:53 -0400] "GET /redmine/issues/gantt?month=5&months=6&year=2016&zoom=3 HTTP/1.1" 200 53420 "-" "Mozilla/5.0 (compatible; Linux x86_64; Mail.RU_Bot/2.0; +http://go.mail.ru/help/robots)" 327 54072
127.0.0.1 - - [06/Jul/2016:00:51:02 -0400] "GET /opensso/namingservice HTTP/1.1" 200 7 "-" "Java/1.5.0_21" 220 183
127.0.0.1 - - [06/Jul/2016:00:51:18 -0400] "GET /opensso/namingservice HTTP/1.1" 200 7 "-" "Java/1.5.0_21" 220 183
127.0.0.1 - - [06/Jul/2016:00:51:32 -0400] "GET /opensso/namingservice HTTP/1.1" 200 7 "-" "Java/1.5.0_21" 220 183
127.0.0.1 - - [06/Jul/2016:00:51:48 -0400] "GET /opensso/namingservice HTTP/1.1" 200 7 "-" "Java/1.5.0_21" 220 183
127.0.0.1 - - [06/Jul/2016:00:52:02 -0400] "GET /opensso/namingservice HTTP/1.1" 200 7 "-" "Java/1.5.0_21" 220 183
66.249.64.218 - - [06/Jul/2016:00:52:04 -0400] "GET /robots.txt HTTP/1.1" 404 208 "-" "Mozilla/5.0 (compatible; Googlebot/2.1; +http://www.google.com/bot.html)" 227 453
66.249.64.223 - - [06/Jul/2016:00:52:04 -0400] "GET /redmine/issues/gantt?month=11&months=6&year=1066&zoom=4 HTTP/1.1" 200 51037 "-" "Mozilla/5.0 (compatible; Googlebot/2.1; +http://www.google.com/bot.html)" 349 51726
127.0.0.1 - - [06/Jul/2016:00:52:18 -0400] "GET /opensso/namingservice HTTP/1.1" 200 7 "-" "Java/1.5.0_21" 220 183
127.0.0.1 - - [06/Jul/2016:00:52:32 -0400] "GET /opensso/namingservice HTTP/1.1" 200 7 "-" "Java/1.5.0_21" 220 183
127.0.0.1 - - [06/Jul/2016:00:52:48 -0400] "GET /opensso/namingservice HTTP/1.1" 200 7 "-" "Java/1.5.0_21" 220 183
127.0.0.1 - - [06/Jul/2016:00:53:02 -0400] "GET /opensso/namingservice HTTP/1.1" 200 7 "-" "Java/1.5.0_21" 220 183
127.0.0.1 - - [06/Jul/2016:00:53:18 -0400] "GET /opensso/namingservice HTTP/1.1" 200 7 "-" "Java/1.5.0_21" 220 183
127.0.0.1 - - [06/Jul/2016:00:53:32 -0400] "GET /opensso/namingservice HTTP/1.1" 200 7 "-" "Java/1.5.0_21" 220 183
127.0.0.1 - - [06/Jul/2016:00:53:48 -0400] "GET /opensso/namingservice HTTP/1.1" 200 7 "-" "Java/1.5.0_21" 220 183
127.0.0.1 - - [06/Jul/2016:00:54:02 -0400] "GET /opensso/namingservice HTTP/1.1" 200 7 "-" "Java/1.5.0_21" 220 183
127.0.0.1 - - [06/Jul/2016:00:54:18 -0400] "GET /opensso/namingservice HTTP/1.1" 200 7 "-" "Java/1.5.0_21" 220 183
127.0.0.1 - - [06/Jul/2016:00:54:32 -0400] "GET /opensso/namingservice HTTP/1.1" 200 7 "-" "Java/1.5.0_21" 220 183
127.0.0.1 - - [06/Jul/2016:00:54:48 -0400] "GET /opensso/namingservice HTTP/1.1" 200 7 "-" "Java/1.5.0_21" 220 183
127.0.0.1 - - [06/Jul/2016:00:55:02 -0400] "GET /opensso/namingservice HTTP/1.1" 200 7 "-" "Java/1.5.0_21" 220 183
127.0.0.1 - - [06/Jul/2016:00:55:18 -0400] "GET /opensso/namingservice HTTP/1.1" 200 7 "-" "Java/1.5.0_21" 220 183
127.0.0.1 - - [06/Jul/2016:00:55:32 -0400] "GET /opensso/namingservice HTTP/1.1" 200 7 "-" "Java/1.5.0_21" 220 183
127.0.0.1 - - [06/Jul/2016:00:55:48 -0400] "GET /opensso/namingservice HTTP/1.1" 200 7 "-" "Java/1.5.0_21" 220 183
66.249.64.223 - - [06/Jul/2016:00:55:51 -0400] "GET /redmine/issues/gantt?month=12&months=6&year=1066&zoom=4 HTTP/1.1" 200 51140 "-" "Mozilla/5.0 (compatible; Googlebot/2.1; +http://www.google.com/bot.html)" 349 51829
127.0.0.1 - - [06/Jul/2016:00:56:02 -0400] "GET /opensso/namingservice HTTP/1.1" 200 7 "-" "Java/1.5.0_21" 220 183
127.0.0.1 - - [06/Jul/2016:00:56:18 -0400] "GET /opensso/namingservice HTTP/1.1" 200 7 "-" "Java/1.5.0_21" 220 183
127.0.0.1 - - [06/Jul/2016:00:56:32 -0400] "GET /opensso/namingservice HTTP/1.1" 200 7 "-" "Java/1.5.0_21" 220 183
