89.111.188.176 - - [27/Jun/2016:03:02:27 +0000] "GET /wms.cgi?request=GetMap&layers=global_mosaic&srs=EPSG:4326&format=image/jpeg&styles=&width=512&height=512&bbox=35.375,-16.0625,35.4375,-16.0 HTTP/1.1" 404 205 "-" "Python-urllib/2.7" 262 419
89.111.188.176 - - [27/Jun/2016:03:02:28 +0000] "GET /wms.cgi?request=GetMap&layers=global_mosaic&srs=EPSG:4326&format=image/jpeg&styles=&width=512&height=512&bbox=35.5,-15.6875,35.5625,-15.625 HTTP/1.1" 404 205 "-" "Python-urllib/2.7" 262 419
89.111.188.176 - - [27/Jun/2016:03:02:28 +0000] "GET /wms.cgi?request=GetMap&layers=global_mosaic&srs=EPSG:4326&format=image/jpeg&styles=&width=512&height=512&bbox=35.625,-16.1875,35.6875,-16.125 HTTP/1.1" 404 205 "-" "Python-urllib/2.7" 264 419
89.111.188.176 - - [27/Jun/2016:03:02:28 +0000] "GET /wms.cgi?request=GetMap&layers=global_mosaic&srs=EPSG:4326&format=image/jpeg&styles=&width=512&height=512&bbox=35.625,-15.875,35.75,-15.75 HTTP/1.1" 404 205 "-" "Python-urllib/2.7" 260 419
89.111.188.176 - - [27/Jun/2016:03:02:28 +0000] "GET /wms.cgi?request=GetMap&layers=global_mosaic&srs=EPSG:4326&format=image/jpeg&styles=&width=512&height=512&bbox=35.625,-15.625,35.75,-15.5 HTTP/1.1" 404 205 "-" "Python-urllib/2.7" 259 419
89.111.188.176 - - [27/Jun/2016:03:02:28 +0000] "GET /wms.cgi?request=GetMap&layers=global_mosaic&srs=EPSG:4326&format=image/jpeg&styles=&width=512&height=512&bbox=35.25,-15.625,35.375,-15.5 HTTP/1.1" 404 205 "-" "Python-urllib/2.7" 259 419
89.111.188.176 - - [27/Jun/2016:03:02:28 +0000] "GET /wms.cgi?request=GetMap&layers=global_mosaic&srs=EPSG:4326&format=image/jpeg&styles=&width=512&height=512&bbox=35.5625,-15.9375,35.625,-15.875 HTTP/1.1" 404 205 "-" "Python-urllib/2.7" 264 419
89.111.188.176 - - [27/Jun/2016:03:02:28 +0000] "GET /wms.cgi?request=GetMap&layers=global_mosaic&srs=EPSG:4326&format=image/jpeg&styles=&width=512&height=512&bbox=35.5,-15.9375,35.5625,-15.875 HTTP/1.1" 404 205 "-" "Python-urllib/2.7" 262 419
89.111.188.176 - - [27/Jun/2016:03:02:28 +0000] "GET /wms.cgi?request=GetMap&layers=global_mosaic&srs=EPSG:4326&format=image/jpeg&styles=&width=512&height=512&bbox=35.5625,-16.0,35.625,-15.9375 HTTP/1.1" 404 205 "-" "Python-urllib/2.7" 262 419
89.111.188.176 - - [27/Jun/2016:03:02:28 +0000] "GET /wms.cgi?request=GetMap&layers=global_mosaic&srs=EPSG:4326&format=image/jpeg&styles=&width=512&height=512&bbox=35.5625,-15.8125,35.625,-15.75 HTTP/1.1" 404 205 "-" "Python-urllib/2.7" 263 419
89.111.188.176 - - [27/Jun/2016:03:02:28 +0000] "GET /wms.cgi?request=GetMap&layers=global_mosaic&srs=EPSG:4326&format=image/jpeg&styles=&width=512&height=512&bbox=35.625,-15.9375,35.6875,-15.875 HTTP/1.1" 404 205 "-" "Python-urllib/2.7" 264 419
89.111.188.176 - - [27/Jun/2016:03:02:29 +0000] "GET /wms.cgi?request=GetMap&layers=global_mosaic&srs=EPSG:4326&format=image/jpeg&styles=&width=512&height=512&bbox=35.5,-16.125,35.625,-16.0 HTTP/1.1" 404 205 "-" "Python-urllib/2.7" 258 419
89.111.188.176 - - [27/Jun/2016:03:02:29 +0000] "GET /wms.cgi?request=GetMap&layers=global_mosaic&srs=EPSG:4326&format=image/jpeg&styles=&width=512&height=512&bbox=35.5625,-15.875,35.625,-15.8125 HTTP/1.1" 404 205 "-" "Python-urllib/2.7" 264 419
89.111.188.176 - - [27/Jun/2016:03:02:29 +0000] "GET /wms.cgi?request=GetMap&layers=global_mosaic&srs=EPSG:4326&format=image/jpeg&styles=&width=512&height=512&bbox=35.625,-16.0,35.75,-15.875 HTTP/1.1" 404 205 "-" "Python-urllib/2.7" 259 419
89.111.188.176 - - [27/Jun/2016:03:02:29 +0000] "GET /wms.cgi?request=GetMap&layers=global_mosaic&srs=EPSG:4326&format=image/jpeg&styles=&width=512&height=512&bbox=35.625,-15.875,35.6875,-15.8125 HTTP/1.1" 404 205 "-" "Python-urllib/2.7" 264 419
89.111.188.176 - - [27/Jun/2016:03:02:29 +0000] "GET /wms.cgi?request=GetMap&layers=global_mosaic&srs=EPSG:4326&format=image/jpeg&styles=&width=512&height=512&bbox=35.5,-16.625,35.625,-16.5 HTTP/1.1" 404 205 "-" "Python-urllib/2.7" 258 419
89.111.188.176 - - [27/Jun/2016:03:02:29 +0000] "GET /wms.cgi?request=GetMap&layers=global_mosaic&srs=EPSG:4326&format=image/jpeg&styles=&width=512&height=512&bbox=35.25,-16.375,35.375,-16.25 HTTP/1.1" 404 205 "-" "Python-urllib/2.7" 260 419
89.111.188.176 - - [27/Jun/2016:03:02:29 +0000] "GET /wms.cgi?request=GetMap&layers=global_mosaic&srs=EPSG:4326&format=image/jpeg&styles=&width=512&height=512&bbox=35.75,-16.125,35.875,-16.0 HTTP/1.1" 404 205 "-" "Python-urllib/2.7" 259 419
89.111.188.176 - - [27/Jun/2016:03:02:30 +0000] "GET /wms.cgi?request=GetMap&layers=global_mosaic&srs=EPSG:4326&format=image/jpeg&styles=&width=512&height=512&bbox=35.375,-15.625,35.5,-15.5 HTTP/1.1" 404 205 "-" "Python-urllib/2.7" 258 419
89.111.188.176 - - [27/Jun/2016:03:02:30 +0000] "GET /wms.cgi?request=GetMap&layers=global_mosaic&srs=EPSG:4326&format=image/jpeg&styles=&width=512&height=512&bbox=35.25,-16.5,35.375,-16.375 HTTP/1.1" 404 205 "-" "Python-urllib/2.7" 259 419
89.111.188.176 - - [27/Jun/2016:03:02:30 +0000] "GET /wms.cgi?request=GetMap&layers=global_mosaic&srs=EPSG:4326&format=image/jpeg&styles=&width=512&height=512&bbox=35.75,-16.5,35.875,-16.375 HTTP/1.1" 404 205 "-" "Python-urllib/2.7" 259 419
89.111.188.176 - - [27/Jun/2016:03:02:30 +0000] "GET /wms.cgi?request=GetMap&layers=global_mosaic&srs=EPSG:4326&format=image/jpeg&styles=&width=512&height=512&bbox=35.875,-15.625,36.0,-15.5 HTTP/1.1" 404 205 "-" "Python-urllib/2.7" 258 419
187.134.163.144 - - [27/Jun/2016:03:03:13 +0000] "GET /wms.cgi?request=GetMap&layers=BMNG&srs=EPSG:4326&format=image/jpeg&styles=Apr&width=480&height=480&bbox=84,22,88,26 HTTP/1.1" 404 205 "-" "flatearthhd/1.1.0 CFNetwork/758.4.3 Darwin/15.5.0" 317 456
89.111.188.176 - - [27/Jun/2016:03:03:15 +0000] "GET /wms.cgi?request=GetMap&layers=global_mosaic&srs=EPSG:4326&format=image/jpeg&styles=&width=512&height=512&bbox=35.625,-15.6875,35.6875,-15.625 HTTP/1.1" 404 205 "-" "Python-urllib/2.7" 264 419
89.111.188.176 - - [27/Jun/2016:03:03:15 +0000] "GET /wms.cgi?request=GetMap&layers=global_mosaic&srs=EPSG:4326&format=image/jpeg&styles=&width=512&height=512&bbox=35.5,-15.75,35.625,-15.625 HTTP/1.1" 404 205 "-" "Python-urllib/2.7" 259 419
89.111.188.176 - - [27/Jun/2016:03:03:15 +0000] "GET /wms.cgi?request=GetMap&layers=global_mosaic&srs=EPSG:4326&format=image/jpeg&styles=&width=512&height=512&bbox=35.5,-16.125,35.5625,-16.0625 HTTP/1.1" 404 205 "-" "Python-urllib/2.7" 262 419
89.111.188.176 - - [27/Jun/2016:03:03:15 +0000] "GET /wms.cgi?request=GetMap&layers=global_mosaic&srs=EPSG:4326&format=image/jpeg&styles=&width=512&height=512&bbox=35.6875,-15.8125,35.75,-15.75 HTTP/1.1" 404 205 "-" "Python-urllib/2.7" 262 419
187.134.163.144 - - [27/Jun/2016:03:03:15 +0000] "GET /wms.cgi?request=GetMap&layers=BMNG&srs=EPSG:4326&format=image/jpeg&styles=Apr&width=480&height=480&bbox=88,18,92,22 HTTP/1.1" 404 205 "-" "flatearthhd/1.1.0 CFNetwork/758.4.3 Darwin/15.5.0" 317 455
187.134.163.144 - - [27/Jun/2016:03:03:15 +0000] "GET /wms.cgi?request=GetMap&layers=BMNG&srs=EPSG:4326&format=image/jpeg&styles=Apr&width=480&height=480&bbox=84,34,88,38 HTTP/1.1" 404 205 "-" "flatearthhd/1.1.0 CFNetwork/758.4.3 Darwin/15.5.0" 317 455
187.134.163.144 - - [27/Jun/2016:03:03:15 +0000] "GET /wms.cgi?request=GetMap&layers=BMNG&srs=EPSG:4326&format=image/jpeg&styles=Apr&width=480&height=480&bbox=88,34,92,38 HTTP/1.1" 404 205 "-" "flatearthhd/1.1.0 CFNetwork/758.4.3 Darwin/15.5.0" 317 455
187.134.163.144 - - [27/Jun/2016:03:03:15 +0000] "GET /wms.cgi?request=GetMap&layers=BMNG&srs=EPSG:4326&format=image/jpeg&styles=Apr&width=480&height=480&bbox=92,22,96,26 HTTP/1.1" 404 205 "-" "flatearthhd/1.1.0 CFNetwork/758.4.3 Darwin/15.5.0" 317 455
89.111.188.176 - - [27/Jun/2016:03:03:15 +0000] "GET /wms.cgi?request=GetMap&layers=global_mosaic&srs=EPSG:4326&format=image/jpeg&styles=&width=512&height=512&bbox=35.125,-15.625,35.1875,-15.5625 HTTP/1.1" 404 205 "-" "Python-urllib/2.7" 264 419
187.134.163.144 - - [27/Jun/2016:03:03:15 +0000] "GET /wms.cgi?request=GetMap&layers=BMNG&srs=EPSG:4326&format=image/jpeg&styles=Apr&width=480&height=480&bbox=84,18,88,22 HTTP/1.1" 404 205 "-" "flatearthhd/1.1.0 CFNetwork/758.4.3 Darwin/15.5.0" 317 455
89.111.188.176 - - [27/Jun/2016:03:03:15 +0000] "GET /wms.cgi?request=GetMap&layers=global_mosaic&srs=EPSG:4326&format=image/jpeg&styles=&width=512&height=512&bbox=35.25,-16.625,35.375,-16.5 HTTP/1.1" 404 205 "-" "Python-urllib/2.7" 259 419
89.111.188.176 - - [27/Jun/2016:03:03:15 +0000] "GET /wms.cgi?request=GetMap&layers=global_mosaic&srs=EPSG:4326&format=image/jpeg&styles=&width=512&height=512&bbox=35.5,-16.75,35.625,-16.625 HTTP/1.1" 404 205 "-" "Python-urllib/2.7" 259 419
187.134.163.144 - - [27/Jun/2016:03:03:16 +0000] "GET /wms.cgi?request=GetMap&layers=BMNG&srs=EPSG:4326&format=image/jpeg&styles=Apr&width=480&height=480&bbox=88,30,92,34 HTTP/1.1" 404 205 "-" "flatearthhd/1.1.0 CFNetwork/758.4.3 Darwin/15.5.0" 317 455
187.134.163.144 - - [27/Jun/2016:03:03:16 +0000] "GET /wms.cgi?request=GetMap&layers=BMNG&srs=EPSG:4326&format=image/jpeg&styles=Apr&width=480&height=480&bbox=92,26,96,30 HTTP/1.1" 404 205 "-" "flatearthhd/1.1.0 CFNetwork/758.4.3 Darwin/15.5.0" 317 455
187.134.163.144 - - [27/Jun/2016:03:03:16 +0000] "GET /wms.cgi?request=GetMap&layers=BMNG&srs=EPSG:4326&format=image/jpeg&styles=Apr&width=480&height=480&bbox=88,26,92,30 HTTP/1.1" 404 205 "-" "flatearthhd/1.1.0 CFNetwork/758.4.3 Darwin/15.5.0" 317 455
187.134.163.144 - - [27/Jun/2016:03:03:16 +0000] "GET /wms.cgi?request=GetMap&layers=BMNG&srs=EPSG:4326&format=image/jpeg&styles=Apr&width=480&height=480&bbox=92,30,96,34 HTTP/1.1" 404 205 "-" "flatearthhd/1.1.0 CFNetwork/758.4.3 Darwin/15.5.0" 317 455
187.134.163.144 - - [27/Jun/2016:03:03:16 +0000] "GET /wms.cgi?request=GetMap&layers=BMNG&srs=EPSG:4326&format=image/jpeg&styles=Apr&width=480&height=480&bbox=92,18,96,22 HTTP/1.1" 404 205 "-" "flatearthhd/1.1.0 CFNetwork/758.4.3 Darwin/15.5.0" 317 455
187.134.163.144 - - [27/Jun/2016:03:03:16 +0000] "GET /wms.cgi?request=GetMap&layers=BMNG&srs=EPSG:4326&format=image/jpeg&styles=Apr&width=480&height=480&bbox=84,30,88,34 HTTP/1.1" 404 205 "-" "flatearthhd/1.1.0 CFNetwork/758.4.3 Darwin/15.5.0" 317 455
187.134.163.144 - - [27/Jun/2016:03:03:17 +0000] "GET /wms.cgi?request=GetMap&layers=BMNG&srs=EPSG:4326&format=image/jpeg&styles=Apr&width=480&height=480&bbox=92,14,96,18 HTTP/1.1" 404 205 "-" "flatearthhd/1.1.0 CFNetwork/758.4.3 Darwin/15.5.0" 317 455
187.134.163.144 - - [27/Jun/2016:03:03:17 +0000] "GET /wms.cgi?request=GetMap&layers=BMNG&srs=EPSG:4326&format=image/jpeg&styles=Apr&width=480&height=480&bbox=84,14,88,18 HTTP/1.1" 404 205 "-" "flatearthhd/1.1.0 CFNetwork/758.4.3 Darwin/15.5.0" 317 455
187.134.163.144 - - [27/Jun/2016:03:03:17 +0000] "GET /wms.cgi?request=GetMap&layers=BMNG&srs=EPSG:4326&format=image/jpeg&styles=Apr&width=480&height=480&bbox=80,22,84,26 HTTP/1.1" 404 205 "-" "flatearthhd/1.1.0 CFNetwork/758.4.3 Darwin/15.5.0" 317 455
187.134.163.144 - - [27/Jun/2016:03:03:18 +0000] "GET /wms.cgi?request=GetMap&layers=BMNG&srs=EPSG:4326&format=image/jpeg&styles=Apr&width=480&height=480&bbox=80,30,84,34 HTTP/1.1" 404 205 "-" "flatearthhd/1.1.0 CFNetwork/758.4.3 Darwin/15.5.0" 317 455
187.134.163.144 - - [27/Jun/2016:03:03:18 +0000] "GET /wms.cgi?request=GetMap&layers=BMNG&srs=EPSG:4326&format=image/jpeg&styles=Apr&width=480&height=480&bbox=76,26,80,30 HTTP/1.1" 404 205 "-" "flatearthhd/1.1.0 CFNetwork/758.4.3 Darwin/15.5.0" 317 455
187.134.163.144 - - [27/Jun/2016:03:03:18 +0000] "GET /wms.cgi?request=GetMap&layers=BMNG&srs=EPSG:4326&format=image/jpeg&styles=Apr&width=480&height=480&bbox=88,14,92,18 HTTP/1.1" 404 205 "-" "flatearthhd/1.1.0 CFNetwork/758.4.3 Darwin/15.5.0" 317 455
187.134.163.144 - - [27/Jun/2016:03:03:18 +0000] "GET /wms.cgi?request=GetMap&layers=BMNG&srs=EPSG:4326&format=image/jpeg&styles=Apr&width=480&height=480&bbox=84,26,88,30 HTTP/1.1" 404 205 "-" "flatearthhd/1.1.0 CFNetwork/758.4.3 Darwin/15.5.0" 317 455
187.134.163.144 - - [27/Jun/2016:03:03:18 +0000] "GET /wms.cgi?request=GetMap&layers=BMNG&srs=EPSG:4326&format=image/jpeg&styles=Apr&width=480&height=480&bbox=88,22,92,26 HTTP/1.1" 404 205 "-" "flatearthhd/1.1.0 CFNetwork/758.4.3 Darwin/15.5.0" 317 455
187.134.163.144 - - [27/Jun/2016:03:03:18 +0000] "GET /wms.cgi?request=GetMap&layers=BMNG&srs=EPSG:4326&format=image/jpeg&styles=Apr&width=480&height=480&bbox=76,22,80,26 HTTP/1.1" 404 205 "-" "flatearthhd/1.1.0 CFNetwork/758.4.3 Darwin/15.5.0" 317 455
187.134.163.144 - - [27/Jun/2016:03:03:18 +0000] "GET /wms.cgi?request=GetMap&layers=BMNG&srs=EPSG:4326&format=image/jpeg&styles=Apr&width=480&height=480&bbox=80,26,84,30 HTTP/1.1" 404 205 "-" "flatearthhd/1.1.0 CFNetwork/758.4.3 Darwin/15.5.0" 317 455
187.134.163.144 - - [27/Jun/2016:03:03:18 +0000] "GET /wms.cgi?request=GetMap&layers=BMNG&srs=EPSG:4326&format=image/jpeg&styles=Apr&width=480&height=480&bbox=80,18,84,22 HTTP/1.1" 404 205 "-" "flatearthhd/1.1.0 CFNetwork/758.4.3 Darwin/15.5.0" 317 455
187.134.163.144 - - [27/Jun/2016:03:03:18 +0000] "GET /wms.cgi?request=GetMap&layers=BMNG&srs=EPSG:4326&format=image/jpeg&styles=Apr&width=480&height=480&bbox=80,14,84,18 HTTP/1.1" 404 205 "-" "flatearthhd/1.1.0 CFNetwork/758.4.3 Darwin/15.5.0" 317 455
193.51.249.230 - - [27/Jun/2016:03:03:38 +0000] "GET /wms.cgi?REQUEST=GetCapabilities&version=1.1.1&SERVICE=WMS HTTP/1.1" 404 205 "-" "Python-urllib/2.7" 180 419
89.111.188.176 - - [27/Jun/2016:03:03:44 +0000] "GET /wms.cgi?request=GetMap&layers=global_mosaic&srs=EPSG:4326&format=image/jpeg&styles=&width=512&height=512&bbox=36.0,-12.5,36.5,-12.0 HTTP/1.1" 404 205 "-" "Python-urllib/2.7" 254 419
89.111.188.176 - - [27/Jun/2016:03:03:45 +0000] "GET /wms.cgi?request=GetMap&layers=global_mosaic&srs=EPSG:4326&format=image/jpeg&styles=&width=512&height=512&bbox=36.5,-11.25,36.75,-11.0 HTTP/1.1" 404 205 "-" "Python-urllib/2.7" 256 419
89.111.188.176 - - [27/Jun/2016:03:03:45 +0000] "GET /wms.cgi?request=GetMap&layers=global_mosaic&srs=EPSG:4326&format=image/jpeg&styles=&width=512&height=512&bbox=37.25,-10.875,37.375,-10.75 HTTP/1.1" 404 205 "-" "Python-urllib/2.7" 260 419
89.111.188.176 - - [27/Jun/2016:03:03:46 +0000] "GET /wms.cgi?request=GetMap&layers=global_mosaic&srs=EPSG:4326&format=image/jpeg&styles=&width=512&height=512&bbox=37.25,-11.625,37.375,-11.5 HTTP/1.1" 404 205 "-" "Python-urllib/2.7" 259 419
89.111.188.176 - - [27/Jun/2016:03:03:46 +0000] "GET /wms.cgi?request=GetMap&layers=global_mosaic&srs=EPSG:4326&format=image/jpeg&styles=&width=512&height=512&bbox=37.25,-10.625,37.375,-10.5 HTTP/1.1" 404 205 "-" "Python-urllib/2.7" 259 419
89.111.188.176 - - [27/Jun/2016:03:03:46 +0000] "GET /wms.cgi?request=GetMap&layers=global_mosaic&srs=EPSG:4326&format=image/jpeg&styles=&width=512&height=512&bbox=36.5,-10.75,36.75,-10.5 HTTP/1.1" 404 205 "-" "Python-urllib/2.7" 256 419
89.111.188.176 - - [27/Jun/2016:03:03:46 +0000] "GET /wms.cgi?request=GetMap&layers=global_mosaic&srs=EPSG:4326&format=image/jpeg&styles=&width=512&height=512&bbox=36.5,-11.0,36.75,-10.75 HTTP/1.1" 404 205 "-" "Python-urllib/2.7" 256 419
89.111.188.176 - - [27/Jun/2016:03:03:46 +0000] "GET /wms.cgi?request=GetMap&layers=global_mosaic&srs=EPSG:4326&format=image/jpeg&styles=&width=512&height=512&bbox=35.75,-11.25,36.0,-11.0 HTTP/1.1" 404 205 "-" "Python-urllib/2.7" 256 419
89.111.188.176 - - [27/Jun/2016:03:03:46 +0000] "GET /wms.cgi?request=GetMap&layers=global_mosaic&srs=EPSG:4326&format=image/jpeg&styles=&width=512&height=512&bbox=36.5,-12.0,36.75,-11.75 HTTP/1.1" 404 205 "-" "Python-urllib/2.7" 256 419
89.111.188.176 - - [27/Jun/2016:03:03:47 +0000] "GET /wms.cgi?request=GetMap&layers=global_mosaic&srs=EPSG:4326&format=image/jpeg&styles=&width=512&height=512&bbox=37.25,-11.25,37.5,-11.0 HTTP/1.1" 404 205 "-" "Python-urllib/2.7" 256 419
89.111.188.176 - - [27/Jun/2016:03:03:47 +0000] "GET /wms.cgi?request=GetMap&layers=global_mosaic&srs=EPSG:4326&format=image/jpeg&styles=&width=512&height=512&bbox=35.75,-12.0,36.0,-11.75 HTTP/1.1" 404 205 "-" "Python-urllib/2.7" 256 419
89.111.188.176 - - [27/Jun/2016:03:03:47 +0000] "GET /wms.cgi?request=GetMap&layers=global_mosaic&srs=EPSG:4326&format=image/jpeg&styles=&width=512&height=512&bbox=35.75,-10.75,36.0,-10.5 HTTP/1.1" 404 205 "-" "Python-urllib/2.7" 256 419
89.111.188.176 - - [27/Jun/2016:03:03:47 +0000] "GET /wms.cgi?request=GetMap&layers=global_mosaic&srs=EPSG:4326&format=image/jpeg&styles=&width=512&height=512&bbox=37.25,-10.75,37.5,-10.5 HTTP/1.1" 404 205 "-" "Python-urllib/2.7" 256 419
89.111.188.176 - - [27/Jun/2016:03:03:47 +0000] "GET /wms.cgi?request=GetMap&layers=global_mosaic&srs=EPSG:4326&format=image/jpeg&styles=&width=512&height=512&bbox=37.25,-12.0,37.5,-11.75 HTTP/1.1" 404 205 "-" "Python-urllib/2.7" 256 419
89.111.188.176 - - [27/Jun/2016:03:03:47 +0000] "GET /wms.cgi?request=GetMap&layers=global_mosaic&srs=EPSG:4326&format=image/jpeg&styles=&width=512&height=512&bbox=36.875,-10.875,37.0,-10.75 HTTP/1.1" 404 205 "-" "Python-urllib/2.7" 259 419
89.111.188.176 - - [27/Jun/2016:03:03:47 +0000] "GET /wms.cgi?request=GetMap&layers=global_mosaic&srs=EPSG:4326&format=image/jpeg&styles=&width=512&height=512&bbox=36.5,-11.25,36.625,-11.125 HTTP/1.1" 404 205 "-" "Python-urllib/2.7" 259 419
89.111.188.176 - - [27/Jun/2016:03:03:47 +0000] "GET /wms.cgi?request=GetMap&layers=global_mosaic&srs=EPSG:4326&format=image/jpeg&styles=&width=512&height=512&bbox=36.875,-11.25,37.0,-11.125 HTTP/1.1" 404 205 "-" "Python-urllib/2.7" 259 419
89.111.188.176 - - [27/Jun/2016:03:03:48 +0000] "GET /wms.cgi?request=GetMap&layers=global_mosaic&srs=EPSG:4326&format=image/jpeg&styles=&width=512&height=512&bbox=36.875,-11.625,37.0,-11.5 HTTP/1.1" 404 205 "-" "Python-urllib/2.7" 258 419
89.111.188.176 - - [27/Jun/2016:03:03:48 +0000] "GET /wms.cgi?request=GetMap&layers=global_mosaic&srs=EPSG:4326&format=image/jpeg&styles=&width=512&height=512&bbox=37.25,-11.25,37.375,-11.125 HTTP/1.1" 404 205 "-" "Python-urllib/2.7" 260 419
89.111.188.176 - - [27/Jun/2016:03:03:48 +0000] "GET /wms.cgi?request=GetMap&layers=global_mosaic&srs=EPSG:4326&format=image/jpeg&styles=&width=512&height=512&bbox=36.875,-10.625,37.0,-10.5 HTTP/1.1" 404 205 "-" "Python-urllib/2.7" 258 419
89.111.188.176 - - [27/Jun/2016:03:03:48 +0000] "GET /wms.cgi?request=GetMap&layers=global_mosaic&srs=EPSG:4326&format=image/jpeg&styles=&width=512&height=512&bbox=36.5,-10.875,36.625,-10.75 HTTP/1.1" 404 205 "-" "Python-urllib/2.7" 259 419
89.111.188.176 - - [27/Jun/2016:03:03:48 +0000] "GET /wms.cgi?request=GetMap&layers=global_mosaic&srs=EPSG:4326&format=image/jpeg&styles=&width=512&height=512&bbox=36.5,-11.625,36.625,-11.5 HTTP/1.1" 404 205 "-" "Python-urllib/2.7" 258 419
68.180.228.251 - - [27/Jun/2016:03:06:42 +0000] "GET /wms.cgi?request=GetMap&layers=global_mosaic&srs=EPSG:4326&height=1000&width=1000&bbox=7.005177498404,49.060552791719,7.2114890083008,49.195556984728&format=image/jpeg&styles=pseudo HTTP/1.1" 404 205 "-" "Mozilla/5.0 (compatible; Yahoo! Slurp; http://help.yahoo.com/help/us/ysearch/slurp)" 359 400
126.254.12.113 - - [27/Jun/2016:03:08:00 +0000] "GET /wms.cgi?request=GetMap&layers=BMNG&srs=EPSG:4326&format=image/jpeg&styles=Apr&width=480&height=480&bbox=140,42,144,46 HTTP/1.1" 404 205 "-" "ProjTileMap/1.4.5 CFNetwork/758.4.3 Darwin/15.5.0" 319 456
126.254.12.113 - - [27/Jun/2016:03:08:01 +0000] "GET /wms.cgi?request=GetMap&layers=BMNG&srs=EPSG:4326&format=image/jpeg&styles=Apr&width=480&height=480&bbox=140,38,144,42 HTTP/1.1" 404 205 "-" "ProjTileMap/1.4.5 CFNetwork/758.4.3 Darwin/15.5.0" 319 455
126.254.12.113 - - [27/Jun/2016:03:08:01 +0000] "GET /wms.cgi?request=GetMap&layers=BMNG&srs=EPSG:4326&format=image/jpeg&styles=Apr&width=480&height=480&bbox=136,38,140,42 HTTP/1.1" 404 205 "-" "ProjTileMap/1.4.5 CFNetwork/758.4.3 Darwin/15.5.0" 319 455
126.254.12.113 - - [27/Jun/2016:03:08:01 +0000] "GET /wms.cgi?request=GetMap&layers=BMNG&srs=EPSG:4326&format=image/jpeg&styles=Apr&width=480&height=480&bbox=136,42,140,46 HTTP/1.1" 404 205 "-" "ProjTileMap/1.4.5 CFNetwork/758.4.3 Darwin/15.5.0" 319 455
126.254.12.113 - - [27/Jun/2016:03:08:03 +0000] "GET /wms.cgi?request=GetMap&layers=BMNG&srs=EPSG:4326&format=image/jpeg&styles=Apr&width=480&height=480&bbox=136,34,140,38 HTTP/1.1" 404 205 "-" "ProjTileMap/1.4.5 CFNetwork/758.4.3 Darwin/15.5.0" 319 455
126.254.12.113 - - [27/Jun/2016:03:08:03 +0000] "GET /wms.cgi?request=GetMap&layers=BMNG&srs=EPSG:4326&format=image/jpeg&styles=Apr&width=480&height=480&bbox=140,34,144,38 HTTP/1.1" 404 205 "-" "ProjTileMap/1.4.5 CFNetwork/758.4.3 Darwin/15.5.0" 319 455
126.254.12.113 - - [27/Jun/2016:03:08:04 +0000] "GET /wms.cgi?request=GetMap&layers=BMNG&srs=EPSG:4326&format=image/jpeg&styles=Apr&width=480&height=480&bbox=140,30,144,34 HTTP/1.1" 404 205 "-" "ProjTileMap/1.4.5 CFNetwork/758.4.3 Darwin/15.5.0" 319 455
126.254.12.113 - - [27/Jun/2016:03:08:04 +0000] "GET /wms.cgi?request=GetMap&layers=BMNG&srs=EPSG:4326&format=image/jpeg&styles=Apr&width=480&height=480&bbox=144,34,148,38 HTTP/1.1" 404 205 "-" "ProjTileMap/1.4.5 CFNetwork/758.4.3 Darwin/15.5.0" 319 455
126.254.12.113 - - [27/Jun/2016:03:08:04 +0000] "GET /wms.cgi?request=GetMap&layers=BMNG&srs=EPSG:4326&format=image/jpeg&styles=Apr&width=480&height=480&bbox=132,34,136,38 HTTP/1.1" 404 205 "-" "ProjTileMap/1.4.5 CFNetwork/758.4.3 Darwin/15.5.0" 319 455
68.180.228.251 - - [27/Jun/2016:03:08:20 +0000] "GET /wms.cgi?request=GetMap&layers=global_mosaic&srs=EPSG:4326&height=1000&width=1000&bbox=4.2356377021487,46.536664703001,4.4321404392614,46.67166889601&format=image/jpeg&styles=pseudo HTTP/1.1" 404 205 "-" "Mozilla/5.0 (compatible; Yahoo! Slurp; http://help.yahoo.com/help/us/ysearch/slurp)" 359 400
163.172.7.229 - - [27/Jun/2016:03:10:30 +0000] "GET / HTTP/1.1" 200 9327 "-" "Stratagems Kumo" 145 9656
68.180.228.251 - - [27/Jun/2016:03:14:00 +0000] "GET /robots.txt HTTP/1.1" 404 208 "-" "Mozilla/5.0 (compatible; Yahoo! Slurp; http://help.yahoo.com/help/us/ysearch/slurp)" 166 403
68.180.228.251 - - [27/Jun/2016:03:14:00 +0000] "GET /wms.cgi?request=GetMap&layers=global_mosaic&srs=EPSG:4326&height=1000&width=1000&bbox=1.967327151435,47.12721993424,2.1660062191922,47.262224127249&format=image/jpeg&styles=pseudo HTTP/1.1" 404 205 "-" "Mozilla/5.0 (compatible; Yahoo! Slurp; http://help.yahoo.com/help/us/ysearch/slurp)" 358 400
193.51.249.230 - - [27/Jun/2016:03:20:52 +0000] "GET /wms.cgi?REQUEST=GetCapabilities&version=1.1.1&SERVICE=WMS HTTP/1.1" 404 205 "-" "Python-urllib/2.7" 180 419
66.249.75.214 - - [27/Jun/2016:03:32:13 +0000] "GET /landsat.cgi?zoom=0.0005556&x0=36.506388888889&y0=36.965277777778&action=zoomin&layer=modis%252Cglobal_mosaic&pwidth=800&pheight=600 HTTP/1.1" 404 209 "-" "Mozilla/5.0 (compatible; Googlebot/2.1; +http://www.google.com/bot.html)" 428 460
66.249.75.206 - - [27/Jun/2016:03:33:13 +0000] "GET /landsat.cgi?zoom=0.0005556&x0=37.300833333333&y0=12.240277777778&action=zoomin&layer=modis%252Cglobal_mosaic&pwidth=800&pheight=600 HTTP/1.1" 404 209 "-" "Mozilla/5.0 (compatible; Googlebot/2.1; +http://www.google.com/bot.html)" 428 460
193.51.249.230 - - [27/Jun/2016:03:34:25 +0000] "GET /wms.cgi?REQUEST=GetCapabilities&version=1.1.1&SERVICE=WMS HTTP/1.1" 404 205 "-" "Python-urllib/2.7" 180 419
89.111.188.176 - - [27/Jun/2016:03:35:13 +0000] "GET /wms.cgi?request=GetMap&layers=global_mosaic&srs=EPSG:4326&format=image/jpeg&styles=&width=512&height=512&bbox=120.375,27.5,120.4375,27.5625 HTTP/1.1" 404 205 "-" "Python-urllib/2.7" 262 419
89.111.188.176 - - [27/Jun/2016:03:37:14 +0000] "GET /wms.cgi?request=GetMap&layers=global_mosaic&srs=EPSG:4326&format=image/jpeg&styles=&width=512&height=512&bbox=-100.625,20.0,-100.5,20.125 HTTP/1.1" 404 205 "-" "Python-urllib/2.7" 260 419
89.111.188.176 - - [27/Jun/2016:03:37:15 +0000] "GET /wms.cgi?request=GetMap&layers=global_mosaic&srs=EPSG:4326&format=image/jpeg&styles=&width=512&height=512&bbox=-101.875,19.5,-101.75,19.625 HTTP/1.1" 404 205 "-" "Python-urllib/2.7" 261 419
89.111.188.176 - - [27/Jun/2016:03:37:16 +0000] "GET /wms.cgi?request=GetMap&layers=global_mosaic&srs=EPSG:4326&format=image/jpeg&styles=&width=512&height=512&bbox=-101.25,19.375,-101.125,19.5 HTTP/1.1" 404 205 "-" "Python-urllib/2.7" 261 419
89.111.188.176 - - [27/Jun/2016:03:37:16 +0000] "GET /wms.cgi?request=GetMap&layers=global_mosaic&srs=EPSG:4326&format=image/jpeg&styles=&width=512&height=512&bbox=-100.875,19.5,-100.75,19.625 HTTP/1.1" 404 205 "-" "Python-urllib/2.7" 261 419
89.111.188.176 - - [27/Jun/2016:03:37:16 +0000] "GET /wms.cgi?request=GetMap&layers=global_mosaic&srs=EPSG:4326&format=image/jpeg&styles=&width=512&height=512&bbox=-100.75,19.5,-100.625,19.625 HTTP/1.1" 404 205 "-" "Python-urllib/2.7" 261 419
89.111.188.176 - - [27/Jun/2016:03:37:23 +0000] "GET /wms.cgi?request=GetMap&layers=global_mosaic&srs=EPSG:4326&format=image/jpeg&styles=&width=512&height=512&bbox=-101.4375,20.125,-101.375,20.1875 HTTP/1.1" 404 205 "-" "Python-urllib/2.7" 266 419
89.111.188.176 - - [27/Jun/2016:03:37:24 +0000] "GET /wms.cgi?request=GetMap&layers=global_mosaic&srs=EPSG:4326&format=image/jpeg&styles=&width=512&height=512&bbox=-101.25,20.125,-101.1875,20.1875 HTTP/1.1" 404 205 "-" "Python-urllib/2.7" 265 419
66.249.75.206 - - [27/Jun/2016:03:41:11 +0000] "GET /wms.cgi?request=GetMap&layers=global_mosaic&srs=EPSG:4326&height=1000&width=1000&bbox=5.2144912508963,44.960274118327,5.405508636701,45.095278311336&format=image/jpeg&styles=pseudo HTTP/1.1" 404 205 "-" "Mozilla/5.0 (compatible; Googlebot/2.1; +http://www.google.com/bot.html)" 477 456
130.180.211.80 - - [27/Jun/2016:03:44:33 +0000] "GET /wms.cgi?VERSION=1.1.1&SERVICE=WMS&REQUEST=GetCapabilities HTTP/1.1" 404 205 "-" "Apache-HttpClient/4.0-beta2 (java 1.5)" 179 456
190.178.85.128 - - [27/Jun/2016:03:48:00 +0000] "GET /BMNG_TERRA.kml HTTP/1.1" 404 212 "-" "GoogleEarth/7.1.5.1557(Windows;Microsoft Windows (6.1.7600.0);es-419;kml:2.2;client:Free;type:default)" 390 463
89.111.188.176 - - [27/Jun/2016:03:48:47 +0000] "GET /wms.cgi?request=GetMap&layers=global_mosaic&srs=EPSG:4326&format=image/jpeg&styles=&width=512&height=512&bbox=120.3125,27.5,120.375,27.5625 HTTP/1.1" 404 205 "-" "Python-urllib/2.7" 262 419
89.111.188.176 - - [27/Jun/2016:03:49:35 +0000] "GET /wms.cgi?request=GetMap&layers=global_mosaic&srs=EPSG:4326&format=image/jpeg&styles=&width=512&height=512&bbox=82.0,0.0,83.0,1.0 HTTP/1.1" 404 205 "-" "Python-urllib/2.7" 250 419
193.51.249.230 - - [27/Jun/2016:03:49:57 +0000] "GET /wms.cgi?REQUEST=GetCapabilities&version=1.1.1&SERVICE=WMS HTTP/1.1" 404 205 "-" "Python-urllib/2.7" 180 419
192.148.213.60 - - [27/Jun/2016:03:52:43 +0000] "GET /wms.cgi?service=WMS&request=GetCapabilities&version=1.3.0 HTTP/1.1" 404 205 "-" "-" 191 456
192.148.213.60 - - [27/Jun/2016:03:52:43 +0000] "GET /wms.cgi?service=WMS&request=GetCapabilities&version=1.1.1 HTTP/1.1" 404 205 "-" "-" 191 455
71.110.175.131 - - [27/Jun/2016:03:56:26 +0000] "GET /OnEarth_DailyPlanet.kml HTTP/1.1" 404 221 "http://www.gearthblog.com/blog/archives/2008/02/about_google_earth_imagery.html" "Mozilla/5.0 (iPhone; CPU iPhone OS 9_3_2 like Mac OS X) AppleWebKit/601.1.46 (KHTML, like Gecko) Version/9.0 Mobile/13F69 Safari/601.1" 460 472
69.5.107.78 - - [27/Jun/2016:03:58:15 +0000] "GET /wms.cgi?request=GetMap&layers=BMNG&srs=EPSG:4326&format=image/jpeg&styles=Apr&width=480&height=480&bbox=32,26,36,30 HTTP/1.1" 404 205 "-" "flatearthhd/1.1.0 CFNetwork/758.4.3 Darwin/15.5.0" 317 456
69.5.107.78 - - [27/Jun/2016:03:58:16 +0000] "GET /wms.cgi?request=GetMap&layers=BMNG&srs=EPSG:4326&format=image/jpeg&styles=Apr&width=480&height=480&bbox=36,30,40,34 HTTP/1.1" 404 205 "-" "flatearthhd/1.1.0 CFNetwork/758.4.3 Darwin/15.5.0" 317 455
69.5.107.78 - - [27/Jun/2016:03:58:16 +0000] "GET /wms.cgi?request=GetMap&layers=BMNG&srs=EPSG:4326&format=image/jpeg&styles=Apr&width=480&height=480&bbox=28,30,32,34 HTTP/1.1" 404 205 "-" "flatearthhd/1.1.0 CFNetwork/758.4.3 Darwin/15.5.0" 317 455
69.5.107.78 - - [27/Jun/2016:03:58:16 +0000] "GET /wms.cgi?request=GetMap&layers=BMNG&srs=EPSG:4326&format=image/jpeg&styles=Apr&width=480&height=480&bbox=32,22,36,26 HTTP/1.1" 404 205 "-" "flatearthhd/1.1.0 CFNetwork/758.4.3 Darwin/15.5.0" 317 455
69.5.107.78 - - [27/Jun/2016:03:58:16 +0000] "GET /wms.cgi?request=GetMap&layers=BMNG&srs=EPSG:4326&format=image/jpeg&styles=Apr&width=480&height=480&bbox=36,26,40,30 HTTP/1.1" 404 205 "-" "flatearthhd/1.1.0 CFNetwork/758.4.3 Darwin/15.5.0" 317 455
69.5.107.78 - - [27/Jun/2016:03:58:19 +0000] "GET /wms.cgi?request=GetMap&layers=BMNG&srs=EPSG:4326&format=image/jpeg&styles=Apr&width=480&height=480&bbox=28,26,32,30 HTTP/1.1" 404 205 "-" "flatearthhd/1.1.0 CFNetwork/758.4.3 Darwin/15.5.0" 317 455
69.5.107.78 - - [27/Jun/2016:03:58:19 +0000] "GET /wms.cgi?request=GetMap&layers=BMNG&srs=EPSG:4326&format=image/jpeg&styles=Apr&width=480&height=480&bbox=32,30,36,34 HTTP/1.1" 404 205 "-" "flatearthhd/1.1.0 CFNetwork/758.4.3 Darwin/15.5.0" 317 455
193.51.249.230 - - [27/Jun/2016:04:02:21 +0000] "GET /wms.cgi?REQUEST=GetCapabilities&version=1.1.1&SERVICE=WMS HTTP/1.1" 404 205 "-" "Python-urllib/2.7" 180 419
192.148.213.60 - - [27/Jun/2016:04:07:05 +0000] "GET /wms.cgi?service=WMS&request=GetCapabilities&version=1.3.0 HTTP/1.1" 404 205 "-" "-" 191 456
192.148.213.60 - - [27/Jun/2016:04:07:05 +0000] "GET /wms.cgi?service=WMS&request=GetCapabilities&version=1.1.1 HTTP/1.1" 404 205 "-" "-" 191 455
216.81.62.42 - - [27/Jun/2016:04:07:37 +0000] "GET /wms.cgi?SERVICE=WMS&VERSION=1.1.1&REQUEST=GetCapabilities HTTP/1.1" 404 205 "http://www.esri.com/1E93C195-54E5-46D0-A904-9DFCCBE46374" "ArcGIS Client Using WinInet" 273 456
216.81.62.42 - - [27/Jun/2016:04:07:48 +0000] "GET /wms.cgi?SERVICE=WMS&VERSION=1.1.1&REQUEST=GetCapabilities HTTP/1.1" 404 205 "http://www.esri.com/1E93C195-54E5-46D0-A904-9DFCCBE46374" "ArcGIS Client Using WinInet" 273 456
129.173.119.26 - - [27/Jun/2016:04:07:52 +0000] "GET /OnEarth_DailyPlanet.kml HTTP/1.1" 404 221 "http://coinatlantic.ca" "-" 115 416
216.81.62.42 - - [27/Jun/2016:04:08:00 +0000] "GET /wms.cgi?SERVICE=WMS&VERSION=1.1.1&REQUEST=GetCapabilities HTTP/1.1" 404 205 "http://www.esri.com/1E93C195-54E5-46D0-A904-9DFCCBE46374" "ArcGIS Client Using WinInet" 273 456
216.81.62.42 - - [27/Jun/2016:04:08:10 +0000] "GET /wms.cgi?SERVICE=WMS&VERSION=1.1.1&REQUEST=GetCapabilities HTTP/1.1" 404 205 "http://www.esri.com/1E93C195-54E5-46D0-A904-9DFCCBE46374" "ArcGIS Client Using WinInet" 273 456
5.90.46.154 - - [27/Jun/2016:04:15:45 +0000] "GET / HTTP/1.1" 200 9327 "http://www.mcnweb.it/mcnearth/" "Mozilla/5.0 (iPhone; CPU iPhone OS 7_1_2 like Mac OS X) AppleWebKit/537.51.2 (KHTML, like Gecko) Version/7.0 Mobile/11D257 Safari/9537.53" 422 9656
5.90.46.154 - - [27/Jun/2016:04:15:46 +0000] "GET /css/main.css HTTP/1.1" 200 8336 "http://onearth.jpl.nasa.gov/" "Mozilla/5.0 (iPhone; CPU iPhone OS 7_1_2 like Mac OS X) AppleWebKit/537.51.2 (KHTML, like Gecko) Version/7.0 Mobile/11D257 Safari/9537.53" 387 8662
5.90.46.154 - - [27/Jun/2016:04:15:46 +0000] "GET /images/spacer.gif HTTP/1.1" 200 67 "http://onearth.jpl.nasa.gov/" "Mozilla/5.0 (iPhone; CPU iPhone OS 7_1_2 like Mac OS X) AppleWebKit/537.51.2 (KHTML, like Gecko) Version/7.0 Mobile/11D257 Safari/9537.53" 377 391
5.90.46.154 - - [27/Jun/2016:04:15:46 +0000] "GET /images/buttonsearchmain.gif HTTP/1.1" 200 551 "http://onearth.jpl.nasa.gov/" "Mozilla/5.0 (iPhone; CPU iPhone OS 7_1_2 like Mac OS X) AppleWebKit/537.51.2 (KHTML, like Gecko) Version/7.0 Mobile/11D257 Safari/9537.53" 387 878
5.90.46.154 - - [27/Jun/2016:04:15:46 +0000] "GET /images/tnav1.gif HTTP/1.1" 200 9654 "http://onearth.jpl.nasa.gov/" "Mozilla/5.0 (iPhone; CPU iPhone OS 7_1_2 like Mac OS X) AppleWebKit/537.51.2 (KHTML, like Gecko) Version/7.0 Mobile/11D257 Safari/9537.53" 376 9983
5.90.46.154 - - [27/Jun/2016:04:15:46 +0000] "GET /images/mast.jpg HTTP/1.1" 200 41659 "http://onearth.jpl.nasa.gov/" "Mozilla/5.0 (iPhone; CPU iPhone OS 7_1_2 like Mac OS X) AppleWebKit/537.51.2 (KHTML, like Gecko) Version/7.0 Mobile/11D257 Safari/9537.53" 375 41990
5.90.46.154 - - [27/Jun/2016:04:15:46 +0000] "GET /images/bg.gif HTTP/1.1" 200 340709 "http://onearth.jpl.nasa.gov/" "Mozilla/5.0 (iPhone; CPU iPhone OS 7_1_2 like Mac OS X) AppleWebKit/537.51.2 (KHTML, like Gecko) Version/7.0 Mobile/11D257 Safari/9537.53" 373 341041
5.90.46.154 - - [27/Jun/2016:04:15:50 +0000] "GET /css/print.css HTTP/1.1" 200 425 "http://onearth.jpl.nasa.gov/" "Mozilla/5.0 (iPhone; CPU iPhone OS 7_1_2 like Mac OS X) AppleWebKit/537.51.2 (KHTML, like Gecko) Version/7.0 Mobile/11D257 Safari/9537.53" 388 749
195.62.14.122 - - [27/Jun/2016:04:17:32 +0000] "GET /wms.cgi?VERSION=1.1.1&SERVICE=WMS&REQUEST=GetCapabilities HTTP/1.1" 404 205 "-" "Apache-HttpClient/4.0-beta2 (java 1.5)" 179 456
193.51.249.230 - - [27/Jun/2016:04:17:48 +0000] "GET /wms.cgi?REQUEST=GetCapabilities&version=1.1.1&SERVICE=WMS HTTP/1.1" 404 205 "-" "Python-urllib/2.7" 180 419
176.108.1.9 - - [27/Jun/2016:04:24:23 +0000] "GET /wms.cgi?VERSION=1.1.1&SERVICE=WMS&REQUEST=GetCapabilities HTTP/1.1" 404 205 "-" "Apache-HttpClient/4.0-beta2 (java 1.5)" 179 456
217.117.66.54 - - [27/Jun/2016:04:24:31 +0000] "GET /wms.cgi?VERSION=1.1.1&SERVICE=WMS&REQUEST=GetCapabilities HTTP/1.1" 404 205 "-" "Apache-HttpClient/4.0-beta2 (java 1.5)" 179 456
89.111.188.176 - - [27/Jun/2016:04:27:42 +0000] "GET /wms.cgi?request=GetMap&layers=global_mosaic&srs=EPSG:4326&format=image/jpeg&styles=&width=512&height=512&bbox=139.4375,-34.6875,139.5,-34.625 HTTP/1.1" 404 205 "-" "Python-urllib/2.7" 264 419
89.111.188.176 - - [27/Jun/2016:04:27:42 +0000] "GET /wms.cgi?request=GetMap&layers=global_mosaic&srs=EPSG:4326&format=image/jpeg&styles=&width=512&height=512&bbox=139.375,-34.6875,139.4375,-34.625 HTTP/1.1" 404 205 "-" "Python-urllib/2.7" 266 419
89.111.188.176 - - [27/Jun/2016:04:27:42 +0000] "GET /wms.cgi?request=GetMap&layers=global_mosaic&srs=EPSG:4326&format=image/jpeg&styles=&width=512&height=512&bbox=139.4375,-34.75,139.5,-34.6875 HTTP/1.1" 404 205 "-" "Python-urllib/2.7" 263 419
89.111.188.176 - - [27/Jun/2016:04:27:45 +0000] "GET /wms.cgi?request=GetMap&layers=global_mosaic&srs=EPSG:4326&format=image/jpeg&styles=&width=512&height=512&bbox=139.4375,-34.8125,139.5,-34.75 HTTP/1.1" 404 205 "-" "Python-urllib/2.7" 263 419
89.111.188.176 - - [27/Jun/2016:04:27:46 +0000] "GET /wms.cgi?request=GetMap&layers=global_mosaic&srs=EPSG:4326&format=image/jpeg&styles=&width=512&height=512&bbox=139.4375,-34.875,139.5,-34.8125 HTTP/1.1" 404 205 "-" "Python-urllib/2.7" 264 419
211.198.80.245 - - [27/Jun/2016:04:29:14 +0000] "GET /OnEarth_BMNG.kml HTTP/1.1" 404 214 "-" "GoogleEarth/7.1.5.1557(Windows;Microsoft Windows (6.2.9200.0);en;kml:2.2;client:Plus;type:plugin)" 387 465
176.113.209.45 - - [27/Jun/2016:04:30:01 +0000] "GET /wms.cgi?VERSION=1.1.1&SERVICE=WMS&REQUEST=GetCapabilities HTTP/1.1" 404 205 "-" "Apache-HttpClient/4.0-beta2 (java 1.5)" 179 456
130.180.210.104 - - [27/Jun/2016:04:32:41 +0000] "GET /wms.cgi?VERSION=1.1.1&SERVICE=WMS&REQUEST=GetCapabilities HTTP/1.1" 404 205 "-" "Apache-HttpClient/4.0-beta2 (java 1.5)" 179 456
193.51.249.230 - - [27/Jun/2016:04:32:50 +0000] "GET /wms.cgi?REQUEST=GetCapabilities&version=1.1.1&SERVICE=WMS HTTP/1.1" 404 205 "-" "Python-urllib/2.7" 180 419
80.84.177.114 - - [27/Jun/2016:04:33:43 +0000] "GET /wms.cgi?VERSION=1.1.1&SERVICE=WMS&REQUEST=GetCapabilities HTTP/1.1" 404 205 "-" "Apache-HttpClient/4.0-beta2 (java 1.5)" 192 456
60.241.193.66 - - [27/Jun/2016:04:35:20 +0000] "GET / HTTP/1.1" 200 9327 "https://www.google.com.au/" "Mozilla/5.0 (Macintosh; Intel Mac OS X 10_10_5) AppleWebKit/537.36 (KHTML, like Gecko) Chrome/51.0.2704.103 Safari/537.36" 427 9656
60.241.193.66 - - [27/Jun/2016:04:35:20 +0000] "GET /css/main.css HTTP/1.1" 200 8336 "http://onearth.jpl.nasa.gov/" "Mozilla/5.0 (Macintosh; Intel Mac OS X 10_10_5) AppleWebKit/537.36 (KHTML, like Gecko) Chrome/51.0.2704.103 Safari/537.36" 355 8663
60.241.193.66 - - [27/Jun/2016:04:35:20 +0000] "GET /images/spacer.gif HTTP/1.1" 200 67 "http://onearth.jpl.nasa.gov/" "Mozilla/5.0 (Macintosh; Intel Mac OS X 10_10_5) AppleWebKit/537.36 (KHTML, like Gecko) Chrome/51.0.2704.103 Safari/537.36" 370 391
60.241.193.66 - - [27/Jun/2016:04:35:21 +0000] "GET /images/buttonsearchmain.gif HTTP/1.1" 200 551 "http://onearth.jpl.nasa.gov/" "Mozilla/5.0 (Macintosh; Intel Mac OS X 10_10_5) AppleWebKit/537.36 (KHTML, like Gecko) Chrome/51.0.2704.103 Safari/537.36" 380 877
60.241.193.66 - - [27/Jun/2016:04:35:21 +0000] "GET /css/print.css HTTP/1.1" 200 425 "http://onearth.jpl.nasa.gov/" "Mozilla/5.0 (Macintosh; Intel Mac OS X 10_10_5) AppleWebKit/537.36 (KHTML, like Gecko) Chrome/51.0.2704.103 Safari/537.36" 356 749
60.241.193.66 - - [27/Jun/2016:04:35:21 +0000] "GET /images/mast.jpg HTTP/1.1" 200 41659 "http://onearth.jpl.nasa.gov/css/main.css" "Mozilla/5.0 (Macintosh; Intel Mac OS X 10_10_5) AppleWebKit/537.36 (KHTML, like Gecko) Chrome/51.0.2704.103 Safari/537.36" 380 41989
60.241.193.66 - - [27/Jun/2016:04:35:21 +0000] "GET /images/tnav1.gif HTTP/1.1" 200 9654 "http://onearth.jpl.nasa.gov/css/main.css" "Mozilla/5.0 (Macintosh; Intel Mac OS X 10_10_5) AppleWebKit/537.36 (KHTML, like Gecko) Chrome/51.0.2704.103 Safari/537.36" 381 9982
60.241.193.66 - - [27/Jun/2016:04:35:21 +0000] "GET /images/bg.gif HTTP/1.1" 200 340709 "http://onearth.jpl.nasa.gov/css/main.css" "Mozilla/5.0 (Macintosh; Intel Mac OS X 10_10_5) AppleWebKit/537.36 (KHTML, like Gecko) Chrome/51.0.2704.103 Safari/537.36" 378 341041
60.241.193.66 - - [27/Jun/2016:04:35:23 +0000] "GET /favicon.ico HTTP/1.1" 404 209 "http://onearth.jpl.nasa.gov/" "Mozilla/5.0 (Macintosh; Intel Mac OS X 10_10_5) AppleWebKit/537.36 (KHTML, like Gecko) Chrome/51.0.2704.103 Safari/537.36" 339 459
192.169.243.214 - - [27/Jun/2016:04:35:34 +0000] "GET /OnEarth_DailyPlanet.kml HTTP/1.1" 404 221 "http://coinatlantic.tools" "-" 118 416
166.62.120.219 - - [27/Jun/2016:04:36:14 +0000] "GET /OnEarth_DailyPlanet.kml HTTP/1.1" 404 221 "http://coinatlantic.tools" "-" 118 416
213.227.249.10 - - [27/Jun/2016:04:36:37 +0000] "GET /wms.cgi?VERSION=1.1.1&SERVICE=WMS&REQUEST=GetCapabilities HTTP/1.1" 404 205 "-" "Apache-HttpClient/4.0-beta2 (java 1.5)" 179 456
126.254.12.113 - - [27/Jun/2016:04:37:46 +0000] "GET /wms.cgi?request=GetMap&layers=BMNG&srs=EPSG:4326&format=image/jpeg&styles=Apr&width=480&height=480&bbox=132,30,136,34 HTTP/1.1" 404 205 "-" "ProjTileMap/1.4.5 CFNetwork/758.4.3 Darwin/15.5.0" 319 456
126.254.12.113 - - [27/Jun/2016:04:37:47 +0000] "GET /wms.cgi?request=GetMap&layers=BMNG&srs=EPSG:4326&format=image/jpeg&styles=Apr&width=480&height=480&bbox=132,26,136,30 HTTP/1.1" 404 205 "-" "ProjTileMap/1.4.5 CFNetwork/758.4.3 Darwin/15.5.0" 319 455
126.254.12.113 - - [27/Jun/2016:04:37:47 +0000] "GET /wms.cgi?request=GetMap&layers=BMNG&srs=EPSG:4326&format=image/jpeg&styles=Apr&width=480&height=480&bbox=128,26,132,30 HTTP/1.1" 404 205 "-" "ProjTileMap/1.4.5 CFNetwork/758.4.3 Darwin/15.5.0" 319 455
126.254.12.113 - - [27/Jun/2016:04:37:47 +0000] "GET /wms.cgi?request=GetMap&layers=BMNG&srs=EPSG:4326&format=image/jpeg&styles=Apr&width=480&height=480&bbox=128,30,132,34 HTTP/1.1" 404 205 "-" "ProjTileMap/1.4.5 CFNetwork/758.4.3 Darwin/15.5.0" 319 455
126.254.12.113 - - [27/Jun/2016:04:37:49 +0000] "GET /wms.cgi?request=GetMap&layers=BMNG&srs=EPSG:4326&format=image/jpeg&styles=Apr&width=480&height=480&bbox=120,18,124,22 HTTP/1.1" 404 205 "-" "ProjTileMap/1.4.5 CFNetwork/758.4.3 Darwin/15.5.0" 319 456
126.254.12.113 - - [27/Jun/2016:04:37:50 +0000] "GET /wms.cgi?request=GetMap&layers=BMNG&srs=EPSG:4326&format=image/jpeg&styles=Apr&width=480&height=480&bbox=116,18,120,22 HTTP/1.1" 404 205 "-" "ProjTileMap/1.4.5 CFNetwork/758.4.3 Darwin/15.5.0" 319 455
126.254.12.113 - - [27/Jun/2016:04:37:51 +0000] "GET /wms.cgi?request=GetMap&layers=BMNG&srs=EPSG:4326&format=image/jpeg&styles=Apr&width=480&height=480&bbox=132,34,136,38 HTTP/1.1" 404 205 "-" "ProjTileMap/1.4.5 CFNetwork/758.4.3 Darwin/15.5.0" 319 455
126.254.12.113 - - [27/Jun/2016:04:37:52 +0000] "GET /wms.cgi?request=GetMap&layers=BMNG&srs=EPSG:4326&format=image/jpeg&styles=Apr&width=480&height=480&bbox=128,34,132,38 HTTP/1.1" 404 205 "-" "ProjTileMap/1.4.5 CFNetwork/758.4.3 Darwin/15.5.0" 319 455
126.254.12.113 - - [27/Jun/2016:04:37:57 +0000] "GET /wms.cgi?request=GetMap&layers=BMNG&srs=EPSG:4326&format=image/jpeg&styles=Apr&width=480&height=480&bbox=124,30,128,34 HTTP/1.1" 404 205 "-" "ProjTileMap/1.4.5 CFNetwork/758.4.3 Darwin/15.5.0" 319 456
126.254.12.113 - - [27/Jun/2016:04:37:58 +0000] "GET /wms.cgi?request=GetMap&layers=BMNG&srs=EPSG:4326&format=image/jpeg&styles=Apr&width=480&height=480&bbox=124,26,128,30 HTTP/1.1" 404 205 "-" "ProjTileMap/1.4.5 CFNetwork/758.4.3 Darwin/15.5.0" 319 455
176.108.1.9 - - [27/Jun/2016:04:38:29 +0000] "GET /wms.cgi?VERSION=1.1.1&SERVICE=WMS&REQUEST=GetCapabilities HTTP/1.1" 404 205 "-" "Apache-HttpClient/4.0-beta2 (java 1.5)" 179 456
140.109.160.8 - - [27/Jun/2016:04:39:08 +0000] "GET /OnEarth_DailyPlanet.kml HTTP/1.1" 404 221 "-" "-" 82 416
140.109.160.8 - - [27/Jun/2016:04:39:08 +0000] "GET /OnEarth_DailyAfternoon.kml HTTP/1.1" 404 224 "-" "-" 85 419
80.84.177.114 - - [27/Jun/2016:04:40:13 +0000] "GET /wms.cgi?VERSION=1.1.1&SERVICE=WMS&REQUEST=GetCapabilities HTTP/1.1" 404 205 "-" "Apache-HttpClient/4.0-beta2 (java 1.5)" 192 456
52.3.127.144 - - [27/Jun/2016:04:40:45 +0000] "GET /robots.txt HTTP/1.1" 404 208 "-" "ltx71 - (http://ltx71.com/)" 240 422
94.248.10.150 - - [27/Jun/2016:04:40:51 +0000] "GET /wms.cgi?VERSION=1.1.1&SERVICE=WMS&REQUEST=GetCapabilities HTTP/1.1" 404 205 "-" "Apache-HttpClient/4.0-beta2 (java 1.5)" 179 456
92.113.8.157 - - [27/Jun/2016:04:42:42 +0000] "GET /wms.cgi?VERSION=1.1.1&SERVICE=WMS&REQUEST=GetCapabilities HTTP/1.1" 404 205 "-" "Apache-HttpClient/4.0-beta2 (java 1.5)" 179 456
130.180.212.187 - - [27/Jun/2016:04:43:45 +0000] "GET /wms.cgi?VERSION=1.1.1&SERVICE=WMS&REQUEST=GetCapabilities HTTP/1.1" 404 205 "-" "Apache-HttpClient/4.0-beta2 (java 1.5)" 179 456
59.124.151.62 - - [27/Jun/2016:04:45:19 +0000] "GET /KML.html HTTP/1.1" 404 206 "http://gis.rchss.sinica.edu.tw/google/?p=2430" "Mozilla/5.0 (Windows NT 6.1; WOW64) AppleWebKit/537.36 (KHTML, like Gecko) Chrome/51.0.2704.103 Safari/537.36" 463 457
59.124.151.62 - - [27/Jun/2016:04:45:19 +0000] "GET /favicon.ico HTTP/1.1" 404 209 "http://onearth.jpl.nasa.gov/KML.html" "Mozilla/5.0 (Windows NT 6.1; WOW64) AppleWebKit/537.36 (KHTML, like Gecko) Chrome/51.0.2704.103 Safari/537.36" 356 459
68.180.228.251 - - [27/Jun/2016:04:47:33 +0000] "GET /robots.txt HTTP/1.1" 404 208 "-" "Mozilla/5.0 (compatible; Yahoo! Slurp; http://help.yahoo.com/help/us/ysearch/slurp)" 166 403
68.180.228.251 - - [27/Jun/2016:04:47:33 +0000] "GET /wms.cgi?request=GetMap&layers=global_mosaic&srs=EPSG:4326&height=1000&width=1000&bbox=5.6907395867339,43.670276779758,5.8775936414687,43.805280972767&format=image/jpeg&styles=pseudo HTTP/1.1" 404 205 "-" "Mozilla/5.0 (compatible; Yahoo! Slurp; http://help.yahoo.com/help/us/ysearch/slurp)" 360 400
68.180.228.251 - - [27/Jun/2016:04:47:49 +0000] "GET /wms.cgi?request=GetMap&layers=global_mosaic&srs=EPSG:4326&height=1000&width=1000&bbox=5.6945417639896,43.185831957078,5.8799027810249,43.320836150087&format=image/jpeg&styles=pseudo HTTP/1.1" 404 205 "-" "Mozilla/5.0 (compatible; Yahoo! Slurp; http://help.yahoo.com/help/us/ysearch/slurp)" 360 400
193.51.249.230 - - [27/Jun/2016:04:49:19 +0000] "GET /wms.cgi?REQUEST=GetCapabilities&version=1.1.1&SERVICE=WMS HTTP/1.1" 404 205 "-" "Python-urllib/2.7" 180 419
217.117.66.54 - - [27/Jun/2016:04:50:54 +0000] "GET /wms.cgi?VERSION=1.1.1&SERVICE=WMS&REQUEST=GetCapabilities HTTP/1.1" 404 205 "-" "Apache-HttpClient/4.0-beta2 (java 1.5)" 179 456
192.169.243.214 - - [27/Jun/2016:04:52:15 +0000] "GET /OnEarth_GlobalMosaic.kml HTTP/1.1" 404 222 "http://coinatlantic.tools" "-" 119 417
192.169.243.214 - - [27/Jun/2016:04:52:15 +0000] "GET /OnEarth_GlobalMosaic.kml HTTP/1.1" 404 222 "http://coinatlantic.tools" "-" 119 417
166.62.120.219 - - [27/Jun/2016:04:54:38 +0000] "GET /OnEarth_GlobalMosaic.kml HTTP/1.1" 404 222 "http://coinatlantic.tools" "-" 119 417
166.62.120.219 - - [27/Jun/2016:04:54:38 +0000] "GET /OnEarth_GlobalMosaic.kml HTTP/1.1" 404 222 "http://coinatlantic.tools" "-" 119 417
94.248.10.150 - - [27/Jun/2016:04:56:01 +0000] "GET /wms.cgi?VERSION=1.1.1&SERVICE=WMS&REQUEST=GetCapabilities HTTP/1.1" 404 205 "-" "Apache-HttpClient/4.0-beta2 (java 1.5)" 179 456
68.180.228.251 - - [27/Jun/2016:04:58:52 +0000] "GET /wms.cgi?request=GetMap&layers=global_mosaic&srs=EPSG:4326&height=1000&width=1000&bbox=2.74704877174,44.75833274847,2.9373958043555,44.893336941479&format=image/jpeg&styles=pseudo HTTP/1.1" 404 205 "-" "Mozilla/5.0 (compatible; Yahoo! Slurp; http://help.yahoo.com/help/us/ysearch/slurp)" 357 400
80.91.183.179 - - [27/Jun/2016:05:00:11 +0000] "GET /wms.cgi?VERSION=1.1.1&SERVICE=WMS&REQUEST=GetCapabilities HTTP/1.1" 404 205 "-" "Apache-HttpClient/4.0-beta2 (java 1.5)" 179 456
193.110.106.58 - - [27/Jun/2016:05:02:29 +0000] "GET /wms.cgi?VERSION=1.1.1&SERVICE=WMS&REQUEST=GetCapabilities HTTP/1.1" 404 205 "-" "Apache-HttpClient/4.0-beta2 (java 1.5)" 179 456
66.249.75.222 - - [27/Jun/2016:05:02:56 +0000] "GET /wms.cgi?request=GetMap&layers=global_mosaic&srs=EPSG:4326&height=1000&width=1000&bbox=1.5256023127084,44.624443965174,1.7155087805345,44.759448158183&format=image/jpeg&styles=pseudo HTTP/1.1" 404 205 "-" "Mozilla/5.0 (compatible; Googlebot/2.1; +http://www.google.com/bot.html)" 478 456
193.51.249.230 - - [27/Jun/2016:05:03:21 +0000] "GET /wms.cgi?REQUEST=GetCapabilities&version=1.1.1&SERVICE=WMS HTTP/1.1" 404 205 "-" "Python-urllib/2.7" 180 419
192.148.213.60 - - [27/Jun/2016:05:04:20 +0000] "GET /wms.cgi?service=WMS&request=GetCapabilities&version=1.1.1 HTTP/1.1" 404 205 "-" "-" 191 456
89.111.188.176 - - [27/Jun/2016:05:05:18 +0000] "GET /wms.cgi?request=GetMap&layers=global_mosaic&srs=EPSG:4326&format=image/jpeg&styles=&width=512&height=512&bbox=24.4375,35.625,24.5,35.6875 HTTP/1.1" 404 205 "-" "Python-urllib/2.7" 260 419
66.249.75.222 - - [27/Jun/2016:05:06:36 +0000] "GET /wms.cgi?request=GetMap&layers=global_mosaic&srs=EPSG:4326&height=1000&width=1000&bbox=4.1710931281371,44.832221735234,4.3616846173701,44.967225928243&format=image/jpeg&styles=pseudo HTTP/1.1" 404 205 "-" "Mozilla/5.0 (compatible; Googlebot/2.1; +http://www.google.com/bot.html)" 478 456
195.85.250.3 - - [27/Jun/2016:05:06:50 +0000] "GET /wms.cgi?VERSION=1.1.1&SERVICE=WMS&REQUEST=GetCapabilities HTTP/1.1" 404 205 "-" "Apache-HttpClient/4.0-beta2 (java 1.5)" 179 456
193.110.106.58 - - [27/Jun/2016:05:07:22 +0000] "GET /wms.cgi?VERSION=1.1.1&SERVICE=WMS&REQUEST=GetCapabilities HTTP/1.1" 404 205 "-" "Apache-HttpClient/4.0-beta2 (java 1.5)" 179 456
68.180.228.251 - - [27/Jun/2016:05:09:16 +0000] "GET /wms.cgi?request=GetMap&layers=global_mosaic&srs=EPSG:4326&height=1000&width=1000&bbox=-0.52394518404412,48.905275270478,-0.31827701461573,49.040279463487&format=image/jpeg&styles=pseudo HTTP/1.1" 404 205 "-" "Mozilla/5.0 (compatible; Yahoo! Slurp; http://help.yahoo.com/help/us/ysearch/slurp)" 364 400
94.248.10.150 - - [27/Jun/2016:05:10:14 +0000] "GET /wms.cgi?VERSION=1.1.1&SERVICE=WMS&REQUEST=GetCapabilities HTTP/1.1" 404 205 "-" "Apache-HttpClient/4.0-beta2 (java 1.5)" 179 456
211.6.122.122 - - [27/Jun/2016:05:10:56 +0000] "GET / HTTP/1.1" 200 9327 "-" "Mozilla/5.0 (Windows NT 5.1; rv:6.0.2) Gecko/20100101 Firefox/6.0.2" 164 9600
195.85.250.3 - - [27/Jun/2016:05:12:10 +0000] "GET /wms.cgi?VERSION=1.1.1&SERVICE=WMS&REQUEST=GetCapabilities HTTP/1.1" 404 205 "-" "Apache-HttpClient/4.0-beta2 (java 1.5)" 179 456
66.249.75.214 - - [27/Jun/2016:05:12:18 +0000] "GET /landsat.cgi?zoom=0.0005556&x0=-71.683333333333&y0=-37.333333333333&action=zoomin&layer=modis%252Cglobal_mosaic&pwidth=800&pheight=600 HTTP/1.1" 404 209 "-" "Mozilla/5.0 (compatible; Googlebot/2.1; +http://www.google.com/bot.html)" 430 460
91.192.132.248 - - [27/Jun/2016:05:14:22 +0000] "GET /wms.cgi?VERSION=1.1.1&SERVICE=WMS&REQUEST=GetCapabilities HTTP/1.1" 404 205 "-" "Apache-HttpClient/4.0-beta2 (java 1.5)" 179 456
193.110.106.58 - - [27/Jun/2016:05:14:46 +0000] "GET /wms.cgi?VERSION=1.1.1&SERVICE=WMS&REQUEST=GetCapabilities HTTP/1.1" 404 205 "-" "Apache-HttpClient/4.0-beta2 (java 1.5)" 179 456
213.130.11.46 - - [27/Jun/2016:05:15:51 +0000] "GET /wms.cgi?VERSION=1.1.1&SERVICE=WMS&REQUEST=GetCapabilities HTTP/1.1" 404 205 "-" "Apache-HttpClient/4.0-beta2 (java 1.5)" 179 456
129.173.119.26 - - [27/Jun/2016:05:16:17 +0000] "GET /OnEarth_GlobalMosaic.kml HTTP/1.1" 404 222 "http://coinatlantic.ca" "-" 116 417
129.173.119.26 - - [27/Jun/2016:05:16:17 +0000] "GET /OnEarth_GlobalMosaic.kml HTTP/1.1" 404 222 "http://coinatlantic.ca" "-" 116 417
94.248.10.150 - - [27/Jun/2016:05:16:56 +0000] "GET /wms.cgi?VERSION=1.1.1&SERVICE=WMS&REQUEST=GetCapabilities HTTP/1.1" 404 205 "-" "Apache-HttpClient/4.0-beta2 (java 1.5)" 179 456
192.148.213.60 - - [27/Jun/2016:05:18:12 +0000] "GET /wms.cgi?service=WMS&request=GetCapabilities&version=1.3.0 HTTP/1.1" 404 205 "-" "-" 191 456
192.148.213.60 - - [27/Jun/2016:05:18:13 +0000] "GET /wms.cgi?service=WMS&request=GetCapabilities&version=1.1.1 HTTP/1.1" 404 205 "-" "-" 191 455
193.51.249.230 - - [27/Jun/2016:05:18:25 +0000] "GET /wms.cgi?REQUEST=GetCapabilities&version=1.1.1&SERVICE=WMS HTTP/1.1" 404 205 "-" "Python-urllib/2.7" 180 419
66.249.75.222 - - [27/Jun/2016:05:18:53 +0000] "GET /wms.cgi?request=GetMap&layers=global_mosaic&srs=EPSG:4326&height=1000&width=1000&bbox=1.0442461136532,46.9919412069,1.2424205398964,47.126945399909&format=image/jpeg&styles=pseudo HTTP/1.1" 404 205 "-" "Mozilla/5.0 (compatible; Googlebot/2.1; +http://www.google.com/bot.html)" 476 456
66.249.75.214 - - [27/Jun/2016:05:19:03 +0000] "GET /wms.cgi?request=GetMap&layers=global_mosaic&srs=EPSG:4326&height=1000&width=1000&bbox=-0.26317005072246,42.958608635434,-0.078496611495344,43.093612828443&format=image/jpeg&styles=pseudo HTTP/1.1" 404 205 "-" "Mozilla/5.0 (compatible; Googlebot/2.1; +http://www.google.com/bot.html)" 483 456
176.8.155.161 - - [27/Jun/2016:05:24:50 +0000] "GET /wms.cgi?VERSION=1.1.1&SERVICE=WMS&REQUEST=GetCapabilities HTTP/1.1" 404 205 "-" "Apache-HttpClient/4.0-beta2 (java 1.5)" 179 456
