89.15.238.195 - - [13/Jan/2015:02:03:43 -0500] "GET /LMMP/rest/dbxml/layers?proj=IAU2000:30120&visOnly=true&iPlanetDirectoryPro=AQIC5wM2LY4SfcyyaY3m51yQFWRXgtaW75CH6jwacr3iAZI%3D%40AAJTSQACMDE%3D%23&sort=Mission%2Ctitle HTTP/1.1" 200 55891 "http://pub.lmmp.nasa.gov/LMMPUI/LMMP_CLIENT/LMMP_WB.swf/[[DYNAMIC]]/10" "Mozilla/5.0 (Windows NT 6.1; WOW64; Trident/7.0; BOIE9;DEDE; rv:11.0) like Gecko" 661 56188
89.15.238.195 - - [13/Jan/2015:02:03:45 -0500] "GET /opensso/identity/isTokenValid?iPlanetDirectoryPro=AQIC5wM2LY4SfcyyaY3m51yQFWRXgtaW75CH6jwacr3iAZI%3D%40AAJTSQACMDE%3D%23 HTTP/1.1" 200 13 "http://pub.lmmp.nasa.gov/LMMPUI/LMMP_CLIENT/LMMP_WB.swf/[[DYNAMIC]]/10" "Mozilla/5.0 (Windows NT 6.1; WOW64; Trident/7.0; BOIE9;DEDE; rv:11.0) like Gecko" 562 170
89.15.238.195 - - [13/Jan/2015:02:03:45 -0500] "GET /opensso/identity/isTokenValid?iPlanetDirectoryPro=AQIC5wM2LY4SfcyyaY3m51yQFWRXgtaW75CH6jwacr3iAZI%3D%40AAJTSQACMDE%3D%23 HTTP/1.1" 200 13 "http://pub.lmmp.nasa.gov/LMMPUI/LMMP_CLIENT/LMMP_WB.swf/[[DYNAMIC]]/10" "Mozilla/5.0 (Windows NT 6.1; WOW64; Trident/7.0; BOIE9;DEDE; rv:11.0) like Gecko" 562 170
127.0.0.1 - - [13/Jan/2015:02:03:45 -0500] "POST /opensso/jaxrpc/SMSObjectIF HTTP/1.1" 200 505 "-" "Java/1.5.0_21" 847 766
127.0.0.1 - - [13/Jan/2015:02:03:45 -0500] "POST /opensso/jaxrpc/DirectoryManagerIF HTTP/1.1" 200 1290 "-" "Java/1.5.0_21" 1362 1551
127.0.0.1 - - [13/Jan/2015:02:03:45 -0500] "POST /opensso/jaxrpc/SMSObjectIF HTTP/1.1" 200 505 "-" "Java/1.5.0_21" 847 766
127.0.0.1 - - [13/Jan/2015:02:03:45 -0500] "POST /opensso/jaxrpc/DirectoryManagerIF HTTP/1.1" 200 1290 "-" "Java/1.5.0_21" 1362 1551
89.15.238.195 - - [13/Jan/2015:02:03:45 -0500] "GET /LMMP/rest/dbxml/layers/int?proj=IAU2000:30118&iPlanetDirectoryPro=AQIC5wM2LY4SfcyyaY3m51yQFWRXgtaW75CH6jwacr3iAZI%3D%40AAJTSQACMDE%3D%23&sort=Mission%2Ctitle HTTP/1.1" 200 8134 "http://pub.lmmp.nasa.gov/LMMPUI/LMMP_CLIENT/LMMP_WB.swf/[[DYNAMIC]]/10" "Mozilla/5.0 (Windows NT 6.1; WOW64; Trident/7.0; BOIE9;DEDE; rv:11.0) like Gecko" 652 8383
89.15.238.195 - - [13/Jan/2015:02:03:45 -0500] "GET /LMMP/rest/dbxml/layers/int?proj=IAU2000:30120&iPlanetDirectoryPro=AQIC5wM2LY4SfcyyaY3m51yQFWRXgtaW75CH6jwacr3iAZI%3D%40AAJTSQACMDE%3D%23&sort=Mission%2Ctitle HTTP/1.1" 200 10 "http://pub.lmmp.nasa.gov/LMMPUI/LMMP_CLIENT/LMMP_WB.swf/[[DYNAMIC]]/10" "Mozilla/5.0 (Windows NT 6.1; WOW64; Trident/7.0; BOIE9;DEDE; rv:11.0) like Gecko" 652 256
89.15.238.195 - - [13/Jan/2015:02:03:43 -0500] "GET /LMMP/rest/dbxml/layers?proj=IAU2000:30100&visOnly=true&iPlanetDirectoryPro=AQIC5wM2LY4SfcyyaY3m51yQFWRXgtaW75CH6jwacr3iAZI%3D%40AAJTSQACMDE%3D%23&sort=Mission%2Ctitle HTTP/1.1" 200 831579 "http://pub.lmmp.nasa.gov/LMMPUI/LMMP_CLIENT/LMMP_WB.swf/[[DYNAMIC]]/10" "Mozilla/5.0 (Windows NT 6.1; WOW64; Trident/7.0; BOIE9;DEDE; rv:11.0) like Gecko" 661 832636
89.15.238.195 - - [13/Jan/2015:02:03:51 -0500] "GET /opensso/identity/isTokenValid?iPlanetDirectoryPro=AQIC5wM2LY4SfcyyaY3m51yQFWRXgtaW75CH6jwacr3iAZI%3D%40AAJTSQACMDE%3D%23 HTTP/1.1" 200 13 "http://pub.lmmp.nasa.gov/LMMPUI/LMMP_CLIENT/LMMP_WB.swf/[[DYNAMIC]]/10" "Mozilla/5.0 (Windows NT 6.1; WOW64; Trident/7.0; BOIE9;DEDE; rv:11.0) like Gecko" 562 170
127.0.0.1 - - [13/Jan/2015:02:03:52 -0500] "POST /opensso/jaxrpc/SMSObjectIF HTTP/1.1" 200 505 "-" "Java/1.5.0_21" 847 767
127.0.0.1 - - [13/Jan/2015:02:03:52 -0500] "POST /opensso/jaxrpc/DirectoryManagerIF HTTP/1.1" 200 1290 "-" "Java/1.5.0_21" 1362 1551
89.15.238.195 - - [13/Jan/2015:02:03:52 -0500] "GET /LMMP/rest/dbxml/layers/int?proj=IAU2000:30100&iPlanetDirectoryPro=AQIC5wM2LY4SfcyyaY3m51yQFWRXgtaW75CH6jwacr3iAZI%3D%40AAJTSQACMDE%3D%23&sort=Mission%2Ctitle HTTP/1.1" 200 349346 "http://pub.lmmp.nasa.gov/LMMPUI/LMMP_CLIENT/LMMP_WB.swf/[[DYNAMIC]]/10" "Mozilla/5.0 (Windows NT 6.1; WOW64; Trident/7.0; BOIE9;DEDE; rv:11.0) like Gecko" 652 349931
89.15.238.195 - - [13/Jan/2015:02:03:54 -0500] "GET /opensso/identity/isTokenValid?iPlanetDirectoryPro=AQIC5wM2LY4SfcyyaY3m51yQFWRXgtaW75CH6jwacr3iAZI%3D%40AAJTSQACMDE%3D%23 HTTP/1.1" 200 13 "http://pub.lmmp.nasa.gov/LMMPUI/LMMP_CLIENT/LMMP_WB.swf/[[DYNAMIC]]/10" "Mozilla/5.0 (Windows NT 6.1; WOW64; Trident/7.0; BOIE9;DEDE; rv:11.0) like Gecko" 562 170
89.15.238.195 - - [13/Jan/2015:02:03:55 -0500] "GET /LMMPUI/LMMP_CLIENT/sampleData/emptyLayer.xml?iPlanetDirectoryPro=AQIC5wM2LY4SfcyyaY3m51yQFWRXgtaW75CH6jwacr3iAZI%3D%40AAJTSQACMDE%3D%23 HTTP/1.1" 200 19 "http://pub.lmmp.nasa.gov/LMMPUI/LMMP_CLIENT/LMMP_WB.swf/[[DYNAMIC]]/10" "Mozilla/5.0 (Windows NT 6.1; WOW64; Trident/7.0; BOIE9;DEDE; rv:11.0) like Gecko" 630 350
89.15.238.195 - - [13/Jan/2015:02:03:56 -0500] "GET /opensso/identity/isTokenValid?iPlanetDirectoryPro=AQIC5wM2LY4SfcyyaY3m51yQFWRXgtaW75CH6jwacr3iAZI%3D%40AAJTSQACMDE%3D%23 HTTP/1.1" 200 13 "http://pub.lmmp.nasa.gov/LMMPUI/LMMP_CLIENT/LMMP_WB.swf/[[DYNAMIC]]/10" "Mozilla/5.0 (Windows NT 6.1; WOW64; Trident/7.0; BOIE9;DEDE; rv:11.0) like Gecko" 562 170
89.15.238.195 - - [13/Jan/2015:02:03:56 -0500] "GET /opensso/identity/isTokenValid?iPlanetDirectoryPro=AQIC5wM2LY4SfcyyaY3m51yQFWRXgtaW75CH6jwacr3iAZI%3D%40AAJTSQACMDE%3D%23 HTTP/1.1" 200 13 "http://pub.lmmp.nasa.gov/LMMPUI/LMMP_CLIENT/LMMP_WB.swf/[[DYNAMIC]]/10" "Mozilla/5.0 (Windows NT 6.1; WOW64; Trident/7.0; BOIE9;DEDE; rv:11.0) like Gecko" 562 170
89.15.238.195 - - [13/Jan/2015:02:03:56 -0500] "GET /LMMPUI/LMMP_CLIENT/sampleData/nomenclature.xml HTTP/1.1" 200 1725 "http://pub.lmmp.nasa.gov/LMMPUI/LMMP_CLIENT/LMMP_WB.swf/[[DYNAMIC]]/10" "Mozilla/5.0 (Windows NT 6.1; WOW64; Trident/7.0; BOIE9;DEDE; rv:11.0) like Gecko" 541 2061
89.15.238.195 - - [13/Jan/2015:02:03:56 -0500] "GET /LMMPUI/LMMP_CLIENT/config/searchResultFields.xml HTTP/1.1" 200 1711 "http://pub.lmmp.nasa.gov/LMMPUI/LMMP_CLIENT/LMMP_WB.swf/[[DYNAMIC]]/10" "Mozilla/5.0 (Windows NT 6.1; WOW64; Trident/7.0; BOIE9;DEDE; rv:11.0) like Gecko" 543 2047
89.15.238.195 - - [13/Jan/2015:02:03:56 -0500] "GET /LMMPUI/LMMP_CLIENT/sampleData/graticule.xml HTTP/1.1" 200 1234 "http://pub.lmmp.nasa.gov/LMMPUI/LMMP_CLIENT/LMMP_WB.swf/[[DYNAMIC]]/10" "Mozilla/5.0 (Windows NT 6.1; WOW64; Trident/7.0; BOIE9;DEDE; rv:11.0) like Gecko" 538 1570
89.15.238.195 - - [13/Jan/2015:02:03:56 -0500] "GET /LMMPUI/LMMP_CLIENT/config/nomenclatureType.xml HTTP/1.1" 200 691 "http://pub.lmmp.nasa.gov/LMMPUI/LMMP_CLIENT/LMMP_WB.swf/[[DYNAMIC]]/10" "Mozilla/5.0 (Windows NT 6.1; WOW64; Trident/7.0; BOIE9;DEDE; rv:11.0) like Gecko" 541 1025
89.15.238.195 - - [13/Jan/2015:02:03:56 -0500] "GET /LMMP/rest/auxmd/types?iPlanetDirectoryPro=AQIC5wM2LY4SfcyyaY3m51yQFWRXgtaW75CH6jwacr3iAZI%3D%40AAJTSQACMDE%3D%23 HTTP/1.1" 200 119 "http://pub.lmmp.nasa.gov/LMMPUI/LMMP_CLIENT/LMMP_WB.swf/[[DYNAMIC]]/10" "Mozilla/5.0 (Windows NT 6.1; WOW64; Trident/7.0; BOIE9;DEDE; rv:11.0) like Gecko" 607 295
89.15.238.195 - - [13/Jan/2015:02:03:56 -0500] "GET /LMMP/rest/auxmd/acl?iPlanetDirectoryPro=AQIC5wM2LY4SfcyyaY3m51yQFWRXgtaW75CH6jwacr3iAZI%3D%40AAJTSQACMDE%3D%23 HTTP/1.1" 200 1468 "http://pub.lmmp.nasa.gov/LMMPUI/LMMP_CLIENT/LMMP_WB.swf/[[DYNAMIC]]/10" "Mozilla/5.0 (Windows NT 6.1; WOW64; Trident/7.0; BOIE9;DEDE; rv:11.0) like Gecko" 605 1644
89.15.238.195 - - [13/Jan/2015:02:03:56 -0500] "GET /opensso/identity/isTokenValid?iPlanetDirectoryPro=AQIC5wM2LY4SfcyyaY3m51yQFWRXgtaW75CH6jwacr3iAZI%3D%40AAJTSQACMDE%3D%23 HTTP/1.1" 200 13 "http://pub.lmmp.nasa.gov/LMMPUI/LMMP_CLIENT/LMMP_WB.swf/[[DYNAMIC]]/10" "Mozilla/5.0 (Windows NT 6.1; WOW64; Trident/7.0; BOIE9;DEDE; rv:11.0) like Gecko" 562 170
89.15.238.195 - - [13/Jan/2015:02:03:56 -0500] "GET /opensso/identity/isTokenValid?iPlanetDirectoryPro=AQIC5wM2LY4SfcyyaY3m51yQFWRXgtaW75CH6jwacr3iAZI%3D%40AAJTSQACMDE%3D%23 HTTP/1.1" 200 13 "http://pub.lmmp.nasa.gov/LMMPUI/LMMP_CLIENT/LMMP_WB.swf/[[DYNAMIC]]/10" "Mozilla/5.0 (Windows NT 6.1; WOW64; Trident/7.0; BOIE9;DEDE; rv:11.0) like Gecko" 562 170
89.15.238.195 - - [13/Jan/2015:02:03:56 -0500] "GET /opensso/identity/isTokenValid?iPlanetDirectoryPro=AQIC5wM2LY4SfcyyaY3m51yQFWRXgtaW75CH6jwacr3iAZI%3D%40AAJTSQACMDE%3D%23 HTTP/1.1" 200 13 "http://pub.lmmp.nasa.gov/LMMPUI/LMMP_CLIENT/LMMP_WB.swf/[[DYNAMIC]]/10" "Mozilla/5.0 (Windows NT 6.1; WOW64; Trident/7.0; BOIE9;DEDE; rv:11.0) like Gecko" 562 170
89.15.238.195 - - [13/Jan/2015:02:03:56 -0500] "GET /opensso/identity/isTokenValid?iPlanetDirectoryPro=AQIC5wM2LY4SfcyyaY3m51yQFWRXgtaW75CH6jwacr3iAZI%3D%40AAJTSQACMDE%3D%23 HTTP/1.1" 200 13 "http://pub.lmmp.nasa.gov/LMMPUI/LMMP_CLIENT/LMMP_WB.swf/[[DYNAMIC]]/10" "Mozilla/5.0 (Windows NT 6.1; WOW64; Trident/7.0; BOIE9;DEDE; rv:11.0) like Gecko" 562 170
89.15.238.195 - - [13/Jan/2015:02:03:56 -0500] "GET /opensso/identity/isTokenValid?iPlanetDirectoryPro=AQIC5wM2LY4SfcyyaY3m51yQFWRXgtaW75CH6jwacr3iAZI%3D%40AAJTSQACMDE%3D%23 HTTP/1.1" 200 13 "http://pub.lmmp.nasa.gov/LMMPUI/LMMP_CLIENT/LMMP_WB.swf/[[DYNAMIC]]/10" "Mozilla/5.0 (Windows NT 6.1; WOW64; Trident/7.0; BOIE9;DEDE; rv:11.0) like Gecko" 562 170
89.15.238.195 - - [13/Jan/2015:02:03:57 -0500] "GET /LMMP/rest/auxmd/create?mdType=point&iPlanetDirectoryPro=AQIC5wM2LY4SfcyyaY3m51yQFWRXgtaW75CH6jwacr3iAZI%3D%40AAJTSQACMDE%3D%23 HTTP/1.1" 200 319 "http://pub.lmmp.nasa.gov/LMMPUI/LMMP_CLIENT/LMMP_WB.swf/[[DYNAMIC]]/10" "Mozilla/5.0 (Windows NT 6.1; WOW64; Trident/7.0; BOIE9;DEDE; rv:11.0) like Gecko" 621 495
89.15.238.195 - - [13/Jan/2015:02:03:57 -0500] "GET /LMMP/rest/auxmd/create?mdType=layer&iPlanetDirectoryPro=AQIC5wM2LY4SfcyyaY3m51yQFWRXgtaW75CH6jwacr3iAZI%3D%40AAJTSQACMDE%3D%23 HTTP/1.1" 200 173 "http://pub.lmmp.nasa.gov/LMMPUI/LMMP_CLIENT/LMMP_WB.swf/[[DYNAMIC]]/10" "Mozilla/5.0 (Windows NT 6.1; WOW64; Trident/7.0; BOIE9;DEDE; rv:11.0) like Gecko" 621 348
89.15.238.195 - - [13/Jan/2015:02:03:57 -0500] "GET /LMMP/rest/auxmd/create?mdType=bounding&iPlanetDirectoryPro=AQIC5wM2LY4SfcyyaY3m51yQFWRXgtaW75CH6jwacr3iAZI%3D%40AAJTSQACMDE%3D%23 HTTP/1.1" 200 513 "http://pub.lmmp.nasa.gov/LMMPUI/LMMP_CLIENT/LMMP_WB.swf/[[DYNAMIC]]/10" "Mozilla/5.0 (Windows NT 6.1; WOW64; Trident/7.0; BOIE9;DEDE; rv:11.0) like Gecko" 624 689
89.15.238.195 - - [13/Jan/2015:02:03:57 -0500] "GET /LMMP/rest/auxmd/create?mdType=polyx&iPlanetDirectoryPro=AQIC5wM2LY4SfcyyaY3m51yQFWRXgtaW75CH6jwacr3iAZI%3D%40AAJTSQACMDE%3D%23 HTTP/1.1" 200 38 "http://pub.lmmp.nasa.gov/LMMPUI/LMMP_CLIENT/LMMP_WB.swf/[[DYNAMIC]]/10" "Mozilla/5.0 (Windows NT 6.1; WOW64; Trident/7.0; BOIE9;DEDE; rv:11.0) like Gecko" 621 213
89.15.238.195 - - [13/Jan/2015:02:03:57 -0500] "GET /LMMP/rest/auxmd/create?mdType=polyo&iPlanetDirectoryPro=AQIC5wM2LY4SfcyyaY3m51yQFWRXgtaW75CH6jwacr3iAZI%3D%40AAJTSQACMDE%3D%23 HTTP/1.1" 200 38 "http://pub.lmmp.nasa.gov/LMMPUI/LMMP_CLIENT/LMMP_WB.swf/[[DYNAMIC]]/10" "Mozilla/5.0 (Windows NT 6.1; WOW64; Trident/7.0; BOIE9;DEDE; rv:11.0) like Gecko" 621 213
89.15.238.195 - - [13/Jan/2015:02:03:58 -0500] "GET /LMMPUI/LMMP_CLIENT/assets/system/complete.png HTTP/1.1" 200 272 "http://pub.lmmp.nasa.gov/LMMPUI/LMMP_CLIENT/LMMP_WB.swf/[[DYNAMIC]]/2" "Mozilla/5.0 (Windows NT 6.1; WOW64; Trident/7.0; BOIE9;DEDE; rv:11.0) like Gecko" 539 599
89.15.238.195 - - [13/Jan/2015:02:03:58 -0500] "GET /LMMPUI/LMMP_CLIENT/assets/menu/layers.png HTTP/1.1" 200 15248 "http://pub.lmmp.nasa.gov/LMMPUI/LMMP_CLIENT/LMMP_WB.swf/[[DYNAMIC]]/2" "Mozilla/5.0 (Windows NT 6.1; WOW64; Trident/7.0; BOIE9;DEDE; rv:11.0) like Gecko" 535 15579
89.15.238.195 - - [13/Jan/2015:02:03:58 -0500] "GET /LMMPUI/LMMP_CLIENT/assets/menu/search.png HTTP/1.1" 200 15244 "http://pub.lmmp.nasa.gov/LMMPUI/LMMP_CLIENT/LMMP_WB.swf/[[DYNAMIC]]/2" "Mozilla/5.0 (Windows NT 6.1; WOW64; Trident/7.0; BOIE9;DEDE; rv:11.0) like Gecko" 535 15575
89.15.238.195 - - [13/Jan/2015:02:03:58 -0500] "GET /LMMPUI/LMMP_CLIENT/assets/menu/upload.png HTTP/1.1" 200 11528 "http://pub.lmmp.nasa.gov/LMMPUI/LMMP_CLIENT/LMMP_WB.swf/[[DYNAMIC]]/2" "Mozilla/5.0 (Windows NT 6.1; WOW64; Trident/7.0; BOIE9;DEDE; rv:11.0) like Gecko" 535 11859
89.15.238.195 - - [13/Jan/2015:02:03:58 -0500] "GET /LMMPUI/LMMP_CLIENT/assets/menu/fullextent.png HTTP/1.1" 200 15565 "http://pub.lmmp.nasa.gov/LMMPUI/LMMP_CLIENT/LMMP_WB.swf/[[DYNAMIC]]/2" "Mozilla/5.0 (Windows NT 6.1; WOW64; Trident/7.0; BOIE9;DEDE; rv:11.0) like Gecko" 539 15896
89.15.238.195 - - [13/Jan/2015:02:03:58 -0500] "GET /LMMPUI/LMMP_CLIENT/assets/menu/info.png HTTP/1.1" 200 9601 "http://pub.lmmp.nasa.gov/LMMPUI/LMMP_CLIENT/LMMP_WB.swf/[[DYNAMIC]]/2" "Mozilla/5.0 (Windows NT 6.1; WOW64; Trident/7.0; BOIE9;DEDE; rv:11.0) like Gecko" 533 9930
89.15.238.195 - - [13/Jan/2015:02:03:58 -0500] "GET /LMMPUI/LMMP_CLIENT/assets/menu/fullscreen.png HTTP/1.1" 200 6741 "http://pub.lmmp.nasa.gov/LMMPUI/LMMP_CLIENT/LMMP_WB.swf/[[DYNAMIC]]/2" "Mozilla/5.0 (Windows NT 6.1; WOW64; Trident/7.0; BOIE9;DEDE; rv:11.0) like Gecko" 539 7070
89.15.238.195 - - [13/Jan/2015:02:03:58 -0500] "GET /LMMPUI/LMMP_CLIENT/assets/menu/link.png HTTP/1.1" 200 11578 "http://pub.lmmp.nasa.gov/LMMPUI/LMMP_CLIENT/LMMP_WB.swf/[[DYNAMIC]]/2" "Mozilla/5.0 (Windows NT 6.1; WOW64; Trident/7.0; BOIE9;DEDE; rv:11.0) like Gecko" 533 11909
89.15.238.195 - - [13/Jan/2015:02:03:58 -0500] "GET /LMMPUI/LMMP_CLIENT/assets/system/i_expand3.png HTTP/1.1" 200 1686 "http://pub.lmmp.nasa.gov/LMMPUI/LMMP_CLIENT/LMMP_WB.swf/[[DYNAMIC]]/2" "Mozilla/5.0 (Windows NT 6.1; WOW64; Trident/7.0; BOIE9;DEDE; rv:11.0) like Gecko" 540 2015
89.15.238.195 - - [13/Jan/2015:02:03:58 -0500] "GET /LMMPUI/LMMP_CLIENT/assets/system/w_closeCircle.png HTTP/1.1" 200 1612 "http://pub.lmmp.nasa.gov/LMMPUI/LMMP_CLIENT/LMMP_WB.swf/[[DYNAMIC]]/2" "Mozilla/5.0 (Windows NT 6.1; WOW64; Trident/7.0; BOIE9;DEDE; rv:11.0) like Gecko" 544 1941
89.15.238.195 - - [13/Jan/2015:02:03:58 -0500] "GET /LMMPUI/LMMP_CLIENT/assets/system/nameSearch.png HTTP/1.1" 200 1475 "http://pub.lmmp.nasa.gov/LMMPUI/LMMP_CLIENT/LMMP_WB.swf/[[DYNAMIC]]/2" "Mozilla/5.0 (Windows NT 6.1; WOW64; Trident/7.0; BOIE9;DEDE; rv:11.0) like Gecko" 541 1804
89.15.238.195 - - [13/Jan/2015:02:03:58 -0500] "GET /LMMPUI/LMMP_CLIENT/assets/system/minus.png HTTP/1.1" 200 1277 "http://pub.lmmp.nasa.gov/LMMPUI/LMMP_CLIENT/LMMP_WB.swf/[[DYNAMIC]]/12" "Mozilla/5.0 (Windows NT 6.1; WOW64; Trident/7.0; BOIE9;DEDE; rv:11.0) like Gecko" 537 1606
89.15.238.195 - - [13/Jan/2015:02:03:58 -0500] "GET /LMMPUI/LMMP_CLIENT/assets/system/plus.png HTTP/1.1" 200 1567 "http://pub.lmmp.nasa.gov/LMMPUI/LMMP_CLIENT/LMMP_WB.swf/[[DYNAMIC]]/12" "Mozilla/5.0 (Windows NT 6.1; WOW64; Trident/7.0; BOIE9;DEDE; rv:11.0) like Gecko" 536 1896
89.15.238.195 - - [13/Jan/2015:02:03:58 -0500] "GET /LMMPUI/LMMP_CLIENT/assets/proto/wiki.png HTTP/1.1" 200 13450 "http://pub.lmmp.nasa.gov/LMMPUI/LMMP_CLIENT/LMMP_WB.swf/[[DYNAMIC]]/12" "Mozilla/5.0 (Windows NT 6.1; WOW64; Trident/7.0; BOIE9;DEDE; rv:11.0) like Gecko" 535 13781
89.15.238.195 - - [13/Jan/2015:02:03:59 -0500] "GET /LMMPUI/LMMP_CLIENT/assets/proto/survey.png HTTP/1.1" 200 7637 "http://pub.lmmp.nasa.gov/LMMPUI/LMMP_CLIENT/LMMP_WB.swf/[[DYNAMIC]]/12" "Mozilla/5.0 (Windows NT 6.1; WOW64; Trident/7.0; BOIE9;DEDE; rv:11.0) like Gecko" 537 7966
89.15.238.195 - - [13/Jan/2015:02:03:59 -0500] "GET /LMMPUI/LMMP_CLIENT/assets/image/MoonTourLogo.jpg HTTP/1.1" 200 3967 "http://pub.lmmp.nasa.gov/LMMPUI/LMMP_CLIENT/LMMP_WB.swf/[[DYNAMIC]]/12" "Mozilla/5.0 (Windows NT 6.1; WOW64; Trident/7.0; BOIE9;DEDE; rv:11.0) like Gecko" 543 4297
89.15.238.195 - - [13/Jan/2015:02:03:59 -0500] "GET /LMMPUI/LMMP_CLIENT/assets/image/badge_appstore-lrg.png HTTP/1.1" 200 3394 "http://pub.lmmp.nasa.gov/LMMPUI/LMMP_CLIENT/LMMP_WB.swf/[[DYNAMIC]]/12" "Mozilla/5.0 (Windows NT 6.1; WOW64; Trident/7.0; BOIE9;DEDE; rv:11.0) like Gecko" 549 3723
89.15.238.195 - - [13/Jan/2015:02:03:59 -0500] "GET /LMMPUI/LMMP_CLIENT/assets/proto/gallery.png HTTP/1.1" 200 18089 "http://pub.lmmp.nasa.gov/LMMPUI/LMMP_CLIENT/LMMP_WB.swf/[[DYNAMIC]]/12" "Mozilla/5.0 (Windows NT 6.1; WOW64; Trident/7.0; BOIE9;DEDE; rv:11.0) like Gecko" 538 18420
89.15.238.195 - - [13/Jan/2015:02:03:59 -0500] "GET /LMMPUI/LMMP_CLIENT/homepage/data.xml?v=1421132638812 HTTP/1.1" 200 3907 "http://pub.lmmp.nasa.gov/LMMPUI/LMMP_CLIENT/LMMP_WB.swf/[[DYNAMIC]]/10" "Mozilla/5.0 (Windows NT 6.1; WOW64; Trident/7.0; BOIE9;DEDE; rv:11.0) like Gecko" 547 4242
89.15.238.195 - - [13/Jan/2015:02:03:59 -0500] "GET /LMMPUI/LMMP_CLIENT/assets/proto/mariusHills.jpg HTTP/1.1" 200 61059 "http://pub.lmmp.nasa.gov/LMMPUI/LMMP_CLIENT/LMMP_WB.swf/[[DYNAMIC]]/12" "Mozilla/5.0 (Windows NT 6.1; WOW64; Trident/7.0; BOIE9;DEDE; rv:11.0) like Gecko" 542 61391
89.15.238.195 - - [13/Jan/2015:02:03:59 -0500] "GET /LMMPUI/LMMP_CLIENT/assets/proto/gruithuisen.jpg HTTP/1.1" 200 62986 "http://pub.lmmp.nasa.gov/LMMPUI/LMMP_CLIENT/LMMP_WB.swf/[[DYNAMIC]]/12" "Mozilla/5.0 (Windows NT 6.1; WOW64; Trident/7.0; BOIE9;DEDE; rv:11.0) like Gecko" 542 63318
89.15.238.195 - - [13/Jan/2015:02:03:59 -0500] "GET /LMMPUI/LMMP_CLIENT/assets/proto/inaDCaldera.jpg HTTP/1.1" 200 74885 "http://pub.lmmp.nasa.gov/LMMPUI/LMMP_CLIENT/LMMP_WB.swf/[[DYNAMIC]]/12" "Mozilla/5.0 (Windows NT 6.1; WOW64; Trident/7.0; BOIE9;DEDE; rv:11.0) like Gecko" 542 75217
127.0.0.1 - - [13/Jan/2015:02:04:07 -0500] "GET /opensso/namingservice HTTP/1.1" 200 7 "-" "Java/1.5.0_21" 220 183
127.0.0.1 - - [13/Jan/2015:02:04:12 -0500] "GET /opensso/namingservice HTTP/1.1" 200 7 "-" "Java/1.5.0_21" 220 183
127.0.0.1 - - [13/Jan/2015:02:04:37 -0500] "GET /opensso/namingservice HTTP/1.1" 200 7 "-" "Java/1.5.0_21" 220 183
127.0.0.1 - - [13/Jan/2015:02:04:42 -0500] "GET /opensso/namingservice HTTP/1.1" 200 7 "-" "Java/1.5.0_21" 220 183
66.249.67.9 - - [13/Jan/2015:02:04:56 -0500] "GET /redmine/projects/lmmpwiki/activity?from=1969-02-17 HTTP/1.1" 200 4829 "-" "Mozilla/5.0 (compatible; Googlebot/2.1; +http://www.google.com/bot.html)" 672 9480
127.0.0.1 - - [13/Jan/2015:02:05:07 -0500] "GET /opensso/namingservice HTTP/1.1" 200 7 "-" "Java/1.5.0_21" 220 183
127.0.0.1 - - [13/Jan/2015:02:05:12 -0500] "GET /opensso/namingservice HTTP/1.1" 200 7 "-" "Java/1.5.0_21" 220 183
127.0.0.1 - - [13/Jan/2015:02:05:37 -0500] "GET /opensso/namingservice HTTP/1.1" 200 7 "-" "Java/1.5.0_21" 220 183
127.0.0.1 - - [13/Jan/2015:02:05:42 -0500] "GET /opensso/namingservice HTTP/1.1" 200 7 "-" "Java/1.5.0_21" 220 183
127.0.0.1 - - [13/Jan/2015:02:06:07 -0500] "GET /opensso/namingservice HTTP/1.1" 200 7 "-" "Java/1.5.0_21" 220 183
127.0.0.1 - - [13/Jan/2015:02:06:12 -0500] "GET /opensso/namingservice HTTP/1.1" 200 7 "-" "Java/1.5.0_21" 220 183
127.0.0.1 - - [13/Jan/2015:02:06:37 -0500] "GET /opensso/namingservice HTTP/1.1" 200 7 "-" "Java/1.5.0_21" 220 183
127.0.0.1 - - [13/Jan/2015:02:06:42 -0500] "GET /opensso/namingservice HTTP/1.1" 200 7 "-" "Java/1.5.0_21" 220 183
127.0.0.1 - - [13/Jan/2015:02:07:07 -0500] "GET /opensso/namingservice HTTP/1.1" 200 7 "-" "Java/1.5.0_21" 220 183
127.0.0.1 - - [13/Jan/2015:02:07:12 -0500] "GET /opensso/namingservice HTTP/1.1" 200 7 "-" "Java/1.5.0_21" 220 183
216.218.206.66 - - [13/Jan/2015:02:07:32 -0500] "GET / HTTP/1.1" 302 235 "-" "-" 354 4391
127.0.0.1 - - [13/Jan/2015:02:07:37 -0500] "GET /opensso/namingservice HTTP/1.1" 200 7 "-" "Java/1.5.0_21" 220 183
127.0.0.1 - - [13/Jan/2015:02:07:42 -0500] "GET /opensso/namingservice HTTP/1.1" 200 7 "-" "Java/1.5.0_21" 220 183
127.0.0.1 - - [13/Jan/2015:02:08:07 -0500] "GET /opensso/namingservice HTTP/1.1" 200 7 "-" "Java/1.5.0_21" 220 183
127.0.0.1 - - [13/Jan/2015:02:08:12 -0500] "GET /opensso/namingservice HTTP/1.1" 200 7 "-" "Java/1.5.0_21" 220 183
127.0.0.1 - - [13/Jan/2015:02:08:37 -0500] "GET /opensso/namingservice HTTP/1.1" 200 7 "-" "Java/1.5.0_21" 220 183
127.0.0.1 - - [13/Jan/2015:02:08:42 -0500] "GET /opensso/namingservice HTTP/1.1" 200 7 "-" "Java/1.5.0_21" 220 183
66.249.67.111 - - [13/Jan/2015:02:08:43 -0500] "GET /redmine/projects/lmmpwiki/activity?from=1909-12-18&show_news=1 HTTP/1.1" 200 4917 "-" "Mozilla/5.0 (compatible; Googlebot/2.1; +http://www.google.com/bot.html)" 353 5479
127.0.0.1 - - [13/Jan/2015:02:09:07 -0500] "GET /opensso/namingservice HTTP/1.1" 200 7 "-" "Java/1.5.0_21" 220 183
127.0.0.1 - - [13/Jan/2015:02:09:12 -0500] "GET /opensso/namingservice HTTP/1.1" 200 7 "-" "Java/1.5.0_21" 220 183
127.0.0.1 - - [13/Jan/2015:02:09:37 -0500] "GET /opensso/namingservice HTTP/1.1" 200 7 "-" "Java/1.5.0_21" 220 183
127.0.0.1 - - [13/Jan/2015:02:09:42 -0500] "GET /opensso/namingservice HTTP/1.1" 200 7 "-" "Java/1.5.0_21" 220 183
127.0.0.1 - - [13/Jan/2015:02:10:07 -0500] "GET /opensso/namingservice HTTP/1.1" 200 7 "-" "Java/1.5.0_21" 220 183
127.0.0.1 - - [13/Jan/2015:02:10:12 -0500] "GET /opensso/namingservice HTTP/1.1" 200 7 "-" "Java/1.5.0_21" 220 183
127.0.0.1 - - [13/Jan/2015:02:10:37 -0500] "GET /opensso/namingservice HTTP/1.1" 200 7 "-" "Java/1.5.0_21" 220 183
127.0.0.1 - - [13/Jan/2015:02:10:42 -0500] "GET /opensso/namingservice HTTP/1.1" 200 7 "-" "Java/1.5.0_21" 220 183
127.0.0.1 - - [13/Jan/2015:02:11:07 -0500] "GET /opensso/namingservice HTTP/1.1" 200 7 "-" "Java/1.5.0_21" 220 183
127.0.0.1 - - [13/Jan/2015:02:11:12 -0500] "GET /opensso/namingservice HTTP/1.1" 200 7 "-" "Java/1.5.0_21" 220 183
127.0.0.1 - - [13/Jan/2015:02:11:37 -0500] "GET /opensso/namingservice HTTP/1.1" 200 7 "-" "Java/1.5.0_21" 220 183
127.0.0.1 - - [13/Jan/2015:02:11:42 -0500] "GET /opensso/namingservice HTTP/1.1" 200 7 "-" "Java/1.5.0_21" 220 183
127.0.0.1 - - [13/Jan/2015:02:12:07 -0500] "GET /opensso/namingservice HTTP/1.1" 200 7 "-" "Java/1.5.0_21" 220 183
127.0.0.1 - - [13/Jan/2015:02:12:12 -0500] "GET /opensso/namingservice HTTP/1.1" 200 7 "-" "Java/1.5.0_21" 220 183
66.249.67.111 - - [13/Jan/2015:02:12:31 -0500] "GET /redmine/projects/lmmpwiki/activity?from=1976-05-01&show_news=1 HTTP/1.1" 200 4917 "-" "Mozilla/5.0 (compatible; Googlebot/2.1; +http://www.google.com/bot.html)" 353 5479
127.0.0.1 - - [13/Jan/2015:02:12:37 -0500] "GET /opensso/namingservice HTTP/1.1" 200 7 "-" "Java/1.5.0_21" 220 183
127.0.0.1 - - [13/Jan/2015:02:12:42 -0500] "GET /opensso/namingservice HTTP/1.1" 200 7 "-" "Java/1.5.0_21" 220 183
127.0.0.1 - - [13/Jan/2015:02:13:07 -0500] "GET /opensso/namingservice HTTP/1.1" 200 7 "-" "Java/1.5.0_21" 220 183
127.0.0.1 - - [13/Jan/2015:02:13:12 -0500] "GET /opensso/namingservice HTTP/1.1" 200 7 "-" "Java/1.5.0_21" 220 183
127.0.0.1 - - [13/Jan/2015:02:13:37 -0500] "GET /opensso/namingservice HTTP/1.1" 200 7 "-" "Java/1.5.0_21" 220 183
127.0.0.1 - - [13/Jan/2015:02:13:42 -0500] "GET /opensso/namingservice HTTP/1.1" 200 7 "-" "Java/1.5.0_21" 220 183
127.0.0.1 - - [13/Jan/2015:02:14:07 -0500] "GET /opensso/namingservice HTTP/1.1" 200 7 "-" "Java/1.5.0_21" 220 183
127.0.0.1 - - [13/Jan/2015:02:14:12 -0500] "GET /opensso/namingservice HTTP/1.1" 200 7 "-" "Java/1.5.0_21" 220 183
127.0.0.1 - - [13/Jan/2015:02:14:37 -0500] "GET /opensso/namingservice HTTP/1.1" 200 7 "-" "Java/1.5.0_21" 220 183
127.0.0.1 - - [13/Jan/2015:02:14:42 -0500] "GET /opensso/namingservice HTTP/1.1" 200 7 "-" "Java/1.5.0_21" 220 183
127.0.0.1 - - [13/Jan/2015:02:15:07 -0500] "GET /opensso/namingservice HTTP/1.1" 200 7 "-" "Java/1.5.0_21" 220 183
127.0.0.1 - - [13/Jan/2015:02:15:12 -0500] "GET /opensso/namingservice HTTP/1.1" 200 7 "-" "Java/1.5.0_21" 220 183
127.0.0.1 - - [13/Jan/2015:02:15:37 -0500] "GET /opensso/namingservice HTTP/1.1" 200 7 "-" "Java/1.5.0_21" 220 183
127.0.0.1 - - [13/Jan/2015:02:15:42 -0500] "GET /opensso/namingservice HTTP/1.1" 200 7 "-" "Java/1.5.0_21" 220 183
127.0.0.1 - - [13/Jan/2015:02:16:07 -0500] "GET /opensso/namingservice HTTP/1.1" 200 7 "-" "Java/1.5.0_21" 220 183
127.0.0.1 - - [13/Jan/2015:02:16:12 -0500] "GET /opensso/namingservice HTTP/1.1" 200 7 "-" "Java/1.5.0_21" 220 183
66.249.67.4 - - [13/Jan/2015:02:16:18 -0500] "GET /redmine/projects/lmmpwiki/activity?from=1887-03-20&show_news=1 HTTP/1.1" 200 4917 "-" "Mozilla/5.0 (compatible; Googlebot/2.1; +http://www.google.com/bot.html)" 684 9568
127.0.0.1 - - [13/Jan/2015:02:16:37 -0500] "GET /opensso/namingservice HTTP/1.1" 200 7 "-" "Java/1.5.0_21" 220 183
127.0.0.1 - - [13/Jan/2015:02:16:42 -0500] "GET /opensso/namingservice HTTP/1.1" 200 7 "-" "Java/1.5.0_21" 220 183
127.0.0.1 - - [13/Jan/2015:02:17:07 -0500] "GET /opensso/namingservice HTTP/1.1" 200 7 "-" "Java/1.5.0_21" 220 183
127.0.0.1 - - [13/Jan/2015:02:17:12 -0500] "GET /opensso/namingservice HTTP/1.1" 200 7 "-" "Java/1.5.0_21" 220 183
127.0.0.1 - - [13/Jan/2015:02:17:37 -0500] "GET /opensso/namingservice HTTP/1.1" 200 7 "-" "Java/1.5.0_21" 220 183
127.0.0.1 - - [13/Jan/2015:02:17:42 -0500] "GET /opensso/namingservice HTTP/1.1" 200 7 "-" "Java/1.5.0_21" 220 183
127.0.0.1 - - [13/Jan/2015:02:18:07 -0500] "GET /opensso/namingservice HTTP/1.1" 200 7 "-" "Java/1.5.0_21" 220 183
127.0.0.1 - - [13/Jan/2015:02:18:12 -0500] "GET /opensso/namingservice HTTP/1.1" 200 7 "-" "Java/1.5.0_21" 220 183
127.0.0.1 - - [13/Jan/2015:02:18:37 -0500] "GET /opensso/namingservice HTTP/1.1" 200 7 "-" "Java/1.5.0_21" 220 183
127.0.0.1 - - [13/Jan/2015:02:18:42 -0500] "GET /opensso/namingservice HTTP/1.1" 200 7 "-" "Java/1.5.0_21" 220 183
127.0.0.1 - - [13/Jan/2015:02:19:07 -0500] "GET /opensso/namingservice HTTP/1.1" 200 7 "-" "Java/1.5.0_21" 220 183
127.0.0.1 - - [13/Jan/2015:02:19:12 -0500] "GET /opensso/namingservice HTTP/1.1" 200 7 "-" "Java/1.5.0_21" 220 183
127.0.0.1 - - [13/Jan/2015:02:19:37 -0500] "GET /opensso/namingservice HTTP/1.1" 200 7 "-" "Java/1.5.0_21" 220 183
127.0.0.1 - - [13/Jan/2015:02:19:42 -0500] "GET /opensso/namingservice HTTP/1.1" 200 7 "-" "Java/1.5.0_21" 220 183
66.249.67.103 - - [13/Jan/2015:02:20:06 -0500] "GET /redmine/projects/lmmpwiki/activity?from=1946-02-19&show_news=1 HTTP/1.1" 200 4917 "-" "Mozilla/5.0 (compatible; Googlebot/2.1; +http://www.google.com/bot.html)" 353 5479
127.0.0.1 - - [13/Jan/2015:02:20:07 -0500] "GET /opensso/namingservice HTTP/1.1" 200 7 "-" "Java/1.5.0_21" 220 183
127.0.0.1 - - [13/Jan/2015:02:20:12 -0500] "GET /opensso/namingservice HTTP/1.1" 200 7 "-" "Java/1.5.0_21" 220 183
127.0.0.1 - - [13/Jan/2015:02:20:37 -0500] "GET /opensso/namingservice HTTP/1.1" 200 7 "-" "Java/1.5.0_21" 220 183
127.0.0.1 - - [13/Jan/2015:02:20:42 -0500] "GET /opensso/namingservice HTTP/1.1" 200 7 "-" "Java/1.5.0_21" 220 183
127.0.0.1 - - [13/Jan/2015:02:21:07 -0500] "GET /opensso/namingservice HTTP/1.1" 200 7 "-" "Java/1.5.0_21" 220 183
127.0.0.1 - - [13/Jan/2015:02:21:12 -0500] "GET /opensso/namingservice HTTP/1.1" 200 7 "-" "Java/1.5.0_21" 220 183
127.0.0.1 - - [13/Jan/2015:02:21:37 -0500] "GET /opensso/namingservice HTTP/1.1" 200 7 "-" "Java/1.5.0_21" 220 183
127.0.0.1 - - [13/Jan/2015:02:21:42 -0500] "GET /opensso/namingservice HTTP/1.1" 200 7 "-" "Java/1.5.0_21" 220 183
127.0.0.1 - - [13/Jan/2015:02:22:07 -0500] "GET /opensso/namingservice HTTP/1.1" 200 7 "-" "Java/1.5.0_21" 220 183
127.0.0.1 - - [13/Jan/2015:02:22:12 -0500] "GET /opensso/namingservice HTTP/1.1" 200 7 "-" "Java/1.5.0_21" 220 183
127.0.0.1 - - [13/Jan/2015:02:22:37 -0500] "GET /opensso/namingservice HTTP/1.1" 200 7 "-" "Java/1.5.0_21" 220 183
127.0.0.1 - - [13/Jan/2015:02:22:42 -0500] "GET /opensso/namingservice HTTP/1.1" 200 7 "-" "Java/1.5.0_21" 220 183
127.0.0.1 - - [13/Jan/2015:02:23:07 -0500] "GET /opensso/namingservice HTTP/1.1" 200 7 "-" "Java/1.5.0_21" 220 183
127.0.0.1 - - [13/Jan/2015:02:23:12 -0500] "GET /opensso/namingservice HTTP/1.1" 200 7 "-" "Java/1.5.0_21" 220 183
127.0.0.1 - - [13/Jan/2015:02:23:37 -0500] "GET /opensso/namingservice HTTP/1.1" 200 7 "-" "Java/1.5.0_21" 220 183
127.0.0.1 - - [13/Jan/2015:02:23:42 -0500] "GET /opensso/namingservice HTTP/1.1" 200 7 "-" "Java/1.5.0_21" 220 183
66.249.67.119 - - [13/Jan/2015:02:23:53 -0500] "GET /redmine/projects/lmmpwiki/activity?from=1995-12-21 HTTP/1.1" 200 4829 "-" "Mozilla/5.0 (compatible; Googlebot/2.1; +http://www.google.com/bot.html)" 341 5391
127.0.0.1 - - [13/Jan/2015:02:24:07 -0500] "GET /opensso/namingservice HTTP/1.1" 200 7 "-" "Java/1.5.0_21" 220 183
127.0.0.1 - - [13/Jan/2015:02:24:12 -0500] "GET /opensso/namingservice HTTP/1.1" 200 7 "-" "Java/1.5.0_21" 220 183
127.0.0.1 - - [13/Jan/2015:02:24:37 -0500] "GET /opensso/namingservice HTTP/1.1" 200 7 "-" "Java/1.5.0_21" 220 183
127.0.0.1 - - [13/Jan/2015:02:24:42 -0500] "POST /opensso/sessionservice HTTP/1.1" 200 2023 "-" "Java/1.5.0_21" 712 2201
127.0.0.1 - - [13/Jan/2015:02:24:42 -0500] "GET /opensso/identity//xml/read?name=TomcatApps1&attributes_names=realm&attributes_values_realm=%2Fappspub&attributes_names=objecttype&attributes_values_objecttype=Agent&admin=AQIC5wM2LY4SfcyRautyD4RKpwbzv6XrE24fIq8LDPQGnm0%3D%40AAJTSQACMDE%3D%23 HTTP/1.1" 200 13607 "-" "Java/1.5.0_21" 440 13791
127.0.0.1 - - [13/Jan/2015:02:24:42 -0500] "GET /opensso/namingservice HTTP/1.1" 200 7 "-" "Java/1.5.0_21" 220 182
127.0.0.1 - - [13/Jan/2015:02:25:07 -0500] "GET /opensso/namingservice HTTP/1.1" 200 7 "-" "Java/1.5.0_21" 220 183
127.0.0.1 - - [13/Jan/2015:02:25:12 -0500] "GET /opensso/namingservice HTTP/1.1" 200 7 "-" "Java/1.5.0_21" 220 183
127.0.0.1 - - [13/Jan/2015:02:25:37 -0500] "GET /opensso/namingservice HTTP/1.1" 200 7 "-" "Java/1.5.0_21" 220 183
127.0.0.1 - - [13/Jan/2015:02:25:42 -0500] "GET /opensso/namingservice HTTP/1.1" 200 7 "-" "Java/1.5.0_21" 220 183
127.0.0.1 - - [13/Jan/2015:02:26:07 -0500] "GET /opensso/namingservice HTTP/1.1" 200 7 "-" "Java/1.5.0_21" 220 183
127.0.0.1 - - [13/Jan/2015:02:26:12 -0500] "GET /opensso/namingservice HTTP/1.1" 200 7 "-" "Java/1.5.0_21" 220 183
127.0.0.1 - - [13/Jan/2015:02:26:37 -0500] "GET /opensso/namingservice HTTP/1.1" 200 7 "-" "Java/1.5.0_21" 220 183
127.0.0.1 - - [13/Jan/2015:02:26:42 -0500] "GET /opensso/namingservice HTTP/1.1" 200 7 "-" "Java/1.5.0_21" 220 183
127.0.0.1 - - [13/Jan/2015:02:27:07 -0500] "GET /opensso/namingservice HTTP/1.1" 200 7 "-" "Java/1.5.0_21" 220 183
127.0.0.1 - - [13/Jan/2015:02:27:12 -0500] "GET /opensso/namingservice HTTP/1.1" 200 7 "-" "Java/1.5.0_21" 220 183
127.0.0.1 - - [13/Jan/2015:02:27:37 -0500] "GET /opensso/namingservice HTTP/1.1" 200 7 "-" "Java/1.5.0_21" 220 183
66.249.67.111 - - [13/Jan/2015:02:27:40 -0500] "GET /redmine/projects/lmmpwiki/activity?from=2014-02-13&show_news=1 HTTP/1.1" 200 4917 "-" "Mozilla/5.0 (compatible; Googlebot/2.1; +http://www.google.com/bot.html)" 353 5479
127.0.0.1 - - [13/Jan/2015:02:27:42 -0500] "GET /opensso/namingservice HTTP/1.1" 200 7 "-" "Java/1.5.0_21" 220 183
127.0.0.1 - - [13/Jan/2015:02:28:07 -0500] "GET /opensso/namingservice HTTP/1.1" 200 7 "-" "Java/1.5.0_21" 220 183
127.0.0.1 - - [13/Jan/2015:02:28:12 -0500] "GET /opensso/namingservice HTTP/1.1" 200 7 "-" "Java/1.5.0_21" 220 183
127.0.0.1 - - [13/Jan/2015:02:28:37 -0500] "GET /opensso/namingservice HTTP/1.1" 200 7 "-" "Java/1.5.0_21" 220 183
127.0.0.1 - - [13/Jan/2015:02:28:42 -0500] "GET /opensso/namingservice HTTP/1.1" 200 7 "-" "Java/1.5.0_21" 220 183
127.0.0.1 - - [13/Jan/2015:02:29:07 -0500] "GET /opensso/namingservice HTTP/1.1" 200 7 "-" "Java/1.5.0_21" 220 183
127.0.0.1 - - [13/Jan/2015:02:29:12 -0500] "GET /opensso/namingservice HTTP/1.1" 200 7 "-" "Java/1.5.0_21" 220 183
127.0.0.1 - - [13/Jan/2015:02:29:37 -0500] "GET /opensso/namingservice HTTP/1.1" 200 7 "-" "Java/1.5.0_21" 220 183
127.0.0.1 - - [13/Jan/2015:02:29:42 -0500] "GET /opensso/namingservice HTTP/1.1" 200 7 "-" "Java/1.5.0_21" 220 183
125.64.35.67 - - [13/Jan/2015:02:29:48 -0500] "GET / HTTP/1.0" 400 362 "-" "-" 11 572
127.0.0.1 - - [13/Jan/2015:02:30:07 -0500] "GET /opensso/namingservice HTTP/1.1" 200 7 "-" "Java/1.5.0_21" 220 183
127.0.0.1 - - [13/Jan/2015:02:30:12 -0500] "GET /opensso/namingservice HTTP/1.1" 200 7 "-" "Java/1.5.0_21" 220 183
123.125.71.108 - - [13/Jan/2015:02:30:32 -0500] "GET / HTTP/1.1" 302 237 "-" "Mozilla/5.0 (compatible; Baiduspider/2.0; +http://www.baidu.com/search/spider.html)" 183 506
127.0.0.1 - - [13/Jan/2015:02:30:37 -0500] "GET /opensso/namingservice HTTP/1.1" 200 7 "-" "Java/1.5.0_21" 220 183
127.0.0.1 - - [13/Jan/2015:02:30:42 -0500] "GET /opensso/namingservice HTTP/1.1" 200 7 "-" "Java/1.5.0_21" 220 183
127.0.0.1 - - [13/Jan/2015:02:31:07 -0500] "GET /opensso/namingservice HTTP/1.1" 200 7 "-" "Java/1.5.0_21" 220 183
127.0.0.1 - - [13/Jan/2015:02:31:12 -0500] "GET /opensso/namingservice HTTP/1.1" 200 7 "-" "Java/1.5.0_21" 220 183
66.249.67.119 - - [13/Jan/2015:02:31:28 -0500] "GET /redmine/issues/gantt?month=6&months=6&year=2784&zoom=4 HTTP/1.1" 200 51261 "-" "Mozilla/5.0 (compatible; Googlebot/2.1; +http://www.google.com/bot.html)" 345 51950
127.0.0.1 - - [13/Jan/2015:02:31:37 -0500] "GET /opensso/namingservice HTTP/1.1" 200 7 "-" "Java/1.5.0_21" 220 183
127.0.0.1 - - [13/Jan/2015:02:31:42 -0500] "GET /opensso/namingservice HTTP/1.1" 200 7 "-" "Java/1.5.0_21" 220 183
127.0.0.1 - - [13/Jan/2015:02:32:07 -0500] "GET /opensso/namingservice HTTP/1.1" 200 7 "-" "Java/1.5.0_21" 220 183
127.0.0.1 - - [13/Jan/2015:02:32:12 -0500] "GET /opensso/namingservice HTTP/1.1" 200 7 "-" "Java/1.5.0_21" 220 183
220.181.108.178 - - [13/Jan/2015:02:32:34 -0500] "GET / HTTP/1.1" 302 237 "-" "Mozilla/5.0 (compatible; Baiduspider/2.0; +http://www.baidu.com/search/spider.html)" 183 506
127.0.0.1 - - [13/Jan/2015:02:32:37 -0500] "GET /opensso/namingservice HTTP/1.1" 200 7 "-" "Java/1.5.0_21" 220 183
127.0.0.1 - - [13/Jan/2015:02:32:42 -0500] "GET /opensso/namingservice HTTP/1.1" 200 7 "-" "Java/1.5.0_21" 220 183
127.0.0.1 - - [13/Jan/2015:02:33:07 -0500] "GET /opensso/namingservice HTTP/1.1" 200 7 "-" "Java/1.5.0_21" 220 183
127.0.0.1 - - [13/Jan/2015:02:33:12 -0500] "GET /opensso/namingservice HTTP/1.1" 200 7 "-" "Java/1.5.0_21" 220 183
127.0.0.1 - - [13/Jan/2015:02:33:37 -0500] "GET /opensso/namingservice HTTP/1.1" 200 7 "-" "Java/1.5.0_21" 220 183
127.0.0.1 - - [13/Jan/2015:02:33:42 -0500] "GET /opensso/namingservice HTTP/1.1" 200 7 "-" "Java/1.5.0_21" 220 183
127.0.0.1 - - [13/Jan/2015:02:34:07 -0500] "GET /opensso/namingservice HTTP/1.1" 200 7 "-" "Java/1.5.0_21" 220 183
127.0.0.1 - - [13/Jan/2015:02:34:12 -0500] "GET /opensso/namingservice HTTP/1.1" 200 7 "-" "Java/1.5.0_21" 220 183
127.0.0.1 - - [13/Jan/2015:02:34:37 -0500] "GET /opensso/namingservice HTTP/1.1" 200 7 "-" "Java/1.5.0_21" 220 183
127.0.0.1 - - [13/Jan/2015:02:34:42 -0500] "GET /opensso/namingservice HTTP/1.1" 200 7 "-" "Java/1.5.0_21" 220 183
127.0.0.1 - - [13/Jan/2015:02:35:07 -0500] "GET /opensso/namingservice HTTP/1.1" 200 7 "-" "Java/1.5.0_21" 220 183
127.0.0.1 - - [13/Jan/2015:02:35:12 -0500] "GET /opensso/namingservice HTTP/1.1" 200 7 "-" "Java/1.5.0_21" 220 183
66.249.67.103 - - [13/Jan/2015:02:35:15 -0500] "GET /redmine/issues/gantt?month=3&months=6&year=2784&zoom=1 HTTP/1.1" 200 27562 "-" "Mozilla/5.0 (compatible; Googlebot/2.1; +http://www.google.com/bot.html)" 345 28251
127.0.0.1 - - [13/Jan/2015:02:35:37 -0500] "GET /opensso/namingservice HTTP/1.1" 200 7 "-" "Java/1.5.0_21" 220 183
127.0.0.1 - - [13/Jan/2015:02:35:42 -0500] "GET /opensso/namingservice HTTP/1.1" 200 7 "-" "Java/1.5.0_21" 220 183
127.0.0.1 - - [13/Jan/2015:02:36:07 -0500] "GET /opensso/namingservice HTTP/1.1" 200 7 "-" "Java/1.5.0_21" 220 183
127.0.0.1 - - [13/Jan/2015:02:36:12 -0500] "GET /opensso/namingservice HTTP/1.1" 200 7 "-" "Java/1.5.0_21" 220 183
127.0.0.1 - - [13/Jan/2015:02:36:37 -0500] "GET /opensso/namingservice HTTP/1.1" 200 7 "-" "Java/1.5.0_21" 220 183
127.0.0.1 - - [13/Jan/2015:02:36:42 -0500] "GET /opensso/namingservice HTTP/1.1" 200 7 "-" "Java/1.5.0_21" 220 183
182.185.149.168 - - [13/Jan/2015:02:37:03 -0500] "GET /LMMPUI/LMMP_CLIENT/LMMP.html HTTP/1.1" 200 8973 "-" "Mozilla/5.0 (X11; Linux i686; rv:34.0) Gecko/20100101 Firefox/34.0" 313 9303
182.185.149.168 - - [13/Jan/2015:02:37:04 -0500] "GET /LMMPUI/LMMP_CLIENT/history/history.css HTTP/1.1" 200 365 "http://pub.lmmp.nasa.gov/LMMPUI/LMMP_CLIENT/LMMP.html" "Mozilla/5.0 (X11; Linux i686; rv:34.0) Gecko/20100101 Firefox/34.0" 342 692
127.0.0.1 - - [13/Jan/2015:02:37:07 -0500] "GET /opensso/namingservice HTTP/1.1" 200 7 "-" "Java/1.5.0_21" 220 183
182.185.149.168 - - [13/Jan/2015:02:37:05 -0500] "GET /LMMPUI/LMMP_CLIENT/history/history.js HTTP/1.1" 200 24650 "http://pub.lmmp.nasa.gov/LMMPUI/LMMP_CLIENT/LMMP.html" "Mozilla/5.0 (X11; Linux i686; rv:34.0) Gecko/20100101 Firefox/34.0" 326 24988
182.185.149.168 - - [13/Jan/2015:02:37:05 -0500] "GET /LMMPUI/LMMP_CLIENT/swfobject.js HTTP/1.1" 200 25574 "http://pub.lmmp.nasa.gov/LMMPUI/LMMP_CLIENT/LMMP.html" "Mozilla/5.0 (X11; Linux i686; rv:34.0) Gecko/20100101 Firefox/34.0" 320 25911
182.185.149.168 - - [13/Jan/2015:02:37:09 -0500] "GET /LMMPUI/LMMP_CLIENT/LMMP_WB.swf HTTP/1.1" 200 40920 "http://pub.lmmp.nasa.gov/LMMPUI/LMMP_CLIENT/LMMP.html" "Mozilla/5.0 (X11; Linux i686; rv:34.0) Gecko/20100101 Firefox/34.0" 379 35897
127.0.0.1 - - [13/Jan/2015:02:37:12 -0500] "GET /opensso/namingservice HTTP/1.1" 200 7 "-" "Java/1.5.0_21" 220 183
182.185.149.168 - - [13/Jan/2015:02:37:16 -0500] "GET /favicon.ico HTTP/1.1" 404 209 "-" "Mozilla/5.0 (X11; Linux i686; rv:34.0) Gecko/20100101 Firefox/34.0" 266 454
182.185.149.168 - - [13/Jan/2015:02:37:17 -0500] "GET /favicon.ico HTTP/1.1" 404 209 "-" "Mozilla/5.0 (X11; Linux i686; rv:34.0) Gecko/20100101 Firefox/34.0" 296 453
127.0.0.1 - - [13/Jan/2015:02:37:37 -0500] "GET /opensso/namingservice HTTP/1.1" 200 7 "-" "Java/1.5.0_21" 220 183
127.0.0.1 - - [13/Jan/2015:02:37:42 -0500] "GET /opensso/namingservice HTTP/1.1" 200 7 "-" "Java/1.5.0_21" 220 183
127.0.0.1 - - [13/Jan/2015:02:38:07 -0500] "GET /opensso/namingservice HTTP/1.1" 200 7 "-" "Java/1.5.0_21" 220 183
127.0.0.1 - - [13/Jan/2015:02:38:12 -0500] "GET /opensso/namingservice HTTP/1.1" 200 7 "-" "Java/1.5.0_21" 220 183
127.0.0.1 - - [13/Jan/2015:02:38:37 -0500] "GET /opensso/namingservice HTTP/1.1" 200 7 "-" "Java/1.5.0_21" 220 183
127.0.0.1 - - [13/Jan/2015:02:38:42 -0500] "GET /opensso/namingservice HTTP/1.1" 200 7 "-" "Java/1.5.0_21" 220 183
66.249.67.111 - - [13/Jan/2015:02:39:03 -0500] "GET /redmine/issues/gantt?month=6&months=6&year=2784&zoom=1 HTTP/1.1" 200 27581 "-" "Mozilla/5.0 (compatible; Googlebot/2.1; +http://www.google.com/bot.html)" 345 28270
127.0.0.1 - - [13/Jan/2015:02:39:07 -0500] "GET /opensso/namingservice HTTP/1.1" 200 7 "-" "Java/1.5.0_21" 220 183
127.0.0.1 - - [13/Jan/2015:02:39:12 -0500] "GET /opensso/namingservice HTTP/1.1" 200 7 "-" "Java/1.5.0_21" 220 183
182.185.149.168 - - [13/Jan/2015:02:38:55 -0500] "GET /LMMPUI/LMMP_CLIENT/LMMP_WB.swf HTTP/1.1" 200 972505 "http://pub.lmmp.nasa.gov/LMMPUI/LMMP_CLIENT/LMMP.html" "Mozilla/5.0 (X11; Linux i686; rv:34.0) Gecko/20100101 Firefox/34.0" 379 972859
127.0.0.1 - - [13/Jan/2015:02:39:37 -0500] "GET /opensso/namingservice HTTP/1.1" 200 7 "-" "Java/1.5.0_21" 220 183
127.0.0.1 - - [13/Jan/2015:02:39:42 -0500] "GET /opensso/namingservice HTTP/1.1" 200 7 "-" "Java/1.5.0_21" 220 183
182.185.149.168 - - [13/Jan/2015:02:39:49 -0500] "GET /LMMPUI/LMMP_CLIENT/config/config.xml?1421134787646 HTTP/1.1" 200 11971 "http://pub.lmmp.nasa.gov/LMMPUI/LMMP_CLIENT/LMMP_WB.swf" "Mozilla/5.0 (X11; Linux i686; rv:34.0) Gecko/20100101 Firefox/34.0" 401 12309
182.185.149.168 - - [13/Jan/2015:02:39:49 -0500] "GET /LMMPUI/LMMP_CLIENT/config/ldap.xml HTTP/1.1" 200 492 "http://pub.lmmp.nasa.gov/LMMPUI/LMMP_CLIENT/LMMP_WB.swf" "Mozilla/5.0 (X11; Linux i686; rv:34.0) Gecko/20100101 Firefox/34.0" 385 826
182.185.149.168 - - [13/Jan/2015:02:39:49 -0500] "GET /LMMPUI/LMMP_CLIENT/assets/image/NASA_logo.png HTTP/1.1" 200 14512 "http://pub.lmmp.nasa.gov/LMMPUI/LMMP_CLIENT/LMMP_WB.swf" "Mozilla/5.0 (X11; Linux i686; rv:34.0) Gecko/20100101 Firefox/34.0" 396 14844
182.185.149.168 - - [13/Jan/2015:02:39:49 -0500] "GET /LMMPUI/LMMP_CLIENT/config/helpLinks.xml HTTP/1.1" 200 796 "http://pub.lmmp.nasa.gov/LMMPUI/LMMP_CLIENT/LMMP_WB.swf" "Mozilla/5.0 (X11; Linux i686; rv:34.0) Gecko/20100101 Firefox/34.0" 390 1130
182.185.149.168 - - [13/Jan/2015:02:39:49 -0500] "GET /LMMPUI/LMMP_CLIENT/homepage/features.xml?v=1421134787817 HTTP/1.1" 200 1611 "http://pub.lmmp.nasa.gov/LMMPUI/LMMP_CLIENT/LMMP_WB.swf" "Mozilla/5.0 (X11; Linux i686; rv:34.0) Gecko/20100101 Firefox/34.0" 407 1947
182.185.149.168 - - [13/Jan/2015:02:39:49 -0500] "GET /LMMPUI/LMMP_CLIENT/assets/image/space.jpg HTTP/1.1" 200 25415 "http://pub.lmmp.nasa.gov/LMMPUI/LMMP_CLIENT/LMMP_WB.swf" "Mozilla/5.0 (X11; Linux i686; rv:34.0) Gecko/20100101 Firefox/34.0" 392 25748
127.0.0.1 - - [13/Jan/2015:02:39:51 -0500] "POST /opensso/sessionservice HTTP/1.1" 200 2017 "-" "Java/1.5.0_21" 712 2195
127.0.0.1 - - [13/Jan/2015:02:39:51 -0500] "GET /openssorest/token/localldap HTTP/1.1" 200 62 "-" "Java/1.5.0_21" 277 239
182.185.149.168 - - [13/Jan/2015:02:39:51 -0500] "GET /LMMPUI/rest/proxy/proxyService?cs=bG1tcGd1ZXN0fGd1ZXN0bG1tcHxodHRwOi8vcHViLmxtbXAubmFzYS5nb3Yvb3BlbnNzb3Jlc3QvdG9rZW4vbG9jYWxsZGFw HTTP/1.1" 200 63 "http://pub.lmmp.nasa.gov/LMMPUI/LMMP_CLIENT/LMMP_WB.swf" "Mozilla/5.0 (X11; Linux i686; rv:34.0) Gecko/20100101 Firefox/34.0" 481 238
182.185.149.168 - - [13/Jan/2015:02:39:49 -0500] "GET /LMMPUI/LMMP_CLIENT/assets/image/background.jpg HTTP/1.1" 200 69719 "http://pub.lmmp.nasa.gov/LMMPUI/LMMP_CLIENT/LMMP_WB.swf" "Mozilla/5.0 (X11; Linux i686; rv:34.0) Gecko/20100101 Firefox/34.0" 397 70052
182.185.149.168 - - [13/Jan/2015:02:39:52 -0500] "POST /openssorest/token/localldap HTTP/1.1" 200 62 "http://pub.lmmp.nasa.gov/LMMPUI/LMMP_CLIENT/LMMP_WB.swf/[[DYNAMIC]]/883" "Mozilla/5.0 (X11; Linux i686; rv:34.0) Gecko/20100101 Firefox/34.0" 526 238
182.185.149.168 - - [13/Jan/2015:02:39:53 -0500] "GET /opensso/identity/isTokenValid?iPlanetDirectoryPro=AQIC5wM2LY4SfcyyaY3m51yQFWRXgtaW75CH6jwacr3iAZI%3D%40AAJTSQACMDE%3D%23 HTTP/1.1" 200 13 "http://pub.lmmp.nasa.gov/LMMPUI/LMMP_CLIENT/LMMP_WB.swf" "Mozilla/5.0 (X11; Linux i686; rv:34.0) Gecko/20100101 Firefox/34.0" 565 170
182.185.149.168 - - [13/Jan/2015:02:39:54 -0500] "GET /opensso/identity/isTokenValid?iPlanetDirectoryPro=AQIC5wM2LY4SfcyyaY3m51yQFWRXgtaW75CH6jwacr3iAZI%3D%40AAJTSQACMDE%3D%23 HTTP/1.1" 200 13 "http://pub.lmmp.nasa.gov/LMMPUI/LMMP_CLIENT/LMMP_WB.swf" "Mozilla/5.0 (X11; Linux i686; rv:34.0) Gecko/20100101 Firefox/34.0" 565 170
182.185.149.168 - - [13/Jan/2015:02:39:54 -0500] "GET /opensso/identity/attributes?iPlanetDirectoryPro=AQIC5wM2LY4SfcyyaY3m51yQFWRXgtaW75CH6jwacr3iAZI%3D%40AAJTSQACMDE%3D%23 HTTP/1.1" 200 981 "http://pub.lmmp.nasa.gov/LMMPUI/LMMP_CLIENT/LMMP_WB.swf" "Mozilla/5.0 (X11; Linux i686; rv:34.0) Gecko/20100101 Firefox/34.0" 563 1139
127.0.0.1 - - [13/Jan/2015:02:39:55 -0500] "POST /opensso/sessionservice HTTP/1.1" 200 2014 "-" "Java/1.5.0_21" 817 2192
127.0.0.1 - - [13/Jan/2015:02:39:55 -0500] "POST /opensso/policyservice HTTP/1.1" 200 9460 "-" "Java/1.5.0_21" 1120 9645
127.0.0.1 - - [13/Jan/2015:02:39:55 -0500] "POST /opensso/jaxrpc/SMSObjectIF HTTP/1.1" 200 505 "-" "Java/1.5.0_21" 847 766
127.0.0.1 - - [13/Jan/2015:02:39:55 -0500] "POST /opensso/jaxrpc/DirectoryManagerIF HTTP/1.1" 200 1290 "-" "Java/1.5.0_21" 1362 1551
182.185.149.168 - - [13/Jan/2015:02:39:55 -0500] "GET /LMMP/rest/dbxml/resources?iPlanetDirectoryPro=AQIC5wM2LY4SfcyyaY3m51yQFWRXgtaW75CH6jwacr3iAZI%3D%40AAJTSQACMDE%3D%23 HTTP/1.1" 200 2827 "http://pub.lmmp.nasa.gov/LMMPUI/LMMP_CLIENT/LMMP_WB.swf" "Mozilla/5.0 (X11; Linux i686; rv:34.0) Gecko/20100101 Firefox/34.0" 561 3079
182.185.149.168 - - [13/Jan/2015:02:39:56 -0500] "GET /opensso/identity/isTokenValid?iPlanetDirectoryPro=AQIC5wM2LY4SfcyyaY3m51yQFWRXgtaW75CH6jwacr3iAZI%3D%40AAJTSQACMDE%3D%23 HTTP/1.1" 200 13 "http://pub.lmmp.nasa.gov/LMMPUI/LMMP_CLIENT/LMMP_WB.swf" "Mozilla/5.0 (X11; Linux i686; rv:34.0) Gecko/20100101 Firefox/34.0" 565 170
182.185.149.168 - - [13/Jan/2015:02:39:57 -0500] "GET /LMMPUI/LMMP_CLIENT/config/basemap.xml?iPlanetDirectoryPro=AQIC5wM2LY4SfcyyaY3m51yQFWRXgtaW75CH6jwacr3iAZI%3D%40AAJTSQACMDE%3D%23 HTTP/1.1" 200 232 "http://pub.lmmp.nasa.gov/LMMPUI/LMMP_CLIENT/LMMP_WB.swf" "Mozilla/5.0 (X11; Linux i686; rv:34.0) Gecko/20100101 Firefox/34.0" 573 565
182.185.149.168 - - [13/Jan/2015:02:39:57 -0500] "GET /opensso/identity/isTokenValid?iPlanetDirectoryPro=AQIC5wM2LY4SfcyyaY3m51yQFWRXgtaW75CH6jwacr3iAZI%3D%40AAJTSQACMDE%3D%23 HTTP/1.1" 200 13 "http://pub.lmmp.nasa.gov/LMMPUI/LMMP_CLIENT/LMMP_WB.swf" "Mozilla/5.0 (X11; Linux i686; rv:34.0) Gecko/20100101 Firefox/34.0" 565 170
182.185.149.168 - - [13/Jan/2015:02:39:58 -0500] "GET /opensso/identity/isTokenValid?iPlanetDirectoryPro=AQIC5wM2LY4SfcyyaY3m51yQFWRXgtaW75CH6jwacr3iAZI%3D%40AAJTSQACMDE%3D%23 HTTP/1.1" 200 13 "http://pub.lmmp.nasa.gov/LMMPUI/LMMP_CLIENT/LMMP_WB.swf" "Mozilla/5.0 (X11; Linux i686; rv:34.0) Gecko/20100101 Firefox/34.0" 565 170
182.185.149.168 - - [13/Jan/2015:02:39:58 -0500] "GET /LMMPUI/LMMP_CLIENT/config/npBasemap.xml?iPlanetDirectoryPro=AQIC5wM2LY4SfcyyaY3m51yQFWRXgtaW75CH6jwacr3iAZI%3D%40AAJTSQACMDE%3D%23 HTTP/1.1" 200 178 "http://pub.lmmp.nasa.gov/LMMPUI/LMMP_CLIENT/LMMP_WB.swf" "Mozilla/5.0 (X11; Linux i686; rv:34.0) Gecko/20100101 Firefox/34.0" 575 511
182.185.149.168 - - [13/Jan/2015:02:40:00 -0500] "GET /opensso/identity/isTokenValid?iPlanetDirectoryPro=AQIC5wM2LY4SfcyyaY3m51yQFWRXgtaW75CH6jwacr3iAZI%3D%40AAJTSQACMDE%3D%23 HTTP/1.1" 200 13 "http://pub.lmmp.nasa.gov/LMMPUI/LMMP_CLIENT/LMMP_WB.swf" "Mozilla/5.0 (X11; Linux i686; rv:34.0) Gecko/20100101 Firefox/34.0" 565 170
182.185.149.168 - - [13/Jan/2015:02:40:01 -0500] "GET /opensso/identity/isTokenValid?iPlanetDirectoryPro=AQIC5wM2LY4SfcyyaY3m51yQFWRXgtaW75CH6jwacr3iAZI%3D%40AAJTSQACMDE%3D%23 HTTP/1.1" 200 13 "http://pub.lmmp.nasa.gov/LMMPUI/LMMP_CLIENT/LMMP_WB.swf" "Mozilla/5.0 (X11; Linux i686; rv:34.0) Gecko/20100101 Firefox/34.0" 565 171
127.0.0.1 - - [13/Jan/2015:02:40:01 -0500] "POST /opensso/jaxrpc/SMSObjectIF HTTP/1.1" 200 505 "-" "Java/1.5.0_21" 847 767
127.0.0.1 - - [13/Jan/2015:02:40:01 -0500] "POST /opensso/jaxrpc/DirectoryManagerIF HTTP/1.1" 200 1290 "-" "Java/1.5.0_21" 1362 1551
127.0.0.1 - - [13/Jan/2015:02:40:01 -0500] "POST /opensso/jaxrpc/SMSObjectIF HTTP/1.1" 200 505 "-" "Java/1.5.0_21" 847 766
127.0.0.1 - - [13/Jan/2015:02:40:01 -0500] "POST /opensso/jaxrpc/DirectoryManagerIF HTTP/1.1" 200 1290 "-" "Java/1.5.0_21" 1362 1551
182.185.149.168 - - [13/Jan/2015:02:40:03 -0500] "GET /LMMPUI/LMMP_CLIENT/config/spBasemap.xml?iPlanetDirectoryPro=AQIC5wM2LY4SfcyyaY3m51yQFWRXgtaW75CH6jwacr3iAZI%3D%40AAJTSQACMDE%3D%23 HTTP/1.1" 200 178 "http://pub.lmmp.nasa.gov/LMMPUI/LMMP_CLIENT/LMMP_WB.swf" "Mozilla/5.0 (X11; Linux i686; rv:34.0) Gecko/20100101 Firefox/34.0" 575 511
182.185.149.168 - - [13/Jan/2015:02:40:04 -0500] "GET /opensso/identity/isTokenValid?iPlanetDirectoryPro=AQIC5wM2LY4SfcyyaY3m51yQFWRXgtaW75CH6jwacr3iAZI%3D%40AAJTSQACMDE%3D%23 HTTP/1.1" 200 13 "http://pub.lmmp.nasa.gov/LMMPUI/LMMP_CLIENT/LMMP_WB.swf" "Mozilla/5.0 (X11; Linux i686; rv:34.0) Gecko/20100101 Firefox/34.0" 565 170
182.185.149.168 - - [13/Jan/2015:02:40:01 -0500] "GET /LMMP/rest/dbxml/layers?proj=IAU2000:30118&visOnly=true&iPlanetDirectoryPro=AQIC5wM2LY4SfcyyaY3m51yQFWRXgtaW75CH6jwacr3iAZI%3D%40AAJTSQACMDE%3D%23&sort=Mission%2Ctitle HTTP/1.1" 200 44040 "http://pub.lmmp.nasa.gov/LMMPUI/LMMP_CLIENT/LMMP_WB.swf" "Mozilla/5.0 (X11; Linux i686; rv:34.0) Gecko/20100101 Firefox/34.0" 664 44328
127.0.0.1 - - [13/Jan/2015:02:40:05 -0500] "POST /opensso/jaxrpc/SMSObjectIF HTTP/1.1" 200 505 "-" "Java/1.5.0_21" 847 766
127.0.0.1 - - [13/Jan/2015:02:40:05 -0500] "POST /opensso/jaxrpc/DirectoryManagerIF HTTP/1.1" 200 1290 "-" "Java/1.5.0_21" 1362 1551
182.185.149.168 - - [13/Jan/2015:02:40:06 -0500] "GET /opensso/identity/isTokenValid?iPlanetDirectoryPro=AQIC5wM2LY4SfcyyaY3m51yQFWRXgtaW75CH6jwacr3iAZI%3D%40AAJTSQACMDE%3D%23 HTTP/1.1" 200 13 "http://pub.lmmp.nasa.gov/LMMPUI/LMMP_CLIENT/LMMP_WB.swf" "Mozilla/5.0 (X11; Linux i686; rv:34.0) Gecko/20100101 Firefox/34.0" 565 170
127.0.0.1 - - [13/Jan/2015:02:40:07 -0500] "GET /opensso/namingservice HTTP/1.1" 200 7 "-" "Java/1.5.0_21" 220 182
182.185.149.168 - - [13/Jan/2015:02:40:05 -0500] "GET /LMMP/rest/dbxml/layers?proj=IAU2000:30120&visOnly=true&iPlanetDirectoryPro=AQIC5wM2LY4SfcyyaY3m51yQFWRXgtaW75CH6jwacr3iAZI%3D%40AAJTSQACMDE%3D%23&sort=Mission%2Ctitle HTTP/1.1" 200 55891 "http://pub.lmmp.nasa.gov/LMMPUI/LMMP_CLIENT/LMMP_WB.swf" "Mozilla/5.0 (X11; Linux i686; rv:34.0) Gecko/20100101 Firefox/34.0" 664 56188
127.0.0.1 - - [13/Jan/2015:02:40:07 -0500] "POST /opensso/jaxrpc/SMSObjectIF HTTP/1.1" 200 505 "-" "Java/1.5.0_21" 847 767
127.0.0.1 - - [13/Jan/2015:02:40:07 -0500] "POST /opensso/jaxrpc/DirectoryManagerIF HTTP/1.1" 200 1290 "-" "Java/1.5.0_21" 1362 1551
182.185.149.168 - - [13/Jan/2015:02:40:07 -0500] "GET /LMMP/rest/dbxml/layers/int?proj=IAU2000:30118&iPlanetDirectoryPro=AQIC5wM2LY4SfcyyaY3m51yQFWRXgtaW75CH6jwacr3iAZI%3D%40AAJTSQACMDE%3D%23&sort=Mission%2Ctitle HTTP/1.1" 200 8134 "http://pub.lmmp.nasa.gov/LMMPUI/LMMP_CLIENT/LMMP_WB.swf" "Mozilla/5.0 (X11; Linux i686; rv:34.0) Gecko/20100101 Firefox/34.0" 655 8383
182.185.149.168 - - [13/Jan/2015:02:40:09 -0500] "GET /opensso/identity/isTokenValid?iPlanetDirectoryPro=AQIC5wM2LY4SfcyyaY3m51yQFWRXgtaW75CH6jwacr3iAZI%3D%40AAJTSQACMDE%3D%23 HTTP/1.1" 200 13 "http://pub.lmmp.nasa.gov/LMMPUI/LMMP_CLIENT/LMMP_WB.swf" "Mozilla/5.0 (X11; Linux i686; rv:34.0) Gecko/20100101 Firefox/34.0" 565 170
127.0.0.1 - - [13/Jan/2015:02:40:09 -0500] "POST /opensso/jaxrpc/SMSObjectIF HTTP/1.1" 200 505 "-" "Java/1.5.0_21" 847 766
127.0.0.1 - - [13/Jan/2015:02:40:09 -0500] "POST /opensso/jaxrpc/DirectoryManagerIF HTTP/1.1" 200 1290 "-" "Java/1.5.0_21" 1362 1551
182.185.149.168 - - [13/Jan/2015:02:40:09 -0500] "GET /LMMP/rest/dbxml/layers/int?proj=IAU2000:30120&iPlanetDirectoryPro=AQIC5wM2LY4SfcyyaY3m51yQFWRXgtaW75CH6jwacr3iAZI%3D%40AAJTSQACMDE%3D%23&sort=Mission%2Ctitle HTTP/1.1" 200 10 "http://pub.lmmp.nasa.gov/LMMPUI/LMMP_CLIENT/LMMP_WB.swf" "Mozilla/5.0 (X11; Linux i686; rv:34.0) Gecko/20100101 Firefox/34.0" 655 256
127.0.0.1 - - [13/Jan/2015:02:40:12 -0500] "GET /opensso/namingservice HTTP/1.1" 200 7 "-" "Java/1.5.0_21" 220 183
182.185.149.168 - - [13/Jan/2015:02:40:01 -0500] "GET /LMMP/rest/dbxml/layers?proj=IAU2000:30100&visOnly=true&iPlanetDirectoryPro=AQIC5wM2LY4SfcyyaY3m51yQFWRXgtaW75CH6jwacr3iAZI%3D%40AAJTSQACMDE%3D%23&sort=Mission%2Ctitle HTTP/1.1" 200 831579 "http://pub.lmmp.nasa.gov/LMMPUI/LMMP_CLIENT/LMMP_WB.swf" "Mozilla/5.0 (X11; Linux i686; rv:34.0) Gecko/20100101 Firefox/34.0" 664 832636
