172.249.161.117 - - [01/Nov/2015:19:27:47 -0500] "GET /opensso/identity/isTokenValid?iPlanetDirectoryPro=AQIC5wM2LY4Sfcw0Yj7SiFUC0hRO1W1pPfDdkwt0vhmikzs%3D%40AAJTSQACMDE%3D%23 HTTP/1.1" 200 13 "http://pub.lmmp.nasa.gov/LMMPUI/LMMP_CLIENT/LMMP.html" "Mozilla/5.0 (Windows NT 6.1; Win64; x64) AppleWebKit/537.36 (KHTML, like Gecko) Chrome/46.0.2490.80 Safari/537.36" 933 170
172.249.161.117 - - [01/Nov/2015:19:27:47 -0500] "GET /opensso/identity/isTokenValid?iPlanetDirectoryPro=AQIC5wM2LY4Sfcw0Yj7SiFUC0hRO1W1pPfDdkwt0vhmikzs%3D%40AAJTSQACMDE%3D%23 HTTP/1.1" 200 13 "http://pub.lmmp.nasa.gov/LMMPUI/LMMP_CLIENT/LMMP.html" "Mozilla/5.0 (Windows NT 6.1; Win64; x64) AppleWebKit/537.36 (KHTML, like Gecko) Chrome/46.0.2490.80 Safari/537.36" 933 170
172.249.161.117 - - [01/Nov/2015:19:27:48 -0500] "GET /opensso/identity/attributes?iPlanetDirectoryPro=AQIC5wM2LY4Sfcw0Yj7SiFUC0hRO1W1pPfDdkwt0vhmikzs%3D%40AAJTSQACMDE%3D%23 HTTP/1.1" 200 981 "http://pub.lmmp.nasa.gov/LMMPUI/LMMP_CLIENT/LMMP.html" "Mozilla/5.0 (Windows NT 6.1; Win64; x64) AppleWebKit/537.36 (KHTML, like Gecko) Chrome/46.0.2490.80 Safari/537.36" 931 1139
127.0.0.1 - - [01/Nov/2015:19:27:48 -0500] "POST /opensso/sessionservice HTTP/1.1" 200 2016 "-" "Java/1.5.0_21" 819 2194
127.0.0.1 - - [01/Nov/2015:19:27:48 -0500] "POST /opensso/policyservice HTTP/1.1" 200 9463 "-" "Java/1.5.0_21" 1123 9648
127.0.0.1 - - [01/Nov/2015:19:27:48 -0500] "POST /opensso/jaxrpc/SMSObjectIF HTTP/1.1" 200 505 "-" "Java/1.5.0_21" 847 766
127.0.0.1 - - [01/Nov/2015:19:27:48 -0500] "POST /opensso/jaxrpc/DirectoryManagerIF HTTP/1.1" 200 1290 "-" "Java/1.5.0_21" 1362 1551
172.249.161.117 - - [01/Nov/2015:19:27:48 -0500] "GET /LMMP/rest/dbxml/resources?iPlanetDirectoryPro=AQIC5wM2LY4Sfcw0Yj7SiFUC0hRO1W1pPfDdkwt0vhmikzs%3D%40AAJTSQACMDE%3D%23 HTTP/1.1" 200 2827 "http://pub.lmmp.nasa.gov/LMMPUI/LMMP_CLIENT/LMMP.html" "Mozilla/5.0 (Windows NT 6.1; Win64; x64) AppleWebKit/537.36 (KHTML, like Gecko) Chrome/46.0.2490.80 Safari/537.36" 929 3079
172.249.161.117 - - [01/Nov/2015:19:27:48 -0500] "GET /opensso/identity/isTokenValid?iPlanetDirectoryPro=AQIC5wM2LY4Sfcw0Yj7SiFUC0hRO1W1pPfDdkwt0vhmikzs%3D%40AAJTSQACMDE%3D%23 HTTP/1.1" 200 13 "http://pub.lmmp.nasa.gov/LMMPUI/LMMP_CLIENT/LMMP.html" "Mozilla/5.0 (Windows NT 6.1; Win64; x64) AppleWebKit/537.36 (KHTML, like Gecko) Chrome/46.0.2490.80 Safari/537.36" 933 170
172.249.161.117 - - [01/Nov/2015:19:27:49 -0500] "GET /opensso/identity/isTokenValid?iPlanetDirectoryPro=AQIC5wM2LY4Sfcw0Yj7SiFUC0hRO1W1pPfDdkwt0vhmikzs%3D%40AAJTSQACMDE%3D%23 HTTP/1.1" 200 13 "http://pub.lmmp.nasa.gov/LMMPUI/LMMP_CLIENT/LMMP.html" "Mozilla/5.0 (Windows NT 6.1; Win64; x64) AppleWebKit/537.36 (KHTML, like Gecko) Chrome/46.0.2490.80 Safari/537.36" 933 170
172.249.161.117 - - [01/Nov/2015:19:27:49 -0500] "GET /LMMPUI/LMMP_CLIENT/config/basemap.xml?iPlanetDirectoryPro=AQIC5wM2LY4Sfcw0Yj7SiFUC0hRO1W1pPfDdkwt0vhmikzs%3D%40AAJTSQACMDE%3D%23 HTTP/1.1" 200 232 "http://pub.lmmp.nasa.gov/LMMPUI/LMMP_CLIENT/LMMP.html" "Mozilla/5.0 (Windows NT 6.1; Win64; x64) AppleWebKit/537.36 (KHTML, like Gecko) Chrome/46.0.2490.80 Safari/537.36" 941 565
172.249.161.117 - - [01/Nov/2015:19:27:49 -0500] "GET /opensso/identity/isTokenValid?iPlanetDirectoryPro=AQIC5wM2LY4Sfcw0Yj7SiFUC0hRO1W1pPfDdkwt0vhmikzs%3D%40AAJTSQACMDE%3D%23 HTTP/1.1" 200 13 "http://pub.lmmp.nasa.gov/LMMPUI/LMMP_CLIENT/LMMP.html" "Mozilla/5.0 (Windows NT 6.1; Win64; x64) AppleWebKit/537.36 (KHTML, like Gecko) Chrome/46.0.2490.80 Safari/537.36" 933 170
172.249.161.117 - - [01/Nov/2015:19:27:50 -0500] "GET /LMMPUI/LMMP_CLIENT/config/spBasemap.xml?iPlanetDirectoryPro=AQIC5wM2LY4Sfcw0Yj7SiFUC0hRO1W1pPfDdkwt0vhmikzs%3D%40AAJTSQACMDE%3D%23 HTTP/1.1" 200 178 "http://pub.lmmp.nasa.gov/LMMPUI/LMMP_CLIENT/LMMP.html" "Mozilla/5.0 (Windows NT 6.1; Win64; x64) AppleWebKit/537.36 (KHTML, like Gecko) Chrome/46.0.2490.80 Safari/537.36" 943 512
172.249.161.117 - - [01/Nov/2015:19:27:50 -0500] "GET /LMMPUI/LMMP_CLIENT/config/npBasemap.xml?iPlanetDirectoryPro=AQIC5wM2LY4Sfcw0Yj7SiFUC0hRO1W1pPfDdkwt0vhmikzs%3D%40AAJTSQACMDE%3D%23 HTTP/1.1" 200 178 "http://pub.lmmp.nasa.gov/LMMPUI/LMMP_CLIENT/LMMP.html" "Mozilla/5.0 (Windows NT 6.1; Win64; x64) AppleWebKit/537.36 (KHTML, like Gecko) Chrome/46.0.2490.80 Safari/537.36" 943 511
172.249.161.117 - - [01/Nov/2015:19:27:50 -0500] "GET /opensso/identity/isTokenValid?iPlanetDirectoryPro=AQIC5wM2LY4Sfcw0Yj7SiFUC0hRO1W1pPfDdkwt0vhmikzs%3D%40AAJTSQACMDE%3D%23 HTTP/1.1" 200 13 "http://pub.lmmp.nasa.gov/LMMPUI/LMMP_CLIENT/LMMP.html" "Mozilla/5.0 (Windows NT 6.1; Win64; x64) AppleWebKit/537.36 (KHTML, like Gecko) Chrome/46.0.2490.80 Safari/537.36" 933 170
172.249.161.117 - - [01/Nov/2015:19:27:50 -0500] "GET /opensso/identity/isTokenValid?iPlanetDirectoryPro=AQIC5wM2LY4Sfcw0Yj7SiFUC0hRO1W1pPfDdkwt0vhmikzs%3D%40AAJTSQACMDE%3D%23 HTTP/1.1" 200 13 "http://pub.lmmp.nasa.gov/LMMPUI/LMMP_CLIENT/LMMP.html" "Mozilla/5.0 (Windows NT 6.1; Win64; x64) AppleWebKit/537.36 (KHTML, like Gecko) Chrome/46.0.2490.80 Safari/537.36" 933 170
127.0.0.1 - - [01/Nov/2015:19:27:50 -0500] "POST /opensso/jaxrpc/SMSObjectIF HTTP/1.1" 200 505 "-" "Java/1.5.0_21" 847 766
127.0.0.1 - - [01/Nov/2015:19:27:51 -0500] "POST /opensso/jaxrpc/DirectoryManagerIF HTTP/1.1" 200 1290 "-" "Java/1.5.0_21" 1362 1551
172.249.161.117 - - [01/Nov/2015:19:27:51 -0500] "GET /opensso/identity/isTokenValid?iPlanetDirectoryPro=AQIC5wM2LY4Sfcw0Yj7SiFUC0hRO1W1pPfDdkwt0vhmikzs%3D%40AAJTSQACMDE%3D%23 HTTP/1.1" 200 13 "http://pub.lmmp.nasa.gov/LMMPUI/LMMP_CLIENT/LMMP.html" "Mozilla/5.0 (Windows NT 6.1; Win64; x64) AppleWebKit/537.36 (KHTML, like Gecko) Chrome/46.0.2490.80 Safari/537.36" 933 170
127.0.0.1 - - [01/Nov/2015:19:27:51 -0500] "POST /opensso/jaxrpc/SMSObjectIF HTTP/1.1" 200 505 "-" "Java/1.5.0_21" 847 766
127.0.0.1 - - [01/Nov/2015:19:27:51 -0500] "POST /opensso/jaxrpc/DirectoryManagerIF HTTP/1.1" 200 1290 "-" "Java/1.5.0_21" 1362 1551
127.0.0.1 - - [01/Nov/2015:19:27:51 -0500] "POST /opensso/jaxrpc/SMSObjectIF HTTP/1.1" 200 505 "-" "Java/1.5.0_21" 847 766
127.0.0.1 - - [01/Nov/2015:19:27:52 -0500] "POST /opensso/jaxrpc/DirectoryManagerIF HTTP/1.1" 200 1290 "-" "Java/1.5.0_21" 1362 1551
172.249.161.117 - - [01/Nov/2015:19:27:51 -0500] "GET /LMMP/rest/dbxml/layers?proj=IAU2000:30120&visOnly=true&sort=Mission%2Ctitle&iPlanetDirectoryPro=AQIC5wM2LY4Sfcw0Yj7SiFUC0hRO1W1pPfDdkwt0vhmikzs%3D%40AAJTSQACMDE%3D%23 HTTP/1.1" 200 46095 "http://pub.lmmp.nasa.gov/LMMPUI/LMMP_CLIENT/LMMP.html" "Mozilla/5.0 (Windows NT 6.1; Win64; x64) AppleWebKit/537.36 (KHTML, like Gecko) Chrome/46.0.2490.80 Safari/537.36" 1032 46384
172.249.161.117 - - [01/Nov/2015:19:27:56 -0500] "GET /opensso/identity/isTokenValid?iPlanetDirectoryPro=AQIC5wM2LY4Sfcw0Yj7SiFUC0hRO1W1pPfDdkwt0vhmikzs%3D%40AAJTSQACMDE%3D%23 HTTP/1.1" 200 13 "http://pub.lmmp.nasa.gov/LMMPUI/LMMP_CLIENT/LMMP.html" "Mozilla/5.0 (Windows NT 6.1; Win64; x64) AppleWebKit/537.36 (KHTML, like Gecko) Chrome/46.0.2490.80 Safari/537.36" 933 170
172.249.161.117 - - [01/Nov/2015:19:27:51 -0500] "GET /LMMP/rest/dbxml/layers?proj=IAU2000:30118&visOnly=true&sort=Mission%2Ctitle&iPlanetDirectoryPro=AQIC5wM2LY4Sfcw0Yj7SiFUC0hRO1W1pPfDdkwt0vhmikzs%3D%40AAJTSQACMDE%3D%23 HTTP/1.1" 200 44040 "http://pub.lmmp.nasa.gov/LMMPUI/LMMP_CLIENT/LMMP.html" "Mozilla/5.0 (Windows NT 6.1; Win64; x64) AppleWebKit/537.36 (KHTML, like Gecko) Chrome/46.0.2490.80 Safari/537.36" 1032 44328
127.0.0.1 - - [01/Nov/2015:19:27:57 -0500] "POST /opensso/jaxrpc/SMSObjectIF HTTP/1.1" 200 505 "-" "Java/1.5.0_21" 847 766
127.0.0.1 - - [01/Nov/2015:19:27:57 -0500] "POST /opensso/jaxrpc/DirectoryManagerIF HTTP/1.1" 200 1290 "-" "Java/1.5.0_21" 1362 1551
172.249.161.117 - - [01/Nov/2015:19:27:57 -0500] "GET /LMMP/rest/dbxml/layers/int?proj=IAU2000:30120&sort=Mission%2Ctitle&iPlanetDirectoryPro=AQIC5wM2LY4Sfcw0Yj7SiFUC0hRO1W1pPfDdkwt0vhmikzs%3D%40AAJTSQACMDE%3D%23 HTTP/1.1" 200 9412 "http://pub.lmmp.nasa.gov/LMMPUI/LMMP_CLIENT/LMMP.html" "Mozilla/5.0 (Windows NT 6.1; Win64; x64) AppleWebKit/537.36 (KHTML, like Gecko) Chrome/46.0.2490.80 Safari/537.36" 1023 9668
172.249.161.117 - - [01/Nov/2015:19:27:57 -0500] "GET /opensso/identity/isTokenValid?iPlanetDirectoryPro=AQIC5wM2LY4Sfcw0Yj7SiFUC0hRO1W1pPfDdkwt0vhmikzs%3D%40AAJTSQACMDE%3D%23 HTTP/1.1" 200 13 "http://pub.lmmp.nasa.gov/LMMPUI/LMMP_CLIENT/LMMP.html" "Mozilla/5.0 (Windows NT 6.1; Win64; x64) AppleWebKit/537.36 (KHTML, like Gecko) Chrome/46.0.2490.80 Safari/537.36" 933 170
127.0.0.1 - - [01/Nov/2015:19:27:58 -0500] "POST /opensso/jaxrpc/SMSObjectIF HTTP/1.1" 200 505 "-" "Java/1.5.0_21" 847 766
127.0.0.1 - - [01/Nov/2015:19:27:58 -0500] "POST /opensso/jaxrpc/DirectoryManagerIF HTTP/1.1" 200 1290 "-" "Java/1.5.0_21" 1362 1551
172.249.161.117 - - [01/Nov/2015:19:27:58 -0500] "GET /LMMP/rest/dbxml/layers/int?proj=IAU2000:30118&sort=Mission%2Ctitle&iPlanetDirectoryPro=AQIC5wM2LY4Sfcw0Yj7SiFUC0hRO1W1pPfDdkwt0vhmikzs%3D%40AAJTSQACMDE%3D%23 HTTP/1.1" 200 8314 "http://pub.lmmp.nasa.gov/LMMPUI/LMMP_CLIENT/LMMP.html" "Mozilla/5.0 (Windows NT 6.1; Win64; x64) AppleWebKit/537.36 (KHTML, like Gecko) Chrome/46.0.2490.80 Safari/537.36" 1023 8569
172.249.161.117 - - [01/Nov/2015:19:27:50 -0500] "GET /LMMP/rest/dbxml/layers?proj=IAU2000:30100&visOnly=true&sort=Mission%2Ctitle&iPlanetDirectoryPro=AQIC5wM2LY4Sfcw0Yj7SiFUC0hRO1W1pPfDdkwt0vhmikzs%3D%40AAJTSQACMDE%3D%23 HTTP/1.1" 200 831579 "http://pub.lmmp.nasa.gov/LMMPUI/LMMP_CLIENT/LMMP.html" "Mozilla/5.0 (Windows NT 6.1; Win64; x64) AppleWebKit/537.36 (KHTML, like Gecko) Chrome/46.0.2490.80 Safari/537.36" 1032 832636
172.249.161.117 - - [01/Nov/2015:19:28:11 -0500] "GET /opensso/identity/isTokenValid?iPlanetDirectoryPro=AQIC5wM2LY4Sfcw0Yj7SiFUC0hRO1W1pPfDdkwt0vhmikzs%3D%40AAJTSQACMDE%3D%23 HTTP/1.1" 200 13 "http://pub.lmmp.nasa.gov/LMMPUI/LMMP_CLIENT/LMMP.html" "Mozilla/5.0 (Windows NT 6.1; Win64; x64) AppleWebKit/537.36 (KHTML, like Gecko) Chrome/46.0.2490.80 Safari/537.36" 933 170
127.0.0.1 - - [01/Nov/2015:19:28:12 -0500] "GET /opensso/namingservice HTTP/1.1" 200 7 "-" "Java/1.5.0_21" 220 183
127.0.0.1 - - [01/Nov/2015:19:28:12 -0500] "POST /opensso/policyservice HTTP/1.1" 200 9463 "-" "Java/1.5.0_21" 1123 9649
127.0.0.1 - - [01/Nov/2015:19:28:12 -0500] "POST /opensso/jaxrpc/SMSObjectIF HTTP/1.1" 200 505 "-" "Java/1.5.0_21" 847 766
127.0.0.1 - - [01/Nov/2015:19:28:12 -0500] "POST /opensso/jaxrpc/DirectoryManagerIF HTTP/1.1" 200 1290 "-" "Java/1.5.0_21" 1362 1551
127.0.0.1 - - [01/Nov/2015:19:28:13 -0500] "GET /opensso/namingservice HTTP/1.1" 200 7 "-" "Java/1.5.0_21" 220 182
172.249.161.117 - - [01/Nov/2015:19:28:12 -0500] "GET /LMMP/rest/dbxml/layers/int?proj=IAU2000:30100&sort=Mission%2Ctitle&iPlanetDirectoryPro=AQIC5wM2LY4Sfcw0Yj7SiFUC0hRO1W1pPfDdkwt0vhmikzs%3D%40AAJTSQACMDE%3D%23 HTTP/1.1" 200 349706 "http://pub.lmmp.nasa.gov/LMMPUI/LMMP_CLIENT/LMMP.html" "Mozilla/5.0 (Windows NT 6.1; Win64; x64) AppleWebKit/537.36 (KHTML, like Gecko) Chrome/46.0.2490.80 Safari/537.36" 1023 350291
172.249.161.117 - - [01/Nov/2015:19:28:18 -0500] "GET /opensso/identity/isTokenValid?iPlanetDirectoryPro=AQIC5wM2LY4Sfcw0Yj7SiFUC0hRO1W1pPfDdkwt0vhmikzs%3D%40AAJTSQACMDE%3D%23 HTTP/1.1" 200 13 "http://pub.lmmp.nasa.gov/LMMPUI/LMMP_CLIENT/LMMP.html" "Mozilla/5.0 (Windows NT 6.1; Win64; x64) AppleWebKit/537.36 (KHTML, like Gecko) Chrome/46.0.2490.80 Safari/537.36" 933 170
172.249.161.117 - - [01/Nov/2015:19:28:19 -0500] "GET /LMMPUI/LMMP_CLIENT/sampleData/emptyLayer.xml?iPlanetDirectoryPro=AQIC5wM2LY4Sfcw0Yj7SiFUC0hRO1W1pPfDdkwt0vhmikzs%3D%40AAJTSQACMDE%3D%23 HTTP/1.1" 200 19 "http://pub.lmmp.nasa.gov/LMMPUI/LMMP_CLIENT/LMMP.html" "Mozilla/5.0 (Windows NT 6.1; Win64; x64) AppleWebKit/537.36 (KHTML, like Gecko) Chrome/46.0.2490.80 Safari/537.36" 948 350
172.249.161.117 - - [01/Nov/2015:19:28:20 -0500] "GET /opensso/identity/isTokenValid?iPlanetDirectoryPro=AQIC5wM2LY4Sfcw0Yj7SiFUC0hRO1W1pPfDdkwt0vhmikzs%3D%40AAJTSQACMDE%3D%23 HTTP/1.1" 200 13 "http://pub.lmmp.nasa.gov/LMMPUI/LMMP_CLIENT/LMMP.html" "Mozilla/5.0 (Windows NT 6.1; Win64; x64) AppleWebKit/537.36 (KHTML, like Gecko) Chrome/46.0.2490.80 Safari/537.36" 933 170
172.249.161.117 - - [01/Nov/2015:19:28:20 -0500] "GET /LMMPUI/LMMP_CLIENT/sampleData/graticule.xml HTTP/1.1" 200 1234 "http://pub.lmmp.nasa.gov/LMMPUI/LMMP_CLIENT/LMMP.html" "Mozilla/5.0 (Windows NT 6.1; Win64; x64) AppleWebKit/537.36 (KHTML, like Gecko) Chrome/46.0.2490.80 Safari/537.36" 856 1570
172.249.161.117 - - [01/Nov/2015:19:28:20 -0500] "GET /LMMPUI/LMMP_CLIENT/config/searchResultFields.xml HTTP/1.1" 200 1711 "http://pub.lmmp.nasa.gov/LMMPUI/LMMP_CLIENT/LMMP.html" "Mozilla/5.0 (Windows NT 6.1; Win64; x64) AppleWebKit/537.36 (KHTML, like Gecko) Chrome/46.0.2490.80 Safari/537.36" 861 2047
172.249.161.117 - - [01/Nov/2015:19:28:20 -0500] "GET /LMMPUI/LMMP_CLIENT/sampleData/nomenclature.xml HTTP/1.1" 200 1725 "http://pub.lmmp.nasa.gov/LMMPUI/LMMP_CLIENT/LMMP.html" "Mozilla/5.0 (Windows NT 6.1; Win64; x64) AppleWebKit/537.36 (KHTML, like Gecko) Chrome/46.0.2490.80 Safari/537.36" 859 2060
172.249.161.117 - - [01/Nov/2015:19:28:20 -0500] "GET /opensso/identity/isTokenValid?iPlanetDirectoryPro=AQIC5wM2LY4Sfcw0Yj7SiFUC0hRO1W1pPfDdkwt0vhmikzs%3D%40AAJTSQACMDE%3D%23 HTTP/1.1" 200 13 "http://pub.lmmp.nasa.gov/LMMPUI/LMMP_CLIENT/LMMP.html" "Mozilla/5.0 (Windows NT 6.1; Win64; x64) AppleWebKit/537.36 (KHTML, like Gecko) Chrome/46.0.2490.80 Safari/537.36" 933 171
172.249.161.117 - - [01/Nov/2015:19:28:20 -0500] "GET /LMMPUI/LMMP_CLIENT/config/nomenclatureType.xml HTTP/1.1" 200 691 "http://pub.lmmp.nasa.gov/LMMPUI/LMMP_CLIENT/LMMP.html" "Mozilla/5.0 (Windows NT 6.1; Win64; x64) AppleWebKit/537.36 (KHTML, like Gecko) Chrome/46.0.2490.80 Safari/537.36" 859 1025
172.249.161.117 - - [01/Nov/2015:19:28:20 -0500] "GET /LMMP/rest/auxmd/types?iPlanetDirectoryPro=AQIC5wM2LY4Sfcw0Yj7SiFUC0hRO1W1pPfDdkwt0vhmikzs%3D%40AAJTSQACMDE%3D%23 HTTP/1.1" 200 119 "http://pub.lmmp.nasa.gov/LMMPUI/LMMP_CLIENT/LMMP.html" "Mozilla/5.0 (Windows NT 6.1; Win64; x64) AppleWebKit/537.36 (KHTML, like Gecko) Chrome/46.0.2490.80 Safari/537.36" 978 294
172.249.161.117 - - [01/Nov/2015:19:28:20 -0500] "GET /LMMP/rest/auxmd/acl?iPlanetDirectoryPro=AQIC5wM2LY4Sfcw0Yj7SiFUC0hRO1W1pPfDdkwt0vhmikzs%3D%40AAJTSQACMDE%3D%23 HTTP/1.1" 200 1468 "http://pub.lmmp.nasa.gov/LMMPUI/LMMP_CLIENT/LMMP.html" "Mozilla/5.0 (Windows NT 6.1; Win64; x64) AppleWebKit/537.36 (KHTML, like Gecko) Chrome/46.0.2490.80 Safari/537.36" 976 1644
172.249.161.117 - - [01/Nov/2015:19:28:21 -0500] "GET /opensso/identity/isTokenValid?iPlanetDirectoryPro=AQIC5wM2LY4Sfcw0Yj7SiFUC0hRO1W1pPfDdkwt0vhmikzs%3D%40AAJTSQACMDE%3D%23 HTTP/1.1" 200 13 "http://pub.lmmp.nasa.gov/LMMPUI/LMMP_CLIENT/LMMP.html" "Mozilla/5.0 (Windows NT 6.1; Win64; x64) AppleWebKit/537.36 (KHTML, like Gecko) Chrome/46.0.2490.80 Safari/537.36" 933 170
172.249.161.117 - - [01/Nov/2015:19:28:21 -0500] "GET /opensso/identity/isTokenValid?iPlanetDirectoryPro=AQIC5wM2LY4Sfcw0Yj7SiFUC0hRO1W1pPfDdkwt0vhmikzs%3D%40AAJTSQACMDE%3D%23 HTTP/1.1" 200 13 "http://pub.lmmp.nasa.gov/LMMPUI/LMMP_CLIENT/LMMP.html" "Mozilla/5.0 (Windows NT 6.1; Win64; x64) AppleWebKit/537.36 (KHTML, like Gecko) Chrome/46.0.2490.80 Safari/537.36" 933 170
172.249.161.117 - - [01/Nov/2015:19:28:21 -0500] "GET /opensso/identity/isTokenValid?iPlanetDirectoryPro=AQIC5wM2LY4Sfcw0Yj7SiFUC0hRO1W1pPfDdkwt0vhmikzs%3D%40AAJTSQACMDE%3D%23 HTTP/1.1" 200 13 "http://pub.lmmp.nasa.gov/LMMPUI/LMMP_CLIENT/LMMP.html" "Mozilla/5.0 (Windows NT 6.1; Win64; x64) AppleWebKit/537.36 (KHTML, like Gecko) Chrome/46.0.2490.80 Safari/537.36" 933 170
172.249.161.117 - - [01/Nov/2015:19:28:21 -0500] "GET /opensso/identity/isTokenValid?iPlanetDirectoryPro=AQIC5wM2LY4Sfcw0Yj7SiFUC0hRO1W1pPfDdkwt0vhmikzs%3D%40AAJTSQACMDE%3D%23 HTTP/1.1" 200 13 "http://pub.lmmp.nasa.gov/LMMPUI/LMMP_CLIENT/LMMP.html" "Mozilla/5.0 (Windows NT 6.1; Win64; x64) AppleWebKit/537.36 (KHTML, like Gecko) Chrome/46.0.2490.80 Safari/537.36" 933 170
172.249.161.117 - - [01/Nov/2015:19:28:21 -0500] "GET /opensso/identity/isTokenValid?iPlanetDirectoryPro=AQIC5wM2LY4Sfcw0Yj7SiFUC0hRO1W1pPfDdkwt0vhmikzs%3D%40AAJTSQACMDE%3D%23 HTTP/1.1" 200 13 "http://pub.lmmp.nasa.gov/LMMPUI/LMMP_CLIENT/LMMP.html" "Mozilla/5.0 (Windows NT 6.1; Win64; x64) AppleWebKit/537.36 (KHTML, like Gecko) Chrome/46.0.2490.80 Safari/537.36" 933 170
172.249.161.117 - - [01/Nov/2015:19:28:21 -0500] "GET /LMMP/rest/auxmd/create?iPlanetDirectoryPro=AQIC5wM2LY4Sfcw0Yj7SiFUC0hRO1W1pPfDdkwt0vhmikzs%3D%40AAJTSQACMDE%3D%23&mdType=layer HTTP/1.1" 200 173 "http://pub.lmmp.nasa.gov/LMMPUI/LMMP_CLIENT/LMMP.html" "Mozilla/5.0 (Windows NT 6.1; Win64; x64) AppleWebKit/537.36 (KHTML, like Gecko) Chrome/46.0.2490.80 Safari/537.36" 992 348
172.249.161.117 - - [01/Nov/2015:19:28:21 -0500] "GET /LMMP/rest/auxmd/create?iPlanetDirectoryPro=AQIC5wM2LY4Sfcw0Yj7SiFUC0hRO1W1pPfDdkwt0vhmikzs%3D%40AAJTSQACMDE%3D%23&mdType=point HTTP/1.1" 200 319 "http://pub.lmmp.nasa.gov/LMMPUI/LMMP_CLIENT/LMMP.html" "Mozilla/5.0 (Windows NT 6.1; Win64; x64) AppleWebKit/537.36 (KHTML, like Gecko) Chrome/46.0.2490.80 Safari/537.36" 992 495
172.249.161.117 - - [01/Nov/2015:19:28:21 -0500] "GET /LMMP/rest/auxmd/create?iPlanetDirectoryPro=AQIC5wM2LY4Sfcw0Yj7SiFUC0hRO1W1pPfDdkwt0vhmikzs%3D%40AAJTSQACMDE%3D%23&mdType=bounding HTTP/1.1" 200 513 "http://pub.lmmp.nasa.gov/LMMPUI/LMMP_CLIENT/LMMP.html" "Mozilla/5.0 (Windows NT 6.1; Win64; x64) AppleWebKit/537.36 (KHTML, like Gecko) Chrome/46.0.2490.80 Safari/537.36" 995 689
172.249.161.117 - - [01/Nov/2015:19:28:21 -0500] "GET /LMMP/rest/auxmd/create?iPlanetDirectoryPro=AQIC5wM2LY4Sfcw0Yj7SiFUC0hRO1W1pPfDdkwt0vhmikzs%3D%40AAJTSQACMDE%3D%23&mdType=polyo HTTP/1.1" 200 38 "http://pub.lmmp.nasa.gov/LMMPUI/LMMP_CLIENT/LMMP.html" "Mozilla/5.0 (Windows NT 6.1; Win64; x64) AppleWebKit/537.36 (KHTML, like Gecko) Chrome/46.0.2490.80 Safari/537.36" 992 213
172.249.161.117 - - [01/Nov/2015:19:28:22 -0500] "GET /LMMP/rest/auxmd/create?iPlanetDirectoryPro=AQIC5wM2LY4Sfcw0Yj7SiFUC0hRO1W1pPfDdkwt0vhmikzs%3D%40AAJTSQACMDE%3D%23&mdType=polyx HTTP/1.1" 200 38 "http://pub.lmmp.nasa.gov/LMMPUI/LMMP_CLIENT/LMMP.html" "Mozilla/5.0 (Windows NT 6.1; Win64; x64) AppleWebKit/537.36 (KHTML, like Gecko) Chrome/46.0.2490.80 Safari/537.36" 992 213
172.249.161.117 - - [01/Nov/2015:19:28:22 -0500] "GET /LMMPUI/LMMP_CLIENT/assets/menu/info.png HTTP/1.1" 200 9601 "http://pub.lmmp.nasa.gov/LMMPUI/LMMP_CLIENT/LMMP.html" "Mozilla/5.0 (Windows NT 6.1; Win64; x64) AppleWebKit/537.36 (KHTML, like Gecko) Chrome/46.0.2490.80 Safari/537.36" 852 9931
172.249.161.117 - - [01/Nov/2015:19:28:22 -0500] "GET /LMMPUI/LMMP_CLIENT/assets/system/complete.png HTTP/1.1" 200 272 "http://pub.lmmp.nasa.gov/LMMPUI/LMMP_CLIENT/LMMP.html" "Mozilla/5.0 (Windows NT 6.1; Win64; x64) AppleWebKit/537.36 (KHTML, like Gecko) Chrome/46.0.2490.80 Safari/537.36" 858 599
172.249.161.117 - - [01/Nov/2015:19:28:22 -0500] "GET /LMMPUI/LMMP_CLIENT/assets/menu/search.png HTTP/1.1" 200 15244 "http://pub.lmmp.nasa.gov/LMMPUI/LMMP_CLIENT/LMMP.html" "Mozilla/5.0 (Windows NT 6.1; Win64; x64) AppleWebKit/537.36 (KHTML, like Gecko) Chrome/46.0.2490.80 Safari/537.36" 854 15575
172.249.161.117 - - [01/Nov/2015:19:28:22 -0500] "GET /LMMPUI/LMMP_CLIENT/assets/menu/layers.png HTTP/1.1" 200 15248 "http://pub.lmmp.nasa.gov/LMMPUI/LMMP_CLIENT/LMMP.html" "Mozilla/5.0 (Windows NT 6.1; Win64; x64) AppleWebKit/537.36 (KHTML, like Gecko) Chrome/46.0.2490.80 Safari/537.36" 854 15579
172.249.161.117 - - [01/Nov/2015:19:28:22 -0500] "GET /LMMPUI/LMMP_CLIENT/assets/menu/fullextent.png HTTP/1.1" 200 15565 "http://pub.lmmp.nasa.gov/LMMPUI/LMMP_CLIENT/LMMP.html" "Mozilla/5.0 (Windows NT 6.1; Win64; x64) AppleWebKit/537.36 (KHTML, like Gecko) Chrome/46.0.2490.80 Safari/537.36" 858 15896
172.249.161.117 - - [01/Nov/2015:19:28:22 -0500] "GET /LMMPUI/LMMP_CLIENT/assets/menu/upload.png HTTP/1.1" 200 11528 "http://pub.lmmp.nasa.gov/LMMPUI/LMMP_CLIENT/LMMP.html" "Mozilla/5.0 (Windows NT 6.1; Win64; x64) AppleWebKit/537.36 (KHTML, like Gecko) Chrome/46.0.2490.80 Safari/537.36" 854 11859
172.249.161.117 - - [01/Nov/2015:19:28:22 -0500] "GET /LMMPUI/LMMP_CLIENT/assets/menu/fullscreen.png HTTP/1.1" 200 6741 "http://pub.lmmp.nasa.gov/LMMPUI/LMMP_CLIENT/LMMP.html" "Mozilla/5.0 (Windows NT 6.1; Win64; x64) AppleWebKit/537.36 (KHTML, like Gecko) Chrome/46.0.2490.80 Safari/537.36" 858 7070
172.249.161.117 - - [01/Nov/2015:19:28:23 -0500] "GET /LMMPUI/LMMP_CLIENT/assets/menu/link.png HTTP/1.1" 200 11578 "http://pub.lmmp.nasa.gov/LMMPUI/LMMP_CLIENT/LMMP.html" "Mozilla/5.0 (Windows NT 6.1; Win64; x64) AppleWebKit/537.36 (KHTML, like Gecko) Chrome/46.0.2490.80 Safari/537.36" 852 11909
172.249.161.117 - - [01/Nov/2015:19:28:23 -0500] "GET /LMMPUI/LMMP_CLIENT/assets/system/i_expand3.png HTTP/1.1" 200 1686 "http://pub.lmmp.nasa.gov/LMMPUI/LMMP_CLIENT/LMMP.html" "Mozilla/5.0 (Windows NT 6.1; Win64; x64) AppleWebKit/537.36 (KHTML, like Gecko) Chrome/46.0.2490.80 Safari/537.36" 859 2015
172.249.161.117 - - [01/Nov/2015:19:28:23 -0500] "GET /LMMPUI/LMMP_CLIENT/assets/system/plus.png HTTP/1.1" 200 1567 "http://pub.lmmp.nasa.gov/LMMPUI/LMMP_CLIENT/LMMP.html" "Mozilla/5.0 (Windows NT 6.1; Win64; x64) AppleWebKit/537.36 (KHTML, like Gecko) Chrome/46.0.2490.80 Safari/537.36" 854 1896
172.249.161.117 - - [01/Nov/2015:19:28:23 -0500] "GET /LMMPUI/LMMP_CLIENT/assets/system/nameSearch.png HTTP/1.1" 200 1475 "http://pub.lmmp.nasa.gov/LMMPUI/LMMP_CLIENT/LMMP.html" "Mozilla/5.0 (Windows NT 6.1; Win64; x64) AppleWebKit/537.36 (KHTML, like Gecko) Chrome/46.0.2490.80 Safari/537.36" 860 1804
172.249.161.117 - - [01/Nov/2015:19:28:23 -0500] "GET /LMMPUI/LMMP_CLIENT/assets/system/w_closeCircle.png HTTP/1.1" 200 1612 "http://pub.lmmp.nasa.gov/LMMPUI/LMMP_CLIENT/LMMP.html" "Mozilla/5.0 (Windows NT 6.1; Win64; x64) AppleWebKit/537.36 (KHTML, like Gecko) Chrome/46.0.2490.80 Safari/537.36" 863 1941
172.249.161.117 - - [01/Nov/2015:19:28:23 -0500] "GET /LMMPUI/LMMP_CLIENT/assets/system/minus.png HTTP/1.1" 200 1277 "http://pub.lmmp.nasa.gov/LMMPUI/LMMP_CLIENT/LMMP.html" "Mozilla/5.0 (Windows NT 6.1; Win64; x64) AppleWebKit/537.36 (KHTML, like Gecko) Chrome/46.0.2490.80 Safari/537.36" 855 1606
172.249.161.117 - - [01/Nov/2015:19:28:23 -0500] "GET /LMMPUI/LMMP_CLIENT/assets/proto/wiki.png HTTP/1.1" 200 13450 "http://pub.lmmp.nasa.gov/LMMPUI/LMMP_CLIENT/LMMP.html" "Mozilla/5.0 (Windows NT 6.1; Win64; x64) AppleWebKit/537.36 (KHTML, like Gecko) Chrome/46.0.2490.80 Safari/537.36" 853 13781
172.249.161.117 - - [01/Nov/2015:19:28:23 -0500] "GET /LMMPUI/LMMP_CLIENT/assets/image/MoonTourLogo.jpg HTTP/1.1" 200 3967 "http://pub.lmmp.nasa.gov/LMMPUI/LMMP_CLIENT/LMMP.html" "Mozilla/5.0 (Windows NT 6.1; Win64; x64) AppleWebKit/537.36 (KHTML, like Gecko) Chrome/46.0.2490.80 Safari/537.36" 861 4297
172.249.161.117 - - [01/Nov/2015:19:28:23 -0500] "GET /LMMPUI/LMMP_CLIENT/assets/proto/survey.png HTTP/1.1" 200 7637 "http://pub.lmmp.nasa.gov/LMMPUI/LMMP_CLIENT/LMMP.html" "Mozilla/5.0 (Windows NT 6.1; Win64; x64) AppleWebKit/537.36 (KHTML, like Gecko) Chrome/46.0.2490.80 Safari/537.36" 855 7966
172.249.161.117 - - [01/Nov/2015:19:28:23 -0500] "GET /LMMPUI/LMMP_CLIENT/assets/image/badge_appstore-lrg.png HTTP/1.1" 200 3394 "http://pub.lmmp.nasa.gov/LMMPUI/LMMP_CLIENT/LMMP.html" "Mozilla/5.0 (Windows NT 6.1; Win64; x64) AppleWebKit/537.36 (KHTML, like Gecko) Chrome/46.0.2490.80 Safari/537.36" 867 3723
172.249.161.117 - - [01/Nov/2015:19:28:23 -0500] "GET /LMMPUI/LMMP_CLIENT/assets/proto/gallery.png HTTP/1.1" 200 18089 "http://pub.lmmp.nasa.gov/LMMPUI/LMMP_CLIENT/LMMP.html" "Mozilla/5.0 (Windows NT 6.1; Win64; x64) AppleWebKit/537.36 (KHTML, like Gecko) Chrome/46.0.2490.80 Safari/537.36" 856 18420
66.249.67.214 - - [01/Nov/2015:19:28:27 -0500] "GET /redmine/issues/gantt?month=10&months=6&year=2352&zoom=4 HTTP/1.1" 200 51151 "-" "Mozilla/5.0 (compatible; Googlebot/2.1; +http://www.google.com/bot.html)" 346 51840
172.249.161.117 - - [01/Nov/2015:19:28:28 -0500] "GET /LMMPUI/LMMP_CLIENT/homepage/data.xml?v=1446424108474 HTTP/1.1" 200 3907 "http://pub.lmmp.nasa.gov/LMMPUI/LMMP_CLIENT/LMMP.html" "Mozilla/5.0 (Windows NT 6.1; Win64; x64) AppleWebKit/537.36 (KHTML, like Gecko) Chrome/46.0.2490.80 Safari/537.36" 865 4243
172.249.161.117 - - [01/Nov/2015:19:28:29 -0500] "GET /LMMPUI/LMMP_CLIENT/assets/proto/gruithuisen.jpg HTTP/1.1" 200 62986 "http://pub.lmmp.nasa.gov/LMMPUI/LMMP_CLIENT/LMMP.html" "Mozilla/5.0 (Windows NT 6.1; Win64; x64) AppleWebKit/537.36 (KHTML, like Gecko) Chrome/46.0.2490.80 Safari/537.36" 860 63318
172.249.161.117 - - [01/Nov/2015:19:28:29 -0500] "GET /LMMPUI/LMMP_CLIENT/assets/proto/mariusHills.jpg HTTP/1.1" 200 61059 "http://pub.lmmp.nasa.gov/LMMPUI/LMMP_CLIENT/LMMP.html" "Mozilla/5.0 (Windows NT 6.1; Win64; x64) AppleWebKit/537.36 (KHTML, like Gecko) Chrome/46.0.2490.80 Safari/537.36" 860 61392
172.249.161.117 - - [01/Nov/2015:19:28:29 -0500] "GET /LMMPUI/LMMP_CLIENT/assets/proto/inaDCaldera.jpg HTTP/1.1" 200 74885 "http://pub.lmmp.nasa.gov/LMMPUI/LMMP_CLIENT/LMMP.html" "Mozilla/5.0 (Windows NT 6.1; Win64; x64) AppleWebKit/537.36 (KHTML, like Gecko) Chrome/46.0.2490.80 Safari/537.36" 860 75218
127.0.0.1 - - [01/Nov/2015:19:28:42 -0500] "GET /opensso/namingservice HTTP/1.1" 200 7 "-" "Java/1.5.0_21" 220 183
127.0.0.1 - - [01/Nov/2015:19:28:43 -0500] "GET /opensso/namingservice HTTP/1.1" 200 7 "-" "Java/1.5.0_21" 220 183
127.0.0.1 - - [01/Nov/2015:19:29:12 -0500] "GET /opensso/namingservice HTTP/1.1" 200 7 "-" "Java/1.5.0_21" 220 183
127.0.0.1 - - [01/Nov/2015:19:29:13 -0500] "GET /opensso/namingservice HTTP/1.1" 200 7 "-" "Java/1.5.0_21" 220 183
127.0.0.1 - - [01/Nov/2015:19:29:42 -0500] "GET /opensso/namingservice HTTP/1.1" 200 7 "-" "Java/1.5.0_21" 220 183
127.0.0.1 - - [01/Nov/2015:19:29:43 -0500] "GET /opensso/namingservice HTTP/1.1" 200 7 "-" "Java/1.5.0_21" 220 183
127.0.0.1 - - [01/Nov/2015:19:30:12 -0500] "GET /opensso/namingservice HTTP/1.1" 200 7 "-" "Java/1.5.0_21" 220 183
127.0.0.1 - - [01/Nov/2015:19:30:13 -0500] "GET /opensso/namingservice HTTP/1.1" 200 7 "-" "Java/1.5.0_21" 220 183
127.0.0.1 - - [01/Nov/2015:19:30:42 -0500] "GET /opensso/namingservice HTTP/1.1" 200 7 "-" "Java/1.5.0_21" 220 183
127.0.0.1 - - [01/Nov/2015:19:30:43 -0500] "GET /opensso/namingservice HTTP/1.1" 200 7 "-" "Java/1.5.0_21" 220 183
137.78.207.218 - - [01/Nov/2015:19:30:59 -0500] "HEAD /LMMPUI/LMMP_CLIENT/LMMP.html HTTP/1.1" 200 - "-" "curl/7.38.0" 110 274
127.0.0.1 - - [01/Nov/2015:19:31:12 -0500] "GET /opensso/namingservice HTTP/1.1" 200 7 "-" "Java/1.5.0_21" 220 183
127.0.0.1 - - [01/Nov/2015:19:31:13 -0500] "GET /opensso/namingservice HTTP/1.1" 200 7 "-" "Java/1.5.0_21" 220 183
127.0.0.1 - - [01/Nov/2015:19:31:42 -0500] "GET /opensso/namingservice HTTP/1.1" 200 7 "-" "Java/1.5.0_21" 220 183
127.0.0.1 - - [01/Nov/2015:19:31:43 -0500] "GET /opensso/namingservice HTTP/1.1" 200 7 "-" "Java/1.5.0_21" 220 183
127.0.0.1 - - [01/Nov/2015:19:32:12 -0500] "GET /opensso/namingservice HTTP/1.1" 200 7 "-" "Java/1.5.0_21" 220 183
127.0.0.1 - - [01/Nov/2015:19:32:13 -0500] "GET /opensso/namingservice HTTP/1.1" 200 7 "-" "Java/1.5.0_21" 220 183
66.249.67.214 - - [01/Nov/2015:19:32:14 -0500] "GET /redmine/issues/gantt?month=12&months=6&year=2871&zoom=2 HTTP/1.1" 200 30894 "-" "Mozilla/5.0 (compatible; Googlebot/2.1; +http://www.google.com/bot.html)" 346 31583
127.0.0.1 - - [01/Nov/2015:19:32:42 -0500] "GET /opensso/namingservice HTTP/1.1" 200 7 "-" "Java/1.5.0_21" 220 183
127.0.0.1 - - [01/Nov/2015:19:32:43 -0500] "GET /opensso/namingservice HTTP/1.1" 200 7 "-" "Java/1.5.0_21" 220 183
127.0.0.1 - - [01/Nov/2015:19:33:12 -0500] "GET /opensso/namingservice HTTP/1.1" 200 7 "-" "Java/1.5.0_21" 220 183
127.0.0.1 - - [01/Nov/2015:19:33:13 -0500] "GET /opensso/namingservice HTTP/1.1" 200 7 "-" "Java/1.5.0_21" 220 183
217.69.133.220 - - [01/Nov/2015:19:33:30 -0500] "GET /robots.txt HTTP/1.0" 404 208 "-" "Mozilla/5.0 (compatible; Linux x86_64; Mail.RU_Bot/2.0; +http://go.mail.ru/help/robots)" 251 416
127.0.0.1 - - [01/Nov/2015:19:33:42 -0500] "GET /opensso/namingservice HTTP/1.1" 200 7 "-" "Java/1.5.0_21" 220 183
217.69.133.224 - - [01/Nov/2015:19:33:42 -0500] "GET /redmine/projects/lmmpwiki/wiki/BrowsingLMMPWithFilters HTTP/1.1" 304 - "-" "Mozilla/5.0 (compatible; Linux x86_64; Mail.RU_Bot/2.0; +http://go.mail.ru/help/robots)" 378 363
127.0.0.1 - - [01/Nov/2015:19:33:43 -0500] "GET /opensso/namingservice HTTP/1.1" 200 7 "-" "Java/1.5.0_21" 220 183
217.69.133.224 - - [01/Nov/2015:19:33:58 -0500] "GET /redmine/activity?from=2014-08-09 HTTP/1.1" 200 5588 "-" "Mozilla/5.0 (compatible; Linux x86_64; Mail.RU_Bot/2.0; +http://go.mail.ru/help/robots)" 356 6113
217.69.133.222 - - [01/Nov/2015:19:34:03 -0500] "GET /redmine/activity?from=2013-03-21&show_news=1 HTTP/1.1" 200 5604 "-" "Mozilla/5.0 (compatible; Linux x86_64; Mail.RU_Bot/2.0; +http://go.mail.ru/help/robots)" 368 6129
217.69.133.225 - - [01/Nov/2015:19:34:08 -0500] "GET /redmine/activity?from=2014-11-09&show_news=1 HTTP/1.1" 200 5604 "-" "Mozilla/5.0 (compatible; Linux x86_64; Mail.RU_Bot/2.0; +http://go.mail.ru/help/robots)" 317 6129
127.0.0.1 - - [01/Nov/2015:19:34:12 -0500] "GET /opensso/namingservice HTTP/1.1" 200 7 "-" "Java/1.5.0_21" 220 183
127.0.0.1 - - [01/Nov/2015:19:34:13 -0500] "GET /opensso/namingservice HTTP/1.1" 200 7 "-" "Java/1.5.0_21" 220 183
127.0.0.1 - - [01/Nov/2015:19:34:42 -0500] "GET /opensso/namingservice HTTP/1.1" 200 7 "-" "Java/1.5.0_21" 220 183
127.0.0.1 - - [01/Nov/2015:19:34:43 -0500] "GET /opensso/namingservice HTTP/1.1" 200 7 "-" "Java/1.5.0_21" 220 183
127.0.0.1 - - [01/Nov/2015:19:35:12 -0500] "GET /opensso/namingservice HTTP/1.1" 200 7 "-" "Java/1.5.0_21" 220 183
127.0.0.1 - - [01/Nov/2015:19:35:13 -0500] "GET /opensso/namingservice HTTP/1.1" 200 7 "-" "Java/1.5.0_21" 220 183
127.0.0.1 - - [01/Nov/2015:19:35:42 -0500] "GET /opensso/namingservice HTTP/1.1" 200 7 "-" "Java/1.5.0_21" 220 183
127.0.0.1 - - [01/Nov/2015:19:35:43 -0500] "GET /opensso/namingservice HTTP/1.1" 200 7 "-" "Java/1.5.0_21" 220 183
137.78.207.218 - - [01/Nov/2015:19:35:59 -0500] "HEAD /LMMPUI/LMMP_CLIENT/LMMP.html HTTP/1.1" 200 - "-" "curl/7.38.0" 110 274
66.249.67.206 - - [01/Nov/2015:19:36:01 -0500] "GET /redmine/issues/gantt?month=7&months=6&year=2303&zoom=4 HTTP/1.1" 200 51371 "-" "Mozilla/5.0 (compatible; Googlebot/2.1; +http://www.google.com/bot.html)" 345 52060
127.0.0.1 - - [01/Nov/2015:19:36:12 -0500] "GET /opensso/namingservice HTTP/1.1" 200 7 "-" "Java/1.5.0_21" 220 183
127.0.0.1 - - [01/Nov/2015:19:36:13 -0500] "GET /opensso/namingservice HTTP/1.1" 200 7 "-" "Java/1.5.0_21" 220 183
127.0.0.1 - - [01/Nov/2015:19:36:42 -0500] "GET /opensso/namingservice HTTP/1.1" 200 7 "-" "Java/1.5.0_21" 220 183
127.0.0.1 - - [01/Nov/2015:19:36:43 -0500] "GET /opensso/namingservice HTTP/1.1" 200 7 "-" "Java/1.5.0_21" 220 183
127.0.0.1 - - [01/Nov/2015:19:37:12 -0500] "GET /opensso/namingservice HTTP/1.1" 200 7 "-" "Java/1.5.0_21" 220 183
127.0.0.1 - - [01/Nov/2015:19:37:13 -0500] "GET /opensso/namingservice HTTP/1.1" 200 7 "-" "Java/1.5.0_21" 220 183
123.125.71.19 - - [01/Nov/2015:19:37:21 -0500] "GET / HTTP/1.1" 302 237 "-" "Mozilla/5.0 (Windows NT 5.1; rv:6.0.2) Gecko/20100101 Firefox/6.0.2" 179 506
123.125.71.12 - - [01/Nov/2015:19:37:25 -0500] "GET /LMMPUI/LMMP_CLIENT/LMMP.html HTTP/1.1" 200 9400 "-" "Mozilla/5.0 (Windows NT 5.1; rv:6.0.2) Gecko/20100101 Firefox/6.0.2" 207 9693
127.0.0.1 - - [01/Nov/2015:19:37:42 -0500] "GET /opensso/namingservice HTTP/1.1" 200 7 "-" "Java/1.5.0_21" 220 183
127.0.0.1 - - [01/Nov/2015:19:37:43 -0500] "GET /opensso/namingservice HTTP/1.1" 200 7 "-" "Java/1.5.0_21" 220 183
127.0.0.1 - - [01/Nov/2015:19:38:12 -0500] "GET /opensso/namingservice HTTP/1.1" 200 7 "-" "Java/1.5.0_21" 220 183
127.0.0.1 - - [01/Nov/2015:19:38:13 -0500] "GET /opensso/namingservice HTTP/1.1" 200 7 "-" "Java/1.5.0_21" 220 183
127.0.0.1 - - [01/Nov/2015:19:38:42 -0500] "GET /opensso/namingservice HTTP/1.1" 200 7 "-" "Java/1.5.0_21" 220 183
127.0.0.1 - - [01/Nov/2015:19:38:43 -0500] "GET /opensso/namingservice HTTP/1.1" 200 7 "-" "Java/1.5.0_21" 220 183
127.0.0.1 - - [01/Nov/2015:19:39:12 -0500] "GET /opensso/namingservice HTTP/1.1" 200 7 "-" "Java/1.5.0_21" 220 183
127.0.0.1 - - [01/Nov/2015:19:39:13 -0500] "GET /opensso/namingservice HTTP/1.1" 200 7 "-" "Java/1.5.0_21" 220 183
127.0.0.1 - - [01/Nov/2015:19:39:42 -0500] "GET /opensso/namingservice HTTP/1.1" 200 7 "-" "Java/1.5.0_21" 220 183
127.0.0.1 - - [01/Nov/2015:19:39:43 -0500] "GET /opensso/namingservice HTTP/1.1" 200 7 "-" "Java/1.5.0_21" 220 183
66.249.67.214 - - [01/Nov/2015:19:39:48 -0500] "GET /redmine/issues/gantt?month=5&months=6&year=1505&zoom=2 HTTP/1.1" 200 30901 "-" "Mozilla/5.0 (compatible; Googlebot/2.1; +http://www.google.com/bot.html)" 345 31590
127.0.0.1 - - [01/Nov/2015:19:40:12 -0500] "GET /opensso/namingservice HTTP/1.1" 200 7 "-" "Java/1.5.0_21" 220 183
127.0.0.1 - - [01/Nov/2015:19:40:13 -0500] "GET /opensso/namingservice HTTP/1.1" 200 7 "-" "Java/1.5.0_21" 220 183
127.0.0.1 - - [01/Nov/2015:19:40:42 -0500] "GET /opensso/namingservice HTTP/1.1" 200 7 "-" "Java/1.5.0_21" 220 183
127.0.0.1 - - [01/Nov/2015:19:40:43 -0500] "GET /opensso/namingservice HTTP/1.1" 200 7 "-" "Java/1.5.0_21" 220 183
137.78.207.218 - - [01/Nov/2015:19:40:59 -0500] "HEAD /LMMPUI/LMMP_CLIENT/LMMP.html HTTP/1.1" 200 - "-" "curl/7.38.0" 110 274
127.0.0.1 - - [01/Nov/2015:19:41:12 -0500] "GET /opensso/namingservice HTTP/1.1" 200 7 "-" "Java/1.5.0_21" 220 183
127.0.0.1 - - [01/Nov/2015:19:41:13 -0500] "GET /opensso/namingservice HTTP/1.1" 200 7 "-" "Java/1.5.0_21" 220 183
93.174.93.218 - - [01/Nov/2015:19:41:19 -0500] "GET http://httpheader.net HTTP/1.1" 302 234 "-" "Mozilla/5.0 (Windows; U; Windows NT 6.1; en-US; rv:1.9.2.28) Gecko/20120306 Firefox/3.6.28 (.NET CLR 3.5.30729)" 444 481
93.174.93.218 - - [01/Nov/2015:19:41:20 -0500] "GET http://httpheader.net/LMMPUI/LMMP_CLIENT/LMMP.html HTTP/1.1" 200 9400 "http://httpheader.net" "Mozilla/5.0 (Windows; U; Windows NT 6.1; en-US; rv:1.9.2.28) Gecko/20120306 Firefox/3.6.28 (.NET CLR 3.5.30729)" 505 9674
127.0.0.1 - - [01/Nov/2015:19:41:42 -0500] "GET /opensso/namingservice HTTP/1.1" 200 7 "-" "Java/1.5.0_21" 220 183
127.0.0.1 - - [01/Nov/2015:19:41:43 -0500] "GET /opensso/namingservice HTTP/1.1" 200 7 "-" "Java/1.5.0_21" 220 183
127.0.0.1 - - [01/Nov/2015:19:42:12 -0500] "GET /opensso/namingservice HTTP/1.1" 200 7 "-" "Java/1.5.0_21" 220 183
127.0.0.1 - - [01/Nov/2015:19:42:13 -0500] "GET /opensso/namingservice HTTP/1.1" 200 7 "-" "Java/1.5.0_21" 220 183
127.0.0.1 - - [01/Nov/2015:19:42:42 -0500] "GET /opensso/namingservice HTTP/1.1" 200 7 "-" "Java/1.5.0_21" 220 183
127.0.0.1 - - [01/Nov/2015:19:42:43 -0500] "GET /opensso/namingservice HTTP/1.1" 200 7 "-" "Java/1.5.0_21" 220 183
127.0.0.1 - - [01/Nov/2015:19:43:12 -0500] "GET /opensso/namingservice HTTP/1.1" 200 7 "-" "Java/1.5.0_21" 220 183
127.0.0.1 - - [01/Nov/2015:19:43:13 -0500] "GET /opensso/namingservice HTTP/1.1" 200 7 "-" "Java/1.5.0_21" 220 183
66.249.67.198 - - [01/Nov/2015:19:43:35 -0500] "GET /redmine/issues/gantt?month=6&months=6&year=1520&zoom=4 HTTP/1.1" 200 51261 "-" "Mozilla/5.0 (compatible; Googlebot/2.1; +http://www.google.com/bot.html)" 345 51951
127.0.0.1 - - [01/Nov/2015:19:43:42 -0500] "GET /opensso/namingservice HTTP/1.1" 200 7 "-" "Java/1.5.0_21" 220 183
127.0.0.1 - - [01/Nov/2015:19:43:43 -0500] "GET /opensso/namingservice HTTP/1.1" 200 7 "-" "Java/1.5.0_21" 220 183
220.181.108.90 - - [01/Nov/2015:19:43:53 -0500] "GET / HTTP/1.1" 302 237 "-" "Mozilla/5.0 (Windows NT 5.1; rv:6.0.2) Gecko/20100101 Firefox/6.0.2" 179 506
220.181.108.99 - - [01/Nov/2015:19:43:54 -0500] "GET /LMMPUI/LMMP_CLIENT/LMMP.html HTTP/1.1" 200 9400 "-" "Mozilla/5.0 (Windows NT 5.1; rv:6.0.2) Gecko/20100101 Firefox/6.0.2" 207 9693
127.0.0.1 - - [01/Nov/2015:19:44:12 -0500] "GET /opensso/namingservice HTTP/1.1" 200 7 "-" "Java/1.5.0_21" 220 183
127.0.0.1 - - [01/Nov/2015:19:44:13 -0500] "GET /opensso/namingservice HTTP/1.1" 200 7 "-" "Java/1.5.0_21" 220 183
24.145.141.196 - - [01/Nov/2015:19:44:31 -0500] "GET /favicon.ico HTTP/1.1" 404 209 "-" "Mozilla/5.0 (Windows NT 10.0; WOW64; rv:41.0) Gecko/20100101 Firefox/41.0" 943 454
24.145.141.196 - - [01/Nov/2015:19:44:32 -0500] "GET /favicon.ico HTTP/1.1" 404 209 "-" "Mozilla/5.0 (Windows NT 10.0; WOW64; rv:41.0) Gecko/20100101 Firefox/41.0" 943 453
127.0.0.1 - - [01/Nov/2015:19:44:42 -0500] "GET /opensso/namingservice HTTP/1.1" 200 7 "-" "Java/1.5.0_21" 220 183
127.0.0.1 - - [01/Nov/2015:19:44:43 -0500] "GET /opensso/namingservice HTTP/1.1" 200 7 "-" "Java/1.5.0_21" 220 183
127.0.0.1 - - [01/Nov/2015:19:45:12 -0500] "GET /opensso/namingservice HTTP/1.1" 200 7 "-" "Java/1.5.0_21" 220 183
127.0.0.1 - - [01/Nov/2015:19:45:13 -0500] "GET /opensso/namingservice HTTP/1.1" 200 7 "-" "Java/1.5.0_21" 220 183
127.0.0.1 - - [01/Nov/2015:19:45:42 -0500] "GET /opensso/namingservice HTTP/1.1" 200 7 "-" "Java/1.5.0_21" 220 183
127.0.0.1 - - [01/Nov/2015:19:45:43 -0500] "GET /opensso/namingservice HTTP/1.1" 200 7 "-" "Java/1.5.0_21" 220 183
137.78.207.218 - - [01/Nov/2015:19:45:59 -0500] "HEAD /LMMPUI/LMMP_CLIENT/LMMP.html HTTP/1.1" 200 - "-" "curl/7.38.0" 110 274
127.0.0.1 - - [01/Nov/2015:19:46:12 -0500] "GET /opensso/namingservice HTTP/1.1" 200 7 "-" "Java/1.5.0_21" 220 183
127.0.0.1 - - [01/Nov/2015:19:46:13 -0500] "GET /opensso/namingservice HTTP/1.1" 200 7 "-" "Java/1.5.0_21" 220 183
127.0.0.1 - - [01/Nov/2015:19:46:42 -0500] "GET /opensso/namingservice HTTP/1.1" 200 7 "-" "Java/1.5.0_21" 220 183
127.0.0.1 - - [01/Nov/2015:19:46:43 -0500] "GET /opensso/namingservice HTTP/1.1" 200 7 "-" "Java/1.5.0_21" 220 183
207.46.13.113 - - [01/Nov/2015:19:47:03 -0500] "GET /robots.txt HTTP/1.1" 404 208 "-" "Mozilla/5.0 (compatible; bingbot/2.0; +http://www.bing.com/bingbot.htm)" 269 453
127.0.0.1 - - [01/Nov/2015:19:47:12 -0500] "GET /opensso/namingservice HTTP/1.1" 200 7 "-" "Java/1.5.0_21" 220 183
127.0.0.1 - - [01/Nov/2015:19:47:13 -0500] "GET /opensso/namingservice HTTP/1.1" 200 7 "-" "Java/1.5.0_21" 220 183
66.249.67.206 - - [01/Nov/2015:19:47:22 -0500] "GET /redmine/issues/gantt?month=3&months=6&year=1518&zoom=4 HTTP/1.1" 200 51369 "-" "Mozilla/5.0 (compatible; Googlebot/2.1; +http://www.google.com/bot.html)" 345 52059
127.0.0.1 - - [01/Nov/2015:19:47:42 -0500] "GET /opensso/namingservice HTTP/1.1" 200 7 "-" "Java/1.5.0_21" 220 183
127.0.0.1 - - [01/Nov/2015:19:47:43 -0500] "GET /opensso/namingservice HTTP/1.1" 200 7 "-" "Java/1.5.0_21" 220 183
127.0.0.1 - - [01/Nov/2015:19:48:12 -0500] "GET /opensso/namingservice HTTP/1.1" 200 7 "-" "Java/1.5.0_21" 220 183
127.0.0.1 - - [01/Nov/2015:19:48:13 -0500] "GET /opensso/namingservice HTTP/1.1" 200 7 "-" "Java/1.5.0_21" 220 183
127.0.0.1 - - [01/Nov/2015:19:48:42 -0500] "GET /opensso/namingservice HTTP/1.1" 200 7 "-" "Java/1.5.0_21" 220 183
127.0.0.1 - - [01/Nov/2015:19:48:43 -0500] "GET /opensso/namingservice HTTP/1.1" 200 7 "-" "Java/1.5.0_21" 220 183
127.0.0.1 - - [01/Nov/2015:19:49:12 -0500] "GET /opensso/namingservice HTTP/1.1" 200 7 "-" "Java/1.5.0_21" 220 183
127.0.0.1 - - [01/Nov/2015:19:49:13 -0500] "GET /opensso/namingservice HTTP/1.1" 200 7 "-" "Java/1.5.0_21" 220 183
127.0.0.1 - - [01/Nov/2015:19:49:42 -0500] "GET /opensso/namingservice HTTP/1.1" 200 7 "-" "Java/1.5.0_21" 220 183
127.0.0.1 - - [01/Nov/2015:19:49:43 -0500] "GET /opensso/namingservice HTTP/1.1" 200 7 "-" "Java/1.5.0_21" 220 183
127.0.0.1 - - [01/Nov/2015:19:50:12 -0500] "GET /opensso/namingservice HTTP/1.1" 200 7 "-" "Java/1.5.0_21" 220 183
127.0.0.1 - - [01/Nov/2015:19:50:13 -0500] "GET /opensso/namingservice HTTP/1.1" 200 7 "-" "Java/1.5.0_21" 220 183
66.249.67.198 - - [01/Nov/2015:19:50:38 -0500] "GET /LMMPUI/LMMP_CLIENT/LMMP.html HTTP/1.1" 200 9400 "-" "Mozilla/5.0 (compatible; Googlebot/2.1; +http://www.google.com/bot.html)" 319 9730
127.0.0.1 - - [01/Nov/2015:19:50:42 -0500] "GET /opensso/namingservice HTTP/1.1" 200 7 "-" "Java/1.5.0_21" 220 183
127.0.0.1 - - [01/Nov/2015:19:50:43 -0500] "GET /opensso/namingservice HTTP/1.1" 200 7 "-" "Java/1.5.0_21" 220 183
137.78.207.218 - - [01/Nov/2015:19:50:59 -0500] "HEAD /LMMPUI/LMMP_CLIENT/LMMP.html HTTP/1.1" 200 - "-" "curl/7.38.0" 110 274
66.249.67.198 - - [01/Nov/2015:19:51:09 -0500] "GET /redmine/issues/gantt?month=10&months=6&year=1918&zoom=3 HTTP/1.1" 200 51213 "-" "Mozilla/5.0 (compatible; Googlebot/2.1; +http://www.google.com/bot.html)" 346 51902
127.0.0.1 - - [01/Nov/2015:19:51:12 -0500] "GET /opensso/namingservice HTTP/1.1" 200 7 "-" "Java/1.5.0_21" 220 183
127.0.0.1 - - [01/Nov/2015:19:51:13 -0500] "GET /opensso/namingservice HTTP/1.1" 200 7 "-" "Java/1.5.0_21" 220 183
127.0.0.1 - - [01/Nov/2015:19:51:42 -0500] "GET /opensso/namingservice HTTP/1.1" 200 7 "-" "Java/1.5.0_21" 220 183
127.0.0.1 - - [01/Nov/2015:19:51:43 -0500] "GET /opensso/namingservice HTTP/1.1" 200 7 "-" "Java/1.5.0_21" 220 183
127.0.0.1 - - [01/Nov/2015:19:52:12 -0500] "GET /opensso/namingservice HTTP/1.1" 200 7 "-" "Java/1.5.0_21" 220 183
127.0.0.1 - - [01/Nov/2015:19:52:13 -0500] "GET /opensso/namingservice HTTP/1.1" 200 7 "-" "Java/1.5.0_21" 220 183
127.0.0.1 - - [01/Nov/2015:19:52:42 -0500] "GET /opensso/namingservice HTTP/1.1" 200 7 "-" "Java/1.5.0_21" 220 183
127.0.0.1 - - [01/Nov/2015:19:52:43 -0500] "GET /opensso/namingservice HTTP/1.1" 200 7 "-" "Java/1.5.0_21" 220 183
127.0.0.1 - - [01/Nov/2015:19:53:12 -0500] "GET /opensso/namingservice HTTP/1.1" 200 7 "-" "Java/1.5.0_21" 220 183
127.0.0.1 - - [01/Nov/2015:19:53:13 -0500] "GET /opensso/namingservice HTTP/1.1" 200 7 "-" "Java/1.5.0_21" 220 183
127.0.0.1 - - [01/Nov/2015:19:53:42 -0500] "GET /opensso/namingservice HTTP/1.1" 200 7 "-" "Java/1.5.0_21" 220 183
127.0.0.1 - - [01/Nov/2015:19:53:43 -0500] "GET /opensso/namingservice HTTP/1.1" 200 7 "-" "Java/1.5.0_21" 220 183
127.0.0.1 - - [01/Nov/2015:19:54:12 -0500] "GET /opensso/namingservice HTTP/1.1" 200 7 "-" "Java/1.5.0_21" 220 183
127.0.0.1 - - [01/Nov/2015:19:54:13 -0500] "GET /opensso/namingservice HTTP/1.1" 200 7 "-" "Java/1.5.0_21" 220 183
127.0.0.1 - - [01/Nov/2015:19:54:42 -0500] "GET /opensso/namingservice HTTP/1.1" 200 7 "-" "Java/1.5.0_21" 220 183
127.0.0.1 - - [01/Nov/2015:19:54:43 -0500] "GET /opensso/namingservice HTTP/1.1" 200 7 "-" "Java/1.5.0_21" 220 183
66.249.67.214 - - [01/Nov/2015:19:54:56 -0500] "GET /redmine/issues/gantt?month=11&months=6&year=2077&zoom=2 HTTP/1.1" 200 30810 "-" "Mozilla/5.0 (compatible; Googlebot/2.1; +http://www.google.com/bot.html)" 346 31499
127.0.0.1 - - [01/Nov/2015:19:55:12 -0500] "GET /opensso/namingservice HTTP/1.1" 200 7 "-" "Java/1.5.0_21" 220 183
127.0.0.1 - - [01/Nov/2015:19:55:13 -0500] "GET /opensso/namingservice HTTP/1.1" 200 7 "-" "Java/1.5.0_21" 220 183
127.0.0.1 - - [01/Nov/2015:19:55:42 -0500] "GET /opensso/namingservice HTTP/1.1" 200 7 "-" "Java/1.5.0_21" 220 183
127.0.0.1 - - [01/Nov/2015:19:55:43 -0500] "GET /opensso/namingservice HTTP/1.1" 200 7 "-" "Java/1.5.0_21" 220 183
137.78.207.218 - - [01/Nov/2015:19:55:59 -0500] "HEAD /LMMPUI/LMMP_CLIENT/LMMP.html HTTP/1.1" 200 - "-" "curl/7.38.0" 110 274
127.0.0.1 - - [01/Nov/2015:19:56:12 -0500] "GET /opensso/namingservice HTTP/1.1" 200 7 "-" "Java/1.5.0_21" 220 183
127.0.0.1 - - [01/Nov/2015:19:56:13 -0500] "GET /opensso/namingservice HTTP/1.1" 200 7 "-" "Java/1.5.0_21" 220 183
127.0.0.1 - - [01/Nov/2015:19:56:42 -0500] "GET /opensso/namingservice HTTP/1.1" 200 7 "-" "Java/1.5.0_21" 220 183
127.0.0.1 - - [01/Nov/2015:19:56:43 -0500] "GET /opensso/namingservice HTTP/1.1" 200 7 "-" "Java/1.5.0_21" 220 183
127.0.0.1 - - [01/Nov/2015:19:57:12 -0500] "GET /opensso/namingservice HTTP/1.1" 200 7 "-" "Java/1.5.0_21" 220 183
127.0.0.1 - - [01/Nov/2015:19:57:13 -0500] "GET /opensso/namingservice HTTP/1.1" 200 7 "-" "Java/1.5.0_21" 220 183
127.0.0.1 - - [01/Nov/2015:19:57:42 -0500] "GET /opensso/namingservice HTTP/1.1" 200 7 "-" "Java/1.5.0_21" 220 183
127.0.0.1 - - [01/Nov/2015:19:57:43 -0500] "GET /opensso/namingservice HTTP/1.1" 200 7 "-" "Java/1.5.0_21" 220 183
127.0.0.1 - - [01/Nov/2015:19:58:12 -0500] "GET /opensso/namingservice HTTP/1.1" 200 7 "-" "Java/1.5.0_21" 220 183
127.0.0.1 - - [01/Nov/2015:19:58:13 -0500] "GET /opensso/namingservice HTTP/1.1" 200 7 "-" "Java/1.5.0_21" 220 183
127.0.0.1 - - [01/Nov/2015:19:58:42 -0500] "GET /opensso/namingservice HTTP/1.1" 200 7 "-" "Java/1.5.0_21" 220 183
127.0.0.1 - - [01/Nov/2015:19:58:43 -0500] "GET /opensso/namingservice HTTP/1.1" 200 7 "-" "Java/1.5.0_21" 220 183
66.249.67.206 - - [01/Nov/2015:19:58:43 -0500] "GET /redmine/issues/gantt?month=7&months=6&year=2476&zoom=1 HTTP/1.1" 200 27583 "-" "Mozilla/5.0 (compatible; Googlebot/2.1; +http://www.google.com/bot.html)" 345 28272
127.0.0.1 - - [01/Nov/2015:19:59:12 -0500] "GET /opensso/namingservice HTTP/1.1" 200 7 "-" "Java/1.5.0_21" 220 183
127.0.0.1 - - [01/Nov/2015:19:59:13 -0500] "GET /opensso/namingservice HTTP/1.1" 200 7 "-" "Java/1.5.0_21" 220 183
127.0.0.1 - - [01/Nov/2015:19:59:42 -0500] "GET /opensso/namingservice HTTP/1.1" 200 7 "-" "Java/1.5.0_21" 220 183
127.0.0.1 - - [01/Nov/2015:19:59:43 -0500] "GET /opensso/namingservice HTTP/1.1" 200 7 "-" "Java/1.5.0_21" 220 183
127.0.0.1 - - [01/Nov/2015:20:00:12 -0500] "GET /opensso/namingservice HTTP/1.1" 200 7 "-" "Java/1.5.0_21" 220 183
127.0.0.1 - - [01/Nov/2015:20:00:13 -0500] "GET /opensso/namingservice HTTP/1.1" 200 7 "-" "Java/1.5.0_21" 220 183
127.0.0.1 - - [01/Nov/2015:20:00:42 -0500] "GET /opensso/namingservice HTTP/1.1" 200 7 "-" "Java/1.5.0_21" 220 183
127.0.0.1 - - [01/Nov/2015:20:00:43 -0500] "GET /opensso/namingservice HTTP/1.1" 200 7 "-" "Java/1.5.0_21" 220 183
137.78.207.218 - - [01/Nov/2015:20:00:59 -0500] "HEAD /LMMPUI/LMMP_CLIENT/LMMP.html HTTP/1.1" 200 - "-" "curl/7.38.0" 110 274
46.227.151.73 - - [01/Nov/2015:20:01:07 -0500] "GET /lmmpmobile/config-1.0.json HTTP/1.1" 200 1338 "-" "Moon%20Tours/1.0.0 CFNetwork/758.1.6 Darwin/15.0.0" 217 1666
46.227.151.73 - - [01/Nov/2015:20:01:07 -0500] "GET /opensso/identity/isTokenValid HTTP/1.1" 200 14 "-" "Moon%20Tours/1.0.0 CFNetwork/758.1.6 Darwin/15.0.0" 229 171
46.227.151.73 - - [01/Nov/2015:20:01:07 -0500] "GET /opensso/UI/Login?module=Anonymous&org=appspub&goto=http%3A%2F%2Fpub.lmmp.nasa.gov%2Flmmpmobile%2Frefresh HTTP/1.1" 302 - "-" "Moon%20Tours/1.0.0 CFNetwork/758.1.6 Darwin/15.0.0" 304 932
46.227.151.73 - - [01/Nov/2015:20:01:07 -0500] "GET /lmmpmobile/refresh?iPlanetDirectoryPro=AQIC5wM2LY4SfczRfuW%2F2C7VeWW2ketoNH9G4XBxWMpM9uo%3D%40AAJTSQACMDE%3D%23 HTTP/1.1" 200 - "-" "Moon%20Tours/1.0.0 CFNetwork/758.1.6 Darwin/15.0.0" 420 316
46.227.151.73 - - [01/Nov/2015:20:01:09 -0500] "GET /lmmpmobile/bookmarks-1.0.2.json HTTP/1.1" 200 11401 "-" "Moon%20Tours/1.0.0 CFNetwork/758.1.6 Darwin/15.0.0" 331 11730
46.227.151.73 - - [01/Nov/2015:20:01:09 -0500] "GET /lmmpmobile/pages/about-1.0.2.html HTTP/1.1" 200 2716 "-" "Moon%20Tours/1.0.0 CFNetwork/758.1.6 Darwin/15.0.0" 333 3037
46.227.151.73 - - [01/Nov/2015:20:01:09 -0500] "GET /lmmpmobile/pages/glossary-1.0.2.html HTTP/1.1" 200 4306 "-" "Moon%20Tours/1.0.0 CFNetwork/758.1.6 Darwin/15.0.0" 336 4628
46.227.151.73 - - [01/Nov/2015:20:01:09 -0500] "GET /lmmpmobile/pages/help-1.0.2.html HTTP/1.1" 200 6781 "-" "Moon%20Tours/1.0.0 CFNetwork/758.1.6 Darwin/15.0.0" 332 7103
127.0.0.1 - - [01/Nov/2015:20:01:12 -0500] "GET /opensso/namingservice HTTP/1.1" 200 7 "-" "Java/1.5.0_21" 220 183
127.0.0.1 - - [01/Nov/2015:20:01:13 -0500] "GET /opensso/namingservice HTTP/1.1" 200 7 "-" "Java/1.5.0_21" 220 183
46.227.151.73 - - [01/Nov/2015:20:01:11 -0500] "GET /arcgis/rest/services/CombinedNomenclature/MapServer?f=json HTTP/1.1" 200 810 "arcgisios" "ArcGISiOS-2.3.2/9.1/iPad4,2" 364 1105
46.227.151.73 - - [01/Nov/2015:20:01:11 -0500] "GET /arcgis/rest/services/ERGraticule/MapServer?f=json HTTP/1.1" 200 701 "arcgisios" "ArcGISiOS-2.3.2/9.1/iPad4,2" 355 996
46.227.151.73 - - [01/Nov/2015:20:01:36 -0500] "GET /lmmpmobile/pages/assets/NASA_logo.png HTTP/1.1" 200 17149 "-" "Mozilla/5.0 (iPad; CPU OS 9_1 like Mac OS X) AppleWebKit/601.1.46 (KHTML, like Gecko) Mobile/13B143" 395 17472
127.0.0.1 - - [01/Nov/2015:20:01:42 -0500] "GET /opensso/namingservice HTTP/1.1" 200 7 "-" "Java/1.5.0_21" 220 183
127.0.0.1 - - [01/Nov/2015:20:01:43 -0500] "GET /opensso/namingservice HTTP/1.1" 200 7 "-" "Java/1.5.0_21" 220 183
66.249.67.214 - - [01/Nov/2015:20:01:58 -0500] "GET /redmine/issues/gantt?month=10&months=6&year=2377&zoom=3 HTTP/1.1" 200 51214 "-" "Mozilla/5.0 (compatible; Googlebot/2.1; +http://www.google.com/bot.html)" 346 51903
46.227.151.73 - - [01/Nov/2015:20:02:05 -0500] "GET /lmmpmobile/pages/assets/help-toptoolbar.png HTTP/1.1" 200 24463 "-" "Mozilla/5.0 (iPad; CPU OS 9_1 like Mac OS X) AppleWebKit/601.1.46 (KHTML, like Gecko) Mobile/13B143" 401 24786
46.227.151.73 - - [01/Nov/2015:20:02:05 -0500] "GET /lmmpmobile/pages/assets/help-searchresult.png HTTP/1.1" 200 80323 "-" "Mozilla/5.0 (iPad; CPU OS 9_1 like Mac OS X) AppleWebKit/601.1.46 (KHTML, like Gecko) Mobile/13B143" 403 80647
46.227.151.73 - - [01/Nov/2015:20:02:05 -0500] "GET /lmmpmobile/pages/assets/help-bottomtoolbar.png HTTP/1.1" 200 85618 "-" "Mozilla/5.0 (iPad; CPU OS 9_1 like Mac OS X) AppleWebKit/601.1.46 (KHTML, like Gecko) Mobile/13B143" 404 85942
46.227.151.73 - - [01/Nov/2015:20:02:05 -0500] "GET /lmmpmobile/pages/assets/help-thumbnail.png HTTP/1.1" 200 73927 "-" "Mozilla/5.0 (iPad; CPU OS 9_1 like Mac OS X) AppleWebKit/601.1.46 (KHTML, like Gecko) Mobile/13B143" 400 74251
46.227.151.73 - - [01/Nov/2015:20:02:05 -0500] "GET /lmmpmobile/pages/assets/help-layersort.png HTTP/1.1" 200 54319 "-" "Mozilla/5.0 (iPad; CPU OS 9_1 like Mac OS X) AppleWebKit/601.1.46 (KHTML, like Gecko) Mobile/13B143" 400 54641
46.227.151.73 - - [01/Nov/2015:20:02:05 -0500] "GET /lmmpmobile/pages/assets/help-stack.png HTTP/1.1" 200 152486 "-" "Mozilla/5.0 (iPad; CPU OS 9_1 like Mac OS X) AppleWebKit/601.1.46 (KHTML, like Gecko) Mobile/13B143" 396 152811
46.227.151.73 - - [01/Nov/2015:20:02:05 -0500] "GET /lmmpmobile/pages/assets/help-loupedistance.png HTTP/1.1" 200 202527 "-" "Mozilla/5.0 (iPad; CPU OS 9_1 like Mac OS X) AppleWebKit/601.1.46 (KHTML, like Gecko) Mobile/13B143" 404 202852
