127.0.0.1 - - [24/Oct/2015:22:17:43 -0400] "GET /opensso/namingservice HTTP/1.1" 200 7 "-" "Java/1.5.0_21" 220 183
127.0.0.1 - - [24/Oct/2015:22:18:12 -0400] "GET /opensso/namingservice HTTP/1.1" 200 7 "-" "Java/1.5.0_21" 220 183
127.0.0.1 - - [24/Oct/2015:22:18:13 -0400] "GET /opensso/namingservice HTTP/1.1" 200 7 "-" "Java/1.5.0_21" 220 183
127.0.0.1 - - [24/Oct/2015:22:18:42 -0400] "GET /opensso/namingservice HTTP/1.1" 200 7 "-" "Java/1.5.0_21" 220 183
127.0.0.1 - - [24/Oct/2015:22:18:43 -0400] "GET /opensso/namingservice HTTP/1.1" 200 7 "-" "Java/1.5.0_21" 220 183
127.0.0.1 - - [24/Oct/2015:22:19:12 -0400] "GET /opensso/namingservice HTTP/1.1" 200 7 "-" "Java/1.5.0_21" 220 183
127.0.0.1 - - [24/Oct/2015:22:19:13 -0400] "GET /opensso/namingservice HTTP/1.1" 200 7 "-" "Java/1.5.0_21" 220 183
182.250.253.200 - - [24/Oct/2015:22:19:29 -0400] "GET /opensso/identity/isTokenValid HTTP/1.1" 200 13 "-" "Moon%20Tours/1.0.0 CFNetwork/758.0.2 Darwin/15.0.0" 338 171
127.0.0.1 - - [24/Oct/2015:22:19:42 -0400] "GET /opensso/namingservice HTTP/1.1" 200 7 "-" "Java/1.5.0_21" 220 183
127.0.0.1 - - [24/Oct/2015:22:19:43 -0400] "GET /opensso/namingservice HTTP/1.1" 200 7 "-" "Java/1.5.0_21" 220 183
127.0.0.1 - - [24/Oct/2015:22:20:12 -0400] "GET /opensso/namingservice HTTP/1.1" 200 7 "-" "Java/1.5.0_21" 220 183
127.0.0.1 - - [24/Oct/2015:22:20:13 -0400] "GET /opensso/namingservice HTTP/1.1" 200 7 "-" "Java/1.5.0_21" 220 183
127.0.0.1 - - [24/Oct/2015:22:20:42 -0400] "GET /opensso/namingservice HTTP/1.1" 200 7 "-" "Java/1.5.0_21" 220 183
127.0.0.1 - - [24/Oct/2015:22:20:43 -0400] "GET /opensso/namingservice HTTP/1.1" 200 7 "-" "Java/1.5.0_21" 220 183
137.78.207.218 - - [24/Oct/2015:22:20:51 -0400] "HEAD /LMMPUI/LMMP_CLIENT/LMMP.html HTTP/1.1" 200 - "-" "curl/7.38.0" 110 274
127.0.0.1 - - [24/Oct/2015:22:21:12 -0400] "GET /opensso/namingservice HTTP/1.1" 200 7 "-" "Java/1.5.0_21" 220 183
127.0.0.1 - - [24/Oct/2015:22:21:13 -0400] "GET /opensso/namingservice HTTP/1.1" 200 7 "-" "Java/1.5.0_21" 220 183
77.66.60.74 - - [24/Oct/2015:22:21:14 -0400] "GET /LMMPUI/LMMP_CLIENT/LMMP.html HTTP/1.0" 200 9400 "-" "GigablastOpenSource/1.0" 140 9693
77.66.60.74 - - [24/Oct/2015:22:21:15 -0400] "GET /robots.txt HTTP/1.0" 404 208 "-" "GigablastOpenSource/1.0" 122 416
77.66.60.74 - - [24/Oct/2015:22:21:15 -0400] "GET /LMMPUI/LMMP_CLIENT/LMMP.html HTTP/1.0" 200 9400 "-" "GigablastOpenSource/1.0" 140 9693
127.0.0.1 - - [24/Oct/2015:22:21:42 -0400] "GET /opensso/namingservice HTTP/1.1" 200 7 "-" "Java/1.5.0_21" 220 183
127.0.0.1 - - [24/Oct/2015:22:21:43 -0400] "GET /opensso/namingservice HTTP/1.1" 200 7 "-" "Java/1.5.0_21" 220 183
127.0.0.1 - - [24/Oct/2015:22:22:12 -0400] "GET /opensso/namingservice HTTP/1.1" 200 7 "-" "Java/1.5.0_21" 220 183
127.0.0.1 - - [24/Oct/2015:22:22:13 -0400] "GET /opensso/namingservice HTTP/1.1" 200 7 "-" "Java/1.5.0_21" 220 183
127.0.0.1 - - [24/Oct/2015:22:22:42 -0400] "GET /opensso/namingservice HTTP/1.1" 200 7 "-" "Java/1.5.0_21" 220 183
127.0.0.1 - - [24/Oct/2015:22:22:43 -0400] "GET /opensso/namingservice HTTP/1.1" 200 7 "-" "Java/1.5.0_21" 220 183
127.0.0.1 - - [24/Oct/2015:22:23:12 -0400] "GET /opensso/namingservice HTTP/1.1" 200 7 "-" "Java/1.5.0_21" 220 183
127.0.0.1 - - [24/Oct/2015:22:23:13 -0400] "GET /opensso/namingservice HTTP/1.1" 200 7 "-" "Java/1.5.0_21" 220 183
127.0.0.1 - - [24/Oct/2015:22:23:42 -0400] "GET /opensso/namingservice HTTP/1.1" 200 7 "-" "Java/1.5.0_21" 220 183
127.0.0.1 - - [24/Oct/2015:22:23:43 -0400] "GET /opensso/namingservice HTTP/1.1" 200 7 "-" "Java/1.5.0_21" 220 183
127.0.0.1 - - [24/Oct/2015:22:24:12 -0400] "GET /opensso/namingservice HTTP/1.1" 200 7 "-" "Java/1.5.0_21" 220 183
127.0.0.1 - - [24/Oct/2015:22:24:13 -0400] "GET /opensso/namingservice HTTP/1.1" 200 7 "-" "Java/1.5.0_21" 220 183
127.0.0.1 - - [24/Oct/2015:22:24:42 -0400] "POST /opensso/sessionservice HTTP/1.1" 200 2025 "-" "Java/1.5.0_21" 714 2203
127.0.0.1 - - [24/Oct/2015:22:24:42 -0400] "GET /opensso/identity//xml/read?name=TomcatApps1&attributes_names=realm&attributes_values_realm=%2Fappspub&attributes_names=objecttype&attributes_values_objecttype=Agent&admin=AQIC5wM2LY4SfcyRautyD4RKpwbzv6XrE24fIq8LDPQGnm0%3D%40AAJTSQACMDE%3D%23 HTTP/1.1" 200 13607 "-" "Java/1.5.0_21" 440 13791
127.0.0.1 - - [24/Oct/2015:22:24:42 -0400] "GET /opensso/namingservice HTTP/1.1" 200 7 "-" "Java/1.5.0_21" 220 182
127.0.0.1 - - [24/Oct/2015:22:24:43 -0400] "GET /opensso/namingservice HTTP/1.1" 200 7 "-" "Java/1.5.0_21" 220 183
66.249.65.129 - - [24/Oct/2015:22:24:55 -0400] "GET /redmine/projects/lmmpwiki/activity?from=1999-01-08 HTTP/1.1" 200 4829 "-" "Mozilla/5.0 (compatible; Googlebot/2.1; +http://www.google.com/bot.html)" 341 5391
127.0.0.1 - - [24/Oct/2015:22:25:12 -0400] "GET /opensso/namingservice HTTP/1.1" 200 7 "-" "Java/1.5.0_21" 220 183
127.0.0.1 - - [24/Oct/2015:22:25:13 -0400] "GET /opensso/namingservice HTTP/1.1" 200 7 "-" "Java/1.5.0_21" 220 183
127.0.0.1 - - [24/Oct/2015:22:25:42 -0400] "GET /opensso/namingservice HTTP/1.1" 200 7 "-" "Java/1.5.0_21" 220 183
127.0.0.1 - - [24/Oct/2015:22:25:43 -0400] "GET /opensso/namingservice HTTP/1.1" 200 7 "-" "Java/1.5.0_21" 220 183
137.78.207.218 - - [24/Oct/2015:22:25:51 -0400] "HEAD /LMMPUI/LMMP_CLIENT/LMMP.html HTTP/1.1" 200 - "-" "curl/7.38.0" 110 274
157.55.39.128 - - [24/Oct/2015:22:26:08 -0400] "GET /LMMPUI/LMMP_CLIENT/LMMP.html HTTP/1.1" 200 9400 "-" "Mozilla/5.0 (compatible; bingbot/2.0; +http://www.bing.com/bingbot.htm)" 287 9730
127.0.0.1 - - [24/Oct/2015:22:26:12 -0400] "GET /opensso/namingservice HTTP/1.1" 200 7 "-" "Java/1.5.0_21" 220 183
157.55.39.128 - - [24/Oct/2015:22:26:12 -0400] "GET /robots.txt HTTP/1.1" 404 208 "-" "Mozilla/5.0 (compatible; bingbot/2.0; +http://www.bing.com/bingbot.htm)" 269 453
127.0.0.1 - - [24/Oct/2015:22:26:13 -0400] "GET /opensso/namingservice HTTP/1.1" 200 7 "-" "Java/1.5.0_21" 220 183
157.55.39.128 - - [24/Oct/2015:22:26:17 -0400] "GET /LMMPUI/LMMP_CLIENT/LMMP.html HTTP/1.1" 200 9400 "-" "Mozilla/5.0 (iPhone; CPU iPhone OS 7_0 like Mac OS X) AppleWebKit/537.51.1 (KHTML, like Gecko) Version/7.0 Mobile/11A465 Safari/9537.53 (compatible; bingbot/2.0;  http://www.bing.com/bingbot.htm)" 424 9730
127.0.0.1 - - [24/Oct/2015:22:26:42 -0400] "GET /opensso/namingservice HTTP/1.1" 200 7 "-" "Java/1.5.0_21" 220 183
127.0.0.1 - - [24/Oct/2015:22:26:43 -0400] "GET /opensso/namingservice HTTP/1.1" 200 7 "-" "Java/1.5.0_21" 220 183
127.0.0.1 - - [24/Oct/2015:22:27:12 -0400] "GET /opensso/namingservice HTTP/1.1" 200 7 "-" "Java/1.5.0_21" 220 183
127.0.0.1 - - [24/Oct/2015:22:27:13 -0400] "GET /opensso/namingservice HTTP/1.1" 200 7 "-" "Java/1.5.0_21" 220 183
127.0.0.1 - - [24/Oct/2015:22:27:42 -0400] "GET /opensso/namingservice HTTP/1.1" 200 7 "-" "Java/1.5.0_21" 220 183
127.0.0.1 - - [24/Oct/2015:22:27:43 -0400] "GET /opensso/namingservice HTTP/1.1" 200 7 "-" "Java/1.5.0_21" 220 183
127.0.0.1 - - [24/Oct/2015:22:28:12 -0400] "GET /opensso/namingservice HTTP/1.1" 200 7 "-" "Java/1.5.0_21" 220 183
127.0.0.1 - - [24/Oct/2015:22:28:13 -0400] "GET /opensso/namingservice HTTP/1.1" 200 7 "-" "Java/1.5.0_21" 220 183
127.0.0.1 - - [24/Oct/2015:22:28:42 -0400] "GET /opensso/namingservice HTTP/1.1" 200 7 "-" "Java/1.5.0_21" 220 183
127.0.0.1 - - [24/Oct/2015:22:28:43 -0400] "GET /opensso/namingservice HTTP/1.1" 200 7 "-" "Java/1.5.0_21" 220 183
127.0.0.1 - - [24/Oct/2015:22:29:12 -0400] "GET /opensso/namingservice HTTP/1.1" 200 7 "-" "Java/1.5.0_21" 220 183
127.0.0.1 - - [24/Oct/2015:22:29:13 -0400] "GET /opensso/namingservice HTTP/1.1" 200 7 "-" "Java/1.5.0_21" 220 183
127.0.0.1 - - [24/Oct/2015:22:29:42 -0400] "GET /opensso/namingservice HTTP/1.1" 200 7 "-" "Java/1.5.0_21" 220 183
127.0.0.1 - - [24/Oct/2015:22:29:43 -0400] "GET /opensso/namingservice HTTP/1.1" 200 7 "-" "Java/1.5.0_21" 220 183
85.93.91.84 - - [24/Oct/2015:22:29:49 -0400] "GET /robots.txt HTTP/1.0" 404 208 "-" "Mozilla/5.0 (compatible; DeuSu/5.0.2; +https://deusu.de/robot.html)" 166 416
85.93.91.84 - - [24/Oct/2015:22:29:49 -0400] "GET /LMMPUI/LMMP_CLIENT/LMMP.html HTTP/1.0" 200 9400 "-" "Mozilla/5.0 (compatible; DeuSu/5.0.2; +https://deusu.de/robot.html)" 201 9693
127.0.0.1 - - [24/Oct/2015:22:30:12 -0400] "GET /opensso/namingservice HTTP/1.1" 200 7 "-" "Java/1.5.0_21" 220 183
127.0.0.1 - - [24/Oct/2015:22:30:13 -0400] "GET /opensso/namingservice HTTP/1.1" 200 7 "-" "Java/1.5.0_21" 220 183
127.0.0.1 - - [24/Oct/2015:22:30:42 -0400] "GET /opensso/namingservice HTTP/1.1" 200 7 "-" "Java/1.5.0_21" 220 183
127.0.0.1 - - [24/Oct/2015:22:30:43 -0400] "GET /opensso/namingservice HTTP/1.1" 200 7 "-" "Java/1.5.0_21" 220 183
137.78.207.218 - - [24/Oct/2015:22:30:51 -0400] "HEAD /LMMPUI/LMMP_CLIENT/LMMP.html HTTP/1.1" 200 - "-" "curl/7.38.0" 110 274
127.0.0.1 - - [24/Oct/2015:22:31:12 -0400] "GET /opensso/namingservice HTTP/1.1" 200 7 "-" "Java/1.5.0_21" 220 183
127.0.0.1 - - [24/Oct/2015:22:31:13 -0400] "GET /opensso/namingservice HTTP/1.1" 200 7 "-" "Java/1.5.0_21" 220 183
127.0.0.1 - - [24/Oct/2015:22:31:42 -0400] "GET /opensso/namingservice HTTP/1.1" 200 7 "-" "Java/1.5.0_21" 220 183
127.0.0.1 - - [24/Oct/2015:22:31:43 -0400] "GET /opensso/namingservice HTTP/1.1" 200 7 "-" "Java/1.5.0_21" 220 183
127.0.0.1 - - [24/Oct/2015:22:32:12 -0400] "GET /opensso/namingservice HTTP/1.1" 200 7 "-" "Java/1.5.0_21" 220 183
127.0.0.1 - - [24/Oct/2015:22:32:13 -0400] "GET /opensso/namingservice HTTP/1.1" 200 7 "-" "Java/1.5.0_21" 220 183
127.0.0.1 - - [24/Oct/2015:22:32:42 -0400] "GET /opensso/namingservice HTTP/1.1" 200 7 "-" "Java/1.5.0_21" 220 183
127.0.0.1 - - [24/Oct/2015:22:32:43 -0400] "GET /opensso/namingservice HTTP/1.1" 200 7 "-" "Java/1.5.0_21" 220 183
127.0.0.1 - - [24/Oct/2015:22:33:12 -0400] "GET /opensso/namingservice HTTP/1.1" 200 7 "-" "Java/1.5.0_21" 220 183
127.0.0.1 - - [24/Oct/2015:22:33:13 -0400] "GET /opensso/namingservice HTTP/1.1" 200 7 "-" "Java/1.5.0_21" 220 183
127.0.0.1 - - [24/Oct/2015:22:33:42 -0400] "GET /opensso/namingservice HTTP/1.1" 200 7 "-" "Java/1.5.0_21" 220 183
127.0.0.1 - - [24/Oct/2015:22:33:43 -0400] "GET /opensso/namingservice HTTP/1.1" 200 7 "-" "Java/1.5.0_21" 220 183
127.0.0.1 - - [24/Oct/2015:22:34:12 -0400] "GET /opensso/namingservice HTTP/1.1" 200 7 "-" "Java/1.5.0_21" 220 183
127.0.0.1 - - [24/Oct/2015:22:34:13 -0400] "GET /opensso/namingservice HTTP/1.1" 200 7 "-" "Java/1.5.0_21" 220 183
127.0.0.1 - - [24/Oct/2015:22:34:42 -0400] "GET /opensso/namingservice HTTP/1.1" 200 7 "-" "Java/1.5.0_21" 220 183
127.0.0.1 - - [24/Oct/2015:22:34:43 -0400] "GET /opensso/namingservice HTTP/1.1" 200 7 "-" "Java/1.5.0_21" 220 183
127.0.0.1 - - [24/Oct/2015:22:35:12 -0400] "GET /opensso/namingservice HTTP/1.1" 200 7 "-" "Java/1.5.0_21" 220 183
127.0.0.1 - - [24/Oct/2015:22:35:13 -0400] "GET /opensso/namingservice HTTP/1.1" 200 7 "-" "Java/1.5.0_21" 220 183
127.0.0.1 - - [24/Oct/2015:22:35:42 -0400] "GET /opensso/namingservice HTTP/1.1" 200 7 "-" "Java/1.5.0_21" 220 183
127.0.0.1 - - [24/Oct/2015:22:35:43 -0400] "GET /opensso/namingservice HTTP/1.1" 200 7 "-" "Java/1.5.0_21" 220 183
137.78.207.218 - - [24/Oct/2015:22:35:51 -0400] "HEAD /LMMPUI/LMMP_CLIENT/LMMP.html HTTP/1.1" 200 - "-" "curl/7.38.0" 110 274
127.0.0.1 - - [24/Oct/2015:22:36:12 -0400] "GET /opensso/namingservice HTTP/1.1" 200 7 "-" "Java/1.5.0_21" 220 183
127.0.0.1 - - [24/Oct/2015:22:36:13 -0400] "GET /opensso/namingservice HTTP/1.1" 200 7 "-" "Java/1.5.0_21" 220 183
127.0.0.1 - - [24/Oct/2015:22:36:42 -0400] "GET /opensso/namingservice HTTP/1.1" 200 7 "-" "Java/1.5.0_21" 220 183
127.0.0.1 - - [24/Oct/2015:22:36:43 -0400] "GET /opensso/namingservice HTTP/1.1" 200 7 "-" "Java/1.5.0_21" 220 183
127.0.0.1 - - [24/Oct/2015:22:37:12 -0400] "GET /opensso/namingservice HTTP/1.1" 200 7 "-" "Java/1.5.0_21" 220 183
127.0.0.1 - - [24/Oct/2015:22:37:13 -0400] "GET /opensso/namingservice HTTP/1.1" 200 7 "-" "Java/1.5.0_21" 220 183
127.0.0.1 - - [24/Oct/2015:22:37:42 -0400] "GET /opensso/namingservice HTTP/1.1" 200 7 "-" "Java/1.5.0_21" 220 183
127.0.0.1 - - [24/Oct/2015:22:37:43 -0400] "GET /opensso/namingservice HTTP/1.1" 200 7 "-" "Java/1.5.0_21" 220 183
127.0.0.1 - - [24/Oct/2015:22:38:12 -0400] "GET /opensso/namingservice HTTP/1.1" 200 7 "-" "Java/1.5.0_21" 220 183
127.0.0.1 - - [24/Oct/2015:22:38:13 -0400] "GET /opensso/namingservice HTTP/1.1" 200 7 "-" "Java/1.5.0_21" 220 183
127.0.0.1 - - [24/Oct/2015:22:38:42 -0400] "GET /opensso/namingservice HTTP/1.1" 200 7 "-" "Java/1.5.0_21" 220 183
127.0.0.1 - - [24/Oct/2015:22:38:43 -0400] "GET /opensso/namingservice HTTP/1.1" 200 7 "-" "Java/1.5.0_21" 220 183
127.0.0.1 - - [24/Oct/2015:22:39:12 -0400] "GET /opensso/namingservice HTTP/1.1" 200 7 "-" "Java/1.5.0_21" 220 183
127.0.0.1 - - [24/Oct/2015:22:39:13 -0400] "GET /opensso/namingservice HTTP/1.1" 200 7 "-" "Java/1.5.0_21" 220 183
127.0.0.1 - - [24/Oct/2015:22:39:42 -0400] "GET /opensso/namingservice HTTP/1.1" 200 7 "-" "Java/1.5.0_21" 220 183
127.0.0.1 - - [24/Oct/2015:22:39:43 -0400] "GET /opensso/namingservice HTTP/1.1" 200 7 "-" "Java/1.5.0_21" 220 183
127.0.0.1 - - [24/Oct/2015:22:40:12 -0400] "GET /opensso/namingservice HTTP/1.1" 200 7 "-" "Java/1.5.0_21" 220 183
127.0.0.1 - - [24/Oct/2015:22:40:13 -0400] "GET /opensso/namingservice HTTP/1.1" 200 7 "-" "Java/1.5.0_21" 220 183
209.52.88.245 - - [24/Oct/2015:22:40:10 -0400] "GET /arcgis/rest/services/CombinedNomenclature/MapServer?f=json HTTP/1.1" 200 801 "-" "ArcGIS.Android-10.2.3/5.1.1/MOTOROLA-MOTOG3" 181 1042
66.249.65.248 - - [24/Oct/2015:22:40:34 -0400] "GET /redmine/projects/lmmpwiki/activity?from=1906-11-29 HTTP/1.1" 200 4829 "-" "Mozilla/5.0 (compatible; Googlebot/2.1; +http://www.google.com/bot.html)" 341 5391
209.52.88.245 - - [24/Oct/2015:22:40:32 -0400] "GET /arcgis/rest/services/CombinedNomenclature/MapServer/export?f=image&bbox=-18.333625749958404%2C3.3885164875194924%2C21.596761507151836%2C60.90363197901097&bboxSR=104903&size=520%2C749&format=png&transparent=true&dpi=213&imageSR=104903&layers=hide%3A-1 HTTP/1.1" 200 8368 "-" "ArcGIS.Android-10.2.3/5.1.1/MOTOROLA-MOTOG3" 373 8602
209.52.88.245 - - [24/Oct/2015:22:40:35 -0400] "GET /arcgis/rest/services/CombinedNomenclature/MapServer/export?f=image&bbox=2.8188149315375357%2C37.15978354232029%2C6.014869317632031%2C41.763331109983326&bboxSR=104903&size=520%2C749&format=png&transparent=true&dpi=213&imageSR=104903&layers=hide%3A-1 HTTP/1.1" 200 2386 "-" "ArcGIS.Android-10.2.3/5.1.1/MOTOROLA-MOTOG3" 371 2619
209.52.88.245 - - [24/Oct/2015:22:40:37 -0400] "GET /arcgis/rest/services/CombinedNomenclature/MapServer/export?f=image&bbox=3.989149498646542%2C38.98413333700233%2C5.11301774246089%2C40.602935865111846&bboxSR=104903&size=520%2C749&format=png&transparent=true&dpi=213&imageSR=104903&layers=hide%3A-1 HTTP/1.1" 200 3254 "-" "ArcGIS.Android-10.2.3/5.1.1/MOTOROLA-MOTOG3" 369 3488
209.52.88.245 - - [24/Oct/2015:22:40:39 -0400] "GET /arcgis/rest/services/CombinedNomenclature/MapServer/export?f=image&bbox=3.976693799060979%2C39.35832728305028%2C5.100562042875328%2C40.97712981115979&bboxSR=104903&size=520%2C749&format=png&transparent=true&dpi=213&imageSR=104903&layers=hide%3A-1 HTTP/1.1" 200 3248 "-" "ArcGIS.Android-10.2.3/5.1.1/MOTOROLA-MOTOG3" 369 3480
127.0.0.1 - - [24/Oct/2015:22:40:42 -0400] "GET /opensso/namingservice HTTP/1.1" 200 7 "-" "Java/1.5.0_21" 220 183
127.0.0.1 - - [24/Oct/2015:22:40:43 -0400] "GET /opensso/namingservice HTTP/1.1" 200 7 "-" "Java/1.5.0_21" 220 183
209.52.88.245 - - [24/Oct/2015:22:40:41 -0400] "GET /arcgis/rest/services/CombinedNomenclature/MapServer/export?f=image&bbox=1.306196658117102%2C36.08232386478759%2C6.900268960957176%2C44.13993954714762&bboxSR=104903&size=520%2C749&format=png&transparent=true&dpi=213&imageSR=104903&layers=hide%3A-1 HTTP/1.1" 200 2387 "-" "ArcGIS.Android-10.2.3/5.1.1/MOTOROLA-MOTOG3" 369 2620
209.52.88.245 - - [24/Oct/2015:22:40:43 -0400] "GET /arcgis/rest/services/CombinedNomenclature/MapServer/export?f=image&bbox=-12.640529106520114%2C18.99857287477935%2C15.848342262654372%2C60.03350490460952&bboxSR=104903&size=520%2C749&format=png&transparent=true&dpi=213&imageSR=104903&layers=hide%3A-1 HTTP/1.1" 200 7457 "-" "ArcGIS.Android-10.2.3/5.1.1/MOTOROLA-MOTOG3" 372 7691
209.52.88.245 - - [24/Oct/2015:22:40:45 -0400] "GET /arcgis/rest/services/CombinedNomenclature/MapServer/export?f=image&bbox=-12.364976247453026%2C44.50965315312688%2C-6.348882229505979%2C53.175142421285216&bboxSR=104903&size=520%2C749&format=png&transparent=true&dpi=213&imageSR=104903&layers=hide%3A-1 HTTP/1.1" 200 2283 "-" "ArcGIS.Android-10.2.3/5.1.1/MOTOROLA-MOTOG3" 373 2515
209.52.88.245 - - [24/Oct/2015:22:40:46 -0400] "GET /arcgis/rest/services/CombinedNomenclature/MapServer/export?f=image&bbox=-10.823927811428304%2C49.66715350868274%2C-8.606603340005108%2C52.86095356463653&bboxSR=104903&size=520%2C749&format=png&transparent=true&dpi=213&imageSR=104903&layers=hide%3A-1 HTTP/1.1" 200 2303 "-" "ArcGIS.Android-10.2.3/5.1.1/MOTOROLA-MOTOG3" 372 2537
209.52.88.245 - - [24/Oct/2015:22:40:48 -0400] "GET /arcgis/rest/services/CombinedNomenclature/MapServer/export?f=image&bbox=-9.991131386009176%2C51.56466366538956%2C-9.248918265907292%2C52.63373602492093&bboxSR=104903&size=520%2C749&format=png&transparent=true&dpi=213&imageSR=104903&layers=hide%3A-1 HTTP/1.1" 200 2302 "-" "ArcGIS.Android-10.2.3/5.1.1/MOTOROLA-MOTOG3" 371 2536
137.78.207.218 - - [24/Oct/2015:22:40:51 -0400] "HEAD /LMMPUI/LMMP_CLIENT/LMMP.html HTTP/1.1" 200 - "-" "curl/7.38.0" 110 274
209.52.88.245 - - [24/Oct/2015:22:40:50 -0400] "GET /arcgis/rest/services/CombinedNomenclature/MapServer/export?f=image&bbox=-10.556795255384468%2C50.71645167348838%2C-8.676119946718291%2C53.425347454624855&bboxSR=104903&size=520%2C749&format=png&transparent=true&dpi=213&imageSR=104903&layers=hide%3A-1 HTTP/1.1" 200 2304 "-" "ArcGIS.Android-10.2.3/5.1.1/MOTOROLA-MOTOG3" 373 2536
209.52.88.245 - - [24/Oct/2015:22:40:34 -0400] "GET /arcgis/rest/services/CombinedNomenclature/MapServer/export?f=image&bbox=-1.9347151457233212%2C28.075683655267238%2C9.09691893768882%2C43.96547967156665&bboxSR=104903&size=520%2C749&format=png&transparent=true&dpi=213&imageSR=104903&layers=hide%3A-1 HTTP/1.1" 200 2263 "-" "ArcGIS.Android-10.2.3/5.1.1/MOTOROLA-MOTOG3" 371 2496
209.52.88.245 - - [24/Oct/2015:22:40:52 -0400] "GET /arcgis/rest/services/CombinedNomenclature/MapServer/export?f=image&bbox=-12.273926672038925%2C48.41666777312647%2C-7.035863391698314%2C55.96149353654016&bboxSR=104903&size=520%2C749&format=png&transparent=true&dpi=213&imageSR=104903&layers=hide%3A-1 HTTP/1.1" 200 2304 "-" "ArcGIS.Android-10.2.3/5.1.1/MOTOROLA-MOTOG3" 372 2537
209.52.88.245 - - [24/Oct/2015:22:41:06 -0400] "GET /opensso/UI/Login?module=Anonymous&org=appspub&goto=http://pub.lmmp.nasa.gov/LMMP/rest/dbxml/fgdc/legend/stream?label=Clem_UVVIS_3ClrRatio_Global_152ppd HTTP/1.1" 302 - "-" "Dalvik/2.1.0 (Linux; U; Android 5.1.1; MotoG3 Build/LPI23.72-47.4)" 297 936
127.0.0.1 - - [24/Oct/2015:22:41:07 -0400] "POST /opensso/sessionservice HTTP/1.1" 200 2412 "-" "Java/1.5.0_21" 819 2590
127.0.0.1 - - [24/Oct/2015:22:41:07 -0400] "POST /opensso/sessionservice HTTP/1.1" 200 273 "-" "Java/1.5.0_21" 885 450
127.0.0.1 - - [24/Oct/2015:22:41:07 -0400] "POST /opensso/sessionservice HTTP/1.1" 200 2415 "-" "Java/1.5.0_21" 819 2592
127.0.0.1 - - [24/Oct/2015:22:41:07 -0400] "POST /opensso/policyservice HTTP/1.1" 200 9463 "-" "Java/1.5.0_21" 1119 9648
127.0.0.1 - - [24/Oct/2015:22:41:07 -0400] "POST /opensso/jaxrpc/SMSObjectIF HTTP/1.1" 200 505 "-" "Java/1.5.0_21" 847 766
127.0.0.1 - - [24/Oct/2015:22:41:07 -0400] "POST /opensso/jaxrpc/DirectoryManagerIF HTTP/1.1" 200 1290 "-" "Java/1.5.0_21" 1366 1551
127.0.0.1 - - [24/Oct/2015:22:41:07 -0400] "POST /opensso/jaxrpc/SMSObjectIF HTTP/1.1" 200 505 "-" "Java/1.5.0_21" 847 766
127.0.0.1 - - [24/Oct/2015:22:41:07 -0400] "POST /opensso/jaxrpc/DirectoryManagerIF HTTP/1.1" 200 1290 "-" "Java/1.5.0_21" 1366 1551
209.52.88.245 - - [24/Oct/2015:22:41:07 -0400] "GET /LMMP/rest/dbxml/fgdc/legend/stream?label=Clem_UVVIS_3ClrRatio_Global_152ppd&iPlanetDirectoryPro=AQIC5wM2LY4Sfcw%2ByEXI6SQfLaHH%2FdmK6S9U56cBJ12sNYk%3D%40AAJTSQACMDE%3D%23 HTTP/1.1" 200 1532 "-" "Dalvik/2.1.0 (Linux; U; Android 5.1.1; MotoG3 Build/LPI23.72-47.4)" 316 1785
127.0.0.1 - - [24/Oct/2015:22:41:12 -0400] "GET /opensso/namingservice HTTP/1.1" 200 7 "-" "Java/1.5.0_21" 220 183
127.0.0.1 - - [24/Oct/2015:22:41:13 -0400] "GET /opensso/namingservice HTTP/1.1" 200 7 "-" "Java/1.5.0_21" 220 183
127.0.0.1 - - [24/Oct/2015:22:41:42 -0400] "GET /opensso/namingservice HTTP/1.1" 200 7 "-" "Java/1.5.0_21" 220 183
127.0.0.1 - - [24/Oct/2015:22:41:43 -0400] "GET /opensso/namingservice HTTP/1.1" 200 7 "-" "Java/1.5.0_21" 220 183
209.52.88.245 - - [24/Oct/2015:22:41:47 -0400] "GET /arcgis/rest/services/CombinedNomenclature/MapServer/export?f=image&bbox=-12.273926672038925%2C48.41666777312647%2C-7.035863391698314%2C55.96149353654016&bboxSR=104903&size=520%2C749&format=png&transparent=true&dpi=213&imageSR=104903&layers=hide%3A-1 HTTP/1.1" 200 2304 "-" "ArcGIS.Android-10.2.3/5.1.1/MOTOROLA-MOTOG3" 372 2537
209.52.88.245 - - [24/Oct/2015:22:41:49 -0400] "GET /arcgis/rest/services/CombinedNomenclature/MapServer/export?f=image&bbox=-16.32484982361593%2C42.16577357854669%2C-10.880963674688642%2C50.00706343536696&bboxSR=104903&size=520%2C749&format=png&transparent=true&dpi=213&imageSR=104903&layers=hide%3A-1 HTTP/1.1" 200 3051 "-" "ArcGIS.Android-10.2.3/5.1.1/MOTOROLA-MOTOG3" 372 3283
209.52.88.245 - - [24/Oct/2015:22:41:59 -0400] "GET /arcgis/rest/services/CombinedNomenclature/MapServer/export?f=image&bbox=-16.32484982361593%2C42.16577357854669%2C-10.880963674688642%2C50.00706343536696&bboxSR=104903&size=520%2C749&format=png&transparent=true&dpi=213&imageSR=104903&layers=hide%3A-1 HTTP/1.1" 200 3051 "-" "ArcGIS.Android-10.2.3/5.1.1/MOTOROLA-MOTOG3" 372 3283
209.52.88.245 - - [24/Oct/2015:22:42:06 -0400] "GET /opensso/UI/Login?module=Anonymous&org=appspub&goto=http://pub.lmmp.nasa.gov/LMMP/rest/dbxml/fgdc/legend/stream?label=Clem_UVVIS_FeO_Clr_Global_152ppd HTTP/1.1" 302 - "-" "Dalvik/2.1.0 (Linux; U; Android 5.1.1; MotoG3 Build/LPI23.72-47.4)" 295 934
127.0.0.1 - - [24/Oct/2015:22:42:06 -0400] "POST /opensso/sessionservice HTTP/1.1" 200 2410 "-" "Java/1.5.0_21" 819 2588
127.0.0.1 - - [24/Oct/2015:22:42:06 -0400] "POST /opensso/sessionservice HTTP/1.1" 200 273 "-" "Java/1.5.0_21" 885 450
127.0.0.1 - - [24/Oct/2015:22:42:06 -0400] "POST /opensso/policyservice HTTP/1.1" 200 9463 "-" "Java/1.5.0_21" 1119 9648
127.0.0.1 - - [24/Oct/2015:22:42:06 -0400] "POST /opensso/jaxrpc/SMSObjectIF HTTP/1.1" 200 505 "-" "Java/1.5.0_21" 847 766
127.0.0.1 - - [24/Oct/2015:22:42:06 -0400] "POST /opensso/jaxrpc/DirectoryManagerIF HTTP/1.1" 200 1290 "-" "Java/1.5.0_21" 1370 1551
127.0.0.1 - - [24/Oct/2015:22:42:06 -0400] "POST /opensso/jaxrpc/SMSObjectIF HTTP/1.1" 200 505 "-" "Java/1.5.0_21" 847 766
127.0.0.1 - - [24/Oct/2015:22:42:06 -0400] "POST /opensso/jaxrpc/DirectoryManagerIF HTTP/1.1" 200 1290 "-" "Java/1.5.0_21" 1370 1551
209.52.88.245 - - [24/Oct/2015:22:42:06 -0400] "GET /LMMP/rest/dbxml/fgdc/legend/stream?label=Clem_UVVIS_FeO_Clr_Global_152ppd&iPlanetDirectoryPro=AQIC5wM2LY4SfczMXEhhVR2qVZx9KzdNgyPX%2FCAs%2F2bKxXY%3D%40AAJTSQACMDE%3D%23 HTTP/1.1" 200 872 "-" "Dalvik/2.1.0 (Linux; U; Android 5.1.1; MotoG3 Build/LPI23.72-47.4)" 314 1124
127.0.0.1 - - [24/Oct/2015:22:42:12 -0400] "GET /opensso/namingservice HTTP/1.1" 200 7 "-" "Java/1.5.0_21" 220 183
127.0.0.1 - - [24/Oct/2015:22:42:13 -0400] "GET /opensso/namingservice HTTP/1.1" 200 7 "-" "Java/1.5.0_21" 220 183
127.0.0.1 - - [24/Oct/2015:22:42:42 -0400] "GET /opensso/namingservice HTTP/1.1" 200 7 "-" "Java/1.5.0_21" 220 183
127.0.0.1 - - [24/Oct/2015:22:42:43 -0400] "GET /opensso/namingservice HTTP/1.1" 200 7 "-" "Java/1.5.0_21" 220 183
127.0.0.1 - - [24/Oct/2015:22:43:12 -0400] "GET /opensso/namingservice HTTP/1.1" 200 7 "-" "Java/1.5.0_21" 220 183
127.0.0.1 - - [24/Oct/2015:22:43:13 -0400] "GET /opensso/namingservice HTTP/1.1" 200 7 "-" "Java/1.5.0_21" 220 183
127.0.0.1 - - [24/Oct/2015:22:43:42 -0400] "GET /opensso/namingservice HTTP/1.1" 200 7 "-" "Java/1.5.0_21" 220 183
127.0.0.1 - - [24/Oct/2015:22:43:43 -0400] "GET /opensso/namingservice HTTP/1.1" 200 7 "-" "Java/1.5.0_21" 220 183
127.0.0.1 - - [24/Oct/2015:22:44:12 -0400] "GET /opensso/namingservice HTTP/1.1" 200 7 "-" "Java/1.5.0_21" 220 183
127.0.0.1 - - [24/Oct/2015:22:44:13 -0400] "GET /opensso/namingservice HTTP/1.1" 200 7 "-" "Java/1.5.0_21" 220 183
127.0.0.1 - - [24/Oct/2015:22:44:42 -0400] "GET /opensso/namingservice HTTP/1.1" 200 7 "-" "Java/1.5.0_21" 220 183
127.0.0.1 - - [24/Oct/2015:22:44:43 -0400] "GET /opensso/namingservice HTTP/1.1" 200 7 "-" "Java/1.5.0_21" 220 183
127.0.0.1 - - [24/Oct/2015:22:45:12 -0400] "GET /opensso/namingservice HTTP/1.1" 200 7 "-" "Java/1.5.0_21" 220 183
127.0.0.1 - - [24/Oct/2015:22:45:13 -0400] "GET /opensso/namingservice HTTP/1.1" 200 7 "-" "Java/1.5.0_21" 220 183
127.0.0.1 - - [24/Oct/2015:22:45:42 -0400] "GET /opensso/namingservice HTTP/1.1" 200 7 "-" "Java/1.5.0_21" 220 183
127.0.0.1 - - [24/Oct/2015:22:45:43 -0400] "GET /opensso/namingservice HTTP/1.1" 200 7 "-" "Java/1.5.0_21" 220 183
137.78.207.218 - - [24/Oct/2015:22:45:51 -0400] "HEAD /LMMPUI/LMMP_CLIENT/LMMP.html HTTP/1.1" 200 - "-" "curl/7.38.0" 110 274
127.0.0.1 - - [24/Oct/2015:22:46:12 -0400] "GET /opensso/namingservice HTTP/1.1" 200 7 "-" "Java/1.5.0_21" 220 183
127.0.0.1 - - [24/Oct/2015:22:46:13 -0400] "GET /opensso/namingservice HTTP/1.1" 200 7 "-" "Java/1.5.0_21" 220 183
127.0.0.1 - - [24/Oct/2015:22:46:42 -0400] "GET /opensso/namingservice HTTP/1.1" 200 7 "-" "Java/1.5.0_21" 220 183
127.0.0.1 - - [24/Oct/2015:22:46:43 -0400] "GET /opensso/namingservice HTTP/1.1" 200 7 "-" "Java/1.5.0_21" 220 183
1.136.96.35 - - [24/Oct/2015:22:47:10 -0400] "GET /lmmpmobile/config-1.0.json HTTP/1.1" 200 1338 "-" "Moon%20Tours/1.0.0 CFNetwork/672.1.14 Darwin/14.0.0" 218 1666
1.136.96.35 - - [24/Oct/2015:22:47:10 -0400] "GET /opensso/identity/isTokenValid HTTP/1.1" 200 14 "-" "Moon%20Tours/1.0.0 CFNetwork/672.1.14 Darwin/14.0.0" 230 172
1.136.96.35 - - [24/Oct/2015:22:47:11 -0400] "GET /opensso/UI/Login?module=Anonymous&org=appspub&goto=http%3A%2F%2Fpub.lmmp.nasa.gov%2Flmmpmobile%2Frefresh HTTP/1.1" 302 - "-" "Moon%20Tours/1.0.0 CFNetwork/672.1.14 Darwin/14.0.0" 305 932
1.136.96.35 - - [24/Oct/2015:22:47:11 -0400] "GET /lmmpmobile/refresh?iPlanetDirectoryPro=AQIC5wM2LY4Sfcx108uIlDN6FFh%2Bh8WBwnrhpqObuExN4QU%3D%40AAJTSQACMDE%3D%23 HTTP/1.1" 200 - "-" "Moon%20Tours/1.0.0 CFNetwork/672.1.14 Darwin/14.0.0" 421 316
127.0.0.1 - - [24/Oct/2015:22:47:12 -0400] "GET /opensso/namingservice HTTP/1.1" 200 7 "-" "Java/1.5.0_21" 220 183
127.0.0.1 - - [24/Oct/2015:22:47:13 -0400] "GET /opensso/namingservice HTTP/1.1" 200 7 "-" "Java/1.5.0_21" 220 183
1.136.96.35 - - [24/Oct/2015:22:47:14 -0400] "GET /arcgis/rest/services/CombinedNomenclature/MapServer?f=json HTTP/1.1" 200 801 "arcgisios" "ArcGISiOS-2.3.2/7.1.1/iPad2,2" 366 1098
1.136.96.35 - - [24/Oct/2015:22:47:14 -0400] "GET /arcgis/rest/services/ERGraticule/MapServer?f=json HTTP/1.1" 200 701 "arcgisios" "ArcGISiOS-2.3.2/7.1.1/iPad2,2" 357 997
220.181.108.77 - - [24/Oct/2015:22:47:30 -0400] "GET / HTTP/1.1" 302 237 "-" "Mozilla/5.0 (Windows NT 5.1; rv:6.0.2) Gecko/20100101 Firefox/6.0.2" 179 506
127.0.0.1 - - [24/Oct/2015:22:47:42 -0400] "GET /opensso/namingservice HTTP/1.1" 200 7 "-" "Java/1.5.0_21" 220 183
127.0.0.1 - - [24/Oct/2015:22:47:43 -0400] "GET /opensso/namingservice HTTP/1.1" 200 7 "-" "Java/1.5.0_21" 220 183
127.0.0.1 - - [24/Oct/2015:22:48:12 -0400] "GET /opensso/namingservice HTTP/1.1" 200 7 "-" "Java/1.5.0_21" 220 183
127.0.0.1 - - [24/Oct/2015:22:48:13 -0400] "GET /opensso/namingservice HTTP/1.1" 200 7 "-" "Java/1.5.0_21" 220 183
127.0.0.1 - - [24/Oct/2015:22:48:42 -0400] "GET /opensso/namingservice HTTP/1.1" 200 7 "-" "Java/1.5.0_21" 220 183
127.0.0.1 - - [24/Oct/2015:22:48:43 -0400] "GET /opensso/namingservice HTTP/1.1" 200 7 "-" "Java/1.5.0_21" 220 183
127.0.0.1 - - [24/Oct/2015:22:49:12 -0400] "GET /opensso/namingservice HTTP/1.1" 200 7 "-" "Java/1.5.0_21" 220 183
127.0.0.1 - - [24/Oct/2015:22:49:13 -0400] "GET /opensso/namingservice HTTP/1.1" 200 7 "-" "Java/1.5.0_21" 220 183
127.0.0.1 - - [24/Oct/2015:22:49:42 -0400] "GET /opensso/namingservice HTTP/1.1" 200 7 "-" "Java/1.5.0_21" 220 183
127.0.0.1 - - [24/Oct/2015:22:49:43 -0400] "GET /opensso/namingservice HTTP/1.1" 200 7 "-" "Java/1.5.0_21" 220 183
127.0.0.1 - - [24/Oct/2015:22:50:12 -0400] "GET /opensso/namingservice HTTP/1.1" 200 7 "-" "Java/1.5.0_21" 220 183
127.0.0.1 - - [24/Oct/2015:22:50:13 -0400] "GET /opensso/namingservice HTTP/1.1" 200 7 "-" "Java/1.5.0_21" 220 183
220.181.108.99 - - [24/Oct/2015:22:50:36 -0400] "GET /LMMPUI/LMMP_CLIENT/LMMP.html HTTP/1.1" 200 9400 "-" "Mozilla/5.0 (Windows NT 5.1; rv:6.0.2) Gecko/20100101 Firefox/6.0.2" 207 9693
127.0.0.1 - - [24/Oct/2015:22:50:42 -0400] "GET /opensso/namingservice HTTP/1.1" 200 7 "-" "Java/1.5.0_21" 220 183
127.0.0.1 - - [24/Oct/2015:22:50:43 -0400] "GET /opensso/namingservice HTTP/1.1" 200 7 "-" "Java/1.5.0_21" 220 183
137.78.207.218 - - [24/Oct/2015:22:50:51 -0400] "HEAD /LMMPUI/LMMP_CLIENT/LMMP.html HTTP/1.1" 200 - "-" "curl/7.38.0" 110 274
127.0.0.1 - - [24/Oct/2015:22:51:12 -0400] "GET /opensso/namingservice HTTP/1.1" 200 7 "-" "Java/1.5.0_21" 220 183
127.0.0.1 - - [24/Oct/2015:22:51:13 -0400] "GET /opensso/namingservice HTTP/1.1" 200 7 "-" "Java/1.5.0_21" 220 183
127.0.0.1 - - [24/Oct/2015:22:51:42 -0400] "GET /opensso/namingservice HTTP/1.1" 200 7 "-" "Java/1.5.0_21" 220 183
127.0.0.1 - - [24/Oct/2015:22:51:43 -0400] "GET /opensso/namingservice HTTP/1.1" 200 7 "-" "Java/1.5.0_21" 220 183
127.0.0.1 - - [24/Oct/2015:22:52:12 -0400] "GET /opensso/namingservice HTTP/1.1" 200 7 "-" "Java/1.5.0_21" 220 183
127.0.0.1 - - [24/Oct/2015:22:52:13 -0400] "GET /opensso/namingservice HTTP/1.1" 200 7 "-" "Java/1.5.0_21" 220 183
127.0.0.1 - - [24/Oct/2015:22:52:42 -0400] "GET /opensso/namingservice HTTP/1.1" 200 7 "-" "Java/1.5.0_21" 220 183
127.0.0.1 - - [24/Oct/2015:22:52:43 -0400] "GET /opensso/namingservice HTTP/1.1" 200 7 "-" "Java/1.5.0_21" 220 183
180.76.15.12 - - [24/Oct/2015:22:53:06 -0400] "GET / HTTP/1.1" 302 237 "-" "Mozilla/5.0 (compatible; Baiduspider/2.0; +http://www.baidu.com/search/spider.html)" 183 506
127.0.0.1 - - [24/Oct/2015:22:53:12 -0400] "GET /opensso/namingservice HTTP/1.1" 200 7 "-" "Java/1.5.0_21" 220 183
127.0.0.1 - - [24/Oct/2015:22:53:13 -0400] "GET /opensso/namingservice HTTP/1.1" 200 7 "-" "Java/1.5.0_21" 220 183
127.0.0.1 - - [24/Oct/2015:22:53:25 -0400] "POST /opensso/sessionservice HTTP/1.1" 200 2339 "-" "Java/1.5.0_21" 819 2517
127.0.0.1 - - [24/Oct/2015:22:53:25 -0400] "POST /opensso/sessionservice HTTP/1.1" 200 273 "-" "Java/1.5.0_21" 885 450
127.0.0.1 - - [24/Oct/2015:22:53:25 -0400] "POST /opensso/sessionservice HTTP/1.1" 200 2412 "-" "Java/1.5.0_21" 819 2589
127.0.0.1 - - [24/Oct/2015:22:53:25 -0400] "POST /opensso/policyservice HTTP/1.1" 200 9465 "-" "Java/1.5.0_21" 1117 9650
127.0.0.1 - - [24/Oct/2015:22:53:25 -0400] "POST /opensso/jaxrpc/SMSObjectIF HTTP/1.1" 200 505 "-" "Java/1.5.0_21" 847 766
127.0.0.1 - - [24/Oct/2015:22:53:25 -0400] "POST /opensso/jaxrpc/DirectoryManagerIF HTTP/1.1" 200 1290 "-" "Java/1.5.0_21" 1362 1551
127.0.0.1 - - [24/Oct/2015:22:53:25 -0400] "POST /opensso/jaxrpc/SMSObjectIF HTTP/1.1" 200 505 "-" "Java/1.5.0_21" 847 766
127.0.0.1 - - [24/Oct/2015:22:53:25 -0400] "POST /opensso/jaxrpc/DirectoryManagerIF HTTP/1.1" 200 1290 "-" "Java/1.5.0_21" 1362 1551
127.0.0.1 - - [24/Oct/2015:22:53:25 -0400] "POST /opensso/jaxrpc/SMSObjectIF HTTP/1.1" 200 505 "-" "Java/1.5.0_21" 847 766
1.136.96.35 - - [24/Oct/2015:22:53:25 -0400] "GET /LMMP/rest/dbxml/fgdc/legend/stream?label=LRO_NAC_Gray_43S349E_150cmp HTTP/1.1" 200 4536 "-" "Moon%20Tours/1.0.0 CFNetwork/672.1.14 Darwin/14.0.0" 723 8778
127.0.0.1 - - [24/Oct/2015:22:53:25 -0400] "POST /opensso/jaxrpc/DirectoryManagerIF HTTP/1.1" 200 1290 "-" "Java/1.5.0_21" 1362 1551
127.0.0.1 - - [24/Oct/2015:22:53:25 -0400] "POST /opensso/jaxrpc/SMSObjectIF HTTP/1.1" 200 505 "-" "Java/1.5.0_21" 847 766
127.0.0.1 - - [24/Oct/2015:22:53:25 -0400] "POST /opensso/jaxrpc/DirectoryManagerIF HTTP/1.1" 200 1290 "-" "Java/1.5.0_21" 1362 1551
1.136.96.35 - - [24/Oct/2015:22:53:25 -0400] "GET /LMMP/rest/dbxml/fgdc/legend/stream?label=LRO_NAC_ClrShade_43S349E_150cmp HTTP/1.1" 200 4060 "-" "Moon%20Tours/1.0.0 CFNetwork/672.1.14 Darwin/14.0.0" 739 8314
127.0.0.1 - - [24/Oct/2015:22:53:42 -0400] "GET /opensso/namingservice HTTP/1.1" 200 7 "-" "Java/1.5.0_21" 220 183
127.0.0.1 - - [24/Oct/2015:22:53:43 -0400] "GET /opensso/namingservice HTTP/1.1" 200 7 "-" "Java/1.5.0_21" 220 183
198.91.254.130 - - [24/Oct/2015:22:53:52 -0400] "GET /arcgis/rest/services/CombinedNomenclature/MapServer?f=json HTTP/1.1" 200 801 "-" "ArcGIS.Android-10.2.3/4.4.2/GIGABYTE-RCT6773W22" 209 1098
198.91.254.130 - - [24/Oct/2015:22:53:55 -0400] "GET /arcgis/rest/services/CombinedNomenclature/MapServer/export?f=image&bbox=-172.80000058707859%2C-79.48125027003321%2C172.80000058707859%2C79.48125027003321&bboxSR=104903&size=1024%2C471&format=png&transparent=true&dpi=160&imageSR=104903&layers=hide%3A-1 HTTP/1.1" 200 363 "-" "ArcGIS.Android-10.2.3/4.4.2/GIGABYTE-RCT6773W22" 402 651
180.76.15.162 - - [24/Oct/2015:22:54:11 -0400] "GET / HTTP/1.1" 302 237 "-" "Mozilla/5.0 (compatible; Baiduspider/2.0; +http://www.baidu.com/search/spider.html)" 183 506
127.0.0.1 - - [24/Oct/2015:22:54:12 -0400] "GET /opensso/namingservice HTTP/1.1" 200 7 "-" "Java/1.5.0_21" 220 183
127.0.0.1 - - [24/Oct/2015:22:54:13 -0400] "GET /opensso/namingservice HTTP/1.1" 200 7 "-" "Java/1.5.0_21" 220 183
198.91.254.130 - - [24/Oct/2015:22:54:13 -0400] "GET /arcgis/rest/services/CombinedNomenclature/MapServer/export?f=image&bbox=-167.89981712401513%2C-44.01767898111183%2C177.70018405014204%2C114.9448215589546&bboxSR=104903&size=1024%2C471&format=png&transparent=true&dpi=160&imageSR=104903&layers=hide%3A-1 HTTP/1.1" 200 363 "-" "ArcGIS.Android-10.2.3/4.4.2/GIGABYTE-RCT6773W22" 402 651
198.91.254.130 - - [24/Oct/2015:22:54:15 -0400] "GET /arcgis/rest/services/CombinedNomenclature/MapServer/export?f=image&bbox=-152.0261940543494%2C10.518749729966785%2C193.57380711980778%2C169.81875027117985&bboxSR=104903&size=1024%2C472&format=png&transparent=true&dpi=160&imageSR=104903&layers=hide%3A-1 HTTP/1.1" 200 363 "-" "ArcGIS.Android-10.2.3/4.4.2/GIGABYTE-RCT6773W22" 402 649
198.91.254.130 - - [24/Oct/2015:22:54:20 -0400] "GET /arcgis/rest/services/CombinedNomenclature/MapServer/export?f=image&bbox=-0.7824622466418987%2C-91.36444243742551%2C172.01747835219876%2C-11.88321975963845&bboxSR=104903&size=1024%2C471&format=png&transparent=true&dpi=160&imageSR=104903&layers=hide%3A-1 HTTP/1.1" 200 6077 "-" "ArcGIS.Android-10.2.3/4.4.2/GIGABYTE-RCT6773W22" 403 6365
198.91.254.130 - - [24/Oct/2015:22:54:21 -0400] "GET /arcgis/rest/services/CombinedNomenclature/MapServer/export?f=image&bbox=-191.14439306193623%2C-81.23816041388662%2C118.9450402763506%2C61.69368776547998&bboxSR=104903&size=1024%2C472&format=png&transparent=true&dpi=160&imageSR=104903&layers=hide%3A-1 HTTP/1.1" 200 363 "-" "ArcGIS.Android-10.2.3/4.4.2/GIGABYTE-RCT6773W22" 401 652
198.91.254.130 - - [24/Oct/2015:22:54:21 -0400] "GET /arcgis/rest/services/CombinedNomenclature/MapServer/export?f=image&bbox=-209.611431893681%2C-90.22342972885454%2C135.98856928047618%2C68.73907081121189&bboxSR=104903&size=1024%2C471&format=png&transparent=true&dpi=160&imageSR=104903&layers=hide%3A-1 HTTP/1.1" 200 363 "-" "ArcGIS.Android-10.2.3/4.4.2/GIGABYTE-RCT6773W22" 400 650
198.91.254.130 - - [24/Oct/2015:22:54:22 -0400] "GET /arcgis/rest/services/CombinedNomenclature/MapServer/export?f=image&bbox=-209.611431893681%2C-90.22342972885454%2C135.98856928047618%2C68.73907081121189&bboxSR=104903&size=1024%2C471&format=png&transparent=true&dpi=160&imageSR=104903&layers=hide%3A-1 HTTP/1.1" 200 363 "-" "ArcGIS.Android-10.2.3/4.4.2/GIGABYTE-RCT6773W22" 400 650
198.91.254.130 - - [24/Oct/2015:22:54:24 -0400] "GET /arcgis/rest/services/CombinedNomenclature/MapServer/export?f=image&bbox=-166.17932572941646%2C68.34366063982552%2C-75.06458351418931%2C110.34186212965679&bboxSR=104903&size=1024%2C472&format=png&transparent=true&dpi=160&imageSR=104903&layers=hide%3A-1 HTTP/1.1" 200 363 "-" "ArcGIS.Android-10.2.3/4.4.2/GIGABYTE-RCT6773W22" 402 651
198.91.254.130 - - [24/Oct/2015:22:54:26 -0400] "GET /arcgis/rest/services/CombinedNomenclature/MapServer/export?f=image&bbox=-149.64533431670503%2C64.96807316037129%2C-58.53059210147788%2C106.96627465020256&bboxSR=104903&size=1024%2C472&format=png&transparent=true&dpi=160&imageSR=104903&layers=hide%3A-1 HTTP/1.1" 200 363 "-" "ArcGIS.Android-10.2.3/4.4.2/GIGABYTE-RCT6773W22" 402 650
198.91.254.130 - - [24/Oct/2015:22:54:26 -0400] "GET /arcgis/rest/services/CombinedNomenclature/MapServer/export?f=image&bbox=-220.00589583644071%2C26.280582313793637%2C57.05857851886847%2C153.71941768620636&bboxSR=104903&size=1024%2C471&format=png&transparent=true&dpi=160&imageSR=104903&layers=hide%3A-1 HTTP/1.1" 200 363 "-" "ArcGIS.Android-10.2.3/4.4.2/GIGABYTE-RCT6773W22" 402 650
198.91.254.130 - - [24/Oct/2015:22:54:28 -0400] "GET /arcgis/rest/services/CombinedNomenclature/MapServer/export?f=image&bbox=-286.9893703815294%2C-77.41650170911853%2C-9.92489602622021%2C50.02233366329419&bboxSR=104903&size=1024%2C471&format=png&transparent=true&dpi=160&imageSR=104903&layers=hide%3A-1 HTTP/1.1" 200 363 "-" "ArcGIS.Android-10.2.3/4.4.2/GIGABYTE-RCT6773W22" 400 650
198.91.254.130 - - [24/Oct/2015:22:54:30 -0400] "GET /arcgis/rest/services/CombinedNomenclature/MapServer/export?f=image&bbox=-303.7188651553753%2C-112.645104885206%2C-26.654390800066096%2C14.79373048720673&bboxSR=104903&size=1024%2C471&format=png&transparent=true&dpi=160&imageSR=104903&layers=hide%3A-1 HTTP/1.1" 200 363 "-" "ArcGIS.Android-10.2.3/4.4.2/GIGABYTE-RCT6773W22" 401 650
198.91.254.130 - - [24/Oct/2015:22:54:31 -0400] "GET /arcgis/rest/services/CombinedNomenclature/MapServer/export?f=image&bbox=-324.9808610197947%2C-122.8270531957011%2C-9.155397805310429%2C22.44032295080484&bboxSR=104903&size=1024%2C471&format=png&transparent=true&dpi=160&imageSR=104903&layers=hide%3A-1 HTTP/1.1" 200 363 "-" "ArcGIS.Android-10.2.3/4.4.2/GIGABYTE-RCT6773W22" 401 651
198.91.254.130 - - [24/Oct/2015:22:54:32 -0400] "GET /arcgis/rest/services/CombinedNomenclature/MapServer/export?f=image&bbox=-332.53612501532746%2C-127.11819040472537%2C-0.8321824306282224%2C25.452665998979057&bboxSR=104903&size=1024%2C471&format=png&transparent=true&dpi=160&imageSR=104903&layers=hide%3A-1 HTTP/1.1" 200 363 "-" "ArcGIS.Android-10.2.3/4.4.2/GIGABYTE-RCT6773W22" 405 650
198.91.254.130 - - [24/Oct/2015:22:54:32 -0400] "GET /arcgis/rest/services/CombinedNomenclature/MapServer/export?f=image&bbox=-324.3000276901167%2C-127.58770544122649%2C-6.865383938991727%2C18.419830893519446&bboxSR=104903&size=1024%2C471&format=png&transparent=true&dpi=160&imageSR=104903&layers=hide%3A-1 HTTP/1.1" 200 363 "-" "ArcGIS.Android-10.2.3/4.4.2/GIGABYTE-RCT6773W22" 403 650
127.0.0.1 - - [24/Oct/2015:22:54:42 -0400] "GET /opensso/namingservice HTTP/1.1" 200 7 "-" "Java/1.5.0_21" 220 183
127.0.0.1 - - [24/Oct/2015:22:54:43 -0400] "GET /opensso/namingservice HTTP/1.1" 200 7 "-" "Java/1.5.0_21" 220 183
127.0.0.1 - - [24/Oct/2015:22:55:12 -0400] "GET /opensso/namingservice HTTP/1.1" 200 7 "-" "Java/1.5.0_21" 220 183
198.91.254.130 - - [24/Oct/2015:22:55:12 -0400] "GET /opensso/UI/Login?module=Anonymous&org=appspub&goto=http://pub.lmmp.nasa.gov/LMMP/rest/dbxml/fgdc/legend/stream?label=Clem_UVVIS_3ClrRatio_Global_152ppd HTTP/1.1" 302 - "-" "Dalvik/1.6.0 (Linux; U; Android 4.4.2; RCT6773W22 Build/KOT49H)" 318 988
127.0.0.1 - - [24/Oct/2015:22:55:12 -0400] "POST /opensso/sessionservice HTTP/1.1" 200 2410 "-" "Java/1.5.0_21" 819 2588
127.0.0.1 - - [24/Oct/2015:22:55:12 -0400] "POST /opensso/sessionservice HTTP/1.1" 200 273 "-" "Java/1.5.0_21" 885 450
127.0.0.1 - - [24/Oct/2015:22:55:12 -0400] "POST /opensso/policyservice HTTP/1.1" 200 9463 "-" "Java/1.5.0_21" 1121 9648
127.0.0.1 - - [24/Oct/2015:22:55:12 -0400] "POST /opensso/jaxrpc/SMSObjectIF HTTP/1.1" 200 505 "-" "Java/1.5.0_21" 847 766
127.0.0.1 - - [24/Oct/2015:22:55:12 -0400] "POST /opensso/jaxrpc/DirectoryManagerIF HTTP/1.1" 200 1290 "-" "Java/1.5.0_21" 1362 1551
127.0.0.1 - - [24/Oct/2015:22:55:12 -0400] "POST /opensso/jaxrpc/SMSObjectIF HTTP/1.1" 200 505 "-" "Java/1.5.0_21" 847 766
127.0.0.1 - - [24/Oct/2015:22:55:12 -0400] "POST /opensso/jaxrpc/DirectoryManagerIF HTTP/1.1" 200 1290 "-" "Java/1.5.0_21" 1362 1551
198.91.254.130 - - [24/Oct/2015:22:55:12 -0400] "GET /LMMP/rest/dbxml/fgdc/legend/stream?label=Clem_UVVIS_3ClrRatio_Global_152ppd&iPlanetDirectoryPro=AQIC5wM2LY4SfcwMG6TYvW3EVuOb362EBehghuqz1IDAmkM%3D%40AAJTSQACMDE%3D%23 HTTP/1.1" 200 1532 "-" "Dalvik/1.6.0 (Linux; U; Android 4.4.2; RCT6773W22 Build/KOT49H)" 333 1840
127.0.0.1 - - [24/Oct/2015:22:55:13 -0400] "GET /opensso/namingservice HTTP/1.1" 200 7 "-" "Java/1.5.0_21" 220 182
127.0.0.1 - - [24/Oct/2015:22:55:42 -0400] "GET /opensso/namingservice HTTP/1.1" 200 7 "-" "Java/1.5.0_21" 220 183
127.0.0.1 - - [24/Oct/2015:22:55:43 -0400] "GET /opensso/namingservice HTTP/1.1" 200 7 "-" "Java/1.5.0_21" 220 183
137.78.207.218 - - [24/Oct/2015:22:55:51 -0400] "HEAD /LMMPUI/LMMP_CLIENT/LMMP.html HTTP/1.1" 200 - "-" "curl/7.38.0" 110 274
127.0.0.1 - - [24/Oct/2015:22:56:12 -0400] "GET /opensso/namingservice HTTP/1.1" 200 7 "-" "Java/1.5.0_21" 220 183
127.0.0.1 - - [24/Oct/2015:22:56:13 -0400] "GET /opensso/namingservice HTTP/1.1" 200 7 "-" "Java/1.5.0_21" 220 183
66.249.65.241 - - [24/Oct/2015:22:56:13 -0400] "GET /redmine/projects/lmmpwiki/activity?from=1966-05-02 HTTP/1.1" 200 4829 "-" "Mozilla/5.0 (compatible; Googlebot/2.1; +http://www.google.com/bot.html)" 341 5391
127.0.0.1 - - [24/Oct/2015:22:56:42 -0400] "GET /opensso/namingservice HTTP/1.1" 200 7 "-" "Java/1.5.0_21" 220 183
127.0.0.1 - - [24/Oct/2015:22:56:43 -0400] "GET /opensso/namingservice HTTP/1.1" 200 7 "-" "Java/1.5.0_21" 220 183
127.0.0.1 - - [24/Oct/2015:22:57:12 -0400] "GET /opensso/namingservice HTTP/1.1" 200 7 "-" "Java/1.5.0_21" 220 183
127.0.0.1 - - [24/Oct/2015:22:57:13 -0400] "GET /opensso/namingservice HTTP/1.1" 200 7 "-" "Java/1.5.0_21" 220 183
203.59.84.183 - - [24/Oct/2015:22:57:35 -0400] "GET /LMMPUI/LMMP_CLIENT/LMMP.html HTTP/1.1" 200 9400 "http://www.moonviews.com/landing-sites-apollo/" "Mozilla/5.0 (Windows NT 6.1; WOW64; Trident/7.0; rv:11.0) like Gecko" 1011 9730
203.59.84.183 - - [24/Oct/2015:22:57:36 -0400] "GET /LMMPUI/LMMP_CLIENT/history/history.css HTTP/1.1" 200 365 "http://pub.lmmp.nasa.gov/LMMPUI/LMMP_CLIENT/LMMP.html" "Mozilla/5.0 (Windows NT 6.1; WOW64; Trident/7.0; rv:11.0) like Gecko" 1004 692
203.59.84.183 - - [24/Oct/2015:22:57:37 -0400] "GET /LMMPUI/LMMP_CLIENT/history/history.js HTTP/1.1" 200 24650 "http://pub.lmmp.nasa.gov/LMMPUI/LMMP_CLIENT/LMMP.html" "Mozilla/5.0 (Windows NT 6.1; WOW64; Trident/7.0; rv:11.0) like Gecko" 1023 24988
203.59.84.183 - - [24/Oct/2015:22:57:37 -0400] "GET /LMMPUI/LMMP_CLIENT/swfobject.js HTTP/1.1" 200 25574 "http://pub.lmmp.nasa.gov/LMMPUI/LMMP_CLIENT/LMMP.html" "Mozilla/5.0 (Windows NT 6.1; WOW64; Trident/7.0; rv:11.0) like Gecko" 1017 25912
127.0.0.1 - - [24/Oct/2015:22:57:42 -0400] "GET /opensso/namingservice HTTP/1.1" 200 7 "-" "Java/1.5.0_21" 220 183
127.0.0.1 - - [24/Oct/2015:22:57:43 -0400] "GET /opensso/namingservice HTTP/1.1" 200 7 "-" "Java/1.5.0_21" 220 183
203.59.84.183 - - [24/Oct/2015:22:57:39 -0400] "GET /LMMPUI/LMMP_CLIENT/LMMP_WB.swf HTTP/1.1" 200 972505 "http://pub.lmmp.nasa.gov/LMMPUI/LMMP_CLIENT/LMMP.html" "Mozilla/5.0 (Windows NT 6.1; WOW64; Trident/7.0; rv:11.0) like Gecko" 986 972858
203.59.84.183 - - [24/Oct/2015:22:57:58 -0400] "GET /favicon.ico HTTP/1.1" 404 209 "-" "Mozilla/5.0 (Windows NT 6.1; Win64; x64; Trident/7.0; rv:11.0) like Gecko" 233 454
127.0.0.1 - - [24/Oct/2015:22:58:12 -0400] "GET /opensso/namingservice HTTP/1.1" 200 7 "-" "Java/1.5.0_21" 220 183
127.0.0.1 - - [24/Oct/2015:22:58:13 -0400] "GET /opensso/namingservice HTTP/1.1" 200 7 "-" "Java/1.5.0_21" 220 183
203.217.130.60 - - [24/Oct/2015:22:58:27 -0400] "GET /arcgis/rest/services/CombinedNomenclature/MapServer?f=json HTTP/1.1" 200 801 "-" "ArcGIS.Android-10.2.3/4.4.4/SONY-D5503" 200 1098
203.217.130.60 - - [24/Oct/2015:22:58:28 -0400] "GET /arcgis/rest/services/CombinedNomenclature/MapServer/export?f=image&bbox=-56.34782627839519%2C-81.2347828846864%2C56.3668707721544%2C81.23685250349318&bboxSR=104903&size=444%2C640&format=png&transparent=true&dpi=213&imageSR=104903&layers=hide%3A-1 HTTP/1.1" 200 267 "-" "ArcGIS.Android-10.2.3/4.4.4/SONY-D5503" 388 553
203.59.84.183 - - [24/Oct/2015:22:58:29 -0400] "GET /LMMPUI/LMMP_CLIENT/assets/image/background.jpg HTTP/1.1" 200 69719 "http://pub.lmmp.nasa.gov/LMMPUI/LMMP_CLIENT/LMMP_WB.swf/[[DYNAMIC]]/9" "Mozilla/5.0 (Windows NT 6.1; WOW64; Trident/7.0; rv:11.0) like Gecko" 1055 70052
203.59.84.183 - - [24/Oct/2015:22:58:34 -0400] "GET /LMMPUI/LMMP_CLIENT/assets/image/space.jpg HTTP/1.1" 200 25415 "http://pub.lmmp.nasa.gov/LMMPUI/LMMP_CLIENT/LMMP_WB.swf/[[DYNAMIC]]/9" "Mozilla/5.0 (Windows NT 6.1; WOW64; Trident/7.0; rv:11.0) like Gecko" 1050 25748
203.59.84.183 - - [24/Oct/2015:22:58:34 -0400] "GET /LMMPUI/LMMP_CLIENT/config/config.xml?1445741915951 HTTP/1.1" 200 12261 "http://pub.lmmp.nasa.gov/LMMPUI/LMMP_CLIENT/LMMP_WB.swf/[[DYNAMIC]]/32" "Mozilla/5.0 (Windows NT 6.1; WOW64; Trident/7.0; rv:11.0) like Gecko" 1060 12598
203.59.84.183 - - [24/Oct/2015:22:58:35 -0400] "GET /LMMPUI/LMMP_CLIENT/config/ldap.xml HTTP/1.1" 200 492 "http://pub.lmmp.nasa.gov/LMMPUI/LMMP_CLIENT/LMMP_WB.swf/[[DYNAMIC]]/32" "Mozilla/5.0 (Windows NT 6.1; WOW64; Trident/7.0; rv:11.0) like Gecko" 1044 826
203.59.84.183 - - [24/Oct/2015:22:58:35 -0400] "GET /LMMPUI/LMMP_CLIENT/assets/image/NASA_logo.png HTTP/1.1" 200 14512 "http://pub.lmmp.nasa.gov/LMMPUI/LMMP_CLIENT/LMMP_WB.swf/[[DYNAMIC]]/9" "Mozilla/5.0 (Windows NT 6.1; WOW64; Trident/7.0; rv:11.0) like Gecko" 1054 14844
203.59.84.183 - - [24/Oct/2015:22:58:35 -0400] "GET /LMMPUI/LMMP_CLIENT/homepage/features.xml?v=1445741916021 HTTP/1.1" 200 1611 "http://pub.lmmp.nasa.gov/LMMPUI/LMMP_CLIENT/LMMP_WB.swf/[[DYNAMIC]]/32" "Mozilla/5.0 (Windows NT 6.1; WOW64; Trident/7.0; rv:11.0) like Gecko" 1066 1947
203.59.84.183 - - [24/Oct/2015:22:58:35 -0400] "GET /LMMPUI/LMMP_CLIENT/config/helpLinks.xml HTTP/1.1" 200 927 "http://pub.lmmp.nasa.gov/LMMPUI/LMMP_CLIENT/LMMP_WB.swf/[[DYNAMIC]]/32" "Mozilla/5.0 (Windows NT 6.1; WOW64; Trident/7.0; rv:11.0) like Gecko" 1049 1261
127.0.0.1 - - [24/Oct/2015:22:58:36 -0400] "POST /opensso/sessionservice HTTP/1.1" 200 415 "-" "Java/1.5.0_21" 714 593
127.0.0.1 - - [24/Oct/2015:22:58:36 -0400] "POST /opensso/authservice HTTP/1.1" 200 839 "-" "Java/1.5.0_21" 694 1156
127.0.0.1 - - [24/Oct/2015:22:58:36 -0400] "POST /opensso/authservice HTTP/1.1" 200 1844 "-" "Java/1.5.0_21" 1039 2021
127.0.0.1 - - [24/Oct/2015:22:58:36 -0400] "POST /opensso/sessionservice HTTP/1.1" 200 2016 "-" "Java/1.5.0_21" 714 2193
127.0.0.1 - - [24/Oct/2015:22:58:36 -0400] "POST /opensso/sessionservice HTTP/1.1" 200 273 "-" "Java/1.5.0_21" 780 450
127.0.0.1 - - [24/Oct/2015:22:58:36 -0400] "GET /openssorest/token/localldap HTTP/1.1" 200 62 "-" "Java/1.5.0_21" 277 239
203.59.84.183 - - [24/Oct/2015:22:58:36 -0400] "GET /LMMPUI/rest/proxy/proxyService?cs=bG1tcGd1ZXN0fGd1ZXN0bG1tcHxodHRwOi8vcHViLmxtbXAubmFzYS5nb3Yvb3BlbnNzb3Jlc3QvdG9rZW4vbG9jYWxsZGFw HTTP/1.1" 200 63 "http://pub.lmmp.nasa.gov/LMMPUI/LMMP_CLIENT/LMMP_WB.swf/[[DYNAMIC]]/32" "Mozilla/5.0 (Windows NT 6.1; WOW64; Trident/7.0; rv:11.0) like Gecko" 1140 238
203.59.84.183 - - [24/Oct/2015:22:58:37 -0400] "POST /openssorest/token/localldap HTTP/1.1" 200 62 "http://pub.lmmp.nasa.gov/LMMPUI/LMMP_CLIENT/LMMP_WB.swf/[[DYNAMIC]]/32" "Mozilla/5.0 (Windows NT 6.1; WOW64; Trident/7.0; rv:11.0) like Gecko" 1194 238
203.59.84.183 - - [24/Oct/2015:22:58:38 -0400] "GET /opensso/identity/isTokenValid?iPlanetDirectoryPro=AQIC5wM2LY4SfcwzW%2B30KfNZ7bocAKP79YE84uYVEdQO864%3D%40AAJTSQACMDE%3D%23 HTTP/1.1" 200 13 "http://pub.lmmp.nasa.gov/LMMPUI/LMMP_CLIENT/LMMP_WB.swf/[[DYNAMIC]]/32" "Mozilla/5.0 (Windows NT 6.1; WOW64; Trident/7.0; rv:11.0) like Gecko" 1218 170
203.59.84.183 - - [24/Oct/2015:22:58:38 -0400] "GET /opensso/identity/isTokenValid?iPlanetDirectoryPro=AQIC5wM2LY4SfcwzW%2B30KfNZ7bocAKP79YE84uYVEdQO864%3D%40AAJTSQACMDE%3D%23 HTTP/1.1" 200 13 "http://pub.lmmp.nasa.gov/LMMPUI/LMMP_CLIENT/LMMP_WB.swf/[[DYNAMIC]]/32" "Mozilla/5.0 (Windows NT 6.1; WOW64; Trident/7.0; rv:11.0) like Gecko" 1218 170
203.59.84.183 - - [24/Oct/2015:22:58:39 -0400] "GET /opensso/identity/attributes?iPlanetDirectoryPro=AQIC5wM2LY4SfcwzW%2B30KfNZ7bocAKP79YE84uYVEdQO864%3D%40AAJTSQACMDE%3D%23 HTTP/1.1" 200 981 "http://pub.lmmp.nasa.gov/LMMPUI/LMMP_CLIENT/LMMP_WB.swf/[[DYNAMIC]]/32" "Mozilla/5.0 (Windows NT 6.1; WOW64; Trident/7.0; rv:11.0) like Gecko" 1216 1139
127.0.0.1 - - [24/Oct/2015:22:58:39 -0400] "POST /opensso/sessionservice HTTP/1.1" 200 2016 "-" "Java/1.5.0_21" 819 2194
127.0.0.1 - - [24/Oct/2015:22:58:39 -0400] "POST /opensso/sessionservice HTTP/1.1" 200 273 "-" "Java/1.5.0_21" 885 450
127.0.0.1 - - [24/Oct/2015:22:58:39 -0400] "POST /opensso/policyservice HTTP/1.1" 200 9463 "-" "Java/1.5.0_21" 1119 9648
127.0.0.1 - - [24/Oct/2015:22:58:39 -0400] "POST /opensso/jaxrpc/SMSObjectIF HTTP/1.1" 200 505 "-" "Java/1.5.0_21" 847 766
127.0.0.1 - - [24/Oct/2015:22:58:39 -0400] "POST /opensso/jaxrpc/DirectoryManagerIF HTTP/1.1" 200 1290 "-" "Java/1.5.0_21" 1362 1551
203.59.84.183 - - [24/Oct/2015:22:58:39 -0400] "GET /LMMP/rest/dbxml/resources?iPlanetDirectoryPro=AQIC5wM2LY4SfcwzW%2B30KfNZ7bocAKP79YE84uYVEdQO864%3D%40AAJTSQACMDE%3D%23 HTTP/1.1" 200 2827 "http://pub.lmmp.nasa.gov/LMMPUI/LMMP_CLIENT/LMMP_WB.swf/[[DYNAMIC]]/32" "Mozilla/5.0 (Windows NT 6.1; WOW64; Trident/7.0; rv:11.0) like Gecko" 1214 3079
