128.143.1.215 - - [29/Nov/2015:23:02:38 -0500] "GET /opensso/identity/isTokenValid?iPlanetDirectoryPro=AQIC5wM2LY4SfczkjGiI6yxHLZiWsXlokBxVpPbnWcp3Qrk%3D%40AAJTSQACMDE%3D%23 HTTP/1.1" 200 13 "http://pub.lmmp.nasa.gov/LMMPUI/LMMP_CLIENT/LMMP.html" "Mozilla/5.0 (Macintosh; Intel Mac OS X 10_11_1) AppleWebKit/601.2.7 (KHTML, like Gecko) Version/9.0.1 Safari/601.2.7" 834 170
128.143.1.215 - - [29/Nov/2015:23:02:38 -0500] "GET /opensso/identity/isTokenValid?iPlanetDirectoryPro=AQIC5wM2LY4SfczkjGiI6yxHLZiWsXlokBxVpPbnWcp3Qrk%3D%40AAJTSQACMDE%3D%23 HTTP/1.1" 200 13 "http://pub.lmmp.nasa.gov/LMMPUI/LMMP_CLIENT/LMMP.html" "Mozilla/5.0 (Macintosh; Intel Mac OS X 10_11_1) AppleWebKit/601.2.7 (KHTML, like Gecko) Version/9.0.1 Safari/601.2.7" 834 170
128.143.1.215 - - [29/Nov/2015:23:02:38 -0500] "GET /opensso/identity/isTokenValid?iPlanetDirectoryPro=AQIC5wM2LY4SfczkjGiI6yxHLZiWsXlokBxVpPbnWcp3Qrk%3D%40AAJTSQACMDE%3D%23 HTTP/1.1" 200 13 "http://pub.lmmp.nasa.gov/LMMPUI/LMMP_CLIENT/LMMP.html" "Mozilla/5.0 (Macintosh; Intel Mac OS X 10_11_1) AppleWebKit/601.2.7 (KHTML, like Gecko) Version/9.0.1 Safari/601.2.7" 834 170
128.143.1.215 - - [29/Nov/2015:23:02:38 -0500] "GET /opensso/identity/isTokenValid?iPlanetDirectoryPro=AQIC5wM2LY4SfczkjGiI6yxHLZiWsXlokBxVpPbnWcp3Qrk%3D%40AAJTSQACMDE%3D%23 HTTP/1.1" 200 13 "http://pub.lmmp.nasa.gov/LMMPUI/LMMP_CLIENT/LMMP.html" "Mozilla/5.0 (Macintosh; Intel Mac OS X 10_11_1) AppleWebKit/601.2.7 (KHTML, like Gecko) Version/9.0.1 Safari/601.2.7" 834 170
128.143.1.215 - - [29/Nov/2015:23:02:38 -0500] "GET /opensso/identity/isTokenValid?iPlanetDirectoryPro=AQIC5wM2LY4SfczkjGiI6yxHLZiWsXlokBxVpPbnWcp3Qrk%3D%40AAJTSQACMDE%3D%23 HTTP/1.1" 200 13 "http://pub.lmmp.nasa.gov/LMMPUI/LMMP_CLIENT/LMMP.html" "Mozilla/5.0 (Macintosh; Intel Mac OS X 10_11_1) AppleWebKit/601.2.7 (KHTML, like Gecko) Version/9.0.1 Safari/601.2.7" 834 170
128.143.1.215 - - [29/Nov/2015:23:02:38 -0500] "GET /opensso/identity/isTokenValid?iPlanetDirectoryPro=AQIC5wM2LY4SfczkjGiI6yxHLZiWsXlokBxVpPbnWcp3Qrk%3D%40AAJTSQACMDE%3D%23 HTTP/1.1" 200 13 "http://pub.lmmp.nasa.gov/LMMPUI/LMMP_CLIENT/LMMP.html" "Mozilla/5.0 (Macintosh; Intel Mac OS X 10_11_1) AppleWebKit/601.2.7 (KHTML, like Gecko) Version/9.0.1 Safari/601.2.7" 834 170
128.143.1.215 - - [29/Nov/2015:23:02:38 -0500] "GET /opensso/identity/isTokenValid?iPlanetDirectoryPro=AQIC5wM2LY4SfczkjGiI6yxHLZiWsXlokBxVpPbnWcp3Qrk%3D%40AAJTSQACMDE%3D%23 HTTP/1.1" 200 13 "http://pub.lmmp.nasa.gov/LMMPUI/LMMP_CLIENT/LMMP.html" "Mozilla/5.0 (Macintosh; Intel Mac OS X 10_11_1) AppleWebKit/601.2.7 (KHTML, like Gecko) Version/9.0.1 Safari/601.2.7" 834 170
128.143.1.215 - - [29/Nov/2015:23:02:40 -0500] "GET /opensso/identity/isTokenValid?iPlanetDirectoryPro=AQIC5wM2LY4SfczkjGiI6yxHLZiWsXlokBxVpPbnWcp3Qrk%3D%40AAJTSQACMDE%3D%23 HTTP/1.1" 200 13 "http://pub.lmmp.nasa.gov/LMMPUI/LMMP_CLIENT/LMMP.html" "Mozilla/5.0 (Macintosh; Intel Mac OS X 10_11_1) AppleWebKit/601.2.7 (KHTML, like Gecko) Version/9.0.1 Safari/601.2.7" 834 170
128.143.1.215 - - [29/Nov/2015:23:02:40 -0500] "GET /opensso/identity/isTokenValid?iPlanetDirectoryPro=AQIC5wM2LY4SfczkjGiI6yxHLZiWsXlokBxVpPbnWcp3Qrk%3D%40AAJTSQACMDE%3D%23 HTTP/1.1" 200 13 "http://pub.lmmp.nasa.gov/LMMPUI/LMMP_CLIENT/LMMP.html" "Mozilla/5.0 (Macintosh; Intel Mac OS X 10_11_1) AppleWebKit/601.2.7 (KHTML, like Gecko) Version/9.0.1 Safari/601.2.7" 834 170
128.143.1.215 - - [29/Nov/2015:23:02:40 -0500] "GET /LMMP/rest/auxmd/types?iPlanetDirectoryPro=AQIC5wM2LY4SfczkjGiI6yxHLZiWsXlokBxVpPbnWcp3Qrk%3D%40AAJTSQACMDE%3D%23 HTTP/1.1" 200 119 "http://pub.lmmp.nasa.gov/LMMPUI/LMMP_CLIENT/LMMP.html" "Mozilla/5.0 (Macintosh; Intel Mac OS X 10_11_1) AppleWebKit/601.2.7 (KHTML, like Gecko) Version/9.0.1 Safari/601.2.7" 879 294
128.143.1.215 - - [29/Nov/2015:23:02:40 -0500] "GET /LMMP/rest/auxmd/acl?iPlanetDirectoryPro=AQIC5wM2LY4SfczkjGiI6yxHLZiWsXlokBxVpPbnWcp3Qrk%3D%40AAJTSQACMDE%3D%23 HTTP/1.1" 200 1468 "http://pub.lmmp.nasa.gov/LMMPUI/LMMP_CLIENT/LMMP.html" "Mozilla/5.0 (Macintosh; Intel Mac OS X 10_11_1) AppleWebKit/601.2.7 (KHTML, like Gecko) Version/9.0.1 Safari/601.2.7" 877 1644
128.143.1.215 - - [29/Nov/2015:23:02:40 -0500] "GET /opensso/identity/isTokenValid?iPlanetDirectoryPro=AQIC5wM2LY4SfczkjGiI6yxHLZiWsXlokBxVpPbnWcp3Qrk%3D%40AAJTSQACMDE%3D%23 HTTP/1.1" 200 13 "http://pub.lmmp.nasa.gov/LMMPUI/LMMP_CLIENT/LMMP.html" "Mozilla/5.0 (Macintosh; Intel Mac OS X 10_11_1) AppleWebKit/601.2.7 (KHTML, like Gecko) Version/9.0.1 Safari/601.2.7" 834 170
128.143.1.215 - - [29/Nov/2015:23:02:40 -0500] "GET /opensso/identity/isTokenValid?iPlanetDirectoryPro=AQIC5wM2LY4SfczkjGiI6yxHLZiWsXlokBxVpPbnWcp3Qrk%3D%40AAJTSQACMDE%3D%23 HTTP/1.1" 200 13 "http://pub.lmmp.nasa.gov/LMMPUI/LMMP_CLIENT/LMMP.html" "Mozilla/5.0 (Macintosh; Intel Mac OS X 10_11_1) AppleWebKit/601.2.7 (KHTML, like Gecko) Version/9.0.1 Safari/601.2.7" 834 170
128.143.1.215 - - [29/Nov/2015:23:02:40 -0500] "GET /opensso/identity/isTokenValid?iPlanetDirectoryPro=AQIC5wM2LY4SfczkjGiI6yxHLZiWsXlokBxVpPbnWcp3Qrk%3D%40AAJTSQACMDE%3D%23 HTTP/1.1" 200 13 "http://pub.lmmp.nasa.gov/LMMPUI/LMMP_CLIENT/LMMP.html" "Mozilla/5.0 (Macintosh; Intel Mac OS X 10_11_1) AppleWebKit/601.2.7 (KHTML, like Gecko) Version/9.0.1 Safari/601.2.7" 834 170
128.143.1.215 - - [29/Nov/2015:23:02:40 -0500] "GET /opensso/identity/isTokenValid?iPlanetDirectoryPro=AQIC5wM2LY4SfczkjGiI6yxHLZiWsXlokBxVpPbnWcp3Qrk%3D%40AAJTSQACMDE%3D%23 HTTP/1.1" 200 13 "http://pub.lmmp.nasa.gov/LMMPUI/LMMP_CLIENT/LMMP.html" "Mozilla/5.0 (Macintosh; Intel Mac OS X 10_11_1) AppleWebKit/601.2.7 (KHTML, like Gecko) Version/9.0.1 Safari/601.2.7" 834 170
128.143.1.215 - - [29/Nov/2015:23:02:40 -0500] "GET /opensso/identity/isTokenValid?iPlanetDirectoryPro=AQIC5wM2LY4SfczkjGiI6yxHLZiWsXlokBxVpPbnWcp3Qrk%3D%40AAJTSQACMDE%3D%23 HTTP/1.1" 200 13 "http://pub.lmmp.nasa.gov/LMMPUI/LMMP_CLIENT/LMMP.html" "Mozilla/5.0 (Macintosh; Intel Mac OS X 10_11_1) AppleWebKit/601.2.7 (KHTML, like Gecko) Version/9.0.1 Safari/601.2.7" 834 171
128.143.1.215 - - [29/Nov/2015:23:02:40 -0500] "GET /LMMP/rest/auxmd/create?mdType=layer&iPlanetDirectoryPro=AQIC5wM2LY4SfczkjGiI6yxHLZiWsXlokBxVpPbnWcp3Qrk%3D%40AAJTSQACMDE%3D%23 HTTP/1.1" 200 173 "http://pub.lmmp.nasa.gov/LMMPUI/LMMP_CLIENT/LMMP.html" "Mozilla/5.0 (Macintosh; Intel Mac OS X 10_11_1) AppleWebKit/601.2.7 (KHTML, like Gecko) Version/9.0.1 Safari/601.2.7" 893 348
128.143.1.215 - - [29/Nov/2015:23:02:40 -0500] "GET /LMMP/rest/auxmd/create?mdType=point&iPlanetDirectoryPro=AQIC5wM2LY4SfczkjGiI6yxHLZiWsXlokBxVpPbnWcp3Qrk%3D%40AAJTSQACMDE%3D%23 HTTP/1.1" 200 319 "http://pub.lmmp.nasa.gov/LMMPUI/LMMP_CLIENT/LMMP.html" "Mozilla/5.0 (Macintosh; Intel Mac OS X 10_11_1) AppleWebKit/601.2.7 (KHTML, like Gecko) Version/9.0.1 Safari/601.2.7" 893 495
128.143.1.215 - - [29/Nov/2015:23:02:40 -0500] "GET /LMMP/rest/auxmd/create?mdType=polyo&iPlanetDirectoryPro=AQIC5wM2LY4SfczkjGiI6yxHLZiWsXlokBxVpPbnWcp3Qrk%3D%40AAJTSQACMDE%3D%23 HTTP/1.1" 200 38 "http://pub.lmmp.nasa.gov/LMMPUI/LMMP_CLIENT/LMMP.html" "Mozilla/5.0 (Macintosh; Intel Mac OS X 10_11_1) AppleWebKit/601.2.7 (KHTML, like Gecko) Version/9.0.1 Safari/601.2.7" 893 213
128.143.1.215 - - [29/Nov/2015:23:02:40 -0500] "GET /LMMP/rest/auxmd/create?mdType=bounding&iPlanetDirectoryPro=AQIC5wM2LY4SfczkjGiI6yxHLZiWsXlokBxVpPbnWcp3Qrk%3D%40AAJTSQACMDE%3D%23 HTTP/1.1" 200 513 "http://pub.lmmp.nasa.gov/LMMPUI/LMMP_CLIENT/LMMP.html" "Mozilla/5.0 (Macintosh; Intel Mac OS X 10_11_1) AppleWebKit/601.2.7 (KHTML, like Gecko) Version/9.0.1 Safari/601.2.7" 896 689
128.143.1.215 - - [29/Nov/2015:23:02:40 -0500] "GET /LMMP/rest/auxmd/create?mdType=polyx&iPlanetDirectoryPro=AQIC5wM2LY4SfczkjGiI6yxHLZiWsXlokBxVpPbnWcp3Qrk%3D%40AAJTSQACMDE%3D%23 HTTP/1.1" 200 38 "http://pub.lmmp.nasa.gov/LMMPUI/LMMP_CLIENT/LMMP.html" "Mozilla/5.0 (Macintosh; Intel Mac OS X 10_11_1) AppleWebKit/601.2.7 (KHTML, like Gecko) Version/9.0.1 Safari/601.2.7" 893 213
128.143.1.215 - - [29/Nov/2015:23:02:41 -0500] "GET /LMMPUI/LMMP_CLIENT/homepage/data.xml?v=1448856161580 HTTP/1.1" 200 3907 "http://pub.lmmp.nasa.gov/LMMPUI/LMMP_CLIENT/LMMP.html" "Mozilla/5.0 (Macintosh; Intel Mac OS X 10_11_1) AppleWebKit/601.2.7 (KHTML, like Gecko) Version/9.0.1 Safari/601.2.7" 819 4242
127.0.0.1 - - [29/Nov/2015:23:02:42 -0500] "GET /opensso/namingservice HTTP/1.1" 200 7 "-" "Java/1.5.0_21" 220 183
127.0.0.1 - - [29/Nov/2015:23:02:43 -0500] "GET /opensso/namingservice HTTP/1.1" 200 7 "-" "Java/1.5.0_21" 220 182
70.210.51.13 - - [29/Nov/2015:23:03:03 -0500] "GET /opensso/identity/isTokenValid HTTP/1.1" 200 14 "-" "Moon%20Tours/1.0.0 CFNetwork/758.1.6 Darwin/15.0.0" 229 172
70.210.51.13 - - [29/Nov/2015:23:03:03 -0500] "GET /opensso/UI/Login?module=Anonymous&org=appspub&goto=http%3A%2F%2Fpub.lmmp.nasa.gov%2Flmmpmobile%2Frefresh HTTP/1.1" 302 - "-" "Moon%20Tours/1.0.0 CFNetwork/758.1.6 Darwin/15.0.0" 304 936
70.210.51.13 - - [29/Nov/2015:23:03:04 -0500] "GET /lmmpmobile/refresh?iPlanetDirectoryPro=AQIC5wM2LY4SfcyW%2F35OOKvjmk6NQQ2NurcKdTmZGD%2Fm%2Bnc%3D%40AAJTSQACMDE%3D%23 HTTP/1.1" 200 - "-" "Moon%20Tours/1.0.0 CFNetwork/758.1.6 Darwin/15.0.0" 424 316
127.0.0.1 - - [29/Nov/2015:23:03:12 -0500] "GET /opensso/namingservice HTTP/1.1" 200 7 "-" "Java/1.5.0_21" 220 183
127.0.0.1 - - [29/Nov/2015:23:03:13 -0500] "GET /opensso/namingservice HTTP/1.1" 200 7 "-" "Java/1.5.0_21" 220 183
70.210.51.13 - - [29/Nov/2015:23:03:22 -0500] "GET /lmmpmobile/config-1.0.json HTTP/1.1" 200 1338 "-" "Moon%20Tours/1.0.0 CFNetwork/758.1.6 Darwin/15.0.0" 326 1666
70.210.51.13 - - [29/Nov/2015:23:03:23 -0500] "GET /lmmpmobile/bookmarks-1.0.2.json HTTP/1.1" 200 11401 "-" "Moon%20Tours/1.0.0 CFNetwork/758.1.6 Darwin/15.0.0" 331 11730
70.210.51.13 - - [29/Nov/2015:23:03:23 -0500] "GET /lmmpmobile/pages/glossary-1.0.2.html HTTP/1.1" 200 4306 "-" "Moon%20Tours/1.0.0 CFNetwork/758.1.6 Darwin/15.0.0" 336 4628
70.210.51.13 - - [29/Nov/2015:23:03:23 -0500] "GET /lmmpmobile/pages/help-1.0.2.html HTTP/1.1" 200 6781 "-" "Moon%20Tours/1.0.0 CFNetwork/758.1.6 Darwin/15.0.0" 332 7103
70.210.51.13 - - [29/Nov/2015:23:03:23 -0500] "GET /lmmpmobile/pages/about-1.0.2.html HTTP/1.1" 200 2716 "-" "Moon%20Tours/1.0.0 CFNetwork/758.1.6 Darwin/15.0.0" 333 3037
70.210.51.13 - - [29/Nov/2015:23:03:24 -0500] "GET /arcgis/rest/services/ERGraticule/MapServer?f=json HTTP/1.1" 200 701 "arcgisios" "ArcGISiOS-2.3.2/9.1/iPhone7,2" 357 996
70.210.51.13 - - [29/Nov/2015:23:03:24 -0500] "GET /arcgis/rest/services/CombinedNomenclature/MapServer?f=json HTTP/1.1" 200 810 "arcgisios" "ArcGISiOS-2.3.2/9.1/iPhone7,2" 366 1105
127.0.0.1 - - [29/Nov/2015:23:03:42 -0500] "GET /opensso/namingservice HTTP/1.1" 200 7 "-" "Java/1.5.0_21" 220 183
127.0.0.1 - - [29/Nov/2015:23:03:43 -0500] "GET /opensso/namingservice HTTP/1.1" 200 7 "-" "Java/1.5.0_21" 220 183
127.0.0.1 - - [29/Nov/2015:23:04:12 -0500] "GET /opensso/namingservice HTTP/1.1" 200 7 "-" "Java/1.5.0_21" 220 183
127.0.0.1 - - [29/Nov/2015:23:04:13 -0500] "GET /opensso/namingservice HTTP/1.1" 200 7 "-" "Java/1.5.0_21" 220 183
127.0.0.1 - - [29/Nov/2015:23:04:42 -0500] "GET /opensso/namingservice HTTP/1.1" 200 7 "-" "Java/1.5.0_21" 220 183
127.0.0.1 - - [29/Nov/2015:23:04:43 -0500] "GET /opensso/namingservice HTTP/1.1" 200 7 "-" "Java/1.5.0_21" 220 183
128.143.1.215 - - [29/Nov/2015:23:05:06 -0500] "GET /opensso/identity/isTokenValid?iPlanetDirectoryPro=AQIC5wM2LY4SfczkjGiI6yxHLZiWsXlokBxVpPbnWcp3Qrk%3D%40AAJTSQACMDE%3D%23 HTTP/1.1" 200 13 "http://pub.lmmp.nasa.gov/LMMPUI/LMMP_CLIENT/LMMP.html" "Mozilla/5.0 (Macintosh; Intel Mac OS X 10_11_1) AppleWebKit/601.2.7 (KHTML, like Gecko) Version/9.0.1 Safari/601.2.7" 834 171
128.143.1.215 - - [29/Nov/2015:23:05:06 -0500] "GET /opensso/identity/isTokenValid?iPlanetDirectoryPro=AQIC5wM2LY4SfczkjGiI6yxHLZiWsXlokBxVpPbnWcp3Qrk%3D%40AAJTSQACMDE%3D%23 HTTP/1.1" 200 13 "http://pub.lmmp.nasa.gov/LMMPUI/LMMP_CLIENT/LMMP.html" "Mozilla/5.0 (Macintosh; Intel Mac OS X 10_11_1) AppleWebKit/601.2.7 (KHTML, like Gecko) Version/9.0.1 Safari/601.2.7" 834 171
128.143.1.215 - - [29/Nov/2015:23:05:06 -0500] "GET /opensso/identity/isTokenValid?iPlanetDirectoryPro=AQIC5wM2LY4SfczkjGiI6yxHLZiWsXlokBxVpPbnWcp3Qrk%3D%40AAJTSQACMDE%3D%23 HTTP/1.1" 200 13 "http://pub.lmmp.nasa.gov/LMMPUI/LMMP_CLIENT/LMMP.html" "Mozilla/5.0 (Macintosh; Intel Mac OS X 10_11_1) AppleWebKit/601.2.7 (KHTML, like Gecko) Version/9.0.1 Safari/601.2.7" 834 171
128.143.1.215 - - [29/Nov/2015:23:05:06 -0500] "GET /opensso/identity/isTokenValid?iPlanetDirectoryPro=AQIC5wM2LY4SfczkjGiI6yxHLZiWsXlokBxVpPbnWcp3Qrk%3D%40AAJTSQACMDE%3D%23 HTTP/1.1" 200 13 "http://pub.lmmp.nasa.gov/LMMPUI/LMMP_CLIENT/LMMP.html" "Mozilla/5.0 (Macintosh; Intel Mac OS X 10_11_1) AppleWebKit/601.2.7 (KHTML, like Gecko) Version/9.0.1 Safari/601.2.7" 834 171
128.143.1.215 - - [29/Nov/2015:23:05:06 -0500] "GET /opensso/identity/isTokenValid?iPlanetDirectoryPro=AQIC5wM2LY4SfczkjGiI6yxHLZiWsXlokBxVpPbnWcp3Qrk%3D%40AAJTSQACMDE%3D%23 HTTP/1.1" 200 13 "http://pub.lmmp.nasa.gov/LMMPUI/LMMP_CLIENT/LMMP.html" "Mozilla/5.0 (Macintosh; Intel Mac OS X 10_11_1) AppleWebKit/601.2.7 (KHTML, like Gecko) Version/9.0.1 Safari/601.2.7" 834 171
128.143.1.215 - - [29/Nov/2015:23:05:06 -0500] "GET /opensso/identity/isTokenValid?iPlanetDirectoryPro=AQIC5wM2LY4SfczkjGiI6yxHLZiWsXlokBxVpPbnWcp3Qrk%3D%40AAJTSQACMDE%3D%23 HTTP/1.1" 200 13 "http://pub.lmmp.nasa.gov/LMMPUI/LMMP_CLIENT/LMMP.html" "Mozilla/5.0 (Macintosh; Intel Mac OS X 10_11_1) AppleWebKit/601.2.7 (KHTML, like Gecko) Version/9.0.1 Safari/601.2.7" 834 171
127.0.0.1 - - [29/Nov/2015:23:05:06 -0500] "POST /opensso/sessionservice HTTP/1.1" 200 2016 "-" "Java/1.5.0_21" 820 2194
127.0.0.1 - - [29/Nov/2015:23:05:06 -0500] "POST /opensso/sessionservice HTTP/1.1" 200 2016 "-" "Java/1.5.0_21" 820 2194
127.0.0.1 - - [29/Nov/2015:23:05:06 -0500] "POST /opensso/sessionservice HTTP/1.1" 200 2016 "-" "Java/1.5.0_21" 820 2194
127.0.0.1 - - [29/Nov/2015:23:05:06 -0500] "POST /opensso/sessionservice HTTP/1.1" 200 2016 "-" "Java/1.5.0_21" 819 2194
127.0.0.1 - - [29/Nov/2015:23:05:06 -0500] "POST /opensso/policyservice HTTP/1.1" 200 9463 "-" "Java/1.5.0_21" 1119 9648
127.0.0.1 - - [29/Nov/2015:23:05:06 -0500] "POST /opensso/policyservice HTTP/1.1" 200 9463 "-" "Java/1.5.0_21" 1119 9648
127.0.0.1 - - [29/Nov/2015:23:05:06 -0500] "POST /opensso/policyservice HTTP/1.1" 200 9463 "-" "Java/1.5.0_21" 1119 9648
127.0.0.1 - - [29/Nov/2015:23:05:06 -0500] "POST /opensso/policyservice HTTP/1.1" 200 9463 "-" "Java/1.5.0_21" 1119 9648
127.0.0.1 - - [29/Nov/2015:23:05:06 -0500] "POST /opensso/jaxrpc/SMSObjectIF HTTP/1.1" 200 505 "-" "Java/1.5.0_21" 847 766
128.143.1.215 - - [29/Nov/2015:23:05:06 -0500] "GET /solr/pds/select?sort=score%20desc%2Cproductname%20asc&fl=%2A%2Cscore&iPlanetDirectoryPro=AQIC5wM2LY4SfczkjGiI6yxHLZiWsXlokBxVpPbnWcp3Qrk%3D%40AAJTSQACMDE%3D%23&start=0&q=%28valles%20marineris%29&wt=json&rows=100&version=2%2E2&indent=off HTTP/1.1" 200 344 "http://pub.lmmp.nasa.gov/LMMPUI/LMMP_CLIENT/LMMP.html" "Mozilla/5.0 (Macintosh; Intel Mac OS X 10_11_1) AppleWebKit/601.2.7 (KHTML, like Gecko) Version/9.0.1 Safari/601.2.7" 950 593
127.0.0.1 - - [29/Nov/2015:23:05:06 -0500] "POST /opensso/jaxrpc/DirectoryManagerIF HTTP/1.1" 200 707 "-" "Java/1.5.0_21" 1215 968
128.143.1.215 - - [29/Nov/2015:23:05:06 -0500] "GET /lmmp-services/solr/proxy?sort=score%20desc%2C%20s%5Ftitle%20asc&fl=%2A&iPlanetDirectoryPro=AQIC5wM2LY4SfczkjGiI6yxHLZiWsXlokBxVpPbnWcp3Qrk%3D%40AAJTSQACMDE%3D%23&start=0&q=%28valles%20marineris%29&wt=json&rows=100&version=2%2E2&indent=off HTTP/1.1" 200 509 "http://pub.lmmp.nasa.gov/LMMPUI/LMMP_CLIENT/LMMP.html" "Mozilla/5.0 (Macintosh; Intel Mac OS X 10_11_1) AppleWebKit/601.2.7 (KHTML, like Gecko) Version/9.0.1 Safari/601.2.7" 952 851
127.0.0.1 - - [29/Nov/2015:23:05:06 -0500] "POST /opensso/jaxrpc/SMSObjectIF HTTP/1.1" 200 505 "-" "Java/1.5.0_21" 847 766
127.0.0.1 - - [29/Nov/2015:23:05:06 -0500] "POST /opensso/jaxrpc/SMSObjectIF HTTP/1.1" 200 505 "-" "Java/1.5.0_21" 847 766
127.0.0.1 - - [29/Nov/2015:23:05:06 -0500] "POST /opensso/jaxrpc/DirectoryManagerIF HTTP/1.1" 200 1290 "-" "Java/1.5.0_21" 1362 1551
127.0.0.1 - - [29/Nov/2015:23:05:06 -0500] "POST /opensso/jaxrpc/DirectoryManagerIF HTTP/1.1" 200 1290 "-" "Java/1.5.0_21" 1362 1551
128.143.1.215 - - [29/Nov/2015:23:05:06 -0500] "GET /LMMP/rest/dbxml/aux/find?xPath=/auxmd[%20(contains(upper-case(//title),%20upper-case(%22valles%20marineris%22))%20or%20%20upper-case(//originator)%20=%20upper-case(%22valles%20marineris%22)%20)]&iPlanetDirectoryPro=AQIC5wM2LY4SfczkjGiI6yxHLZiWsXlokBxVpPbnWcp3Qrk%3D%40AAJTSQACMDE%3D%23 HTTP/1.1" 200 - "http://pub.lmmp.nasa.gov/LMMPUI/LMMP_CLIENT/LMMP.html" "Mozilla/5.0 (Macintosh; Intel Mac OS X 10_11_1) AppleWebKit/601.2.7 (KHTML, like Gecko) Version/9.0.1 Safari/601.2.7" 1052 154
128.143.1.215 - - [29/Nov/2015:23:05:06 -0500] "GET /LMMP/rest/dbxml/aux/find?xPath=/auxmd[%20(contains(upper-case(//title),%20upper-case(%22valles%20marineris%22))%20or%20%20upper-case(//originator)%20=%20upper-case(%22valles%20marineris%22)%20)]&iPlanetDirectoryPro=AQIC5wM2LY4SfczkjGiI6yxHLZiWsXlokBxVpPbnWcp3Qrk%3D%40AAJTSQACMDE%3D%23 HTTP/1.1" 200 - "http://pub.lmmp.nasa.gov/LMMPUI/LMMP_CLIENT/LMMP.html" "Mozilla/5.0 (Macintosh; Intel Mac OS X 10_11_1) AppleWebKit/601.2.7 (KHTML, like Gecko) Version/9.0.1 Safari/601.2.7" 1052 154
127.0.0.1 - - [29/Nov/2015:23:05:07 -0500] "POST /opensso/sessionservice HTTP/1.1" 200 2016 "-" "Java/1.5.0_21" 820 2194
128.143.1.215 - - [29/Nov/2015:23:05:06 -0500] "GET /solr/pds/select?sort=score%20desc%2Cproductname%20asc&fl=%2A%2Cscore&iPlanetDirectoryPro=AQIC5wM2LY4SfczkjGiI6yxHLZiWsXlokBxVpPbnWcp3Qrk%3D%40AAJTSQACMDE%3D%23&start=0&q=%28valles%20marineris%29&wt=json&rows=100&version=2%2E2&indent=off HTTP/1.1" 200 344 "http://pub.lmmp.nasa.gov/LMMPUI/LMMP_CLIENT/LMMP.html" "Mozilla/5.0 (Macintosh; Intel Mac OS X 10_11_1) AppleWebKit/601.2.7 (KHTML, like Gecko) Version/9.0.1 Safari/601.2.7" 950 593
127.0.0.1 - - [29/Nov/2015:23:05:08 -0500] "POST /opensso/sessionservice HTTP/1.1" 200 2016 "-" "Java/1.5.0_21" 820 2194
127.0.0.1 - - [29/Nov/2015:23:05:08 -0500] "POST /opensso/jaxrpc/SMSObjectIF HTTP/1.1" 200 505 "-" "Java/1.5.0_21" 847 766
127.0.0.1 - - [29/Nov/2015:23:05:08 -0500] "POST /opensso/jaxrpc/DirectoryManagerIF HTTP/1.1" 200 707 "-" "Java/1.5.0_21" 1215 968
128.143.1.215 - - [29/Nov/2015:23:05:06 -0500] "GET /lmmp-services/solr/proxy?sort=score%20desc%2C%20s%5Ftitle%20asc&fl=%2A&iPlanetDirectoryPro=AQIC5wM2LY4SfczkjGiI6yxHLZiWsXlokBxVpPbnWcp3Qrk%3D%40AAJTSQACMDE%3D%23&start=0&q=%28valles%20marineris%29&wt=json&rows=100&version=2%2E2&indent=off HTTP/1.1" 200 509 "http://pub.lmmp.nasa.gov/LMMPUI/LMMP_CLIENT/LMMP.html" "Mozilla/5.0 (Macintosh; Intel Mac OS X 10_11_1) AppleWebKit/601.2.7 (KHTML, like Gecko) Version/9.0.1 Safari/601.2.7" 952 851
128.143.1.215 - - [29/Nov/2015:23:05:11 -0500] "GET /opensso/identity/isTokenValid?iPlanetDirectoryPro=AQIC5wM2LY4SfczkjGiI6yxHLZiWsXlokBxVpPbnWcp3Qrk%3D%40AAJTSQACMDE%3D%23 HTTP/1.1" 200 13 "http://pub.lmmp.nasa.gov/LMMPUI/LMMP_CLIENT/LMMP.html" "Mozilla/5.0 (Macintosh; Intel Mac OS X 10_11_1) AppleWebKit/601.2.7 (KHTML, like Gecko) Version/9.0.1 Safari/601.2.7" 834 170
128.143.1.215 - - [29/Nov/2015:23:05:11 -0500] "GET /opensso/identity/isTokenValid?iPlanetDirectoryPro=AQIC5wM2LY4SfczkjGiI6yxHLZiWsXlokBxVpPbnWcp3Qrk%3D%40AAJTSQACMDE%3D%23 HTTP/1.1" 200 13 "http://pub.lmmp.nasa.gov/LMMPUI/LMMP_CLIENT/LMMP.html" "Mozilla/5.0 (Macintosh; Intel Mac OS X 10_11_1) AppleWebKit/601.2.7 (KHTML, like Gecko) Version/9.0.1 Safari/601.2.7" 834 170
128.143.1.215 - - [29/Nov/2015:23:05:11 -0500] "GET /opensso/identity/isTokenValid?iPlanetDirectoryPro=AQIC5wM2LY4SfczkjGiI6yxHLZiWsXlokBxVpPbnWcp3Qrk%3D%40AAJTSQACMDE%3D%23 HTTP/1.1" 200 13 "http://pub.lmmp.nasa.gov/LMMPUI/LMMP_CLIENT/LMMP.html" "Mozilla/5.0 (Macintosh; Intel Mac OS X 10_11_1) AppleWebKit/601.2.7 (KHTML, like Gecko) Version/9.0.1 Safari/601.2.7" 834 171
128.143.1.215 - - [29/Nov/2015:23:05:11 -0500] "GET /opensso/identity/isTokenValid?iPlanetDirectoryPro=AQIC5wM2LY4SfczkjGiI6yxHLZiWsXlokBxVpPbnWcp3Qrk%3D%40AAJTSQACMDE%3D%23 HTTP/1.1" 200 13 "http://pub.lmmp.nasa.gov/LMMPUI/LMMP_CLIENT/LMMP.html" "Mozilla/5.0 (Macintosh; Intel Mac OS X 10_11_1) AppleWebKit/601.2.7 (KHTML, like Gecko) Version/9.0.1 Safari/601.2.7" 834 170
128.143.1.215 - - [29/Nov/2015:23:05:11 -0500] "GET /opensso/identity/isTokenValid?iPlanetDirectoryPro=AQIC5wM2LY4SfczkjGiI6yxHLZiWsXlokBxVpPbnWcp3Qrk%3D%40AAJTSQACMDE%3D%23 HTTP/1.1" 200 13 "http://pub.lmmp.nasa.gov/LMMPUI/LMMP_CLIENT/LMMP.html" "Mozilla/5.0 (Macintosh; Intel Mac OS X 10_11_1) AppleWebKit/601.2.7 (KHTML, like Gecko) Version/9.0.1 Safari/601.2.7" 834 170
128.143.1.215 - - [29/Nov/2015:23:05:11 -0500] "GET /opensso/identity/isTokenValid?iPlanetDirectoryPro=AQIC5wM2LY4SfczkjGiI6yxHLZiWsXlokBxVpPbnWcp3Qrk%3D%40AAJTSQACMDE%3D%23 HTTP/1.1" 200 13 "http://pub.lmmp.nasa.gov/LMMPUI/LMMP_CLIENT/LMMP.html" "Mozilla/5.0 (Macintosh; Intel Mac OS X 10_11_1) AppleWebKit/601.2.7 (KHTML, like Gecko) Version/9.0.1 Safari/601.2.7" 834 170
128.143.1.215 - - [29/Nov/2015:23:05:11 -0500] "GET /solr/pds/select?sort=score%20desc%2Cproductname%20asc&fl=%2A%2Cscore&iPlanetDirectoryPro=AQIC5wM2LY4SfczkjGiI6yxHLZiWsXlokBxVpPbnWcp3Qrk%3D%40AAJTSQACMDE%3D%23&start=0&q=%28marineres%29&wt=json&rows=100&version=2%2E2&indent=off HTTP/1.1" 200 337 "http://pub.lmmp.nasa.gov/LMMPUI/LMMP_CLIENT/LMMP.html" "Mozilla/5.0 (Macintosh; Intel Mac OS X 10_11_1) AppleWebKit/601.2.7 (KHTML, like Gecko) Version/9.0.1 Safari/601.2.7" 994 510
128.143.1.215 - - [29/Nov/2015:23:05:11 -0500] "GET /solr/pds/select?sort=score%20desc%2Cproductname%20asc&fl=%2A%2Cscore&iPlanetDirectoryPro=AQIC5wM2LY4SfczkjGiI6yxHLZiWsXlokBxVpPbnWcp3Qrk%3D%40AAJTSQACMDE%3D%23&start=0&q=%28marineres%29&wt=json&rows=100&version=2%2E2&indent=off HTTP/1.1" 200 337 "http://pub.lmmp.nasa.gov/LMMPUI/LMMP_CLIENT/LMMP.html" "Mozilla/5.0 (Macintosh; Intel Mac OS X 10_11_1) AppleWebKit/601.2.7 (KHTML, like Gecko) Version/9.0.1 Safari/601.2.7" 994 509
127.0.0.1 - - [29/Nov/2015:23:05:11 -0500] "POST /opensso/jaxrpc/SMSObjectIF HTTP/1.1" 200 505 "-" "Java/1.5.0_21" 847 767
127.0.0.1 - - [29/Nov/2015:23:05:11 -0500] "POST /opensso/jaxrpc/DirectoryManagerIF HTTP/1.1" 200 1290 "-" "Java/1.5.0_21" 1362 1551
127.0.0.1 - - [29/Nov/2015:23:05:11 -0500] "POST /opensso/jaxrpc/SMSObjectIF HTTP/1.1" 200 505 "-" "Java/1.5.0_21" 847 766
127.0.0.1 - - [29/Nov/2015:23:05:11 -0500] "POST /opensso/jaxrpc/SMSObjectIF HTTP/1.1" 200 505 "-" "Java/1.5.0_21" 847 766
127.0.0.1 - - [29/Nov/2015:23:05:11 -0500] "POST /opensso/jaxrpc/SMSObjectIF HTTP/1.1" 200 505 "-" "Java/1.5.0_21" 847 767
127.0.0.1 - - [29/Nov/2015:23:05:11 -0500] "POST /opensso/jaxrpc/DirectoryManagerIF HTTP/1.1" 200 707 "-" "Java/1.5.0_21" 1215 968
127.0.0.1 - - [29/Nov/2015:23:05:11 -0500] "POST /opensso/jaxrpc/DirectoryManagerIF HTTP/1.1" 200 1290 "-" "Java/1.5.0_21" 1362 1551
128.143.1.215 - - [29/Nov/2015:23:05:11 -0500] "GET /lmmp-services/solr/proxy?sort=score%20desc%2C%20s%5Ftitle%20asc&fl=%2A&iPlanetDirectoryPro=AQIC5wM2LY4SfczkjGiI6yxHLZiWsXlokBxVpPbnWcp3Qrk%3D%40AAJTSQACMDE%3D%23&start=0&q=%28marineres%29&wt=json&rows=100&version=2%2E2&indent=off HTTP/1.1" 200 502 "http://pub.lmmp.nasa.gov/LMMPUI/LMMP_CLIENT/LMMP.html" "Mozilla/5.0 (Macintosh; Intel Mac OS X 10_11_1) AppleWebKit/601.2.7 (KHTML, like Gecko) Version/9.0.1 Safari/601.2.7" 996 785
128.143.1.215 - - [29/Nov/2015:23:05:11 -0500] "GET /LMMP/rest/dbxml/aux/find?xPath=/auxmd[%20(contains(upper-case(//title),%20upper-case(%22marineres%22))%20or%20%20upper-case(//originator)%20=%20upper-case(%22marineres%22)%20)]&iPlanetDirectoryPro=AQIC5wM2LY4SfczkjGiI6yxHLZiWsXlokBxVpPbnWcp3Qrk%3D%40AAJTSQACMDE%3D%23 HTTP/1.1" 200 - "http://pub.lmmp.nasa.gov/LMMPUI/LMMP_CLIENT/LMMP.html" "Mozilla/5.0 (Macintosh; Intel Mac OS X 10_11_1) AppleWebKit/601.2.7 (KHTML, like Gecko) Version/9.0.1 Safari/601.2.7" 1034 154
127.0.0.1 - - [29/Nov/2015:23:05:11 -0500] "POST /opensso/jaxrpc/DirectoryManagerIF HTTP/1.1" 200 707 "-" "Java/1.5.0_21" 1215 968
128.143.1.215 - - [29/Nov/2015:23:05:11 -0500] "GET /lmmp-services/solr/proxy?sort=score%20desc%2C%20s%5Ftitle%20asc&fl=%2A&iPlanetDirectoryPro=AQIC5wM2LY4SfczkjGiI6yxHLZiWsXlokBxVpPbnWcp3Qrk%3D%40AAJTSQACMDE%3D%23&start=0&q=%28marineres%29&wt=json&rows=100&version=2%2E2&indent=off HTTP/1.1" 200 502 "http://pub.lmmp.nasa.gov/LMMPUI/LMMP_CLIENT/LMMP.html" "Mozilla/5.0 (Macintosh; Intel Mac OS X 10_11_1) AppleWebKit/601.2.7 (KHTML, like Gecko) Version/9.0.1 Safari/601.2.7" 996 758
128.143.1.215 - - [29/Nov/2015:23:05:11 -0500] "GET /LMMP/rest/dbxml/aux/find?xPath=/auxmd[%20(contains(upper-case(//title),%20upper-case(%22marineres%22))%20or%20%20upper-case(//originator)%20=%20upper-case(%22marineres%22)%20)]&iPlanetDirectoryPro=AQIC5wM2LY4SfczkjGiI6yxHLZiWsXlokBxVpPbnWcp3Qrk%3D%40AAJTSQACMDE%3D%23 HTTP/1.1" 200 - "http://pub.lmmp.nasa.gov/LMMPUI/LMMP_CLIENT/LMMP.html" "Mozilla/5.0 (Macintosh; Intel Mac OS X 10_11_1) AppleWebKit/601.2.7 (KHTML, like Gecko) Version/9.0.1 Safari/601.2.7" 1034 155
127.0.0.1 - - [29/Nov/2015:23:05:12 -0500] "GET /opensso/namingservice HTTP/1.1" 200 7 "-" "Java/1.5.0_21" 220 183
127.0.0.1 - - [29/Nov/2015:23:05:13 -0500] "GET /opensso/namingservice HTTP/1.1" 200 7 "-" "Java/1.5.0_21" 220 182
128.143.1.215 - - [29/Nov/2015:23:05:13 -0500] "GET /opensso/identity/isTokenValid?iPlanetDirectoryPro=AQIC5wM2LY4SfczkjGiI6yxHLZiWsXlokBxVpPbnWcp3Qrk%3D%40AAJTSQACMDE%3D%23 HTTP/1.1" 200 13 "http://pub.lmmp.nasa.gov/LMMPUI/LMMP_CLIENT/LMMP.html" "Mozilla/5.0 (Macintosh; Intel Mac OS X 10_11_1) AppleWebKit/601.2.7 (KHTML, like Gecko) Version/9.0.1 Safari/601.2.7" 834 170
128.143.1.215 - - [29/Nov/2015:23:05:13 -0500] "GET /opensso/identity/isTokenValid?iPlanetDirectoryPro=AQIC5wM2LY4SfczkjGiI6yxHLZiWsXlokBxVpPbnWcp3Qrk%3D%40AAJTSQACMDE%3D%23 HTTP/1.1" 200 13 "http://pub.lmmp.nasa.gov/LMMPUI/LMMP_CLIENT/LMMP.html" "Mozilla/5.0 (Macintosh; Intel Mac OS X 10_11_1) AppleWebKit/601.2.7 (KHTML, like Gecko) Version/9.0.1 Safari/601.2.7" 834 170
128.143.1.215 - - [29/Nov/2015:23:05:13 -0500] "GET /opensso/identity/isTokenValid?iPlanetDirectoryPro=AQIC5wM2LY4SfczkjGiI6yxHLZiWsXlokBxVpPbnWcp3Qrk%3D%40AAJTSQACMDE%3D%23 HTTP/1.1" 200 13 "http://pub.lmmp.nasa.gov/LMMPUI/LMMP_CLIENT/LMMP.html" "Mozilla/5.0 (Macintosh; Intel Mac OS X 10_11_1) AppleWebKit/601.2.7 (KHTML, like Gecko) Version/9.0.1 Safari/601.2.7" 834 170
128.143.1.215 - - [29/Nov/2015:23:05:13 -0500] "GET /solr/pds/select?sort=score%20desc%2Cproductname%20asc&fl=%2A%2Cscore&iPlanetDirectoryPro=AQIC5wM2LY4SfczkjGiI6yxHLZiWsXlokBxVpPbnWcp3Qrk%3D%40AAJTSQACMDE%3D%23&start=0&q=%28marineres%29&wt=json&rows=100&version=2%2E2&indent=off HTTP/1.1" 200 337 "http://pub.lmmp.nasa.gov/LMMPUI/LMMP_CLIENT/LMMP.html" "Mozilla/5.0 (Macintosh; Intel Mac OS X 10_11_1) AppleWebKit/601.2.7 (KHTML, like Gecko) Version/9.0.1 Safari/601.2.7" 994 509
127.0.0.1 - - [29/Nov/2015:23:05:13 -0500] "POST /opensso/jaxrpc/SMSObjectIF HTTP/1.1" 200 505 "-" "Java/1.5.0_21" 847 766
127.0.0.1 - - [29/Nov/2015:23:05:13 -0500] "POST /opensso/jaxrpc/DirectoryManagerIF HTTP/1.1" 200 1290 "-" "Java/1.5.0_21" 1362 1551
128.143.1.215 - - [29/Nov/2015:23:05:13 -0500] "GET /LMMP/rest/dbxml/aux/find?xPath=/auxmd[%20(contains(upper-case(//title),%20upper-case(%22marineres%22))%20or%20%20upper-case(//originator)%20=%20upper-case(%22marineres%22)%20)]&iPlanetDirectoryPro=AQIC5wM2LY4SfczkjGiI6yxHLZiWsXlokBxVpPbnWcp3Qrk%3D%40AAJTSQACMDE%3D%23 HTTP/1.1" 200 - "http://pub.lmmp.nasa.gov/LMMPUI/LMMP_CLIENT/LMMP.html" "Mozilla/5.0 (Macintosh; Intel Mac OS X 10_11_1) AppleWebKit/601.2.7 (KHTML, like Gecko) Version/9.0.1 Safari/601.2.7" 1034 154
137.78.207.218 - - [29/Nov/2015:23:05:18 -0500] "HEAD /LMMPUI/LMMP_CLIENT/LMMP.html HTTP/1.1" 200 - "-" "curl/7.38.0" 110 274
127.0.0.1 - - [29/Nov/2015:23:05:42 -0500] "GET /opensso/namingservice HTTP/1.1" 200 7 "-" "Java/1.5.0_21" 220 183
127.0.0.1 - - [29/Nov/2015:23:05:43 -0500] "GET /opensso/namingservice HTTP/1.1" 200 7 "-" "Java/1.5.0_21" 220 183
66.249.67.206 - - [29/Nov/2015:23:06:00 -0500] "GET /redmine/issues/gantt?month=5&months=6&year=1888&zoom=4 HTTP/1.1" 200 51362 "-" "Mozilla/5.0 (compatible; Googlebot/2.1; +http://www.google.com/bot.html)" 345 52051
127.0.0.1 - - [29/Nov/2015:23:06:12 -0500] "GET /opensso/namingservice HTTP/1.1" 200 7 "-" "Java/1.5.0_21" 220 183
127.0.0.1 - - [29/Nov/2015:23:06:13 -0500] "GET /opensso/namingservice HTTP/1.1" 200 7 "-" "Java/1.5.0_21" 220 183
127.0.0.1 - - [29/Nov/2015:23:06:42 -0500] "GET /opensso/namingservice HTTP/1.1" 200 7 "-" "Java/1.5.0_21" 220 183
127.0.0.1 - - [29/Nov/2015:23:06:43 -0500] "GET /opensso/namingservice HTTP/1.1" 200 7 "-" "Java/1.5.0_21" 220 183
70.210.51.13 - - [29/Nov/2015:23:07:09 -0500] "GET /opensso/identity/isTokenValid HTTP/1.1" 200 13 "-" "Moon%20Tours/1.0.0 CFNetwork/758.1.6 Darwin/15.0.0" 338 171
127.0.0.1 - - [29/Nov/2015:23:07:12 -0500] "GET /opensso/namingservice HTTP/1.1" 200 7 "-" "Java/1.5.0_21" 220 183
127.0.0.1 - - [29/Nov/2015:23:07:13 -0500] "GET /opensso/namingservice HTTP/1.1" 200 7 "-" "Java/1.5.0_21" 220 183
127.0.0.1 - - [29/Nov/2015:23:07:42 -0500] "GET /opensso/namingservice HTTP/1.1" 200 7 "-" "Java/1.5.0_21" 220 183
127.0.0.1 - - [29/Nov/2015:23:07:43 -0500] "GET /opensso/namingservice HTTP/1.1" 200 7 "-" "Java/1.5.0_21" 220 183
127.0.0.1 - - [29/Nov/2015:23:08:12 -0500] "GET /opensso/namingservice HTTP/1.1" 200 7 "-" "Java/1.5.0_21" 220 183
127.0.0.1 - - [29/Nov/2015:23:08:13 -0500] "GET /opensso/namingservice HTTP/1.1" 200 7 "-" "Java/1.5.0_21" 220 183
127.0.0.1 - - [29/Nov/2015:23:08:42 -0500] "GET /opensso/namingservice HTTP/1.1" 200 7 "-" "Java/1.5.0_21" 220 183
127.0.0.1 - - [29/Nov/2015:23:08:43 -0500] "GET /opensso/namingservice HTTP/1.1" 200 7 "-" "Java/1.5.0_21" 220 183
127.0.0.1 - - [29/Nov/2015:23:09:12 -0500] "GET /opensso/namingservice HTTP/1.1" 200 7 "-" "Java/1.5.0_21" 220 183
127.0.0.1 - - [29/Nov/2015:23:09:13 -0500] "GET /opensso/namingservice HTTP/1.1" 200 7 "-" "Java/1.5.0_21" 220 183
67.170.199.55 - - [29/Nov/2015:23:09:20 -0500] "GET /LMMPUI/LMMP_CLIENT/LMMP.html HTTP/1.1" 200 9400 "http://nasa3d.arc.nasa.gov/visualizations" "Mozilla/5.0 (Macintosh; Intel Mac OS X 10_11_1) AppleWebKit/601.2.7 (KHTML, like Gecko) Version/9.0.1 Safari/601.2.7" 406 9730
67.170.199.55 - - [29/Nov/2015:23:09:20 -0500] "GET /LMMPUI/LMMP_CLIENT/history/history.css HTTP/1.1" 200 365 "http://pub.lmmp.nasa.gov/LMMPUI/LMMP_CLIENT/LMMP.html" "Mozilla/5.0 (Macintosh; Intel Mac OS X 10_11_1) AppleWebKit/601.2.7 (KHTML, like Gecko) Version/9.0.1 Safari/601.2.7" 383 692
67.170.199.55 - - [29/Nov/2015:23:09:20 -0500] "GET /LMMPUI/LMMP_CLIENT/swfobject.js HTTP/1.1" 200 25574 "http://pub.lmmp.nasa.gov/LMMPUI/LMMP_CLIENT/LMMP.html" "Mozilla/5.0 (Macintosh; Intel Mac OS X 10_11_1) AppleWebKit/601.2.7 (KHTML, like Gecko) Version/9.0.1 Safari/601.2.7" 361 25912
67.170.199.55 - - [29/Nov/2015:23:09:20 -0500] "GET /LMMPUI/LMMP_CLIENT/history/history.js HTTP/1.1" 200 24650 "http://pub.lmmp.nasa.gov/LMMPUI/LMMP_CLIENT/LMMP.html" "Mozilla/5.0 (Macintosh; Intel Mac OS X 10_11_1) AppleWebKit/601.2.7 (KHTML, like Gecko) Version/9.0.1 Safari/601.2.7" 367 24988
67.170.199.55 - - [29/Nov/2015:23:09:21 -0500] "GET /favicon.ico HTTP/1.1" 404 209 "http://pub.lmmp.nasa.gov/LMMPUI/LMMP_CLIENT/LMMP.html" "Mozilla/5.0 (Macintosh; Intel Mac OS X 10_11_1) AppleWebKit/601.2.7 (KHTML, like Gecko) Version/9.0.1 Safari/601.2.7" 389 454
67.170.199.55 - - [29/Nov/2015:23:09:21 -0500] "GET /LMMPUI/LMMP_CLIENT/LMMP_WB.swf HTTP/1.1" 200 972505 "http://pub.lmmp.nasa.gov/LMMPUI/LMMP_CLIENT/LMMP.html" "Mozilla/5.0 (Macintosh; Intel Mac OS X 10_11_1) AppleWebKit/601.2.7 (KHTML, like Gecko) Version/9.0.1 Safari/601.2.7" 408 972858
67.170.199.55 - - [29/Nov/2015:23:09:23 -0500] "GET /LMMPUI/LMMP_CLIENT/assets/image/background.jpg HTTP/1.1" 200 69719 "http://pub.lmmp.nasa.gov/LMMPUI/LMMP_CLIENT/LMMP.html" "Mozilla/5.0 (Macintosh; Intel Mac OS X 10_11_1) AppleWebKit/601.2.7 (KHTML, like Gecko) Version/9.0.1 Safari/601.2.7" 424 70051
67.170.199.55 - - [29/Nov/2015:23:09:23 -0500] "GET /LMMPUI/LMMP_CLIENT/assets/image/space.jpg HTTP/1.1" 200 25415 "http://pub.lmmp.nasa.gov/LMMPUI/LMMP_CLIENT/LMMP.html" "Mozilla/5.0 (Macintosh; Intel Mac OS X 10_11_1) AppleWebKit/601.2.7 (KHTML, like Gecko) Version/9.0.1 Safari/601.2.7" 419 25747
67.170.199.55 - - [29/Nov/2015:23:09:23 -0500] "GET /LMMPUI/LMMP_CLIENT/config/ldap.xml HTTP/1.1" 200 492 "http://pub.lmmp.nasa.gov/LMMPUI/LMMP_CLIENT/LMMP.html" "Mozilla/5.0 (Macintosh; Intel Mac OS X 10_11_1) AppleWebKit/601.2.7 (KHTML, like Gecko) Version/9.0.1 Safari/601.2.7" 412 825
67.170.199.55 - - [29/Nov/2015:23:09:23 -0500] "GET /LMMPUI/LMMP_CLIENT/config/config.xml?1448856563749 HTTP/1.1" 200 12261 "http://pub.lmmp.nasa.gov/LMMPUI/LMMP_CLIENT/LMMP.html" "Mozilla/5.0 (Macintosh; Intel Mac OS X 10_11_1) AppleWebKit/601.2.7 (KHTML, like Gecko) Version/9.0.1 Safari/601.2.7" 428 12598
67.170.199.55 - - [29/Nov/2015:23:09:23 -0500] "GET /LMMPUI/LMMP_CLIENT/config/helpLinks.xml HTTP/1.1" 200 927 "http://pub.lmmp.nasa.gov/LMMPUI/LMMP_CLIENT/LMMP.html" "Mozilla/5.0 (Macintosh; Intel Mac OS X 10_11_1) AppleWebKit/601.2.7 (KHTML, like Gecko) Version/9.0.1 Safari/601.2.7" 417 1260
67.170.199.55 - - [29/Nov/2015:23:09:23 -0500] "GET /LMMPUI/LMMP_CLIENT/assets/image/NASA_logo.png HTTP/1.1" 200 14512 "http://pub.lmmp.nasa.gov/LMMPUI/LMMP_CLIENT/LMMP.html" "Mozilla/5.0 (Macintosh; Intel Mac OS X 10_11_1) AppleWebKit/601.2.7 (KHTML, like Gecko) Version/9.0.1 Safari/601.2.7" 423 14844
67.170.199.55 - - [29/Nov/2015:23:09:23 -0500] "GET /LMMPUI/LMMP_CLIENT/homepage/features.xml?v=1448856563813 HTTP/1.1" 200 1611 "http://pub.lmmp.nasa.gov/LMMPUI/LMMP_CLIENT/LMMP.html" "Mozilla/5.0 (Macintosh; Intel Mac OS X 10_11_1) AppleWebKit/601.2.7 (KHTML, like Gecko) Version/9.0.1 Safari/601.2.7" 434 1947
127.0.0.1 - - [29/Nov/2015:23:09:23 -0500] "POST /opensso/sessionservice HTTP/1.1" 200 2018 "-" "Java/1.5.0_21" 714 2196
127.0.0.1 - - [29/Nov/2015:23:09:23 -0500] "GET /openssorest/token/localldap HTTP/1.1" 200 62 "-" "Java/1.5.0_21" 277 239
67.170.199.55 - - [29/Nov/2015:23:09:23 -0500] "GET /LMMPUI/rest/proxy/proxyService?cs=bG1tcGd1ZXN0fGd1ZXN0bG1tcHxodHRwOi8vcHViLmxtbXAubmFzYS5nb3Yvb3BlbnNzb3Jlc3QvdG9rZW4vbG9jYWxsZGFw HTTP/1.1" 200 63 "http://pub.lmmp.nasa.gov/LMMPUI/LMMP_CLIENT/LMMP.html" "Mozilla/5.0 (Macintosh; Intel Mac OS X 10_11_1) AppleWebKit/601.2.7 (KHTML, like Gecko) Version/9.0.1 Safari/601.2.7" 508 238
67.170.199.55 - - [29/Nov/2015:23:09:24 -0500] "POST /openssorest/token/localldap HTTP/1.1" 200 62 "http://pub.lmmp.nasa.gov/LMMPUI/LMMP_CLIENT/LMMP.html" "Mozilla/5.0 (Macintosh; Intel Mac OS X 10_11_1) AppleWebKit/601.2.7 (KHTML, like Gecko) Version/9.0.1 Safari/601.2.7" 537 238
67.170.199.55 - - [29/Nov/2015:23:09:24 -0500] "GET /opensso/identity/isTokenValid?iPlanetDirectoryPro=AQIC5wM2LY4SfczkjGiI6yxHLZiWsXlokBxVpPbnWcp3Qrk%3D%40AAJTSQACMDE%3D%23 HTTP/1.1" 200 13 "http://pub.lmmp.nasa.gov/LMMPUI/LMMP_CLIENT/LMMP.html" "Mozilla/5.0 (Macintosh; Intel Mac OS X 10_11_1) AppleWebKit/601.2.7 (KHTML, like Gecko) Version/9.0.1 Safari/601.2.7" 584 170
67.170.199.55 - - [29/Nov/2015:23:09:24 -0500] "GET /opensso/identity/isTokenValid?iPlanetDirectoryPro=AQIC5wM2LY4SfczkjGiI6yxHLZiWsXlokBxVpPbnWcp3Qrk%3D%40AAJTSQACMDE%3D%23 HTTP/1.1" 200 13 "http://pub.lmmp.nasa.gov/LMMPUI/LMMP_CLIENT/LMMP.html" "Mozilla/5.0 (Macintosh; Intel Mac OS X 10_11_1) AppleWebKit/601.2.7 (KHTML, like Gecko) Version/9.0.1 Safari/601.2.7" 584 170
127.0.0.1 - - [29/Nov/2015:23:09:24 -0500] "POST /opensso/sessionservice HTTP/1.1" 200 2016 "-" "Java/1.5.0_21" 819 2194
127.0.0.1 - - [29/Nov/2015:23:09:24 -0500] "POST /opensso/policyservice HTTP/1.1" 200 9463 "-" "Java/1.5.0_21" 1119 9648
127.0.0.1 - - [29/Nov/2015:23:09:24 -0500] "POST /opensso/jaxrpc/SMSObjectIF HTTP/1.1" 200 505 "-" "Java/1.5.0_21" 847 766
67.170.199.55 - - [29/Nov/2015:23:09:24 -0500] "GET /opensso/identity/attributes?iPlanetDirectoryPro=AQIC5wM2LY4SfczkjGiI6yxHLZiWsXlokBxVpPbnWcp3Qrk%3D%40AAJTSQACMDE%3D%23 HTTP/1.1" 200 981 "http://pub.lmmp.nasa.gov/LMMPUI/LMMP_CLIENT/LMMP.html" "Mozilla/5.0 (Macintosh; Intel Mac OS X 10_11_1) AppleWebKit/601.2.7 (KHTML, like Gecko) Version/9.0.1 Safari/601.2.7" 582 1139
127.0.0.1 - - [29/Nov/2015:23:09:24 -0500] "POST /opensso/jaxrpc/DirectoryManagerIF HTTP/1.1" 200 1290 "-" "Java/1.5.0_21" 1362 1551
67.170.199.55 - - [29/Nov/2015:23:09:24 -0500] "GET /LMMP/rest/dbxml/resources?iPlanetDirectoryPro=AQIC5wM2LY4SfczkjGiI6yxHLZiWsXlokBxVpPbnWcp3Qrk%3D%40AAJTSQACMDE%3D%23 HTTP/1.1" 200 2827 "http://pub.lmmp.nasa.gov/LMMPUI/LMMP_CLIENT/LMMP.html" "Mozilla/5.0 (Macintosh; Intel Mac OS X 10_11_1) AppleWebKit/601.2.7 (KHTML, like Gecko) Version/9.0.1 Safari/601.2.7" 580 3079
67.170.199.55 - - [29/Nov/2015:23:09:24 -0500] "GET /opensso/identity/isTokenValid?iPlanetDirectoryPro=AQIC5wM2LY4SfczkjGiI6yxHLZiWsXlokBxVpPbnWcp3Qrk%3D%40AAJTSQACMDE%3D%23 HTTP/1.1" 200 13 "http://pub.lmmp.nasa.gov/LMMPUI/LMMP_CLIENT/LMMP.html" "Mozilla/5.0 (Macintosh; Intel Mac OS X 10_11_1) AppleWebKit/601.2.7 (KHTML, like Gecko) Version/9.0.1 Safari/601.2.7" 584 170
67.170.199.55 - - [29/Nov/2015:23:09:24 -0500] "GET /opensso/identity/isTokenValid?iPlanetDirectoryPro=AQIC5wM2LY4SfczkjGiI6yxHLZiWsXlokBxVpPbnWcp3Qrk%3D%40AAJTSQACMDE%3D%23 HTTP/1.1" 200 13 "http://pub.lmmp.nasa.gov/LMMPUI/LMMP_CLIENT/LMMP.html" "Mozilla/5.0 (Macintosh; Intel Mac OS X 10_11_1) AppleWebKit/601.2.7 (KHTML, like Gecko) Version/9.0.1 Safari/601.2.7" 584 170
67.170.199.55 - - [29/Nov/2015:23:09:24 -0500] "GET /opensso/identity/isTokenValid?iPlanetDirectoryPro=AQIC5wM2LY4SfczkjGiI6yxHLZiWsXlokBxVpPbnWcp3Qrk%3D%40AAJTSQACMDE%3D%23 HTTP/1.1" 200 13 "http://pub.lmmp.nasa.gov/LMMPUI/LMMP_CLIENT/LMMP.html" "Mozilla/5.0 (Macintosh; Intel Mac OS X 10_11_1) AppleWebKit/601.2.7 (KHTML, like Gecko) Version/9.0.1 Safari/601.2.7" 584 170
67.170.199.55 - - [29/Nov/2015:23:09:24 -0500] "GET /LMMPUI/LMMP_CLIENT/config/npBasemap.xml?iPlanetDirectoryPro=AQIC5wM2LY4SfczkjGiI6yxHLZiWsXlokBxVpPbnWcp3Qrk%3D%40AAJTSQACMDE%3D%23 HTTP/1.1" 200 178 "http://pub.lmmp.nasa.gov/LMMPUI/LMMP_CLIENT/LMMP.html" "Mozilla/5.0 (Macintosh; Intel Mac OS X 10_11_1) AppleWebKit/601.2.7 (KHTML, like Gecko) Version/9.0.1 Safari/601.2.7" 647 511
67.170.199.55 - - [29/Nov/2015:23:09:24 -0500] "GET /LMMPUI/LMMP_CLIENT/config/basemap.xml?iPlanetDirectoryPro=AQIC5wM2LY4SfczkjGiI6yxHLZiWsXlokBxVpPbnWcp3Qrk%3D%40AAJTSQACMDE%3D%23 HTTP/1.1" 200 232 "http://pub.lmmp.nasa.gov/LMMPUI/LMMP_CLIENT/LMMP.html" "Mozilla/5.0 (Macintosh; Intel Mac OS X 10_11_1) AppleWebKit/601.2.7 (KHTML, like Gecko) Version/9.0.1 Safari/601.2.7" 645 565
67.170.199.55 - - [29/Nov/2015:23:09:24 -0500] "GET /LMMPUI/LMMP_CLIENT/config/spBasemap.xml?iPlanetDirectoryPro=AQIC5wM2LY4SfczkjGiI6yxHLZiWsXlokBxVpPbnWcp3Qrk%3D%40AAJTSQACMDE%3D%23 HTTP/1.1" 200 178 "http://pub.lmmp.nasa.gov/LMMPUI/LMMP_CLIENT/LMMP.html" "Mozilla/5.0 (Macintosh; Intel Mac OS X 10_11_1) AppleWebKit/601.2.7 (KHTML, like Gecko) Version/9.0.1 Safari/601.2.7" 647 511
67.170.199.55 - - [29/Nov/2015:23:09:24 -0500] "GET /opensso/identity/isTokenValid?iPlanetDirectoryPro=AQIC5wM2LY4SfczkjGiI6yxHLZiWsXlokBxVpPbnWcp3Qrk%3D%40AAJTSQACMDE%3D%23 HTTP/1.1" 200 13 "http://pub.lmmp.nasa.gov/LMMPUI/LMMP_CLIENT/LMMP.html" "Mozilla/5.0 (Macintosh; Intel Mac OS X 10_11_1) AppleWebKit/601.2.7 (KHTML, like Gecko) Version/9.0.1 Safari/601.2.7" 584 170
67.170.199.55 - - [29/Nov/2015:23:09:24 -0500] "GET /opensso/identity/isTokenValid?iPlanetDirectoryPro=AQIC5wM2LY4SfczkjGiI6yxHLZiWsXlokBxVpPbnWcp3Qrk%3D%40AAJTSQACMDE%3D%23 HTTP/1.1" 200 13 "http://pub.lmmp.nasa.gov/LMMPUI/LMMP_CLIENT/LMMP.html" "Mozilla/5.0 (Macintosh; Intel Mac OS X 10_11_1) AppleWebKit/601.2.7 (KHTML, like Gecko) Version/9.0.1 Safari/601.2.7" 584 170
67.170.199.55 - - [29/Nov/2015:23:09:24 -0500] "GET /opensso/identity/isTokenValid?iPlanetDirectoryPro=AQIC5wM2LY4SfczkjGiI6yxHLZiWsXlokBxVpPbnWcp3Qrk%3D%40AAJTSQACMDE%3D%23 HTTP/1.1" 200 13 "http://pub.lmmp.nasa.gov/LMMPUI/LMMP_CLIENT/LMMP.html" "Mozilla/5.0 (Macintosh; Intel Mac OS X 10_11_1) AppleWebKit/601.2.7 (KHTML, like Gecko) Version/9.0.1 Safari/601.2.7" 584 170
127.0.0.1 - - [29/Nov/2015:23:09:24 -0500] "POST /opensso/jaxrpc/SMSObjectIF HTTP/1.1" 200 505 "-" "Java/1.5.0_21" 847 767
127.0.0.1 - - [29/Nov/2015:23:09:24 -0500] "POST /opensso/jaxrpc/DirectoryManagerIF HTTP/1.1" 200 1290 "-" "Java/1.5.0_21" 1362 1551
127.0.0.1 - - [29/Nov/2015:23:09:24 -0500] "POST /opensso/jaxrpc/SMSObjectIF HTTP/1.1" 200 505 "-" "Java/1.5.0_21" 847 766
127.0.0.1 - - [29/Nov/2015:23:09:24 -0500] "POST /opensso/jaxrpc/DirectoryManagerIF HTTP/1.1" 200 1290 "-" "Java/1.5.0_21" 1362 1551
127.0.0.1 - - [29/Nov/2015:23:09:24 -0500] "POST /opensso/jaxrpc/SMSObjectIF HTTP/1.1" 200 505 "-" "Java/1.5.0_21" 847 766
127.0.0.1 - - [29/Nov/2015:23:09:24 -0500] "POST /opensso/jaxrpc/DirectoryManagerIF HTTP/1.1" 200 1290 "-" "Java/1.5.0_21" 1362 1551
67.170.199.55 - - [29/Nov/2015:23:09:24 -0500] "GET /LMMP/rest/dbxml/layers?proj=IAU2000:30118&visOnly=true&sort=Mission%2Ctitle&iPlanetDirectoryPro=AQIC5wM2LY4SfczkjGiI6yxHLZiWsXlokBxVpPbnWcp3Qrk%3D%40AAJTSQACMDE%3D%23 HTTP/1.1" 200 44040 "http://pub.lmmp.nasa.gov/LMMPUI/LMMP_CLIENT/LMMP.html" "Mozilla/5.0 (Macintosh; Intel Mac OS X 10_11_1) AppleWebKit/601.2.7 (KHTML, like Gecko) Version/9.0.1 Safari/601.2.7" 683 44328
67.170.199.55 - - [29/Nov/2015:23:09:24 -0500] "GET /LMMP/rest/dbxml/layers?proj=IAU2000:30120&visOnly=true&sort=Mission%2Ctitle&iPlanetDirectoryPro=AQIC5wM2LY4SfczkjGiI6yxHLZiWsXlokBxVpPbnWcp3Qrk%3D%40AAJTSQACMDE%3D%23 HTTP/1.1" 200 46095 "http://pub.lmmp.nasa.gov/LMMPUI/LMMP_CLIENT/LMMP.html" "Mozilla/5.0 (Macintosh; Intel Mac OS X 10_11_1) AppleWebKit/601.2.7 (KHTML, like Gecko) Version/9.0.1 Safari/601.2.7" 683 46384
67.170.199.55 - - [29/Nov/2015:23:09:26 -0500] "GET /opensso/identity/isTokenValid?iPlanetDirectoryPro=AQIC5wM2LY4SfczkjGiI6yxHLZiWsXlokBxVpPbnWcp3Qrk%3D%40AAJTSQACMDE%3D%23 HTTP/1.1" 200 13 "http://pub.lmmp.nasa.gov/LMMPUI/LMMP_CLIENT/LMMP.html" "Mozilla/5.0 (Macintosh; Intel Mac OS X 10_11_1) AppleWebKit/601.2.7 (KHTML, like Gecko) Version/9.0.1 Safari/601.2.7" 584 170
127.0.0.1 - - [29/Nov/2015:23:09:26 -0500] "POST /opensso/jaxrpc/SMSObjectIF HTTP/1.1" 200 505 "-" "Java/1.5.0_21" 847 766
127.0.0.1 - - [29/Nov/2015:23:09:26 -0500] "POST /opensso/jaxrpc/DirectoryManagerIF HTTP/1.1" 200 1290 "-" "Java/1.5.0_21" 1362 1551
67.170.199.55 - - [29/Nov/2015:23:09:26 -0500] "GET /opensso/identity/isTokenValid?iPlanetDirectoryPro=AQIC5wM2LY4SfczkjGiI6yxHLZiWsXlokBxVpPbnWcp3Qrk%3D%40AAJTSQACMDE%3D%23 HTTP/1.1" 200 13 "http://pub.lmmp.nasa.gov/LMMPUI/LMMP_CLIENT/LMMP.html" "Mozilla/5.0 (Macintosh; Intel Mac OS X 10_11_1) AppleWebKit/601.2.7 (KHTML, like Gecko) Version/9.0.1 Safari/601.2.7" 584 170
67.170.199.55 - - [29/Nov/2015:23:09:26 -0500] "GET /LMMP/rest/dbxml/layers/int?proj=IAU2000:30118&sort=Mission%2Ctitle&iPlanetDirectoryPro=AQIC5wM2LY4SfczkjGiI6yxHLZiWsXlokBxVpPbnWcp3Qrk%3D%40AAJTSQACMDE%3D%23 HTTP/1.1" 200 9742 "http://pub.lmmp.nasa.gov/LMMPUI/LMMP_CLIENT/LMMP.html" "Mozilla/5.0 (Macintosh; Intel Mac OS X 10_11_1) AppleWebKit/601.2.7 (KHTML, like Gecko) Version/9.0.1 Safari/601.2.7" 674 9998
127.0.0.1 - - [29/Nov/2015:23:09:26 -0500] "POST /opensso/jaxrpc/SMSObjectIF HTTP/1.1" 200 505 "-" "Java/1.5.0_21" 847 766
127.0.0.1 - - [29/Nov/2015:23:09:26 -0500] "POST /opensso/jaxrpc/DirectoryManagerIF HTTP/1.1" 200 1290 "-" "Java/1.5.0_21" 1362 1551
67.170.199.55 - - [29/Nov/2015:23:09:26 -0500] "GET /LMMP/rest/dbxml/layers/int?proj=IAU2000:30120&sort=Mission%2Ctitle&iPlanetDirectoryPro=AQIC5wM2LY4SfczkjGiI6yxHLZiWsXlokBxVpPbnWcp3Qrk%3D%40AAJTSQACMDE%3D%23 HTTP/1.1" 200 10832 "http://pub.lmmp.nasa.gov/LMMPUI/LMMP_CLIENT/LMMP.html" "Mozilla/5.0 (Macintosh; Intel Mac OS X 10_11_1) AppleWebKit/601.2.7 (KHTML, like Gecko) Version/9.0.1 Safari/601.2.7" 674 11088
67.170.199.55 - - [29/Nov/2015:23:09:24 -0500] "GET /LMMP/rest/dbxml/layers?proj=IAU2000:30100&visOnly=true&sort=Mission%2Ctitle&iPlanetDirectoryPro=AQIC5wM2LY4SfczkjGiI6yxHLZiWsXlokBxVpPbnWcp3Qrk%3D%40AAJTSQACMDE%3D%23 HTTP/1.1" 200 831579 "http://pub.lmmp.nasa.gov/LMMPUI/LMMP_CLIENT/LMMP.html" "Mozilla/5.0 (Macintosh; Intel Mac OS X 10_11_1) AppleWebKit/601.2.7 (KHTML, like Gecko) Version/9.0.1 Safari/601.2.7" 683 832636
67.170.199.55 - - [29/Nov/2015:23:09:30 -0500] "GET /opensso/identity/isTokenValid?iPlanetDirectoryPro=AQIC5wM2LY4SfczkjGiI6yxHLZiWsXlokBxVpPbnWcp3Qrk%3D%40AAJTSQACMDE%3D%23 HTTP/1.1" 200 13 "http://pub.lmmp.nasa.gov/LMMPUI/LMMP_CLIENT/LMMP.html" "Mozilla/5.0 (Macintosh; Intel Mac OS X 10_11_1) AppleWebKit/601.2.7 (KHTML, like Gecko) Version/9.0.1 Safari/601.2.7" 584 170
127.0.0.1 - - [29/Nov/2015:23:09:31 -0500] "POST /opensso/jaxrpc/SMSObjectIF HTTP/1.1" 200 505 "-" "Java/1.5.0_21" 847 766
127.0.0.1 - - [29/Nov/2015:23:09:31 -0500] "POST /opensso/jaxrpc/DirectoryManagerIF HTTP/1.1" 200 1290 "-" "Java/1.5.0_21" 1362 1551
67.170.199.55 - - [29/Nov/2015:23:09:31 -0500] "GET /LMMP/rest/dbxml/layers/int?proj=IAU2000:30100&sort=Mission%2Ctitle&iPlanetDirectoryPro=AQIC5wM2LY4SfczkjGiI6yxHLZiWsXlokBxVpPbnWcp3Qrk%3D%40AAJTSQACMDE%3D%23 HTTP/1.1" 200 139128 "http://pub.lmmp.nasa.gov/LMMPUI/LMMP_CLIENT/LMMP.html" "Mozilla/5.0 (Macintosh; Intel Mac OS X 10_11_1) AppleWebKit/601.2.7 (KHTML, like Gecko) Version/9.0.1 Safari/601.2.7" 674 134664
127.0.0.1 - - [29/Nov/2015:23:09:42 -0500] "GET /opensso/namingservice HTTP/1.1" 200 7 "-" "Java/1.5.0_21" 220 183
127.0.0.1 - - [29/Nov/2015:23:09:43 -0500] "GET /opensso/namingservice HTTP/1.1" 200 7 "-" "Java/1.5.0_21" 220 183
66.249.67.198 - - [29/Nov/2015:23:09:47 -0500] "GET /redmine/issues/gantt?month=11&months=6&year=2413&zoom=2 HTTP/1.1" 200 30901 "-" "Mozilla/5.0 (compatible; Googlebot/2.1; +http://www.google.com/bot.html)" 346 31590
127.0.0.1 - - [29/Nov/2015:23:10:12 -0500] "GET /opensso/namingservice HTTP/1.1" 200 7 "-" "Java/1.5.0_21" 220 183
127.0.0.1 - - [29/Nov/2015:23:10:13 -0500] "GET /opensso/namingservice HTTP/1.1" 200 7 "-" "Java/1.5.0_21" 220 183
70.210.51.13 - - [29/Nov/2015:23:10:17 -0500] "GET /arcgis/rest/services/CombinedNomenclature/MapServer/find?returnGeometry=true&contains=true&layers=0&searchFields=LABEL&searchText=Da&f=json HTTP/1.1" 200 28344 "arcgisios" "ArcGISiOS-2.3.2/9.1/iPhone7,2" 447 28716
137.78.207.218 - - [29/Nov/2015:23:10:19 -0500] "HEAD /LMMPUI/LMMP_CLIENT/LMMP.html HTTP/1.1" 200 - "-" "curl/7.38.0" 110 274
70.210.51.13 - - [29/Nov/2015:23:10:17 -0500] "GET /arcgis/rest/services/CombinedNomenclature/MapServer/find?returnGeometry=true&contains=true&layers=0&searchFields=LABEL&searchText=Dar&f=json HTTP/1.1" 200 3412 "arcgisios" "ArcGISiOS-2.3.2/9.1/iPhone7,2" 448 3782
70.210.51.13 - - [29/Nov/2015:23:10:18 -0500] "GET /arcgis/rest/services/CombinedNomenclature/MapServer/find?returnGeometry=true&contains=true&layers=0&searchFields=LABEL&searchText=Dark&f=json HTTP/1.1" 200 134 "arcgisios" "ArcGISiOS-2.3.2/9.1/iPhone7,2" 449 504
70.210.51.13 - - [29/Nov/2015:23:10:18 -0500] "GET /arcgis/rest/services/CombinedNomenclature/MapServer/find?returnGeometry=true&contains=true&layers=0&searchFields=LABEL&searchText=Dark%20&f=json HTTP/1.1" 200 134 "arcgisios" "ArcGISiOS-2.3.2/9.1/iPhone7,2" 452 504
70.210.51.13 - - [29/Nov/2015:23:10:17 -0500] "GET /arcgis/rest/services/CombinedNomenclature/MapServer/find?returnGeometry=true&contains=true&layers=0&searchFields=LABEL&searchText=D&f=json HTTP/1.1" 200 136174 "arcgisios" "ArcGISiOS-2.3.2/9.1/iPhone7,2" 446 136546
70.210.51.13 - - [29/Nov/2015:23:10:19 -0500] "GET /arcgis/rest/services/CombinedNomenclature/MapServer/find?returnGeometry=true&contains=true&layers=0&searchFields=LABEL&searchText=Dark%20s&f=json HTTP/1.1" 200 134 "arcgisios" "ArcGISiOS-2.3.2/9.1/iPhone7,2" 453 503
70.210.51.13 - - [29/Nov/2015:23:10:19 -0500] "GET /arcgis/rest/services/CombinedNomenclature/MapServer/find?returnGeometry=true&contains=true&layers=0&searchFields=LABEL&searchText=Dark%20si&f=json HTTP/1.1" 200 134 "arcgisios" "ArcGISiOS-2.3.2/9.1/iPhone7,2" 454 503
70.210.51.13 - - [29/Nov/2015:23:10:20 -0500] "GET /arcgis/rest/services/CombinedNomenclature/MapServer/find?returnGeometry=true&contains=true&layers=0&searchFields=LABEL&searchText=Dark%20side%20&f=json HTTP/1.1" 200 134 "arcgisios" "ArcGISiOS-2.3.2/9.1/iPhone7,2" 459 503
70.210.51.13 - - [29/Nov/2015:23:10:20 -0500] "GET /arcgis/rest/services/CombinedNomenclature/MapServer/find?returnGeometry=true&contains=true&layers=0&searchFields=LABEL&searchText=Dark%20side&f=json HTTP/1.1" 200 134 "arcgisios" "ArcGISiOS-2.3.2/9.1/iPhone7,2" 456 503
70.210.51.13 - - [29/Nov/2015:23:10:20 -0500] "GET /arcgis/rest/services/CombinedNomenclature/MapServer/find?returnGeometry=true&contains=true&layers=0&searchFields=LABEL&searchText=Dark%20sid&f=json HTTP/1.1" 200 134 "arcgisios" "ArcGISiOS-2.3.2/9.1/iPhone7,2" 455 503
70.210.51.13 - - [29/Nov/2015:23:10:21 -0500] "GET /arcgis/rest/services/CombinedNomenclature/MapServer/find?returnGeometry=true&contains=true&layers=0&searchFields=LABEL&searchText=Dark%20side%20o&f=json HTTP/1.1" 200 134 "arcgisios" "ArcGISiOS-2.3.2/9.1/iPhone7,2" 460 503
70.210.51.13 - - [29/Nov/2015:23:10:21 -0500] "GET /arcgis/rest/services/CombinedNomenclature/MapServer/find?returnGeometry=true&contains=true&layers=0&searchFields=LABEL&searchText=Dark%20side%20of&f=json HTTP/1.1" 200 134 "arcgisios" "ArcGISiOS-2.3.2/9.1/iPhone7,2" 461 503
70.210.51.13 - - [29/Nov/2015:23:10:22 -0500] "GET /arcgis/rest/services/CombinedNomenclature/MapServer/find?returnGeometry=true&contains=true&layers=0&searchFields=LABEL&searchText=Dark%20side%20of%20&f=json HTTP/1.1" 200 134 "arcgisios" "ArcGISiOS-2.3.2/9.1/iPhone7,2" 464 503
70.210.51.13 - - [29/Nov/2015:23:10:22 -0500] "GET /arcgis/rest/services/CombinedNomenclature/MapServer/find?returnGeometry=true&contains=true&layers=0&searchFields=LABEL&searchText=Dark%20side%20of%20t&f=json HTTP/1.1" 200 134 "arcgisios" "ArcGISiOS-2.3.2/9.1/iPhone7,2" 465 503
