207.151.223.198 - - [23/Oct/2014:20:44:47 -0400] "GET /LMMPUI/LMMP_CLIENT/LMMP.html HTTP/1.1" 200 8973 "-" "curl/7.19.7 (x86_64-pc-linux-gnu) libcurl/7.19.7 OpenSSL/0.9.8k zlib/1.2.3.3 libidn/1.15" 186 9247
207.151.223.198 - - [23/Oct/2014:20:44:48 -0400] "GET /LMMPUI/LMMP_CLIENT/LMMP.html?q=user/login HTTP/1.1" 200 8973 "-" "curl/7.19.7 (x86_64-pc-linux-gnu) libcurl/7.19.7 OpenSSL/0.9.8k zlib/1.2.3.3 libidn/1.15" 199 9247
127.0.0.1 - - [23/Oct/2014:20:44:54 -0400] "GET /opensso/namingservice HTTP/1.1" 200 7 "-" "Java/1.5.0_21" 220 183
207.151.223.198 - - [23/Oct/2014:20:45:13 -0400] "GET /LMMPUI/LMMP_CLIENT/LMMP.html HTTP/1.1" 200 8973 "-" "curl/7.19.7 (x86_64-pc-linux-gnu) libcurl/7.19.7 OpenSSL/0.9.8k zlib/1.2.3.3 libidn/1.15" 186 9247
207.151.223.198 - - [23/Oct/2014:20:45:13 -0400] "GET /LMMPUI/LMMP_CLIENT/LMMP.html?q=user/login HTTP/1.1" 200 8973 "-" "curl/7.19.7 (x86_64-pc-linux-gnu) libcurl/7.19.7 OpenSSL/0.9.8k zlib/1.2.3.3 libidn/1.15" 199 9247
127.0.0.1 - - [23/Oct/2014:20:45:14 -0400] "GET /opensso/namingservice HTTP/1.1" 200 7 "-" "Java/1.5.0_21" 220 183
207.151.223.198 - - [23/Oct/2014:20:45:14 -0400] "GET /LMMPUI/LMMP_CLIENT/LMMP.html HTTP/1.1" 200 8973 "-" "curl/7.19.7 (x86_64-pc-linux-gnu) libcurl/7.19.7 OpenSSL/0.9.8k zlib/1.2.3.3 libidn/1.15" 186 9247
207.151.223.198 - - [23/Oct/2014:20:45:14 -0400] "GET /LMMPUI/LMMP_CLIENT/LMMP.html?q=user/login HTTP/1.1" 200 8973 "-" "curl/7.19.7 (x86_64-pc-linux-gnu) libcurl/7.19.7 OpenSSL/0.9.8k zlib/1.2.3.3 libidn/1.15" 199 9247
127.0.0.1 - - [23/Oct/2014:20:45:24 -0400] "GET /opensso/namingservice HTTP/1.1" 200 7 "-" "Java/1.5.0_21" 220 183
66.249.65.157 - - [23/Oct/2014:20:45:25 -0400] "GET /LMMP/rest/dbxml/fgdc/html?label=LRO_NAC_Mosaic_14N304E_50cmp HTTP/1.1" 302 - "-" "Mozilla/5.0 (compatible; Googlebot/2.1; +http://www.google.com/bot.html)" 622 4485
66.249.65.5 - - [23/Oct/2014:20:45:26 -0400] "GET /opensso/UI/Login?goto=https%3A%2F%2Fpub.lmmp.nasa.gov%3A443%2FLMMP%2Frest%2Fdbxml%2Ffgdc%2Fhtml%3Flabel%3DLRO_NAC_Mosaic_14N304E_50cmp HTTP/1.1" 200 11598 "-" "Mozilla/5.0 (compatible; Googlebot/2.1; +http://www.google.com/bot.html)" 696 16479
127.0.0.1 - - [23/Oct/2014:20:45:44 -0400] "GET /opensso/namingservice HTTP/1.1" 200 7 "-" "Java/1.5.0_21" 220 183
127.0.0.1 - - [23/Oct/2014:20:45:54 -0400] "GET /opensso/namingservice HTTP/1.1" 200 7 "-" "Java/1.5.0_21" 220 183
127.0.0.1 - - [23/Oct/2014:20:46:14 -0400] "GET /opensso/namingservice HTTP/1.1" 200 7 "-" "Java/1.5.0_21" 220 183
127.0.0.1 - - [23/Oct/2014:20:46:24 -0400] "GET /opensso/namingservice HTTP/1.1" 200 7 "-" "Java/1.5.0_21" 220 183
127.0.0.1 - - [23/Oct/2014:20:46:44 -0400] "GET /opensso/namingservice HTTP/1.1" 200 7 "-" "Java/1.5.0_21" 220 183
127.0.0.1 - - [23/Oct/2014:20:46:54 -0400] "GET /opensso/namingservice HTTP/1.1" 200 7 "-" "Java/1.5.0_21" 220 183
207.151.223.198 - - [23/Oct/2014:20:47:11 -0400] "GET /LMMPUI/LMMP_CLIENT/LMMP.html HTTP/1.1" 200 8973 "-" "curl/7.19.7 (x86_64-pc-linux-gnu) libcurl/7.19.7 OpenSSL/0.9.8k zlib/1.2.3.3 libidn/1.15" 186 9247
207.151.223.198 - - [23/Oct/2014:20:47:11 -0400] "GET /LMMPUI/LMMP_CLIENT/LMMP.html?q=user/login HTTP/1.1" 200 8973 "-" "curl/7.19.7 (x86_64-pc-linux-gnu) libcurl/7.19.7 OpenSSL/0.9.8k zlib/1.2.3.3 libidn/1.15" 199 9247
127.0.0.1 - - [23/Oct/2014:20:47:14 -0400] "GET /opensso/namingservice HTTP/1.1" 200 7 "-" "Java/1.5.0_21" 220 183
127.0.0.1 - - [23/Oct/2014:20:47:24 -0400] "GET /opensso/namingservice HTTP/1.1" 200 7 "-" "Java/1.5.0_21" 220 183
127.0.0.1 - - [23/Oct/2014:20:47:44 -0400] "GET /opensso/namingservice HTTP/1.1" 200 7 "-" "Java/1.5.0_21" 220 183
127.0.0.1 - - [23/Oct/2014:20:47:54 -0400] "GET /opensso/namingservice HTTP/1.1" 200 7 "-" "Java/1.5.0_21" 220 183
127.0.0.1 - - [23/Oct/2014:20:48:14 -0400] "GET /opensso/namingservice HTTP/1.1" 200 7 "-" "Java/1.5.0_21" 220 183
127.0.0.1 - - [23/Oct/2014:20:48:24 -0400] "GET /opensso/namingservice HTTP/1.1" 200 7 "-" "Java/1.5.0_21" 220 183
107.203.6.188 - - [23/Oct/2014:20:48:27 -0400] "GET /opensso/identity/isTokenValid HTTP/1.1" 200 14 "-" "Moon%20Tours/1.0.0 CFNetwork/672.1.14 Darwin/14.0.0" 230 172
107.203.6.188 - - [23/Oct/2014:20:48:27 -0400] "GET /lmmpmobile/config-1.0.json HTTP/1.1" 200 1338 "-" "Moon%20Tours/1.0.0 CFNetwork/672.1.14 Darwin/14.0.0" 218 1665
107.203.6.188 - - [23/Oct/2014:20:48:27 -0400] "GET /opensso/UI/Login?module=Anonymous&org=appspub&goto=http%3A%2F%2Fpub.lmmp.nasa.gov%2Flmmpmobile%2Frefresh HTTP/1.1" 302 - "-" "Moon%20Tours/1.0.0 CFNetwork/672.1.14 Darwin/14.0.0" 305 936
107.203.6.188 - - [23/Oct/2014:20:48:27 -0400] "GET /lmmpmobile/refresh?iPlanetDirectoryPro=AQIC5wM2LY4Sfcy%2BazZ%2BTLfC7%2F2NRgTr12HDlknFDy6kdAM%3D%40AAJTSQACMDE%3D%23 HTTP/1.1" 200 - "-" "Moon%20Tours/1.0.0 CFNetwork/672.1.14 Darwin/14.0.0" 425 316
107.203.6.188 - - [23/Oct/2014:20:48:28 -0400] "GET /lmmpmobile/bookmarks-1.0.2.json HTTP/1.1" 200 11401 "-" "Moon%20Tours/1.0.0 CFNetwork/672.1.14 Darwin/14.0.0" 332 11730
107.203.6.188 - - [23/Oct/2014:20:48:28 -0400] "GET /lmmpmobile/pages/about-1.0.2.html HTTP/1.1" 200 2716 "-" "Moon%20Tours/1.0.0 CFNetwork/672.1.14 Darwin/14.0.0" 334 3037
107.203.6.188 - - [23/Oct/2014:20:48:29 -0400] "GET /lmmpmobile/pages/glossary-1.0.2.html HTTP/1.1" 200 4306 "-" "Moon%20Tours/1.0.0 CFNetwork/672.1.14 Darwin/14.0.0" 337 4628
107.203.6.188 - - [23/Oct/2014:20:48:29 -0400] "GET /lmmpmobile/pages/help-1.0.2.html HTTP/1.1" 200 6781 "-" "Moon%20Tours/1.0.0 CFNetwork/672.1.14 Darwin/14.0.0" 333 7103
107.203.6.188 - - [23/Oct/2014:20:48:32 -0400] "GET /arcgis/rest/services/ERGraticule/MapServer?f=json HTTP/1.1" 200 701 "arcgisios" "ArcGISiOS-2.3.2/7.1.1/iPad2,1" 357 964
107.203.6.188 - - [23/Oct/2014:20:48:32 -0400] "GET /arcgis/rest/services/CombinedNomenclature/MapServer?f=json HTTP/1.1" 200 803 "arcgisios" "ArcGISiOS-2.3.2/7.1.1/iPad2,1" 366 1068
107.203.6.188 - - [23/Oct/2014:20:48:40 -0400] "GET /lmmpmobile/pages/assets/NASA_logo.png HTTP/1.1" 200 17149 "-" "Mozilla/5.0 (iPad; CPU OS 7_1_1 like Mac OS X) AppleWebKit/537.51.2 (KHTML, like Gecko) Mobile/11D201" 397 17472
127.0.0.1 - - [23/Oct/2014:20:48:44 -0400] "GET /opensso/namingservice HTTP/1.1" 200 7 "-" "Java/1.5.0_21" 220 183
107.203.6.188 - - [23/Oct/2014:20:48:44 -0400] "GET /lmmpmobile/pages/assets/help-toptoolbar.png HTTP/1.1" 200 24463 "-" "Mozilla/5.0 (iPad; CPU OS 7_1_1 like Mac OS X) AppleWebKit/537.51.2 (KHTML, like Gecko) Mobile/11D201" 403 24785
107.203.6.188 - - [23/Oct/2014:20:48:44 -0400] "GET /lmmpmobile/pages/assets/help-bottomtoolbar.png HTTP/1.1" 200 85618 "-" "Mozilla/5.0 (iPad; CPU OS 7_1_1 like Mac OS X) AppleWebKit/537.51.2 (KHTML, like Gecko) Mobile/11D201" 406 69504
107.203.6.188 - - [23/Oct/2014:20:48:44 -0400] "GET /lmmpmobile/pages/assets/help-searchresult.png HTTP/1.1" 200 80323 "-" "Mozilla/5.0 (iPad; CPU OS 7_1_1 like Mac OS X) AppleWebKit/537.51.2 (KHTML, like Gecko) Mobile/11D201" 405 69504
107.203.6.188 - - [23/Oct/2014:20:48:44 -0400] "GET /lmmpmobile/pages/assets/help-stack.png HTTP/1.1" 200 152486 "-" "Mozilla/5.0 (iPad; CPU OS 7_1_1 like Mac OS X) AppleWebKit/537.51.2 (KHTML, like Gecko) Mobile/11D201" 398 41823
107.203.6.188 - - [23/Oct/2014:20:48:44 -0400] "GET /lmmpmobile/pages/assets/help-thumbnail.png HTTP/1.1" 200 73927 "-" "Mozilla/5.0 (iPad; CPU OS 7_1_1 like Mac OS X) AppleWebKit/537.51.2 (KHTML, like Gecko) Mobile/11D201" 402 69504
107.203.6.188 - - [23/Oct/2014:20:48:44 -0400] "GET /lmmpmobile/pages/assets/help-loupedistance.png HTTP/1.1" 200 202527 "-" "Mozilla/5.0 (iPad; CPU OS 7_1_1 like Mac OS X) AppleWebKit/537.51.2 (KHTML, like Gecko) Mobile/11D201" 406 69504
107.203.6.188 - - [23/Oct/2014:20:48:47 -0400] "GET /lmmpmobile/pages/assets/help-toptoolbar.png HTTP/1.1" 200 24463 "-" "Mozilla/5.0 (iPad; CPU OS 7_1_1 like Mac OS X) AppleWebKit/537.51.2 (KHTML, like Gecko) Mobile/11D201" 403 24786
107.203.6.188 - - [23/Oct/2014:20:48:47 -0400] "GET /lmmpmobile/pages/assets/help-bottomtoolbar.png HTTP/1.1" 200 85618 "-" "Mozilla/5.0 (iPad; CPU OS 7_1_1 like Mac OS X) AppleWebKit/537.51.2 (KHTML, like Gecko) Mobile/11D201" 406 85942
107.203.6.188 - - [23/Oct/2014:20:48:47 -0400] "GET /lmmpmobile/pages/assets/help-searchresult.png HTTP/1.1" 200 80323 "-" "Mozilla/5.0 (iPad; CPU OS 7_1_1 like Mac OS X) AppleWebKit/537.51.2 (KHTML, like Gecko) Mobile/11D201" 405 80647
107.203.6.188 - - [23/Oct/2014:20:48:47 -0400] "GET /lmmpmobile/pages/assets/help-thumbnail.png HTTP/1.1" 200 73927 "-" "Mozilla/5.0 (iPad; CPU OS 7_1_1 like Mac OS X) AppleWebKit/537.51.2 (KHTML, like Gecko) Mobile/11D201" 402 74251
107.203.6.188 - - [23/Oct/2014:20:48:48 -0400] "GET /lmmpmobile/pages/assets/help-description.png HTTP/1.1" 200 102275 "-" "Mozilla/5.0 (iPad; CPU OS 7_1_1 like Mac OS X) AppleWebKit/537.51.2 (KHTML, like Gecko) Mobile/11D201" 404 102599
107.203.6.188 - - [23/Oct/2014:20:48:48 -0400] "GET /lmmpmobile/pages/assets/help-layersort.png HTTP/1.1" 200 54319 "-" "Mozilla/5.0 (iPad; CPU OS 7_1_1 like Mac OS X) AppleWebKit/537.51.2 (KHTML, like Gecko) Mobile/11D201" 402 54641
107.203.6.188 - - [23/Oct/2014:20:48:47 -0400] "GET /lmmpmobile/pages/assets/help-loupedistance.png HTTP/1.1" 200 202527 "-" "Mozilla/5.0 (iPad; CPU OS 7_1_1 like Mac OS X) AppleWebKit/537.51.2 (KHTML, like Gecko) Mobile/11D201" 406 202852
107.203.6.188 - - [23/Oct/2014:20:48:47 -0400] "GET /lmmpmobile/pages/assets/help-stack.png HTTP/1.1" 200 152486 "-" "Mozilla/5.0 (iPad; CPU OS 7_1_1 like Mac OS X) AppleWebKit/537.51.2 (KHTML, like Gecko) Mobile/11D201" 398 152810
107.203.6.188 - - [23/Oct/2014:20:48:48 -0400] "GET /lmmpmobile/pages/assets/help-threedee.png HTTP/1.1" 200 375512 "-" "Mozilla/5.0 (iPad; CPU OS 7_1_1 like Mac OS X) AppleWebKit/537.51.2 (KHTML, like Gecko) Mobile/11D201" 401 375836
127.0.0.1 - - [23/Oct/2014:20:48:54 -0400] "GET /opensso/namingservice HTTP/1.1" 200 7 "-" "Java/1.5.0_21" 220 183
127.0.0.1 - - [23/Oct/2014:20:49:14 -0400] "GET /opensso/namingservice HTTP/1.1" 200 7 "-" "Java/1.5.0_21" 220 183
127.0.0.1 - - [23/Oct/2014:20:49:24 -0400] "GET /opensso/namingservice HTTP/1.1" 200 7 "-" "Java/1.5.0_21" 220 183
127.0.0.1 - - [23/Oct/2014:20:49:44 -0400] "GET /opensso/namingservice HTTP/1.1" 200 7 "-" "Java/1.5.0_21" 220 183
127.0.0.1 - - [23/Oct/2014:20:49:54 -0400] "GET /opensso/namingservice HTTP/1.1" 200 7 "-" "Java/1.5.0_21" 220 183
66.249.65.5 - - [23/Oct/2014:20:50:05 -0400] "GET /LMMP/rest/dbxml/fgdc/title?label=LRO_NAC_Shade_28N307E_150cmp HTTP/1.1" 302 - "-" "Mozilla/5.0 (compatible; Googlebot/2.1; +http://www.google.com/bot.html)" 623 4486
66.249.65.157 - - [23/Oct/2014:20:50:06 -0400] "GET /opensso/UI/Login?goto=https%3A%2F%2Fpub.lmmp.nasa.gov%3A443%2FLMMP%2Frest%2Fdbxml%2Ffgdc%2Ftitle%3Flabel%3DLRO_NAC_Shade_28N307E_150cmp HTTP/1.1" 200 11602 "-" "Mozilla/5.0 (compatible; Googlebot/2.1; +http://www.google.com/bot.html)" 697 16483
127.0.0.1 - - [23/Oct/2014:20:50:14 -0400] "GET /opensso/namingservice HTTP/1.1" 200 7 "-" "Java/1.5.0_21" 220 183
127.0.0.1 - - [23/Oct/2014:20:50:24 -0400] "GET /opensso/namingservice HTTP/1.1" 200 7 "-" "Java/1.5.0_21" 220 183
127.0.0.1 - - [23/Oct/2014:20:50:44 -0400] "GET /opensso/namingservice HTTP/1.1" 200 7 "-" "Java/1.5.0_21" 220 183
127.0.0.1 - - [23/Oct/2014:20:50:54 -0400] "GET /opensso/namingservice HTTP/1.1" 200 7 "-" "Java/1.5.0_21" 220 183
127.0.0.1 - - [23/Oct/2014:20:51:14 -0400] "GET /opensso/namingservice HTTP/1.1" 200 7 "-" "Java/1.5.0_21" 220 183
127.0.0.1 - - [23/Oct/2014:20:51:24 -0400] "GET /opensso/namingservice HTTP/1.1" 200 7 "-" "Java/1.5.0_21" 220 183
127.0.0.1 - - [23/Oct/2014:20:51:44 -0400] "GET /opensso/namingservice HTTP/1.1" 200 7 "-" "Java/1.5.0_21" 220 183
127.0.0.1 - - [23/Oct/2014:20:51:54 -0400] "GET /opensso/namingservice HTTP/1.1" 200 7 "-" "Java/1.5.0_21" 220 183
127.0.0.1 - - [23/Oct/2014:20:52:14 -0400] "GET /opensso/namingservice HTTP/1.1" 200 7 "-" "Java/1.5.0_21" 220 183
127.0.0.1 - - [23/Oct/2014:20:52:24 -0400] "GET /opensso/namingservice HTTP/1.1" 200 7 "-" "Java/1.5.0_21" 220 183
127.0.0.1 - - [23/Oct/2014:20:52:44 -0400] "GET /opensso/namingservice HTTP/1.1" 200 7 "-" "Java/1.5.0_21" 220 183
66.249.65.5 - - [23/Oct/2014:20:52:46 -0400] "GET /LMMP/rest/dbxml/fgdc/title?label=Clem_UVVIS_3ClrRatio_Global_152ppd HTTP/1.1" 302 - "-" "Mozilla/5.0 (compatible; Googlebot/2.1; +http://www.google.com/bot.html)" 629 4492
66.249.65.157 - - [23/Oct/2014:20:52:47 -0400] "GET /opensso/UI/Login?goto=https%3A%2F%2Fpub.lmmp.nasa.gov%3A443%2FLMMP%2Frest%2Fdbxml%2Ffgdc%2Ftitle%3Flabel%3DClem_UVVIS_3ClrRatio_Global_152ppd HTTP/1.1" 200 11610 "-" "Mozilla/5.0 (compatible; Googlebot/2.1; +http://www.google.com/bot.html)" 703 16491
127.0.0.1 - - [23/Oct/2014:20:52:54 -0400] "GET /opensso/namingservice HTTP/1.1" 200 7 "-" "Java/1.5.0_21" 220 183
127.0.0.1 - - [23/Oct/2014:20:53:14 -0400] "GET /opensso/namingservice HTTP/1.1" 200 7 "-" "Java/1.5.0_21" 220 183
127.0.0.1 - - [23/Oct/2014:20:53:24 -0400] "GET /opensso/namingservice HTTP/1.1" 200 7 "-" "Java/1.5.0_21" 220 183
66.87.75.130 - - [23/Oct/2014:20:53:28 -0400] "GET /opensso/identity/isTokenValid HTTP/1.1" 200 14 "-" "Moon%20Tours/1.0.0 CFNetwork/711.0.6 Darwin/14.0.0" 259 172
66.87.75.130 - - [23/Oct/2014:20:53:28 -0400] "GET /opensso/UI/Login?module=Anonymous&org=appspub&goto=http%3A%2F%2Fpub.lmmp.nasa.gov%2Flmmpmobile%2Frefresh HTTP/1.1" 302 - "-" "Moon%20Tours/1.0.0 CFNetwork/711.0.6 Darwin/14.0.0" 334 930
66.87.75.130 - - [23/Oct/2014:20:53:28 -0400] "GET /lmmpmobile/refresh?iPlanetDirectoryPro=AQIC5wM2LY4SfcyEqveuAXZIS0KIV29aoOYTjKYU1INmCJ4%3D%40AAJTSQACMDE%3D%23 HTTP/1.1" 200 - "-" "Moon%20Tours/1.0.0 CFNetwork/711.0.6 Darwin/14.0.0" 448 316
127.0.0.1 - - [23/Oct/2014:20:53:44 -0400] "GET /opensso/namingservice HTTP/1.1" 200 7 "-" "Java/1.5.0_21" 220 183
66.87.75.130 - - [23/Oct/2014:20:53:50 -0400] "GET /lmmpmobile/config-1.0.json HTTP/1.1" 200 1338 "-" "Moon%20Tours/1.0.0 CFNetwork/711.0.6 Darwin/14.0.0" 356 1666
66.87.75.130 - - [23/Oct/2014:20:53:51 -0400] "GET /lmmpmobile/bookmarks-1.0.2.json HTTP/1.1" 200 11401 "-" "Moon%20Tours/1.0.0 CFNetwork/711.0.6 Darwin/14.0.0" 361 11730
66.87.75.130 - - [23/Oct/2014:20:53:51 -0400] "GET /lmmpmobile/pages/glossary-1.0.2.html HTTP/1.1" 200 4306 "-" "Moon%20Tours/1.0.0 CFNetwork/711.0.6 Darwin/14.0.0" 366 4628
66.87.75.130 - - [23/Oct/2014:20:53:51 -0400] "GET /lmmpmobile/pages/about-1.0.2.html HTTP/1.1" 200 2716 "-" "Moon%20Tours/1.0.0 CFNetwork/711.0.6 Darwin/14.0.0" 363 3037
66.87.75.130 - - [23/Oct/2014:20:53:51 -0400] "GET /lmmpmobile/pages/help-1.0.2.html HTTP/1.1" 200 6781 "-" "Moon%20Tours/1.0.0 CFNetwork/711.0.6 Darwin/14.0.0" 362 7103
66.87.75.130 - - [23/Oct/2014:20:53:52 -0400] "GET /arcgis/rest/services/ERGraticule/MapServer?f=json HTTP/1.1" 200 - "arcgisios" "ArcGISiOS-2.3.2/8.0.2/iPhone6,1" 389 0
66.87.75.130 - - [23/Oct/2014:20:53:52 -0400] "GET /arcgis/rest/services/CombinedNomenclature/MapServer?f=json HTTP/1.1" 200 803 "arcgisios" "ArcGISiOS-2.3.2/8.0.2/iPhone6,1" 398 1068
66.87.75.130 - - [23/Oct/2014:20:53:52 -0400] "GET /arcgis/rest/services/ERGraticule/MapServer?f=json HTTP/1.1" 200 701 "arcgisios" "ArcGISiOS-2.3.2/8.0.2/iPhone6,1" 389 965
127.0.0.1 - - [23/Oct/2014:20:53:54 -0400] "GET /opensso/namingservice HTTP/1.1" 200 7 "-" "Java/1.5.0_21" 220 183
127.0.0.1 - - [23/Oct/2014:20:54:14 -0400] "GET /opensso/namingservice HTTP/1.1" 200 7 "-" "Java/1.5.0_21" 220 183
127.0.0.1 - - [23/Oct/2014:20:54:24 -0400] "GET /opensso/namingservice HTTP/1.1" 200 7 "-" "Java/1.5.0_21" 220 183
127.0.0.1 - - [23/Oct/2014:20:54:44 -0400] "GET /opensso/namingservice HTTP/1.1" 200 7 "-" "Java/1.5.0_21" 220 183
127.0.0.1 - - [23/Oct/2014:20:54:54 -0400] "GET /opensso/namingservice HTTP/1.1" 200 7 "-" "Java/1.5.0_21" 220 183
127.0.0.1 - - [23/Oct/2014:20:55:14 -0400] "GET /opensso/namingservice HTTP/1.1" 200 7 "-" "Java/1.5.0_21" 220 183
127.0.0.1 - - [23/Oct/2014:20:55:24 -0400] "GET /opensso/namingservice HTTP/1.1" 200 7 "-" "Java/1.5.0_21" 220 183
127.0.0.1 - - [23/Oct/2014:20:55:44 -0400] "GET /opensso/namingservice HTTP/1.1" 200 7 "-" "Java/1.5.0_21" 220 183
127.0.0.1 - - [23/Oct/2014:20:55:54 -0400] "GET /opensso/namingservice HTTP/1.1" 200 7 "-" "Java/1.5.0_21" 220 183
127.0.0.1 - - [23/Oct/2014:20:56:14 -0400] "GET /opensso/namingservice HTTP/1.1" 200 7 "-" "Java/1.5.0_21" 220 183
127.0.0.1 - - [23/Oct/2014:20:56:24 -0400] "GET /opensso/namingservice HTTP/1.1" 200 7 "-" "Java/1.5.0_21" 220 183
127.0.0.1 - - [23/Oct/2014:20:56:31 -0400] "POST /opensso/sessionservice HTTP/1.1" 200 2335 "-" "Java/1.5.0_21" 815 2513
127.0.0.1 - - [23/Oct/2014:20:56:31 -0400] "POST /opensso/sessionservice HTTP/1.1" 200 269 "-" "Java/1.5.0_21" 881 446
127.0.0.1 - - [23/Oct/2014:20:56:32 -0400] "POST /opensso/sessionservice HTTP/1.1" 200 2341 "-" "Java/1.5.0_21" 815 2518
127.0.0.1 - - [23/Oct/2014:20:56:32 -0400] "POST /opensso/policyservice HTTP/1.1" 200 7691 "-" "Java/1.5.0_21" 1115 7869
127.0.0.1 - - [23/Oct/2014:20:56:32 -0400] "POST /opensso/jaxrpc/SMSObjectIF HTTP/1.1" 200 505 "-" "Java/1.5.0_21" 847 766
127.0.0.1 - - [23/Oct/2014:20:56:32 -0400] "POST /opensso/jaxrpc/DirectoryManagerIF HTTP/1.1" 200 1290 "-" "Java/1.5.0_21" 1362 1551
66.249.65.3 - - [23/Oct/2014:20:56:33 -0400] "GET /LMMP/rest/dbxml/fgdc/abstract?label=LRO_NAC_ClrRoughness_3m_17S173E_150cmp HTTP/1.1" 302 - "-" "Mozilla/5.0 (compatible; Googlebot/2.1; +http://www.google.com/bot.html)" 636 4499
66.249.65.157 - - [23/Oct/2014:20:56:34 -0400] "GET /opensso/UI/Login?goto=https%3A%2F%2Fpub.lmmp.nasa.gov%3A443%2FLMMP%2Frest%2Fdbxml%2Ffgdc%2Fabstract%3Flabel%3DLRO_NAC_ClrRoughness_3m_17S173E_150cmp HTTP/1.1" 200 11620 "-" "Mozilla/5.0 (compatible; Googlebot/2.1; +http://www.google.com/bot.html)" 710 16501
66.87.75.130 - - [23/Oct/2014:20:56:31 -0400] "GET /LMMP/rest/dbxml/fgdc/abstract?label=LO_HRMR_Mosaic_Global_512ppd HTTP/1.1" 200 746 "-" "Moon%20Tours/1.0.0 CFNetwork/711.0.6 Darwin/14.0.0" 823 5387
127.0.0.1 - - [23/Oct/2014:20:56:44 -0400] "GET /opensso/namingservice HTTP/1.1" 200 7 "-" "Java/1.5.0_21" 220 183
127.0.0.1 - - [23/Oct/2014:20:56:54 -0400] "GET /opensso/namingservice HTTP/1.1" 200 7 "-" "Java/1.5.0_21" 220 183
127.0.0.1 - - [23/Oct/2014:20:57:14 -0400] "GET /opensso/namingservice HTTP/1.1" 200 7 "-" "Java/1.5.0_21" 220 183
66.87.75.130 - - [23/Oct/2014:20:57:14 -0400] "GET /opensso/identity/isTokenValid HTTP/1.1" 200 13 "-" "Moon%20Tours/1.0.0 CFNetwork/711.0.6 Darwin/14.0.0" 368 171
127.0.0.1 - - [23/Oct/2014:20:57:24 -0400] "GET /opensso/namingservice HTTP/1.1" 200 7 "-" "Java/1.5.0_21" 220 183
127.0.0.1 - - [23/Oct/2014:20:57:43 -0400] "POST /opensso/jaxrpc/SMSObjectIF HTTP/1.1" 200 505 "-" "Java/1.5.0_21" 847 767
127.0.0.1 - - [23/Oct/2014:20:57:43 -0400] "POST /opensso/jaxrpc/DirectoryManagerIF HTTP/1.1" 200 1290 "-" "Java/1.5.0_21" 1362 1551
127.0.0.1 - - [23/Oct/2014:20:57:43 -0400] "POST /opensso/jaxrpc/SMSObjectIF HTTP/1.1" 200 505 "-" "Java/1.5.0_21" 847 766
127.0.0.1 - - [23/Oct/2014:20:57:43 -0400] "POST /opensso/jaxrpc/DirectoryManagerIF HTTP/1.1" 200 1290 "-" "Java/1.5.0_21" 1362 1551
66.87.75.130 - - [23/Oct/2014:20:57:43 -0400] "GET /LMMP/rest/dbxml/fgdc/legend/stream?label=LRO_NAC_Gray_19S070E_150cmp HTTP/1.1" 200 4508 "-" "Moon%20Tours/1.0.0 CFNetwork/711.0.6 Darwin/14.0.0" 828 5083
127.0.0.1 - - [23/Oct/2014:20:57:44 -0400] "GET /opensso/namingservice HTTP/1.1" 200 7 "-" "Java/1.5.0_21" 220 183
127.0.0.1 - - [23/Oct/2014:20:57:54 -0400] "GET /opensso/namingservice HTTP/1.1" 200 7 "-" "Java/1.5.0_21" 220 183
127.0.0.1 - - [23/Oct/2014:20:58:14 -0400] "POST /opensso/sessionservice HTTP/1.1" 200 2023 "-" "Java/1.5.0_21" 712 2201
127.0.0.1 - - [23/Oct/2014:20:58:14 -0400] "GET /opensso/identity//xml/read?name=TomcatApps1&attributes_names=realm&attributes_values_realm=%2Fappspub&attributes_names=objecttype&attributes_values_objecttype=Agent&admin=AQIC5wM2LY4SfcyNNJTYslpWoTSkMMzBANESz6mLfotkqIA%3D%40AAJTSQACMDE%3D%23 HTTP/1.1" 200 13608 "-" "Java/1.5.0_21" 440 13792
127.0.0.1 - - [23/Oct/2014:20:58:14 -0400] "GET /opensso/namingservice HTTP/1.1" 200 7 "-" "Java/1.5.0_21" 220 182
127.0.0.1 - - [23/Oct/2014:20:58:24 -0400] "GET /opensso/namingservice HTTP/1.1" 200 7 "-" "Java/1.5.0_21" 220 183
127.0.0.1 - - [23/Oct/2014:20:58:36 -0400] "POST /opensso/jaxrpc/SMSObjectIF HTTP/1.1" 200 505 "-" "Java/1.5.0_21" 847 767
127.0.0.1 - - [23/Oct/2014:20:58:37 -0400] "POST /opensso/jaxrpc/DirectoryManagerIF HTTP/1.1" 200 1290 "-" "Java/1.5.0_21" 1362 1551
127.0.0.1 - - [23/Oct/2014:20:58:37 -0400] "POST /opensso/jaxrpc/SMSObjectIF HTTP/1.1" 200 505 "-" "Java/1.5.0_21" 847 766
127.0.0.1 - - [23/Oct/2014:20:58:37 -0400] "POST /opensso/jaxrpc/SMSObjectIF HTTP/1.1" 200 505 "-" "Java/1.5.0_21" 847 767
127.0.0.1 - - [23/Oct/2014:20:58:37 -0400] "POST /opensso/jaxrpc/DirectoryManagerIF HTTP/1.1" 200 1290 "-" "Java/1.5.0_21" 1362 1551
127.0.0.1 - - [23/Oct/2014:20:58:37 -0400] "POST /opensso/jaxrpc/DirectoryManagerIF HTTP/1.1" 200 1290 "-" "Java/1.5.0_21" 1362 1551
66.87.75.130 - - [23/Oct/2014:20:58:36 -0400] "GET /LMMP/rest/dbxml/fgdc/legend/stream?label=LRO_NAC_Gray_36N320E_2mp HTTP/1.1" 200 9699 "-" "Moon%20Tours/1.0.0 CFNetwork/711.0.6 Darwin/14.0.0" 828 10777
127.0.0.1 - - [23/Oct/2014:20:58:37 -0400] "POST /opensso/jaxrpc/SMSObjectIF HTTP/1.1" 200 505 "-" "Java/1.5.0_21" 847 766
127.0.0.1 - - [23/Oct/2014:20:58:37 -0400] "POST /opensso/jaxrpc/DirectoryManagerIF HTTP/1.1" 200 1290 "-" "Java/1.5.0_21" 1362 1551
66.87.75.130 - - [23/Oct/2014:20:58:37 -0400] "GET /LMMP/rest/dbxml/fgdc/legend/stream?label=LRO_NAC_Slope_36N320E_2mp HTTP/1.1" 200 7512 "-" "Moon%20Tours/1.0.0 CFNetwork/711.0.6 Darwin/14.0.0" 824 8091
127.0.0.1 - - [23/Oct/2014:20:58:44 -0400] "GET /opensso/namingservice HTTP/1.1" 200 7 "-" "Java/1.5.0_21" 220 183
127.0.0.1 - - [23/Oct/2014:20:58:54 -0400] "GET /opensso/namingservice HTTP/1.1" 200 7 "-" "Java/1.5.0_21" 220 183
127.0.0.1 - - [23/Oct/2014:20:58:58 -0400] "POST /opensso/jaxrpc/SMSObjectIF HTTP/1.1" 200 505 "-" "Java/1.5.0_21" 847 767
127.0.0.1 - - [23/Oct/2014:20:58:58 -0400] "POST /opensso/jaxrpc/DirectoryManagerIF HTTP/1.1" 200 1290 "-" "Java/1.5.0_21" 1362 1551
127.0.0.1 - - [23/Oct/2014:20:58:58 -0400] "POST /opensso/jaxrpc/SMSObjectIF HTTP/1.1" 200 505 "-" "Java/1.5.0_21" 847 766
127.0.0.1 - - [23/Oct/2014:20:58:58 -0400] "POST /opensso/jaxrpc/SMSObjectIF HTTP/1.1" 200 505 "-" "Java/1.5.0_21" 847 767
127.0.0.1 - - [23/Oct/2014:20:58:58 -0400] "POST /opensso/jaxrpc/DirectoryManagerIF HTTP/1.1" 200 1290 "-" "Java/1.5.0_21" 1362 1551
127.0.0.1 - - [23/Oct/2014:20:58:58 -0400] "POST /opensso/jaxrpc/DirectoryManagerIF HTTP/1.1" 200 1290 "-" "Java/1.5.0_21" 1362 1551
66.87.75.130 - - [23/Oct/2014:20:58:58 -0400] "GET /LMMP/rest/dbxml/fgdc/legend/stream?label=LRO_NAC_Gray_43S349E_150cmp HTTP/1.1" 200 4536 "-" "Moon%20Tours/1.0.0 CFNetwork/711.0.6 Darwin/14.0.0" 828 5115
127.0.0.1 - - [23/Oct/2014:20:58:58 -0400] "POST /opensso/jaxrpc/SMSObjectIF HTTP/1.1" 200 505 "-" "Java/1.5.0_21" 847 766
127.0.0.1 - - [23/Oct/2014:20:58:58 -0400] "POST /opensso/jaxrpc/DirectoryManagerIF HTTP/1.1" 200 1290 "-" "Java/1.5.0_21" 1362 1551
66.87.75.130 - - [23/Oct/2014:20:58:58 -0400] "GET /LMMP/rest/dbxml/fgdc/legend/stream?label=LRO_NAC_ClrShade_43S349E_150cmp HTTP/1.1" 200 4060 "-" "Moon%20Tours/1.0.0 CFNetwork/711.0.6 Darwin/14.0.0" 840 4635
127.0.0.1 - - [23/Oct/2014:20:59:14 -0400] "GET /opensso/namingservice HTTP/1.1" 200 7 "-" "Java/1.5.0_21" 220 183
127.0.0.1 - - [23/Oct/2014:20:59:24 -0400] "GET /opensso/namingservice HTTP/1.1" 200 7 "-" "Java/1.5.0_21" 220 183
127.0.0.1 - - [23/Oct/2014:20:59:44 -0400] "GET /opensso/namingservice HTTP/1.1" 200 7 "-" "Java/1.5.0_21" 220 183
127.0.0.1 - - [23/Oct/2014:20:59:54 -0400] "GET /opensso/namingservice HTTP/1.1" 200 7 "-" "Java/1.5.0_21" 220 183
127.0.0.1 - - [23/Oct/2014:21:00:14 -0400] "GET /opensso/namingservice HTTP/1.1" 200 7 "-" "Java/1.5.0_21" 220 183
66.249.65.157 - - [23/Oct/2014:21:00:21 -0400] "GET /LMMP/rest/dbxml/fgdc/html?label=LRO_NAC_Shade_03S286E_150cmp HTTP/1.1" 302 - "-" "Mozilla/5.0 (compatible; Googlebot/2.1; +http://www.google.com/bot.html)" 622 4485
66.249.65.5 - - [23/Oct/2014:21:00:22 -0400] "GET /opensso/UI/Login?goto=https%3A%2F%2Fpub.lmmp.nasa.gov%3A443%2FLMMP%2Frest%2Fdbxml%2Ffgdc%2Fhtml%3Flabel%3DLRO_NAC_Shade_03S286E_150cmp HTTP/1.1" 200 11598 "-" "Mozilla/5.0 (compatible; Googlebot/2.1; +http://www.google.com/bot.html)" 696 16479
127.0.0.1 - - [23/Oct/2014:21:00:24 -0400] "GET /opensso/namingservice HTTP/1.1" 200 7 "-" "Java/1.5.0_21" 220 183
127.0.0.1 - - [23/Oct/2014:21:00:44 -0400] "GET /opensso/namingservice HTTP/1.1" 200 7 "-" "Java/1.5.0_21" 220 183
127.0.0.1 - - [23/Oct/2014:21:00:54 -0400] "GET /opensso/namingservice HTTP/1.1" 200 7 "-" "Java/1.5.0_21" 220 183
127.0.0.1 - - [23/Oct/2014:21:01:14 -0400] "GET /opensso/namingservice HTTP/1.1" 200 7 "-" "Java/1.5.0_21" 220 183
202.46.60.19 - - [23/Oct/2014:21:01:21 -0400] "GET / HTTP/1.1" 302 237 "-" "Mozilla/4.0 (compatible; MSIE 7.0; Windows NT 6.0)" 150 506
127.0.0.1 - - [23/Oct/2014:21:01:24 -0400] "GET /opensso/namingservice HTTP/1.1" 200 7 "-" "Java/1.5.0_21" 220 183
127.0.0.1 - - [23/Oct/2014:21:01:44 -0400] "GET /opensso/namingservice HTTP/1.1" 200 7 "-" "Java/1.5.0_21" 220 183
127.0.0.1 - - [23/Oct/2014:21:01:54 -0400] "GET /opensso/namingservice HTTP/1.1" 200 7 "-" "Java/1.5.0_21" 220 183
127.0.0.1 - - [23/Oct/2014:21:02:14 -0400] "GET /opensso/namingservice HTTP/1.1" 200 7 "-" "Java/1.5.0_21" 220 183
119.63.193.194 - - [23/Oct/2014:21:02:23 -0400] "GET / HTTP/1.1" 302 237 "-" "Mozilla/4.0 (compatible; MSIE 7.0; Windows NT 6.0)" 150 506
127.0.0.1 - - [23/Oct/2014:21:02:24 -0400] "GET /opensso/namingservice HTTP/1.1" 200 7 "-" "Java/1.5.0_21" 220 183
127.0.0.1 - - [23/Oct/2014:21:02:44 -0400] "GET /opensso/namingservice HTTP/1.1" 200 7 "-" "Java/1.5.0_21" 220 183
127.0.0.1 - - [23/Oct/2014:21:02:54 -0400] "GET /opensso/namingservice HTTP/1.1" 200 7 "-" "Java/1.5.0_21" 220 183
127.0.0.1 - - [23/Oct/2014:21:03:14 -0400] "GET /opensso/namingservice HTTP/1.1" 200 7 "-" "Java/1.5.0_21" 220 183
127.0.0.1 - - [23/Oct/2014:21:03:24 -0400] "GET /opensso/namingservice HTTP/1.1" 200 7 "-" "Java/1.5.0_21" 220 183
127.0.0.1 - - [23/Oct/2014:21:03:44 -0400] "GET /opensso/namingservice HTTP/1.1" 200 7 "-" "Java/1.5.0_21" 220 183
127.0.0.1 - - [23/Oct/2014:21:03:54 -0400] "GET /opensso/namingservice HTTP/1.1" 200 7 "-" "Java/1.5.0_21" 220 183
127.0.0.1 - - [23/Oct/2014:21:04:14 -0400] "GET /opensso/namingservice HTTP/1.1" 200 7 "-" "Java/1.5.0_21" 220 183
66.249.65.5 - - [23/Oct/2014:21:04:14 -0400] "GET /LMMP/rest/dbxml/fgdc/html?label=LRO_NAC_ClrSlope_15m_53N354E_150cmp HTTP/1.1" 302 - "-" "Mozilla/5.0 (compatible; Googlebot/2.1; +http://www.google.com/bot.html)" 629 4492
66.249.65.157 - - [23/Oct/2014:21:04:15 -0400] "GET /opensso/UI/Login?goto=https%3A%2F%2Fpub.lmmp.nasa.gov%3A443%2FLMMP%2Frest%2Fdbxml%2Ffgdc%2Fhtml%3Flabel%3DLRO_NAC_ClrSlope_15m_53N354E_150cmp HTTP/1.1" 200 11608 "-" "Mozilla/5.0 (compatible; Googlebot/2.1; +http://www.google.com/bot.html)" 703 16489
127.0.0.1 - - [23/Oct/2014:21:04:24 -0400] "GET /opensso/namingservice HTTP/1.1" 200 7 "-" "Java/1.5.0_21" 220 183
127.0.0.1 - - [23/Oct/2014:21:04:44 -0400] "GET /opensso/namingservice HTTP/1.1" 200 7 "-" "Java/1.5.0_21" 220 183
127.0.0.1 - - [23/Oct/2014:21:04:54 -0400] "GET /opensso/namingservice HTTP/1.1" 200 7 "-" "Java/1.5.0_21" 220 183
127.0.0.1 - - [23/Oct/2014:21:05:14 -0400] "GET /opensso/namingservice HTTP/1.1" 200 7 "-" "Java/1.5.0_21" 220 183
127.0.0.1 - - [23/Oct/2014:21:05:24 -0400] "GET /opensso/namingservice HTTP/1.1" 200 7 "-" "Java/1.5.0_21" 220 183
127.0.0.1 - - [23/Oct/2014:21:05:44 -0400] "GET /opensso/namingservice HTTP/1.1" 200 7 "-" "Java/1.5.0_21" 220 183
127.0.0.1 - - [23/Oct/2014:21:05:54 -0400] "GET /opensso/namingservice HTTP/1.1" 200 7 "-" "Java/1.5.0_21" 220 183
127.0.0.1 - - [23/Oct/2014:21:06:14 -0400] "GET /opensso/namingservice HTTP/1.1" 200 7 "-" "Java/1.5.0_21" 220 183
127.0.0.1 - - [23/Oct/2014:21:06:24 -0400] "GET /opensso/namingservice HTTP/1.1" 200 7 "-" "Java/1.5.0_21" 220 183
127.0.0.1 - - [23/Oct/2014:21:06:44 -0400] "GET /opensso/namingservice HTTP/1.1" 200 7 "-" "Java/1.5.0_21" 220 183
127.0.0.1 - - [23/Oct/2014:21:06:54 -0400] "GET /opensso/namingservice HTTP/1.1" 200 7 "-" "Java/1.5.0_21" 220 183
127.0.0.1 - - [23/Oct/2014:21:07:14 -0400] "GET /opensso/namingservice HTTP/1.1" 200 7 "-" "Java/1.5.0_21" 220 183
127.0.0.1 - - [23/Oct/2014:21:07:24 -0400] "GET /opensso/namingservice HTTP/1.1" 200 7 "-" "Java/1.5.0_21" 220 183
127.0.0.1 - - [23/Oct/2014:21:07:44 -0400] "GET /opensso/namingservice HTTP/1.1" 200 7 "-" "Java/1.5.0_21" 220 183
66.249.65.5 - - [23/Oct/2014:21:07:46 -0400] "GET /LMMP/rest/dbxml/fgdc/abstract?label=LRO_NAC_ClrSlopeHaz_15m_26S265E_200cmp HTTP/1.1" 302 - "-" "Mozilla/5.0 (compatible; Googlebot/2.1; +http://www.google.com/bot.html)" 636 4499
66.249.65.3 - - [23/Oct/2014:21:07:47 -0400] "GET /opensso/UI/Login?goto=https%3A%2F%2Fpub.lmmp.nasa.gov%3A443%2FLMMP%2Frest%2Fdbxml%2Ffgdc%2Fabstract%3Flabel%3DLRO_NAC_ClrSlopeHaz_15m_26S265E_200cmp HTTP/1.1" 200 11626 "-" "Mozilla/5.0 (compatible; Googlebot/2.1; +http://www.google.com/bot.html)" 710 16507
127.0.0.1 - - [23/Oct/2014:21:07:54 -0400] "GET /opensso/namingservice HTTP/1.1" 200 7 "-" "Java/1.5.0_21" 220 183
127.0.0.1 - - [23/Oct/2014:21:08:14 -0400] "GET /opensso/namingservice HTTP/1.1" 200 7 "-" "Java/1.5.0_21" 220 183
127.0.0.1 - - [23/Oct/2014:21:08:24 -0400] "GET /opensso/namingservice HTTP/1.1" 200 7 "-" "Java/1.5.0_21" 220 183
127.0.0.1 - - [23/Oct/2014:21:08:44 -0400] "GET /opensso/namingservice HTTP/1.1" 200 7 "-" "Java/1.5.0_21" 220 183
127.0.0.1 - - [23/Oct/2014:21:08:54 -0400] "GET /opensso/namingservice HTTP/1.1" 200 7 "-" "Java/1.5.0_21" 220 183
127.0.0.1 - - [23/Oct/2014:21:09:14 -0400] "GET /opensso/namingservice HTTP/1.1" 200 7 "-" "Java/1.5.0_21" 220 183
127.0.0.1 - - [23/Oct/2014:21:09:24 -0400] "GET /opensso/namingservice HTTP/1.1" 200 7 "-" "Java/1.5.0_21" 220 183
180.76.6.136 - - [23/Oct/2014:21:09:35 -0400] "GET /robots.txt HTTP/1.1" 404 208 "-" "Mozilla/5.0 (Windows NT 5.1; rv:6.0.2) Gecko/20100101 Firefox/6.0.2" 189 416
127.0.0.1 - - [23/Oct/2014:21:09:44 -0400] "GET /opensso/namingservice HTTP/1.1" 200 7 "-" "Java/1.5.0_21" 220 183
127.0.0.1 - - [23/Oct/2014:21:09:54 -0400] "GET /opensso/namingservice HTTP/1.1" 200 7 "-" "Java/1.5.0_21" 220 183
127.0.0.1 - - [23/Oct/2014:21:10:14 -0400] "GET /opensso/namingservice HTTP/1.1" 200 7 "-" "Java/1.5.0_21" 220 183
127.0.0.1 - - [23/Oct/2014:21:10:24 -0400] "GET /opensso/namingservice HTTP/1.1" 200 7 "-" "Java/1.5.0_21" 220 183
180.76.6.137 - - [23/Oct/2014:21:10:32 -0400] "GET /redmine/issues/gantt?month=9&months=6&year=2012&zoom=4 HTTP/1.1" 503 323 "-" "Mozilla/5.0 (compatible; Baiduspider/2.0; +http://www.baidu.com/search/spider.html)" 273 493
127.0.0.1 - - [23/Oct/2014:21:10:44 -0400] "GET /opensso/namingservice HTTP/1.1" 200 7 "-" "Java/1.5.0_21" 220 183
127.0.0.1 - - [23/Oct/2014:21:10:54 -0400] "GET /opensso/namingservice HTTP/1.1" 200 7 "-" "Java/1.5.0_21" 220 183
127.0.0.1 - - [23/Oct/2014:21:11:14 -0400] "GET /opensso/namingservice HTTP/1.1" 200 7 "-" "Java/1.5.0_21" 220 183
127.0.0.1 - - [23/Oct/2014:21:11:24 -0400] "GET /opensso/namingservice HTTP/1.1" 200 7 "-" "Java/1.5.0_21" 220 183
66.249.65.157 - - [23/Oct/2014:21:11:33 -0400] "GET /LMMP/rest/dbxml/fgdc/legend/stream?label=LRO_NAC_ClrRoughness_3m_26N004E_150cmp HTTP/1.1" 302 - "-" "Mozilla/5.0 (compatible; Googlebot/2.1; +http://www.google.com/bot.html)" 641 4506
66.249.65.3 - - [23/Oct/2014:21:11:34 -0400] "GET /opensso/UI/Login?goto=https%3A%2F%2Fpub.lmmp.nasa.gov%3A443%2FLMMP%2Frest%2Fdbxml%2Ffgdc%2Flegend%2Fstream%3Flabel%3DLRO_NAC_ClrRoughness_3m_26N004E_150cmp HTTP/1.1" 200 11624 "-" "Mozilla/5.0 (compatible; Googlebot/2.1; +http://www.google.com/bot.html)" 717 16505
127.0.0.1 - - [23/Oct/2014:21:11:44 -0400] "GET /opensso/namingservice HTTP/1.1" 200 7 "-" "Java/1.5.0_21" 220 183
127.0.0.1 - - [23/Oct/2014:21:11:54 -0400] "GET /opensso/namingservice HTTP/1.1" 200 7 "-" "Java/1.5.0_21" 220 183
127.0.0.1 - - [23/Oct/2014:21:12:14 -0400] "GET /opensso/namingservice HTTP/1.1" 200 7 "-" "Java/1.5.0_21" 220 183
127.0.0.1 - - [23/Oct/2014:21:12:24 -0400] "GET /opensso/namingservice HTTP/1.1" 200 7 "-" "Java/1.5.0_21" 220 183
127.0.0.1 - - [23/Oct/2014:21:12:44 -0400] "GET /opensso/namingservice HTTP/1.1" 200 7 "-" "Java/1.5.0_21" 220 183
66.249.65.131 - - [23/Oct/2014:21:12:46 -0400] "GET /redmine/projects/lmmpwiki/activity?from=1840-05-21 HTTP/1.1" 503 323 "-" "Mozilla/5.0 (compatible; Googlebot/2.1; +http://www.google.com/bot.html)" 281 493
127.0.0.1 - - [23/Oct/2014:21:12:54 -0400] "GET /opensso/namingservice HTTP/1.1" 200 7 "-" "Java/1.5.0_21" 220 183
127.0.0.1 - - [23/Oct/2014:21:13:14 -0400] "GET /opensso/namingservice HTTP/1.1" 200 7 "-" "Java/1.5.0_21" 220 183
127.0.0.1 - - [23/Oct/2014:21:13:24 -0400] "GET /opensso/namingservice HTTP/1.1" 200 7 "-" "Java/1.5.0_21" 220 183
127.0.0.1 - - [23/Oct/2014:21:13:44 -0400] "GET /opensso/namingservice HTTP/1.1" 200 7 "-" "Java/1.5.0_21" 220 183
127.0.0.1 - - [23/Oct/2014:21:13:54 -0400] "GET /opensso/namingservice HTTP/1.1" 200 7 "-" "Java/1.5.0_21" 220 183
127.0.0.1 - - [23/Oct/2014:21:14:14 -0400] "GET /opensso/namingservice HTTP/1.1" 200 7 "-" "Java/1.5.0_21" 220 183
127.0.0.1 - - [23/Oct/2014:21:14:24 -0400] "GET /opensso/namingservice HTTP/1.1" 200 7 "-" "Java/1.5.0_21" 220 183
127.0.0.1 - - [23/Oct/2014:21:14:44 -0400] "GET /opensso/namingservice HTTP/1.1" 200 7 "-" "Java/1.5.0_21" 220 183
127.0.0.1 - - [23/Oct/2014:21:14:54 -0400] "GET /opensso/namingservice HTTP/1.1" 200 7 "-" "Java/1.5.0_21" 220 183
127.0.0.1 - - [23/Oct/2014:21:15:14 -0400] "GET /opensso/namingservice HTTP/1.1" 200 7 "-" "Java/1.5.0_21" 220 183
66.249.65.157 - - [23/Oct/2014:21:15:20 -0400] "GET /LMMP/rest/dbxml/fgdc/legend/stream?label=LRO_NAC_ClrSlopeHaz_4m_36N320E_2mp HTTP/1.1" 302 - "-" "Mozilla/5.0 (compatible; Googlebot/2.1; +http://www.google.com/bot.html)" 637 4502
66.249.65.5 - - [23/Oct/2014:21:15:21 -0400] "GET /opensso/UI/Login?goto=https%3A%2F%2Fpub.lmmp.nasa.gov%3A443%2FLMMP%2Frest%2Fdbxml%2Ffgdc%2Flegend%2Fstream%3Flabel%3DLRO_NAC_ClrSlopeHaz_4m_36N320E_2mp HTTP/1.1" 200 11618 "-" "Mozilla/5.0 (compatible; Googlebot/2.1; +http://www.google.com/bot.html)" 713 16499
127.0.0.1 - - [23/Oct/2014:21:15:24 -0400] "GET /opensso/namingservice HTTP/1.1" 200 7 "-" "Java/1.5.0_21" 220 183
127.0.0.1 - - [23/Oct/2014:21:15:44 -0400] "GET /opensso/namingservice HTTP/1.1" 200 7 "-" "Java/1.5.0_21" 220 183
127.0.0.1 - - [23/Oct/2014:21:15:54 -0400] "GET /opensso/namingservice HTTP/1.1" 200 7 "-" "Java/1.5.0_21" 220 183
127.0.0.1 - - [23/Oct/2014:21:16:14 -0400] "GET /opensso/namingservice HTTP/1.1" 200 7 "-" "Java/1.5.0_21" 220 183
127.0.0.1 - - [23/Oct/2014:21:16:24 -0400] "GET /opensso/namingservice HTTP/1.1" 200 7 "-" "Java/1.5.0_21" 220 183
127.0.0.1 - - [23/Oct/2014:21:16:44 -0400] "GET /opensso/namingservice HTTP/1.1" 200 7 "-" "Java/1.5.0_21" 220 183
127.0.0.1 - - [23/Oct/2014:21:16:54 -0400] "GET /opensso/namingservice HTTP/1.1" 200 7 "-" "Java/1.5.0_21" 220 183
217.69.133.85 - - [23/Oct/2014:21:17:12 -0400] "GET /robots.txt HTTP/1.1" 404 208 "-" "Mozilla/5.0 (compatible; Linux x86_64; Mail.RU_Bot/2.0; +http://go.mail.ru/help/robots)" 251 416
127.0.0.1 - - [23/Oct/2014:21:17:14 -0400] "GET /opensso/namingservice HTTP/1.1" 200 7 "-" "Java/1.5.0_21" 220 183
217.69.133.84 - - [23/Oct/2014:21:17:14 -0400] "GET /redmine/projects/lmmpwiki/wiki/date_index HTTP/1.1" 503 323 "-" "Mozilla/5.0 (compatible; Linux x86_64; Mail.RU_Bot/2.0; +http://go.mail.ru/help/robots)" 365 493
127.0.0.1 - - [23/Oct/2014:21:17:24 -0400] "GET /opensso/namingservice HTTP/1.1" 200 7 "-" "Java/1.5.0_21" 220 183
217.69.133.216 - - [23/Oct/2014:21:17:26 -0400] "GET /redmine/activity?show_issues=1 HTTP/1.1" 503 323 "-" "Mozilla/5.0 (compatible; Linux x86_64; Mail.RU_Bot/2.0; +http://go.mail.ru/help/robots)" 354 493
217.69.133.67 - - [23/Oct/2014:21:17:29 -0400] "GET /redmine/activity?show_changesets=1 HTTP/1.1" 503 323 "-" "Mozilla/5.0 (compatible; Linux x86_64; Mail.RU_Bot/2.0; +http://go.mail.ru/help/robots)" 358 493
217.69.133.219 - - [23/Oct/2014:21:17:30 -0400] "GET /redmine/activity?from=2013-12-16&show_news=1 HTTP/1.1" 503 323 "-" "Mozilla/5.0 (compatible; Linux x86_64; Mail.RU_Bot/2.0; +http://go.mail.ru/help/robots)" 368 493
217.69.133.217 - - [23/Oct/2014:21:17:31 -0400] "GET /redmine/activity?from=2013-09-15&show_news=1 HTTP/1.1" 503 323 "-" "Mozilla/5.0 (compatible; Linux x86_64; Mail.RU_Bot/2.0; +http://go.mail.ru/help/robots)" 368 493
127.0.0.1 - - [23/Oct/2014:21:17:44 -0400] "GET /opensso/namingservice HTTP/1.1" 200 7 "-" "Java/1.5.0_21" 220 183
127.0.0.1 - - [23/Oct/2014:21:17:54 -0400] "GET /opensso/namingservice HTTP/1.1" 200 7 "-" "Java/1.5.0_21" 220 183
217.69.133.219 - - [23/Oct/2014:21:18:00 -0400] "GET /redmine/activity?from=2014-05-09 HTTP/1.1" 503 323 "-" "Mozilla/5.0 (compatible; Linux x86_64; Mail.RU_Bot/2.0; +http://go.mail.ru/help/robots)" 356 493
127.0.0.1 - - [23/Oct/2014:21:18:14 -0400] "GET /opensso/namingservice HTTP/1.1" 200 7 "-" "Java/1.5.0_21" 220 183
127.0.0.1 - - [23/Oct/2014:21:18:24 -0400] "GET /opensso/namingservice HTTP/1.1" 200 7 "-" "Java/1.5.0_21" 220 183
127.0.0.1 - - [23/Oct/2014:21:18:44 -0400] "GET /opensso/namingservice HTTP/1.1" 200 7 "-" "Java/1.5.0_21" 220 183
127.0.0.1 - - [23/Oct/2014:21:18:54 -0400] "GET /opensso/namingservice HTTP/1.1" 200 7 "-" "Java/1.5.0_21" 220 183
127.0.0.1 - - [23/Oct/2014:21:19:14 -0400] "GET /opensso/namingservice HTTP/1.1" 200 7 "-" "Java/1.5.0_21" 220 183
127.0.0.1 - - [23/Oct/2014:21:19:24 -0400] "GET /opensso/namingservice HTTP/1.1" 200 7 "-" "Java/1.5.0_21" 220 183
66.249.65.5 - - [23/Oct/2014:21:19:41 -0400] "GET /LMMP/rest/dbxml/fgdc/html?label=LRO_NAC_Slope_13N356E_150cmp HTTP/1.1" 302 - "-" "Mozilla/5.0 (compatible; Googlebot/2.1; +http://www.google.com/bot.html)" 622 4485
66.249.65.3 - - [23/Oct/2014:21:19:42 -0400] "GET /opensso/UI/Login?goto=https%3A%2F%2Fpub.lmmp.nasa.gov%3A443%2FLMMP%2Frest%2Fdbxml%2Ffgdc%2Fhtml%3Flabel%3DLRO_NAC_Slope_13N356E_150cmp HTTP/1.1" 200 11598 "-" "Mozilla/5.0 (compatible; Googlebot/2.1; +http://www.google.com/bot.html)" 696 16479
127.0.0.1 - - [23/Oct/2014:21:19:44 -0400] "GET /opensso/namingservice HTTP/1.1" 200 7 "-" "Java/1.5.0_21" 220 183
127.0.0.1 - - [23/Oct/2014:21:19:54 -0400] "GET /opensso/namingservice HTTP/1.1" 200 7 "-" "Java/1.5.0_21" 220 183
127.0.0.1 - - [23/Oct/2014:21:20:14 -0400] "GET /opensso/namingservice HTTP/1.1" 200 7 "-" "Java/1.5.0_21" 220 183
127.0.0.1 - - [23/Oct/2014:21:20:24 -0400] "GET /opensso/namingservice HTTP/1.1" 200 7 "-" "Java/1.5.0_21" 220 183
127.0.0.1 - - [23/Oct/2014:21:20:44 -0400] "GET /opensso/namingservice HTTP/1.1" 200 7 "-" "Java/1.5.0_21" 220 183
127.0.0.1 - - [23/Oct/2014:21:20:54 -0400] "GET /opensso/namingservice HTTP/1.1" 200 7 "-" "Java/1.5.0_21" 220 183
127.0.0.1 - - [23/Oct/2014:21:21:14 -0400] "GET /opensso/namingservice HTTP/1.1" 200 7 "-" "Java/1.5.0_21" 220 183
127.0.0.1 - - [23/Oct/2014:21:21:24 -0400] "GET /opensso/namingservice HTTP/1.1" 200 7 "-" "Java/1.5.0_21" 220 183
127.0.0.1 - - [23/Oct/2014:21:21:44 -0400] "GET /opensso/namingservice HTTP/1.1" 200 7 "-" "Java/1.5.0_21" 220 183
66.249.65.3 - - [23/Oct/2014:21:21:47 -0400] "GET /LMMP/rest/dbxml/fgdc/legend/stream?label=LRO_NAC_ClrRoughness_3m_10N058E_150cmp HTTP/1.1" 302 - "-" "Mozilla/5.0 (compatible; Googlebot/2.1; +http://www.google.com/bot.html)" 641 4506
66.249.65.5 - - [23/Oct/2014:21:21:48 -0400] "GET /opensso/UI/Login?goto=https%3A%2F%2Fpub.lmmp.nasa.gov%3A443%2FLMMP%2Frest%2Fdbxml%2Ffgdc%2Flegend%2Fstream%3Flabel%3DLRO_NAC_ClrRoughness_3m_10N058E_150cmp HTTP/1.1" 200 11626 "-" "Mozilla/5.0 (compatible; Googlebot/2.1; +http://www.google.com/bot.html)" 717 16507
127.0.0.1 - - [23/Oct/2014:21:21:54 -0400] "GET /opensso/namingservice HTTP/1.1" 200 7 "-" "Java/1.5.0_21" 220 183
127.0.0.1 - - [23/Oct/2014:21:22:14 -0400] "GET /opensso/namingservice HTTP/1.1" 200 7 "-" "Java/1.5.0_21" 220 183
127.0.0.1 - - [23/Oct/2014:21:22:24 -0400] "GET /opensso/namingservice HTTP/1.1" 200 7 "-" "Java/1.5.0_21" 220 183
127.0.0.1 - - [23/Oct/2014:21:22:44 -0400] "GET /opensso/namingservice HTTP/1.1" 200 7 "-" "Java/1.5.0_21" 220 183
127.0.0.1 - - [23/Oct/2014:21:22:54 -0400] "GET /opensso/namingservice HTTP/1.1" 200 7 "-" "Java/1.5.0_21" 220 183
127.0.0.1 - - [23/Oct/2014:21:23:14 -0400] "GET /opensso/namingservice HTTP/1.1" 200 7 "-" "Java/1.5.0_21" 220 183
127.0.0.1 - - [23/Oct/2014:21:23:24 -0400] "GET /opensso/namingservice HTTP/1.1" 200 7 "-" "Java/1.5.0_21" 220 183
127.0.0.1 - - [23/Oct/2014:21:23:44 -0400] "GET /opensso/namingservice HTTP/1.1" 200 7 "-" "Java/1.5.0_21" 220 183
127.0.0.1 - - [23/Oct/2014:21:23:54 -0400] "GET /opensso/namingservice HTTP/1.1" 200 7 "-" "Java/1.5.0_21" 220 183
127.0.0.1 - - [23/Oct/2014:21:24:14 -0400] "GET /opensso/namingservice HTTP/1.1" 200 7 "-" "Java/1.5.0_21" 220 183
127.0.0.1 - - [23/Oct/2014:21:24:24 -0400] "GET /opensso/namingservice HTTP/1.1" 200 7 "-" "Java/1.5.0_21" 220 183
127.0.0.1 - - [23/Oct/2014:21:24:44 -0400] "GET /opensso/namingservice HTTP/1.1" 200 7 "-" "Java/1.5.0_21" 220 183
127.0.0.1 - - [23/Oct/2014:21:24:54 -0400] "GET /opensso/namingservice HTTP/1.1" 200 7 "-" "Java/1.5.0_21" 220 183
127.0.0.1 - - [23/Oct/2014:21:25:14 -0400] "GET /opensso/namingservice HTTP/1.1" 200 7 "-" "Java/1.5.0_21" 220 183
127.0.0.1 - - [23/Oct/2014:21:25:24 -0400] "GET /opensso/namingservice HTTP/1.1" 200 7 "-" "Java/1.5.0_21" 220 183
66.249.65.157 - - [23/Oct/2014:21:25:35 -0400] "GET /robots.txt HTTP/1.1" 404 208 "-" "Mozilla/5.0 (compatible; Googlebot/2.1; +http://www.google.com/bot.html)" 598 4542
66.249.65.5 - - [23/Oct/2014:21:25:35 -0400] "GET /LMMP/rest/dbxml/fgdc/title?label=LRO_NAC_ClrShade_16S041E_150cmp HTTP/1.1" 302 - "-" "Mozilla/5.0 (compatible; Googlebot/2.1; +http://www.google.com/bot.html)" 626 4489
66.249.65.5 - - [23/Oct/2014:21:25:35 -0400] "GET /opensso/UI/Login?goto=https%3A%2F%2Fpub.lmmp.nasa.gov%3A443%2FLMMP%2Frest%2Fdbxml%2Ffgdc%2Ftitle%3Flabel%3DLRO_NAC_ClrShade_16S041E_150cmp HTTP/1.1" 200 11608 "-" "Mozilla/5.0 (compatible; Googlebot/2.1; +http://www.google.com/bot.html)" 394 12449
127.0.0.1 - - [23/Oct/2014:21:25:44 -0400] "GET /opensso/namingservice HTTP/1.1" 200 7 "-" "Java/1.5.0_21" 220 183
127.0.0.1 - - [23/Oct/2014:21:25:54 -0400] "GET /opensso/namingservice HTTP/1.1" 200 7 "-" "Java/1.5.0_21" 220 183
127.0.0.1 - - [23/Oct/2014:21:26:14 -0400] "GET /opensso/namingservice HTTP/1.1" 200 7 "-" "Java/1.5.0_21" 220 183
127.0.0.1 - - [23/Oct/2014:21:26:24 -0400] "GET /opensso/namingservice HTTP/1.1" 200 7 "-" "Java/1.5.0_21" 220 183
127.0.0.1 - - [23/Oct/2014:21:26:44 -0400] "GET /opensso/namingservice HTTP/1.1" 200 7 "-" "Java/1.5.0_21" 220 183
66.249.65.135 - - [23/Oct/2014:21:26:52 -0400] "GET /redmine/projects/lmmpwiki/activity?from=1868-09-21 HTTP/1.1" 503 323 "-" "Mozilla/5.0 (compatible; Googlebot/2.1; +http://www.google.com/bot.html)" 281 493
127.0.0.1 - - [23/Oct/2014:21:26:54 -0400] "GET /opensso/namingservice HTTP/1.1" 200 7 "-" "Java/1.5.0_21" 220 183
127.0.0.1 - - [23/Oct/2014:21:27:14 -0400] "GET /opensso/namingservice HTTP/1.1" 200 7 "-" "Java/1.5.0_21" 220 183
127.0.0.1 - - [23/Oct/2014:21:27:24 -0400] "GET /opensso/namingservice HTTP/1.1" 200 7 "-" "Java/1.5.0_21" 220 183
127.0.0.1 - - [23/Oct/2014:21:27:44 -0400] "GET /opensso/namingservice HTTP/1.1" 200 7 "-" "Java/1.5.0_21" 220 183
127.0.0.1 - - [23/Oct/2014:21:27:54 -0400] "GET /opensso/namingservice HTTP/1.1" 200 7 "-" "Java/1.5.0_21" 220 183
127.0.0.1 - - [23/Oct/2014:21:28:14 -0400] "GET /opensso/namingservice HTTP/1.1" 200 7 "-" "Java/1.5.0_21" 220 183
66.249.65.5 - - [23/Oct/2014:21:28:14 -0400] "GET /LMMP/rest/dbxml/fgdc/title?label=LRO_NAC_Shade_07N022E_150cmp HTTP/1.1" 302 - "-" "Mozilla/5.0 (compatible; Googlebot/2.1; +http://www.google.com/bot.html)" 623 4486
66.249.65.5 - - [23/Oct/2014:21:28:14 -0400] "GET /opensso/UI/Login?goto=https%3A%2F%2Fpub.lmmp.nasa.gov%3A443%2FLMMP%2Frest%2Fdbxml%2Ffgdc%2Ftitle%3Flabel%3DLRO_NAC_Shade_07N022E_150cmp HTTP/1.1" 200 11610 "-" "Mozilla/5.0 (compatible; Googlebot/2.1; +http://www.google.com/bot.html)" 391 12451
127.0.0.1 - - [23/Oct/2014:21:28:24 -0400] "GET /opensso/namingservice HTTP/1.1" 200 7 "-" "Java/1.5.0_21" 220 183
127.0.0.1 - - [23/Oct/2014:21:28:44 -0400] "GET /opensso/namingservice HTTP/1.1" 200 7 "-" "Java/1.5.0_21" 220 183
127.0.0.1 - - [23/Oct/2014:21:28:54 -0400] "GET /opensso/namingservice HTTP/1.1" 200 7 "-" "Java/1.5.0_21" 220 183
127.0.0.1 - - [23/Oct/2014:21:29:14 -0400] "GET /opensso/namingservice HTTP/1.1" 200 7 "-" "Java/1.5.0_21" 220 183
127.0.0.1 - - [23/Oct/2014:21:29:24 -0400] "GET /opensso/namingservice HTTP/1.1" 200 7 "-" "Java/1.5.0_21" 220 183
127.0.0.1 - - [23/Oct/2014:21:29:44 -0400] "GET /opensso/namingservice HTTP/1.1" 200 7 "-" "Java/1.5.0_21" 220 183
127.0.0.1 - - [23/Oct/2014:21:29:54 -0400] "GET /opensso/namingservice HTTP/1.1" 200 7 "-" "Java/1.5.0_21" 220 183
127.0.0.1 - - [23/Oct/2014:21:30:14 -0400] "GET /opensso/namingservice HTTP/1.1" 200 7 "-" "Java/1.5.0_21" 220 183
127.0.0.1 - - [23/Oct/2014:21:30:24 -0400] "GET /opensso/namingservice HTTP/1.1" 200 7 "-" "Java/1.5.0_21" 220 183
127.0.0.1 - - [23/Oct/2014:21:30:44 -0400] "GET /opensso/namingservice HTTP/1.1" 200 7 "-" "Java/1.5.0_21" 220 183
127.0.0.1 - - [23/Oct/2014:21:30:54 -0400] "GET /opensso/namingservice HTTP/1.1" 200 7 "-" "Java/1.5.0_21" 220 183
127.0.0.1 - - [23/Oct/2014:21:31:14 -0400] "GET /opensso/namingservice HTTP/1.1" 200 7 "-" "Java/1.5.0_21" 220 183
127.0.0.1 - - [23/Oct/2014:21:31:24 -0400] "GET /opensso/namingservice HTTP/1.1" 200 7 "-" "Java/1.5.0_21" 220 183
127.0.0.1 - - [23/Oct/2014:21:31:44 -0400] "GET /opensso/namingservice HTTP/1.1" 200 7 "-" "Java/1.5.0_21" 220 183
127.0.0.1 - - [23/Oct/2014:21:31:54 -0400] "GET /opensso/namingservice HTTP/1.1" 200 7 "-" "Java/1.5.0_21" 220 183
66.249.65.3 - - [23/Oct/2014:21:32:01 -0400] "GET /LMMP/rest/dbxml/fgdc/html?label=Apollo15_PanCam_ClrConf_19S129E_5mp HTTP/1.1" 302 - "-" "Mozilla/5.0 (compatible; Googlebot/2.1; +http://www.google.com/bot.html)" 629 4492
66.249.65.5 - - [23/Oct/2014:21:32:02 -0400] "GET /opensso/UI/Login?goto=https%3A%2F%2Fpub.lmmp.nasa.gov%3A443%2FLMMP%2Frest%2Fdbxml%2Ffgdc%2Fhtml%3Flabel%3DApollo15_PanCam_ClrConf_19S129E_5mp HTTP/1.1" 200 11610 "-" "Mozilla/5.0 (compatible; Googlebot/2.1; +http://www.google.com/bot.html)" 703 16491
127.0.0.1 - - [23/Oct/2014:21:32:14 -0400] "GET /opensso/namingservice HTTP/1.1" 200 7 "-" "Java/1.5.0_21" 220 183
127.0.0.1 - - [23/Oct/2014:21:32:24 -0400] "GET /opensso/namingservice HTTP/1.1" 200 7 "-" "Java/1.5.0_21" 220 183
127.0.0.1 - - [23/Oct/2014:21:32:44 -0400] "GET /opensso/namingservice HTTP/1.1" 200 7 "-" "Java/1.5.0_21" 220 183
127.0.0.1 - - [23/Oct/2014:21:32:54 -0400] "GET /opensso/namingservice HTTP/1.1" 200 7 "-" "Java/1.5.0_21" 220 183
127.0.0.1 - - [23/Oct/2014:21:33:14 -0400] "GET /opensso/namingservice HTTP/1.1" 200 7 "-" "Java/1.5.0_21" 220 183
198.20.69.74 - - [23/Oct/2014:21:33:20 -0400] "GET / HTTP/1.1" 302 235 "-" "-" 492 4622
198.20.69.74 - - [23/Oct/2014:21:33:22 -0400] "GET /LMMPUI/LMMP_CLIENT/LMMP.html HTTP/1.1" 200 8973 "-" "-" 524 13443
127.0.0.1 - - [23/Oct/2014:21:33:24 -0400] "GET /opensso/namingservice HTTP/1.1" 200 7 "-" "Java/1.5.0_21" 220 183
198.20.69.74 - - [23/Oct/2014:21:33:26 -0400] "quit" 302 238 "-" "-" 345 4113
127.0.0.1 - - [23/Oct/2014:21:33:44 -0400] "GET /opensso/namingservice HTTP/1.1" 200 7 "-" "Java/1.5.0_21" 220 183
127.0.0.1 - - [23/Oct/2014:21:33:54 -0400] "POST /opensso/sessionservice HTTP/1.1" 200 2021 "-" "Java/1.5.0_21" 710 2199
127.0.0.1 - - [23/Oct/2014:21:33:54 -0400] "GET /opensso/identity//xml/read?name=TomcatApps3&attributes_names=realm&attributes_values_realm=%2Fappspub&attributes_names=objecttype&attributes_values_objecttype=Agent&admin=AQIC5wM2LY4SfcwOmF0qYi38PGD956%2BekJSEGQaITWAvOYk%3D%40AAJTSQACMDE%3D%23 HTTP/1.1" 200 13731 "-" "Java/1.5.0_21" 442 13915
127.0.0.1 - - [23/Oct/2014:21:33:54 -0400] "GET /opensso/namingservice HTTP/1.1" 200 7 "-" "Java/1.5.0_21" 220 182
127.0.0.1 - - [23/Oct/2014:21:34:14 -0400] "GET /opensso/namingservice HTTP/1.1" 200 7 "-" "Java/1.5.0_21" 220 183
127.0.0.1 - - [23/Oct/2014:21:34:24 -0400] "GET /opensso/namingservice HTTP/1.1" 200 7 "-" "Java/1.5.0_21" 220 183
127.0.0.1 - - [23/Oct/2014:21:34:44 -0400] "GET /opensso/namingservice HTTP/1.1" 200 7 "-" "Java/1.5.0_21" 220 183
127.0.0.1 - - [23/Oct/2014:21:34:54 -0400] "GET /opensso/namingservice HTTP/1.1" 200 7 "-" "Java/1.5.0_21" 220 183
127.0.0.1 - - [23/Oct/2014:21:35:14 -0400] "GET /opensso/namingservice HTTP/1.1" 200 7 "-" "Java/1.5.0_21" 220 183
127.0.0.1 - - [23/Oct/2014:21:35:24 -0400] "GET /opensso/namingservice HTTP/1.1" 200 7 "-" "Java/1.5.0_21" 220 183
66.249.65.5 - - [23/Oct/2014:21:35:32 -0400] "GET /LMMP/rest/dbxml/fgdc/html?label=LRO_NAC_ClrSlopeHaz_4m_20N010E_2mp HTTP/1.1" 302 - "-" "Mozilla/5.0 (compatible; Googlebot/2.1; +http://www.google.com/bot.html)" 628 4491
66.249.65.157 - - [23/Oct/2014:21:35:33 -0400] "GET /opensso/UI/Login?goto=https%3A%2F%2Fpub.lmmp.nasa.gov%3A443%2FLMMP%2Frest%2Fdbxml%2Ffgdc%2Fhtml%3Flabel%3DLRO_NAC_ClrSlopeHaz_4m_20N010E_2mp HTTP/1.1" 200 11606 "-" "Mozilla/5.0 (compatible; Googlebot/2.1; +http://www.google.com/bot.html)" 702 16487
127.0.0.1 - - [23/Oct/2014:21:35:44 -0400] "GET /opensso/namingservice HTTP/1.1" 200 7 "-" "Java/1.5.0_21" 220 183
127.0.0.1 - - [23/Oct/2014:21:35:54 -0400] "GET /opensso/namingservice HTTP/1.1" 200 7 "-" "Java/1.5.0_21" 220 183
127.0.0.1 - - [23/Oct/2014:21:36:14 -0400] "GET /opensso/namingservice HTTP/1.1" 200 7 "-" "Java/1.5.0_21" 220 183
127.0.0.1 - - [23/Oct/2014:21:36:24 -0400] "GET /opensso/namingservice HTTP/1.1" 200 7 "-" "Java/1.5.0_21" 220 183
127.0.0.1 - - [23/Oct/2014:21:36:44 -0400] "GET /opensso/namingservice HTTP/1.1" 200 7 "-" "Java/1.5.0_21" 220 183
127.0.0.1 - - [23/Oct/2014:21:36:54 -0400] "GET /opensso/namingservice HTTP/1.1" 200 7 "-" "Java/1.5.0_21" 220 183
