66.249.64.140 - - [15/Feb/2015:22:15:34 -0500] "GET /redmine/issues/gantt?month=4&months=6&year=2743&zoom=3 HTTP/1.1" 200 51310 "-" "Mozilla/5.0 (compatible; Googlebot/2.1; +http://www.google.com/bot.html)" 345 51999
137.78.207.218 - - [15/Feb/2015:22:15:40 -0500] "HEAD /LMMPUI/LMMP_CLIENT/LMMP.html HTTP/1.1" 200 - "-" "curl/7.38.0" 110 274
127.0.0.1 - - [15/Feb/2015:22:15:42 -0500] "GET /opensso/namingservice HTTP/1.1" 200 7 "-" "Java/1.5.0_21" 220 183
127.0.0.1 - - [15/Feb/2015:22:15:43 -0500] "GET /opensso/namingservice HTTP/1.1" 200 7 "-" "Java/1.5.0_21" 220 183
157.55.39.152 - - [15/Feb/2015:22:15:55 -0500] "GET /redmine/activity?from=2014-06-15 HTTP/1.1" 200 5345 "-" "Mozilla/5.0 (compatible; bingbot/2.0; +http://www.bing.com/bingbot.htm)" 304 5907
127.0.0.1 - - [15/Feb/2015:22:16:12 -0500] "GET /opensso/namingservice HTTP/1.1" 200 7 "-" "Java/1.5.0_21" 220 183
127.0.0.1 - - [15/Feb/2015:22:16:13 -0500] "POST /opensso/sessionservice HTTP/1.1" 200 2023 "-" "Java/1.5.0_21" 712 2201
127.0.0.1 - - [15/Feb/2015:22:16:13 -0500] "GET /opensso/identity//xml/read?name=TomcatApps3&attributes_names=realm&attributes_values_realm=%2Fappspub&attributes_names=objecttype&attributes_values_objecttype=Agent&admin=AQIC5wM2LY4Sfcwfuin4GF3PcpsYz2%2Bb0KEYXSwMUvZPjqA%3D%40AAJTSQACMDE%3D%23 HTTP/1.1" 200 13732 "-" "Java/1.5.0_21" 442 13916
127.0.0.1 - - [15/Feb/2015:22:16:13 -0500] "GET /opensso/namingservice HTTP/1.1" 200 7 "-" "Java/1.5.0_21" 220 182
127.0.0.1 - - [15/Feb/2015:22:16:42 -0500] "GET /opensso/namingservice HTTP/1.1" 200 7 "-" "Java/1.5.0_21" 220 183
127.0.0.1 - - [15/Feb/2015:22:16:43 -0500] "GET /opensso/namingservice HTTP/1.1" 200 7 "-" "Java/1.5.0_21" 220 183
127.0.0.1 - - [15/Feb/2015:22:17:12 -0500] "GET /opensso/namingservice HTTP/1.1" 200 7 "-" "Java/1.5.0_21" 220 183
127.0.0.1 - - [15/Feb/2015:22:17:13 -0500] "GET /opensso/namingservice HTTP/1.1" 200 7 "-" "Java/1.5.0_21" 220 183
127.0.0.1 - - [15/Feb/2015:22:17:42 -0500] "GET /opensso/namingservice HTTP/1.1" 200 7 "-" "Java/1.5.0_21" 220 183
127.0.0.1 - - [15/Feb/2015:22:17:43 -0500] "GET /opensso/namingservice HTTP/1.1" 200 7 "-" "Java/1.5.0_21" 220 183
127.0.0.1 - - [15/Feb/2015:22:18:12 -0500] "GET /opensso/namingservice HTTP/1.1" 200 7 "-" "Java/1.5.0_21" 220 183
127.0.0.1 - - [15/Feb/2015:22:18:13 -0500] "GET /opensso/namingservice HTTP/1.1" 200 7 "-" "Java/1.5.0_21" 220 183
66.249.64.146 - - [15/Feb/2015:22:18:20 -0500] "GET /redmine/issues/gantt?month=12&months=6&year=1840&zoom=2 HTTP/1.1" 200 30894 "-" "Mozilla/5.0 (compatible; Googlebot/2.1; +http://www.google.com/bot.html)" 727 35773
127.0.0.1 - - [15/Feb/2015:22:18:42 -0500] "GET /opensso/namingservice HTTP/1.1" 200 7 "-" "Java/1.5.0_21" 220 183
127.0.0.1 - - [15/Feb/2015:22:18:43 -0500] "GET /opensso/namingservice HTTP/1.1" 200 7 "-" "Java/1.5.0_21" 220 183
127.0.0.1 - - [15/Feb/2015:22:19:12 -0500] "GET /opensso/namingservice HTTP/1.1" 200 7 "-" "Java/1.5.0_21" 220 183
127.0.0.1 - - [15/Feb/2015:22:19:13 -0500] "GET /opensso/namingservice HTTP/1.1" 200 7 "-" "Java/1.5.0_21" 220 183
66.249.64.132 - - [15/Feb/2015:22:19:21 -0500] "GET /redmine/issues/gantt?month=7&months=6&year=2743&zoom=4 HTTP/1.1" 200 51371 "-" "Mozilla/5.0 (compatible; Googlebot/2.1; +http://www.google.com/bot.html)" 345 52060
127.0.0.1 - - [15/Feb/2015:22:19:42 -0500] "GET /opensso/namingservice HTTP/1.1" 200 7 "-" "Java/1.5.0_21" 220 183
127.0.0.1 - - [15/Feb/2015:22:19:43 -0500] "GET /opensso/namingservice HTTP/1.1" 200 7 "-" "Java/1.5.0_21" 220 183
127.0.0.1 - - [15/Feb/2015:22:20:12 -0500] "GET /opensso/namingservice HTTP/1.1" 200 7 "-" "Java/1.5.0_21" 220 183
127.0.0.1 - - [15/Feb/2015:22:20:13 -0500] "GET /opensso/namingservice HTTP/1.1" 200 7 "-" "Java/1.5.0_21" 220 183
137.78.207.218 - - [15/Feb/2015:22:20:40 -0500] "HEAD /LMMPUI/LMMP_CLIENT/LMMP.html HTTP/1.1" 200 - "-" "curl/7.38.0" 110 274
127.0.0.1 - - [15/Feb/2015:22:20:42 -0500] "GET /opensso/namingservice HTTP/1.1" 200 7 "-" "Java/1.5.0_21" 220 183
127.0.0.1 - - [15/Feb/2015:22:20:43 -0500] "GET /opensso/namingservice HTTP/1.1" 200 7 "-" "Java/1.5.0_21" 220 183
127.0.0.1 - - [15/Feb/2015:22:21:12 -0500] "GET /opensso/namingservice HTTP/1.1" 200 7 "-" "Java/1.5.0_21" 220 183
127.0.0.1 - - [15/Feb/2015:22:21:13 -0500] "GET /opensso/namingservice HTTP/1.1" 200 7 "-" "Java/1.5.0_21" 220 183
127.0.0.1 - - [15/Feb/2015:22:21:42 -0500] "GET /opensso/namingservice HTTP/1.1" 200 7 "-" "Java/1.5.0_21" 220 183
127.0.0.1 - - [15/Feb/2015:22:21:43 -0500] "GET /opensso/namingservice HTTP/1.1" 200 7 "-" "Java/1.5.0_21" 220 183
127.0.0.1 - - [15/Feb/2015:22:22:12 -0500] "GET /opensso/namingservice HTTP/1.1" 200 7 "-" "Java/1.5.0_21" 220 183
127.0.0.1 - - [15/Feb/2015:22:22:13 -0500] "GET /opensso/namingservice HTTP/1.1" 200 7 "-" "Java/1.5.0_21" 220 183
127.0.0.1 - - [15/Feb/2015:22:22:42 -0500] "GET /opensso/namingservice HTTP/1.1" 200 7 "-" "Java/1.5.0_21" 220 183
127.0.0.1 - - [15/Feb/2015:22:22:43 -0500] "GET /opensso/namingservice HTTP/1.1" 200 7 "-" "Java/1.5.0_21" 220 183
66.249.64.140 - - [15/Feb/2015:22:23:09 -0500] "GET /redmine/issues/gantt?month=1&months=6&year=2743&zoom=4 HTTP/1.1" 200 51022 "-" "Mozilla/5.0 (compatible; Googlebot/2.1; +http://www.google.com/bot.html)" 345 51711
127.0.0.1 - - [15/Feb/2015:22:23:12 -0500] "GET /opensso/namingservice HTTP/1.1" 200 7 "-" "Java/1.5.0_21" 220 183
127.0.0.1 - - [15/Feb/2015:22:23:13 -0500] "GET /opensso/namingservice HTTP/1.1" 200 7 "-" "Java/1.5.0_21" 220 183
127.0.0.1 - - [15/Feb/2015:22:23:42 -0500] "GET /opensso/namingservice HTTP/1.1" 200 7 "-" "Java/1.5.0_21" 220 183
127.0.0.1 - - [15/Feb/2015:22:23:43 -0500] "GET /opensso/namingservice HTTP/1.1" 200 7 "-" "Java/1.5.0_21" 220 183
127.0.0.1 - - [15/Feb/2015:22:24:12 -0500] "GET /opensso/namingservice HTTP/1.1" 200 7 "-" "Java/1.5.0_21" 220 183
127.0.0.1 - - [15/Feb/2015:22:24:13 -0500] "GET /opensso/namingservice HTTP/1.1" 200 7 "-" "Java/1.5.0_21" 220 183
127.0.0.1 - - [15/Feb/2015:22:24:42 -0500] "POST /opensso/sessionservice HTTP/1.1" 200 2023 "-" "Java/1.5.0_21" 712 2201
127.0.0.1 - - [15/Feb/2015:22:24:42 -0500] "GET /opensso/identity//xml/read?name=TomcatApps1&attributes_names=realm&attributes_values_realm=%2Fappspub&attributes_names=objecttype&attributes_values_objecttype=Agent&admin=AQIC5wM2LY4SfcyRautyD4RKpwbzv6XrE24fIq8LDPQGnm0%3D%40AAJTSQACMDE%3D%23 HTTP/1.1" 200 13607 "-" "Java/1.5.0_21" 440 13791
127.0.0.1 - - [15/Feb/2015:22:24:42 -0500] "GET /opensso/namingservice HTTP/1.1" 200 7 "-" "Java/1.5.0_21" 220 182
127.0.0.1 - - [15/Feb/2015:22:24:43 -0500] "GET /opensso/namingservice HTTP/1.1" 200 7 "-" "Java/1.5.0_21" 220 183
127.0.0.1 - - [15/Feb/2015:22:25:12 -0500] "GET /opensso/namingservice HTTP/1.1" 200 7 "-" "Java/1.5.0_21" 220 183
127.0.0.1 - - [15/Feb/2015:22:25:13 -0500] "GET /opensso/namingservice HTTP/1.1" 200 7 "-" "Java/1.5.0_21" 220 183
137.78.207.218 - - [15/Feb/2015:22:25:40 -0500] "HEAD /LMMPUI/LMMP_CLIENT/LMMP.html HTTP/1.1" 200 - "-" "curl/7.38.0" 110 274
127.0.0.1 - - [15/Feb/2015:22:25:42 -0500] "GET /opensso/namingservice HTTP/1.1" 200 7 "-" "Java/1.5.0_21" 220 183
127.0.0.1 - - [15/Feb/2015:22:25:43 -0500] "GET /opensso/namingservice HTTP/1.1" 200 7 "-" "Java/1.5.0_21" 220 183
127.0.0.1 - - [15/Feb/2015:22:26:12 -0500] "GET /opensso/namingservice HTTP/1.1" 200 7 "-" "Java/1.5.0_21" 220 183
127.0.0.1 - - [15/Feb/2015:22:26:13 -0500] "GET /opensso/namingservice HTTP/1.1" 200 7 "-" "Java/1.5.0_21" 220 183
127.0.0.1 - - [15/Feb/2015:22:26:42 -0500] "GET /opensso/namingservice HTTP/1.1" 200 7 "-" "Java/1.5.0_21" 220 183
127.0.0.1 - - [15/Feb/2015:22:26:43 -0500] "GET /opensso/namingservice HTTP/1.1" 200 7 "-" "Java/1.5.0_21" 220 183
66.249.64.132 - - [15/Feb/2015:22:26:56 -0500] "GET /redmine/issues/gantt?month=1&months=6&year=2743&zoom=3 HTTP/1.1" 200 51084 "-" "Mozilla/5.0 (compatible; Googlebot/2.1; +http://www.google.com/bot.html)" 345 51773
127.0.0.1 - - [15/Feb/2015:22:27:12 -0500] "GET /opensso/namingservice HTTP/1.1" 200 7 "-" "Java/1.5.0_21" 220 183
127.0.0.1 - - [15/Feb/2015:22:27:13 -0500] "GET /opensso/namingservice HTTP/1.1" 200 7 "-" "Java/1.5.0_21" 220 183
127.0.0.1 - - [15/Feb/2015:22:27:42 -0500] "GET /opensso/namingservice HTTP/1.1" 200 7 "-" "Java/1.5.0_21" 220 183
127.0.0.1 - - [15/Feb/2015:22:27:43 -0500] "GET /opensso/namingservice HTTP/1.1" 200 7 "-" "Java/1.5.0_21" 220 183
127.0.0.1 - - [15/Feb/2015:22:28:12 -0500] "GET /opensso/namingservice HTTP/1.1" 200 7 "-" "Java/1.5.0_21" 220 183
127.0.0.1 - - [15/Feb/2015:22:28:13 -0500] "GET /opensso/namingservice HTTP/1.1" 200 7 "-" "Java/1.5.0_21" 220 183
127.0.0.1 - - [15/Feb/2015:22:28:42 -0500] "GET /opensso/namingservice HTTP/1.1" 200 7 "-" "Java/1.5.0_21" 220 183
127.0.0.1 - - [15/Feb/2015:22:28:43 -0500] "GET /opensso/namingservice HTTP/1.1" 200 7 "-" "Java/1.5.0_21" 220 183
127.0.0.1 - - [15/Feb/2015:22:29:12 -0500] "GET /opensso/namingservice HTTP/1.1" 200 7 "-" "Java/1.5.0_21" 220 183
127.0.0.1 - - [15/Feb/2015:22:29:13 -0500] "GET /opensso/namingservice HTTP/1.1" 200 7 "-" "Java/1.5.0_21" 220 183
127.0.0.1 - - [15/Feb/2015:22:29:42 -0500] "GET /opensso/namingservice HTTP/1.1" 200 7 "-" "Java/1.5.0_21" 220 183
127.0.0.1 - - [15/Feb/2015:22:29:43 -0500] "GET /opensso/namingservice HTTP/1.1" 200 7 "-" "Java/1.5.0_21" 220 183
127.0.0.1 - - [15/Feb/2015:22:30:12 -0500] "GET /opensso/namingservice HTTP/1.1" 200 7 "-" "Java/1.5.0_21" 220 183
127.0.0.1 - - [15/Feb/2015:22:30:13 -0500] "GET /opensso/namingservice HTTP/1.1" 200 7 "-" "Java/1.5.0_21" 220 183
137.78.207.218 - - [15/Feb/2015:22:30:40 -0500] "HEAD /LMMPUI/LMMP_CLIENT/LMMP.html HTTP/1.1" 200 - "-" "curl/7.38.0" 110 274
127.0.0.1 - - [15/Feb/2015:22:30:42 -0500] "GET /opensso/namingservice HTTP/1.1" 200 7 "-" "Java/1.5.0_21" 220 183
127.0.0.1 - - [15/Feb/2015:22:30:43 -0500] "GET /opensso/namingservice HTTP/1.1" 200 7 "-" "Java/1.5.0_21" 220 183
66.249.64.136 - - [15/Feb/2015:22:30:44 -0500] "GET /redmine/issues/gantt?month=8&months=6&year=2743&zoom=4 HTTP/1.1" 200 51499 "-" "Mozilla/5.0 (compatible; Googlebot/2.1; +http://www.google.com/bot.html)" 345 52188
127.0.0.1 - - [15/Feb/2015:22:31:12 -0500] "GET /opensso/namingservice HTTP/1.1" 200 7 "-" "Java/1.5.0_21" 220 183
127.0.0.1 - - [15/Feb/2015:22:31:13 -0500] "GET /opensso/namingservice HTTP/1.1" 200 7 "-" "Java/1.5.0_21" 220 183
127.0.0.1 - - [15/Feb/2015:22:31:42 -0500] "GET /opensso/namingservice HTTP/1.1" 200 7 "-" "Java/1.5.0_21" 220 183
127.0.0.1 - - [15/Feb/2015:22:31:43 -0500] "GET /opensso/namingservice HTTP/1.1" 200 7 "-" "Java/1.5.0_21" 220 183
127.0.0.1 - - [15/Feb/2015:22:32:12 -0500] "GET /opensso/namingservice HTTP/1.1" 200 7 "-" "Java/1.5.0_21" 220 183
127.0.0.1 - - [15/Feb/2015:22:32:13 -0500] "GET /opensso/namingservice HTTP/1.1" 200 7 "-" "Java/1.5.0_21" 220 183
127.0.0.1 - - [15/Feb/2015:22:32:42 -0500] "GET /opensso/namingservice HTTP/1.1" 200 7 "-" "Java/1.5.0_21" 220 183
127.0.0.1 - - [15/Feb/2015:22:32:43 -0500] "GET /opensso/namingservice HTTP/1.1" 200 7 "-" "Java/1.5.0_21" 220 183
127.0.0.1 - - [15/Feb/2015:22:33:12 -0500] "GET /opensso/namingservice HTTP/1.1" 200 7 "-" "Java/1.5.0_21" 220 183
127.0.0.1 - - [15/Feb/2015:22:33:13 -0500] "GET /opensso/namingservice HTTP/1.1" 200 7 "-" "Java/1.5.0_21" 220 183
127.0.0.1 - - [15/Feb/2015:22:33:42 -0500] "GET /opensso/namingservice HTTP/1.1" 200 7 "-" "Java/1.5.0_21" 220 183
127.0.0.1 - - [15/Feb/2015:22:33:43 -0500] "GET /opensso/namingservice HTTP/1.1" 200 7 "-" "Java/1.5.0_21" 220 183
127.0.0.1 - - [15/Feb/2015:22:34:12 -0500] "GET /opensso/namingservice HTTP/1.1" 200 7 "-" "Java/1.5.0_21" 220 183
127.0.0.1 - - [15/Feb/2015:22:34:13 -0500] "GET /opensso/namingservice HTTP/1.1" 200 7 "-" "Java/1.5.0_21" 220 183
66.249.64.140 - - [15/Feb/2015:22:34:31 -0500] "GET /redmine/issues/gantt?month=5&months=6&year=2743&zoom=4 HTTP/1.1" 200 51401 "-" "Mozilla/5.0 (compatible; Googlebot/2.1; +http://www.google.com/bot.html)" 345 52090
127.0.0.1 - - [15/Feb/2015:22:34:42 -0500] "GET /opensso/namingservice HTTP/1.1" 200 7 "-" "Java/1.5.0_21" 220 183
127.0.0.1 - - [15/Feb/2015:22:34:43 -0500] "GET /opensso/namingservice HTTP/1.1" 200 7 "-" "Java/1.5.0_21" 220 183
127.0.0.1 - - [15/Feb/2015:22:35:12 -0500] "GET /opensso/namingservice HTTP/1.1" 200 7 "-" "Java/1.5.0_21" 220 183
127.0.0.1 - - [15/Feb/2015:22:35:13 -0500] "GET /opensso/namingservice HTTP/1.1" 200 7 "-" "Java/1.5.0_21" 220 183
137.78.207.218 - - [15/Feb/2015:22:35:40 -0500] "HEAD /LMMPUI/LMMP_CLIENT/LMMP.html HTTP/1.1" 200 - "-" "curl/7.38.0" 110 274
127.0.0.1 - - [15/Feb/2015:22:35:42 -0500] "GET /opensso/namingservice HTTP/1.1" 200 7 "-" "Java/1.5.0_21" 220 183
127.0.0.1 - - [15/Feb/2015:22:35:43 -0500] "GET /opensso/namingservice HTTP/1.1" 200 7 "-" "Java/1.5.0_21" 220 183
127.0.0.1 - - [15/Feb/2015:22:36:12 -0500] "GET /opensso/namingservice HTTP/1.1" 200 7 "-" "Java/1.5.0_21" 220 183
127.0.0.1 - - [15/Feb/2015:22:36:13 -0500] "GET /opensso/namingservice HTTP/1.1" 200 7 "-" "Java/1.5.0_21" 220 183
127.0.0.1 - - [15/Feb/2015:22:36:42 -0500] "GET /opensso/namingservice HTTP/1.1" 200 7 "-" "Java/1.5.0_21" 220 183
127.0.0.1 - - [15/Feb/2015:22:36:43 -0500] "GET /opensso/namingservice HTTP/1.1" 200 7 "-" "Java/1.5.0_21" 220 183
127.0.0.1 - - [15/Feb/2015:22:37:12 -0500] "GET /opensso/namingservice HTTP/1.1" 200 7 "-" "Java/1.5.0_21" 220 183
127.0.0.1 - - [15/Feb/2015:22:37:13 -0500] "GET /opensso/namingservice HTTP/1.1" 200 7 "-" "Java/1.5.0_21" 220 183
127.0.0.1 - - [15/Feb/2015:22:37:42 -0500] "GET /opensso/namingservice HTTP/1.1" 200 7 "-" "Java/1.5.0_21" 220 183
127.0.0.1 - - [15/Feb/2015:22:37:43 -0500] "GET /opensso/namingservice HTTP/1.1" 200 7 "-" "Java/1.5.0_21" 220 183
127.0.0.1 - - [15/Feb/2015:22:38:12 -0500] "GET /opensso/namingservice HTTP/1.1" 200 7 "-" "Java/1.5.0_21" 220 183
127.0.0.1 - - [15/Feb/2015:22:38:13 -0500] "GET /opensso/namingservice HTTP/1.1" 200 7 "-" "Java/1.5.0_21" 220 183
66.249.64.140 - - [15/Feb/2015:22:38:18 -0500] "GET /robots.txt HTTP/1.1" 404 208 "-" "Mozilla/5.0 (compatible; Googlebot/2.1; +http://www.google.com/bot.html)" 258 453
66.249.64.132 - - [15/Feb/2015:22:38:18 -0500] "GET /redmine/issues/gantt?month=10&months=6&year=2742&zoom=3 HTTP/1.1" 200 51214 "-" "Mozilla/5.0 (compatible; Googlebot/2.1; +http://www.google.com/bot.html)" 346 51903
127.0.0.1 - - [15/Feb/2015:22:38:42 -0500] "GET /opensso/namingservice HTTP/1.1" 200 7 "-" "Java/1.5.0_21" 220 183
127.0.0.1 - - [15/Feb/2015:22:38:43 -0500] "GET /opensso/namingservice HTTP/1.1" 200 7 "-" "Java/1.5.0_21" 220 183
127.0.0.1 - - [15/Feb/2015:22:39:12 -0500] "GET /opensso/namingservice HTTP/1.1" 200 7 "-" "Java/1.5.0_21" 220 183
127.0.0.1 - - [15/Feb/2015:22:39:13 -0500] "GET /opensso/namingservice HTTP/1.1" 200 7 "-" "Java/1.5.0_21" 220 183
127.0.0.1 - - [15/Feb/2015:22:39:42 -0500] "GET /opensso/namingservice HTTP/1.1" 200 7 "-" "Java/1.5.0_21" 220 183
127.0.0.1 - - [15/Feb/2015:22:39:43 -0500] "GET /opensso/namingservice HTTP/1.1" 200 7 "-" "Java/1.5.0_21" 220 183
127.0.0.1 - - [15/Feb/2015:22:40:12 -0500] "GET /opensso/namingservice HTTP/1.1" 200 7 "-" "Java/1.5.0_21" 220 183
127.0.0.1 - - [15/Feb/2015:22:40:13 -0500] "GET /opensso/namingservice HTTP/1.1" 200 7 "-" "Java/1.5.0_21" 220 183
137.78.207.218 - - [15/Feb/2015:22:40:40 -0500] "HEAD /LMMPUI/LMMP_CLIENT/LMMP.html HTTP/1.1" 200 - "-" "curl/7.38.0" 110 274
127.0.0.1 - - [15/Feb/2015:22:40:42 -0500] "GET /opensso/namingservice HTTP/1.1" 200 7 "-" "Java/1.5.0_21" 220 183
127.0.0.1 - - [15/Feb/2015:22:40:43 -0500] "GET /opensso/namingservice HTTP/1.1" 200 7 "-" "Java/1.5.0_21" 220 183
127.0.0.1 - - [15/Feb/2015:22:41:12 -0500] "GET /opensso/namingservice HTTP/1.1" 200 7 "-" "Java/1.5.0_21" 220 183
127.0.0.1 - - [15/Feb/2015:22:41:13 -0500] "GET /opensso/namingservice HTTP/1.1" 200 7 "-" "Java/1.5.0_21" 220 183
127.0.0.1 - - [15/Feb/2015:22:41:42 -0500] "GET /opensso/namingservice HTTP/1.1" 200 7 "-" "Java/1.5.0_21" 220 183
127.0.0.1 - - [15/Feb/2015:22:41:43 -0500] "GET /opensso/namingservice HTTP/1.1" 200 7 "-" "Java/1.5.0_21" 220 183
66.249.64.132 - - [15/Feb/2015:22:42:06 -0500] "GET /redmine/issues/gantt?month=10&months=6&year=2742&zoom=4 HTTP/1.1" 200 51151 "-" "Mozilla/5.0 (compatible; Googlebot/2.1; +http://www.google.com/bot.html)" 346 51840
127.0.0.1 - - [15/Feb/2015:22:42:12 -0500] "GET /opensso/namingservice HTTP/1.1" 200 7 "-" "Java/1.5.0_21" 220 183
127.0.0.1 - - [15/Feb/2015:22:42:13 -0500] "GET /opensso/namingservice HTTP/1.1" 200 7 "-" "Java/1.5.0_21" 220 183
127.0.0.1 - - [15/Feb/2015:22:42:42 -0500] "GET /opensso/namingservice HTTP/1.1" 200 7 "-" "Java/1.5.0_21" 220 183
127.0.0.1 - - [15/Feb/2015:22:42:43 -0500] "GET /opensso/namingservice HTTP/1.1" 200 7 "-" "Java/1.5.0_21" 220 183
127.0.0.1 - - [15/Feb/2015:22:43:12 -0500] "GET /opensso/namingservice HTTP/1.1" 200 7 "-" "Java/1.5.0_21" 220 183
127.0.0.1 - - [15/Feb/2015:22:43:13 -0500] "GET /opensso/namingservice HTTP/1.1" 200 7 "-" "Java/1.5.0_21" 220 183
127.0.0.1 - - [15/Feb/2015:22:43:42 -0500] "GET /opensso/namingservice HTTP/1.1" 200 7 "-" "Java/1.5.0_21" 220 183
127.0.0.1 - - [15/Feb/2015:22:43:43 -0500] "GET /opensso/namingservice HTTP/1.1" 200 7 "-" "Java/1.5.0_21" 220 183
127.0.0.1 - - [15/Feb/2015:22:44:12 -0500] "GET /opensso/namingservice HTTP/1.1" 200 7 "-" "Java/1.5.0_21" 220 183
127.0.0.1 - - [15/Feb/2015:22:44:13 -0500] "GET /opensso/namingservice HTTP/1.1" 200 7 "-" "Java/1.5.0_21" 220 183
127.0.0.1 - - [15/Feb/2015:22:44:42 -0500] "GET /opensso/namingservice HTTP/1.1" 200 7 "-" "Java/1.5.0_21" 220 183
127.0.0.1 - - [15/Feb/2015:22:44:43 -0500] "GET /opensso/namingservice HTTP/1.1" 200 7 "-" "Java/1.5.0_21" 220 183
127.0.0.1 - - [15/Feb/2015:22:45:12 -0500] "GET /opensso/namingservice HTTP/1.1" 200 7 "-" "Java/1.5.0_21" 220 183
127.0.0.1 - - [15/Feb/2015:22:45:13 -0500] "GET /opensso/namingservice HTTP/1.1" 200 7 "-" "Java/1.5.0_21" 220 183
137.78.207.218 - - [15/Feb/2015:22:45:40 -0500] "HEAD /LMMPUI/LMMP_CLIENT/LMMP.html HTTP/1.1" 200 - "-" "curl/7.38.0" 110 274
127.0.0.1 - - [15/Feb/2015:22:45:42 -0500] "GET /opensso/namingservice HTTP/1.1" 200 7 "-" "Java/1.5.0_21" 220 183
127.0.0.1 - - [15/Feb/2015:22:45:43 -0500] "GET /opensso/namingservice HTTP/1.1" 200 7 "-" "Java/1.5.0_21" 220 183
66.249.64.140 - - [15/Feb/2015:22:45:53 -0500] "GET /redmine/issues/gantt?month=4&months=6&year=2742&zoom=4 HTTP/1.1" 200 51250 "-" "Mozilla/5.0 (compatible; Googlebot/2.1; +http://www.google.com/bot.html)" 345 51939
127.0.0.1 - - [15/Feb/2015:22:46:12 -0500] "GET /opensso/namingservice HTTP/1.1" 200 7 "-" "Java/1.5.0_21" 220 183
127.0.0.1 - - [15/Feb/2015:22:46:13 -0500] "GET /opensso/namingservice HTTP/1.1" 200 7 "-" "Java/1.5.0_21" 220 183
127.0.0.1 - - [15/Feb/2015:22:46:42 -0500] "GET /opensso/namingservice HTTP/1.1" 200 7 "-" "Java/1.5.0_21" 220 183
127.0.0.1 - - [15/Feb/2015:22:46:43 -0500] "GET /opensso/namingservice HTTP/1.1" 200 7 "-" "Java/1.5.0_21" 220 183
127.0.0.1 - - [15/Feb/2015:22:47:12 -0500] "GET /opensso/namingservice HTTP/1.1" 200 7 "-" "Java/1.5.0_21" 220 183
127.0.0.1 - - [15/Feb/2015:22:47:13 -0500] "GET /opensso/namingservice HTTP/1.1" 200 7 "-" "Java/1.5.0_21" 220 183
127.0.0.1 - - [15/Feb/2015:22:47:42 -0500] "GET /opensso/namingservice HTTP/1.1" 200 7 "-" "Java/1.5.0_21" 220 183
127.0.0.1 - - [15/Feb/2015:22:47:43 -0500] "GET /opensso/namingservice HTTP/1.1" 200 7 "-" "Java/1.5.0_21" 220 183
127.0.0.1 - - [15/Feb/2015:22:48:12 -0500] "GET /opensso/namingservice HTTP/1.1" 200 7 "-" "Java/1.5.0_21" 220 183
127.0.0.1 - - [15/Feb/2015:22:48:13 -0500] "GET /opensso/namingservice HTTP/1.1" 200 7 "-" "Java/1.5.0_21" 220 183
127.0.0.1 - - [15/Feb/2015:22:48:42 -0500] "GET /opensso/namingservice HTTP/1.1" 200 7 "-" "Java/1.5.0_21" 220 183
127.0.0.1 - - [15/Feb/2015:22:48:43 -0500] "GET /opensso/namingservice HTTP/1.1" 200 7 "-" "Java/1.5.0_21" 220 183
127.0.0.1 - - [15/Feb/2015:22:49:12 -0500] "GET /opensso/namingservice HTTP/1.1" 200 7 "-" "Java/1.5.0_21" 220 183
127.0.0.1 - - [15/Feb/2015:22:49:13 -0500] "GET /opensso/namingservice HTTP/1.1" 200 7 "-" "Java/1.5.0_21" 220 183
66.249.64.140 - - [15/Feb/2015:22:49:40 -0500] "GET /redmine/issues/gantt?month=4&months=6&year=2742&zoom=3 HTTP/1.1" 200 51310 "-" "Mozilla/5.0 (compatible; Googlebot/2.1; +http://www.google.com/bot.html)" 345 52000
127.0.0.1 - - [15/Feb/2015:22:49:42 -0500] "GET /opensso/namingservice HTTP/1.1" 200 7 "-" "Java/1.5.0_21" 220 183
127.0.0.1 - - [15/Feb/2015:22:49:43 -0500] "GET /opensso/namingservice HTTP/1.1" 200 7 "-" "Java/1.5.0_21" 220 183
127.0.0.1 - - [15/Feb/2015:22:50:12 -0500] "GET /opensso/namingservice HTTP/1.1" 200 7 "-" "Java/1.5.0_21" 220 183
127.0.0.1 - - [15/Feb/2015:22:50:13 -0500] "GET /opensso/namingservice HTTP/1.1" 200 7 "-" "Java/1.5.0_21" 220 183
137.78.207.218 - - [15/Feb/2015:22:50:40 -0500] "HEAD /LMMPUI/LMMP_CLIENT/LMMP.html HTTP/1.1" 200 - "-" "curl/7.38.0" 110 274
127.0.0.1 - - [15/Feb/2015:22:50:42 -0500] "GET /opensso/namingservice HTTP/1.1" 200 7 "-" "Java/1.5.0_21" 220 183
127.0.0.1 - - [15/Feb/2015:22:50:43 -0500] "GET /opensso/namingservice HTTP/1.1" 200 7 "-" "Java/1.5.0_21" 220 183
127.0.0.1 - - [15/Feb/2015:22:51:12 -0500] "GET /opensso/namingservice HTTP/1.1" 200 7 "-" "Java/1.5.0_21" 220 183
127.0.0.1 - - [15/Feb/2015:22:51:13 -0500] "GET /opensso/namingservice HTTP/1.1" 200 7 "-" "Java/1.5.0_21" 220 183
127.0.0.1 - - [15/Feb/2015:22:51:42 -0500] "GET /opensso/namingservice HTTP/1.1" 200 7 "-" "Java/1.5.0_21" 220 183
127.0.0.1 - - [15/Feb/2015:22:51:43 -0500] "GET /opensso/namingservice HTTP/1.1" 200 7 "-" "Java/1.5.0_21" 220 183
127.0.0.1 - - [15/Feb/2015:22:52:12 -0500] "GET /opensso/namingservice HTTP/1.1" 200 7 "-" "Java/1.5.0_21" 220 183
127.0.0.1 - - [15/Feb/2015:22:52:13 -0500] "GET /opensso/namingservice HTTP/1.1" 200 7 "-" "Java/1.5.0_21" 220 183
127.0.0.1 - - [15/Feb/2015:22:52:42 -0500] "GET /opensso/namingservice HTTP/1.1" 200 7 "-" "Java/1.5.0_21" 220 183
127.0.0.1 - - [15/Feb/2015:22:52:43 -0500] "GET /opensso/namingservice HTTP/1.1" 200 7 "-" "Java/1.5.0_21" 220 183
127.0.0.1 - - [15/Feb/2015:22:53:12 -0500] "GET /opensso/namingservice HTTP/1.1" 200 7 "-" "Java/1.5.0_21" 220 183
127.0.0.1 - - [15/Feb/2015:22:53:13 -0500] "GET /opensso/namingservice HTTP/1.1" 200 7 "-" "Java/1.5.0_21" 220 183
66.249.64.132 - - [15/Feb/2015:22:53:28 -0500] "GET /redmine/issues/gantt?month=10&months=6&year=2741&zoom=4 HTTP/1.1" 200 51151 "-" "Mozilla/5.0 (compatible; Googlebot/2.1; +http://www.google.com/bot.html)" 346 51841
127.0.0.1 - - [15/Feb/2015:22:53:42 -0500] "GET /opensso/namingservice HTTP/1.1" 200 7 "-" "Java/1.5.0_21" 220 183
127.0.0.1 - - [15/Feb/2015:22:53:43 -0500] "GET /opensso/namingservice HTTP/1.1" 200 7 "-" "Java/1.5.0_21" 220 183
127.0.0.1 - - [15/Feb/2015:22:54:12 -0500] "GET /opensso/namingservice HTTP/1.1" 200 7 "-" "Java/1.5.0_21" 220 183
127.0.0.1 - - [15/Feb/2015:22:54:13 -0500] "GET /opensso/namingservice HTTP/1.1" 200 7 "-" "Java/1.5.0_21" 220 183
127.0.0.1 - - [15/Feb/2015:22:54:42 -0500] "GET /opensso/namingservice HTTP/1.1" 200 7 "-" "Java/1.5.0_21" 220 183
127.0.0.1 - - [15/Feb/2015:22:54:43 -0500] "GET /opensso/namingservice HTTP/1.1" 200 7 "-" "Java/1.5.0_21" 220 183
127.0.0.1 - - [15/Feb/2015:22:55:12 -0500] "GET /opensso/namingservice HTTP/1.1" 200 7 "-" "Java/1.5.0_21" 220 183
127.0.0.1 - - [15/Feb/2015:22:55:13 -0500] "GET /opensso/namingservice HTTP/1.1" 200 7 "-" "Java/1.5.0_21" 220 183
127.0.0.1 - - [15/Feb/2015:22:55:42 -0500] "GET /opensso/namingservice HTTP/1.1" 200 7 "-" "Java/1.5.0_21" 220 183
127.0.0.1 - - [15/Feb/2015:22:55:43 -0500] "GET /opensso/namingservice HTTP/1.1" 200 7 "-" "Java/1.5.0_21" 220 183
137.78.207.218 - - [15/Feb/2015:22:55:43 -0500] "HEAD /LMMPUI/LMMP_CLIENT/LMMP.html HTTP/1.1" 200 - "-" "curl/7.38.0" 110 274
127.0.0.1 - - [15/Feb/2015:22:56:12 -0500] "GET /opensso/namingservice HTTP/1.1" 200 7 "-" "Java/1.5.0_21" 220 183
127.0.0.1 - - [15/Feb/2015:22:56:13 -0500] "GET /opensso/namingservice HTTP/1.1" 200 7 "-" "Java/1.5.0_21" 220 183
127.0.0.1 - - [15/Feb/2015:22:56:42 -0500] "GET /opensso/namingservice HTTP/1.1" 200 7 "-" "Java/1.5.0_21" 220 183
127.0.0.1 - - [15/Feb/2015:22:56:43 -0500] "GET /opensso/namingservice HTTP/1.1" 200 7 "-" "Java/1.5.0_21" 220 183
127.0.0.1 - - [15/Feb/2015:22:57:12 -0500] "GET /opensso/namingservice HTTP/1.1" 200 7 "-" "Java/1.5.0_21" 220 183
127.0.0.1 - - [15/Feb/2015:22:57:13 -0500] "GET /opensso/namingservice HTTP/1.1" 200 7 "-" "Java/1.5.0_21" 220 183
66.249.64.140 - - [15/Feb/2015:22:57:15 -0500] "GET /P7Rd+AENvcekWeRvFb+pLaf+Qj/6shM3Xiu/Qq5Kt8= HTTP/1.1" 404 241 "-" "Mozilla/5.0 (compatible; Googlebot/2.1; +http://www.google.com/bot.html)" 334 486
127.0.0.1 - - [15/Feb/2015:22:57:42 -0500] "GET /opensso/namingservice HTTP/1.1" 200 7 "-" "Java/1.5.0_21" 220 183
127.0.0.1 - - [15/Feb/2015:22:57:43 -0500] "GET /opensso/namingservice HTTP/1.1" 200 7 "-" "Java/1.5.0_21" 220 183
127.0.0.1 - - [15/Feb/2015:22:58:12 -0500] "GET /opensso/namingservice HTTP/1.1" 200 7 "-" "Java/1.5.0_21" 220 183
127.0.0.1 - - [15/Feb/2015:22:58:13 -0500] "GET /opensso/namingservice HTTP/1.1" 200 7 "-" "Java/1.5.0_21" 220 183
127.0.0.1 - - [15/Feb/2015:22:58:42 -0500] "GET /opensso/namingservice HTTP/1.1" 200 7 "-" "Java/1.5.0_21" 220 183
127.0.0.1 - - [15/Feb/2015:22:58:43 -0500] "GET /opensso/namingservice HTTP/1.1" 200 7 "-" "Java/1.5.0_21" 220 183
127.0.0.1 - - [15/Feb/2015:22:59:12 -0500] "GET /opensso/namingservice HTTP/1.1" 200 7 "-" "Java/1.5.0_21" 220 183
127.0.0.1 - - [15/Feb/2015:22:59:13 -0500] "GET /opensso/namingservice HTTP/1.1" 200 7 "-" "Java/1.5.0_21" 220 183
127.0.0.1 - - [15/Feb/2015:22:59:42 -0500] "GET /opensso/namingservice HTTP/1.1" 200 7 "-" "Java/1.5.0_21" 220 183
127.0.0.1 - - [15/Feb/2015:22:59:43 -0500] "GET /opensso/namingservice HTTP/1.1" 200 7 "-" "Java/1.5.0_21" 220 183
127.0.0.1 - - [15/Feb/2015:23:00:12 -0500] "GET /opensso/namingservice HTTP/1.1" 200 7 "-" "Java/1.5.0_21" 220 183
127.0.0.1 - - [15/Feb/2015:23:00:13 -0500] "GET /opensso/namingservice HTTP/1.1" 200 7 "-" "Java/1.5.0_21" 220 183
127.0.0.1 - - [15/Feb/2015:23:00:42 -0500] "GET /opensso/namingservice HTTP/1.1" 200 7 "-" "Java/1.5.0_21" 220 183
127.0.0.1 - - [15/Feb/2015:23:00:43 -0500] "GET /opensso/namingservice HTTP/1.1" 200 7 "-" "Java/1.5.0_21" 220 183
137.78.207.218 - - [15/Feb/2015:23:00:43 -0500] "HEAD /LMMPUI/LMMP_CLIENT/LMMP.html HTTP/1.1" 200 - "-" "curl/7.38.0" 110 274
66.75.32.157 - - [15/Feb/2015:23:01:02 -0500] "GET /LMMPUI/LMMP_CLIENT/LMMP.html HTTP/1.1" 200 8973 "http://pub.lmmp.nasa.gov/LMMPUI/LMMP_CLIENT/" "Mozilla/5.0 (Windows NT 6.3; WOW64) AppleWebKit/537.36 (KHTML, like Gecko) Chrome/40.0.2214.111 Safari/537.36" 783 9247
66.249.64.136 - - [15/Feb/2015:23:01:02 -0500] "GET /redmine/issues/gantt?month=4&months=6&year=2741&zoom=4 HTTP/1.1" 200 51250 "-" "Mozilla/5.0 (compatible; Googlebot/2.1; +http://www.google.com/bot.html)" 345 51939
127.0.0.1 - - [15/Feb/2015:23:01:12 -0500] "GET /opensso/namingservice HTTP/1.1" 200 7 "-" "Java/1.5.0_21" 220 183
127.0.0.1 - - [15/Feb/2015:23:01:13 -0500] "GET /opensso/namingservice HTTP/1.1" 200 7 "-" "Java/1.5.0_21" 220 183
127.0.0.1 - - [15/Feb/2015:23:01:42 -0500] "GET /opensso/namingservice HTTP/1.1" 200 7 "-" "Java/1.5.0_21" 220 183
127.0.0.1 - - [15/Feb/2015:23:01:43 -0500] "GET /opensso/namingservice HTTP/1.1" 200 7 "-" "Java/1.5.0_21" 220 183
127.0.0.1 - - [15/Feb/2015:23:02:12 -0500] "GET /opensso/namingservice HTTP/1.1" 200 7 "-" "Java/1.5.0_21" 220 183
127.0.0.1 - - [15/Feb/2015:23:02:13 -0500] "GET /opensso/namingservice HTTP/1.1" 200 7 "-" "Java/1.5.0_21" 220 183
127.0.0.1 - - [15/Feb/2015:23:02:42 -0500] "GET /opensso/namingservice HTTP/1.1" 200 7 "-" "Java/1.5.0_21" 220 183
127.0.0.1 - - [15/Feb/2015:23:02:43 -0500] "GET /opensso/namingservice HTTP/1.1" 200 7 "-" "Java/1.5.0_21" 220 183
127.0.0.1 - - [15/Feb/2015:23:03:12 -0500] "GET /opensso/namingservice HTTP/1.1" 200 7 "-" "Java/1.5.0_21" 220 183
127.0.0.1 - - [15/Feb/2015:23:03:13 -0500] "GET /opensso/namingservice HTTP/1.1" 200 7 "-" "Java/1.5.0_21" 220 183
127.0.0.1 - - [15/Feb/2015:23:03:42 -0500] "GET /opensso/namingservice HTTP/1.1" 200 7 "-" "Java/1.5.0_21" 220 183
127.0.0.1 - - [15/Feb/2015:23:03:43 -0500] "GET /opensso/namingservice HTTP/1.1" 200 7 "-" "Java/1.5.0_21" 220 183
127.0.0.1 - - [15/Feb/2015:23:04:12 -0500] "GET /opensso/namingservice HTTP/1.1" 200 7 "-" "Java/1.5.0_21" 220 183
127.0.0.1 - - [15/Feb/2015:23:04:13 -0500] "GET /opensso/namingservice HTTP/1.1" 200 7 "-" "Java/1.5.0_21" 220 183
127.0.0.1 - - [15/Feb/2015:23:04:42 -0500] "GET /opensso/namingservice HTTP/1.1" 200 7 "-" "Java/1.5.0_21" 220 183
127.0.0.1 - - [15/Feb/2015:23:04:43 -0500] "GET /opensso/namingservice HTTP/1.1" 200 7 "-" "Java/1.5.0_21" 220 183
66.249.64.136 - - [15/Feb/2015:23:04:50 -0500] "GET /redmine/issues/gantt?month=11&months=6&year=2741&zoom=4 HTTP/1.1" 200 51039 "-" "Mozilla/5.0 (compatible; Googlebot/2.1; +http://www.google.com/bot.html)" 346 51728
127.0.0.1 - - [15/Feb/2015:23:05:12 -0500] "GET /opensso/namingservice HTTP/1.1" 200 7 "-" "Java/1.5.0_21" 220 183
127.0.0.1 - - [15/Feb/2015:23:05:13 -0500] "GET /opensso/namingservice HTTP/1.1" 200 7 "-" "Java/1.5.0_21" 220 183
137.78.207.218 - - [15/Feb/2015:23:05:40 -0500] "HEAD /LMMPUI/LMMP_CLIENT/LMMP.html HTTP/1.1" 200 - "-" "curl/7.38.0" 110 274
127.0.0.1 - - [15/Feb/2015:23:05:42 -0500] "GET /opensso/namingservice HTTP/1.1" 200 7 "-" "Java/1.5.0_21" 220 183
127.0.0.1 - - [15/Feb/2015:23:05:43 -0500] "GET /opensso/namingservice HTTP/1.1" 200 7 "-" "Java/1.5.0_21" 220 183
127.0.0.1 - - [15/Feb/2015:23:06:12 -0500] "GET /opensso/namingservice HTTP/1.1" 200 7 "-" "Java/1.5.0_21" 220 183
127.0.0.1 - - [15/Feb/2015:23:06:13 -0500] "GET /opensso/namingservice HTTP/1.1" 200 7 "-" "Java/1.5.0_21" 220 183
127.0.0.1 - - [15/Feb/2015:23:06:42 -0500] "GET /opensso/namingservice HTTP/1.1" 200 7 "-" "Java/1.5.0_21" 220 183
127.0.0.1 - - [15/Feb/2015:23:06:43 -0500] "GET /opensso/namingservice HTTP/1.1" 200 7 "-" "Java/1.5.0_21" 220 183
127.0.0.1 - - [15/Feb/2015:23:07:12 -0500] "GET /opensso/namingservice HTTP/1.1" 200 7 "-" "Java/1.5.0_21" 220 183
127.0.0.1 - - [15/Feb/2015:23:07:13 -0500] "GET /opensso/namingservice HTTP/1.1" 200 7 "-" "Java/1.5.0_21" 220 183
127.0.0.1 - - [15/Feb/2015:23:07:42 -0500] "GET /opensso/namingservice HTTP/1.1" 200 7 "-" "Java/1.5.0_21" 220 183
127.0.0.1 - - [15/Feb/2015:23:07:43 -0500] "GET /opensso/namingservice HTTP/1.1" 200 7 "-" "Java/1.5.0_21" 220 183
127.0.0.1 - - [15/Feb/2015:23:08:12 -0500] "GET /opensso/namingservice HTTP/1.1" 200 7 "-" "Java/1.5.0_21" 220 183
127.0.0.1 - - [15/Feb/2015:23:08:13 -0500] "GET /opensso/namingservice HTTP/1.1" 200 7 "-" "Java/1.5.0_21" 220 183
66.249.64.140 - - [15/Feb/2015:23:08:37 -0500] "GET /redmine/issues/gantt?month=5&months=6&year=2741&zoom=4 HTTP/1.1" 200 51362 "-" "Mozilla/5.0 (compatible; Googlebot/2.1; +http://www.google.com/bot.html)" 345 52051
127.0.0.1 - - [15/Feb/2015:23:08:42 -0500] "GET /opensso/namingservice HTTP/1.1" 200 7 "-" "Java/1.5.0_21" 220 183
127.0.0.1 - - [15/Feb/2015:23:08:43 -0500] "GET /opensso/namingservice HTTP/1.1" 200 7 "-" "Java/1.5.0_21" 220 183
127.0.0.1 - - [15/Feb/2015:23:09:12 -0500] "GET /opensso/namingservice HTTP/1.1" 200 7 "-" "Java/1.5.0_21" 220 183
127.0.0.1 - - [15/Feb/2015:23:09:13 -0500] "GET /opensso/namingservice HTTP/1.1" 200 7 "-" "Java/1.5.0_21" 220 183
127.0.0.1 - - [15/Feb/2015:23:09:42 -0500] "GET /opensso/namingservice HTTP/1.1" 200 7 "-" "Java/1.5.0_21" 220 183
127.0.0.1 - - [15/Feb/2015:23:09:43 -0500] "GET /opensso/namingservice HTTP/1.1" 200 7 "-" "Java/1.5.0_21" 220 183
127.0.0.1 - - [15/Feb/2015:23:10:12 -0500] "GET /opensso/namingservice HTTP/1.1" 200 7 "-" "Java/1.5.0_21" 220 183
127.0.0.1 - - [15/Feb/2015:23:10:13 -0500] "GET /opensso/namingservice HTTP/1.1" 200 7 "-" "Java/1.5.0_21" 220 183
137.78.207.218 - - [15/Feb/2015:23:10:40 -0500] "HEAD /LMMPUI/LMMP_CLIENT/LMMP.html HTTP/1.1" 200 - "-" "curl/7.38.0" 110 274
127.0.0.1 - - [15/Feb/2015:23:10:42 -0500] "GET /opensso/namingservice HTTP/1.1" 200 7 "-" "Java/1.5.0_21" 220 183
127.0.0.1 - - [15/Feb/2015:23:10:43 -0500] "GET /opensso/namingservice HTTP/1.1" 200 7 "-" "Java/1.5.0_21" 220 183
127.0.0.1 - - [15/Feb/2015:23:11:12 -0500] "GET /opensso/namingservice HTTP/1.1" 200 7 "-" "Java/1.5.0_21" 220 183
127.0.0.1 - - [15/Feb/2015:23:11:13 -0500] "GET /opensso/namingservice HTTP/1.1" 200 7 "-" "Java/1.5.0_21" 220 183
127.0.0.1 - - [15/Feb/2015:23:11:42 -0500] "GET /opensso/namingservice HTTP/1.1" 200 7 "-" "Java/1.5.0_21" 220 183
127.0.0.1 - - [15/Feb/2015:23:11:43 -0500] "GET /opensso/namingservice HTTP/1.1" 200 7 "-" "Java/1.5.0_21" 220 183
127.0.0.1 - - [15/Feb/2015:23:12:12 -0500] "GET /opensso/namingservice HTTP/1.1" 200 7 "-" "Java/1.5.0_21" 220 183
127.0.0.1 - - [15/Feb/2015:23:12:13 -0500] "GET /opensso/namingservice HTTP/1.1" 200 7 "-" "Java/1.5.0_21" 220 183
66.249.64.140 - - [15/Feb/2015:23:12:25 -0500] "GET /redmine/issues/gantt?month=5&months=6&year=2741&zoom=3 HTTP/1.1" 200 51421 "-" "Mozilla/5.0 (compatible; Googlebot/2.1; +http://www.google.com/bot.html)" 345 52110
127.0.0.1 - - [15/Feb/2015:23:12:42 -0500] "GET /opensso/namingservice HTTP/1.1" 200 7 "-" "Java/1.5.0_21" 220 183
127.0.0.1 - - [15/Feb/2015:23:12:43 -0500] "GET /opensso/namingservice HTTP/1.1" 200 7 "-" "Java/1.5.0_21" 220 183
127.0.0.1 - - [15/Feb/2015:23:13:12 -0500] "GET /opensso/namingservice HTTP/1.1" 200 7 "-" "Java/1.5.0_21" 220 183
127.0.0.1 - - [15/Feb/2015:23:13:13 -0500] "GET /opensso/namingservice HTTP/1.1" 200 7 "-" "Java/1.5.0_21" 220 183
127.0.0.1 - - [15/Feb/2015:23:13:42 -0500] "GET /opensso/namingservice HTTP/1.1" 200 7 "-" "Java/1.5.0_21" 220 183
127.0.0.1 - - [15/Feb/2015:23:13:43 -0500] "GET /opensso/namingservice HTTP/1.1" 200 7 "-" "Java/1.5.0_21" 220 183
127.0.0.1 - - [15/Feb/2015:23:14:12 -0500] "GET /opensso/namingservice HTTP/1.1" 200 7 "-" "Java/1.5.0_21" 220 183
127.0.0.1 - - [15/Feb/2015:23:14:13 -0500] "GET /opensso/namingservice HTTP/1.1" 200 7 "-" "Java/1.5.0_21" 220 183
127.0.0.1 - - [15/Feb/2015:23:14:42 -0500] "GET /opensso/namingservice HTTP/1.1" 200 7 "-" "Java/1.5.0_21" 220 183
127.0.0.1 - - [15/Feb/2015:23:14:43 -0500] "GET /opensso/namingservice HTTP/1.1" 200 7 "-" "Java/1.5.0_21" 220 183
127.0.0.1 - - [15/Feb/2015:23:15:12 -0500] "GET /opensso/namingservice HTTP/1.1" 200 7 "-" "Java/1.5.0_21" 220 183
127.0.0.1 - - [15/Feb/2015:23:15:13 -0500] "GET /opensso/namingservice HTTP/1.1" 200 7 "-" "Java/1.5.0_21" 220 183
137.78.207.218 - - [15/Feb/2015:23:15:40 -0500] "HEAD /LMMPUI/LMMP_CLIENT/LMMP.html HTTP/1.1" 200 - "-" "curl/7.38.0" 110 274
127.0.0.1 - - [15/Feb/2015:23:15:42 -0500] "GET /opensso/namingservice HTTP/1.1" 200 7 "-" "Java/1.5.0_21" 220 183
127.0.0.1 - - [15/Feb/2015:23:15:43 -0500] "GET /opensso/namingservice HTTP/1.1" 200 7 "-" "Java/1.5.0_21" 220 183
127.0.0.1 - - [15/Feb/2015:23:16:12 -0500] "GET /opensso/namingservice HTTP/1.1" 200 7 "-" "Java/1.5.0_21" 220 183
66.249.64.132 - - [15/Feb/2015:23:16:12 -0500] "GET /redmine/issues/gantt?month=8&months=6&year=2741&zoom=3 HTTP/1.1" 200 51447 "-" "Mozilla/5.0 (compatible; Googlebot/2.1; +http://www.google.com/bot.html)" 345 52136
127.0.0.1 - - [15/Feb/2015:23:16:13 -0500] "POST /opensso/sessionservice HTTP/1.1" 200 2023 "-" "Java/1.5.0_21" 712 2201
127.0.0.1 - - [15/Feb/2015:23:16:13 -0500] "GET /opensso/identity//xml/read?name=TomcatApps3&attributes_names=realm&attributes_values_realm=%2Fappspub&attributes_names=objecttype&attributes_values_objecttype=Agent&admin=AQIC5wM2LY4Sfcwfuin4GF3PcpsYz2%2Bb0KEYXSwMUvZPjqA%3D%40AAJTSQACMDE%3D%23 HTTP/1.1" 200 13732 "-" "Java/1.5.0_21" 442 13916
127.0.0.1 - - [15/Feb/2015:23:16:13 -0500] "GET /opensso/namingservice HTTP/1.1" 200 7 "-" "Java/1.5.0_21" 220 182
127.0.0.1 - - [15/Feb/2015:23:16:42 -0500] "GET /opensso/namingservice HTTP/1.1" 200 7 "-" "Java/1.5.0_21" 220 183
127.0.0.1 - - [15/Feb/2015:23:16:43 -0500] "GET /opensso/namingservice HTTP/1.1" 200 7 "-" "Java/1.5.0_21" 220 183
127.0.0.1 - - [15/Feb/2015:23:17:12 -0500] "GET /opensso/namingservice HTTP/1.1" 200 7 "-" "Java/1.5.0_21" 220 183
127.0.0.1 - - [15/Feb/2015:23:17:13 -0500] "GET /opensso/namingservice HTTP/1.1" 200 7 "-" "Java/1.5.0_21" 220 183
127.0.0.1 - - [15/Feb/2015:23:17:42 -0500] "GET /opensso/namingservice HTTP/1.1" 200 7 "-" "Java/1.5.0_21" 220 183
127.0.0.1 - - [15/Feb/2015:23:17:43 -0500] "GET /opensso/namingservice HTTP/1.1" 200 7 "-" "Java/1.5.0_21" 220 183
127.0.0.1 - - [15/Feb/2015:23:18:12 -0500] "GET /opensso/namingservice HTTP/1.1" 200 7 "-" "Java/1.5.0_21" 220 183
127.0.0.1 - - [15/Feb/2015:23:18:13 -0500] "GET /opensso/namingservice HTTP/1.1" 200 7 "-" "Java/1.5.0_21" 220 183
127.0.0.1 - - [15/Feb/2015:23:18:42 -0500] "GET /opensso/namingservice HTTP/1.1" 200 7 "-" "Java/1.5.0_21" 220 183
127.0.0.1 - - [15/Feb/2015:23:18:43 -0500] "GET /opensso/namingservice HTTP/1.1" 200 7 "-" "Java/1.5.0_21" 220 183
127.0.0.1 - - [15/Feb/2015:23:19:12 -0500] "GET /opensso/namingservice HTTP/1.1" 200 7 "-" "Java/1.5.0_21" 220 183
127.0.0.1 - - [15/Feb/2015:23:19:13 -0500] "GET /opensso/namingservice HTTP/1.1" 200 7 "-" "Java/1.5.0_21" 220 183
127.0.0.1 - - [15/Feb/2015:23:19:42 -0500] "GET /opensso/namingservice HTTP/1.1" 200 7 "-" "Java/1.5.0_21" 220 183
127.0.0.1 - - [15/Feb/2015:23:19:43 -0500] "GET /opensso/namingservice HTTP/1.1" 200 7 "-" "Java/1.5.0_21" 220 183
66.249.64.136 - - [15/Feb/2015:23:19:59 -0500] "GET /redmine/projects/lmmpwiki/activity?from=1944-11-26&show_news=1 HTTP/1.1" 200 4917 "-" "Mozilla/5.0 (compatible; Googlebot/2.1; +http://www.google.com/bot.html)" 353 5479
127.0.0.1 - - [15/Feb/2015:23:20:12 -0500] "GET /opensso/namingservice HTTP/1.1" 200 7 "-" "Java/1.5.0_21" 220 183
127.0.0.1 - - [15/Feb/2015:23:20:13 -0500] "GET /opensso/namingservice HTTP/1.1" 200 7 "-" "Java/1.5.0_21" 220 183
137.78.207.218 - - [15/Feb/2015:23:20:40 -0500] "HEAD /LMMPUI/LMMP_CLIENT/LMMP.html HTTP/1.1" 200 - "-" "curl/7.38.0" 110 274
127.0.0.1 - - [15/Feb/2015:23:20:42 -0500] "GET /opensso/namingservice HTTP/1.1" 200 7 "-" "Java/1.5.0_21" 220 183
127.0.0.1 - - [15/Feb/2015:23:20:43 -0500] "GET /opensso/namingservice HTTP/1.1" 200 7 "-" "Java/1.5.0_21" 220 183
127.0.0.1 - - [15/Feb/2015:23:21:12 -0500] "GET /opensso/namingservice HTTP/1.1" 200 7 "-" "Java/1.5.0_21" 220 183
127.0.0.1 - - [15/Feb/2015:23:21:13 -0500] "GET /opensso/namingservice HTTP/1.1" 200 7 "-" "Java/1.5.0_21" 220 183
127.0.0.1 - - [15/Feb/2015:23:21:42 -0500] "GET /opensso/namingservice HTTP/1.1" 200 7 "-" "Java/1.5.0_21" 220 183
127.0.0.1 - - [15/Feb/2015:23:21:43 -0500] "GET /opensso/namingservice HTTP/1.1" 200 7 "-" "Java/1.5.0_21" 220 183
66.249.64.132 - - [15/Feb/2015:23:22:11 -0500] "GET /LMMPUI/LMMP_CLIENT/LMMP.html HTTP/1.1" 200 8973 "-" "Mozilla/5.0 (iPhone; CPU iPhone OS 6_0 like Mac OS X) AppleWebKit/536.26 (KHTML, like Gecko) Version/6.0 Mobile/10A5376e Safari/8536.25 (compatible; Googlebot/2.1; +http://www.google.com/bot.html)" 443 9303
127.0.0.1 - - [15/Feb/2015:23:22:12 -0500] "GET /opensso/namingservice HTTP/1.1" 200 7 "-" "Java/1.5.0_21" 220 183
127.0.0.1 - - [15/Feb/2015:23:22:13 -0500] "GET /opensso/namingservice HTTP/1.1" 200 7 "-" "Java/1.5.0_21" 220 183
127.0.0.1 - - [15/Feb/2015:23:22:42 -0500] "GET /opensso/namingservice HTTP/1.1" 200 7 "-" "Java/1.5.0_21" 220 183
127.0.0.1 - - [15/Feb/2015:23:22:43 -0500] "GET /opensso/namingservice HTTP/1.1" 200 7 "-" "Java/1.5.0_21" 220 183
127.0.0.1 - - [15/Feb/2015:23:23:12 -0500] "GET /opensso/namingservice HTTP/1.1" 200 7 "-" "Java/1.5.0_21" 220 183
127.0.0.1 - - [15/Feb/2015:23:23:13 -0500] "GET /opensso/namingservice HTTP/1.1" 200 7 "-" "Java/1.5.0_21" 220 183
127.0.0.1 - - [15/Feb/2015:23:23:42 -0500] "GET /opensso/namingservice HTTP/1.1" 200 7 "-" "Java/1.5.0_21" 220 183
127.0.0.1 - - [15/Feb/2015:23:23:43 -0500] "GET /opensso/namingservice HTTP/1.1" 200 7 "-" "Java/1.5.0_21" 220 183
66.249.64.136 - - [15/Feb/2015:23:23:47 -0500] "GET /redmine/issues/gantt?month=1&months=6&year=2742&zoom=3 HTTP/1.1" 200 51083 "-" "Mozilla/5.0 (compatible; Googlebot/2.1; +http://www.google.com/bot.html)" 345 51772
127.0.0.1 - - [15/Feb/2015:23:24:12 -0500] "GET /opensso/namingservice HTTP/1.1" 200 7 "-" "Java/1.5.0_21" 220 183
127.0.0.1 - - [15/Feb/2015:23:24:13 -0500] "GET /opensso/namingservice HTTP/1.1" 200 7 "-" "Java/1.5.0_21" 220 183
127.0.0.1 - - [15/Feb/2015:23:24:42 -0500] "POST /opensso/sessionservice HTTP/1.1" 200 2023 "-" "Java/1.5.0_21" 712 2201
127.0.0.1 - - [15/Feb/2015:23:24:42 -0500] "GET /opensso/identity//xml/read?name=TomcatApps1&attributes_names=realm&attributes_values_realm=%2Fappspub&attributes_names=objecttype&attributes_values_objecttype=Agent&admin=AQIC5wM2LY4SfcyRautyD4RKpwbzv6XrE24fIq8LDPQGnm0%3D%40AAJTSQACMDE%3D%23 HTTP/1.1" 200 13607 "-" "Java/1.5.0_21" 440 13791
127.0.0.1 - - [15/Feb/2015:23:24:42 -0500] "GET /opensso/namingservice HTTP/1.1" 200 7 "-" "Java/1.5.0_21" 220 182
127.0.0.1 - - [15/Feb/2015:23:24:43 -0500] "GET /opensso/namingservice HTTP/1.1" 200 7 "-" "Java/1.5.0_21" 220 183
127.0.0.1 - - [15/Feb/2015:23:25:12 -0500] "GET /opensso/namingservice HTTP/1.1" 200 7 "-" "Java/1.5.0_21" 220 183
127.0.0.1 - - [15/Feb/2015:23:25:13 -0500] "GET /opensso/namingservice HTTP/1.1" 200 7 "-" "Java/1.5.0_21" 220 183
137.78.207.218 - - [15/Feb/2015:23:25:40 -0500] "HEAD /LMMPUI/LMMP_CLIENT/LMMP.html HTTP/1.1" 200 - "-" "curl/7.38.0" 110 274
127.0.0.1 - - [15/Feb/2015:23:25:42 -0500] "GET /opensso/namingservice HTTP/1.1" 200 7 "-" "Java/1.5.0_21" 220 183
127.0.0.1 - - [15/Feb/2015:23:25:43 -0500] "GET /opensso/namingservice HTTP/1.1" 200 7 "-" "Java/1.5.0_21" 220 183
123.125.71.76 - - [15/Feb/2015:23:26:10 -0500] "GET / HTTP/1.1" 302 237 "-" "Mozilla/5.0 (compatible; Baiduspider/2.0; +http://www.baidu.com/search/spider.html)" 183 506
127.0.0.1 - - [15/Feb/2015:23:26:12 -0500] "GET /opensso/namingservice HTTP/1.1" 200 7 "-" "Java/1.5.0_21" 220 183
127.0.0.1 - - [15/Feb/2015:23:26:13 -0500] "GET /opensso/namingservice HTTP/1.1" 200 7 "-" "Java/1.5.0_21" 220 183
127.0.0.1 - - [15/Feb/2015:23:26:42 -0500] "GET /opensso/namingservice HTTP/1.1" 200 7 "-" "Java/1.5.0_21" 220 183
127.0.0.1 - - [15/Feb/2015:23:26:43 -0500] "GET /opensso/namingservice HTTP/1.1" 200 7 "-" "Java/1.5.0_21" 220 183
127.0.0.1 - - [15/Feb/2015:23:27:12 -0500] "GET /opensso/namingservice HTTP/1.1" 200 7 "-" "Java/1.5.0_21" 220 183
127.0.0.1 - - [15/Feb/2015:23:27:13 -0500] "GET /opensso/namingservice HTTP/1.1" 200 7 "-" "Java/1.5.0_21" 220 183
66.249.64.140 - - [15/Feb/2015:23:27:34 -0500] "GET /redmine/issues/gantt?month=3&months=6&year=2742&zoom=3 HTTP/1.1" 200 51534 "-" "Mozilla/5.0 (compatible; Googlebot/2.1; +http://www.google.com/bot.html)" 345 52223
127.0.0.1 - - [15/Feb/2015:23:27:42 -0500] "GET /opensso/namingservice HTTP/1.1" 200 7 "-" "Java/1.5.0_21" 220 183
127.0.0.1 - - [15/Feb/2015:23:27:43 -0500] "GET /opensso/namingservice HTTP/1.1" 200 7 "-" "Java/1.5.0_21" 220 183
220.181.108.185 - - [15/Feb/2015:23:27:59 -0500] "GET / HTTP/1.1" 302 237 "-" "Mozilla/5.0 (compatible; Baiduspider/2.0; +http://www.baidu.com/search/spider.html)" 183 506
127.0.0.1 - - [15/Feb/2015:23:28:12 -0500] "GET /opensso/namingservice HTTP/1.1" 200 7 "-" "Java/1.5.0_21" 220 183
127.0.0.1 - - [15/Feb/2015:23:28:13 -0500] "GET /opensso/namingservice HTTP/1.1" 200 7 "-" "Java/1.5.0_21" 220 183
127.0.0.1 - - [15/Feb/2015:23:28:42 -0500] "GET /opensso/namingservice HTTP/1.1" 200 7 "-" "Java/1.5.0_21" 220 183
127.0.0.1 - - [15/Feb/2015:23:28:43 -0500] "GET /opensso/namingservice HTTP/1.1" 200 7 "-" "Java/1.5.0_21" 220 183
127.0.0.1 - - [15/Feb/2015:23:29:12 -0500] "GET /opensso/namingservice HTTP/1.1" 200 7 "-" "Java/1.5.0_21" 220 183
127.0.0.1 - - [15/Feb/2015:23:29:13 -0500] "GET /opensso/namingservice HTTP/1.1" 200 7 "-" "Java/1.5.0_21" 220 183
127.0.0.1 - - [15/Feb/2015:23:29:42 -0500] "GET /opensso/namingservice HTTP/1.1" 200 7 "-" "Java/1.5.0_21" 220 183
127.0.0.1 - - [15/Feb/2015:23:29:43 -0500] "GET /opensso/namingservice HTTP/1.1" 200 7 "-" "Java/1.5.0_21" 220 183
127.0.0.1 - - [15/Feb/2015:23:30:12 -0500] "GET /opensso/namingservice HTTP/1.1" 200 7 "-" "Java/1.5.0_21" 220 183
127.0.0.1 - - [15/Feb/2015:23:30:13 -0500] "GET /opensso/namingservice HTTP/1.1" 200 7 "-" "Java/1.5.0_21" 220 183
137.78.207.218 - - [15/Feb/2015:23:30:40 -0500] "HEAD /LMMPUI/LMMP_CLIENT/LMMP.html HTTP/1.1" 200 - "-" "curl/7.38.0" 110 274
127.0.0.1 - - [15/Feb/2015:23:30:42 -0500] "GET /opensso/namingservice HTTP/1.1" 200 7 "-" "Java/1.5.0_21" 220 183
127.0.0.1 - - [15/Feb/2015:23:30:43 -0500] "GET /opensso/namingservice HTTP/1.1" 200 7 "-" "Java/1.5.0_21" 220 183
127.0.0.1 - - [15/Feb/2015:23:31:12 -0500] "GET /opensso/namingservice HTTP/1.1" 200 7 "-" "Java/1.5.0_21" 220 183
127.0.0.1 - - [15/Feb/2015:23:31:13 -0500] "GET /opensso/namingservice HTTP/1.1" 200 7 "-" "Java/1.5.0_21" 220 183
66.249.64.140 - - [15/Feb/2015:23:31:21 -0500] "GET /redmine/issues/gantt?month=1&months=6&year=2742&zoom=1 HTTP/1.1" 200 27567 "-" "Mozilla/5.0 (compatible; Googlebot/2.1; +http://www.google.com/bot.html)" 345 28256
127.0.0.1 - - [15/Feb/2015:23:31:42 -0500] "GET /opensso/namingservice HTTP/1.1" 200 7 "-" "Java/1.5.0_21" 220 183
127.0.0.1 - - [15/Feb/2015:23:31:43 -0500] "GET /opensso/namingservice HTTP/1.1" 200 7 "-" "Java/1.5.0_21" 220 183
127.0.0.1 - - [15/Feb/2015:23:32:12 -0500] "GET /opensso/namingservice HTTP/1.1" 200 7 "-" "Java/1.5.0_21" 220 183
127.0.0.1 - - [15/Feb/2015:23:32:13 -0500] "GET /opensso/namingservice HTTP/1.1" 200 7 "-" "Java/1.5.0_21" 220 183
127.0.0.1 - - [15/Feb/2015:23:32:42 -0500] "GET /opensso/namingservice HTTP/1.1" 200 7 "-" "Java/1.5.0_21" 220 183
127.0.0.1 - - [15/Feb/2015:23:32:43 -0500] "GET /opensso/namingservice HTTP/1.1" 200 7 "-" "Java/1.5.0_21" 220 183
66.249.64.132 - - [15/Feb/2015:23:32:46 -0500] "GET /LMMPUI/LMMP_CLIENT/swfobject.js HTTP/1.1" 200 25574 "http://pub.lmmp.nasa.gov/LMMPUI/LMMP_CLIENT/LMMP.html" "Mozilla/5.0 (compatible; Googlebot/2.1; +http://www.google.com/bot.html)" 330 25912
127.0.0.1 - - [15/Feb/2015:23:33:12 -0500] "GET /opensso/namingservice HTTP/1.1" 200 7 "-" "Java/1.5.0_21" 220 183
127.0.0.1 - - [15/Feb/2015:23:33:13 -0500] "GET /opensso/namingservice HTTP/1.1" 200 7 "-" "Java/1.5.0_21" 220 183
127.0.0.1 - - [15/Feb/2015:23:33:42 -0500] "GET /opensso/namingservice HTTP/1.1" 200 7 "-" "Java/1.5.0_21" 220 183
127.0.0.1 - - [15/Feb/2015:23:33:43 -0500] "GET /opensso/namingservice HTTP/1.1" 200 7 "-" "Java/1.5.0_21" 220 183
66.249.64.136 - - [15/Feb/2015:23:34:07 -0500] "GET /redmine/issues/gantt?month=10&months=6&year=1048&zoom=2 HTTP/1.1" 200 30905 "-" "Mozilla/5.0 (compatible; Googlebot/2.1; +http://www.google.com/bot.html)" 346 31594
127.0.0.1 - - [15/Feb/2015:23:34:12 -0500] "GET /opensso/namingservice HTTP/1.1" 200 7 "-" "Java/1.5.0_21" 220 183
127.0.0.1 - - [15/Feb/2015:23:34:13 -0500] "GET /opensso/namingservice HTTP/1.1" 200 7 "-" "Java/1.5.0_21" 220 183
127.0.0.1 - - [15/Feb/2015:23:34:42 -0500] "GET /opensso/namingservice HTTP/1.1" 200 7 "-" "Java/1.5.0_21" 220 183
127.0.0.1 - - [15/Feb/2015:23:34:43 -0500] "GET /opensso/namingservice HTTP/1.1" 200 7 "-" "Java/1.5.0_21" 220 183
66.249.64.142 - - [15/Feb/2015:23:35:09 -0500] "GET /robots.txt HTTP/1.1" 404 208 "-" "Mozilla/5.0 (compatible; Googlebot/2.1; +http://www.google.com/bot.html)" 639 4556
66.249.64.142 - - [15/Feb/2015:23:35:09 -0500] "GET /redmine/projects/lmmpwiki/activity?from=1891-02-03 HTTP/1.1" 200 4829 "-" "Mozilla/5.0 (compatible; Googlebot/2.1; +http://www.google.com/bot.html)" 370 5448
127.0.0.1 - - [15/Feb/2015:23:35:12 -0500] "GET /opensso/namingservice HTTP/1.1" 200 7 "-" "Java/1.5.0_21" 220 183
127.0.0.1 - - [15/Feb/2015:23:35:13 -0500] "GET /opensso/namingservice HTTP/1.1" 200 7 "-" "Java/1.5.0_21" 220 183
137.78.207.218 - - [15/Feb/2015:23:35:40 -0500] "HEAD /LMMPUI/LMMP_CLIENT/LMMP.html HTTP/1.1" 200 - "-" "curl/7.38.0" 110 274
127.0.0.1 - - [15/Feb/2015:23:35:42 -0500] "GET /opensso/namingservice HTTP/1.1" 200 7 "-" "Java/1.5.0_21" 220 183
127.0.0.1 - - [15/Feb/2015:23:35:43 -0500] "GET /opensso/namingservice HTTP/1.1" 200 7 "-" "Java/1.5.0_21" 220 183
127.0.0.1 - - [15/Feb/2015:23:36:12 -0500] "GET /opensso/namingservice HTTP/1.1" 200 7 "-" "Java/1.5.0_21" 220 183
127.0.0.1 - - [15/Feb/2015:23:36:13 -0500] "GET /opensso/namingservice HTTP/1.1" 200 7 "-" "Java/1.5.0_21" 220 183
127.0.0.1 - - [15/Feb/2015:23:36:42 -0500] "GET /opensso/namingservice HTTP/1.1" 200 7 "-" "Java/1.5.0_21" 220 183
127.0.0.1 - - [15/Feb/2015:23:36:43 -0500] "GET /opensso/namingservice HTTP/1.1" 200 7 "-" "Java/1.5.0_21" 220 183
127.0.0.1 - - [15/Feb/2015:23:37:12 -0500] "GET /opensso/namingservice HTTP/1.1" 200 7 "-" "Java/1.5.0_21" 220 183
127.0.0.1 - - [15/Feb/2015:23:37:13 -0500] "GET /opensso/namingservice HTTP/1.1" 200 7 "-" "Java/1.5.0_21" 220 183
127.0.0.1 - - [15/Feb/2015:23:37:42 -0500] "GET /opensso/namingservice HTTP/1.1" 200 7 "-" "Java/1.5.0_21" 220 183
127.0.0.1 - - [15/Feb/2015:23:37:43 -0500] "GET /opensso/namingservice HTTP/1.1" 200 7 "-" "Java/1.5.0_21" 220 183
127.0.0.1 - - [15/Feb/2015:23:38:12 -0500] "GET /opensso/namingservice HTTP/1.1" 200 7 "-" "Java/1.5.0_21" 220 183
127.0.0.1 - - [15/Feb/2015:23:38:13 -0500] "GET /opensso/namingservice HTTP/1.1" 200 7 "-" "Java/1.5.0_21" 220 183
127.0.0.1 - - [15/Feb/2015:23:38:42 -0500] "GET /opensso/namingservice HTTP/1.1" 200 7 "-" "Java/1.5.0_21" 220 183
127.0.0.1 - - [15/Feb/2015:23:38:43 -0500] "GET /opensso/namingservice HTTP/1.1" 200 7 "-" "Java/1.5.0_21" 220 183
66.249.64.140 - - [15/Feb/2015:23:38:56 -0500] "GET /redmine/issues/gantt?month=12&months=6&year=2743&zoom=4 HTTP/1.1" 200 51248 "-" "Mozilla/5.0 (compatible; Googlebot/2.1; +http://www.google.com/bot.html)" 346 51937
127.0.0.1 - - [15/Feb/2015:23:39:12 -0500] "GET /opensso/namingservice HTTP/1.1" 200 7 "-" "Java/1.5.0_21" 220 183
127.0.0.1 - - [15/Feb/2015:23:39:13 -0500] "GET /opensso/namingservice HTTP/1.1" 200 7 "-" "Java/1.5.0_21" 220 183
127.0.0.1 - - [15/Feb/2015:23:39:42 -0500] "GET /opensso/namingservice HTTP/1.1" 200 7 "-" "Java/1.5.0_21" 220 183
127.0.0.1 - - [15/Feb/2015:23:39:43 -0500] "GET /opensso/namingservice HTTP/1.1" 200 7 "-" "Java/1.5.0_21" 220 183
