127.0.0.1 - - [17/Nov/2014:01:22:10 -0500] "GET /opensso/namingservice HTTP/1.1" 200 7 "-" "Java/1.5.0_21" 220 183
127.0.0.1 - - [17/Nov/2014:01:22:18 -0500] "GET /opensso/namingservice HTTP/1.1" 200 7 "-" "Java/1.5.0_21" 220 183
151.44.83.190 - - [17/Nov/2014:01:22:26 -0500] "GET /opensso/identity/isTokenValid HTTP/1.1" 200 14 "-" "Moon%20Tours/1.0.0 CFNetwork/672.1.15 Darwin/14.0.0" 230 172
151.44.83.190 - - [17/Nov/2014:01:22:26 -0500] "GET /lmmpmobile/config-1.0.json HTTP/1.1" 200 1338 "-" "Moon%20Tours/1.0.0 CFNetwork/672.1.15 Darwin/14.0.0" 218 1666
151.44.83.190 - - [17/Nov/2014:01:22:26 -0500] "GET /opensso/UI/Login?module=Anonymous&org=appspub&goto=http%3A%2F%2Fpub.lmmp.nasa.gov%2Flmmpmobile%2Frefresh HTTP/1.1" 302 - "-" "Moon%20Tours/1.0.0 CFNetwork/672.1.15 Darwin/14.0.0" 305 932
151.44.83.190 - - [17/Nov/2014:01:22:26 -0500] "GET /lmmpmobile/refresh?iPlanetDirectoryPro=AQIC5wM2LY4SfcxFwuRkp9yel9MmuVH51tyXu0EM%2FDWoINw%3D%40AAJTSQACMDE%3D%23 HTTP/1.1" 200 - "-" "Moon%20Tours/1.0.0 CFNetwork/672.1.15 Darwin/14.0.0" 421 316
151.44.83.190 - - [17/Nov/2014:01:22:28 -0500] "GET /lmmpmobile/bookmarks-1.0.2.json HTTP/1.1" 200 11401 "-" "Moon%20Tours/1.0.0 CFNetwork/672.1.15 Darwin/14.0.0" 332 11730
151.44.83.190 - - [17/Nov/2014:01:22:28 -0500] "GET /lmmpmobile/pages/glossary-1.0.2.html HTTP/1.1" 200 4306 "-" "Moon%20Tours/1.0.0 CFNetwork/672.1.15 Darwin/14.0.0" 337 4627
151.44.83.190 - - [17/Nov/2014:01:22:29 -0500] "GET /lmmpmobile/pages/about-1.0.2.html HTTP/1.1" 200 2716 "-" "Moon%20Tours/1.0.0 CFNetwork/672.1.15 Darwin/14.0.0" 334 3037
151.44.83.190 - - [17/Nov/2014:01:22:29 -0500] "GET /lmmpmobile/pages/help-1.0.2.html HTTP/1.1" 200 6781 "-" "Moon%20Tours/1.0.0 CFNetwork/672.1.15 Darwin/14.0.0" 333 7103
151.44.83.190 - - [17/Nov/2014:01:22:32 -0500] "GET /arcgis/rest/services/CombinedNomenclature/MapServer?f=json HTTP/1.1" 200 - "arcgisios" "ArcGISiOS-2.3.2/7.1.2/iPad2,2" 366 0
127.0.0.1 - - [17/Nov/2014:01:22:40 -0500] "GET /opensso/namingservice HTTP/1.1" 200 7 "-" "Java/1.5.0_21" 220 183
151.44.83.190 - - [17/Nov/2014:01:22:32 -0500] "GET /arcgis/rest/services/ERGraticule/MapServer?f=json HTTP/1.1" 404 1311 "arcgisios" "ArcGISiOS-2.3.2/7.1.2/iPad2,2" 357 1526
127.0.0.1 - - [17/Nov/2014:01:22:48 -0500] "GET /opensso/namingservice HTTP/1.1" 200 7 "-" "Java/1.5.0_21" 220 183
151.44.83.190 - - [17/Nov/2014:01:22:32 -0500] "GET /arcgis/rest/services/CombinedNomenclature/MapServer?f=json HTTP/1.1" 200 807 "arcgisios" "ArcGISiOS-2.3.2/7.1.2/iPad2,2" 366 1070
127.0.0.1 - - [17/Nov/2014:01:23:10 -0500] "GET /opensso/namingservice HTTP/1.1" 200 7 "-" "Java/1.5.0_21" 220 183
127.0.0.1 - - [17/Nov/2014:01:23:18 -0500] "GET /opensso/namingservice HTTP/1.1" 200 7 "-" "Java/1.5.0_21" 220 183
126.210.6.29 - - [17/Nov/2014:01:23:34 -0500] "GET /opensso/identity/isTokenValid HTTP/1.1" 200 14 "-" "Moon%20Tours/1.0.0 CFNetwork/672.0.8 Darwin/14.0.0" 229 172
126.210.6.29 - - [17/Nov/2014:01:23:35 -0500] "GET /opensso/UI/Login?module=Anonymous&org=appspub&goto=http%3A%2F%2Fpub.lmmp.nasa.gov%2Flmmpmobile%2Frefresh HTTP/1.1" 302 - "-" "Moon%20Tours/1.0.0 CFNetwork/672.0.8 Darwin/14.0.0" 304 932
126.210.6.29 - - [17/Nov/2014:01:23:35 -0500] "GET /lmmpmobile/refresh?iPlanetDirectoryPro=AQIC5wM2LY4SfcxO%2BNlqUmmPzuFn6YutiBC6Pm9lS8OpY4Q%3D%40AAJTSQACMDE%3D%23 HTTP/1.1" 200 - "-" "Moon%20Tours/1.0.0 CFNetwork/672.0.8 Darwin/14.0.0" 420 316
127.0.0.1 - - [17/Nov/2014:01:23:40 -0500] "GET /opensso/namingservice HTTP/1.1" 200 7 "-" "Java/1.5.0_21" 220 183
127.0.0.1 - - [17/Nov/2014:01:23:48 -0500] "GET /opensso/namingservice HTTP/1.1" 200 7 "-" "Java/1.5.0_21" 220 183
126.210.6.29 - - [17/Nov/2014:01:23:48 -0500] "GET /lmmpmobile/config-1.0.json HTTP/1.1" 200 1338 "-" "Moon%20Tours/1.0.0 CFNetwork/672.0.8 Darwin/14.0.0" 326 1666
126.210.6.29 - - [17/Nov/2014:01:23:51 -0500] "GET /lmmpmobile/pages/about-1.0.2.html HTTP/1.1" 200 2716 "-" "Moon%20Tours/1.0.0 CFNetwork/672.0.8 Darwin/14.0.0" 333 3037
126.210.6.29 - - [17/Nov/2014:01:23:51 -0500] "GET /lmmpmobile/bookmarks-1.0.2.json HTTP/1.1" 200 11401 "-" "Moon%20Tours/1.0.0 CFNetwork/672.0.8 Darwin/14.0.0" 331 11731
126.210.6.29 - - [17/Nov/2014:01:23:51 -0500] "GET /lmmpmobile/pages/help-1.0.2.html HTTP/1.1" 200 6781 "-" "Moon%20Tours/1.0.0 CFNetwork/672.0.8 Darwin/14.0.0" 332 7103
126.210.6.29 - - [17/Nov/2014:01:23:51 -0500] "GET /lmmpmobile/pages/glossary-1.0.2.html HTTP/1.1" 200 4306 "-" "Moon%20Tours/1.0.0 CFNetwork/672.0.8 Darwin/14.0.0" 336 4628
126.210.6.29 - - [17/Nov/2014:01:23:54 -0500] "GET /arcgis/rest/services/ERGraticule/MapServer?f=json HTTP/1.1" 502 463 "arcgisios" "ArcGISiOS-2.3.2/7.0.4/iPhone4,1" 359 650
126.210.6.29 - - [17/Nov/2014:01:23:54 -0500] "GET /arcgis/rest/services/CombinedNomenclature/MapServer?f=json HTTP/1.1" 200 807 "arcgisios" "ArcGISiOS-2.3.2/7.0.4/iPhone4,1" 368 1071
127.0.0.1 - - [17/Nov/2014:01:24:10 -0500] "GET /opensso/namingservice HTTP/1.1" 200 7 "-" "Java/1.5.0_21" 220 183
127.0.0.1 - - [17/Nov/2014:01:24:18 -0500] "GET /opensso/namingservice HTTP/1.1" 200 7 "-" "Java/1.5.0_21" 220 183
126.210.6.29 - - [17/Nov/2014:01:24:32 -0500] "GET /opensso/identity/isTokenValid HTTP/1.1" 200 13 "-" "Moon%20Tours/1.0.0 CFNetwork/672.0.8 Darwin/14.0.0" 338 171
127.0.0.1 - - [17/Nov/2014:01:24:40 -0500] "GET /opensso/namingservice HTTP/1.1" 200 7 "-" "Java/1.5.0_21" 220 183
66.249.67.153 - - [17/Nov/2014:01:24:41 -0500] "GET /redmine/issues/gantt?month=5&months=6&year=1563&zoom=3 HTTP/1.1" 200 51459 "-" "Mozilla/5.0 (compatible; Googlebot/2.1; +http://www.google.com/bot.html)" 616 56387
127.0.0.1 - - [17/Nov/2014:01:24:48 -0500] "GET /opensso/namingservice HTTP/1.1" 200 7 "-" "Java/1.5.0_21" 220 183
127.0.0.1 - - [17/Nov/2014:01:25:10 -0500] "GET /opensso/namingservice HTTP/1.1" 200 7 "-" "Java/1.5.0_21" 220 183
127.0.0.1 - - [17/Nov/2014:01:25:17 -0500] "POST /opensso/sessionservice HTTP/1.1" 200 2339 "-" "Java/1.5.0_21" 815 2517
127.0.0.1 - - [17/Nov/2014:01:25:17 -0500] "POST /opensso/sessionservice HTTP/1.1" 200 269 "-" "Java/1.5.0_21" 881 446
127.0.0.1 - - [17/Nov/2014:01:25:17 -0500] "POST /opensso/sessionservice HTTP/1.1" 200 2336 "-" "Java/1.5.0_21" 815 2513
127.0.0.1 - - [17/Nov/2014:01:25:17 -0500] "POST /opensso/policyservice HTTP/1.1" 200 7691 "-" "Java/1.5.0_21" 1117 7869
127.0.0.1 - - [17/Nov/2014:01:25:17 -0500] "POST /opensso/jaxrpc/SMSObjectIF HTTP/1.1" 200 505 "-" "Java/1.5.0_21" 847 766
127.0.0.1 - - [17/Nov/2014:01:25:17 -0500] "POST /opensso/jaxrpc/DirectoryManagerIF HTTP/1.1" 200 1290 "-" "Java/1.5.0_21" 1366 1551
127.0.0.1 - - [17/Nov/2014:01:25:17 -0500] "POST /opensso/jaxrpc/SMSObjectIF HTTP/1.1" 200 505 "-" "Java/1.5.0_21" 847 766
127.0.0.1 - - [17/Nov/2014:01:25:17 -0500] "POST /opensso/jaxrpc/DirectoryManagerIF HTTP/1.1" 200 1290 "-" "Java/1.5.0_21" 1366 1551
151.44.83.190 - - [17/Nov/2014:01:25:17 -0500] "GET /LMMP/rest/dbxml/fgdc/legend/stream?label=LRO_NAC_Gray_19S070E_150cmp HTTP/1.1" 200 4508 "-" "Moon%20Tours/1.0.0 CFNetwork/672.1.15 Darwin/14.0.0" 819 8876
127.0.0.1 - - [17/Nov/2014:01:25:18 -0500] "GET /opensso/namingservice HTTP/1.1" 200 7 "-" "Java/1.5.0_21" 220 183
127.0.0.1 - - [17/Nov/2014:01:25:20 -0500] "POST /opensso/sessionservice HTTP/1.1" 200 2021 "-" "Java/1.5.0_21" 710 2199
127.0.0.1 - - [17/Nov/2014:01:25:20 -0500] "GET /opensso/identity//xml/read?name=TomcatApps1&attributes_names=realm&attributes_values_realm=%2Fappspub&attributes_names=objecttype&attributes_values_objecttype=Agent&admin=AQIC5wM2LY4SfczRlxsnYhV4XsPIA0nKaqD5A7dO5hSyj5Q%3D%40AAJTSQACMDE%3D%23 HTTP/1.1" 200 13607 "-" "Java/1.5.0_21" 440 13791
127.0.0.1 - - [17/Nov/2014:01:25:40 -0500] "GET /opensso/namingservice HTTP/1.1" 200 7 "-" "Java/1.5.0_21" 220 183
127.0.0.1 - - [17/Nov/2014:01:25:48 -0500] "GET /opensso/namingservice HTTP/1.1" 200 7 "-" "Java/1.5.0_21" 220 183
127.0.0.1 - - [17/Nov/2014:01:26:10 -0500] "GET /opensso/namingservice HTTP/1.1" 200 7 "-" "Java/1.5.0_21" 220 183
127.0.0.1 - - [17/Nov/2014:01:26:18 -0500] "GET /opensso/namingservice HTTP/1.1" 200 7 "-" "Java/1.5.0_21" 220 183
127.0.0.1 - - [17/Nov/2014:01:26:40 -0500] "GET /opensso/namingservice HTTP/1.1" 200 7 "-" "Java/1.5.0_21" 220 183
127.0.0.1 - - [17/Nov/2014:01:26:48 -0500] "GET /opensso/namingservice HTTP/1.1" 200 7 "-" "Java/1.5.0_21" 220 183
127.0.0.1 - - [17/Nov/2014:01:27:10 -0500] "GET /opensso/namingservice HTTP/1.1" 200 7 "-" "Java/1.5.0_21" 220 183
127.0.0.1 - - [17/Nov/2014:01:27:18 -0500] "GET /opensso/namingservice HTTP/1.1" 200 7 "-" "Java/1.5.0_21" 220 183
151.44.83.190 - - [17/Nov/2014:01:27:31 -0500] "GET /opensso/identity/isTokenValid HTTP/1.1" 200 13 "-" "Moon%20Tours/1.0.0 CFNetwork/672.1.15 Darwin/14.0.0" 339 171
127.0.0.1 - - [17/Nov/2014:01:27:40 -0500] "GET /opensso/namingservice HTTP/1.1" 200 7 "-" "Java/1.5.0_21" 220 183
127.0.0.1 - - [17/Nov/2014:01:27:48 -0500] "GET /opensso/namingservice HTTP/1.1" 200 7 "-" "Java/1.5.0_21" 220 183
127.0.0.1 - - [17/Nov/2014:01:28:10 -0500] "GET /opensso/namingservice HTTP/1.1" 200 7 "-" "Java/1.5.0_21" 220 183
127.0.0.1 - - [17/Nov/2014:01:28:18 -0500] "GET /opensso/namingservice HTTP/1.1" 200 7 "-" "Java/1.5.0_21" 220 183
66.249.67.103 - - [17/Nov/2014:01:28:28 -0500] "GET /redmine/projects/lmmpwiki/activity?from=1957-10-21 HTTP/1.1" 200 4829 "-" "Mozilla/5.0 (compatible; Googlebot/2.1; +http://www.google.com/bot.html)" 281 5391
127.0.0.1 - - [17/Nov/2014:01:28:31 -0500] "POST /opensso/sessionservice HTTP/1.1" 200 2337 "-" "Java/1.5.0_21" 815 2515
127.0.0.1 - - [17/Nov/2014:01:28:31 -0500] "POST /opensso/sessionservice HTTP/1.1" 200 269 "-" "Java/1.5.0_21" 881 446
127.0.0.1 - - [17/Nov/2014:01:28:31 -0500] "POST /opensso/sessionservice HTTP/1.1" 200 2338 "-" "Java/1.5.0_21" 815 2515
127.0.0.1 - - [17/Nov/2014:01:28:31 -0500] "POST /opensso/policyservice HTTP/1.1" 200 7691 "-" "Java/1.5.0_21" 1115 7869
127.0.0.1 - - [17/Nov/2014:01:28:31 -0500] "POST /opensso/jaxrpc/SMSObjectIF HTTP/1.1" 200 505 "-" "Java/1.5.0_21" 847 766
127.0.0.1 - - [17/Nov/2014:01:28:31 -0500] "POST /opensso/jaxrpc/DirectoryManagerIF HTTP/1.1" 200 1290 "-" "Java/1.5.0_21" 1362 1551
127.0.0.1 - - [17/Nov/2014:01:28:40 -0500] "GET /opensso/namingservice HTTP/1.1" 200 7 "-" "Java/1.5.0_21" 220 183
126.210.6.29 - - [17/Nov/2014:01:28:31 -0500] "GET /LMMP/rest/dbxml/fgdc/abstract?label=LRO_NAC_Mosaic_26N004E_50cmp HTTP/1.1" 200 561 "-" "Moon%20Tours/1.0.0 CFNetwork/672.0.8 Darwin/14.0.0" 819 5211
127.0.0.1 - - [17/Nov/2014:01:28:48 -0500] "GET /opensso/namingservice HTTP/1.1" 200 7 "-" "Java/1.5.0_21" 220 183
151.44.83.190 - - [17/Nov/2014:01:28:58 -0500] "GET /opensso/identity/isTokenValid HTTP/1.1" 200 13 "-" "Moon%20Tours/1.0.0 CFNetwork/672.1.15 Darwin/14.0.0" 339 171
127.0.0.1 - - [17/Nov/2014:01:29:10 -0500] "GET /opensso/namingservice HTTP/1.1" 200 7 "-" "Java/1.5.0_21" 220 183
127.0.0.1 - - [17/Nov/2014:01:29:18 -0500] "GET /opensso/namingservice HTTP/1.1" 200 7 "-" "Java/1.5.0_21" 220 183
126.210.6.29 - - [17/Nov/2014:01:29:22 -0500] "GET /opensso/identity/isTokenValid HTTP/1.1" 200 13 "-" "Moon%20Tours/1.0.0 CFNetwork/672.0.8 Darwin/14.0.0" 338 171
127.0.0.1 - - [17/Nov/2014:01:29:36 -0500] "POST /opensso/policyservice HTTP/1.1" 200 7691 "-" "Java/1.5.0_21" 1117 7870
127.0.0.1 - - [17/Nov/2014:01:29:36 -0500] "POST /opensso/policyservice HTTP/1.1" 200 7691 "-" "Java/1.5.0_21" 1117 7870
127.0.0.1 - - [17/Nov/2014:01:29:36 -0500] "POST /opensso/jaxrpc/SMSObjectIF HTTP/1.1" 200 505 "-" "Java/1.5.0_21" 847 766
127.0.0.1 - - [17/Nov/2014:01:29:36 -0500] "POST /opensso/jaxrpc/SMSObjectIF HTTP/1.1" 200 505 "-" "Java/1.5.0_21" 847 766
127.0.0.1 - - [17/Nov/2014:01:29:36 -0500] "POST /opensso/jaxrpc/DirectoryManagerIF HTTP/1.1" 200 1290 "-" "Java/1.5.0_21" 1366 1551
127.0.0.1 - - [17/Nov/2014:01:29:36 -0500] "POST /opensso/jaxrpc/DirectoryManagerIF HTTP/1.1" 200 1290 "-" "Java/1.5.0_21" 1366 1551
127.0.0.1 - - [17/Nov/2014:01:29:36 -0500] "POST /opensso/jaxrpc/SMSObjectIF HTTP/1.1" 200 505 "-" "Java/1.5.0_21" 847 766
127.0.0.1 - - [17/Nov/2014:01:29:36 -0500] "POST /opensso/jaxrpc/SMSObjectIF HTTP/1.1" 200 505 "-" "Java/1.5.0_21" 847 766
127.0.0.1 - - [17/Nov/2014:01:29:36 -0500] "POST /opensso/jaxrpc/DirectoryManagerIF HTTP/1.1" 200 1290 "-" "Java/1.5.0_21" 1366 1551
127.0.0.1 - - [17/Nov/2014:01:29:36 -0500] "POST /opensso/jaxrpc/DirectoryManagerIF HTTP/1.1" 200 1290 "-" "Java/1.5.0_21" 1366 1551
151.44.83.190 - - [17/Nov/2014:01:29:36 -0500] "GET /LMMP/rest/dbxml/fgdc/legend/stream?label=LRO_NAC_Gray_43S349E_150cmp HTTP/1.1" 200 4536 "-" "Moon%20Tours/1.0.0 CFNetwork/672.1.15 Darwin/14.0.0" 824 5115
151.44.83.190 - - [17/Nov/2014:01:29:36 -0500] "GET /LMMP/rest/dbxml/fgdc/legend/stream?label=LRO_NAC_ClrShade_43S349E_150cmp HTTP/1.1" 200 4060 "-" "Moon%20Tours/1.0.0 CFNetwork/672.1.15 Darwin/14.0.0" 840 4635
127.0.0.1 - - [17/Nov/2014:01:29:40 -0500] "GET /opensso/namingservice HTTP/1.1" 200 7 "-" "Java/1.5.0_21" 220 182
127.0.0.1 - - [17/Nov/2014:01:29:42 -0500] "POST /opensso/jaxrpc/SMSObjectIF HTTP/1.1" 200 505 "-" "Java/1.5.0_21" 847 767
127.0.0.1 - - [17/Nov/2014:01:29:42 -0500] "POST /opensso/jaxrpc/SMSObjectIF HTTP/1.1" 200 505 "-" "Java/1.5.0_21" 847 767
127.0.0.1 - - [17/Nov/2014:01:29:42 -0500] "POST /opensso/jaxrpc/DirectoryManagerIF HTTP/1.1" 200 1290 "-" "Java/1.5.0_21" 1362 1551
127.0.0.1 - - [17/Nov/2014:01:29:42 -0500] "POST /opensso/jaxrpc/DirectoryManagerIF HTTP/1.1" 200 1290 "-" "Java/1.5.0_21" 1362 1551
127.0.0.1 - - [17/Nov/2014:01:29:42 -0500] "POST /opensso/jaxrpc/SMSObjectIF HTTP/1.1" 200 505 "-" "Java/1.5.0_21" 847 766
127.0.0.1 - - [17/Nov/2014:01:29:42 -0500] "POST /opensso/jaxrpc/SMSObjectIF HTTP/1.1" 200 505 "-" "Java/1.5.0_21" 847 766
127.0.0.1 - - [17/Nov/2014:01:29:42 -0500] "POST /opensso/jaxrpc/DirectoryManagerIF HTTP/1.1" 200 1290 "-" "Java/1.5.0_21" 1362 1551
127.0.0.1 - - [17/Nov/2014:01:29:42 -0500] "POST /opensso/jaxrpc/DirectoryManagerIF HTTP/1.1" 200 1290 "-" "Java/1.5.0_21" 1362 1551
126.210.6.29 - - [17/Nov/2014:01:29:42 -0500] "GET /LMMP/rest/dbxml/fgdc/legend/stream?label=LRO_NAC_Gray_43S349E_150cmp HTTP/1.1" 200 4536 "-" "Moon%20Tours/1.0.0 CFNetwork/672.0.8 Darwin/14.0.0" 824 5115
126.210.6.29 - - [17/Nov/2014:01:29:42 -0500] "GET /LMMP/rest/dbxml/fgdc/legend/stream?label=LRO_NAC_ClrShade_43S349E_150cmp HTTP/1.1" 200 4060 "-" "Moon%20Tours/1.0.0 CFNetwork/672.0.8 Darwin/14.0.0" 840 4635
127.0.0.1 - - [17/Nov/2014:01:29:48 -0500] "GET /opensso/namingservice HTTP/1.1" 200 7 "-" "Java/1.5.0_21" 220 183
127.0.0.1 - - [17/Nov/2014:01:30:10 -0500] "GET /opensso/namingservice HTTP/1.1" 200 7 "-" "Java/1.5.0_21" 220 183
127.0.0.1 - - [17/Nov/2014:01:30:18 -0500] "GET /opensso/namingservice HTTP/1.1" 200 7 "-" "Java/1.5.0_21" 220 183
127.0.0.1 - - [17/Nov/2014:01:30:40 -0500] "GET /opensso/namingservice HTTP/1.1" 200 7 "-" "Java/1.5.0_21" 220 183
127.0.0.1 - - [17/Nov/2014:01:30:48 -0500] "GET /opensso/namingservice HTTP/1.1" 200 7 "-" "Java/1.5.0_21" 220 183
127.0.0.1 - - [17/Nov/2014:01:31:10 -0500] "GET /opensso/namingservice HTTP/1.1" 200 7 "-" "Java/1.5.0_21" 220 183
127.0.0.1 - - [17/Nov/2014:01:31:18 -0500] "GET /opensso/namingservice HTTP/1.1" 200 7 "-" "Java/1.5.0_21" 220 183
127.0.0.1 - - [17/Nov/2014:01:31:40 -0500] "GET /opensso/namingservice HTTP/1.1" 200 7 "-" "Java/1.5.0_21" 220 183
127.0.0.1 - - [17/Nov/2014:01:31:48 -0500] "GET /opensso/namingservice HTTP/1.1" 200 7 "-" "Java/1.5.0_21" 220 183
127.0.0.1 - - [17/Nov/2014:01:32:10 -0500] "GET /opensso/namingservice HTTP/1.1" 200 7 "-" "Java/1.5.0_21" 220 183
66.249.67.9 - - [17/Nov/2014:01:32:16 -0500] "GET /redmine/issues/gantt?month=2&months=6&year=1670&zoom=1 HTTP/1.1" 200 27564 "-" "Mozilla/5.0 (compatible; Googlebot/2.1; +http://www.google.com/bot.html)" 616 32417
127.0.0.1 - - [17/Nov/2014:01:32:18 -0500] "GET /opensso/namingservice HTTP/1.1" 200 7 "-" "Java/1.5.0_21" 220 183
127.0.0.1 - - [17/Nov/2014:01:32:40 -0500] "GET /opensso/namingservice HTTP/1.1" 200 7 "-" "Java/1.5.0_21" 220 183
127.0.0.1 - - [17/Nov/2014:01:32:48 -0500] "GET /opensso/namingservice HTTP/1.1" 200 7 "-" "Java/1.5.0_21" 220 183
127.0.0.1 - - [17/Nov/2014:01:33:10 -0500] "GET /opensso/namingservice HTTP/1.1" 200 7 "-" "Java/1.5.0_21" 220 183
127.0.0.1 - - [17/Nov/2014:01:33:18 -0500] "GET /opensso/namingservice HTTP/1.1" 200 7 "-" "Java/1.5.0_21" 220 183
127.0.0.1 - - [17/Nov/2014:01:33:40 -0500] "GET /opensso/namingservice HTTP/1.1" 200 7 "-" "Java/1.5.0_21" 220 183
127.0.0.1 - - [17/Nov/2014:01:33:48 -0500] "GET /opensso/namingservice HTTP/1.1" 200 7 "-" "Java/1.5.0_21" 220 183
127.0.0.1 - - [17/Nov/2014:01:34:10 -0500] "GET /opensso/namingservice HTTP/1.1" 200 7 "-" "Java/1.5.0_21" 220 183
127.0.0.1 - - [17/Nov/2014:01:34:18 -0500] "GET /opensso/namingservice HTTP/1.1" 200 7 "-" "Java/1.5.0_21" 220 183
127.0.0.1 - - [17/Nov/2014:01:34:30 -0500] "POST /opensso/sessionservice HTTP/1.1" 200 2337 "-" "Java/1.5.0_21" 815 2515
127.0.0.1 - - [17/Nov/2014:01:34:30 -0500] "POST /opensso/policyservice HTTP/1.1" 200 7691 "-" "Java/1.5.0_21" 1115 7869
127.0.0.1 - - [17/Nov/2014:01:34:30 -0500] "POST /opensso/jaxrpc/SMSObjectIF HTTP/1.1" 200 505 "-" "Java/1.5.0_21" 847 766
127.0.0.1 - - [17/Nov/2014:01:34:30 -0500] "POST /opensso/jaxrpc/DirectoryManagerIF HTTP/1.1" 200 1290 "-" "Java/1.5.0_21" 1362 1551
126.210.6.29 - - [17/Nov/2014:01:34:30 -0500] "GET /LMMP/rest/dbxml/fgdc/abstract?label=LRO_WAC_Mosaic_Global_303ppd HTTP/1.1" 200 291 "-" "Moon%20Tours/1.0.0 CFNetwork/672.0.8 Darwin/14.0.0" 824 1130
127.0.0.1 - - [17/Nov/2014:01:34:40 -0500] "GET /opensso/namingservice HTTP/1.1" 200 7 "-" "Java/1.5.0_21" 220 183
127.0.0.1 - - [17/Nov/2014:01:34:48 -0500] "GET /opensso/namingservice HTTP/1.1" 200 7 "-" "Java/1.5.0_21" 220 183
127.0.0.1 - - [17/Nov/2014:01:35:10 -0500] "GET /opensso/namingservice HTTP/1.1" 200 7 "-" "Java/1.5.0_21" 220 183
127.0.0.1 - - [17/Nov/2014:01:35:18 -0500] "GET /opensso/namingservice HTTP/1.1" 200 7 "-" "Java/1.5.0_21" 220 183
127.0.0.1 - - [17/Nov/2014:01:35:40 -0500] "GET /opensso/namingservice HTTP/1.1" 200 7 "-" "Java/1.5.0_21" 220 183
127.0.0.1 - - [17/Nov/2014:01:35:48 -0500] "GET /opensso/namingservice HTTP/1.1" 200 7 "-" "Java/1.5.0_21" 220 183
66.249.67.9 - - [17/Nov/2014:01:36:03 -0500] "GET /redmine/issues/gantt?month=5&months=6&year=1840&zoom=3 HTTP/1.1" 200 51440 "-" "Mozilla/5.0 (compatible; Googlebot/2.1; +http://www.google.com/bot.html)" 616 56368
127.0.0.1 - - [17/Nov/2014:01:36:10 -0500] "GET /opensso/namingservice HTTP/1.1" 200 7 "-" "Java/1.5.0_21" 220 183
127.0.0.1 - - [17/Nov/2014:01:36:18 -0500] "GET /opensso/namingservice HTTP/1.1" 200 7 "-" "Java/1.5.0_21" 220 183
127.0.0.1 - - [17/Nov/2014:01:36:40 -0500] "GET /opensso/namingservice HTTP/1.1" 200 7 "-" "Java/1.5.0_21" 220 183
127.0.0.1 - - [17/Nov/2014:01:36:48 -0500] "GET /opensso/namingservice HTTP/1.1" 200 7 "-" "Java/1.5.0_21" 220 183
127.0.0.1 - - [17/Nov/2014:01:37:10 -0500] "GET /opensso/namingservice HTTP/1.1" 200 7 "-" "Java/1.5.0_21" 220 183
127.0.0.1 - - [17/Nov/2014:01:37:18 -0500] "GET /opensso/namingservice HTTP/1.1" 200 7 "-" "Java/1.5.0_21" 220 183
127.0.0.1 - - [17/Nov/2014:01:37:40 -0500] "GET /opensso/namingservice HTTP/1.1" 200 7 "-" "Java/1.5.0_21" 220 183
127.0.0.1 - - [17/Nov/2014:01:37:48 -0500] "GET /opensso/namingservice HTTP/1.1" 200 7 "-" "Java/1.5.0_21" 220 183
127.0.0.1 - - [17/Nov/2014:01:38:10 -0500] "GET /opensso/namingservice HTTP/1.1" 200 7 "-" "Java/1.5.0_21" 220 183
127.0.0.1 - - [17/Nov/2014:01:38:18 -0500] "GET /opensso/namingservice HTTP/1.1" 200 7 "-" "Java/1.5.0_21" 220 183
151.44.83.190 - - [17/Nov/2014:01:38:18 -0500] "GET /opensso/identity/isTokenValid HTTP/1.1" 200 13 "-" "Moon%20Tours/1.0.0 CFNetwork/672.1.15 Darwin/14.0.0" 339 171
151.44.83.190 - - [17/Nov/2014:01:38:27 -0500] "GET /arcgis/rest/services/CombinedNomenclature/MapServer/find?returnGeometry=true&contains=true&layers=0&searchFields=LABEL&searchText=3&f=json HTTP/1.1" 200 647 "arcgisios" "ArcGISiOS-2.3.2/7.1.2/iPad2,2" 446 984
151.44.83.190 - - [17/Nov/2014:01:38:29 -0500] "GET /arcgis/rest/services/CombinedNomenclature/MapServer/find?returnGeometry=true&contains=true&layers=0&searchFields=LABEL&searchText=37'&f=json HTTP/1.1" 200 134 "arcgisios" "ArcGISiOS-2.3.2/7.1.2/iPad2,2" 448 472
151.44.83.190 - - [17/Nov/2014:01:38:32 -0500] "GET /arcgis/rest/services/CombinedNomenclature/MapServer/find?returnGeometry=true&contains=true&layers=0&searchFields=LABEL&searchText=37&f=json HTTP/1.1" 200 134 "arcgisios" "ArcGISiOS-2.3.2/7.1.2/iPad2,2" 447 471
127.0.0.1 - - [17/Nov/2014:01:38:40 -0500] "GET /opensso/namingservice HTTP/1.1" 200 7 "-" "Java/1.5.0_21" 220 183
151.44.83.190 - - [17/Nov/2014:01:38:28 -0500] "GET /arcgis/rest/services/CombinedNomenclature/MapServer/find?returnGeometry=true&contains=true&layers=0&searchFields=LABEL&searchText=37&f=json HTTP/1.1" 200 134 "arcgisios" "ArcGISiOS-2.3.2/7.1.2/iPad2,2" 447 472
127.0.0.1 - - [17/Nov/2014:01:38:48 -0500] "GET /opensso/namingservice HTTP/1.1" 200 7 "-" "Java/1.5.0_21" 220 183
127.0.0.1 - - [17/Nov/2014:01:39:10 -0500] "GET /opensso/namingservice HTTP/1.1" 200 7 "-" "Java/1.5.0_21" 220 183
151.44.83.190 - - [17/Nov/2014:01:39:09 -0500] "GET /arcgis/rest/services/CombinedNomenclature/MapServer/find?returnGeometry=true&contains=true&layers=0&searchFields=LABEL&searchText=37*&f=json HTTP/1.1" 200 134 "arcgisios" "ArcGISiOS-2.3.2/7.1.2/iPad2,2" 448 472
127.0.0.1 - - [17/Nov/2014:01:39:18 -0500] "GET /opensso/namingservice HTTP/1.1" 200 7 "-" "Java/1.5.0_21" 220 183
151.44.6.152 - - [17/Nov/2014:01:39:23 -0500] "GET /arcgis/rest/services/CombinedNomenclature/MapServer/find?returnGeometry=true&contains=true&layers=0&searchFields=LABEL&searchText=27&f=json HTTP/1.1" 502 491 "arcgisios" "ArcGISiOS-2.3.2/7.1.2/iPad2,2" 447 678
151.44.6.152 - - [17/Nov/2014:01:39:23 -0500] "GET /arcgis/rest/services/CombinedNomenclature/MapServer/find?returnGeometry=true&contains=true&layers=0&searchFields=LABEL&searchText=&f=json HTTP/1.1" 200 226 "arcgisios" "ArcGISiOS-2.3.2/7.1.2/iPad2,2" 445 546
151.44.6.152 - - [17/Nov/2014:01:39:23 -0500] "GET /arcgis/rest/services/CombinedNomenclature/MapServer/find?returnGeometry=true&contains=true&layers=0&searchFields=LABEL&searchText=2&f=json HTTP/1.1" 200 1047 "arcgisios" "ArcGISiOS-2.3.2/7.1.2/iPad2,2" 446 1386
151.44.6.152 - - [17/Nov/2014:01:39:26 -0500] "GET /arcgis/rest/services/CombinedNomenclature/MapServer/find?returnGeometry=true&contains=true&layers=0&searchFields=LABEL&searchText=27g&f=json HTTP/1.1" 200 134 "arcgisios" "ArcGISiOS-2.3.2/7.1.2/iPad2,2" 448 471
151.44.6.152 - - [17/Nov/2014:01:39:26 -0500] "GET /arcgis/rest/services/CombinedNomenclature/MapServer/find?returnGeometry=true&contains=true&layers=0&searchFields=LABEL&searchText=27gr&f=json HTTP/1.1" 200 134 "arcgisios" "ArcGISiOS-2.3.2/7.1.2/iPad2,2" 449 472
151.44.6.152 - - [17/Nov/2014:01:39:26 -0500] "GET /arcgis/rest/services/CombinedNomenclature/MapServer/find?returnGeometry=true&contains=true&layers=0&searchFields=LABEL&searchText=27gra&f=json HTTP/1.1" 200 134 "arcgisios" "ArcGISiOS-2.3.2/7.1.2/iPad2,2" 450 472
151.44.6.152 - - [17/Nov/2014:01:39:27 -0500] "GET /arcgis/rest/services/CombinedNomenclature/MapServer/find?returnGeometry=true&contains=true&layers=0&searchFields=LABEL&searchText=27grad&f=json HTTP/1.1" 200 134 "arcgisios" "ArcGISiOS-2.3.2/7.1.2/iPad2,2" 451 472
151.44.6.152 - - [17/Nov/2014:01:39:27 -0500] "GET /arcgis/rest/services/CombinedNomenclature/MapServer/find?returnGeometry=true&contains=true&layers=0&searchFields=LABEL&searchText=27gradi&f=json HTTP/1.1" 200 134 "arcgisios" "ArcGISiOS-2.3.2/7.1.2/iPad2,2" 452 471
151.44.6.152 - - [17/Nov/2014:01:39:28 -0500] "GET /arcgis/rest/services/CombinedNomenclature/MapServer/find?returnGeometry=true&contains=true&layers=0&searchFields=LABEL&searchText=27gradi%20&f=json HTTP/1.1" 200 134 "arcgisios" "ArcGISiOS-2.3.2/7.1.2/iPad2,2" 455 471
151.44.6.152 - - [17/Nov/2014:01:39:32 -0500] "GET /arcgis/rest/services/CombinedNomenclature/MapServer/find?returnGeometry=true&contains=true&layers=0&searchFields=LABEL&searchText=27gradi%203&f=json HTTP/1.1" 502 491 "arcgisios" "ArcGISiOS-2.3.2/7.1.2/iPad2,2" 456 678
151.44.6.152 - - [17/Nov/2014:01:39:32 -0500] "GET /arcgis/rest/services/CombinedNomenclature/MapServer/find?returnGeometry=true&contains=true&layers=0&searchFields=LABEL&searchText=27gradi%2034&f=json HTTP/1.1" 200 134 "arcgisios" "ArcGISiOS-2.3.2/7.1.2/iPad2,2" 457 472
151.44.6.152 - - [17/Nov/2014:01:39:35 -0500] "GET /arcgis/rest/services/CombinedNomenclature/MapServer/find?returnGeometry=true&contains=true&layers=0&searchFields=LABEL&searchText=27gradi%2034p&f=json HTTP/1.1" 200 134 "arcgisios" "ArcGISiOS-2.3.2/7.1.2/iPad2,2" 458 472
151.44.6.152 - - [17/Nov/2014:01:39:36 -0500] "GET /arcgis/rest/services/CombinedNomenclature/MapServer/find?returnGeometry=true&contains=true&layers=0&searchFields=LABEL&searchText=27gradi%2034pr&f=json HTTP/1.1" 200 134 "arcgisios" "ArcGISiOS-2.3.2/7.1.2/iPad2,2" 459 472
151.44.6.152 - - [17/Nov/2014:01:39:36 -0500] "GET /arcgis/rest/services/CombinedNomenclature/MapServer/find?returnGeometry=true&contains=true&layers=0&searchFields=LABEL&searchText=27gradi%2034pri&f=json HTTP/1.1" 200 134 "arcgisios" "ArcGISiOS-2.3.2/7.1.2/iPad2,2" 460 472
151.44.6.152 - - [17/Nov/2014:01:39:36 -0500] "GET /arcgis/rest/services/CombinedNomenclature/MapServer/find?returnGeometry=true&contains=true&layers=0&searchFields=LABEL&searchText=27gradi%2034prim&f=json HTTP/1.1" 200 134 "arcgisios" "ArcGISiOS-2.3.2/7.1.2/iPad2,2" 461 471
151.44.6.152 - - [17/Nov/2014:01:39:37 -0500] "GET /arcgis/rest/services/CombinedNomenclature/MapServer/find?returnGeometry=true&contains=true&layers=0&searchFields=LABEL&searchText=27gradi%2034primi&f=json HTTP/1.1" 200 134 "arcgisios" "ArcGISiOS-2.3.2/7.1.2/iPad2,2" 462 472
151.44.6.152 - - [17/Nov/2014:01:39:37 -0500] "GET /arcgis/rest/services/CombinedNomenclature/MapServer/find?returnGeometry=true&contains=true&layers=0&searchFields=LABEL&searchText=27gradi%2034primi%20&f=json HTTP/1.1" 200 134 "arcgisios" "ArcGISiOS-2.3.2/7.1.2/iPad2,2" 465 471
127.0.0.1 - - [17/Nov/2014:01:39:40 -0500] "GET /opensso/namingservice HTTP/1.1" 200 7 "-" "Java/1.5.0_21" 220 183
151.44.6.152 - - [17/Nov/2014:01:39:41 -0500] "GET /arcgis/rest/services/CombinedNomenclature/MapServer/find?returnGeometry=true&contains=true&layers=0&searchFields=LABEL&searchText=27gradi%2034primi%202&f=json HTTP/1.1" 200 134 "arcgisios" "ArcGISiOS-2.3.2/7.1.2/iPad2,2" 466 472
151.44.6.152 - - [17/Nov/2014:01:39:42 -0500] "GET /arcgis/rest/services/CombinedNomenclature/MapServer/find?returnGeometry=true&contains=true&layers=0&searchFields=LABEL&searchText=27gradi%2034primi%2026&f=json HTTP/1.1" 200 134 "arcgisios" "ArcGISiOS-2.3.2/7.1.2/iPad2,2" 467 472
127.0.0.1 - - [17/Nov/2014:01:39:48 -0500] "GET /opensso/namingservice HTTP/1.1" 200 7 "-" "Java/1.5.0_21" 220 183
66.249.67.103 - - [17/Nov/2014:01:39:51 -0500] "GET /redmine/projects/lmmpwiki/activity?from=1979-03-05&show_news=1 HTTP/1.1" 200 4917 "-" "Mozilla/5.0 (compatible; Googlebot/2.1; +http://www.google.com/bot.html)" 293 5479
151.44.6.152 - - [17/Nov/2014:01:39:51 -0500] "GET /arcgis/rest/services/CombinedNomenclature/MapServer/find?returnGeometry=true&contains=true&layers=0&searchFields=LABEL&searchText=27gradi%2034primi%2026%20&f=json HTTP/1.1" 200 134 "arcgisios" "ArcGISiOS-2.3.2/7.1.2/iPad2,2" 470 472
151.44.6.152 - - [17/Nov/2014:01:39:53 -0500] "GET /arcgis/rest/services/CombinedNomenclature/MapServer/find?returnGeometry=true&contains=true&layers=0&searchFields=LABEL&searchText=27gradi%2034primi%2026%20s&f=json HTTP/1.1" 200 134 "arcgisios" "ArcGISiOS-2.3.2/7.1.2/iPad2,2" 471 471
151.44.6.152 - - [17/Nov/2014:01:39:53 -0500] "GET /arcgis/rest/services/CombinedNomenclature/MapServer/find?returnGeometry=true&contains=true&layers=0&searchFields=LABEL&searchText=27gradi%2034primi%2026%20se&f=json HTTP/1.1" 200 134 "arcgisios" "ArcGISiOS-2.3.2/7.1.2/iPad2,2" 472 472
151.44.6.152 - - [17/Nov/2014:01:39:54 -0500] "GET /arcgis/rest/services/CombinedNomenclature/MapServer/find?returnGeometry=true&contains=true&layers=0&searchFields=LABEL&searchText=27gradi%2034primi%2026%20sec&f=json HTTP/1.1" 200 134 "arcgisios" "ArcGISiOS-2.3.2/7.1.2/iPad2,2" 473 472
151.44.6.152 - - [17/Nov/2014:01:39:54 -0500] "GET /arcgis/rest/services/CombinedNomenclature/MapServer/find?returnGeometry=true&contains=true&layers=0&searchFields=LABEL&searchText=27gradi%2034primi%2026%20seco&f=json HTTP/1.1" 200 134 "arcgisios" "ArcGISiOS-2.3.2/7.1.2/iPad2,2" 474 471
151.44.6.152 - - [17/Nov/2014:01:39:54 -0500] "GET /arcgis/rest/services/CombinedNomenclature/MapServer/find?returnGeometry=true&contains=true&layers=0&searchFields=LABEL&searchText=27gradi%2034primi%2026%20secon&f=json HTTP/1.1" 200 134 "arcgisios" "ArcGISiOS-2.3.2/7.1.2/iPad2,2" 475 471
151.44.6.152 - - [17/Nov/2014:01:39:55 -0500] "GET /arcgis/rest/services/CombinedNomenclature/MapServer/find?returnGeometry=true&contains=true&layers=0&searchFields=LABEL&searchText=27gradi%2034primi%2026%20second&f=json HTTP/1.1" 200 134 "arcgisios" "ArcGISiOS-2.3.2/7.1.2/iPad2,2" 476 471
151.44.6.152 - - [17/Nov/2014:01:39:55 -0500] "GET /arcgis/rest/services/CombinedNomenclature/MapServer/find?returnGeometry=true&contains=true&layers=0&searchFields=LABEL&searchText=27gradi%2034primi%2026%20secondi&f=json HTTP/1.1" 200 134 "arcgisios" "ArcGISiOS-2.3.2/7.1.2/iPad2,2" 477 471
151.44.6.152 - - [17/Nov/2014:01:39:55 -0500] "GET /arcgis/rest/services/CombinedNomenclature/MapServer/find?returnGeometry=true&contains=true&layers=0&searchFields=LABEL&searchText=27gradi%2034primi%2026%20secondi%20&f=json HTTP/1.1" 200 134 "arcgisios" "ArcGISiOS-2.3.2/7.1.2/iPad2,2" 480 471
151.44.6.152 - - [17/Nov/2014:01:40:02 -0500] "GET /arcgis/rest/services/CombinedNomenclature/MapServer/find?returnGeometry=true&contains=true&layers=0&searchFields=LABEL&searchText=27gradi%2034primi%2026%20secondi%20N&f=json HTTP/1.1" 200 134 "arcgisios" "ArcGISiOS-2.3.2/7.1.2/iPad2,2" 481 472
151.44.6.152 - - [17/Nov/2014:01:40:02 -0500] "GET /arcgis/rest/services/CombinedNomenclature/MapServer/find?returnGeometry=true&contains=true&layers=0&searchFields=LABEL&searchText=27gradi%2034primi%2026%20secondi%20No&f=json HTTP/1.1" 200 134 "arcgisios" "ArcGISiOS-2.3.2/7.1.2/iPad2,2" 482 472
151.44.6.152 - - [17/Nov/2014:01:40:03 -0500] "GET /arcgis/rest/services/CombinedNomenclature/MapServer/find?returnGeometry=true&contains=true&layers=0&searchFields=LABEL&searchText=27gradi%2034primi%2026%20secondi%20Nor&f=json HTTP/1.1" 200 134 "arcgisios" "ArcGISiOS-2.3.2/7.1.2/iPad2,2" 483 472
151.44.6.152 - - [17/Nov/2014:01:40:03 -0500] "GET /arcgis/rest/services/CombinedNomenclature/MapServer/find?returnGeometry=true&contains=true&layers=0&searchFields=LABEL&searchText=27gradi%2034primi%2026%20secondi%20Nord&f=json HTTP/1.1" 200 134 "arcgisios" "ArcGISiOS-2.3.2/7.1.2/iPad2,2" 484 472
127.0.0.1 - - [17/Nov/2014:01:40:10 -0500] "GET /opensso/namingservice HTTP/1.1" 200 7 "-" "Java/1.5.0_21" 220 183
127.0.0.1 - - [17/Nov/2014:01:40:18 -0500] "GET /opensso/namingservice HTTP/1.1" 200 7 "-" "Java/1.5.0_21" 220 183
127.0.0.1 - - [17/Nov/2014:01:40:40 -0500] "GET /opensso/namingservice HTTP/1.1" 200 7 "-" "Java/1.5.0_21" 220 183
127.0.0.1 - - [17/Nov/2014:01:40:48 -0500] "GET /opensso/namingservice HTTP/1.1" 200 7 "-" "Java/1.5.0_21" 220 183
127.0.0.1 - - [17/Nov/2014:01:41:10 -0500] "GET /opensso/namingservice HTTP/1.1" 200 7 "-" "Java/1.5.0_21" 220 183
127.0.0.1 - - [17/Nov/2014:01:41:18 -0500] "GET /opensso/namingservice HTTP/1.1" 200 7 "-" "Java/1.5.0_21" 220 183
127.0.0.1 - - [17/Nov/2014:01:41:40 -0500] "GET /opensso/namingservice HTTP/1.1" 200 7 "-" "Java/1.5.0_21" 220 183
127.0.0.1 - - [17/Nov/2014:01:41:48 -0500] "GET /opensso/namingservice HTTP/1.1" 200 7 "-" "Java/1.5.0_21" 220 183
127.0.0.1 - - [17/Nov/2014:01:42:10 -0500] "GET /opensso/namingservice HTTP/1.1" 200 7 "-" "Java/1.5.0_21" 220 183
127.0.0.1 - - [17/Nov/2014:01:42:18 -0500] "GET /opensso/namingservice HTTP/1.1" 200 7 "-" "Java/1.5.0_21" 220 183
151.44.83.190 - - [17/Nov/2014:01:42:29 -0500] "GET /opensso/identity/isTokenValid HTTP/1.1" 200 13 "-" "Moon%20Tours/1.0.0 CFNetwork/672.1.15 Darwin/14.0.0" 339 171
127.0.0.1 - - [17/Nov/2014:01:42:40 -0500] "GET /opensso/namingservice HTTP/1.1" 200 7 "-" "Java/1.5.0_21" 220 183
127.0.0.1 - - [17/Nov/2014:01:42:48 -0500] "GET /opensso/namingservice HTTP/1.1" 200 7 "-" "Java/1.5.0_21" 220 183
127.0.0.1 - - [17/Nov/2014:01:43:10 -0500] "GET /opensso/namingservice HTTP/1.1" 200 7 "-" "Java/1.5.0_21" 220 183
127.0.0.1 - - [17/Nov/2014:01:43:18 -0500] "GET /opensso/namingservice HTTP/1.1" 200 7 "-" "Java/1.5.0_21" 220 183
188.165.15.212 - - [17/Nov/2014:01:43:21 -0500] "GET /olyblog/oly-artist-interview-bil-fleming HTTP/1.1" 404 238 "-" "Mozilla/5.0 (compatible; AhrefsBot/5.0; +http://ahrefs.com/robot/)" 208 427
66.249.67.145 - - [17/Nov/2014:01:43:38 -0500] "GET /olyblog/procession-species-celebration HTTP/1.1" 404 236 "-" "Mozilla/5.0 (compatible; Googlebot/2.1; +http://www.google.com/bot.html)" 269 481
127.0.0.1 - - [17/Nov/2014:01:43:40 -0500] "GET /opensso/namingservice HTTP/1.1" 200 7 "-" "Java/1.5.0_21" 220 183
127.0.0.1 - - [17/Nov/2014:01:43:48 -0500] "GET /opensso/namingservice HTTP/1.1" 200 7 "-" "Java/1.5.0_21" 220 183
127.0.0.1 - - [17/Nov/2014:01:44:10 -0500] "GET /opensso/namingservice HTTP/1.1" 200 7 "-" "Java/1.5.0_21" 220 183
127.0.0.1 - - [17/Nov/2014:01:44:18 -0500] "GET /opensso/namingservice HTTP/1.1" 200 7 "-" "Java/1.5.0_21" 220 183
127.0.0.1 - - [17/Nov/2014:01:44:40 -0500] "GET /opensso/namingservice HTTP/1.1" 200 7 "-" "Java/1.5.0_21" 220 183
127.0.0.1 - - [17/Nov/2014:01:44:48 -0500] "GET /opensso/namingservice HTTP/1.1" 200 7 "-" "Java/1.5.0_21" 220 183
127.0.0.1 - - [17/Nov/2014:01:45:10 -0500] "GET /opensso/namingservice HTTP/1.1" 200 7 "-" "Java/1.5.0_21" 220 183
127.0.0.1 - - [17/Nov/2014:01:45:18 -0500] "GET /opensso/namingservice HTTP/1.1" 200 7 "-" "Java/1.5.0_21" 220 183
127.0.0.1 - - [17/Nov/2014:01:45:25 -0500] "POST /opensso/sessionservice HTTP/1.1" 200 2339 "-" "Java/1.5.0_21" 815 2517
127.0.0.1 - - [17/Nov/2014:01:45:25 -0500] "POST /opensso/sessionservice HTTP/1.1" 200 2337 "-" "Java/1.5.0_21" 815 2514
127.0.0.1 - - [17/Nov/2014:01:45:25 -0500] "POST /opensso/policyservice HTTP/1.1" 200 7691 "-" "Java/1.5.0_21" 1117 7869
127.0.0.1 - - [17/Nov/2014:01:45:25 -0500] "POST /opensso/jaxrpc/SMSObjectIF HTTP/1.1" 200 505 "-" "Java/1.5.0_21" 847 766
127.0.0.1 - - [17/Nov/2014:01:45:25 -0500] "POST /opensso/jaxrpc/DirectoryManagerIF HTTP/1.1" 200 1290 "-" "Java/1.5.0_21" 1366 1551
151.44.83.190 - - [17/Nov/2014:01:45:25 -0500] "GET /LMMP/rest/dbxml/fgdc/abstract?label=LRO_NAC_Mosaic_26N004E_50cmp HTTP/1.1" 200 561 "-" "Moon%20Tours/1.0.0 CFNetwork/672.1.15 Darwin/14.0.0" 867 5115
127.0.0.1 - - [17/Nov/2014:01:45:40 -0500] "GET /opensso/namingservice HTTP/1.1" 200 7 "-" "Java/1.5.0_21" 220 183
127.0.0.1 - - [17/Nov/2014:01:45:48 -0500] "GET /opensso/namingservice HTTP/1.1" 200 7 "-" "Java/1.5.0_21" 220 183
127.0.0.1 - - [17/Nov/2014:01:46:10 -0500] "GET /opensso/namingservice HTTP/1.1" 200 7 "-" "Java/1.5.0_21" 220 183
127.0.0.1 - - [17/Nov/2014:01:46:18 -0500] "GET /opensso/namingservice HTTP/1.1" 200 7 "-" "Java/1.5.0_21" 220 183
127.0.0.1 - - [17/Nov/2014:01:46:40 -0500] "GET /opensso/namingservice HTTP/1.1" 200 7 "-" "Java/1.5.0_21" 220 183
127.0.0.1 - - [17/Nov/2014:01:46:48 -0500] "GET /opensso/namingservice HTTP/1.1" 200 7 "-" "Java/1.5.0_21" 220 183
127.0.0.1 - - [17/Nov/2014:01:47:10 -0500] "GET /opensso/namingservice HTTP/1.1" 200 7 "-" "Java/1.5.0_21" 220 183
127.0.0.1 - - [17/Nov/2014:01:47:18 -0500] "GET /opensso/namingservice HTTP/1.1" 200 7 "-" "Java/1.5.0_21" 220 183
66.249.67.153 - - [17/Nov/2014:01:47:25 -0500] "GET /redmine/issues/gantt?month=7&months=6&year=1715&zoom=1 HTTP/1.1" 200 27583 "-" "Mozilla/5.0 (compatible; Googlebot/2.1; +http://www.google.com/bot.html)" 616 32436
127.0.0.1 - - [17/Nov/2014:01:47:40 -0500] "GET /opensso/namingservice HTTP/1.1" 200 7 "-" "Java/1.5.0_21" 220 183
127.0.0.1 - - [17/Nov/2014:01:47:48 -0500] "GET /opensso/namingservice HTTP/1.1" 200 7 "-" "Java/1.5.0_21" 220 183
127.0.0.1 - - [17/Nov/2014:01:48:10 -0500] "GET /opensso/namingservice HTTP/1.1" 200 7 "-" "Java/1.5.0_21" 220 183
127.0.0.1 - - [17/Nov/2014:01:48:18 -0500] "GET /opensso/namingservice HTTP/1.1" 200 7 "-" "Java/1.5.0_21" 220 183
127.0.0.1 - - [17/Nov/2014:01:48:40 -0500] "GET /opensso/namingservice HTTP/1.1" 200 7 "-" "Java/1.5.0_21" 220 183
127.0.0.1 - - [17/Nov/2014:01:48:48 -0500] "GET /opensso/namingservice HTTP/1.1" 200 7 "-" "Java/1.5.0_21" 220 183
127.0.0.1 - - [17/Nov/2014:01:49:10 -0500] "GET /opensso/namingservice HTTP/1.1" 200 7 "-" "Java/1.5.0_21" 220 183
127.0.0.1 - - [17/Nov/2014:01:49:18 -0500] "GET /opensso/namingservice HTTP/1.1" 200 7 "-" "Java/1.5.0_21" 220 183
127.0.0.1 - - [17/Nov/2014:01:49:40 -0500] "GET /opensso/namingservice HTTP/1.1" 200 7 "-" "Java/1.5.0_21" 220 183
127.0.0.1 - - [17/Nov/2014:01:49:48 -0500] "GET /opensso/namingservice HTTP/1.1" 200 7 "-" "Java/1.5.0_21" 220 183
127.0.0.1 - - [17/Nov/2014:01:50:10 -0500] "GET /opensso/namingservice HTTP/1.1" 200 7 "-" "Java/1.5.0_21" 220 183
127.0.0.1 - - [17/Nov/2014:01:50:18 -0500] "GET /opensso/namingservice HTTP/1.1" 200 7 "-" "Java/1.5.0_21" 220 183
127.0.0.1 - - [17/Nov/2014:01:50:40 -0500] "GET /opensso/namingservice HTTP/1.1" 200 7 "-" "Java/1.5.0_21" 220 183
127.0.0.1 - - [17/Nov/2014:01:50:48 -0500] "GET /opensso/namingservice HTTP/1.1" 200 7 "-" "Java/1.5.0_21" 220 183
66.249.67.103 - - [17/Nov/2014:01:51:00 -0500] "GET /LMMPUI/LMMP_CLIENT/index_m.html HTTP/1.1" 200 4998 "-" "Mozilla/5.0 (iPhone; CPU iPhone OS 6_0 like Mac OS X) AppleWebKit/536.26 (KHTML, like Gecko) Version/6.0 Mobile/10A5376e Safari/8536.25 (compatible; Googlebot/2.1; +http://www.google.com/bot.html)" 386 5328
127.0.0.1 - - [17/Nov/2014:01:51:10 -0500] "GET /opensso/namingservice HTTP/1.1" 200 7 "-" "Java/1.5.0_21" 220 183
66.249.67.153 - - [17/Nov/2014:01:51:12 -0500] "GET /redmine/projects/lmmpwiki/activity?from=1959-03-27 HTTP/1.1" 200 4829 "-" "Mozilla/5.0 (compatible; Googlebot/2.1; +http://www.google.com/bot.html)" 612 9480
127.0.0.1 - - [17/Nov/2014:01:51:18 -0500] "GET /opensso/namingservice HTTP/1.1" 200 7 "-" "Java/1.5.0_21" 220 183
127.0.0.1 - - [17/Nov/2014:01:51:40 -0500] "GET /opensso/namingservice HTTP/1.1" 200 7 "-" "Java/1.5.0_21" 220 183
127.0.0.1 - - [17/Nov/2014:01:51:48 -0500] "GET /opensso/namingservice HTTP/1.1" 200 7 "-" "Java/1.5.0_21" 220 183
127.0.0.1 - - [17/Nov/2014:01:52:10 -0500] "GET /opensso/namingservice HTTP/1.1" 200 7 "-" "Java/1.5.0_21" 220 183
127.0.0.1 - - [17/Nov/2014:01:52:18 -0500] "GET /opensso/namingservice HTTP/1.1" 200 7 "-" "Java/1.5.0_21" 220 183
127.0.0.1 - - [17/Nov/2014:01:52:40 -0500] "GET /opensso/namingservice HTTP/1.1" 200 7 "-" "Java/1.5.0_21" 220 183
127.0.0.1 - - [17/Nov/2014:01:52:48 -0500] "GET /opensso/namingservice HTTP/1.1" 200 7 "-" "Java/1.5.0_21" 220 183
127.0.0.1 - - [17/Nov/2014:01:53:10 -0500] "GET /opensso/namingservice HTTP/1.1" 200 7 "-" "Java/1.5.0_21" 220 183
127.0.0.1 - - [17/Nov/2014:01:53:18 -0500] "GET /opensso/namingservice HTTP/1.1" 200 7 "-" "Java/1.5.0_21" 220 183
127.0.0.1 - - [17/Nov/2014:01:53:40 -0500] "GET /opensso/namingservice HTTP/1.1" 200 7 "-" "Java/1.5.0_21" 220 183
127.0.0.1 - - [17/Nov/2014:01:53:41 -0500] "POST /opensso/sessionservice HTTP/1.1" 200 2021 "-" "Java/1.5.0_21" 710 2199
127.0.0.1 - - [17/Nov/2014:01:53:41 -0500] "GET /opensso/identity//xml/read?name=TomcatApps3&attributes_names=realm&attributes_values_realm=%2Fappspub&attributes_names=objecttype&attributes_values_objecttype=Agent&admin=AQIC5wM2LY4SfcwjOoCkahvxCIYxAjqHmLwoHQUx5Ci%2Bspg%3D%40AAJTSQACMDE%3D%23 HTTP/1.1" 200 13732 "-" "Java/1.5.0_21" 442 13916
127.0.0.1 - - [17/Nov/2014:01:53:48 -0500] "GET /opensso/namingservice HTTP/1.1" 200 7 "-" "Java/1.5.0_21" 220 183
127.0.0.1 - - [17/Nov/2014:01:54:10 -0500] "GET /opensso/namingservice HTTP/1.1" 200 7 "-" "Java/1.5.0_21" 220 183
127.0.0.1 - - [17/Nov/2014:01:54:18 -0500] "GET /opensso/namingservice HTTP/1.1" 200 7 "-" "Java/1.5.0_21" 220 183
216.218.147.196 - - [17/Nov/2014:01:54:19 -0500] "GET /robots.txt HTTP/1.0" 404 208 "-" "GigablastOpenSource/1.0" 151 416
216.218.147.196 - - [17/Nov/2014:01:54:20 -0500] "GET /LMMPUI/LMMP_CLIENT/LMMP.html HTTP/1.0" 200 8973 "-" "GigablastOpenSource/1.0" 169 9266
216.218.147.196 - - [17/Nov/2014:01:54:20 -0500] "GET / HTTP/1.0" 302 237 "-" "GigablastOpenSource/1.0" 141 506
216.218.147.196 - - [17/Nov/2014:01:54:20 -0500] "GET /LMMPUI/LMMP_CLIENT/LMMP.html HTTP/1.0" 200 8973 "-" "GigablastOpenSource/1.0" 169 9266
130.211.114.71 - - [17/Nov/2014:01:54:20 -0500] "GET /LMMPUI/LMMP_CLIENT/LMMP.html HTTP/1.1" 200 8973 "http://news.google.com/" "Mozilla/5.0 (Macintosh; Intel Mac OS X 10_10_0) AppleWebKit/537.36 (KHTML, like Gecko) Chrome/38.0.2125.101 Safari/537.36" 402 9303
130.211.114.71 - - [17/Nov/2014:01:54:20 -0500] "GET /LMMPUI/LMMP_CLIENT/history/history.css HTTP/1.1" 200 365 "http://news.google.com/" "Mozilla/5.0 (Macintosh; Intel Mac OS X 10_10_0) AppleWebKit/537.36 (KHTML, like Gecko) Chrome/38.0.2125.101 Safari/537.36" 367 692
130.211.114.71 - - [17/Nov/2014:01:54:20 -0500] "GET /LMMPUI/LMMP_CLIENT/history/history.js HTTP/1.1" 200 24650 "http://news.google.com/" "Mozilla/5.0 (Macintosh; Intel Mac OS X 10_10_0) AppleWebKit/537.36 (KHTML, like Gecko) Chrome/38.0.2125.101 Safari/537.36" 351 24988
130.211.114.71 - - [17/Nov/2014:01:54:20 -0500] "GET /LMMPUI/LMMP_CLIENT/swfobject.js HTTP/1.1" 200 25574 "http://news.google.com/" "Mozilla/5.0 (Macintosh; Intel Mac OS X 10_10_0) AppleWebKit/537.36 (KHTML, like Gecko) Chrome/38.0.2125.101 Safari/537.36" 345 25912
127.0.0.1 - - [17/Nov/2014:01:54:40 -0500] "GET /opensso/namingservice HTTP/1.1" 200 7 "-" "Java/1.5.0_21" 220 183
127.0.0.1 - - [17/Nov/2014:01:54:48 -0500] "GET /opensso/namingservice HTTP/1.1" 200 7 "-" "Java/1.5.0_21" 220 183
127.0.0.1 - - [17/Nov/2014:01:55:10 -0500] "GET /opensso/namingservice HTTP/1.1" 200 7 "-" "Java/1.5.0_21" 220 183
66.249.67.4 - - [17/Nov/2014:01:55:14 -0500] "GET /redmine/projects/lmmpwiki/activity?from=1951-03-19 HTTP/1.1" 200 4829 "-" "Mozilla/5.0 (compatible; Googlebot/2.1; +http://www.google.com/bot.html)" 612 9481
127.0.0.1 - - [17/Nov/2014:01:55:18 -0500] "GET /opensso/namingservice HTTP/1.1" 200 7 "-" "Java/1.5.0_21" 220 183
127.0.0.1 - - [17/Nov/2014:01:55:40 -0500] "GET /opensso/namingservice HTTP/1.1" 200 7 "-" "Java/1.5.0_21" 220 183
127.0.0.1 - - [17/Nov/2014:01:55:48 -0500] "GET /opensso/namingservice HTTP/1.1" 200 7 "-" "Java/1.5.0_21" 220 183
127.0.0.1 - - [17/Nov/2014:01:56:10 -0500] "GET /opensso/namingservice HTTP/1.1" 200 7 "-" "Java/1.5.0_21" 220 183
127.0.0.1 - - [17/Nov/2014:01:56:18 -0500] "GET /opensso/namingservice HTTP/1.1" 200 7 "-" "Java/1.5.0_21" 220 183
127.0.0.1 - - [17/Nov/2014:01:56:40 -0500] "GET /opensso/namingservice HTTP/1.1" 200 7 "-" "Java/1.5.0_21" 220 183
127.0.0.1 - - [17/Nov/2014:01:56:48 -0500] "GET /opensso/namingservice HTTP/1.1" 200 7 "-" "Java/1.5.0_21" 220 183
127.0.0.1 - - [17/Nov/2014:01:57:10 -0500] "GET /opensso/namingservice HTTP/1.1" 200 7 "-" "Java/1.5.0_21" 220 183
127.0.0.1 - - [17/Nov/2014:01:57:18 -0500] "GET /opensso/namingservice HTTP/1.1" 200 7 "-" "Java/1.5.0_21" 220 183
151.44.83.190 - - [17/Nov/2014:01:57:27 -0500] "GET /opensso/identity/isTokenValid HTTP/1.1" 200 13 "-" "Moon%20Tours/1.0.0 CFNetwork/672.1.15 Darwin/14.0.0" 339 171
127.0.0.1 - - [17/Nov/2014:01:57:40 -0500] "GET /opensso/namingservice HTTP/1.1" 200 7 "-" "Java/1.5.0_21" 220 183
151.44.83.190 - - [17/Nov/2014:01:57:44 -0500] "GET /opensso/identity/isTokenValid HTTP/1.1" 200 13 "-" "Moon%20Tours/1.0.0 CFNetwork/672.1.15 Darwin/14.0.0" 339 171
127.0.0.1 - - [17/Nov/2014:01:57:48 -0500] "GET /opensso/namingservice HTTP/1.1" 200 7 "-" "Java/1.5.0_21" 220 183
127.0.0.1 - - [17/Nov/2014:01:58:10 -0500] "GET /opensso/namingservice HTTP/1.1" 200 7 "-" "Java/1.5.0_21" 220 183
127.0.0.1 - - [17/Nov/2014:01:58:18 -0500] "GET /opensso/namingservice HTTP/1.1" 200 7 "-" "Java/1.5.0_21" 220 183
151.44.83.190 - - [17/Nov/2014:01:58:24 -0500] "GET /opensso/identity/isTokenValid HTTP/1.1" 200 13 "-" "Moon%20Tours/1.0.0 CFNetwork/672.1.15 Darwin/14.0.0" 339 171
127.0.0.1 - - [17/Nov/2014:01:58:40 -0500] "GET /opensso/namingservice HTTP/1.1" 200 7 "-" "Java/1.5.0_21" 220 183
151.44.83.190 - - [17/Nov/2014:01:58:40 -0500] "GET /lmmpmobile/config-1.0.json HTTP/1.1" 200 1338 "-" "Moon%20Tours/1.0.0 CFNetwork/672.1.15 Darwin/14.0.0" 218 1666
151.44.83.190 - - [17/Nov/2014:01:58:40 -0500] "GET /opensso/identity/isTokenValid HTTP/1.1" 200 14 "-" "Moon%20Tours/1.0.0 CFNetwork/672.1.15 Darwin/14.0.0" 230 172
151.44.83.190 - - [17/Nov/2014:01:58:41 -0500] "GET /opensso/UI/Login?module=Anonymous&org=appspub&goto=http%3A%2F%2Fpub.lmmp.nasa.gov%2Flmmpmobile%2Frefresh HTTP/1.1" 302 - "-" "Moon%20Tours/1.0.0 CFNetwork/672.1.15 Darwin/14.0.0" 305 932
151.44.83.190 - - [17/Nov/2014:01:58:41 -0500] "GET /lmmpmobile/refresh?iPlanetDirectoryPro=AQIC5wM2LY4Sfcz8NwlmIzTUUoBGfScLl2ExgQTew4%2FuqxA%3D%40AAJTSQACMDE%3D%23 HTTP/1.1" 200 - "-" "Moon%20Tours/1.0.0 CFNetwork/672.1.15 Darwin/14.0.0" 421 316
151.44.83.190 - - [17/Nov/2014:01:58:44 -0500] "GET /arcgis/rest/services/CombinedNomenclature/MapServer?f=json HTTP/1.1" 200 807 "arcgisios" "ArcGISiOS-2.3.2/7.1.2/iPad2,2" 366 1070
151.44.83.190 - - [17/Nov/2014:01:58:44 -0500] "GET /arcgis/rest/services/ERGraticule/MapServer?f=json HTTP/1.1" 200 701 "arcgisios" "ArcGISiOS-2.3.2/7.1.2/iPad2,2" 357 964
127.0.0.1 - - [17/Nov/2014:01:58:48 -0500] "GET /opensso/namingservice HTTP/1.1" 200 7 "-" "Java/1.5.0_21" 220 183
66.249.67.103 - - [17/Nov/2014:01:58:56 -0500] "GET /redmine/issues/gantt?month=9&months=6&year=1999&zoom=3 HTTP/1.1" 200 51211 "-" "Mozilla/5.0 (compatible; Googlebot/2.1; +http://www.google.com/bot.html)" 285 51900
127.0.0.1 - - [17/Nov/2014:01:59:10 -0500] "GET /opensso/namingservice HTTP/1.1" 200 7 "-" "Java/1.5.0_21" 220 183
127.0.0.1 - - [17/Nov/2014:01:59:18 -0500] "GET /opensso/namingservice HTTP/1.1" 200 7 "-" "Java/1.5.0_21" 220 183
66.249.67.153 - - [17/Nov/2014:01:59:34 -0500] "GET /redmine/issues/gantt?month=5&months=6&year=1840&zoom=1 HTTP/1.1" 200 27574 "-" "Mozilla/5.0 (compatible; Googlebot/2.1; +http://www.google.com/bot.html)" 616 32427
127.0.0.1 - - [17/Nov/2014:01:59:40 -0500] "GET /opensso/namingservice HTTP/1.1" 200 7 "-" "Java/1.5.0_21" 220 183
127.0.0.1 - - [17/Nov/2014:01:59:48 -0500] "GET /opensso/namingservice HTTP/1.1" 200 7 "-" "Java/1.5.0_21" 220 183
127.0.0.1 - - [17/Nov/2014:02:00:10 -0500] "GET /opensso/namingservice HTTP/1.1" 200 7 "-" "Java/1.5.0_21" 220 183
127.0.0.1 - - [17/Nov/2014:02:00:18 -0500] "GET /opensso/namingservice HTTP/1.1" 200 7 "-" "Java/1.5.0_21" 220 183
66.249.67.119 - - [17/Nov/2014:02:00:25 -0500] "GET /LMMPUI/LMMP_CLIENT/css/carousel.css HTTP/1.1" 200 2397 "-" "Mozilla/5.0 (compatible; Googlebot/2.1; +http://www.google.com/bot.html)" 266 2726
66.249.67.103 - - [17/Nov/2014:02:00:25 -0500] "GET /LMMPUI/LMMP_CLIENT/css/bootstrap.min.css HTTP/1.1" 200 97339 "-" "Mozilla/5.0 (compatible; Googlebot/2.1; +http://www.google.com/bot.html)" 271 97670
127.0.0.1 - - [17/Nov/2014:02:00:40 -0500] "GET /opensso/namingservice HTTP/1.1" 200 7 "-" "Java/1.5.0_21" 220 183
127.0.0.1 - - [17/Nov/2014:02:00:48 -0500] "GET /opensso/namingservice HTTP/1.1" 200 7 "-" "Java/1.5.0_21" 220 183
127.0.0.1 - - [17/Nov/2014:02:01:10 -0500] "GET /opensso/namingservice HTTP/1.1" 200 7 "-" "Java/1.5.0_21" 220 183
127.0.0.1 - - [17/Nov/2014:02:01:18 -0500] "GET /opensso/namingservice HTTP/1.1" 200 7 "-" "Java/1.5.0_21" 220 183
202.46.54.111 - - [17/Nov/2014:02:01:29 -0500] "GET / HTTP/1.1" 302 237 "-" "Mozilla/4.0 (compatible; MSIE 7.0; Windows NT 6.0)" 150 506
127.0.0.1 - - [17/Nov/2014:02:01:40 -0500] "GET /opensso/namingservice HTTP/1.1" 200 7 "-" "Java/1.5.0_21" 220 183
127.0.0.1 - - [17/Nov/2014:02:01:48 -0500] "GET /opensso/namingservice HTTP/1.1" 200 7 "-" "Java/1.5.0_21" 220 183
127.0.0.1 - - [17/Nov/2014:02:02:10 -0500] "GET /opensso/namingservice HTTP/1.1" 200 7 "-" "Java/1.5.0_21" 220 183
127.0.0.1 - - [17/Nov/2014:02:02:18 -0500] "GET /opensso/namingservice HTTP/1.1" 200 7 "-" "Java/1.5.0_21" 220 183
66.249.67.153 - - [17/Nov/2014:02:02:35 -0500] "GET /redmine/issues/gantt?month=2&months=6&year=1716&zoom=2 HTTP/1.1" 200 30884 "-" "Mozilla/5.0 (compatible; Googlebot/2.1; +http://www.google.com/bot.html)" 616 35737
119.63.193.131 - - [17/Nov/2014:02:02:35 -0500] "GET / HTTP/1.1" 302 237 "-" "Mozilla/4.0 (compatible; MSIE 7.0; Windows NT 6.0)" 150 506
127.0.0.1 - - [17/Nov/2014:02:02:40 -0500] "GET /opensso/namingservice HTTP/1.1" 200 7 "-" "Java/1.5.0_21" 220 183
127.0.0.1 - - [17/Nov/2014:02:02:48 -0500] "GET /opensso/namingservice HTTP/1.1" 200 7 "-" "Java/1.5.0_21" 220 183
127.0.0.1 - - [17/Nov/2014:02:03:10 -0500] "GET /opensso/namingservice HTTP/1.1" 200 7 "-" "Java/1.5.0_21" 220 183
127.0.0.1 - - [17/Nov/2014:02:03:18 -0500] "GET /opensso/namingservice HTTP/1.1" 200 7 "-" "Java/1.5.0_21" 220 183
127.0.0.1 - - [17/Nov/2014:02:03:40 -0500] "GET /opensso/namingservice HTTP/1.1" 200 7 "-" "Java/1.5.0_21" 220 183
127.0.0.1 - - [17/Nov/2014:02:03:48 -0500] "GET /opensso/namingservice HTTP/1.1" 200 7 "-" "Java/1.5.0_21" 220 183
127.0.0.1 - - [17/Nov/2014:02:04:10 -0500] "GET /opensso/namingservice HTTP/1.1" 200 7 "-" "Java/1.5.0_21" 220 183
127.0.0.1 - - [17/Nov/2014:02:04:18 -0500] "GET /opensso/namingservice HTTP/1.1" 200 7 "-" "Java/1.5.0_21" 220 183
127.0.0.1 - - [17/Nov/2014:02:04:40 -0500] "GET /opensso/namingservice HTTP/1.1" 200 7 "-" "Java/1.5.0_21" 220 183
127.0.0.1 - - [17/Nov/2014:02:04:48 -0500] "GET /opensso/namingservice HTTP/1.1" 200 7 "-" "Java/1.5.0_21" 220 183
127.0.0.1 - - [17/Nov/2014:02:05:10 -0500] "GET /opensso/namingservice HTTP/1.1" 200 7 "-" "Java/1.5.0_21" 220 183
127.0.0.1 - - [17/Nov/2014:02:05:18 -0500] "GET /opensso/namingservice HTTP/1.1" 200 7 "-" "Java/1.5.0_21" 220 183
127.0.0.1 - - [17/Nov/2014:02:05:40 -0500] "GET /opensso/namingservice HTTP/1.1" 200 7 "-" "Java/1.5.0_21" 220 183
