127.0.0.1 - - [17/Mar/2015:04:56:42 -0400] "GET /opensso/namingservice HTTP/1.1" 200 7 "-" "Java/1.5.0_21" 220 183
127.0.0.1 - - [17/Mar/2015:04:56:43 -0400] "GET /opensso/namingservice HTTP/1.1" 200 7 "-" "Java/1.5.0_21" 220 183
66.249.64.146 - - [17/Mar/2015:04:56:51 -0400] "GET /redmine/projects/lmmpwiki/activity?from=1985-10-06 HTTP/1.1" 200 4829 "-" "Mozilla/5.0 (compatible; Googlebot/2.1; +http://www.google.com/bot.html)" 714 9480
127.0.0.1 - - [17/Mar/2015:04:57:12 -0400] "GET /opensso/namingservice HTTP/1.1" 200 7 "-" "Java/1.5.0_21" 220 183
127.0.0.1 - - [17/Mar/2015:04:57:13 -0400] "GET /opensso/namingservice HTTP/1.1" 200 7 "-" "Java/1.5.0_21" 220 183
127.0.0.1 - - [17/Mar/2015:04:57:42 -0400] "GET /opensso/namingservice HTTP/1.1" 200 7 "-" "Java/1.5.0_21" 220 183
127.0.0.1 - - [17/Mar/2015:04:57:43 -0400] "GET /opensso/namingservice HTTP/1.1" 200 7 "-" "Java/1.5.0_21" 220 183
127.0.0.1 - - [17/Mar/2015:04:58:12 -0400] "GET /opensso/namingservice HTTP/1.1" 200 7 "-" "Java/1.5.0_21" 220 183
127.0.0.1 - - [17/Mar/2015:04:58:13 -0400] "GET /opensso/namingservice HTTP/1.1" 200 7 "-" "Java/1.5.0_21" 220 183
127.0.0.1 - - [17/Mar/2015:04:58:42 -0400] "GET /opensso/namingservice HTTP/1.1" 200 7 "-" "Java/1.5.0_21" 220 183
127.0.0.1 - - [17/Mar/2015:04:58:43 -0400] "GET /opensso/namingservice HTTP/1.1" 200 7 "-" "Java/1.5.0_21" 220 183
127.0.0.1 - - [17/Mar/2015:04:59:12 -0400] "GET /opensso/namingservice HTTP/1.1" 200 7 "-" "Java/1.5.0_21" 220 183
127.0.0.1 - - [17/Mar/2015:04:59:13 -0400] "GET /opensso/namingservice HTTP/1.1" 200 7 "-" "Java/1.5.0_21" 220 183
123.125.71.41 - - [17/Mar/2015:04:59:35 -0400] "GET / HTTP/1.1" 302 237 "-" "Mozilla/5.0 (Windows NT 5.1; rv:6.0.2) Gecko/20100101 Firefox/6.0.2" 179 506
127.0.0.1 - - [17/Mar/2015:04:59:42 -0400] "GET /opensso/namingservice HTTP/1.1" 200 7 "-" "Java/1.5.0_21" 220 183
127.0.0.1 - - [17/Mar/2015:04:59:43 -0400] "GET /opensso/namingservice HTTP/1.1" 200 7 "-" "Java/1.5.0_21" 220 183
123.125.71.30 - - [17/Mar/2015:05:00:07 -0400] "GET /LMMPUI/LMMP_CLIENT/LMMP.html HTTP/1.1" 200 8973 "-" "Mozilla/5.0 (Windows NT 5.1; rv:6.0.2) Gecko/20100101 Firefox/6.0.2" 207 9266
127.0.0.1 - - [17/Mar/2015:05:00:12 -0400] "GET /opensso/namingservice HTTP/1.1" 200 7 "-" "Java/1.5.0_21" 220 183
127.0.0.1 - - [17/Mar/2015:05:00:13 -0400] "GET /opensso/namingservice HTTP/1.1" 200 7 "-" "Java/1.5.0_21" 220 183
66.249.64.10 - - [17/Mar/2015:05:00:15 -0400] "GET /robots.txt HTTP/1.1" 404 208 "-" "Mozilla/5.0 (compatible; Googlebot/2.1; +http://www.google.com/bot.html)" 258 453
66.249.64.6 - - [17/Mar/2015:05:00:15 -0400] "GET /olyblog/event/2008/07/26/list/all/system/files/SOUL+FOOD+SECRET+CAFE.pdf HTTP/1.1" 404 270 "-" "Googlebot/2.1 (+http://www.google.com/bot.html)" 278 515
66.249.64.146 - - [17/Mar/2015:05:00:38 -0400] "GET /redmine/projects/lmmpwiki/activity?from=1951-12-16 HTTP/1.1" 200 4829 "-" "Mozilla/5.0 (compatible; Googlebot/2.1; +http://www.google.com/bot.html)" 714 9480
127.0.0.1 - - [17/Mar/2015:05:00:42 -0400] "GET /opensso/namingservice HTTP/1.1" 200 7 "-" "Java/1.5.0_21" 220 183
127.0.0.1 - - [17/Mar/2015:05:00:43 -0400] "GET /opensso/namingservice HTTP/1.1" 200 7 "-" "Java/1.5.0_21" 220 183
137.78.207.218 - - [17/Mar/2015:05:01:01 -0400] "HEAD /LMMPUI/LMMP_CLIENT/LMMP.html HTTP/1.1" 200 - "-" "curl/7.38.0" 110 274
127.0.0.1 - - [17/Mar/2015:05:01:12 -0400] "GET /opensso/namingservice HTTP/1.1" 200 7 "-" "Java/1.5.0_21" 220 183
127.0.0.1 - - [17/Mar/2015:05:01:13 -0400] "GET /opensso/namingservice HTTP/1.1" 200 7 "-" "Java/1.5.0_21" 220 183
220.181.108.155 - - [17/Mar/2015:05:01:34 -0400] "GET / HTTP/1.1" 302 237 "-" "Mozilla/5.0 (Windows NT 5.1; rv:6.0.2) Gecko/20100101 Firefox/6.0.2" 179 506
127.0.0.1 - - [17/Mar/2015:05:01:42 -0400] "GET /opensso/namingservice HTTP/1.1" 200 7 "-" "Java/1.5.0_21" 220 183
127.0.0.1 - - [17/Mar/2015:05:01:43 -0400] "GET /opensso/namingservice HTTP/1.1" 200 7 "-" "Java/1.5.0_21" 220 183
220.181.108.152 - - [17/Mar/2015:05:02:01 -0400] "GET /LMMPUI/LMMP_CLIENT/LMMP.html HTTP/1.1" 200 8973 "-" "Mozilla/5.0 (Windows NT 5.1; rv:6.0.2) Gecko/20100101 Firefox/6.0.2" 207 9266
127.0.0.1 - - [17/Mar/2015:05:02:12 -0400] "GET /opensso/namingservice HTTP/1.1" 200 7 "-" "Java/1.5.0_21" 220 183
127.0.0.1 - - [17/Mar/2015:05:02:13 -0400] "GET /opensso/namingservice HTTP/1.1" 200 7 "-" "Java/1.5.0_21" 220 183
127.0.0.1 - - [17/Mar/2015:05:02:42 -0400] "GET /opensso/namingservice HTTP/1.1" 200 7 "-" "Java/1.5.0_21" 220 183
127.0.0.1 - - [17/Mar/2015:05:02:43 -0400] "GET /opensso/namingservice HTTP/1.1" 200 7 "-" "Java/1.5.0_21" 220 183
127.0.0.1 - - [17/Mar/2015:05:03:12 -0400] "GET /opensso/namingservice HTTP/1.1" 200 7 "-" "Java/1.5.0_21" 220 183
127.0.0.1 - - [17/Mar/2015:05:03:13 -0400] "GET /opensso/namingservice HTTP/1.1" 200 7 "-" "Java/1.5.0_21" 220 183
127.0.0.1 - - [17/Mar/2015:05:03:42 -0400] "GET /opensso/namingservice HTTP/1.1" 200 7 "-" "Java/1.5.0_21" 220 183
127.0.0.1 - - [17/Mar/2015:05:03:43 -0400] "GET /opensso/namingservice HTTP/1.1" 200 7 "-" "Java/1.5.0_21" 220 183
127.0.0.1 - - [17/Mar/2015:05:04:12 -0400] "GET /opensso/namingservice HTTP/1.1" 200 7 "-" "Java/1.5.0_21" 220 183
127.0.0.1 - - [17/Mar/2015:05:04:13 -0400] "GET /opensso/namingservice HTTP/1.1" 200 7 "-" "Java/1.5.0_21" 220 183
66.249.64.136 - - [17/Mar/2015:05:04:26 -0400] "GET /redmine/projects/lmmpwiki/activity?from=1903-08-07&show_news=1 HTTP/1.1" 200 4917 "-" "Mozilla/5.0 (compatible; Googlebot/2.1; +http://www.google.com/bot.html)" 353 5479
127.0.0.1 - - [17/Mar/2015:05:04:42 -0400] "GET /opensso/namingservice HTTP/1.1" 200 7 "-" "Java/1.5.0_21" 220 183
127.0.0.1 - - [17/Mar/2015:05:04:43 -0400] "GET /opensso/namingservice HTTP/1.1" 200 7 "-" "Java/1.5.0_21" 220 183
127.0.0.1 - - [17/Mar/2015:05:05:12 -0400] "GET /opensso/namingservice HTTP/1.1" 200 7 "-" "Java/1.5.0_21" 220 183
127.0.0.1 - - [17/Mar/2015:05:05:13 -0400] "GET /opensso/namingservice HTTP/1.1" 200 7 "-" "Java/1.5.0_21" 220 183
127.0.0.1 - - [17/Mar/2015:05:05:42 -0400] "GET /opensso/namingservice HTTP/1.1" 200 7 "-" "Java/1.5.0_21" 220 183
127.0.0.1 - - [17/Mar/2015:05:05:43 -0400] "GET /opensso/namingservice HTTP/1.1" 200 7 "-" "Java/1.5.0_21" 220 183
137.78.207.218 - - [17/Mar/2015:05:06:01 -0400] "HEAD /LMMPUI/LMMP_CLIENT/LMMP.html HTTP/1.1" 200 - "-" "curl/7.38.0" 110 274
127.0.0.1 - - [17/Mar/2015:05:06:12 -0400] "GET /opensso/namingservice HTTP/1.1" 200 7 "-" "Java/1.5.0_21" 220 183
127.0.0.1 - - [17/Mar/2015:05:06:13 -0400] "GET /opensso/namingservice HTTP/1.1" 200 7 "-" "Java/1.5.0_21" 220 183
127.0.0.1 - - [17/Mar/2015:05:06:42 -0400] "GET /opensso/namingservice HTTP/1.1" 200 7 "-" "Java/1.5.0_21" 220 183
127.0.0.1 - - [17/Mar/2015:05:06:43 -0400] "GET /opensso/namingservice HTTP/1.1" 200 7 "-" "Java/1.5.0_21" 220 183
64.229.131.226 - - [17/Mar/2015:05:06:44 -0400] "GET /LMMPUI/LMMP_CLIENT/LMMP.html HTTP/1.1" 200 8973 "https://www.coursera.org" "python-requests/2.3.0 CPython/2.7.6 Windows/7" 285 9247
127.0.0.1 - - [17/Mar/2015:05:07:12 -0400] "GET /opensso/namingservice HTTP/1.1" 200 7 "-" "Java/1.5.0_21" 220 183
127.0.0.1 - - [17/Mar/2015:05:07:13 -0400] "GET /opensso/namingservice HTTP/1.1" 200 7 "-" "Java/1.5.0_21" 220 183
180.76.4.143 - - [17/Mar/2015:05:07:23 -0400] "GET / HTTP/1.1" 302 237 "-" "Mozilla/4.0 (compatible; MSIE 7.0; Windows NT 6.0)" 150 506
127.0.0.1 - - [17/Mar/2015:05:07:42 -0400] "GET /opensso/namingservice HTTP/1.1" 200 7 "-" "Java/1.5.0_21" 220 183
127.0.0.1 - - [17/Mar/2015:05:07:43 -0400] "GET /opensso/namingservice HTTP/1.1" 200 7 "-" "Java/1.5.0_21" 220 183
127.0.0.1 - - [17/Mar/2015:05:08:12 -0400] "GET /opensso/namingservice HTTP/1.1" 200 7 "-" "Java/1.5.0_21" 220 183
127.0.0.1 - - [17/Mar/2015:05:08:13 -0400] "GET /opensso/namingservice HTTP/1.1" 200 7 "-" "Java/1.5.0_21" 220 183
66.249.64.132 - - [17/Mar/2015:05:08:13 -0400] "GET /redmine/projects/lmmpwiki/activity?from=1959-11-21 HTTP/1.1" 200 4829 "-" "Mozilla/5.0 (compatible; Googlebot/2.1; +http://www.google.com/bot.html)" 341 5391
127.0.0.1 - - [17/Mar/2015:05:08:42 -0400] "GET /opensso/namingservice HTTP/1.1" 200 7 "-" "Java/1.5.0_21" 220 183
127.0.0.1 - - [17/Mar/2015:05:08:43 -0400] "GET /opensso/namingservice HTTP/1.1" 200 7 "-" "Java/1.5.0_21" 220 183
127.0.0.1 - - [17/Mar/2015:05:09:12 -0400] "GET /opensso/namingservice HTTP/1.1" 200 7 "-" "Java/1.5.0_21" 220 183
127.0.0.1 - - [17/Mar/2015:05:09:13 -0400] "GET /opensso/namingservice HTTP/1.1" 200 7 "-" "Java/1.5.0_21" 220 183
127.0.0.1 - - [17/Mar/2015:05:09:42 -0400] "GET /opensso/namingservice HTTP/1.1" 200 7 "-" "Java/1.5.0_21" 220 183
127.0.0.1 - - [17/Mar/2015:05:09:43 -0400] "GET /opensso/namingservice HTTP/1.1" 200 7 "-" "Java/1.5.0_21" 220 183
127.0.0.1 - - [17/Mar/2015:05:10:12 -0400] "GET /opensso/namingservice HTTP/1.1" 200 7 "-" "Java/1.5.0_21" 220 183
127.0.0.1 - - [17/Mar/2015:05:10:13 -0400] "GET /opensso/namingservice HTTP/1.1" 200 7 "-" "Java/1.5.0_21" 220 183
66.249.64.138 - - [17/Mar/2015:05:10:26 -0400] "GET /redmine/issues/gantt?month=3&months=6&year=1620&zoom=4 HTTP/1.1" 200 51479 "-" "Mozilla/5.0 (compatible; Googlebot/2.1; +http://www.google.com/bot.html)" 718 56407
127.0.0.1 - - [17/Mar/2015:05:10:42 -0400] "GET /opensso/namingservice HTTP/1.1" 200 7 "-" "Java/1.5.0_21" 220 183
127.0.0.1 - - [17/Mar/2015:05:10:43 -0400] "GET /opensso/namingservice HTTP/1.1" 200 7 "-" "Java/1.5.0_21" 220 183
137.78.207.218 - - [17/Mar/2015:05:11:01 -0400] "HEAD /LMMPUI/LMMP_CLIENT/LMMP.html HTTP/1.1" 200 - "-" "curl/7.38.0" 110 274
127.0.0.1 - - [17/Mar/2015:05:11:12 -0400] "GET /opensso/namingservice HTTP/1.1" 200 7 "-" "Java/1.5.0_21" 220 183
127.0.0.1 - - [17/Mar/2015:05:11:13 -0400] "GET /opensso/namingservice HTTP/1.1" 200 7 "-" "Java/1.5.0_21" 220 183
127.0.0.1 - - [17/Mar/2015:05:11:42 -0400] "GET /opensso/namingservice HTTP/1.1" 200 7 "-" "Java/1.5.0_21" 220 183
127.0.0.1 - - [17/Mar/2015:05:11:43 -0400] "GET /opensso/namingservice HTTP/1.1" 200 7 "-" "Java/1.5.0_21" 220 183
66.249.64.140 - - [17/Mar/2015:05:12:00 -0400] "GET /redmine/projects/lmmpwiki/activity?from=1934-02-11&show_news=1 HTTP/1.1" 200 4917 "-" "Mozilla/5.0 (compatible; Googlebot/2.1; +http://www.google.com/bot.html)" 353 5479
127.0.0.1 - - [17/Mar/2015:05:12:12 -0400] "GET /opensso/namingservice HTTP/1.1" 200 7 "-" "Java/1.5.0_21" 220 183
127.0.0.1 - - [17/Mar/2015:05:12:13 -0400] "GET /opensso/namingservice HTTP/1.1" 200 7 "-" "Java/1.5.0_21" 220 183
127.0.0.1 - - [17/Mar/2015:05:12:42 -0400] "GET /opensso/namingservice HTTP/1.1" 200 7 "-" "Java/1.5.0_21" 220 183
127.0.0.1 - - [17/Mar/2015:05:12:43 -0400] "GET /opensso/namingservice HTTP/1.1" 200 7 "-" "Java/1.5.0_21" 220 183
127.0.0.1 - - [17/Mar/2015:05:13:12 -0400] "GET /opensso/namingservice HTTP/1.1" 200 7 "-" "Java/1.5.0_21" 220 183
127.0.0.1 - - [17/Mar/2015:05:13:13 -0400] "GET /opensso/namingservice HTTP/1.1" 200 7 "-" "Java/1.5.0_21" 220 183
127.0.0.1 - - [17/Mar/2015:05:13:42 -0400] "GET /opensso/namingservice HTTP/1.1" 200 7 "-" "Java/1.5.0_21" 220 183
127.0.0.1 - - [17/Mar/2015:05:13:43 -0400] "GET /opensso/namingservice HTTP/1.1" 200 7 "-" "Java/1.5.0_21" 220 183
127.0.0.1 - - [17/Mar/2015:05:14:12 -0400] "GET /opensso/namingservice HTTP/1.1" 200 7 "-" "Java/1.5.0_21" 220 183
127.0.0.1 - - [17/Mar/2015:05:14:13 -0400] "GET /opensso/namingservice HTTP/1.1" 200 7 "-" "Java/1.5.0_21" 220 183
127.0.0.1 - - [17/Mar/2015:05:14:42 -0400] "GET /opensso/namingservice HTTP/1.1" 200 7 "-" "Java/1.5.0_21" 220 183
127.0.0.1 - - [17/Mar/2015:05:14:43 -0400] "GET /opensso/namingservice HTTP/1.1" 200 7 "-" "Java/1.5.0_21" 220 183
127.0.0.1 - - [17/Mar/2015:05:15:12 -0400] "GET /opensso/namingservice HTTP/1.1" 200 7 "-" "Java/1.5.0_21" 220 183
127.0.0.1 - - [17/Mar/2015:05:15:13 -0400] "GET /opensso/namingservice HTTP/1.1" 200 7 "-" "Java/1.5.0_21" 220 183
127.0.0.1 - - [17/Mar/2015:05:15:42 -0400] "GET /opensso/namingservice HTTP/1.1" 200 7 "-" "Java/1.5.0_21" 220 183
127.0.0.1 - - [17/Mar/2015:05:15:43 -0400] "GET /opensso/namingservice HTTP/1.1" 200 7 "-" "Java/1.5.0_21" 220 183
66.249.64.138 - - [17/Mar/2015:05:15:48 -0400] "GET /redmine/projects/lmmpwiki/activity?from=1867-01-26 HTTP/1.1" 200 4829 "-" "Mozilla/5.0 (compatible; Googlebot/2.1; +http://www.google.com/bot.html)" 714 9480
137.78.207.218 - - [17/Mar/2015:05:16:01 -0400] "HEAD /LMMPUI/LMMP_CLIENT/LMMP.html HTTP/1.1" 200 - "-" "curl/7.38.0" 110 274
127.0.0.1 - - [17/Mar/2015:05:16:12 -0400] "GET /opensso/namingservice HTTP/1.1" 200 7 "-" "Java/1.5.0_21" 220 183
127.0.0.1 - - [17/Mar/2015:05:16:13 -0400] "POST /opensso/sessionservice HTTP/1.1" 200 2023 "-" "Java/1.5.0_21" 712 2201
127.0.0.1 - - [17/Mar/2015:05:16:13 -0400] "GET /opensso/identity//xml/read?name=TomcatApps3&attributes_names=realm&attributes_values_realm=%2Fappspub&attributes_names=objecttype&attributes_values_objecttype=Agent&admin=AQIC5wM2LY4Sfcwfuin4GF3PcpsYz2%2Bb0KEYXSwMUvZPjqA%3D%40AAJTSQACMDE%3D%23 HTTP/1.1" 200 13732 "-" "Java/1.5.0_21" 442 13916
127.0.0.1 - - [17/Mar/2015:05:16:13 -0400] "GET /opensso/namingservice HTTP/1.1" 200 7 "-" "Java/1.5.0_21" 220 182
127.0.0.1 - - [17/Mar/2015:05:16:42 -0400] "GET /opensso/namingservice HTTP/1.1" 200 7 "-" "Java/1.5.0_21" 220 183
127.0.0.1 - - [17/Mar/2015:05:16:43 -0400] "GET /opensso/namingservice HTTP/1.1" 200 7 "-" "Java/1.5.0_21" 220 183
127.0.0.1 - - [17/Mar/2015:05:17:12 -0400] "GET /opensso/namingservice HTTP/1.1" 200 7 "-" "Java/1.5.0_21" 220 183
127.0.0.1 - - [17/Mar/2015:05:17:13 -0400] "GET /opensso/namingservice HTTP/1.1" 200 7 "-" "Java/1.5.0_21" 220 183
127.0.0.1 - - [17/Mar/2015:05:17:42 -0400] "GET /opensso/namingservice HTTP/1.1" 200 7 "-" "Java/1.5.0_21" 220 183
127.0.0.1 - - [17/Mar/2015:05:17:43 -0400] "GET /opensso/namingservice HTTP/1.1" 200 7 "-" "Java/1.5.0_21" 220 183
127.0.0.1 - - [17/Mar/2015:05:18:12 -0400] "GET /opensso/namingservice HTTP/1.1" 200 7 "-" "Java/1.5.0_21" 220 183
127.0.0.1 - - [17/Mar/2015:05:18:13 -0400] "GET /opensso/namingservice HTTP/1.1" 200 7 "-" "Java/1.5.0_21" 220 183
127.0.0.1 - - [17/Mar/2015:05:18:42 -0400] "GET /opensso/namingservice HTTP/1.1" 200 7 "-" "Java/1.5.0_21" 220 183
127.0.0.1 - - [17/Mar/2015:05:18:43 -0400] "GET /opensso/namingservice HTTP/1.1" 200 7 "-" "Java/1.5.0_21" 220 183
127.0.0.1 - - [17/Mar/2015:05:19:12 -0400] "GET /opensso/namingservice HTTP/1.1" 200 7 "-" "Java/1.5.0_21" 220 183
127.0.0.1 - - [17/Mar/2015:05:19:13 -0400] "GET /opensso/namingservice HTTP/1.1" 200 7 "-" "Java/1.5.0_21" 220 183
66.249.64.136 - - [17/Mar/2015:05:19:35 -0400] "GET /redmine/projects/lmmpwiki/activity?from=1957-08-26&show_news=1 HTTP/1.1" 200 4917 "-" "Mozilla/5.0 (compatible; Googlebot/2.1; +http://www.google.com/bot.html)" 353 5479
127.0.0.1 - - [17/Mar/2015:05:19:42 -0400] "GET /opensso/namingservice HTTP/1.1" 200 7 "-" "Java/1.5.0_21" 220 183
127.0.0.1 - - [17/Mar/2015:05:19:43 -0400] "GET /opensso/namingservice HTTP/1.1" 200 7 "-" "Java/1.5.0_21" 220 183
127.0.0.1 - - [17/Mar/2015:05:20:12 -0400] "GET /opensso/namingservice HTTP/1.1" 200 7 "-" "Java/1.5.0_21" 220 183
127.0.0.1 - - [17/Mar/2015:05:20:13 -0400] "GET /opensso/namingservice HTTP/1.1" 200 7 "-" "Java/1.5.0_21" 220 183
127.0.0.1 - - [17/Mar/2015:05:20:42 -0400] "GET /opensso/namingservice HTTP/1.1" 200 7 "-" "Java/1.5.0_21" 220 183
127.0.0.1 - - [17/Mar/2015:05:20:43 -0400] "GET /opensso/namingservice HTTP/1.1" 200 7 "-" "Java/1.5.0_21" 220 183
137.78.207.218 - - [17/Mar/2015:05:21:01 -0400] "HEAD /LMMPUI/LMMP_CLIENT/LMMP.html HTTP/1.1" 200 - "-" "curl/7.38.0" 110 274
127.0.0.1 - - [17/Mar/2015:05:21:12 -0400] "GET /opensso/namingservice HTTP/1.1" 200 7 "-" "Java/1.5.0_21" 220 183
127.0.0.1 - - [17/Mar/2015:05:21:13 -0400] "GET /opensso/namingservice HTTP/1.1" 200 7 "-" "Java/1.5.0_21" 220 183
127.0.0.1 - - [17/Mar/2015:05:21:42 -0400] "GET /opensso/namingservice HTTP/1.1" 200 7 "-" "Java/1.5.0_21" 220 183
127.0.0.1 - - [17/Mar/2015:05:21:43 -0400] "GET /opensso/namingservice HTTP/1.1" 200 7 "-" "Java/1.5.0_21" 220 183
127.0.0.1 - - [17/Mar/2015:05:22:12 -0400] "GET /opensso/namingservice HTTP/1.1" 200 7 "-" "Java/1.5.0_21" 220 183
127.0.0.1 - - [17/Mar/2015:05:22:13 -0400] "GET /opensso/namingservice HTTP/1.1" 200 7 "-" "Java/1.5.0_21" 220 183
127.0.0.1 - - [17/Mar/2015:05:22:42 -0400] "GET /opensso/namingservice HTTP/1.1" 200 7 "-" "Java/1.5.0_21" 220 183
127.0.0.1 - - [17/Mar/2015:05:22:43 -0400] "GET /opensso/namingservice HTTP/1.1" 200 7 "-" "Java/1.5.0_21" 220 183
127.0.0.1 - - [17/Mar/2015:05:23:12 -0400] "GET /opensso/namingservice HTTP/1.1" 200 7 "-" "Java/1.5.0_21" 220 183
127.0.0.1 - - [17/Mar/2015:05:23:13 -0400] "GET /opensso/namingservice HTTP/1.1" 200 7 "-" "Java/1.5.0_21" 220 183
66.249.64.132 - - [17/Mar/2015:05:23:23 -0400] "GET /redmine/projects/lmmpwiki/activity?from=1905-07-10 HTTP/1.1" 200 4829 "-" "Mozilla/5.0 (compatible; Googlebot/2.1; +http://www.google.com/bot.html)" 341 5392
127.0.0.1 - - [17/Mar/2015:05:23:42 -0400] "GET /opensso/namingservice HTTP/1.1" 200 7 "-" "Java/1.5.0_21" 220 183
127.0.0.1 - - [17/Mar/2015:05:23:43 -0400] "GET /opensso/namingservice HTTP/1.1" 200 7 "-" "Java/1.5.0_21" 220 183
127.0.0.1 - - [17/Mar/2015:05:24:12 -0400] "GET /opensso/namingservice HTTP/1.1" 200 7 "-" "Java/1.5.0_21" 220 183
127.0.0.1 - - [17/Mar/2015:05:24:13 -0400] "GET /opensso/namingservice HTTP/1.1" 200 7 "-" "Java/1.5.0_21" 220 183
127.0.0.1 - - [17/Mar/2015:05:24:42 -0400] "POST /opensso/sessionservice HTTP/1.1" 200 2023 "-" "Java/1.5.0_21" 712 2201
127.0.0.1 - - [17/Mar/2015:05:24:42 -0400] "GET /opensso/identity//xml/read?name=TomcatApps1&attributes_names=realm&attributes_values_realm=%2Fappspub&attributes_names=objecttype&attributes_values_objecttype=Agent&admin=AQIC5wM2LY4SfcyRautyD4RKpwbzv6XrE24fIq8LDPQGnm0%3D%40AAJTSQACMDE%3D%23 HTTP/1.1" 200 13607 "-" "Java/1.5.0_21" 440 13791
127.0.0.1 - - [17/Mar/2015:05:24:42 -0400] "GET /opensso/namingservice HTTP/1.1" 200 7 "-" "Java/1.5.0_21" 220 182
127.0.0.1 - - [17/Mar/2015:05:24:43 -0400] "GET /opensso/namingservice HTTP/1.1" 200 7 "-" "Java/1.5.0_21" 220 183
127.0.0.1 - - [17/Mar/2015:05:25:12 -0400] "GET /opensso/namingservice HTTP/1.1" 200 7 "-" "Java/1.5.0_21" 220 183
127.0.0.1 - - [17/Mar/2015:05:25:13 -0400] "GET /opensso/namingservice HTTP/1.1" 200 7 "-" "Java/1.5.0_21" 220 183
127.0.0.1 - - [17/Mar/2015:05:25:42 -0400] "GET /opensso/namingservice HTTP/1.1" 200 7 "-" "Java/1.5.0_21" 220 183
127.0.0.1 - - [17/Mar/2015:05:25:43 -0400] "GET /opensso/namingservice HTTP/1.1" 200 7 "-" "Java/1.5.0_21" 220 183
137.78.207.218 - - [17/Mar/2015:05:26:01 -0400] "HEAD /LMMPUI/LMMP_CLIENT/LMMP.html HTTP/1.1" 200 - "-" "curl/7.38.0" 110 274
127.0.0.1 - - [17/Mar/2015:05:26:12 -0400] "GET /opensso/namingservice HTTP/1.1" 200 7 "-" "Java/1.5.0_21" 220 183
127.0.0.1 - - [17/Mar/2015:05:26:13 -0400] "GET /opensso/namingservice HTTP/1.1" 200 7 "-" "Java/1.5.0_21" 220 183
127.0.0.1 - - [17/Mar/2015:05:26:42 -0400] "GET /opensso/namingservice HTTP/1.1" 200 7 "-" "Java/1.5.0_21" 220 183
127.0.0.1 - - [17/Mar/2015:05:26:43 -0400] "GET /opensso/namingservice HTTP/1.1" 200 7 "-" "Java/1.5.0_21" 220 183
66.249.64.132 - - [17/Mar/2015:05:27:10 -0400] "GET /redmine/projects/lmmpwiki/activity?from=1882-06-03 HTTP/1.1" 200 4829 "-" "Mozilla/5.0 (compatible; Googlebot/2.1; +http://www.google.com/bot.html)" 341 5391
127.0.0.1 - - [17/Mar/2015:05:27:12 -0400] "GET /opensso/namingservice HTTP/1.1" 200 7 "-" "Java/1.5.0_21" 220 183
127.0.0.1 - - [17/Mar/2015:05:27:13 -0400] "GET /opensso/namingservice HTTP/1.1" 200 7 "-" "Java/1.5.0_21" 220 183
127.0.0.1 - - [17/Mar/2015:05:27:42 -0400] "GET /opensso/namingservice HTTP/1.1" 200 7 "-" "Java/1.5.0_21" 220 183
127.0.0.1 - - [17/Mar/2015:05:27:43 -0400] "GET /opensso/namingservice HTTP/1.1" 200 7 "-" "Java/1.5.0_21" 220 183
127.0.0.1 - - [17/Mar/2015:05:28:12 -0400] "GET /opensso/namingservice HTTP/1.1" 200 7 "-" "Java/1.5.0_21" 220 183
127.0.0.1 - - [17/Mar/2015:05:28:13 -0400] "GET /opensso/namingservice HTTP/1.1" 200 7 "-" "Java/1.5.0_21" 220 183
127.0.0.1 - - [17/Mar/2015:05:28:42 -0400] "GET /opensso/namingservice HTTP/1.1" 200 7 "-" "Java/1.5.0_21" 220 183
127.0.0.1 - - [17/Mar/2015:05:28:43 -0400] "GET /opensso/namingservice HTTP/1.1" 200 7 "-" "Java/1.5.0_21" 220 183
127.0.0.1 - - [17/Mar/2015:05:29:12 -0400] "GET /opensso/namingservice HTTP/1.1" 200 7 "-" "Java/1.5.0_21" 220 183
127.0.0.1 - - [17/Mar/2015:05:29:13 -0400] "GET /opensso/namingservice HTTP/1.1" 200 7 "-" "Java/1.5.0_21" 220 183
127.0.0.1 - - [17/Mar/2015:05:29:42 -0400] "GET /opensso/namingservice HTTP/1.1" 200 7 "-" "Java/1.5.0_21" 220 183
127.0.0.1 - - [17/Mar/2015:05:29:43 -0400] "GET /opensso/namingservice HTTP/1.1" 200 7 "-" "Java/1.5.0_21" 220 183
127.0.0.1 - - [17/Mar/2015:05:30:12 -0400] "GET /opensso/namingservice HTTP/1.1" 200 7 "-" "Java/1.5.0_21" 220 183
127.0.0.1 - - [17/Mar/2015:05:30:13 -0400] "GET /opensso/namingservice HTTP/1.1" 200 7 "-" "Java/1.5.0_21" 220 183
127.0.0.1 - - [17/Mar/2015:05:30:42 -0400] "GET /opensso/namingservice HTTP/1.1" 200 7 "-" "Java/1.5.0_21" 220 183
127.0.0.1 - - [17/Mar/2015:05:30:43 -0400] "GET /opensso/namingservice HTTP/1.1" 200 7 "-" "Java/1.5.0_21" 220 183
66.249.64.146 - - [17/Mar/2015:05:30:57 -0400] "GET /redmine/projects/lmmpwiki/activity?from=1941-07-27 HTTP/1.1" 200 4829 "-" "Mozilla/5.0 (compatible; Googlebot/2.1; +http://www.google.com/bot.html)" 714 9480
137.78.207.218 - - [17/Mar/2015:05:31:01 -0400] "HEAD /LMMPUI/LMMP_CLIENT/LMMP.html HTTP/1.1" 200 - "-" "curl/7.38.0" 110 274
127.0.0.1 - - [17/Mar/2015:05:31:12 -0400] "GET /opensso/namingservice HTTP/1.1" 200 7 "-" "Java/1.5.0_21" 220 183
127.0.0.1 - - [17/Mar/2015:05:31:13 -0400] "GET /opensso/namingservice HTTP/1.1" 200 7 "-" "Java/1.5.0_21" 220 183
127.0.0.1 - - [17/Mar/2015:05:31:42 -0400] "GET /opensso/namingservice HTTP/1.1" 200 7 "-" "Java/1.5.0_21" 220 183
127.0.0.1 - - [17/Mar/2015:05:31:43 -0400] "GET /opensso/namingservice HTTP/1.1" 200 7 "-" "Java/1.5.0_21" 220 183
127.0.0.1 - - [17/Mar/2015:05:32:12 -0400] "GET /opensso/namingservice HTTP/1.1" 200 7 "-" "Java/1.5.0_21" 220 183
127.0.0.1 - - [17/Mar/2015:05:32:13 -0400] "GET /opensso/namingservice HTTP/1.1" 200 7 "-" "Java/1.5.0_21" 220 183
127.0.0.1 - - [17/Mar/2015:05:32:42 -0400] "GET /opensso/namingservice HTTP/1.1" 200 7 "-" "Java/1.5.0_21" 220 183
127.0.0.1 - - [17/Mar/2015:05:32:43 -0400] "GET /opensso/namingservice HTTP/1.1" 200 7 "-" "Java/1.5.0_21" 220 183
127.0.0.1 - - [17/Mar/2015:05:33:12 -0400] "GET /opensso/namingservice HTTP/1.1" 200 7 "-" "Java/1.5.0_21" 220 183
127.0.0.1 - - [17/Mar/2015:05:33:13 -0400] "GET /opensso/namingservice HTTP/1.1" 200 7 "-" "Java/1.5.0_21" 220 183
127.0.0.1 - - [17/Mar/2015:05:33:42 -0400] "GET /opensso/namingservice HTTP/1.1" 200 7 "-" "Java/1.5.0_21" 220 183
127.0.0.1 - - [17/Mar/2015:05:33:43 -0400] "GET /opensso/namingservice HTTP/1.1" 200 7 "-" "Java/1.5.0_21" 220 183
127.0.0.1 - - [17/Mar/2015:05:34:12 -0400] "GET /opensso/namingservice HTTP/1.1" 200 7 "-" "Java/1.5.0_21" 220 183
127.0.0.1 - - [17/Mar/2015:05:34:13 -0400] "GET /opensso/namingservice HTTP/1.1" 200 7 "-" "Java/1.5.0_21" 220 183
127.0.0.1 - - [17/Mar/2015:05:34:42 -0400] "GET /opensso/namingservice HTTP/1.1" 200 7 "-" "Java/1.5.0_21" 220 183
127.0.0.1 - - [17/Mar/2015:05:34:43 -0400] "GET /opensso/namingservice HTTP/1.1" 200 7 "-" "Java/1.5.0_21" 220 183
66.249.64.132 - - [17/Mar/2015:05:34:44 -0400] "GET /redmine/projects/lmmpwiki/activity?from=1879-12-26&show_news=1 HTTP/1.1" 200 4917 "-" "Mozilla/5.0 (compatible; Googlebot/2.1; +http://www.google.com/bot.html)" 353 5479
127.0.0.1 - - [17/Mar/2015:05:35:12 -0400] "GET /opensso/namingservice HTTP/1.1" 200 7 "-" "Java/1.5.0_21" 220 183
127.0.0.1 - - [17/Mar/2015:05:35:13 -0400] "GET /opensso/namingservice HTTP/1.1" 200 7 "-" "Java/1.5.0_21" 220 183
127.0.0.1 - - [17/Mar/2015:05:35:42 -0400] "GET /opensso/namingservice HTTP/1.1" 200 7 "-" "Java/1.5.0_21" 220 183
127.0.0.1 - - [17/Mar/2015:05:35:43 -0400] "GET /opensso/namingservice HTTP/1.1" 200 7 "-" "Java/1.5.0_21" 220 183
137.78.207.218 - - [17/Mar/2015:05:36:01 -0400] "HEAD /LMMPUI/LMMP_CLIENT/LMMP.html HTTP/1.1" 200 - "-" "curl/7.38.0" 110 274
127.0.0.1 - - [17/Mar/2015:05:36:12 -0400] "GET /opensso/namingservice HTTP/1.1" 200 7 "-" "Java/1.5.0_21" 220 183
127.0.0.1 - - [17/Mar/2015:05:36:13 -0400] "GET /opensso/namingservice HTTP/1.1" 200 7 "-" "Java/1.5.0_21" 220 183
127.0.0.1 - - [17/Mar/2015:05:36:42 -0400] "GET /opensso/namingservice HTTP/1.1" 200 7 "-" "Java/1.5.0_21" 220 183
127.0.0.1 - - [17/Mar/2015:05:36:43 -0400] "GET /opensso/namingservice HTTP/1.1" 200 7 "-" "Java/1.5.0_21" 220 183
127.0.0.1 - - [17/Mar/2015:05:37:12 -0400] "GET /opensso/namingservice HTTP/1.1" 200 7 "-" "Java/1.5.0_21" 220 183
127.0.0.1 - - [17/Mar/2015:05:37:13 -0400] "GET /opensso/namingservice HTTP/1.1" 200 7 "-" "Java/1.5.0_21" 220 183
127.0.0.1 - - [17/Mar/2015:05:37:42 -0400] "GET /opensso/namingservice HTTP/1.1" 200 7 "-" "Java/1.5.0_21" 220 183
127.0.0.1 - - [17/Mar/2015:05:37:43 -0400] "GET /opensso/namingservice HTTP/1.1" 200 7 "-" "Java/1.5.0_21" 220 183
127.0.0.1 - - [17/Mar/2015:05:38:12 -0400] "GET /opensso/namingservice HTTP/1.1" 200 7 "-" "Java/1.5.0_21" 220 183
127.0.0.1 - - [17/Mar/2015:05:38:13 -0400] "GET /opensso/namingservice HTTP/1.1" 200 7 "-" "Java/1.5.0_21" 220 183
66.249.64.138 - - [17/Mar/2015:05:38:32 -0400] "GET /redmine/projects/lmmpwiki/activity?from=1961-06-21 HTTP/1.1" 200 4829 "-" "Mozilla/5.0 (compatible; Googlebot/2.1; +http://www.google.com/bot.html)" 714 9480
127.0.0.1 - - [17/Mar/2015:05:38:42 -0400] "GET /opensso/namingservice HTTP/1.1" 200 7 "-" "Java/1.5.0_21" 220 183
127.0.0.1 - - [17/Mar/2015:05:38:43 -0400] "GET /opensso/namingservice HTTP/1.1" 200 7 "-" "Java/1.5.0_21" 220 183
127.0.0.1 - - [17/Mar/2015:05:39:12 -0400] "GET /opensso/namingservice HTTP/1.1" 200 7 "-" "Java/1.5.0_21" 220 183
127.0.0.1 - - [17/Mar/2015:05:39:13 -0400] "GET /opensso/namingservice HTTP/1.1" 200 7 "-" "Java/1.5.0_21" 220 183
127.0.0.1 - - [17/Mar/2015:05:39:42 -0400] "GET /opensso/namingservice HTTP/1.1" 200 7 "-" "Java/1.5.0_21" 220 183
127.0.0.1 - - [17/Mar/2015:05:39:43 -0400] "GET /opensso/namingservice HTTP/1.1" 200 7 "-" "Java/1.5.0_21" 220 183
127.0.0.1 - - [17/Mar/2015:05:40:12 -0400] "GET /opensso/namingservice HTTP/1.1" 200 7 "-" "Java/1.5.0_21" 220 183
127.0.0.1 - - [17/Mar/2015:05:40:13 -0400] "GET /opensso/namingservice HTTP/1.1" 200 7 "-" "Java/1.5.0_21" 220 183
127.0.0.1 - - [17/Mar/2015:05:40:42 -0400] "GET /opensso/namingservice HTTP/1.1" 200 7 "-" "Java/1.5.0_21" 220 183
127.0.0.1 - - [17/Mar/2015:05:40:43 -0400] "GET /opensso/namingservice HTTP/1.1" 200 7 "-" "Java/1.5.0_21" 220 183
137.78.207.218 - - [17/Mar/2015:05:41:01 -0400] "HEAD /LMMPUI/LMMP_CLIENT/LMMP.html HTTP/1.1" 200 - "-" "curl/7.38.0" 110 274
127.0.0.1 - - [17/Mar/2015:05:41:12 -0400] "GET /opensso/namingservice HTTP/1.1" 200 7 "-" "Java/1.5.0_21" 220 183
127.0.0.1 - - [17/Mar/2015:05:41:13 -0400] "GET /opensso/namingservice HTTP/1.1" 200 7 "-" "Java/1.5.0_21" 220 183
127.0.0.1 - - [17/Mar/2015:05:41:42 -0400] "GET /opensso/namingservice HTTP/1.1" 200 7 "-" "Java/1.5.0_21" 220 183
127.0.0.1 - - [17/Mar/2015:05:41:43 -0400] "GET /opensso/namingservice HTTP/1.1" 200 7 "-" "Java/1.5.0_21" 220 183
127.0.0.1 - - [17/Mar/2015:05:42:12 -0400] "GET /opensso/namingservice HTTP/1.1" 200 7 "-" "Java/1.5.0_21" 220 183
127.0.0.1 - - [17/Mar/2015:05:42:13 -0400] "GET /opensso/namingservice HTTP/1.1" 200 7 "-" "Java/1.5.0_21" 220 183
66.249.64.140 - - [17/Mar/2015:05:42:19 -0400] "GET /redmine/projects/lmmpwiki/activity?from=1878-01-20&show_news=1 HTTP/1.1" 200 4917 "-" "Mozilla/5.0 (compatible; Googlebot/2.1; +http://www.google.com/bot.html)" 353 5480
127.0.0.1 - - [17/Mar/2015:05:42:42 -0400] "GET /opensso/namingservice HTTP/1.1" 200 7 "-" "Java/1.5.0_21" 220 183
127.0.0.1 - - [17/Mar/2015:05:42:43 -0400] "GET /opensso/namingservice HTTP/1.1" 200 7 "-" "Java/1.5.0_21" 220 183
127.0.0.1 - - [17/Mar/2015:05:43:12 -0400] "GET /opensso/namingservice HTTP/1.1" 200 7 "-" "Java/1.5.0_21" 220 183
127.0.0.1 - - [17/Mar/2015:05:43:13 -0400] "GET /opensso/namingservice HTTP/1.1" 200 7 "-" "Java/1.5.0_21" 220 183
127.0.0.1 - - [17/Mar/2015:05:43:42 -0400] "GET /opensso/namingservice HTTP/1.1" 200 7 "-" "Java/1.5.0_21" 220 183
127.0.0.1 - - [17/Mar/2015:05:43:43 -0400] "GET /opensso/namingservice HTTP/1.1" 200 7 "-" "Java/1.5.0_21" 220 183
127.0.0.1 - - [17/Mar/2015:05:44:12 -0400] "GET /opensso/namingservice HTTP/1.1" 200 7 "-" "Java/1.5.0_21" 220 183
127.0.0.1 - - [17/Mar/2015:05:44:13 -0400] "GET /opensso/namingservice HTTP/1.1" 200 7 "-" "Java/1.5.0_21" 220 183
127.0.0.1 - - [17/Mar/2015:05:44:42 -0400] "GET /opensso/namingservice HTTP/1.1" 200 7 "-" "Java/1.5.0_21" 220 183
127.0.0.1 - - [17/Mar/2015:05:44:43 -0400] "GET /opensso/namingservice HTTP/1.1" 200 7 "-" "Java/1.5.0_21" 220 183
127.0.0.1 - - [17/Mar/2015:05:45:12 -0400] "GET /opensso/namingservice HTTP/1.1" 200 7 "-" "Java/1.5.0_21" 220 183
127.0.0.1 - - [17/Mar/2015:05:45:13 -0400] "GET /opensso/namingservice HTTP/1.1" 200 7 "-" "Java/1.5.0_21" 220 183
127.0.0.1 - - [17/Mar/2015:05:45:42 -0400] "GET /opensso/namingservice HTTP/1.1" 200 7 "-" "Java/1.5.0_21" 220 183
127.0.0.1 - - [17/Mar/2015:05:45:43 -0400] "GET /opensso/namingservice HTTP/1.1" 200 7 "-" "Java/1.5.0_21" 220 183
137.78.207.218 - - [17/Mar/2015:05:46:01 -0400] "HEAD /LMMPUI/LMMP_CLIENT/LMMP.html HTTP/1.1" 200 - "-" "curl/7.38.0" 110 274
66.249.64.146 - - [17/Mar/2015:05:46:07 -0400] "GET /redmine/projects/lmmpwiki/activity?from=1903-04-26&show_news=1 HTTP/1.1" 200 4917 "-" "Mozilla/5.0 (compatible; Googlebot/2.1; +http://www.google.com/bot.html)" 726 9568
127.0.0.1 - - [17/Mar/2015:05:46:12 -0400] "GET /opensso/namingservice HTTP/1.1" 200 7 "-" "Java/1.5.0_21" 220 183
127.0.0.1 - - [17/Mar/2015:05:46:13 -0400] "GET /opensso/namingservice HTTP/1.1" 200 7 "-" "Java/1.5.0_21" 220 183
127.0.0.1 - - [17/Mar/2015:05:46:42 -0400] "GET /opensso/namingservice HTTP/1.1" 200 7 "-" "Java/1.5.0_21" 220 183
127.0.0.1 - - [17/Mar/2015:05:46:43 -0400] "GET /opensso/namingservice HTTP/1.1" 200 7 "-" "Java/1.5.0_21" 220 183
127.0.0.1 - - [17/Mar/2015:05:47:12 -0400] "GET /opensso/namingservice HTTP/1.1" 200 7 "-" "Java/1.5.0_21" 220 183
127.0.0.1 - - [17/Mar/2015:05:47:13 -0400] "GET /opensso/namingservice HTTP/1.1" 200 7 "-" "Java/1.5.0_21" 220 183
127.0.0.1 - - [17/Mar/2015:05:47:42 -0400] "GET /opensso/namingservice HTTP/1.1" 200 7 "-" "Java/1.5.0_21" 220 183
127.0.0.1 - - [17/Mar/2015:05:47:43 -0400] "GET /opensso/namingservice HTTP/1.1" 200 7 "-" "Java/1.5.0_21" 220 183
127.0.0.1 - - [17/Mar/2015:05:48:12 -0400] "GET /opensso/namingservice HTTP/1.1" 200 7 "-" "Java/1.5.0_21" 220 183
127.0.0.1 - - [17/Mar/2015:05:48:13 -0400] "GET /opensso/namingservice HTTP/1.1" 200 7 "-" "Java/1.5.0_21" 220 183
127.0.0.1 - - [17/Mar/2015:05:48:42 -0400] "GET /opensso/namingservice HTTP/1.1" 200 7 "-" "Java/1.5.0_21" 220 183
127.0.0.1 - - [17/Mar/2015:05:48:43 -0400] "GET /opensso/namingservice HTTP/1.1" 200 7 "-" "Java/1.5.0_21" 220 183
127.0.0.1 - - [17/Mar/2015:05:49:12 -0400] "GET /opensso/namingservice HTTP/1.1" 200 7 "-" "Java/1.5.0_21" 220 183
127.0.0.1 - - [17/Mar/2015:05:49:13 -0400] "GET /opensso/namingservice HTTP/1.1" 200 7 "-" "Java/1.5.0_21" 220 183
127.0.0.1 - - [17/Mar/2015:05:49:42 -0400] "GET /opensso/namingservice HTTP/1.1" 200 7 "-" "Java/1.5.0_21" 220 183
127.0.0.1 - - [17/Mar/2015:05:49:43 -0400] "GET /opensso/namingservice HTTP/1.1" 200 7 "-" "Java/1.5.0_21" 220 183
66.249.64.132 - - [17/Mar/2015:05:49:54 -0400] "GET /redmine/projects/lmmpwiki/activity?from=1907-09-16&show_news=1 HTTP/1.1" 200 4917 "-" "Mozilla/5.0 (compatible; Googlebot/2.1; +http://www.google.com/bot.html)" 353 5479
127.0.0.1 - - [17/Mar/2015:05:50:12 -0400] "GET /opensso/namingservice HTTP/1.1" 200 7 "-" "Java/1.5.0_21" 220 183
127.0.0.1 - - [17/Mar/2015:05:50:13 -0400] "GET /opensso/namingservice HTTP/1.1" 200 7 "-" "Java/1.5.0_21" 220 183
127.0.0.1 - - [17/Mar/2015:05:50:42 -0400] "GET /opensso/namingservice HTTP/1.1" 200 7 "-" "Java/1.5.0_21" 220 183
127.0.0.1 - - [17/Mar/2015:05:50:43 -0400] "GET /opensso/namingservice HTTP/1.1" 200 7 "-" "Java/1.5.0_21" 220 183
137.78.207.218 - - [17/Mar/2015:05:51:01 -0400] "HEAD /LMMPUI/LMMP_CLIENT/LMMP.html HTTP/1.1" 200 - "-" "curl/7.38.0" 110 274
127.0.0.1 - - [17/Mar/2015:05:51:12 -0400] "GET /opensso/namingservice HTTP/1.1" 200 7 "-" "Java/1.5.0_21" 220 183
127.0.0.1 - - [17/Mar/2015:05:51:13 -0400] "GET /opensso/namingservice HTTP/1.1" 200 7 "-" "Java/1.5.0_21" 220 183
127.0.0.1 - - [17/Mar/2015:05:51:42 -0400] "GET /opensso/namingservice HTTP/1.1" 200 7 "-" "Java/1.5.0_21" 220 183
127.0.0.1 - - [17/Mar/2015:05:51:43 -0400] "GET /opensso/namingservice HTTP/1.1" 200 7 "-" "Java/1.5.0_21" 220 183
127.0.0.1 - - [17/Mar/2015:05:52:12 -0400] "GET /opensso/namingservice HTTP/1.1" 200 7 "-" "Java/1.5.0_21" 220 183
127.0.0.1 - - [17/Mar/2015:05:52:13 -0400] "GET /opensso/namingservice HTTP/1.1" 200 7 "-" "Java/1.5.0_21" 220 183
127.0.0.1 - - [17/Mar/2015:05:52:42 -0400] "GET /opensso/namingservice HTTP/1.1" 200 7 "-" "Java/1.5.0_21" 220 183
127.0.0.1 - - [17/Mar/2015:05:52:43 -0400] "GET /opensso/namingservice HTTP/1.1" 200 7 "-" "Java/1.5.0_21" 220 183
127.0.0.1 - - [17/Mar/2015:05:53:12 -0400] "GET /opensso/namingservice HTTP/1.1" 200 7 "-" "Java/1.5.0_21" 220 183
127.0.0.1 - - [17/Mar/2015:05:53:13 -0400] "GET /opensso/namingservice HTTP/1.1" 200 7 "-" "Java/1.5.0_21" 220 183
66.249.64.142 - - [17/Mar/2015:05:53:41 -0400] "GET /redmine/projects/lmmpwiki/activity?from=1932-06-01 HTTP/1.1" 200 4829 "-" "Mozilla/5.0 (compatible; Googlebot/2.1; +http://www.google.com/bot.html)" 714 9480
127.0.0.1 - - [17/Mar/2015:05:53:42 -0400] "GET /opensso/namingservice HTTP/1.1" 200 7 "-" "Java/1.5.0_21" 220 183
127.0.0.1 - - [17/Mar/2015:05:53:43 -0400] "GET /opensso/namingservice HTTP/1.1" 200 7 "-" "Java/1.5.0_21" 220 183
127.0.0.1 - - [17/Mar/2015:05:54:12 -0400] "GET /opensso/namingservice HTTP/1.1" 200 7 "-" "Java/1.5.0_21" 220 183
127.0.0.1 - - [17/Mar/2015:05:54:13 -0400] "GET /opensso/namingservice HTTP/1.1" 200 7 "-" "Java/1.5.0_21" 220 183
127.0.0.1 - - [17/Mar/2015:05:54:42 -0400] "GET /opensso/namingservice HTTP/1.1" 200 7 "-" "Java/1.5.0_21" 220 183
127.0.0.1 - - [17/Mar/2015:05:54:43 -0400] "GET /opensso/namingservice HTTP/1.1" 200 7 "-" "Java/1.5.0_21" 220 183
127.0.0.1 - - [17/Mar/2015:05:55:12 -0400] "GET /opensso/namingservice HTTP/1.1" 200 7 "-" "Java/1.5.0_21" 220 183
127.0.0.1 - - [17/Mar/2015:05:55:13 -0400] "GET /opensso/namingservice HTTP/1.1" 200 7 "-" "Java/1.5.0_21" 220 183
127.0.0.1 - - [17/Mar/2015:05:55:42 -0400] "GET /opensso/namingservice HTTP/1.1" 200 7 "-" "Java/1.5.0_21" 220 183
127.0.0.1 - - [17/Mar/2015:05:55:43 -0400] "GET /opensso/namingservice HTTP/1.1" 200 7 "-" "Java/1.5.0_21" 220 183
137.78.207.218 - - [17/Mar/2015:05:56:01 -0400] "HEAD /LMMPUI/LMMP_CLIENT/LMMP.html HTTP/1.1" 200 - "-" "curl/7.38.0" 110 274
127.0.0.1 - - [17/Mar/2015:05:56:12 -0400] "GET /opensso/namingservice HTTP/1.1" 200 7 "-" "Java/1.5.0_21" 220 183
127.0.0.1 - - [17/Mar/2015:05:56:13 -0400] "GET /opensso/namingservice HTTP/1.1" 200 7 "-" "Java/1.5.0_21" 220 183
127.0.0.1 - - [17/Mar/2015:05:56:42 -0400] "GET /opensso/namingservice HTTP/1.1" 200 7 "-" "Java/1.5.0_21" 220 183
127.0.0.1 - - [17/Mar/2015:05:56:43 -0400] "GET /opensso/namingservice HTTP/1.1" 200 7 "-" "Java/1.5.0_21" 220 183
127.0.0.1 - - [17/Mar/2015:05:57:12 -0400] "GET /opensso/namingservice HTTP/1.1" 200 7 "-" "Java/1.5.0_21" 220 183
127.0.0.1 - - [17/Mar/2015:05:57:13 -0400] "GET /opensso/namingservice HTTP/1.1" 200 7 "-" "Java/1.5.0_21" 220 183
66.249.64.132 - - [17/Mar/2015:05:57:29 -0400] "GET /redmine/projects/lmmpwiki/activity?from=1988-12-29 HTTP/1.1" 200 4829 "-" "Mozilla/5.0 (compatible; Googlebot/2.1; +http://www.google.com/bot.html)" 341 5391
127.0.0.1 - - [17/Mar/2015:05:57:42 -0400] "GET /opensso/namingservice HTTP/1.1" 200 7 "-" "Java/1.5.0_21" 220 183
127.0.0.1 - - [17/Mar/2015:05:57:43 -0400] "GET /opensso/namingservice HTTP/1.1" 200 7 "-" "Java/1.5.0_21" 220 183
127.0.0.1 - - [17/Mar/2015:05:58:12 -0400] "GET /opensso/namingservice HTTP/1.1" 200 7 "-" "Java/1.5.0_21" 220 183
127.0.0.1 - - [17/Mar/2015:05:58:13 -0400] "GET /opensso/namingservice HTTP/1.1" 200 7 "-" "Java/1.5.0_21" 220 183
127.0.0.1 - - [17/Mar/2015:05:58:42 -0400] "GET /opensso/namingservice HTTP/1.1" 200 7 "-" "Java/1.5.0_21" 220 183
127.0.0.1 - - [17/Mar/2015:05:58:43 -0400] "GET /opensso/namingservice HTTP/1.1" 200 7 "-" "Java/1.5.0_21" 220 183
127.0.0.1 - - [17/Mar/2015:05:59:12 -0400] "GET /opensso/namingservice HTTP/1.1" 200 7 "-" "Java/1.5.0_21" 220 183
127.0.0.1 - - [17/Mar/2015:05:59:13 -0400] "GET /opensso/namingservice HTTP/1.1" 200 7 "-" "Java/1.5.0_21" 220 183
127.0.0.1 - - [17/Mar/2015:05:59:42 -0400] "GET /opensso/namingservice HTTP/1.1" 200 7 "-" "Java/1.5.0_21" 220 183
127.0.0.1 - - [17/Mar/2015:05:59:43 -0400] "GET /opensso/namingservice HTTP/1.1" 200 7 "-" "Java/1.5.0_21" 220 183
127.0.0.1 - - [17/Mar/2015:06:00:12 -0400] "GET /opensso/namingservice HTTP/1.1" 200 7 "-" "Java/1.5.0_21" 220 183
127.0.0.1 - - [17/Mar/2015:06:00:13 -0400] "GET /opensso/namingservice HTTP/1.1" 200 7 "-" "Java/1.5.0_21" 220 183
127.0.0.1 - - [17/Mar/2015:06:00:42 -0400] "GET /opensso/namingservice HTTP/1.1" 200 7 "-" "Java/1.5.0_21" 220 183
127.0.0.1 - - [17/Mar/2015:06:00:43 -0400] "GET /opensso/namingservice HTTP/1.1" 200 7 "-" "Java/1.5.0_21" 220 183
137.78.207.218 - - [17/Mar/2015:06:01:01 -0400] "HEAD /LMMPUI/LMMP_CLIENT/LMMP.html HTTP/1.1" 200 - "-" "curl/7.38.0" 110 274
127.0.0.1 - - [17/Mar/2015:06:01:12 -0400] "GET /opensso/namingservice HTTP/1.1" 200 7 "-" "Java/1.5.0_21" 220 183
127.0.0.1 - - [17/Mar/2015:06:01:13 -0400] "GET /opensso/namingservice HTTP/1.1" 200 7 "-" "Java/1.5.0_21" 220 183
66.249.64.142 - - [17/Mar/2015:06:01:16 -0400] "GET /redmine/projects/lmmpwiki/activity?from=1990-11-18 HTTP/1.1" 200 4829 "-" "Mozilla/5.0 (compatible; Googlebot/2.1; +http://www.google.com/bot.html)" 714 9480
127.0.0.1 - - [17/Mar/2015:06:01:42 -0400] "GET /opensso/namingservice HTTP/1.1" 200 7 "-" "Java/1.5.0_21" 220 183
127.0.0.1 - - [17/Mar/2015:06:01:43 -0400] "GET /opensso/namingservice HTTP/1.1" 200 7 "-" "Java/1.5.0_21" 220 183
127.0.0.1 - - [17/Mar/2015:06:02:12 -0400] "GET /opensso/namingservice HTTP/1.1" 200 7 "-" "Java/1.5.0_21" 220 183
127.0.0.1 - - [17/Mar/2015:06:02:13 -0400] "GET /opensso/namingservice HTTP/1.1" 200 7 "-" "Java/1.5.0_21" 220 183
127.0.0.1 - - [17/Mar/2015:06:02:42 -0400] "GET /opensso/namingservice HTTP/1.1" 200 7 "-" "Java/1.5.0_21" 220 183
127.0.0.1 - - [17/Mar/2015:06:02:43 -0400] "GET /opensso/namingservice HTTP/1.1" 200 7 "-" "Java/1.5.0_21" 220 183
127.0.0.1 - - [17/Mar/2015:06:03:12 -0400] "GET /opensso/namingservice HTTP/1.1" 200 7 "-" "Java/1.5.0_21" 220 183
127.0.0.1 - - [17/Mar/2015:06:03:13 -0400] "GET /opensso/namingservice HTTP/1.1" 200 7 "-" "Java/1.5.0_21" 220 183
127.0.0.1 - - [17/Mar/2015:06:03:42 -0400] "GET /opensso/namingservice HTTP/1.1" 200 7 "-" "Java/1.5.0_21" 220 183
127.0.0.1 - - [17/Mar/2015:06:03:43 -0400] "GET /opensso/namingservice HTTP/1.1" 200 7 "-" "Java/1.5.0_21" 220 183
127.0.0.1 - - [17/Mar/2015:06:04:12 -0400] "GET /opensso/namingservice HTTP/1.1" 200 7 "-" "Java/1.5.0_21" 220 183
127.0.0.1 - - [17/Mar/2015:06:04:13 -0400] "GET /opensso/namingservice HTTP/1.1" 200 7 "-" "Java/1.5.0_21" 220 183
127.0.0.1 - - [17/Mar/2015:06:04:42 -0400] "GET /opensso/namingservice HTTP/1.1" 200 7 "-" "Java/1.5.0_21" 220 183
127.0.0.1 - - [17/Mar/2015:06:04:43 -0400] "GET /opensso/namingservice HTTP/1.1" 200 7 "-" "Java/1.5.0_21" 220 183
66.249.64.142 - - [17/Mar/2015:06:05:03 -0400] "GET /redmine/projects/lmmpwiki/activity?from=1878-08-29 HTTP/1.1" 200 4829 "-" "Mozilla/5.0 (compatible; Googlebot/2.1; +http://www.google.com/bot.html)" 714 9480
127.0.0.1 - - [17/Mar/2015:06:05:12 -0400] "GET /opensso/namingservice HTTP/1.1" 200 7 "-" "Java/1.5.0_21" 220 183
127.0.0.1 - - [17/Mar/2015:06:05:13 -0400] "GET /opensso/namingservice HTTP/1.1" 200 7 "-" "Java/1.5.0_21" 220 183
127.0.0.1 - - [17/Mar/2015:06:05:42 -0400] "GET /opensso/namingservice HTTP/1.1" 200 7 "-" "Java/1.5.0_21" 220 183
127.0.0.1 - - [17/Mar/2015:06:05:43 -0400] "GET /opensso/namingservice HTTP/1.1" 200 7 "-" "Java/1.5.0_21" 220 183
137.78.207.218 - - [17/Mar/2015:06:06:01 -0400] "HEAD /LMMPUI/LMMP_CLIENT/LMMP.html HTTP/1.1" 200 - "-" "curl/7.38.0" 110 274
127.0.0.1 - - [17/Mar/2015:06:06:12 -0400] "GET /opensso/namingservice HTTP/1.1" 200 7 "-" "Java/1.5.0_21" 220 183
127.0.0.1 - - [17/Mar/2015:06:06:13 -0400] "GET /opensso/namingservice HTTP/1.1" 200 7 "-" "Java/1.5.0_21" 220 183
127.0.0.1 - - [17/Mar/2015:06:06:42 -0400] "GET /opensso/namingservice HTTP/1.1" 200 7 "-" "Java/1.5.0_21" 220 183
127.0.0.1 - - [17/Mar/2015:06:06:43 -0400] "GET /opensso/namingservice HTTP/1.1" 200 7 "-" "Java/1.5.0_21" 220 183
127.0.0.1 - - [17/Mar/2015:06:07:12 -0400] "GET /opensso/namingservice HTTP/1.1" 200 7 "-" "Java/1.5.0_21" 220 183
127.0.0.1 - - [17/Mar/2015:06:07:13 -0400] "GET /opensso/namingservice HTTP/1.1" 200 7 "-" "Java/1.5.0_21" 220 183
127.0.0.1 - - [17/Mar/2015:06:07:42 -0400] "GET /opensso/namingservice HTTP/1.1" 200 7 "-" "Java/1.5.0_21" 220 183
127.0.0.1 - - [17/Mar/2015:06:07:43 -0400] "GET /opensso/namingservice HTTP/1.1" 200 7 "-" "Java/1.5.0_21" 220 183
127.0.0.1 - - [17/Mar/2015:06:08:12 -0400] "GET /opensso/namingservice HTTP/1.1" 200 7 "-" "Java/1.5.0_21" 220 183
127.0.0.1 - - [17/Mar/2015:06:08:13 -0400] "GET /opensso/namingservice HTTP/1.1" 200 7 "-" "Java/1.5.0_21" 220 183
127.0.0.1 - - [17/Mar/2015:06:08:42 -0400] "GET /opensso/namingservice HTTP/1.1" 200 7 "-" "Java/1.5.0_21" 220 183
127.0.0.1 - - [17/Mar/2015:06:08:43 -0400] "GET /opensso/namingservice HTTP/1.1" 200 7 "-" "Java/1.5.0_21" 220 183
66.249.64.132 - - [17/Mar/2015:06:08:51 -0400] "GET /redmine/projects/lmmpwiki/activity?from=1971-07-11&show_news=1 HTTP/1.1" 200 4917 "-" "Mozilla/5.0 (compatible; Googlebot/2.1; +http://www.google.com/bot.html)" 353 5479
127.0.0.1 - - [17/Mar/2015:06:09:12 -0400] "GET /opensso/namingservice HTTP/1.1" 200 7 "-" "Java/1.5.0_21" 220 183
127.0.0.1 - - [17/Mar/2015:06:09:13 -0400] "GET /opensso/namingservice HTTP/1.1" 200 7 "-" "Java/1.5.0_21" 220 183
127.0.0.1 - - [17/Mar/2015:06:09:42 -0400] "GET /opensso/namingservice HTTP/1.1" 200 7 "-" "Java/1.5.0_21" 220 183
127.0.0.1 - - [17/Mar/2015:06:09:43 -0400] "GET /opensso/namingservice HTTP/1.1" 200 7 "-" "Java/1.5.0_21" 220 183
127.0.0.1 - - [17/Mar/2015:06:10:12 -0400] "GET /opensso/namingservice HTTP/1.1" 200 7 "-" "Java/1.5.0_21" 220 183
127.0.0.1 - - [17/Mar/2015:06:10:13 -0400] "GET /opensso/namingservice HTTP/1.1" 200 7 "-" "Java/1.5.0_21" 220 183
127.0.0.1 - - [17/Mar/2015:06:10:42 -0400] "GET /opensso/namingservice HTTP/1.1" 200 7 "-" "Java/1.5.0_21" 220 183
127.0.0.1 - - [17/Mar/2015:06:10:43 -0400] "GET /opensso/namingservice HTTP/1.1" 200 7 "-" "Java/1.5.0_21" 220 183
137.78.207.218 - - [17/Mar/2015:06:11:01 -0400] "HEAD /LMMPUI/LMMP_CLIENT/LMMP.html HTTP/1.1" 200 - "-" "curl/7.38.0" 110 274
127.0.0.1 - - [17/Mar/2015:06:11:12 -0400] "GET /opensso/namingservice HTTP/1.1" 200 7 "-" "Java/1.5.0_21" 220 183
127.0.0.1 - - [17/Mar/2015:06:11:13 -0400] "GET /opensso/namingservice HTTP/1.1" 200 7 "-" "Java/1.5.0_21" 220 183
127.0.0.1 - - [17/Mar/2015:06:11:42 -0400] "GET /opensso/namingservice HTTP/1.1" 200 7 "-" "Java/1.5.0_21" 220 183
127.0.0.1 - - [17/Mar/2015:06:11:43 -0400] "GET /opensso/namingservice HTTP/1.1" 200 7 "-" "Java/1.5.0_21" 220 183
123.125.71.55 - - [17/Mar/2015:06:12:08 -0400] "GET / HTTP/1.1" 302 237 "-" "Mozilla/5.0 (Windows NT 5.1; rv:6.0.2) Gecko/20100101 Firefox/6.0.2" 179 506
127.0.0.1 - - [17/Mar/2015:06:12:12 -0400] "GET /opensso/namingservice HTTP/1.1" 200 7 "-" "Java/1.5.0_21" 220 183
127.0.0.1 - - [17/Mar/2015:06:12:13 -0400] "GET /opensso/namingservice HTTP/1.1" 200 7 "-" "Java/1.5.0_21" 220 183
123.125.71.23 - - [17/Mar/2015:06:12:26 -0400] "GET /LMMPUI/LMMP_CLIENT/LMMP.html HTTP/1.1" 200 8973 "-" "Mozilla/5.0 (Windows NT 5.1; rv:6.0.2) Gecko/20100101 Firefox/6.0.2" 207 9266
66.249.64.140 - - [17/Mar/2015:06:12:38 -0400] "GET /redmine/projects/lmmpwiki/activity?from=1929-12-18&show_news=1 HTTP/1.1" 200 4917 "-" "Mozilla/5.0 (compatible; Googlebot/2.1; +http://www.google.com/bot.html)" 353 5479
127.0.0.1 - - [17/Mar/2015:06:12:42 -0400] "GET /opensso/namingservice HTTP/1.1" 200 7 "-" "Java/1.5.0_21" 220 183
127.0.0.1 - - [17/Mar/2015:06:12:43 -0400] "GET /opensso/namingservice HTTP/1.1" 200 7 "-" "Java/1.5.0_21" 220 183
127.0.0.1 - - [17/Mar/2015:06:13:12 -0400] "GET /opensso/namingservice HTTP/1.1" 200 7 "-" "Java/1.5.0_21" 220 183
127.0.0.1 - - [17/Mar/2015:06:13:13 -0400] "GET /opensso/namingservice HTTP/1.1" 200 7 "-" "Java/1.5.0_21" 220 183
127.0.0.1 - - [17/Mar/2015:06:13:42 -0400] "GET /opensso/namingservice HTTP/1.1" 200 7 "-" "Java/1.5.0_21" 220 183
127.0.0.1 - - [17/Mar/2015:06:13:43 -0400] "GET /opensso/namingservice HTTP/1.1" 200 7 "-" "Java/1.5.0_21" 220 183
127.0.0.1 - - [17/Mar/2015:06:14:12 -0400] "GET /opensso/namingservice HTTP/1.1" 200 7 "-" "Java/1.5.0_21" 220 183
127.0.0.1 - - [17/Mar/2015:06:14:13 -0400] "GET /opensso/namingservice HTTP/1.1" 200 7 "-" "Java/1.5.0_21" 220 183
220.181.108.95 - - [17/Mar/2015:06:14:33 -0400] "GET / HTTP/1.1" 302 237 "-" "Mozilla/5.0 (Windows NT 5.1; rv:6.0.2) Gecko/20100101 Firefox/6.0.2" 179 506
127.0.0.1 - - [17/Mar/2015:06:14:42 -0400] "GET /opensso/namingservice HTTP/1.1" 200 7 "-" "Java/1.5.0_21" 220 183
127.0.0.1 - - [17/Mar/2015:06:14:43 -0400] "GET /opensso/namingservice HTTP/1.1" 200 7 "-" "Java/1.5.0_21" 220 183
220.181.108.97 - - [17/Mar/2015:06:14:59 -0400] "GET /LMMPUI/LMMP_CLIENT/LMMP.html HTTP/1.1" 200 8973 "-" "Mozilla/5.0 (Windows NT 5.1; rv:6.0.2) Gecko/20100101 Firefox/6.0.2" 207 9266
127.0.0.1 - - [17/Mar/2015:06:15:12 -0400] "GET /opensso/namingservice HTTP/1.1" 200 7 "-" "Java/1.5.0_21" 220 183
127.0.0.1 - - [17/Mar/2015:06:15:13 -0400] "GET /opensso/namingservice HTTP/1.1" 200 7 "-" "Java/1.5.0_21" 220 183
127.0.0.1 - - [17/Mar/2015:06:15:42 -0400] "GET /opensso/namingservice HTTP/1.1" 200 7 "-" "Java/1.5.0_21" 220 183
127.0.0.1 - - [17/Mar/2015:06:15:43 -0400] "GET /opensso/namingservice HTTP/1.1" 200 7 "-" "Java/1.5.0_21" 220 183
137.78.207.218 - - [17/Mar/2015:06:16:01 -0400] "HEAD /LMMPUI/LMMP_CLIENT/LMMP.html HTTP/1.1" 200 - "-" "curl/7.38.0" 110 274
127.0.0.1 - - [17/Mar/2015:06:16:12 -0400] "GET /opensso/namingservice HTTP/1.1" 200 7 "-" "Java/1.5.0_21" 220 183
127.0.0.1 - - [17/Mar/2015:06:16:13 -0400] "POST /opensso/sessionservice HTTP/1.1" 200 2023 "-" "Java/1.5.0_21" 712 2201
127.0.0.1 - - [17/Mar/2015:06:16:13 -0400] "GET /opensso/identity//xml/read?name=TomcatApps3&attributes_names=realm&attributes_values_realm=%2Fappspub&attributes_names=objecttype&attributes_values_objecttype=Agent&admin=AQIC5wM2LY4Sfcwfuin4GF3PcpsYz2%2Bb0KEYXSwMUvZPjqA%3D%40AAJTSQACMDE%3D%23 HTTP/1.1" 200 13732 "-" "Java/1.5.0_21" 442 13916
127.0.0.1 - - [17/Mar/2015:06:16:13 -0400] "GET /opensso/namingservice HTTP/1.1" 200 7 "-" "Java/1.5.0_21" 220 182
66.249.64.132 - - [17/Mar/2015:06:16:26 -0400] "GET /redmine/projects/lmmpwiki/activity?from=1930-05-27 HTTP/1.1" 200 4829 "-" "Mozilla/5.0 (compatible; Googlebot/2.1; +http://www.google.com/bot.html)" 341 5391
127.0.0.1 - - [17/Mar/2015:06:16:42 -0400] "GET /opensso/namingservice HTTP/1.1" 200 7 "-" "Java/1.5.0_21" 220 183
127.0.0.1 - - [17/Mar/2015:06:16:43 -0400] "GET /opensso/namingservice HTTP/1.1" 200 7 "-" "Java/1.5.0_21" 220 183
207.46.13.61 - - [17/Mar/2015:06:17:09 -0400] "GET /robots.txt HTTP/1.1" 404 208 "-" "Mozilla/5.0 (compatible; bingbot/2.0; +http://www.bing.com/bingbot.htm)" 269 453
127.0.0.1 - - [17/Mar/2015:06:17:12 -0400] "GET /opensso/namingservice HTTP/1.1" 200 7 "-" "Java/1.5.0_21" 220 183
127.0.0.1 - - [17/Mar/2015:06:17:13 -0400] "GET /opensso/namingservice HTTP/1.1" 200 7 "-" "Java/1.5.0_21" 220 183
207.46.13.61 - - [17/Mar/2015:06:17:13 -0400] "GET /olyblog/karen-rogers-exuberance-not-experience-eight-who-want-dougs-seat HTTP/1.1" 404 270 "-" "Mozilla/5.0 (compatible; bingbot/2.0; +http://www.bing.com/bingbot.htm)" 344 515
127.0.0.1 - - [17/Mar/2015:06:17:42 -0400] "GET /opensso/namingservice HTTP/1.1" 200 7 "-" "Java/1.5.0_21" 220 183
127.0.0.1 - - [17/Mar/2015:06:17:43 -0400] "GET /opensso/namingservice HTTP/1.1" 200 7 "-" "Java/1.5.0_21" 220 183
127.0.0.1 - - [17/Mar/2015:06:18:12 -0400] "GET /opensso/namingservice HTTP/1.1" 200 7 "-" "Java/1.5.0_21" 220 183
127.0.0.1 - - [17/Mar/2015:06:18:13 -0400] "GET /opensso/namingservice HTTP/1.1" 200 7 "-" "Java/1.5.0_21" 220 183
127.0.0.1 - - [17/Mar/2015:06:18:42 -0400] "GET /opensso/namingservice HTTP/1.1" 200 7 "-" "Java/1.5.0_21" 220 183
127.0.0.1 - - [17/Mar/2015:06:18:43 -0400] "GET /opensso/namingservice HTTP/1.1" 200 7 "-" "Java/1.5.0_21" 220 183
127.0.0.1 - - [17/Mar/2015:06:19:12 -0400] "GET /opensso/namingservice HTTP/1.1" 200 7 "-" "Java/1.5.0_21" 220 183
127.0.0.1 - - [17/Mar/2015:06:19:13 -0400] "GET /opensso/namingservice HTTP/1.1" 200 7 "-" "Java/1.5.0_21" 220 183
127.0.0.1 - - [17/Mar/2015:06:19:42 -0400] "GET /opensso/namingservice HTTP/1.1" 200 7 "-" "Java/1.5.0_21" 220 183
127.0.0.1 - - [17/Mar/2015:06:19:43 -0400] "GET /opensso/namingservice HTTP/1.1" 200 7 "-" "Java/1.5.0_21" 220 183
127.0.0.1 - - [17/Mar/2015:06:20:12 -0400] "GET /opensso/namingservice HTTP/1.1" 200 7 "-" "Java/1.5.0_21" 220 183
127.0.0.1 - - [17/Mar/2015:06:20:13 -0400] "GET /opensso/namingservice HTTP/1.1" 200 7 "-" "Java/1.5.0_21" 220 183
66.249.64.132 - - [17/Mar/2015:06:20:13 -0400] "GET /redmine/projects/lmmpwiki/activity?from=1928-05-11 HTTP/1.1" 200 4829 "-" "Mozilla/5.0 (compatible; Googlebot/2.1; +http://www.google.com/bot.html)" 341 5391
127.0.0.1 - - [17/Mar/2015:06:20:42 -0400] "GET /opensso/namingservice HTTP/1.1" 200 7 "-" "Java/1.5.0_21" 220 183
127.0.0.1 - - [17/Mar/2015:06:20:43 -0400] "GET /opensso/namingservice HTTP/1.1" 200 7 "-" "Java/1.5.0_21" 220 183
