127.0.0.1 - - [19/Nov/2014:00:18:10 -0500] "GET /opensso/namingservice HTTP/1.1" 200 7 "-" "Java/1.5.0_21" 220 183
127.0.0.1 - - [19/Nov/2014:00:18:18 -0500] "GET /opensso/namingservice HTTP/1.1" 200 7 "-" "Java/1.5.0_21" 220 183
127.0.0.1 - - [19/Nov/2014:00:18:40 -0500] "GET /opensso/namingservice HTTP/1.1" 200 7 "-" "Java/1.5.0_21" 220 183
127.0.0.1 - - [19/Nov/2014:00:18:48 -0500] "GET /opensso/namingservice HTTP/1.1" 200 7 "-" "Java/1.5.0_21" 220 183
127.0.0.1 - - [19/Nov/2014:00:19:10 -0500] "GET /opensso/namingservice HTTP/1.1" 200 7 "-" "Java/1.5.0_21" 220 183
127.0.0.1 - - [19/Nov/2014:00:19:18 -0500] "GET /opensso/namingservice HTTP/1.1" 200 7 "-" "Java/1.5.0_21" 220 183
127.0.0.1 - - [19/Nov/2014:00:19:40 -0500] "GET /opensso/namingservice HTTP/1.1" 200 7 "-" "Java/1.5.0_21" 220 183
127.0.0.1 - - [19/Nov/2014:00:19:48 -0500] "GET /opensso/namingservice HTTP/1.1" 200 7 "-" "Java/1.5.0_21" 220 183
127.0.0.1 - - [19/Nov/2014:00:20:10 -0500] "GET /opensso/namingservice HTTP/1.1" 200 7 "-" "Java/1.5.0_21" 220 183
127.0.0.1 - - [19/Nov/2014:00:20:18 -0500] "GET /opensso/namingservice HTTP/1.1" 200 7 "-" "Java/1.5.0_21" 220 183
127.0.0.1 - - [19/Nov/2014:00:20:40 -0500] "GET /opensso/namingservice HTTP/1.1" 200 7 "-" "Java/1.5.0_21" 220 183
127.0.0.1 - - [19/Nov/2014:00:20:48 -0500] "GET /opensso/namingservice HTTP/1.1" 200 7 "-" "Java/1.5.0_21" 220 183
127.0.0.1 - - [19/Nov/2014:00:21:10 -0500] "GET /opensso/namingservice HTTP/1.1" 200 7 "-" "Java/1.5.0_21" 220 183
127.0.0.1 - - [19/Nov/2014:00:21:18 -0500] "GET /opensso/namingservice HTTP/1.1" 200 7 "-" "Java/1.5.0_21" 220 183
127.0.0.1 - - [19/Nov/2014:00:21:40 -0500] "GET /opensso/namingservice HTTP/1.1" 200 7 "-" "Java/1.5.0_21" 220 183
127.0.0.1 - - [19/Nov/2014:00:21:48 -0500] "GET /opensso/namingservice HTTP/1.1" 200 7 "-" "Java/1.5.0_21" 220 183
66.249.64.145 - - [19/Nov/2014:00:21:50 -0500] "GET /redmine/issues/gantt?month=2&months=6&year=2206&zoom=1 HTTP/1.1" 200 27564 "-" "Mozilla/5.0 (compatible; Googlebot/2.1; +http://www.google.com/bot.html)" 616 32417
127.0.0.1 - - [19/Nov/2014:00:22:10 -0500] "GET /opensso/namingservice HTTP/1.1" 200 7 "-" "Java/1.5.0_21" 220 183
127.0.0.1 - - [19/Nov/2014:00:22:18 -0500] "GET /opensso/namingservice HTTP/1.1" 200 7 "-" "Java/1.5.0_21" 220 183
127.0.0.1 - - [19/Nov/2014:00:22:40 -0500] "GET /opensso/namingservice HTTP/1.1" 200 7 "-" "Java/1.5.0_21" 220 183
127.0.0.1 - - [19/Nov/2014:00:22:48 -0500] "GET /opensso/namingservice HTTP/1.1" 200 7 "-" "Java/1.5.0_21" 220 183
127.0.0.1 - - [19/Nov/2014:00:23:10 -0500] "GET /opensso/namingservice HTTP/1.1" 200 7 "-" "Java/1.5.0_21" 220 183
127.0.0.1 - - [19/Nov/2014:00:23:18 -0500] "GET /opensso/namingservice HTTP/1.1" 200 7 "-" "Java/1.5.0_21" 220 183
127.0.0.1 - - [19/Nov/2014:00:23:40 -0500] "GET /opensso/namingservice HTTP/1.1" 200 7 "-" "Java/1.5.0_21" 220 183
127.0.0.1 - - [19/Nov/2014:00:23:48 -0500] "GET /opensso/namingservice HTTP/1.1" 200 7 "-" "Java/1.5.0_21" 220 183
127.0.0.1 - - [19/Nov/2014:00:24:10 -0500] "GET /opensso/namingservice HTTP/1.1" 200 7 "-" "Java/1.5.0_21" 220 183
127.0.0.1 - - [19/Nov/2014:00:24:18 -0500] "GET /opensso/namingservice HTTP/1.1" 200 7 "-" "Java/1.5.0_21" 220 183
127.0.0.1 - - [19/Nov/2014:00:24:40 -0500] "GET /opensso/namingservice HTTP/1.1" 200 7 "-" "Java/1.5.0_21" 220 183
127.0.0.1 - - [19/Nov/2014:00:24:48 -0500] "GET /opensso/namingservice HTTP/1.1" 200 7 "-" "Java/1.5.0_21" 220 183
127.0.0.1 - - [19/Nov/2014:00:25:10 -0500] "GET /opensso/namingservice HTTP/1.1" 200 7 "-" "Java/1.5.0_21" 220 183
127.0.0.1 - - [19/Nov/2014:00:25:18 -0500] "GET /opensso/namingservice HTTP/1.1" 200 7 "-" "Java/1.5.0_21" 220 183
127.0.0.1 - - [19/Nov/2014:00:25:20 -0500] "POST /opensso/sessionservice HTTP/1.1" 200 2021 "-" "Java/1.5.0_21" 710 2199
127.0.0.1 - - [19/Nov/2014:00:25:20 -0500] "GET /opensso/identity//xml/read?name=TomcatApps1&attributes_names=realm&attributes_values_realm=%2Fappspub&attributes_names=objecttype&attributes_values_objecttype=Agent&admin=AQIC5wM2LY4SfczRlxsnYhV4XsPIA0nKaqD5A7dO5hSyj5Q%3D%40AAJTSQACMDE%3D%23 HTTP/1.1" 200 13607 "-" "Java/1.5.0_21" 440 13791
66.249.64.137 - - [19/Nov/2014:00:25:37 -0500] "GET /redmine/projects/lmmpwiki/activity?from=1885-06-28&show_news=1 HTTP/1.1" 200 4917 "-" "Mozilla/5.0 (compatible; Googlebot/2.1; +http://www.google.com/bot.html)" 624 9568
127.0.0.1 - - [19/Nov/2014:00:25:40 -0500] "GET /opensso/namingservice HTTP/1.1" 200 7 "-" "Java/1.5.0_21" 220 183
127.0.0.1 - - [19/Nov/2014:00:25:48 -0500] "GET /opensso/namingservice HTTP/1.1" 200 7 "-" "Java/1.5.0_21" 220 183
127.0.0.1 - - [19/Nov/2014:00:26:10 -0500] "GET /opensso/namingservice HTTP/1.1" 200 7 "-" "Java/1.5.0_21" 220 183
127.0.0.1 - - [19/Nov/2014:00:26:18 -0500] "GET /opensso/namingservice HTTP/1.1" 200 7 "-" "Java/1.5.0_21" 220 183
127.0.0.1 - - [19/Nov/2014:00:26:40 -0500] "GET /opensso/namingservice HTTP/1.1" 200 7 "-" "Java/1.5.0_21" 220 183
127.0.0.1 - - [19/Nov/2014:00:26:48 -0500] "GET /opensso/namingservice HTTP/1.1" 200 7 "-" "Java/1.5.0_21" 220 183
127.0.0.1 - - [19/Nov/2014:00:27:10 -0500] "GET /opensso/namingservice HTTP/1.1" 200 7 "-" "Java/1.5.0_21" 220 183
127.0.0.1 - - [19/Nov/2014:00:27:18 -0500] "GET /opensso/namingservice HTTP/1.1" 200 7 "-" "Java/1.5.0_21" 220 183
127.0.0.1 - - [19/Nov/2014:00:27:40 -0500] "GET /opensso/namingservice HTTP/1.1" 200 7 "-" "Java/1.5.0_21" 220 183
127.0.0.1 - - [19/Nov/2014:00:27:48 -0500] "GET /opensso/namingservice HTTP/1.1" 200 7 "-" "Java/1.5.0_21" 220 183
127.0.0.1 - - [19/Nov/2014:00:28:10 -0500] "GET /opensso/namingservice HTTP/1.1" 200 7 "-" "Java/1.5.0_21" 220 183
127.0.0.1 - - [19/Nov/2014:00:28:18 -0500] "GET /opensso/namingservice HTTP/1.1" 200 7 "-" "Java/1.5.0_21" 220 183
127.0.0.1 - - [19/Nov/2014:00:28:40 -0500] "GET /opensso/namingservice HTTP/1.1" 200 7 "-" "Java/1.5.0_21" 220 183
127.0.0.1 - - [19/Nov/2014:00:28:48 -0500] "GET /opensso/namingservice HTTP/1.1" 200 7 "-" "Java/1.5.0_21" 220 183
127.0.0.1 - - [19/Nov/2014:00:29:10 -0500] "GET /opensso/namingservice HTTP/1.1" 200 7 "-" "Java/1.5.0_21" 220 183
127.0.0.1 - - [19/Nov/2014:00:29:18 -0500] "GET /opensso/namingservice HTTP/1.1" 200 7 "-" "Java/1.5.0_21" 220 183
127.0.0.1 - - [19/Nov/2014:00:29:40 -0500] "GET /opensso/namingservice HTTP/1.1" 200 7 "-" "Java/1.5.0_21" 220 183
127.0.0.1 - - [19/Nov/2014:00:29:48 -0500] "GET /opensso/namingservice HTTP/1.1" 200 7 "-" "Java/1.5.0_21" 220 183
66.249.64.141 - - [19/Nov/2014:00:30:05 -0500] "GET /redmine/issues/gantt?month=11&months=6&year=1845&zoom=1 HTTP/1.1" 200 27584 "-" "Mozilla/5.0 (compatible; Googlebot/2.1; +http://www.google.com/bot.html)" 617 32437
72.198.102.105 - - [19/Nov/2014:00:30:08 -0500] "GET /opensso/identity/isTokenValid HTTP/1.1" 200 14 "-" "Moon%20Tours/1.0.0 CFNetwork/711.0.6 Darwin/14.0.0" 229 172
72.198.102.105 - - [19/Nov/2014:00:30:09 -0500] "GET /opensso/UI/Login?module=Anonymous&org=appspub&goto=http%3A%2F%2Fpub.lmmp.nasa.gov%2Flmmpmobile%2Frefresh HTTP/1.1" 302 - "-" "Moon%20Tours/1.0.0 CFNetwork/711.0.6 Darwin/14.0.0" 304 934
72.198.102.105 - - [19/Nov/2014:00:30:09 -0500] "GET /lmmpmobile/refresh?iPlanetDirectoryPro=AQIC5wM2LY4Sfcwb1uiWwBrX2MmBmdyc%2FvztlkF%2BHJF6lzs%3D%40AAJTSQACMDE%3D%23 HTTP/1.1" 200 - "-" "Moon%20Tours/1.0.0 CFNetwork/711.0.6 Darwin/14.0.0" 422 316
127.0.0.1 - - [19/Nov/2014:00:30:10 -0500] "GET /opensso/namingservice HTTP/1.1" 200 7 "-" "Java/1.5.0_21" 220 183
72.198.102.105 - - [19/Nov/2014:00:30:16 -0500] "GET /lmmpmobile/config-1.0.json HTTP/1.1" 200 1338 "-" "Moon%20Tours/1.0.0 CFNetwork/711.0.6 Darwin/14.0.0" 326 1666
127.0.0.1 - - [19/Nov/2014:00:30:18 -0500] "GET /opensso/namingservice HTTP/1.1" 200 7 "-" "Java/1.5.0_21" 220 183
72.198.102.105 - - [19/Nov/2014:00:30:18 -0500] "GET /lmmpmobile/bookmarks-1.0.2.json HTTP/1.1" 200 11401 "-" "Moon%20Tours/1.0.0 CFNetwork/711.0.6 Darwin/14.0.0" 331 11730
72.198.102.105 - - [19/Nov/2014:00:30:18 -0500] "GET /lmmpmobile/pages/about-1.0.2.html HTTP/1.1" 200 2716 "-" "Moon%20Tours/1.0.0 CFNetwork/711.0.6 Darwin/14.0.0" 333 3037
72.198.102.105 - - [19/Nov/2014:00:30:18 -0500] "GET /lmmpmobile/pages/help-1.0.2.html HTTP/1.1" 200 6781 "-" "Moon%20Tours/1.0.0 CFNetwork/711.0.6 Darwin/14.0.0" 332 7103
72.198.102.105 - - [19/Nov/2014:00:30:18 -0500] "GET /lmmpmobile/pages/glossary-1.0.2.html HTTP/1.1" 200 4306 "-" "Moon%20Tours/1.0.0 CFNetwork/711.0.6 Darwin/14.0.0" 336 4628
72.198.102.105 - - [19/Nov/2014:00:30:23 -0500] "GET /opensso/identity/isTokenValid HTTP/1.1" 200 13 "-" "Moon%20Tours/1.0.0 CFNetwork/711.0.6 Darwin/14.0.0" 338 170
127.0.0.1 - - [19/Nov/2014:00:30:40 -0500] "GET /opensso/namingservice HTTP/1.1" 200 7 "-" "Java/1.5.0_21" 220 183
72.198.102.105 - - [19/Nov/2014:00:30:19 -0500] "GET /arcgis/rest/services/ERGraticule/MapServer?f=json HTTP/1.1" 200 701 "arcgisios" "ArcGISiOS-2.3.2/8.0/iPhone6,1" 357 964
72.198.102.105 - - [19/Nov/2014:00:30:19 -0500] "GET /arcgis/rest/services/CombinedNomenclature/MapServer?f=json HTTP/1.1" 200 807 "arcgisios" "ArcGISiOS-2.3.2/8.0/iPhone6,1" 366 1070
127.0.0.1 - - [19/Nov/2014:00:30:48 -0500] "GET /opensso/namingservice HTTP/1.1" 200 7 "-" "Java/1.5.0_21" 220 183
127.0.0.1 - - [19/Nov/2014:00:31:10 -0500] "GET /opensso/namingservice HTTP/1.1" 200 7 "-" "Java/1.5.0_21" 220 183
127.0.0.1 - - [19/Nov/2014:00:31:18 -0500] "GET /opensso/namingservice HTTP/1.1" 200 7 "-" "Java/1.5.0_21" 220 183
127.0.0.1 - - [19/Nov/2014:00:31:40 -0500] "GET /opensso/namingservice HTTP/1.1" 200 7 "-" "Java/1.5.0_21" 220 183
127.0.0.1 - - [19/Nov/2014:00:31:48 -0500] "GET /opensso/namingservice HTTP/1.1" 200 7 "-" "Java/1.5.0_21" 220 183
127.0.0.1 - - [19/Nov/2014:00:32:10 -0500] "GET /opensso/namingservice HTTP/1.1" 200 7 "-" "Java/1.5.0_21" 220 183
72.198.102.105 - - [19/Nov/2014:00:32:15 -0500] "GET /opensso/identity/isTokenValid HTTP/1.1" 200 13 "-" "Moon%20Tours/1.0.0 CFNetwork/711.0.6 Darwin/14.0.0" 338 171
127.0.0.1 - - [19/Nov/2014:00:32:18 -0500] "GET /opensso/namingservice HTTP/1.1" 200 7 "-" "Java/1.5.0_21" 220 183
127.0.0.1 - - [19/Nov/2014:00:32:24 -0500] "POST /opensso/sessionservice HTTP/1.1" 200 2343 "-" "Java/1.5.0_21" 815 2521
127.0.0.1 - - [19/Nov/2014:00:32:24 -0500] "POST /opensso/sessionservice HTTP/1.1" 200 269 "-" "Java/1.5.0_21" 881 446
127.0.0.1 - - [19/Nov/2014:00:32:24 -0500] "POST /opensso/policyservice HTTP/1.1" 200 7691 "-" "Java/1.5.0_21" 1119 7869
127.0.0.1 - - [19/Nov/2014:00:32:24 -0500] "POST /opensso/jaxrpc/SMSObjectIF HTTP/1.1" 200 505 "-" "Java/1.5.0_21" 847 766
127.0.0.1 - - [19/Nov/2014:00:32:24 -0500] "POST /opensso/jaxrpc/DirectoryManagerIF HTTP/1.1" 200 1290 "-" "Java/1.5.0_21" 1366 1551
127.0.0.1 - - [19/Nov/2014:00:32:24 -0500] "POST /opensso/jaxrpc/SMSObjectIF HTTP/1.1" 200 505 "-" "Java/1.5.0_21" 847 766
127.0.0.1 - - [19/Nov/2014:00:32:24 -0500] "POST /opensso/jaxrpc/DirectoryManagerIF HTTP/1.1" 200 1290 "-" "Java/1.5.0_21" 1366 1551
127.0.0.1 - - [19/Nov/2014:00:32:24 -0500] "POST /opensso/jaxrpc/SMSObjectIF HTTP/1.1" 200 505 "-" "Java/1.5.0_21" 847 766
127.0.0.1 - - [19/Nov/2014:00:32:24 -0500] "POST /opensso/jaxrpc/DirectoryManagerIF HTTP/1.1" 200 1290 "-" "Java/1.5.0_21" 1366 1551
127.0.0.1 - - [19/Nov/2014:00:32:24 -0500] "POST /opensso/jaxrpc/SMSObjectIF HTTP/1.1" 200 505 "-" "Java/1.5.0_21" 847 766
72.198.102.105 - - [19/Nov/2014:00:32:24 -0500] "GET /LMMP/rest/dbxml/fgdc/legend/stream?label=LRO_NAC_Gray_36N320E_2mp HTTP/1.1" 200 9699 "-" "Moon%20Tours/1.0.0 CFNetwork/711.0.6 Darwin/14.0.0" 823 14586
127.0.0.1 - - [19/Nov/2014:00:32:24 -0500] "POST /opensso/jaxrpc/DirectoryManagerIF HTTP/1.1" 200 1290 "-" "Java/1.5.0_21" 1366 1551
72.198.102.105 - - [19/Nov/2014:00:32:24 -0500] "GET /LMMP/rest/dbxml/fgdc/legend/stream?label=LRO_NAC_Slope_36N320E_2mp HTTP/1.1" 200 7512 "-" "Moon%20Tours/1.0.0 CFNetwork/711.0.6 Darwin/14.0.0" 776 8171
127.0.0.1 - - [19/Nov/2014:00:32:39 -0500] "POST /opensso/jaxrpc/SMSObjectIF HTTP/1.1" 200 505 "-" "Java/1.5.0_21" 847 767
127.0.0.1 - - [19/Nov/2014:00:32:39 -0500] "POST /opensso/jaxrpc/DirectoryManagerIF HTTP/1.1" 200 1290 "-" "Java/1.5.0_21" 1366 1551
127.0.0.1 - - [19/Nov/2014:00:32:40 -0500] "GET /opensso/namingservice HTTP/1.1" 200 7 "-" "Java/1.5.0_21" 220 182
127.0.0.1 - - [19/Nov/2014:00:32:42 -0500] "POST /opensso/jaxrpc/SMSObjectIF HTTP/1.1" 200 505 "-" "Java/1.5.0_21" 847 767
127.0.0.1 - - [19/Nov/2014:00:32:42 -0500] "POST /opensso/jaxrpc/DirectoryManagerIF HTTP/1.1" 200 1290 "-" "Java/1.5.0_21" 1366 1551
127.0.0.1 - - [19/Nov/2014:00:32:44 -0500] "POST /opensso/jaxrpc/SMSObjectIF HTTP/1.1" 200 505 "-" "Java/1.5.0_21" 847 766
127.0.0.1 - - [19/Nov/2014:00:32:44 -0500] "POST /opensso/jaxrpc/DirectoryManagerIF HTTP/1.1" 200 1290 "-" "Java/1.5.0_21" 1366 1551
127.0.0.1 - - [19/Nov/2014:00:32:48 -0500] "GET /opensso/namingservice HTTP/1.1" 200 7 "-" "Java/1.5.0_21" 220 183
72.198.102.105 - - [19/Nov/2014:00:32:39 -0500] "GET /LMMP/rest/dbxml/fgdc/abstract?label=LRO_WAC_Mosaic_Global_303ppd HTTP/1.1" 200 291 "-" "Moon%20Tours/1.0.0 CFNetwork/711.0.6 Darwin/14.0.0" 828 1130
112.164.251.96 - - [19/Nov/2014:00:32:57 -0500] "GET /LMMPUI/LMMP_CLIENT/LMMP.html HTTP/1.1" 200 8973 "http://www.google.com/url?sa=t&rct=j&q=&esrc=s&source=web&cd=1&ved=0CCIQFjAA&url=http%3A%2F%2Flmmp.nasa.gov%2F&ei=aytsVM2CBIS6mAXvzIDYDg&usg=AFQjCNHoX8ldNU7Wwr5Et7q_l4gKSADlPw&sig2=S2fR5AOfkhCzEGZhiXDhRg&bvm=bv.80120444,d.dGY" "Mozilla/5.0 (Windows NT 6.1; WOW64; Trident/7.0; rv:11.0) like Gecko" 699 9303
112.164.251.96 - - [19/Nov/2014:00:32:58 -0500] "GET /LMMPUI/LMMP_CLIENT/history/history.css HTTP/1.1" 200 365 "http://pub.lmmp.nasa.gov/LMMPUI/LMMP_CLIENT/LMMP.html" "Mozilla/5.0 (Windows NT 6.1; WOW64; Trident/7.0; rv:11.0) like Gecko" 513 692
112.164.251.96 - - [19/Nov/2014:00:32:58 -0500] "GET /LMMPUI/LMMP_CLIENT/history/history.js HTTP/1.1" 200 24650 "http://pub.lmmp.nasa.gov/LMMPUI/LMMP_CLIENT/LMMP.html" "Mozilla/5.0 (Windows NT 6.1; WOW64; Trident/7.0; rv:11.0) like Gecko" 532 24987
112.164.251.96 - - [19/Nov/2014:00:32:58 -0500] "GET /LMMPUI/LMMP_CLIENT/swfobject.js HTTP/1.1" 200 25574 "http://pub.lmmp.nasa.gov/LMMPUI/LMMP_CLIENT/LMMP.html" "Mozilla/5.0 (Windows NT 6.1; WOW64; Trident/7.0; rv:11.0) like Gecko" 526 25912
72.198.102.105 - - [19/Nov/2014:00:32:42 -0500] "GET /LMMP/rest/dbxml/fgdc/abstract?label=LRO_NAC_Slope_36N320E_2mp HTTP/1.1" 200 572 "-" "Moon%20Tours/1.0.0 CFNetwork/711.0.6 Darwin/14.0.0" 824 1402
72.198.102.105 - - [19/Nov/2014:00:32:44 -0500] "GET /LMMP/rest/dbxml/fgdc/abstract?label=LRO_NAC_Gray_36N320E_2mp HTTP/1.1" 200 484 "-" "Moon%20Tours/1.0.0 CFNetwork/711.0.6 Darwin/14.0.0" 824 1322
127.0.0.1 - - [19/Nov/2014:00:33:10 -0500] "GET /opensso/namingservice HTTP/1.1" 200 7 "-" "Java/1.5.0_21" 220 183
66.249.64.145 - - [19/Nov/2014:00:33:12 -0500] "GET /redmine/projects/lmmpwiki/activity?from=1945-05-15&show_news=1 HTTP/1.1" 200 4917 "-" "Mozilla/5.0 (compatible; Googlebot/2.1; +http://www.google.com/bot.html)" 624 9568
112.164.251.96 - - [19/Nov/2014:00:32:59 -0500] "GET /LMMPUI/LMMP_CLIENT/LMMP_WB.swf HTTP/1.1" 200 507408 "http://pub.lmmp.nasa.gov/LMMPUI/LMMP_CLIENT/LMMP.html" "Mozilla/5.0 (Windows NT 6.1; WOW64; Trident/7.0; rv:11.0) like Gecko" 495 506297
127.0.0.1 - - [19/Nov/2014:00:33:18 -0500] "GET /opensso/namingservice HTTP/1.1" 200 7 "-" "Java/1.5.0_21" 220 183
112.164.251.96 - - [19/Nov/2014:00:33:18 -0500] "GET /favicon.ico HTTP/1.1" 404 209 "-" "Mozilla/5.0 (Windows NT 6.1; Win64; x64; Trident/7.0; rv:11.0) like Gecko" 233 454
112.164.251.96 - - [19/Nov/2014:00:33:17 -0500] "GET /LMMPUI/LMMP_CLIENT/LMMP_WB.swf HTTP/1.1" 206 593244 "http://pub.lmmp.nasa.gov/LMMPUI/LMMP_CLIENT/LMMP.html" "Mozilla/5.0 (Windows NT 6.1; WOW64; Trident/7.0; rv:11.0) like Gecko" 553 593654
112.164.251.96 - - [19/Nov/2014:00:33:38 -0500] "GET /LMMPUI/LMMP_CLIENT/config/helpLinks.xml HTTP/1.1" 200 796 "http://pub.lmmp.nasa.gov/LMMPUI/LMMP_CLIENT/LMMP_WB.swf/[[DYNAMIC]]/274" "Mozilla/5.0 (Windows NT 6.1; WOW64; Trident/7.0; rv:11.0) like Gecko" 551 1130
112.164.251.96 - - [19/Nov/2014:00:33:38 -0500] "GET /LMMPUI/LMMP_CLIENT/assets/image/NASA_logo.png HTTP/1.1" 200 14512 "http://pub.lmmp.nasa.gov/LMMPUI/LMMP_CLIENT/LMMP_WB.swf/[[DYNAMIC]]/109" "Mozilla/5.0 (Windows NT 6.1; WOW64; Trident/7.0; rv:11.0) like Gecko" 557 14844
112.164.251.96 - - [19/Nov/2014:00:33:38 -0500] "GET /LMMPUI/LMMP_CLIENT/config/ldap.xml HTTP/1.1" 200 492 "http://pub.lmmp.nasa.gov/LMMPUI/LMMP_CLIENT/LMMP_WB.swf/[[DYNAMIC]]/274" "Mozilla/5.0 (Windows NT 6.1; WOW64; Trident/7.0; rv:11.0) like Gecko" 546 826
112.164.251.96 - - [19/Nov/2014:00:33:38 -0500] "GET /LMMPUI/LMMP_CLIENT/config/config.xml?1416375221195 HTTP/1.1" 200 11871 "http://pub.lmmp.nasa.gov/LMMPUI/LMMP_CLIENT/LMMP_WB.swf/[[DYNAMIC]]/274" "Mozilla/5.0 (Windows NT 6.1; WOW64; Trident/7.0; rv:11.0) like Gecko" 562 12209
112.164.251.96 - - [19/Nov/2014:00:33:38 -0500] "GET /LMMPUI/LMMP_CLIENT/assets/image/space.jpg HTTP/1.1" 200 25415 "http://pub.lmmp.nasa.gov/LMMPUI/LMMP_CLIENT/LMMP_WB.swf/[[DYNAMIC]]/109" "Mozilla/5.0 (Windows NT 6.1; WOW64; Trident/7.0; rv:11.0) like Gecko" 553 25748
112.164.251.96 - - [19/Nov/2014:00:33:39 -0500] "GET /LMMPUI/LMMP_CLIENT/homepage/features.xml?v=1416375221273 HTTP/1.1" 200 1611 "http://pub.lmmp.nasa.gov/LMMPUI/LMMP_CLIENT/LMMP_WB.swf/[[DYNAMIC]]/274" "Mozilla/5.0 (Windows NT 6.1; WOW64; Trident/7.0; rv:11.0) like Gecko" 568 1947
112.164.251.96 - - [19/Nov/2014:00:33:38 -0500] "GET /LMMPUI/LMMP_CLIENT/assets/image/background.jpg HTTP/1.1" 200 69719 "http://pub.lmmp.nasa.gov/LMMPUI/LMMP_CLIENT/LMMP_WB.swf/[[DYNAMIC]]/109" "Mozilla/5.0 (Windows NT 6.1; WOW64; Trident/7.0; rv:11.0) like Gecko" 558 70052
127.0.0.1 - - [19/Nov/2014:00:33:40 -0500] "GET /opensso/namingservice HTTP/1.1" 200 7 "-" "Java/1.5.0_21" 220 183
127.0.0.1 - - [19/Nov/2014:00:33:40 -0500] "POST /opensso/sessionservice HTTP/1.1" 200 411 "-" "Java/1.5.0_21" 710 589
127.0.0.1 - - [19/Nov/2014:00:33:40 -0500] "POST /opensso/authservice HTTP/1.1" 200 837 "-" "Java/1.5.0_21" 692 1154
127.0.0.1 - - [19/Nov/2014:00:33:40 -0500] "POST /opensso/authservice HTTP/1.1" 200 1842 "-" "Java/1.5.0_21" 1037 2019
127.0.0.1 - - [19/Nov/2014:00:33:40 -0500] "POST /opensso/sessionservice HTTP/1.1" 200 2012 "-" "Java/1.5.0_21" 710 2189
127.0.0.1 - - [19/Nov/2014:00:33:40 -0500] "POST /opensso/sessionservice HTTP/1.1" 200 269 "-" "Java/1.5.0_21" 776 446
127.0.0.1 - - [19/Nov/2014:00:33:40 -0500] "GET /openssorest/token/localldap HTTP/1.1" 200 62 "-" "Java/1.5.0_21" 277 239
112.164.251.96 - - [19/Nov/2014:00:33:40 -0500] "GET /LMMPUI/rest/proxy/proxyService?cs=bG1tcGd1ZXN0fGd1ZXN0bG1tcHxodHRwOi8vcHViLmxtbXAubmFzYS5nb3Yvb3BlbnNzb3Jlc3QvdG9rZW4vbG9jYWxsZGFw HTTP/1.1" 200 63 "http://pub.lmmp.nasa.gov/LMMPUI/LMMP_CLIENT/LMMP_WB.swf/[[DYNAMIC]]/274" "Mozilla/5.0 (Windows NT 6.1; WOW64; Trident/7.0; rv:11.0) like Gecko" 642 238
112.164.251.96 - - [19/Nov/2014:00:33:41 -0500] "POST /openssorest/token/localldap HTTP/1.1" 200 62 "http://pub.lmmp.nasa.gov/LMMPUI/LMMP_CLIENT/LMMP_WB.swf/[[DYNAMIC]]/274" "Mozilla/5.0 (Windows NT 6.1; WOW64; Trident/7.0; rv:11.0) like Gecko" 696 238
112.164.251.96 - - [19/Nov/2014:00:33:41 -0500] "GET /opensso/identity/isTokenValid?iPlanetDirectoryPro=AQIC5wM2LY4SfcxeRxwrZkN2XZundpErXNrL6K46FtVxUYQ%3D%40AAJTSQACMDE%3D%23 HTTP/1.1" 200 13 "http://pub.lmmp.nasa.gov/LMMPUI/LMMP_CLIENT/LMMP_WB.swf/[[DYNAMIC]]/274" "Mozilla/5.0 (Windows NT 6.1; WOW64; Trident/7.0; rv:11.0) like Gecko" 718 170
112.164.251.96 - - [19/Nov/2014:00:33:41 -0500] "GET /opensso/identity/isTokenValid?iPlanetDirectoryPro=AQIC5wM2LY4SfcxeRxwrZkN2XZundpErXNrL6K46FtVxUYQ%3D%40AAJTSQACMDE%3D%23 HTTP/1.1" 200 13 "http://pub.lmmp.nasa.gov/LMMPUI/LMMP_CLIENT/LMMP_WB.swf/[[DYNAMIC]]/274" "Mozilla/5.0 (Windows NT 6.1; WOW64; Trident/7.0; rv:11.0) like Gecko" 718 170
112.164.251.96 - - [19/Nov/2014:00:33:42 -0500] "GET /opensso/identity/attributes?iPlanetDirectoryPro=AQIC5wM2LY4SfcxeRxwrZkN2XZundpErXNrL6K46FtVxUYQ%3D%40AAJTSQACMDE%3D%23 HTTP/1.1" 200 981 "http://pub.lmmp.nasa.gov/LMMPUI/LMMP_CLIENT/LMMP_WB.swf/[[DYNAMIC]]/274" "Mozilla/5.0 (Windows NT 6.1; WOW64; Trident/7.0; rv:11.0) like Gecko" 716 1139
127.0.0.1 - - [19/Nov/2014:00:33:42 -0500] "POST /opensso/sessionservice HTTP/1.1" 200 2012 "-" "Java/1.5.0_21" 815 2190
127.0.0.1 - - [19/Nov/2014:00:33:42 -0500] "POST /opensso/sessionservice HTTP/1.1" 200 269 "-" "Java/1.5.0_21" 881 446
127.0.0.1 - - [19/Nov/2014:00:33:42 -0500] "POST /opensso/policyservice HTTP/1.1" 200 7689 "-" "Java/1.5.0_21" 1117 7867
127.0.0.1 - - [19/Nov/2014:00:33:42 -0500] "POST /opensso/jaxrpc/SMSObjectIF HTTP/1.1" 200 505 "-" "Java/1.5.0_21" 847 766
127.0.0.1 - - [19/Nov/2014:00:33:42 -0500] "POST /opensso/jaxrpc/DirectoryManagerIF HTTP/1.1" 200 1290 "-" "Java/1.5.0_21" 1362 1551
112.164.251.96 - - [19/Nov/2014:00:33:42 -0500] "GET /LMMP/rest/dbxml/resources?iPlanetDirectoryPro=AQIC5wM2LY4SfcxeRxwrZkN2XZundpErXNrL6K46FtVxUYQ%3D%40AAJTSQACMDE%3D%23 HTTP/1.1" 200 2827 "http://pub.lmmp.nasa.gov/LMMPUI/LMMP_CLIENT/LMMP_WB.swf/[[DYNAMIC]]/274" "Mozilla/5.0 (Windows NT 6.1; WOW64; Trident/7.0; rv:11.0) like Gecko" 714 3079
112.164.251.96 - - [19/Nov/2014:00:33:43 -0500] "GET /opensso/identity/isTokenValid?iPlanetDirectoryPro=AQIC5wM2LY4SfcxeRxwrZkN2XZundpErXNrL6K46FtVxUYQ%3D%40AAJTSQACMDE%3D%23 HTTP/1.1" 200 13 "http://pub.lmmp.nasa.gov/LMMPUI/LMMP_CLIENT/LMMP_WB.swf/[[DYNAMIC]]/274" "Mozilla/5.0 (Windows NT 6.1; WOW64; Trident/7.0; rv:11.0) like Gecko" 718 170
112.164.251.96 - - [19/Nov/2014:00:33:43 -0500] "GET /opensso/identity/isTokenValid?iPlanetDirectoryPro=AQIC5wM2LY4SfcxeRxwrZkN2XZundpErXNrL6K46FtVxUYQ%3D%40AAJTSQACMDE%3D%23 HTTP/1.1" 200 13 "http://pub.lmmp.nasa.gov/LMMPUI/LMMP_CLIENT/LMMP_WB.swf/[[DYNAMIC]]/274" "Mozilla/5.0 (Windows NT 6.1; WOW64; Trident/7.0; rv:11.0) like Gecko" 718 170
112.164.251.96 - - [19/Nov/2014:00:33:43 -0500] "GET /opensso/identity/isTokenValid?iPlanetDirectoryPro=AQIC5wM2LY4SfcxeRxwrZkN2XZundpErXNrL6K46FtVxUYQ%3D%40AAJTSQACMDE%3D%23 HTTP/1.1" 200 13 "http://pub.lmmp.nasa.gov/LMMPUI/LMMP_CLIENT/LMMP_WB.swf/[[DYNAMIC]]/274" "Mozilla/5.0 (Windows NT 6.1; WOW64; Trident/7.0; rv:11.0) like Gecko" 718 170
112.164.251.96 - - [19/Nov/2014:00:33:43 -0500] "GET /LMMPUI/LMMP_CLIENT/config/basemap.xml?iPlanetDirectoryPro=AQIC5wM2LY4SfcxeRxwrZkN2XZundpErXNrL6K46FtVxUYQ%3D%40AAJTSQACMDE%3D%23 HTTP/1.1" 200 232 "http://pub.lmmp.nasa.gov/LMMPUI/LMMP_CLIENT/LMMP_WB.swf/[[DYNAMIC]]/274" "Mozilla/5.0 (Windows NT 6.1; WOW64; Trident/7.0; rv:11.0) like Gecko" 779 565
112.164.251.96 - - [19/Nov/2014:00:33:43 -0500] "GET /LMMPUI/LMMP_CLIENT/config/spBasemap.xml?iPlanetDirectoryPro=AQIC5wM2LY4SfcxeRxwrZkN2XZundpErXNrL6K46FtVxUYQ%3D%40AAJTSQACMDE%3D%23 HTTP/1.1" 200 178 "http://pub.lmmp.nasa.gov/LMMPUI/LMMP_CLIENT/LMMP_WB.swf/[[DYNAMIC]]/274" "Mozilla/5.0 (Windows NT 6.1; WOW64; Trident/7.0; rv:11.0) like Gecko" 781 511
112.164.251.96 - - [19/Nov/2014:00:33:43 -0500] "GET /LMMPUI/LMMP_CLIENT/config/npBasemap.xml?iPlanetDirectoryPro=AQIC5wM2LY4SfcxeRxwrZkN2XZundpErXNrL6K46FtVxUYQ%3D%40AAJTSQACMDE%3D%23 HTTP/1.1" 200 178 "http://pub.lmmp.nasa.gov/LMMPUI/LMMP_CLIENT/LMMP_WB.swf/[[DYNAMIC]]/274" "Mozilla/5.0 (Windows NT 6.1; WOW64; Trident/7.0; rv:11.0) like Gecko" 781 511
112.164.251.96 - - [19/Nov/2014:00:33:43 -0500] "GET /opensso/identity/isTokenValid?iPlanetDirectoryPro=AQIC5wM2LY4SfcxeRxwrZkN2XZundpErXNrL6K46FtVxUYQ%3D%40AAJTSQACMDE%3D%23 HTTP/1.1" 200 13 "http://pub.lmmp.nasa.gov/LMMPUI/LMMP_CLIENT/LMMP_WB.swf/[[DYNAMIC]]/274" "Mozilla/5.0 (Windows NT 6.1; WOW64; Trident/7.0; rv:11.0) like Gecko" 718 170
112.164.251.96 - - [19/Nov/2014:00:33:43 -0500] "GET /opensso/identity/isTokenValid?iPlanetDirectoryPro=AQIC5wM2LY4SfcxeRxwrZkN2XZundpErXNrL6K46FtVxUYQ%3D%40AAJTSQACMDE%3D%23 HTTP/1.1" 200 13 "http://pub.lmmp.nasa.gov/LMMPUI/LMMP_CLIENT/LMMP_WB.swf/[[DYNAMIC]]/274" "Mozilla/5.0 (Windows NT 6.1; WOW64; Trident/7.0; rv:11.0) like Gecko" 718 170
112.164.251.96 - - [19/Nov/2014:00:33:43 -0500] "GET /opensso/identity/isTokenValid?iPlanetDirectoryPro=AQIC5wM2LY4SfcxeRxwrZkN2XZundpErXNrL6K46FtVxUYQ%3D%40AAJTSQACMDE%3D%23 HTTP/1.1" 200 13 "http://pub.lmmp.nasa.gov/LMMPUI/LMMP_CLIENT/LMMP_WB.swf/[[DYNAMIC]]/274" "Mozilla/5.0 (Windows NT 6.1; WOW64; Trident/7.0; rv:11.0) like Gecko" 718 170
127.0.0.1 - - [19/Nov/2014:00:33:43 -0500] "POST /opensso/jaxrpc/SMSObjectIF HTTP/1.1" 200 505 "-" "Java/1.5.0_21" 847 766
127.0.0.1 - - [19/Nov/2014:00:33:43 -0500] "POST /opensso/jaxrpc/DirectoryManagerIF HTTP/1.1" 200 1290 "-" "Java/1.5.0_21" 1362 1551
127.0.0.1 - - [19/Nov/2014:00:33:43 -0500] "POST /opensso/jaxrpc/SMSObjectIF HTTP/1.1" 200 505 "-" "Java/1.5.0_21" 847 767
127.0.0.1 - - [19/Nov/2014:00:33:43 -0500] "POST /opensso/jaxrpc/SMSObjectIF HTTP/1.1" 200 505 "-" "Java/1.5.0_21" 847 767
127.0.0.1 - - [19/Nov/2014:00:33:43 -0500] "POST /opensso/jaxrpc/DirectoryManagerIF HTTP/1.1" 200 1290 "-" "Java/1.5.0_21" 1362 1551
127.0.0.1 - - [19/Nov/2014:00:33:43 -0500] "POST /opensso/jaxrpc/DirectoryManagerIF HTTP/1.1" 200 1290 "-" "Java/1.5.0_21" 1362 1551
112.164.251.96 - - [19/Nov/2014:00:33:43 -0500] "GET /LMMP/rest/dbxml/layers?proj=IAU2000:30118&visOnly=true&sort=Mission%2Ctitle&iPlanetDirectoryPro=AQIC5wM2LY4SfcxeRxwrZkN2XZundpErXNrL6K46FtVxUYQ%3D%40AAJTSQACMDE%3D%23 HTTP/1.1" 200 44040 "http://pub.lmmp.nasa.gov/LMMPUI/LMMP_CLIENT/LMMP_WB.swf/[[DYNAMIC]]/274" "Mozilla/5.0 (Windows NT 6.1; WOW64; Trident/7.0; rv:11.0) like Gecko" 817 44328
112.164.251.96 - - [19/Nov/2014:00:33:43 -0500] "GET /LMMP/rest/dbxml/layers?proj=IAU2000:30120&visOnly=true&sort=Mission%2Ctitle&iPlanetDirectoryPro=AQIC5wM2LY4SfcxeRxwrZkN2XZundpErXNrL6K46FtVxUYQ%3D%40AAJTSQACMDE%3D%23 HTTP/1.1" 200 55891 "http://pub.lmmp.nasa.gov/LMMPUI/LMMP_CLIENT/LMMP_WB.swf/[[DYNAMIC]]/274" "Mozilla/5.0 (Windows NT 6.1; WOW64; Trident/7.0; rv:11.0) like Gecko" 817 56188
112.164.251.96 - - [19/Nov/2014:00:33:46 -0500] "GET /opensso/identity/isTokenValid?iPlanetDirectoryPro=AQIC5wM2LY4SfcxeRxwrZkN2XZundpErXNrL6K46FtVxUYQ%3D%40AAJTSQACMDE%3D%23 HTTP/1.1" 200 13 "http://pub.lmmp.nasa.gov/LMMPUI/LMMP_CLIENT/LMMP_WB.swf/[[DYNAMIC]]/274" "Mozilla/5.0 (Windows NT 6.1; WOW64; Trident/7.0; rv:11.0) like Gecko" 718 170
112.164.251.96 - - [19/Nov/2014:00:33:46 -0500] "GET /opensso/identity/isTokenValid?iPlanetDirectoryPro=AQIC5wM2LY4SfcxeRxwrZkN2XZundpErXNrL6K46FtVxUYQ%3D%40AAJTSQACMDE%3D%23 HTTP/1.1" 200 13 "http://pub.lmmp.nasa.gov/LMMPUI/LMMP_CLIENT/LMMP_WB.swf/[[DYNAMIC]]/274" "Mozilla/5.0 (Windows NT 6.1; WOW64; Trident/7.0; rv:11.0) like Gecko" 718 170
127.0.0.1 - - [19/Nov/2014:00:33:46 -0500] "POST /opensso/jaxrpc/SMSObjectIF HTTP/1.1" 200 505 "-" "Java/1.5.0_21" 847 766
127.0.0.1 - - [19/Nov/2014:00:33:46 -0500] "POST /opensso/jaxrpc/DirectoryManagerIF HTTP/1.1" 200 1290 "-" "Java/1.5.0_21" 1362 1551
127.0.0.1 - - [19/Nov/2014:00:33:46 -0500] "POST /opensso/jaxrpc/SMSObjectIF HTTP/1.1" 200 505 "-" "Java/1.5.0_21" 847 766
127.0.0.1 - - [19/Nov/2014:00:33:46 -0500] "POST /opensso/jaxrpc/DirectoryManagerIF HTTP/1.1" 200 1290 "-" "Java/1.5.0_21" 1362 1551
112.164.251.96 - - [19/Nov/2014:00:33:46 -0500] "GET /LMMP/rest/dbxml/layers/int?proj=IAU2000:30118&sort=Mission%2Ctitle&iPlanetDirectoryPro=AQIC5wM2LY4SfcxeRxwrZkN2XZundpErXNrL6K46FtVxUYQ%3D%40AAJTSQACMDE%3D%23 HTTP/1.1" 200 8134 "http://pub.lmmp.nasa.gov/LMMPUI/LMMP_CLIENT/LMMP_WB.swf/[[DYNAMIC]]/274" "Mozilla/5.0 (Windows NT 6.1; WOW64; Trident/7.0; rv:11.0) like Gecko" 808 8383
112.164.251.96 - - [19/Nov/2014:00:33:46 -0500] "GET /LMMP/rest/dbxml/layers/int?proj=IAU2000:30120&sort=Mission%2Ctitle&iPlanetDirectoryPro=AQIC5wM2LY4SfcxeRxwrZkN2XZundpErXNrL6K46FtVxUYQ%3D%40AAJTSQACMDE%3D%23 HTTP/1.1" 200 10 "http://pub.lmmp.nasa.gov/LMMPUI/LMMP_CLIENT/LMMP_WB.swf/[[DYNAMIC]]/274" "Mozilla/5.0 (Windows NT 6.1; WOW64; Trident/7.0; rv:11.0) like Gecko" 808 256
127.0.0.1 - - [19/Nov/2014:00:33:48 -0500] "GET /opensso/namingservice HTTP/1.1" 200 7 "-" "Java/1.5.0_21" 220 183
112.164.251.96 - - [19/Nov/2014:00:33:43 -0500] "GET /LMMP/rest/dbxml/layers?proj=IAU2000:30100&visOnly=true&sort=Mission%2Ctitle&iPlanetDirectoryPro=AQIC5wM2LY4SfcxeRxwrZkN2XZundpErXNrL6K46FtVxUYQ%3D%40AAJTSQACMDE%3D%23 HTTP/1.1" 200 831579 "http://pub.lmmp.nasa.gov/LMMPUI/LMMP_CLIENT/LMMP_WB.swf/[[DYNAMIC]]/274" "Mozilla/5.0 (Windows NT 6.1; WOW64; Trident/7.0; rv:11.0) like Gecko" 817 832636
112.164.251.96 - - [19/Nov/2014:00:33:56 -0500] "GET /opensso/identity/isTokenValid?iPlanetDirectoryPro=AQIC5wM2LY4SfcxeRxwrZkN2XZundpErXNrL6K46FtVxUYQ%3D%40AAJTSQACMDE%3D%23 HTTP/1.1" 200 13 "http://pub.lmmp.nasa.gov/LMMPUI/LMMP_CLIENT/LMMP_WB.swf/[[DYNAMIC]]/274" "Mozilla/5.0 (Windows NT 6.1; WOW64; Trident/7.0; rv:11.0) like Gecko" 718 170
127.0.0.1 - - [19/Nov/2014:00:33:57 -0500] "POST /opensso/jaxrpc/SMSObjectIF HTTP/1.1" 200 505 "-" "Java/1.5.0_21" 847 767
127.0.0.1 - - [19/Nov/2014:00:33:57 -0500] "POST /opensso/jaxrpc/DirectoryManagerIF HTTP/1.1" 200 1290 "-" "Java/1.5.0_21" 1362 1551
112.164.251.96 - - [19/Nov/2014:00:33:57 -0500] "GET /LMMP/rest/dbxml/layers/int?proj=IAU2000:30100&sort=Mission%2Ctitle&iPlanetDirectoryPro=AQIC5wM2LY4SfcxeRxwrZkN2XZundpErXNrL6K46FtVxUYQ%3D%40AAJTSQACMDE%3D%23 HTTP/1.1" 200 349346 "http://pub.lmmp.nasa.gov/LMMPUI/LMMP_CLIENT/LMMP_WB.swf/[[DYNAMIC]]/274" "Mozilla/5.0 (Windows NT 6.1; WOW64; Trident/7.0; rv:11.0) like Gecko" 808 349931
112.164.251.96 - - [19/Nov/2014:00:34:01 -0500] "GET /opensso/identity/isTokenValid?iPlanetDirectoryPro=AQIC5wM2LY4SfcxeRxwrZkN2XZundpErXNrL6K46FtVxUYQ%3D%40AAJTSQACMDE%3D%23 HTTP/1.1" 200 13 "http://pub.lmmp.nasa.gov/LMMPUI/LMMP_CLIENT/LMMP_WB.swf/[[DYNAMIC]]/274" "Mozilla/5.0 (Windows NT 6.1; WOW64; Trident/7.0; rv:11.0) like Gecko" 718 170
112.164.251.96 - - [19/Nov/2014:00:34:02 -0500] "GET /LMMPUI/LMMP_CLIENT/sampleData/emptyLayer.xml?iPlanetDirectoryPro=AQIC5wM2LY4SfcxeRxwrZkN2XZundpErXNrL6K46FtVxUYQ%3D%40AAJTSQACMDE%3D%23 HTTP/1.1" 200 19 "http://pub.lmmp.nasa.gov/LMMPUI/LMMP_CLIENT/LMMP_WB.swf/[[DYNAMIC]]/274" "Mozilla/5.0 (Windows NT 6.1; WOW64; Trident/7.0; rv:11.0) like Gecko" 786 350
112.164.251.96 - - [19/Nov/2014:00:34:02 -0500] "GET /opensso/identity/isTokenValid?iPlanetDirectoryPro=AQIC5wM2LY4SfcxeRxwrZkN2XZundpErXNrL6K46FtVxUYQ%3D%40AAJTSQACMDE%3D%23 HTTP/1.1" 200 13 "http://pub.lmmp.nasa.gov/LMMPUI/LMMP_CLIENT/LMMP_WB.swf/[[DYNAMIC]]/274" "Mozilla/5.0 (Windows NT 6.1; WOW64; Trident/7.0; rv:11.0) like Gecko" 718 170
112.164.251.96 - - [19/Nov/2014:00:34:03 -0500] "GET /opensso/identity/isTokenValid?iPlanetDirectoryPro=AQIC5wM2LY4SfcxeRxwrZkN2XZundpErXNrL6K46FtVxUYQ%3D%40AAJTSQACMDE%3D%23 HTTP/1.1" 200 13 "http://pub.lmmp.nasa.gov/LMMPUI/LMMP_CLIENT/LMMP_WB.swf/[[DYNAMIC]]/274" "Mozilla/5.0 (Windows NT 6.1; WOW64; Trident/7.0; rv:11.0) like Gecko" 718 171
112.164.251.96 - - [19/Nov/2014:00:34:03 -0500] "GET /LMMPUI/LMMP_CLIENT/sampleData/graticule.xml HTTP/1.1" 200 1234 "http://pub.lmmp.nasa.gov/LMMPUI/LMMP_CLIENT/LMMP_WB.swf/[[DYNAMIC]]/274" "Mozilla/5.0 (Windows NT 6.1; WOW64; Trident/7.0; rv:11.0) like Gecko" 694 1570
112.164.251.96 - - [19/Nov/2014:00:34:03 -0500] "GET /LMMPUI/LMMP_CLIENT/sampleData/nomenclature.xml HTTP/1.1" 200 1725 "http://pub.lmmp.nasa.gov/LMMPUI/LMMP_CLIENT/LMMP_WB.swf/[[DYNAMIC]]/274" "Mozilla/5.0 (Windows NT 6.1; WOW64; Trident/7.0; rv:11.0) like Gecko" 697 2061
112.164.251.96 - - [19/Nov/2014:00:34:03 -0500] "GET /LMMPUI/LMMP_CLIENT/config/searchResultFields.xml HTTP/1.1" 200 1711 "http://pub.lmmp.nasa.gov/LMMPUI/LMMP_CLIENT/LMMP_WB.swf/[[DYNAMIC]]/274" "Mozilla/5.0 (Windows NT 6.1; WOW64; Trident/7.0; rv:11.0) like Gecko" 699 2046
112.164.251.96 - - [19/Nov/2014:00:34:03 -0500] "GET /LMMPUI/LMMP_CLIENT/config/nomenclatureType.xml HTTP/1.1" 200 691 "http://pub.lmmp.nasa.gov/LMMPUI/LMMP_CLIENT/LMMP_WB.swf/[[DYNAMIC]]/274" "Mozilla/5.0 (Windows NT 6.1; WOW64; Trident/7.0; rv:11.0) like Gecko" 697 1025
112.164.251.96 - - [19/Nov/2014:00:34:03 -0500] "GET /LMMP/rest/auxmd/types?iPlanetDirectoryPro=AQIC5wM2LY4SfcxeRxwrZkN2XZundpErXNrL6K46FtVxUYQ%3D%40AAJTSQACMDE%3D%23 HTTP/1.1" 200 119 "http://pub.lmmp.nasa.gov/LMMPUI/LMMP_CLIENT/LMMP_WB.swf/[[DYNAMIC]]/274" "Mozilla/5.0 (Windows NT 6.1; WOW64; Trident/7.0; rv:11.0) like Gecko" 763 295
112.164.251.96 - - [19/Nov/2014:00:34:03 -0500] "GET /LMMP/rest/auxmd/acl?iPlanetDirectoryPro=AQIC5wM2LY4SfcxeRxwrZkN2XZundpErXNrL6K46FtVxUYQ%3D%40AAJTSQACMDE%3D%23 HTTP/1.1" 200 1468 "http://pub.lmmp.nasa.gov/LMMPUI/LMMP_CLIENT/LMMP_WB.swf/[[DYNAMIC]]/274" "Mozilla/5.0 (Windows NT 6.1; WOW64; Trident/7.0; rv:11.0) like Gecko" 761 1644
112.164.251.96 - - [19/Nov/2014:00:34:03 -0500] "GET /opensso/identity/isTokenValid?iPlanetDirectoryPro=AQIC5wM2LY4SfcxeRxwrZkN2XZundpErXNrL6K46FtVxUYQ%3D%40AAJTSQACMDE%3D%23 HTTP/1.1" 200 13 "http://pub.lmmp.nasa.gov/LMMPUI/LMMP_CLIENT/LMMP_WB.swf/[[DYNAMIC]]/274" "Mozilla/5.0 (Windows NT 6.1; WOW64; Trident/7.0; rv:11.0) like Gecko" 718 170
112.164.251.96 - - [19/Nov/2014:00:34:03 -0500] "GET /opensso/identity/isTokenValid?iPlanetDirectoryPro=AQIC5wM2LY4SfcxeRxwrZkN2XZundpErXNrL6K46FtVxUYQ%3D%40AAJTSQACMDE%3D%23 HTTP/1.1" 200 13 "http://pub.lmmp.nasa.gov/LMMPUI/LMMP_CLIENT/LMMP_WB.swf/[[DYNAMIC]]/274" "Mozilla/5.0 (Windows NT 6.1; WOW64; Trident/7.0; rv:11.0) like Gecko" 718 170
112.164.251.96 - - [19/Nov/2014:00:34:03 -0500] "GET /opensso/identity/isTokenValid?iPlanetDirectoryPro=AQIC5wM2LY4SfcxeRxwrZkN2XZundpErXNrL6K46FtVxUYQ%3D%40AAJTSQACMDE%3D%23 HTTP/1.1" 200 13 "http://pub.lmmp.nasa.gov/LMMPUI/LMMP_CLIENT/LMMP_WB.swf/[[DYNAMIC]]/274" "Mozilla/5.0 (Windows NT 6.1; WOW64; Trident/7.0; rv:11.0) like Gecko" 718 170
112.164.251.96 - - [19/Nov/2014:00:34:03 -0500] "GET /opensso/identity/isTokenValid?iPlanetDirectoryPro=AQIC5wM2LY4SfcxeRxwrZkN2XZundpErXNrL6K46FtVxUYQ%3D%40AAJTSQACMDE%3D%23 HTTP/1.1" 200 13 "http://pub.lmmp.nasa.gov/LMMPUI/LMMP_CLIENT/LMMP_WB.swf/[[DYNAMIC]]/274" "Mozilla/5.0 (Windows NT 6.1; WOW64; Trident/7.0; rv:11.0) like Gecko" 718 170
112.164.251.96 - - [19/Nov/2014:00:34:03 -0500] "GET /opensso/identity/isTokenValid?iPlanetDirectoryPro=AQIC5wM2LY4SfcxeRxwrZkN2XZundpErXNrL6K46FtVxUYQ%3D%40AAJTSQACMDE%3D%23 HTTP/1.1" 200 13 "http://pub.lmmp.nasa.gov/LMMPUI/LMMP_CLIENT/LMMP_WB.swf/[[DYNAMIC]]/274" "Mozilla/5.0 (Windows NT 6.1; WOW64; Trident/7.0; rv:11.0) like Gecko" 718 170
112.164.251.96 - - [19/Nov/2014:00:34:03 -0500] "GET /LMMP/rest/auxmd/create?iPlanetDirectoryPro=AQIC5wM2LY4SfcxeRxwrZkN2XZundpErXNrL6K46FtVxUYQ%3D%40AAJTSQACMDE%3D%23&mdType=bounding HTTP/1.1" 200 513 "http://pub.lmmp.nasa.gov/LMMPUI/LMMP_CLIENT/LMMP_WB.swf/[[DYNAMIC]]/274" "Mozilla/5.0 (Windows NT 6.1; WOW64; Trident/7.0; rv:11.0) like Gecko" 780 689
112.164.251.96 - - [19/Nov/2014:00:34:03 -0500] "GET /LMMP/rest/auxmd/create?iPlanetDirectoryPro=AQIC5wM2LY4SfcxeRxwrZkN2XZundpErXNrL6K46FtVxUYQ%3D%40AAJTSQACMDE%3D%23&mdType=point HTTP/1.1" 200 319 "http://pub.lmmp.nasa.gov/LMMPUI/LMMP_CLIENT/LMMP_WB.swf/[[DYNAMIC]]/274" "Mozilla/5.0 (Windows NT 6.1; WOW64; Trident/7.0; rv:11.0) like Gecko" 777 495
112.164.251.96 - - [19/Nov/2014:00:34:03 -0500] "GET /LMMP/rest/auxmd/create?iPlanetDirectoryPro=AQIC5wM2LY4SfcxeRxwrZkN2XZundpErXNrL6K46FtVxUYQ%3D%40AAJTSQACMDE%3D%23&mdType=polyo HTTP/1.1" 200 38 "http://pub.lmmp.nasa.gov/LMMPUI/LMMP_CLIENT/LMMP_WB.swf/[[DYNAMIC]]/274" "Mozilla/5.0 (Windows NT 6.1; WOW64; Trident/7.0; rv:11.0) like Gecko" 777 213
112.164.251.96 - - [19/Nov/2014:00:34:03 -0500] "GET /LMMP/rest/auxmd/create?iPlanetDirectoryPro=AQIC5wM2LY4SfcxeRxwrZkN2XZundpErXNrL6K46FtVxUYQ%3D%40AAJTSQACMDE%3D%23&mdType=layer HTTP/1.1" 200 173 "http://pub.lmmp.nasa.gov/LMMPUI/LMMP_CLIENT/LMMP_WB.swf/[[DYNAMIC]]/274" "Mozilla/5.0 (Windows NT 6.1; WOW64; Trident/7.0; rv:11.0) like Gecko" 777 348
112.164.251.96 - - [19/Nov/2014:00:34:03 -0500] "GET /LMMP/rest/auxmd/create?iPlanetDirectoryPro=AQIC5wM2LY4SfcxeRxwrZkN2XZundpErXNrL6K46FtVxUYQ%3D%40AAJTSQACMDE%3D%23&mdType=polyx HTTP/1.1" 200 38 "http://pub.lmmp.nasa.gov/LMMPUI/LMMP_CLIENT/LMMP_WB.swf/[[DYNAMIC]]/274" "Mozilla/5.0 (Windows NT 6.1; WOW64; Trident/7.0; rv:11.0) like Gecko" 777 213
112.164.251.96 - - [19/Nov/2014:00:34:04 -0500] "GET /LMMPUI/LMMP_CLIENT/assets/menu/search.png HTTP/1.1" 200 15244 "http://pub.lmmp.nasa.gov/LMMPUI/LMMP_CLIENT/LMMP_WB.swf/[[DYNAMIC]]/109" "Mozilla/5.0 (Windows NT 6.1; WOW64; Trident/7.0; rv:11.0) like Gecko" 692 15575
112.164.251.96 - - [19/Nov/2014:00:34:04 -0500] "GET /LMMPUI/LMMP_CLIENT/assets/menu/layers.png HTTP/1.1" 200 15248 "http://pub.lmmp.nasa.gov/LMMPUI/LMMP_CLIENT/LMMP_WB.swf/[[DYNAMIC]]/109" "Mozilla/5.0 (Windows NT 6.1; WOW64; Trident/7.0; rv:11.0) like Gecko" 692 15579
112.164.251.96 - - [19/Nov/2014:00:34:04 -0500] "GET /LMMPUI/LMMP_CLIENT/assets/menu/upload.png HTTP/1.1" 200 11528 "http://pub.lmmp.nasa.gov/LMMPUI/LMMP_CLIENT/LMMP_WB.swf/[[DYNAMIC]]/109" "Mozilla/5.0 (Windows NT 6.1; WOW64; Trident/7.0; rv:11.0) like Gecko" 692 11859
112.164.251.96 - - [19/Nov/2014:00:34:04 -0500] "GET /LMMPUI/LMMP_CLIENT/assets/menu/fullextent.png HTTP/1.1" 200 15565 "http://pub.lmmp.nasa.gov/LMMPUI/LMMP_CLIENT/LMMP_WB.swf/[[DYNAMIC]]/109" "Mozilla/5.0 (Windows NT 6.1; WOW64; Trident/7.0; rv:11.0) like Gecko" 696 15896
112.164.251.96 - - [19/Nov/2014:00:34:04 -0500] "GET /LMMPUI/LMMP_CLIENT/assets/system/complete.png HTTP/1.1" 200 272 "http://pub.lmmp.nasa.gov/LMMPUI/LMMP_CLIENT/LMMP_WB.swf/[[DYNAMIC]]/109" "Mozilla/5.0 (Windows NT 6.1; WOW64; Trident/7.0; rv:11.0) like Gecko" 696 599
112.164.251.96 - - [19/Nov/2014:00:34:04 -0500] "GET /LMMPUI/LMMP_CLIENT/assets/menu/info.png HTTP/1.1" 200 9601 "http://pub.lmmp.nasa.gov/LMMPUI/LMMP_CLIENT/LMMP_WB.swf/[[DYNAMIC]]/109" "Mozilla/5.0 (Windows NT 6.1; WOW64; Trident/7.0; rv:11.0) like Gecko" 690 9930
112.164.251.96 - - [19/Nov/2014:00:34:04 -0500] "GET /LMMPUI/LMMP_CLIENT/assets/menu/fullscreen.png HTTP/1.1" 200 6741 "http://pub.lmmp.nasa.gov/LMMPUI/LMMP_CLIENT/LMMP_WB.swf/[[DYNAMIC]]/109" "Mozilla/5.0 (Windows NT 6.1; WOW64; Trident/7.0; rv:11.0) like Gecko" 696 7070
112.164.251.96 - - [19/Nov/2014:00:34:04 -0500] "GET /LMMPUI/LMMP_CLIENT/assets/menu/link.png HTTP/1.1" 200 11578 "http://pub.lmmp.nasa.gov/LMMPUI/LMMP_CLIENT/LMMP_WB.swf/[[DYNAMIC]]/109" "Mozilla/5.0 (Windows NT 6.1; WOW64; Trident/7.0; rv:11.0) like Gecko" 690 11909
112.164.251.96 - - [19/Nov/2014:00:34:04 -0500] "GET /LMMPUI/LMMP_CLIENT/assets/system/i_expand3.png HTTP/1.1" 200 1686 "http://pub.lmmp.nasa.gov/LMMPUI/LMMP_CLIENT/LMMP_WB.swf/[[DYNAMIC]]/109" "Mozilla/5.0 (Windows NT 6.1; WOW64; Trident/7.0; rv:11.0) like Gecko" 697 2015
112.164.251.96 - - [19/Nov/2014:00:34:05 -0500] "GET /LMMPUI/LMMP_CLIENT/assets/system/nameSearch.png HTTP/1.1" 200 1475 "http://pub.lmmp.nasa.gov/LMMPUI/LMMP_CLIENT/LMMP_WB.swf/[[DYNAMIC]]/109" "Mozilla/5.0 (Windows NT 6.1; WOW64; Trident/7.0; rv:11.0) like Gecko" 698 1804
112.164.251.96 - - [19/Nov/2014:00:34:05 -0500] "GET /LMMPUI/LMMP_CLIENT/assets/system/w_closeCircle.png HTTP/1.1" 200 1612 "http://pub.lmmp.nasa.gov/LMMPUI/LMMP_CLIENT/LMMP_WB.swf/[[DYNAMIC]]/109" "Mozilla/5.0 (Windows NT 6.1; WOW64; Trident/7.0; rv:11.0) like Gecko" 701 1941
112.164.251.96 - - [19/Nov/2014:00:34:05 -0500] "GET /LMMPUI/LMMP_CLIENT/assets/system/plus.png HTTP/1.1" 200 1567 "http://pub.lmmp.nasa.gov/LMMPUI/LMMP_CLIENT/LMMP_WB.swf/[[DYNAMIC]]/486" "Mozilla/5.0 (Windows NT 6.1; WOW64; Trident/7.0; rv:11.0) like Gecko" 692 1896
112.164.251.96 - - [19/Nov/2014:00:34:05 -0500] "GET /LMMPUI/LMMP_CLIENT/assets/system/minus.png HTTP/1.1" 200 1277 "http://pub.lmmp.nasa.gov/LMMPUI/LMMP_CLIENT/LMMP_WB.swf/[[DYNAMIC]]/486" "Mozilla/5.0 (Windows NT 6.1; WOW64; Trident/7.0; rv:11.0) like Gecko" 693 1606
112.164.251.96 - - [19/Nov/2014:00:34:05 -0500] "GET /LMMPUI/LMMP_CLIENT/assets/proto/wiki.png HTTP/1.1" 200 13450 "http://pub.lmmp.nasa.gov/LMMPUI/LMMP_CLIENT/LMMP_WB.swf/[[DYNAMIC]]/486" "Mozilla/5.0 (Windows NT 6.1; WOW64; Trident/7.0; rv:11.0) like Gecko" 691 13781
112.164.251.96 - - [19/Nov/2014:00:34:05 -0500] "GET /LMMPUI/LMMP_CLIENT/assets/proto/survey.png HTTP/1.1" 200 7637 "http://pub.lmmp.nasa.gov/LMMPUI/LMMP_CLIENT/LMMP_WB.swf/[[DYNAMIC]]/486" "Mozilla/5.0 (Windows NT 6.1; WOW64; Trident/7.0; rv:11.0) like Gecko" 693 7966
112.164.251.96 - - [19/Nov/2014:00:34:05 -0500] "GET /LMMPUI/LMMP_CLIENT/assets/image/MoonTourLogo.jpg HTTP/1.1" 200 3967 "http://pub.lmmp.nasa.gov/LMMPUI/LMMP_CLIENT/LMMP_WB.swf/[[DYNAMIC]]/486" "Mozilla/5.0 (Windows NT 6.1; WOW64; Trident/7.0; rv:11.0) like Gecko" 699 4297
112.164.251.96 - - [19/Nov/2014:00:34:05 -0500] "GET /LMMPUI/LMMP_CLIENT/assets/image/badge_appstore-lrg.png HTTP/1.1" 200 3394 "http://pub.lmmp.nasa.gov/LMMPUI/LMMP_CLIENT/LMMP_WB.swf/[[DYNAMIC]]/486" "Mozilla/5.0 (Windows NT 6.1; WOW64; Trident/7.0; rv:11.0) like Gecko" 705 3723
112.164.251.96 - - [19/Nov/2014:00:34:05 -0500] "GET /LMMPUI/LMMP_CLIENT/assets/proto/gallery.png HTTP/1.1" 200 18089 "http://pub.lmmp.nasa.gov/LMMPUI/LMMP_CLIENT/LMMP_WB.swf/[[DYNAMIC]]/486" "Mozilla/5.0 (Windows NT 6.1; WOW64; Trident/7.0; rv:11.0) like Gecko" 694 18420
112.164.251.96 - - [19/Nov/2014:00:34:05 -0500] "GET /LMMPUI/LMMP_CLIENT/homepage/data.xml?v=1416375247184 HTTP/1.1" 200 3907 "http://pub.lmmp.nasa.gov/LMMPUI/LMMP_CLIENT/LMMP_WB.swf/[[DYNAMIC]]/274" "Mozilla/5.0 (Windows NT 6.1; WOW64; Trident/7.0; rv:11.0) like Gecko" 703 4242
112.164.251.96 - - [19/Nov/2014:00:34:05 -0500] "GET /LMMPUI/LMMP_CLIENT/assets/proto/mariusHills.jpg HTTP/1.1" 200 61059 "http://pub.lmmp.nasa.gov/LMMPUI/LMMP_CLIENT/LMMP_WB.swf/[[DYNAMIC]]/486" "Mozilla/5.0 (Windows NT 6.1; WOW64; Trident/7.0; rv:11.0) like Gecko" 698 61391
112.164.251.96 - - [19/Nov/2014:00:34:05 -0500] "GET /LMMPUI/LMMP_CLIENT/assets/proto/gruithuisen.jpg HTTP/1.1" 200 62986 "http://pub.lmmp.nasa.gov/LMMPUI/LMMP_CLIENT/LMMP_WB.swf/[[DYNAMIC]]/486" "Mozilla/5.0 (Windows NT 6.1; WOW64; Trident/7.0; rv:11.0) like Gecko" 698 63318
112.164.251.96 - - [19/Nov/2014:00:34:05 -0500] "GET /LMMPUI/LMMP_CLIENT/assets/proto/inaDCaldera.jpg HTTP/1.1" 200 74885 "http://pub.lmmp.nasa.gov/LMMPUI/LMMP_CLIENT/LMMP_WB.swf/[[DYNAMIC]]/486" "Mozilla/5.0 (Windows NT 6.1; WOW64; Trident/7.0; rv:11.0) like Gecko" 698 75217
127.0.0.1 - - [19/Nov/2014:00:34:10 -0500] "GET /opensso/namingservice HTTP/1.1" 200 7 "-" "Java/1.5.0_21" 220 183
148.251.124.42 - - [19/Nov/2014:00:34:10 -0500] "GET /olyblog/olytrivia-avalon-theatre HTTP/1.1" 404 230 "-" "Mozilla/5.0 (X11; Linux i686; rv:21.0) Gecko/20100101 Firefox/21.0" 179 475
127.0.0.1 - - [19/Nov/2014:00:34:18 -0500] "GET /opensso/namingservice HTTP/1.1" 200 7 "-" "Java/1.5.0_21" 220 183
127.0.0.1 - - [19/Nov/2014:00:34:40 -0500] "GET /opensso/namingservice HTTP/1.1" 200 7 "-" "Java/1.5.0_21" 220 183
127.0.0.1 - - [19/Nov/2014:00:34:48 -0500] "GET /opensso/namingservice HTTP/1.1" 200 7 "-" "Java/1.5.0_21" 220 183
112.164.251.96 - - [19/Nov/2014:00:34:58 -0500] "GET /LMMPUI/LMMP_CLIENT/LMMP.html HTTP/1.1" 200 8973 "-" "Mozilla/4.0 (compatible; MSIE 7.0; Windows NT 6.1; Win64; x64; Trident/6.0; .NET CLR 2.0.50727; SLCC2; .NET CLR 3.5.30729; .NET CLR 3.0.30729; Media Center PC 6.0; InfoPath.3; .NET4.0C; Tablet PC 2.0; .NET4.0E; ms-office)" 390 9303
112.164.251.96 - - [19/Nov/2014:00:35:02 -0500] "GET /LMMPUI/LMMP_CLIENT/LMMP.html HTTP/1.1" 200 8973 "-" "Mozilla/4.0 (compatible; MSIE 7.0; Windows NT 6.1; Win64; x64; Trident/6.0; .NET CLR 2.0.50727; SLCC2; .NET CLR 3.5.30729; .NET CLR 3.0.30729; Media Center PC 6.0; InfoPath.3; .NET4.0C; Tablet PC 2.0; .NET4.0E; ms-office)" 390 9303
112.164.251.96 - - [19/Nov/2014:00:35:06 -0500] "GET /LMMPUI/LMMP_CLIENT/LMMP.html HTTP/1.1" 206 6383 "-" "Mozilla/4.0 (compatible; MSIE 7.0; Windows NT 6.1; WOW64; Trident/6.0; SLCC2; .NET CLR 2.0.50727; .NET CLR 3.5.30729; .NET CLR 3.0.30729; Media Center PC 6.0; MASM; InfoPath.3; .NET4.0C; .NET4.0E)" 436 6763
112.164.251.96 - - [19/Nov/2014:00:35:06 -0500] "GET /LMMPUI/LMMP_CLIENT/LMMP.html HTTP/1.1" 200 8973 "-" "Mozilla/5.0 (Windows NT 6.3; WOW64) AppleWebKit/537.36 (KHTML, like Gecko) Chrome/38.0.2125.111 Safari/537.36" 421 9303
112.164.251.96 - - [19/Nov/2014:00:35:07 -0500] "GET /LMMPUI/LMMP_CLIENT/history/history.css HTTP/1.1" 200 365 "http://pub.lmmp.nasa.gov/LMMPUI/LMMP_CLIENT/LMMP.html" "Mozilla/4.0 (compatible; MSIE 7.0; Windows NT 6.1; WOW64; Trident/6.0; SLCC2; .NET CLR 2.0.50727; .NET CLR 3.5.30729; .NET CLR 3.0.30729; Media Center PC 6.0; MASM; InfoPath.3; .NET4.0C; .NET4.0E)" 456 692
112.164.251.96 - - [19/Nov/2014:00:35:07 -0500] "GET /LMMPUI/LMMP_CLIENT/history/history.js HTTP/1.1" 200 24650 "http://pub.lmmp.nasa.gov/LMMPUI/LMMP_CLIENT/LMMP.html" "Mozilla/4.0 (compatible; MSIE 7.0; Windows NT 6.1; WOW64; Trident/6.0; SLCC2; .NET CLR 2.0.50727; .NET CLR 3.5.30729; .NET CLR 3.0.30729; Media Center PC 6.0; MASM; InfoPath.3; .NET4.0C; .NET4.0E)" 455 24987
112.164.251.96 - - [19/Nov/2014:00:35:08 -0500] "GET /LMMPUI/LMMP_CLIENT/swfobject.js HTTP/1.1" 200 25574 "http://pub.lmmp.nasa.gov/LMMPUI/LMMP_CLIENT/LMMP.html" "Mozilla/4.0 (compatible; MSIE 7.0; Windows NT 6.1; WOW64; Trident/6.0; SLCC2; .NET CLR 2.0.50727; .NET CLR 3.5.30729; .NET CLR 3.0.30729; Media Center PC 6.0; MASM; InfoPath.3; .NET4.0C; .NET4.0E)" 449 25911
127.0.0.1 - - [19/Nov/2014:00:35:10 -0500] "GET /opensso/namingservice HTTP/1.1" 200 7 "-" "Java/1.5.0_21" 220 183
112.164.251.96 - - [19/Nov/2014:00:35:10 -0500] "GET /LMMPUI/LMMP_CLIENT/history/history.css HTTP/1.1" 200 365 "http://pub.lmmp.nasa.gov/LMMPUI/LMMP_CLIENT/LMMP.html" "Mozilla/5.0 (Windows NT 6.3; WOW64) AppleWebKit/537.36 (KHTML, like Gecko) Chrome/38.0.2125.111 Safari/537.36" 439 692
112.164.251.96 - - [19/Nov/2014:00:35:10 -0500] "GET /LMMPUI/LMMP_CLIENT/swfobject.js HTTP/1.1" 200 25574 "http://pub.lmmp.nasa.gov/LMMPUI/LMMP_CLIENT/LMMP.html" "Mozilla/5.0 (Windows NT 6.3; WOW64) AppleWebKit/537.36 (KHTML, like Gecko) Chrome/38.0.2125.111 Safari/537.36" 417 25912
112.164.251.96 - - [19/Nov/2014:00:35:10 -0500] "GET /LMMPUI/LMMP_CLIENT/history/history.js HTTP/1.1" 200 24650 "http://pub.lmmp.nasa.gov/LMMPUI/LMMP_CLIENT/LMMP.html" "Mozilla/5.0 (Windows NT 6.3; WOW64) AppleWebKit/537.36 (KHTML, like Gecko) Chrome/38.0.2125.111 Safari/537.36" 423 24988
127.0.0.1 - - [19/Nov/2014:00:35:18 -0500] "GET /opensso/namingservice HTTP/1.1" 200 7 "-" "Java/1.5.0_21" 220 183
112.164.251.96 - - [19/Nov/2014:00:35:27 -0500] "GET /favicon.ico HTTP/1.1" 404 209 "-" "Mozilla/5.0 (Windows NT 6.3; WOW64) AppleWebKit/537.36 (KHTML, like Gecko) Chrome/38.0.2125.111 Safari/537.36" 333 454
127.0.0.1 - - [19/Nov/2014:00:35:40 -0500] "GET /opensso/namingservice HTTP/1.1" 200 7 "-" "Java/1.5.0_21" 220 183
127.0.0.1 - - [19/Nov/2014:00:35:48 -0500] "GET /opensso/namingservice HTTP/1.1" 200 7 "-" "Java/1.5.0_21" 220 183
112.164.251.96 - - [19/Nov/2014:00:36:06 -0500] "GET /LMMPUI/LMMP_CLIENT/LMMP.html HTTP/1.1" 304 - "-" "Mozilla/5.0 (Windows NT 6.3; WOW64) AppleWebKit/537.36 (KHTML, like Gecko) Chrome/38.0.2125.111 Safari/537.36" 536 225
112.164.251.96 - - [19/Nov/2014:00:36:07 -0500] "GET /LMMPUI/LMMP_CLIENT/history/history.css HTTP/1.1" 304 - "http://pub.lmmp.nasa.gov/LMMPUI/LMMP_CLIENT/LMMP.html" "Mozilla/5.0 (Windows NT 6.3; WOW64) AppleWebKit/537.36 (KHTML, like Gecko) Chrome/38.0.2125.111 Safari/537.36" 553 223
112.164.251.96 - - [19/Nov/2014:00:36:07 -0500] "GET /LMMPUI/LMMP_CLIENT/history/history.js HTTP/1.1" 304 - "http://pub.lmmp.nasa.gov/LMMPUI/LMMP_CLIENT/LMMP.html" "Mozilla/5.0 (Windows NT 6.3; WOW64) AppleWebKit/537.36 (KHTML, like Gecko) Chrome/38.0.2125.111 Safari/537.36" 539 226
112.164.251.96 - - [19/Nov/2014:00:36:07 -0500] "GET /LMMPUI/LMMP_CLIENT/swfobject.js HTTP/1.1" 304 - "http://pub.lmmp.nasa.gov/LMMPUI/LMMP_CLIENT/LMMP.html" "Mozilla/5.0 (Windows NT 6.3; WOW64) AppleWebKit/537.36 (KHTML, like Gecko) Chrome/38.0.2125.111 Safari/537.36" 533 226
112.164.251.96 - - [19/Nov/2014:00:35:25 -0500] "GET /LMMPUI/LMMP_CLIENT/LMMP_WB.swf HTTP/1.1" 200 98208 "http://pub.lmmp.nasa.gov/LMMPUI/LMMP_CLIENT/LMMP.html" "Mozilla/5.0 (Windows NT 6.3; WOW64) AppleWebKit/537.36 (KHTML, like Gecko) Chrome/38.0.2125.111 Safari/537.36" 416 90520
112.164.251.96 - - [19/Nov/2014:00:36:08 -0500] "GET /LMMPUI/LMMP_CLIENT/LMMP_WB.swf HTTP/1.1" 206 1 "http://pub.lmmp.nasa.gov/LMMPUI/LMMP_CLIENT/LMMP.html" "Mozilla/5.0 (Windows NT 6.3; WOW64) AppleWebKit/537.36 (KHTML, like Gecko) Chrome/38.0.2125.111 Safari/537.36" 504 403
127.0.0.1 - - [19/Nov/2014:00:36:10 -0500] "GET /opensso/namingservice HTTP/1.1" 200 7 "-" "Java/1.5.0_21" 220 183
127.0.0.1 - - [19/Nov/2014:00:36:18 -0500] "GET /opensso/namingservice HTTP/1.1" 200 7 "-" "Java/1.5.0_21" 220 183
112.164.251.96 - - [19/Nov/2014:00:35:18 -0500] "GET /LMMPUI/LMMP_CLIENT/LMMP_WB.swf HTTP/1.1" 200 65472 "http://pub.lmmp.nasa.gov/LMMPUI/LMMP_CLIENT/LMMP.html" "Mozilla/4.0 (compatible; MSIE 7.0; Windows NT 6.1; WOW64; Trident/6.0; SLCC2; .NET CLR 2.0.50727; .NET CLR 3.5.30729; .NET CLR 3.0.30729; Media Center PC 6.0; MASM; InfoPath.3; .NET4.0C; .NET4.0E)" 477 61320
127.0.0.1 - - [19/Nov/2014:00:36:40 -0500] "GET /opensso/namingservice HTTP/1.1" 200 7 "-" "Java/1.5.0_21" 220 183
127.0.0.1 - - [19/Nov/2014:00:36:48 -0500] "GET /opensso/namingservice HTTP/1.1" 200 7 "-" "Java/1.5.0_21" 220 183
66.249.64.131 - - [19/Nov/2014:00:36:59 -0500] "GET /redmine/projects/lmmpwiki/activity?from=1943-03-17&show_news=1 HTTP/1.1" 200 4917 "-" "Mozilla/5.0 (compatible; Googlebot/2.1; +http://www.google.com/bot.html)" 293 5479
127.0.0.1 - - [19/Nov/2014:00:37:10 -0500] "GET /opensso/namingservice HTTP/1.1" 200 7 "-" "Java/1.5.0_21" 220 183
112.164.251.96 - - [19/Nov/2014:00:36:12 -0500] "GET /LMMPUI/LMMP_CLIENT/LMMP_WB.swf HTTP/1.1" 206 902798 "http://pub.lmmp.nasa.gov/LMMPUI/LMMP_CLIENT/LMMP.html" "Mozilla/5.0 (Windows NT 6.3; WOW64) AppleWebKit/537.36 (KHTML, like Gecko) Chrome/38.0.2125.111 Safari/537.36" 505 903206
127.0.0.1 - - [19/Nov/2014:00:37:18 -0500] "GET /opensso/namingservice HTTP/1.1" 200 7 "-" "Java/1.5.0_21" 220 183
127.0.0.1 - - [19/Nov/2014:00:37:40 -0500] "GET /opensso/namingservice HTTP/1.1" 200 7 "-" "Java/1.5.0_21" 220 183
127.0.0.1 - - [19/Nov/2014:00:37:48 -0500] "GET /opensso/namingservice HTTP/1.1" 200 7 "-" "Java/1.5.0_21" 220 183
