127.0.0.1 - - [03/Dec/2015:23:22:42 -0500] "GET /opensso/namingservice HTTP/1.1" 200 7 "-" "Java/1.5.0_21" 220 183
127.0.0.1 - - [03/Dec/2015:23:22:43 -0500] "GET /opensso/namingservice HTTP/1.1" 200 7 "-" "Java/1.5.0_21" 220 183
127.0.0.1 - - [03/Dec/2015:23:23:12 -0500] "GET /opensso/namingservice HTTP/1.1" 200 7 "-" "Java/1.5.0_21" 220 183
127.0.0.1 - - [03/Dec/2015:23:23:13 -0500] "GET /opensso/namingservice HTTP/1.1" 200 7 "-" "Java/1.5.0_21" 220 183
127.0.0.1 - - [03/Dec/2015:23:23:42 -0500] "GET /opensso/namingservice HTTP/1.1" 200 7 "-" "Java/1.5.0_21" 220 183
127.0.0.1 - - [03/Dec/2015:23:23:43 -0500] "GET /opensso/namingservice HTTP/1.1" 200 7 "-" "Java/1.5.0_21" 220 183
127.0.0.1 - - [03/Dec/2015:23:24:12 -0500] "GET /opensso/namingservice HTTP/1.1" 200 7 "-" "Java/1.5.0_21" 220 183
127.0.0.1 - - [03/Dec/2015:23:24:13 -0500] "GET /opensso/namingservice HTTP/1.1" 200 7 "-" "Java/1.5.0_21" 220 183
127.0.0.1 - - [03/Dec/2015:23:24:42 -0500] "POST /opensso/sessionservice HTTP/1.1" 200 2025 "-" "Java/1.5.0_21" 714 2203
127.0.0.1 - - [03/Dec/2015:23:24:42 -0500] "GET /opensso/identity//xml/read?name=TomcatApps1&attributes_names=realm&attributes_values_realm=%2Fappspub&attributes_names=objecttype&attributes_values_objecttype=Agent&admin=AQIC5wM2LY4SfcyRautyD4RKpwbzv6XrE24fIq8LDPQGnm0%3D%40AAJTSQACMDE%3D%23 HTTP/1.1" 200 13607 "-" "Java/1.5.0_21" 440 13791
127.0.0.1 - - [03/Dec/2015:23:24:42 -0500] "GET /opensso/namingservice HTTP/1.1" 200 7 "-" "Java/1.5.0_21" 220 182
127.0.0.1 - - [03/Dec/2015:23:24:43 -0500] "GET /opensso/namingservice HTTP/1.1" 200 7 "-" "Java/1.5.0_21" 220 183
127.0.0.1 - - [03/Dec/2015:23:25:12 -0500] "GET /opensso/namingservice HTTP/1.1" 200 7 "-" "Java/1.5.0_21" 220 183
127.0.0.1 - - [03/Dec/2015:23:25:13 -0500] "GET /opensso/namingservice HTTP/1.1" 200 7 "-" "Java/1.5.0_21" 220 183
137.78.207.218 - - [03/Dec/2015:23:25:23 -0500] "HEAD /LMMPUI/LMMP_CLIENT/LMMP.html HTTP/1.1" 200 - "-" "curl/7.38.0" 110 274
127.0.0.1 - - [03/Dec/2015:23:25:42 -0500] "GET /opensso/namingservice HTTP/1.1" 200 7 "-" "Java/1.5.0_21" 220 183
66.249.67.198 - - [03/Dec/2015:23:25:42 -0500] "GET /redmine/issues/gantt?month=11&months=6&year=2318&zoom=4 HTTP/1.1" 200 51039 "-" "Mozilla/5.0 (compatible; Googlebot/2.1; +http://www.google.com/bot.html)" 346 51728
127.0.0.1 - - [03/Dec/2015:23:25:43 -0500] "GET /opensso/namingservice HTTP/1.1" 200 7 "-" "Java/1.5.0_21" 220 183
127.0.0.1 - - [03/Dec/2015:23:26:12 -0500] "GET /opensso/namingservice HTTP/1.1" 200 7 "-" "Java/1.5.0_21" 220 183
127.0.0.1 - - [03/Dec/2015:23:26:13 -0500] "GET /opensso/namingservice HTTP/1.1" 200 7 "-" "Java/1.5.0_21" 220 183
127.0.0.1 - - [03/Dec/2015:23:26:42 -0500] "GET /opensso/namingservice HTTP/1.1" 200 7 "-" "Java/1.5.0_21" 220 183
127.0.0.1 - - [03/Dec/2015:23:26:43 -0500] "GET /opensso/namingservice HTTP/1.1" 200 7 "-" "Java/1.5.0_21" 220 183
127.0.0.1 - - [03/Dec/2015:23:27:12 -0500] "GET /opensso/namingservice HTTP/1.1" 200 7 "-" "Java/1.5.0_21" 220 183
127.0.0.1 - - [03/Dec/2015:23:27:13 -0500] "GET /opensso/namingservice HTTP/1.1" 200 7 "-" "Java/1.5.0_21" 220 183
127.0.0.1 - - [03/Dec/2015:23:27:42 -0500] "GET /opensso/namingservice HTTP/1.1" 200 7 "-" "Java/1.5.0_21" 220 183
127.0.0.1 - - [03/Dec/2015:23:27:43 -0500] "GET /opensso/namingservice HTTP/1.1" 200 7 "-" "Java/1.5.0_21" 220 183
127.0.0.1 - - [03/Dec/2015:23:28:12 -0500] "GET /opensso/namingservice HTTP/1.1" 200 7 "-" "Java/1.5.0_21" 220 183
127.0.0.1 - - [03/Dec/2015:23:28:13 -0500] "GET /opensso/namingservice HTTP/1.1" 200 7 "-" "Java/1.5.0_21" 220 183
127.0.0.1 - - [03/Dec/2015:23:28:42 -0500] "GET /opensso/namingservice HTTP/1.1" 200 7 "-" "Java/1.5.0_21" 220 183
127.0.0.1 - - [03/Dec/2015:23:28:43 -0500] "GET /opensso/namingservice HTTP/1.1" 200 7 "-" "Java/1.5.0_21" 220 183
127.0.0.1 - - [03/Dec/2015:23:29:12 -0500] "GET /opensso/namingservice HTTP/1.1" 200 7 "-" "Java/1.5.0_21" 220 183
127.0.0.1 - - [03/Dec/2015:23:29:13 -0500] "GET /opensso/namingservice HTTP/1.1" 200 7 "-" "Java/1.5.0_21" 220 183
66.249.67.206 - - [03/Dec/2015:23:29:29 -0500] "GET /redmine/issues/gantt?month=9&months=6&year=1465&zoom=2 HTTP/1.1" 200 30903 "-" "Mozilla/5.0 (compatible; Googlebot/2.1; +http://www.google.com/bot.html)" 345 31592
127.0.0.1 - - [03/Dec/2015:23:29:42 -0500] "GET /opensso/namingservice HTTP/1.1" 200 7 "-" "Java/1.5.0_21" 220 183
127.0.0.1 - - [03/Dec/2015:23:29:43 -0500] "GET /opensso/namingservice HTTP/1.1" 200 7 "-" "Java/1.5.0_21" 220 183
127.0.0.1 - - [03/Dec/2015:23:30:12 -0500] "GET /opensso/namingservice HTTP/1.1" 200 7 "-" "Java/1.5.0_21" 220 183
127.0.0.1 - - [03/Dec/2015:23:30:13 -0500] "GET /opensso/namingservice HTTP/1.1" 200 7 "-" "Java/1.5.0_21" 220 183
137.78.207.218 - - [03/Dec/2015:23:30:22 -0500] "HEAD /LMMPUI/LMMP_CLIENT/LMMP.html HTTP/1.1" 200 - "-" "curl/7.38.0" 110 274
127.0.0.1 - - [03/Dec/2015:23:30:42 -0500] "GET /opensso/namingservice HTTP/1.1" 200 7 "-" "Java/1.5.0_21" 220 183
127.0.0.1 - - [03/Dec/2015:23:30:43 -0500] "GET /opensso/namingservice HTTP/1.1" 200 7 "-" "Java/1.5.0_21" 220 183
127.0.0.1 - - [03/Dec/2015:23:31:12 -0500] "GET /opensso/namingservice HTTP/1.1" 200 7 "-" "Java/1.5.0_21" 220 183
127.0.0.1 - - [03/Dec/2015:23:31:13 -0500] "GET /opensso/namingservice HTTP/1.1" 200 7 "-" "Java/1.5.0_21" 220 183
127.0.0.1 - - [03/Dec/2015:23:31:42 -0500] "GET /opensso/namingservice HTTP/1.1" 200 7 "-" "Java/1.5.0_21" 220 183
127.0.0.1 - - [03/Dec/2015:23:31:43 -0500] "GET /opensso/namingservice HTTP/1.1" 200 7 "-" "Java/1.5.0_21" 220 183
127.0.0.1 - - [03/Dec/2015:23:32:12 -0500] "GET /opensso/namingservice HTTP/1.1" 200 7 "-" "Java/1.5.0_21" 220 183
127.0.0.1 - - [03/Dec/2015:23:32:13 -0500] "GET /opensso/namingservice HTTP/1.1" 200 7 "-" "Java/1.5.0_21" 220 183
127.0.0.1 - - [03/Dec/2015:23:32:42 -0500] "GET /opensso/namingservice HTTP/1.1" 200 7 "-" "Java/1.5.0_21" 220 183
127.0.0.1 - - [03/Dec/2015:23:32:43 -0500] "GET /opensso/namingservice HTTP/1.1" 200 7 "-" "Java/1.5.0_21" 220 183
127.0.0.1 - - [03/Dec/2015:23:33:12 -0500] "GET /opensso/namingservice HTTP/1.1" 200 7 "-" "Java/1.5.0_21" 220 183
127.0.0.1 - - [03/Dec/2015:23:33:13 -0500] "GET /opensso/namingservice HTTP/1.1" 200 7 "-" "Java/1.5.0_21" 220 183
66.249.66.99 - - [03/Dec/2015:23:33:16 -0500] "GET /redmine/issues/gantt?month=12&months=6&year=2003&zoom=2 HTTP/1.1" 200 30911 "-" "Mozilla/5.0 (compatible; Googlebot/2.1; +http://www.google.com/bot.html)" 660 35764
127.0.0.1 - - [03/Dec/2015:23:33:42 -0500] "GET /opensso/namingservice HTTP/1.1" 200 7 "-" "Java/1.5.0_21" 220 183
127.0.0.1 - - [03/Dec/2015:23:33:43 -0500] "GET /opensso/namingservice HTTP/1.1" 200 7 "-" "Java/1.5.0_21" 220 183
127.0.0.1 - - [03/Dec/2015:23:34:12 -0500] "GET /opensso/namingservice HTTP/1.1" 200 7 "-" "Java/1.5.0_21" 220 183
127.0.0.1 - - [03/Dec/2015:23:34:13 -0500] "GET /opensso/namingservice HTTP/1.1" 200 7 "-" "Java/1.5.0_21" 220 183
127.0.0.1 - - [03/Dec/2015:23:34:42 -0500] "GET /opensso/namingservice HTTP/1.1" 200 7 "-" "Java/1.5.0_21" 220 183
127.0.0.1 - - [03/Dec/2015:23:34:43 -0500] "GET /opensso/namingservice HTTP/1.1" 200 7 "-" "Java/1.5.0_21" 220 183
127.0.0.1 - - [03/Dec/2015:23:35:12 -0500] "GET /opensso/namingservice HTTP/1.1" 200 7 "-" "Java/1.5.0_21" 220 183
127.0.0.1 - - [03/Dec/2015:23:35:13 -0500] "GET /opensso/namingservice HTTP/1.1" 200 7 "-" "Java/1.5.0_21" 220 183
137.78.207.218 - - [03/Dec/2015:23:35:22 -0500] "HEAD /LMMPUI/LMMP_CLIENT/LMMP.html HTTP/1.1" 200 - "-" "curl/7.38.0" 110 274
127.0.0.1 - - [03/Dec/2015:23:35:42 -0500] "GET /opensso/namingservice HTTP/1.1" 200 7 "-" "Java/1.5.0_21" 220 183
127.0.0.1 - - [03/Dec/2015:23:35:43 -0500] "GET /opensso/namingservice HTTP/1.1" 200 7 "-" "Java/1.5.0_21" 220 183
127.0.0.1 - - [03/Dec/2015:23:36:12 -0500] "GET /opensso/namingservice HTTP/1.1" 200 7 "-" "Java/1.5.0_21" 220 183
127.0.0.1 - - [03/Dec/2015:23:36:13 -0500] "GET /opensso/namingservice HTTP/1.1" 200 7 "-" "Java/1.5.0_21" 220 183
127.0.0.1 - - [03/Dec/2015:23:36:42 -0500] "GET /opensso/namingservice HTTP/1.1" 200 7 "-" "Java/1.5.0_21" 220 183
127.0.0.1 - - [03/Dec/2015:23:36:43 -0500] "GET /opensso/namingservice HTTP/1.1" 200 7 "-" "Java/1.5.0_21" 220 183
66.249.66.101 - - [03/Dec/2015:23:37:03 -0500] "GET /redmine/issues/gantt?month=2&months=6&year=1577&zoom=1 HTTP/1.1" 200 27564 "-" "Mozilla/5.0 (compatible; Googlebot/2.1; +http://www.google.com/bot.html)" 659 32417
127.0.0.1 - - [03/Dec/2015:23:37:12 -0500] "GET /opensso/namingservice HTTP/1.1" 200 7 "-" "Java/1.5.0_21" 220 183
127.0.0.1 - - [03/Dec/2015:23:37:13 -0500] "GET /opensso/namingservice HTTP/1.1" 200 7 "-" "Java/1.5.0_21" 220 183
127.0.0.1 - - [03/Dec/2015:23:37:42 -0500] "GET /opensso/namingservice HTTP/1.1" 200 7 "-" "Java/1.5.0_21" 220 183
127.0.0.1 - - [03/Dec/2015:23:37:43 -0500] "GET /opensso/namingservice HTTP/1.1" 200 7 "-" "Java/1.5.0_21" 220 183
127.0.0.1 - - [03/Dec/2015:23:38:12 -0500] "GET /opensso/namingservice HTTP/1.1" 200 7 "-" "Java/1.5.0_21" 220 183
127.0.0.1 - - [03/Dec/2015:23:38:13 -0500] "GET /opensso/namingservice HTTP/1.1" 200 7 "-" "Java/1.5.0_21" 220 183
127.0.0.1 - - [03/Dec/2015:23:38:42 -0500] "GET /opensso/namingservice HTTP/1.1" 200 7 "-" "Java/1.5.0_21" 220 183
127.0.0.1 - - [03/Dec/2015:23:38:43 -0500] "GET /opensso/namingservice HTTP/1.1" 200 7 "-" "Java/1.5.0_21" 220 183
127.0.0.1 - - [03/Dec/2015:23:39:12 -0500] "GET /opensso/namingservice HTTP/1.1" 200 7 "-" "Java/1.5.0_21" 220 183
127.0.0.1 - - [03/Dec/2015:23:39:13 -0500] "GET /opensso/namingservice HTTP/1.1" 200 7 "-" "Java/1.5.0_21" 220 183
127.0.0.1 - - [03/Dec/2015:23:39:42 -0500] "GET /opensso/namingservice HTTP/1.1" 200 7 "-" "Java/1.5.0_21" 220 183
127.0.0.1 - - [03/Dec/2015:23:39:43 -0500] "GET /opensso/namingservice HTTP/1.1" 200 7 "-" "Java/1.5.0_21" 220 183
127.0.0.1 - - [03/Dec/2015:23:40:12 -0500] "GET /opensso/namingservice HTTP/1.1" 200 7 "-" "Java/1.5.0_21" 220 183
127.0.0.1 - - [03/Dec/2015:23:40:13 -0500] "GET /opensso/namingservice HTTP/1.1" 200 7 "-" "Java/1.5.0_21" 220 183
137.78.207.218 - - [03/Dec/2015:23:40:22 -0500] "HEAD /LMMPUI/LMMP_CLIENT/LMMP.html HTTP/1.1" 200 - "-" "curl/7.38.0" 110 274
127.0.0.1 - - [03/Dec/2015:23:40:42 -0500] "GET /opensso/namingservice HTTP/1.1" 200 7 "-" "Java/1.5.0_21" 220 183
127.0.0.1 - - [03/Dec/2015:23:40:43 -0500] "GET /opensso/namingservice HTTP/1.1" 200 7 "-" "Java/1.5.0_21" 220 183
66.249.67.214 - - [03/Dec/2015:23:40:50 -0500] "GET /redmine/issues/gantt?month=3&months=6&year=2517&zoom=2 HTTP/1.1" 200 30902 "-" "Mozilla/5.0 (compatible; Googlebot/2.1; +http://www.google.com/bot.html)" 345 31591
127.0.0.1 - - [03/Dec/2015:23:41:12 -0500] "GET /opensso/namingservice HTTP/1.1" 200 7 "-" "Java/1.5.0_21" 220 183
127.0.0.1 - - [03/Dec/2015:23:41:13 -0500] "GET /opensso/namingservice HTTP/1.1" 200 7 "-" "Java/1.5.0_21" 220 183
127.0.0.1 - - [03/Dec/2015:23:41:42 -0500] "GET /opensso/namingservice HTTP/1.1" 200 7 "-" "Java/1.5.0_21" 220 183
127.0.0.1 - - [03/Dec/2015:23:41:43 -0500] "GET /opensso/namingservice HTTP/1.1" 200 7 "-" "Java/1.5.0_21" 220 183
127.0.0.1 - - [03/Dec/2015:23:42:12 -0500] "GET /opensso/namingservice HTTP/1.1" 200 7 "-" "Java/1.5.0_21" 220 183
127.0.0.1 - - [03/Dec/2015:23:42:13 -0500] "GET /opensso/namingservice HTTP/1.1" 200 7 "-" "Java/1.5.0_21" 220 183
127.0.0.1 - - [03/Dec/2015:23:42:42 -0500] "GET /opensso/namingservice HTTP/1.1" 200 7 "-" "Java/1.5.0_21" 220 183
127.0.0.1 - - [03/Dec/2015:23:42:43 -0500] "GET /opensso/namingservice HTTP/1.1" 200 7 "-" "Java/1.5.0_21" 220 183
127.0.0.1 - - [03/Dec/2015:23:43:12 -0500] "GET /opensso/namingservice HTTP/1.1" 200 7 "-" "Java/1.5.0_21" 220 183
127.0.0.1 - - [03/Dec/2015:23:43:13 -0500] "GET /opensso/namingservice HTTP/1.1" 200 7 "-" "Java/1.5.0_21" 220 183
127.0.0.1 - - [03/Dec/2015:23:43:42 -0500] "GET /opensso/namingservice HTTP/1.1" 200 7 "-" "Java/1.5.0_21" 220 183
127.0.0.1 - - [03/Dec/2015:23:43:43 -0500] "GET /opensso/namingservice HTTP/1.1" 200 7 "-" "Java/1.5.0_21" 220 183
127.0.0.1 - - [03/Dec/2015:23:44:12 -0500] "GET /opensso/namingservice HTTP/1.1" 200 7 "-" "Java/1.5.0_21" 220 183
127.0.0.1 - - [03/Dec/2015:23:44:13 -0500] "GET /opensso/namingservice HTTP/1.1" 200 7 "-" "Java/1.5.0_21" 220 183
66.249.66.99 - - [03/Dec/2015:23:44:37 -0500] "GET /redmine/issues/gantt?month=2&months=6&year=2004&zoom=4 HTTP/1.1" 200 51132 "-" "Mozilla/5.0 (compatible; Googlebot/2.1; +http://www.google.com/bot.html)" 659 56060
127.0.0.1 - - [03/Dec/2015:23:44:42 -0500] "GET /opensso/namingservice HTTP/1.1" 200 7 "-" "Java/1.5.0_21" 220 183
127.0.0.1 - - [03/Dec/2015:23:44:43 -0500] "GET /opensso/namingservice HTTP/1.1" 200 7 "-" "Java/1.5.0_21" 220 183
66.249.67.206 - - [03/Dec/2015:23:45:01 -0500] "GET /redmine/issues/gantt?month=8&months=6&year=2033&zoom=3 HTTP/1.1" 200 51446 "-" "Mozilla/5.0 (compatible; Googlebot/2.1; +http://www.google.com/bot.html)" 345 52136
127.0.0.1 - - [03/Dec/2015:23:45:12 -0500] "GET /opensso/namingservice HTTP/1.1" 200 7 "-" "Java/1.5.0_21" 220 183
127.0.0.1 - - [03/Dec/2015:23:45:13 -0500] "GET /opensso/namingservice HTTP/1.1" 200 7 "-" "Java/1.5.0_21" 220 183
137.78.207.218 - - [03/Dec/2015:23:45:22 -0500] "HEAD /LMMPUI/LMMP_CLIENT/LMMP.html HTTP/1.1" 200 - "-" "curl/7.38.0" 110 274
127.0.0.1 - - [03/Dec/2015:23:45:42 -0500] "GET /opensso/namingservice HTTP/1.1" 200 7 "-" "Java/1.5.0_21" 220 183
180.76.15.158 - - [03/Dec/2015:23:45:42 -0500] "GET / HTTP/1.1" 302 237 "-" "Mozilla/5.0 (compatible; Baiduspider/2.0; +http://www.baidu.com/search/spider.html)" 183 506
127.0.0.1 - - [03/Dec/2015:23:45:43 -0500] "GET /opensso/namingservice HTTP/1.1" 200 7 "-" "Java/1.5.0_21" 220 183
127.0.0.1 - - [03/Dec/2015:23:46:12 -0500] "GET /opensso/namingservice HTTP/1.1" 200 7 "-" "Java/1.5.0_21" 220 183
127.0.0.1 - - [03/Dec/2015:23:46:13 -0500] "GET /opensso/namingservice HTTP/1.1" 200 7 "-" "Java/1.5.0_21" 220 183
180.76.15.19 - - [03/Dec/2015:23:46:27 -0500] "GET / HTTP/1.1" 302 237 "-" "Mozilla/5.0 (compatible; Baiduspider/2.0; +http://www.baidu.com/search/spider.html)" 183 506
187.87.4.213 - - [03/Dec/2015:23:46:23 -0500] "GET /arcgis/rest/services/CombinedNomenclature/MapServer?f=json HTTP/1.1" 200 810 "-" "ArcGIS.Android-10.2.3/6.0/MOTOROLA-XT1097" 203 1106
127.0.0.1 - - [03/Dec/2015:23:46:42 -0500] "GET /opensso/namingservice HTTP/1.1" 200 7 "-" "Java/1.5.0_21" 220 183
127.0.0.1 - - [03/Dec/2015:23:46:43 -0500] "GET /opensso/namingservice HTTP/1.1" 200 7 "-" "Java/1.5.0_21" 220 183
187.87.4.213 - - [03/Dec/2015:23:46:43 -0500] "GET /arcgis/rest/services/CombinedNomenclature/MapServer/export?f=image&bbox=-102.9485106019238%2C-88.99810705679056%2C34.98272371258457%2C110.29224252262779&bboxSR=104903&size=544%2C786&format=png&transparent=true&dpi=213&imageSR=104903&layers=hide%3A-1 HTTP/1.1" 200 337 "-" "ArcGIS.Android-10.2.3/6.0/MOTOROLA-XT1097" 394 626
187.87.4.213 - - [03/Dec/2015:23:46:52 -0500] "GET /arcgis/rest/services/CombinedNomenclature/MapServer/export?f=image&bbox=-102.9485106019238%2C-88.99810705679056%2C34.98272371258457%2C110.29224252262779&bboxSR=104903&size=544%2C786&format=png&transparent=true&dpi=213&imageSR=104903&layers=hide%3A-1 HTTP/1.1" 200 337 "-" "ArcGIS.Android-10.2.3/6.0/MOTOROLA-XT1097" 394 626
187.87.4.213 - - [03/Dec/2015:23:46:54 -0500] "GET /arcgis/rest/services/CombinedNomenclature/MapServer/export?f=image&bbox=-102.9485106019238%2C-93.59385175325542%2C34.98272371258457%2C114.82430009697597&bboxSR=104903&size=544%2C822&format=png&transparent=true&dpi=213&imageSR=104903&layers=hide%3A-1 HTTP/1.1" 200 346 "-" "ArcGIS.Android-10.2.3/6.0/MOTOROLA-XT1097" 394 633
187.87.4.213 - - [03/Dec/2015:23:46:55 -0500] "GET /arcgis/rest/services/CombinedNomenclature/MapServer/export?f=image&bbox=-102.9485106019238%2C-102.78534114618513%2C34.98272371258457%2C124.1419653087505&bboxSR=104903&size=544%2C895&format=png&transparent=true&dpi=213&imageSR=104903&layers=hide%3A-1 HTTP/1.1" 200 365 "-" "ArcGIS.Android-10.2.3/6.0/MOTOROLA-XT1097" 394 653
187.87.4.213 - - [03/Dec/2015:23:46:57 -0500] "GET /arcgis/rest/services/CombinedNomenclature/MapServer/export?f=image&bbox=-40.82574978121135%2C-32.66057828498239%2C-2.0257177706605063%2C31.17403320296431&bboxSR=104903&size=544%2C895&format=png&transparent=true&dpi=213&imageSR=104903&layers=hide%3A-1 HTTP/1.1" 200 4845 "-" "ArcGIS.Android-10.2.3/6.0/MOTOROLA-XT1097" 395 5133
187.87.4.213 - - [03/Dec/2015:23:46:58 -0500] "GET /arcgis/rest/services/CombinedNomenclature/MapServer/export?f=image&bbox=-56.08776158974298%2C-37.25713713555187%2C-17.28772957919214%2C26.57747435239483&bboxSR=104903&size=544%2C895&format=png&transparent=true&dpi=213&imageSR=104903&layers=hide%3A-1 HTTP/1.1" 200 3629 "-" "ArcGIS.Android-10.2.3/6.0/MOTOROLA-XT1097" 394 3917
187.87.4.213 - - [03/Dec/2015:23:46:59 -0500] "GET /arcgis/rest/services/CombinedNomenclature/MapServer/export?f=image&bbox=-121.34013485742376%2C-106.32350279718042%2C16.59109945708461%2C120.60380365775521&bboxSR=104903&size=544%2C895&format=png&transparent=true&dpi=213&imageSR=104903&layers=hide%3A-1 HTTP/1.1" 200 365 "-" "ArcGIS.Android-10.2.3/6.0/MOTOROLA-XT1097" 396 652
127.0.0.1 - - [03/Dec/2015:23:47:12 -0500] "GET /opensso/namingservice HTTP/1.1" 200 7 "-" "Java/1.5.0_21" 220 183
187.87.4.213 - - [03/Dec/2015:23:47:11 -0500] "GET /arcgis/rest/services/CombinedNomenclature/MapServer/export?f=image&bbox=-109.08481566685091%2C-107.98307727090389%2C28.846418647657458%2C91.30727230851446&bboxSR=104903&size=544%2C786&format=png&transparent=true&dpi=213&imageSR=104903&layers=hide%3A-1 HTTP/1.1" 200 337 "-" "ArcGIS.Android-10.2.3/6.0/MOTOROLA-XT1097" 396 626
127.0.0.1 - - [03/Dec/2015:23:47:13 -0500] "GET /opensso/namingservice HTTP/1.1" 200 7 "-" "Java/1.5.0_21" 220 183
187.87.4.213 - - [03/Dec/2015:23:47:14 -0500] "GET /arcgis/rest/services/CombinedNomenclature/MapServer/export?f=image&bbox=-86.49433680271325%2C-67.3668520994916%2C-13.592323182873997%2C37.96583669682026&bboxSR=104903&size=544%2C786&format=png&transparent=true&dpi=213&imageSR=104903&layers=hide%3A-1 HTTP/1.1" 200 7197 "-" "ArcGIS.Android-10.2.3/6.0/MOTOROLA-XT1097" 394 7485
187.87.4.213 - - [03/Dec/2015:23:47:18 -0500] "GET /arcgis/rest/services/CombinedNomenclature/MapServer/export?f=image&bbox=-62.46195644564321%2C-38.88260053837459%2C-29.56680762735055%2C8.646051982173262&bboxSR=104903&size=544%2C786&format=png&transparent=true&dpi=213&imageSR=104903&layers=hide%3A-1 HTTP/1.1" 200 6989 "-" "ArcGIS.Android-10.2.3/6.0/MOTOROLA-XT1097" 394 7276
187.87.4.213 - - [03/Dec/2015:23:47:22 -0500] "GET /arcgis/rest/services/CombinedNomenclature/MapServer/export?f=image&bbox=-72.23495105448319%2C-32.51949812950335%2C-39.33980223619053%2C15.009154391044504&bboxSR=104903&size=544%2C786&format=png&transparent=true&dpi=213&imageSR=104903&layers=hide%3A-1 HTTP/1.1" 200 3287 "-" "ArcGIS.Android-10.2.3/6.0/MOTOROLA-XT1097" 395 3575
187.87.4.213 - - [03/Dec/2015:23:47:26 -0500] "GET /arcgis/rest/services/CombinedNomenclature/MapServer/export?f=image&bbox=-60.1844381168713%2C-10.070051234530204%2C-53.49727769269023%2C-0.4080878275332953&bboxSR=104903&size=544%2C786&format=png&transparent=true&dpi=213&imageSR=104903&layers=hide%3A-1 HTTP/1.1" 200 2835 "-" "ArcGIS.Android-10.2.3/6.0/MOTOROLA-XT1097" 396 3123
187.87.4.213 - - [03/Dec/2015:23:47:31 -0500] "GET /arcgis/rest/services/CombinedNomenclature/MapServer/export?f=image&bbox=-57.6881822115566%2C-6.997587542405979%2C-55.21715026806714%2C-3.427309771114214&bboxSR=104903&size=544%2C786&format=png&transparent=true&dpi=213&imageSR=104903&layers=hide%3A-1 HTTP/1.1" 200 337 "-" "ArcGIS.Android-10.2.3/6.0/MOTOROLA-XT1097" 394 624
187.87.4.213 - - [03/Dec/2015:23:47:22 -0500] "GET /arcgis/rest/services/CombinedNomenclature/MapServer/export?f=image&bbox=-73.20920596875986%2C-28.926933133107195%2C-40.3140571504672%2C18.601719387440657&bboxSR=104903&size=544%2C786&format=png&transparent=true&dpi=213&imageSR=104903&layers=hide%3A-1 HTTP/1.1" 200 4497 "-" "ArcGIS.Android-10.2.3/6.0/MOTOROLA-XT1097" 395 4787
187.87.4.213 - - [03/Dec/2015:23:47:32 -0500] "GET /arcgis/rest/services/CombinedNomenclature/MapServer/export?f=image&bbox=-58.141011304476564%2C-6.896958855090423%2C-55.6699793609871%2C-3.326681083798658&bboxSR=104903&size=544%2C786&format=png&transparent=true&dpi=213&imageSR=104903&layers=hide%3A-1 HTTP/1.1" 200 337 "-" "ArcGIS.Android-10.2.3/6.0/MOTOROLA-XT1097" 395 624
187.87.4.213 - - [03/Dec/2015:23:47:34 -0500] "GET /arcgis/rest/services/CombinedNomenclature/MapServer/export?f=image&bbox=-58.852506275101995%2C-6.841953923913964%2C-56.38147433161253%2C-3.271676152622199&bboxSR=104903&size=544%2C786&format=png&transparent=true&dpi=213&imageSR=104903&layers=hide%3A-1 HTTP/1.1" 200 2954 "-" "ArcGIS.Android-10.2.3/6.0/MOTOROLA-XT1097" 396 3241
187.87.4.213 - - [03/Dec/2015:23:47:36 -0500] "GET /arcgis/rest/services/CombinedNomenclature/MapServer/export?f=image&bbox=-59.69641503918016%2C-7.027202189199437%2C-57.225383095690695%2C-3.4569244179076724&bboxSR=104903&size=544%2C786&format=png&transparent=true&dpi=213&imageSR=104903&layers=hide%3A-1 HTTP/1.1" 200 3924 "-" "ArcGIS.Android-10.2.3/6.0/MOTOROLA-XT1097" 397 4211
187.87.4.213 - - [03/Dec/2015:23:47:38 -0500] "GET /arcgis/rest/services/CombinedNomenclature/MapServer/export?f=image&bbox=-58.63625581124158%2C-5.87402699884972%2C-57.80468108510709%2C-4.672523809986287&bboxSR=104903&size=544%2C786&format=png&transparent=true&dpi=213&imageSR=104903&layers=hide%3A-1 HTTP/1.1" 200 2959 "-" "ArcGIS.Android-10.2.3/6.0/MOTOROLA-XT1097" 394 3248
187.87.4.213 - - [03/Dec/2015:23:47:40 -0500] "GET /arcgis/rest/services/CombinedNomenclature/MapServer/export?f=image&bbox=-58.77710136526994%2C-5.87941453370326%2C-57.94552663913545%2C-4.677911344839827&bboxSR=104903&size=544%2C786&format=png&transparent=true&dpi=213&imageSR=104903&layers=hide%3A-1 HTTP/1.1" 200 3005 "-" "ArcGIS.Android-10.2.3/6.0/MOTOROLA-XT1097" 394 3293
127.0.0.1 - - [03/Dec/2015:23:47:42 -0500] "GET /opensso/namingservice HTTP/1.1" 200 7 "-" "Java/1.5.0_21" 220 183
127.0.0.1 - - [03/Dec/2015:23:47:43 -0500] "GET /opensso/namingservice HTTP/1.1" 200 7 "-" "Java/1.5.0_21" 220 183
187.87.4.213 - - [03/Dec/2015:23:47:42 -0500] "GET /arcgis/rest/services/CombinedNomenclature/MapServer/export?f=image&bbox=-58.640618567152664%2C-5.666794799636552%2C-58.09920003009063%2C-4.884524633955004&bboxSR=104903&size=544%2C786&format=png&transparent=true&dpi=213&imageSR=104903&layers=hide%3A-1 HTTP/1.1" 200 3005 "-" "ArcGIS.Android-10.2.3/6.0/MOTOROLA-XT1097" 396 3293
187.87.4.213 - - [03/Dec/2015:23:47:44 -0500] "GET /arcgis/rest/services/CombinedNomenclature/MapServer/export?f=image&bbox=-58.72530436762598%2C-5.609168367361704%2C-58.183885830563945%2C-4.826898201680156&bboxSR=104903&size=544%2C786&format=png&transparent=true&dpi=213&imageSR=104903&layers=hide%3A-1 HTTP/1.1" 200 2973 "-" "ArcGIS.Android-10.2.3/6.0/MOTOROLA-XT1097" 396 3261
187.87.4.213 - - [03/Dec/2015:23:47:48 -0500] "GET /arcgis/rest/services/CombinedNomenclature/MapServer/export?f=image&bbox=-59.40704206132678%2C-6.387914299222224%2C-57.666130276225324%2C-3.872552786189615&bboxSR=104903&size=544%2C786&format=png&transparent=true&dpi=213&imageSR=104903&layers=hide%3A-1 HTTP/1.1" 200 3889 "-" "ArcGIS.Android-10.2.3/6.0/MOTOROLA-XT1097" 396 4177
187.87.4.213 - - [03/Dec/2015:23:47:51 -0500] "GET /arcgis/rest/services/CombinedNomenclature/MapServer/export?f=image&bbox=-61.184705257909904%2C-8.247565470302888%2C-56.31802675837355%2C-1.215930726487489&bboxSR=104903&size=544%2C786&format=png&transparent=true&dpi=213&imageSR=104903&layers=hide%3A-1 HTTP/1.1" 200 2814 "-" "ArcGIS.Android-10.2.3/6.0/MOTOROLA-XT1097" 396 3102
187.87.4.213 - - [03/Dec/2015:23:47:52 -0500] "GET /arcgis/rest/services/CombinedNomenclature/MapServer/export?f=image&bbox=-65.42127712620963%2C-12.454791283304015%2C-53.5969871839706%2C4.629568817063415&bboxSR=104903&size=544%2C786&format=png&transparent=true&dpi=213&imageSR=104903&layers=hide%3A-1 HTTP/1.1" 200 3951 "-" "ArcGIS.Android-10.2.3/6.0/MOTOROLA-XT1097" 394 4239
187.87.4.213 - - [03/Dec/2015:23:47:55 -0500] "GET /arcgis/rest/services/CombinedNomenclature/MapServer/export?f=image&bbox=-68.61736675505273%2C-9.710411547871793%2C-56.793076812813695%2C7.373948552495637&bboxSR=104903&size=544%2C786&format=png&transparent=true&dpi=213&imageSR=104903&layers=hide%3A-1 HTTP/1.1" 200 5919 "-" "ArcGIS.Android-10.2.3/6.0/MOTOROLA-XT1097" 395 6206
187.87.4.213 - - [03/Dec/2015:23:47:56 -0500] "GET /arcgis/rest/services/CombinedNomenclature/MapServer/export?f=image&bbox=-64.12959066609758%2C-4.91652274252843%2C-59.26077062037187%2C2.118206220597318&bboxSR=104903&size=544%2C786&format=png&transparent=true&dpi=213&imageSR=104903&layers=hide%3A-1 HTTP/1.1" 200 337 "-" "ArcGIS.Android-10.2.3/6.0/MOTOROLA-XT1097" 393 626
187.87.4.213 - - [03/Dec/2015:23:47:57 -0500] "GET /arcgis/rest/services/CombinedNomenclature/MapServer/export?f=image&bbox=-63.983247669956874%2C-2.800743902663338%2C-61.416310979665134%2C0.9081021241184768&bboxSR=104903&size=544%2C786&format=png&transparent=true&dpi=213&imageSR=104903&layers=hide%3A-1 HTTP/1.1" 200 4528 "-" "ArcGIS.Android-10.2.3/6.0/MOTOROLA-XT1097" 397 4816
187.87.4.213 - - [03/Dec/2015:23:47:57 -0500] "GET /arcgis/rest/services/CombinedNomenclature/MapServer/export?f=image&bbox=-63.125591668832186%2C-3.116722429393488%2C-60.558654978540446%2C0.5921235973883268&bboxSR=104903&size=544%2C786&format=png&transparent=true&dpi=213&imageSR=104903&layers=hide%3A-1 HTTP/1.1" 200 4631 "-" "ArcGIS.Android-10.2.3/6.0/MOTOROLA-XT1097" 397 4920
187.87.4.213 - - [03/Dec/2015:23:48:01 -0500] "GET /arcgis/rest/services/CombinedNomenclature/MapServer/export?f=image&bbox=-63.13251003790427%2C-1.6985828573514807%2C-62.108278504189215%2C-0.21871891341759597&bboxSR=104903&size=544%2C786&format=png&transparent=true&dpi=213&imageSR=104903&layers=hide%3A-1 HTTP/1.1" 200 2900 "-" "ArcGIS.Android-10.2.3/6.0/MOTOROLA-XT1097" 399 3189
187.87.4.213 - - [03/Dec/2015:23:48:01 -0500] "GET /arcgis/rest/services/CombinedNomenclature/MapServer/export?f=image&bbox=-63.289397021123335%2C-1.5511754501577286%2C-62.26516548740828%2C-0.07131150622384386&bboxSR=104903&size=544%2C786&format=png&transparent=true&dpi=213&imageSR=104903&layers=hide%3A-1 HTTP/1.1" 200 2937 "-" "ArcGIS.Android-10.2.3/6.0/MOTOROLA-XT1097" 399 3224
187.87.4.213 - - [03/Dec/2015:23:48:02 -0500] "GET /arcgis/rest/services/CombinedNomenclature/MapServer/export?f=image&bbox=-63.028991530447634%2C-1.191094414516281%2C-62.490054344992075%2C-0.4124094370014507&bboxSR=104903&size=544%2C786&format=png&transparent=true&dpi=213&imageSR=104903&layers=hide%3A-1 HTTP/1.1" 200 2922 "-" "ArcGIS.Android-10.2.3/6.0/MOTOROLA-XT1097" 398 3209
127.0.0.1 - - [03/Dec/2015:23:48:12 -0500] "GET /opensso/namingservice HTTP/1.1" 200 7 "-" "Java/1.5.0_21" 220 183
127.0.0.1 - - [03/Dec/2015:23:48:13 -0500] "GET /opensso/namingservice HTTP/1.1" 200 7 "-" "Java/1.5.0_21" 220 183
66.249.67.214 - - [03/Dec/2015:23:48:24 -0500] "GET /redmine/issues/gantt?month=12&months=6&year=1044&zoom=3 HTTP/1.1" 200 51203 "-" "Mozilla/5.0 (compatible; Googlebot/2.1; +http://www.google.com/bot.html)" 346 51892
127.0.0.1 - - [03/Dec/2015:23:48:42 -0500] "GET /opensso/namingservice HTTP/1.1" 200 7 "-" "Java/1.5.0_21" 220 183
127.0.0.1 - - [03/Dec/2015:23:48:43 -0500] "GET /opensso/namingservice HTTP/1.1" 200 7 "-" "Java/1.5.0_21" 220 183
187.87.4.213 - - [03/Dec/2015:23:48:42 -0500] "GET /arcgis/rest/services/CombinedNomenclature/MapServer/export?f=image&bbox=23.240715471130567%2C0.2610372685480467%2C23.779509355171616%2C1.0395151965926497&bboxSR=104903&size=544%2C786&format=png&transparent=true&dpi=213&imageSR=104903&layers=hide%3A-1 HTTP/1.1" 200 4947 "-" "ArcGIS.Android-10.2.3/6.0/MOTOROLA-XT1097" 395 5237
187.87.4.213 - - [03/Dec/2015:23:48:46 -0500] "GET /arcgis/rest/services/CombinedNomenclature/MapServer/export?f=image&bbox=23.24071547113057%2C0.2610372685480467%2C23.77950935517162%2C1.0395151965926497&bboxSR=104903&size=544%2C786&format=png&transparent=true&dpi=213&imageSR=104903&layers=hide%3A-1 HTTP/1.1" 200 4947 "-" "ArcGIS.Android-10.2.3/6.0/MOTOROLA-XT1097" 393 5236
187.87.4.213 - - [03/Dec/2015:23:49:00 -0500] "GET /arcgis/rest/services/CombinedNomenclature/MapServer/export?f=image&bbox=28.708857850926496%2C37.44203900914609%2C29.247651734967544%2C38.220516937190695&bboxSR=104903&size=544%2C786&format=png&transparent=true&dpi=213&imageSR=104903&layers=hide%3A-1 HTTP/1.1" 200 337 "-" "ArcGIS.Android-10.2.3/6.0/MOTOROLA-XT1097" 394 626
187.87.4.213 - - [03/Dec/2015:23:49:03 -0500] "GET /arcgis/rest/services/CombinedNomenclature/MapServer/export?f=image&bbox=28.08906544643387%2C36.224405214605085%2C28.62785933047492%2C37.00288314264969&bboxSR=104903&size=544%2C786&format=png&transparent=true&dpi=213&imageSR=104903&layers=hide%3A-1 HTTP/1.1" 200 337 "-" "ArcGIS.Android-10.2.3/6.0/MOTOROLA-XT1097" 392 624
187.87.4.213 - - [03/Dec/2015:23:49:04 -0500] "GET /arcgis/rest/services/CombinedNomenclature/MapServer/export?f=image&bbox=27.779106698695777%2C35.66994755400445%2C29.303441084725954%2C37.87238657499658&bboxSR=104903&size=544%2C786&format=png&transparent=true&dpi=213&imageSR=104903&layers=hide%3A-1 HTTP/1.1" 200 337 "-" "ArcGIS.Android-10.2.3/6.0/MOTOROLA-XT1097" 393 625
187.87.4.213 - - [03/Dec/2015:23:49:06 -0500] "GET /arcgis/rest/services/CombinedNomenclature/MapServer/export?f=image&bbox=26.3264267227004%2C34.166102834581956%2C30.35937439456604%2C39.993119139887824&bboxSR=104903&size=544%2C786&format=png&transparent=true&dpi=213&imageSR=104903&layers=hide%3A-1 HTTP/1.1" 200 337 "-" "ArcGIS.Android-10.2.3/6.0/MOTOROLA-XT1097" 392 624
187.87.4.213 - - [03/Dec/2015:23:49:09 -0500] "GET /arcgis/rest/services/CombinedNomenclature/MapServer/export?f=image&bbox=22.86223815616873%2C30.86016310511401%2C32.746695063636864%2C45.141749739801426&bboxSR=104903&size=544%2C786&format=png&transparent=true&dpi=213&imageSR=104903&layers=hide%3A-1 HTTP/1.1" 200 6343 "-" "ArcGIS.Android-10.2.3/6.0/MOTOROLA-XT1097" 393 6632
127.0.0.1 - - [03/Dec/2015:23:49:12 -0500] "GET /opensso/namingservice HTTP/1.1" 200 7 "-" "Java/1.5.0_21" 220 183
127.0.0.1 - - [03/Dec/2015:23:49:13 -0500] "GET /opensso/namingservice HTTP/1.1" 200 7 "-" "Java/1.5.0_21" 220 183
187.87.4.213 - - [03/Dec/2015:23:49:12 -0500] "GET /arcgis/rest/services/CombinedNomenclature/MapServer/export?f=image&bbox=15.240004661016282%2C25.07891236903263%2C35.173082919513604%2C53.879279117523254&bboxSR=104903&size=544%2C786&format=png&transparent=true&dpi=213&imageSR=104903&layers=hide%3A-1 HTTP/1.1" 200 8612 "-" "ArcGIS.Android-10.2.3/6.0/MOTOROLA-XT1097" 394 8900
187.87.4.213 - - [03/Dec/2015:23:49:12 -0500] "GET /arcgis/rest/services/CombinedNomenclature/MapServer/export?f=image&bbox=11.716308036857107%2C12.312430358989843%2C31.649386295354432%2C41.11279710748046&bboxSR=104903&size=544%2C786&format=png&transparent=true&dpi=213&imageSR=104903&layers=hide%3A-1 HTTP/1.1" 200 16440 "-" "ArcGIS.Android-10.2.3/6.0/MOTOROLA-XT1097" 394 16730
187.87.4.213 - - [03/Dec/2015:23:49:13 -0500] "GET /arcgis/rest/services/CombinedNomenclature/MapServer/export?f=image&bbox=-72.68161661502705%2C-67.86739122533476%2C65.24961769948132%2C131.4229583540836&bboxSR=104903&size=544%2C786&format=png&transparent=true&dpi=213&imageSR=104903&layers=hide%3A-1 HTTP/1.1" 200 337 "-" "ArcGIS.Android-10.2.3/6.0/MOTOROLA-XT1097" 393 623
187.87.4.213 - - [03/Dec/2015:23:49:14 -0500] "GET /arcgis/rest/services/CombinedNomenclature/MapServer/export?f=image&bbox=-72.68161661502705%2C-67.86739122533476%2C65.24961769948132%2C131.4229583540836&bboxSR=104903&size=544%2C786&format=png&transparent=true&dpi=213&imageSR=104903&layers=hide%3A-1 HTTP/1.1" 200 337 "-" "ArcGIS.Android-10.2.3/6.0/MOTOROLA-XT1097" 393 623
187.87.4.213 - - [03/Dec/2015:23:49:16 -0500] "GET /arcgis/rest/services/CombinedNomenclature/MapServer/export?f=image&bbox=-61.57523359857052%2C-120.7184552346806%2C76.35600071593785%2C78.57189434473774&bboxSR=104903&size=544%2C786&format=png&transparent=true&dpi=213&imageSR=104903&layers=hide%3A-1 HTTP/1.1" 200 337 "-" "ArcGIS.Android-10.2.3/6.0/MOTOROLA-XT1097" 393 623
187.87.4.213 - - [03/Dec/2015:23:49:28 -0500] "GET /arcgis/rest/services/CombinedNomenclature/MapServer/export?f=image&bbox=-61.57523359857052%2C-120.7184552346806%2C76.35600071593785%2C78.57189434473774&bboxSR=104903&size=544%2C786&format=png&transparent=true&dpi=213&imageSR=104903&layers=hide%3A-1 HTTP/1.1" 200 337 "-" "ArcGIS.Android-10.2.3/6.0/MOTOROLA-XT1097" 393 624
187.87.4.213 - - [03/Dec/2015:23:49:30 -0500] "GET /arcgis/rest/services/CombinedNomenclature/MapServer/export?f=image&bbox=-64.63906339621387%2C-124.42058290683282%2C73.2921709182945%2C74.86976667258553&bboxSR=104903&size=544%2C786&format=png&transparent=true&dpi=213&imageSR=104903&layers=hide%3A-1 HTTP/1.1" 200 337 "-" "ArcGIS.Android-10.2.3/6.0/MOTOROLA-XT1097" 393 622
187.87.4.213 - - [03/Dec/2015:23:49:31 -0500] "GET /arcgis/rest/services/CombinedNomenclature/MapServer/export?f=image&bbox=-39.617786715460866%2C-132.2078169758427%2C98.3134475990475%2C67.08253260357566&bboxSR=104903&size=544%2C786&format=png&transparent=true&dpi=213&imageSR=104903&layers=hide%3A-1 HTTP/1.1" 200 337 "-" "ArcGIS.Android-10.2.3/6.0/MOTOROLA-XT1097" 393 624
187.87.4.213 - - [03/Dec/2015:23:49:34 -0500] "GET /arcgis/rest/services/CombinedNomenclature/MapServer/export?f=image&bbox=-87.42629751618574%2C-74.50568912022844%2C50.50493679832263%2C124.78466045918991&bboxSR=104903&size=544%2C786&format=png&transparent=true&dpi=213&imageSR=104903&layers=hide%3A-1 HTTP/1.1" 200 337 "-" "ArcGIS.Android-10.2.3/6.0/MOTOROLA-XT1097" 394 624
187.87.4.213 - - [03/Dec/2015:23:49:34 -0500] "GET /arcgis/rest/services/CombinedNomenclature/MapServer/export?f=image&bbox=-84.10714856873892%2C-111.0801573295946%2C53.82408574576945%2C88.21019224982375&bboxSR=104903&size=544%2C786&format=png&transparent=true&dpi=213&imageSR=104903&layers=hide%3A-1 HTTP/1.1" 200 337 "-" "ArcGIS.Android-10.2.3/6.0/MOTOROLA-XT1097" 393 624
187.87.4.213 - - [03/Dec/2015:23:49:36 -0500] "GET /arcgis/rest/services/CombinedNomenclature/MapServer/export?f=image&bbox=-17.355894135196742%2C-47.98558839979632%2C28.298142924190422%2C17.977781322038815&bboxSR=104903&size=544%2C786&format=png&transparent=true&dpi=213&imageSR=104903&layers=hide%3A-1 HTTP/1.1" 200 4341 "-" "ArcGIS.Android-10.2.3/6.0/MOTOROLA-XT1097" 396 4629
127.0.0.1 - - [03/Dec/2015:23:49:42 -0500] "GET /opensso/namingservice HTTP/1.1" 200 7 "-" "Java/1.5.0_21" 220 183
127.0.0.1 - - [03/Dec/2015:23:49:43 -0500] "GET /opensso/namingservice HTTP/1.1" 200 7 "-" "Java/1.5.0_21" 220 183
187.87.4.213 - - [03/Dec/2015:23:49:48 -0500] "GET /arcgis/rest/services/CombinedNomenclature/MapServer/export?f=image&bbox=3.582560119485459%2C-38.18552567647079%2C25.298825065907522%2C-6.8087163972653855&bboxSR=104903&size=544%2C786&format=png&transparent=true&dpi=213&imageSR=104903&layers=hide%3A-1 HTTP/1.1" 200 4268 "-" "ArcGIS.Android-10.2.3/6.0/MOTOROLA-XT1097" 395 4558
187.87.4.213 - - [03/Dec/2015:23:49:48 -0500] "GET /arcgis/rest/services/CombinedNomenclature/MapServer/export?f=image&bbox=-62.594602405844704%2C-116.22159892569432%2C75.33663190866366%2C83.06875065372402&bboxSR=104903&size=544%2C786&format=png&transparent=true&dpi=213&imageSR=104903&layers=hide%3A-1 HTTP/1.1" 200 337 "-" "ArcGIS.Android-10.2.3/6.0/MOTOROLA-XT1097" 395 625
127.0.0.1 - - [03/Dec/2015:23:50:12 -0500] "GET /opensso/namingservice HTTP/1.1" 200 7 "-" "Java/1.5.0_21" 220 183
127.0.0.1 - - [03/Dec/2015:23:50:13 -0500] "GET /opensso/namingservice HTTP/1.1" 200 7 "-" "Java/1.5.0_21" 220 183
137.78.207.218 - - [03/Dec/2015:23:50:22 -0500] "HEAD /LMMPUI/LMMP_CLIENT/LMMP.html HTTP/1.1" 200 - "-" "curl/7.38.0" 110 274
127.0.0.1 - - [03/Dec/2015:23:50:42 -0500] "GET /opensso/namingservice HTTP/1.1" 200 7 "-" "Java/1.5.0_21" 220 183
127.0.0.1 - - [03/Dec/2015:23:50:43 -0500] "GET /opensso/namingservice HTTP/1.1" 200 7 "-" "Java/1.5.0_21" 220 183
127.0.0.1 - - [03/Dec/2015:23:51:12 -0500] "GET /opensso/namingservice HTTP/1.1" 200 7 "-" "Java/1.5.0_21" 220 183
127.0.0.1 - - [03/Dec/2015:23:51:13 -0500] "GET /opensso/namingservice HTTP/1.1" 200 7 "-" "Java/1.5.0_21" 220 183
127.0.0.1 - - [03/Dec/2015:23:51:42 -0500] "GET /opensso/namingservice HTTP/1.1" 200 7 "-" "Java/1.5.0_21" 220 183
127.0.0.1 - - [03/Dec/2015:23:51:43 -0500] "GET /opensso/namingservice HTTP/1.1" 200 7 "-" "Java/1.5.0_21" 220 183
66.249.67.214 - - [03/Dec/2015:23:52:11 -0500] "GET /redmine/issues/gantt?month=10&months=6&year=1901&zoom=4 HTTP/1.1" 200 51149 "-" "Mozilla/5.0 (compatible; Googlebot/2.1; +http://www.google.com/bot.html)" 346 51838
127.0.0.1 - - [03/Dec/2015:23:52:12 -0500] "GET /opensso/namingservice HTTP/1.1" 200 7 "-" "Java/1.5.0_21" 220 183
127.0.0.1 - - [03/Dec/2015:23:52:13 -0500] "GET /opensso/namingservice HTTP/1.1" 200 7 "-" "Java/1.5.0_21" 220 183
127.0.0.1 - - [03/Dec/2015:23:52:42 -0500] "GET /opensso/namingservice HTTP/1.1" 200 7 "-" "Java/1.5.0_21" 220 183
127.0.0.1 - - [03/Dec/2015:23:52:43 -0500] "GET /opensso/namingservice HTTP/1.1" 200 7 "-" "Java/1.5.0_21" 220 183
127.0.0.1 - - [03/Dec/2015:23:53:12 -0500] "GET /opensso/namingservice HTTP/1.1" 200 7 "-" "Java/1.5.0_21" 220 183
127.0.0.1 - - [03/Dec/2015:23:53:13 -0500] "GET /opensso/namingservice HTTP/1.1" 200 7 "-" "Java/1.5.0_21" 220 183
127.0.0.1 - - [03/Dec/2015:23:53:42 -0500] "GET /opensso/namingservice HTTP/1.1" 200 7 "-" "Java/1.5.0_21" 220 183
127.0.0.1 - - [03/Dec/2015:23:53:43 -0500] "GET /opensso/namingservice HTTP/1.1" 200 7 "-" "Java/1.5.0_21" 220 183
127.0.0.1 - - [03/Dec/2015:23:54:12 -0500] "GET /opensso/namingservice HTTP/1.1" 200 7 "-" "Java/1.5.0_21" 220 183
127.0.0.1 - - [03/Dec/2015:23:54:13 -0500] "GET /opensso/namingservice HTTP/1.1" 200 7 "-" "Java/1.5.0_21" 220 183
127.0.0.1 - - [03/Dec/2015:23:54:42 -0500] "GET /opensso/namingservice HTTP/1.1" 200 7 "-" "Java/1.5.0_21" 220 183
127.0.0.1 - - [03/Dec/2015:23:54:43 -0500] "GET /opensso/namingservice HTTP/1.1" 200 7 "-" "Java/1.5.0_21" 220 183
127.0.0.1 - - [03/Dec/2015:23:55:12 -0500] "GET /opensso/namingservice HTTP/1.1" 200 7 "-" "Java/1.5.0_21" 220 183
127.0.0.1 - - [03/Dec/2015:23:55:13 -0500] "GET /opensso/namingservice HTTP/1.1" 200 7 "-" "Java/1.5.0_21" 220 183
137.78.207.218 - - [03/Dec/2015:23:55:22 -0500] "HEAD /LMMPUI/LMMP_CLIENT/LMMP.html HTTP/1.1" 200 - "-" "curl/7.38.0" 110 274
127.0.0.1 - - [03/Dec/2015:23:55:42 -0500] "GET /opensso/namingservice HTTP/1.1" 200 7 "-" "Java/1.5.0_21" 220 183
127.0.0.1 - - [03/Dec/2015:23:55:43 -0500] "GET /opensso/namingservice HTTP/1.1" 200 7 "-" "Java/1.5.0_21" 220 183
97.42.193.0 - - [03/Dec/2015:23:55:52 -0500] "GET /opensso/identity/isTokenValid HTTP/1.1" 200 14 "-" "Moon%20Tours/1.0.0 CFNetwork/672.1.15 Darwin/14.0.0" 230 172
97.42.193.0 - - [03/Dec/2015:23:55:53 -0500] "GET /opensso/UI/Login?module=Anonymous&org=appspub&goto=http%3A%2F%2Fpub.lmmp.nasa.gov%2Flmmpmobile%2Frefresh HTTP/1.1" 302 - "-" "Moon%20Tours/1.0.0 CFNetwork/672.1.15 Darwin/14.0.0" 305 932
97.42.193.0 - - [03/Dec/2015:23:55:53 -0500] "GET /lmmpmobile/refresh?iPlanetDirectoryPro=AQIC5wM2LY4SfcxJlZBBsfcbnDz2INEkkm69tYpglcRlf%2BM%3D%40AAJTSQACMDE%3D%23 HTTP/1.1" 200 - "-" "Moon%20Tours/1.0.0 CFNetwork/672.1.15 Darwin/14.0.0" 421 316
66.249.67.190 - - [03/Dec/2015:23:55:58 -0500] "GET /redmine/issues/gantt?month=9&months=6&year=1697&zoom=4 HTTP/1.1" 200 51024 "-" "Mozilla/5.0 (compatible; Googlebot/2.1; +http://www.google.com/bot.html)" 345 51713
127.0.0.1 - - [03/Dec/2015:23:56:12 -0500] "GET /opensso/namingservice HTTP/1.1" 200 7 "-" "Java/1.5.0_21" 220 183
127.0.0.1 - - [03/Dec/2015:23:56:13 -0500] "GET /opensso/namingservice HTTP/1.1" 200 7 "-" "Java/1.5.0_21" 220 183
97.42.193.0 - - [03/Dec/2015:23:56:33 -0500] "GET /lmmpmobile/config-1.0.json HTTP/1.1" 200 1338 "-" "Moon%20Tours/1.0.0 CFNetwork/672.1.15 Darwin/14.0.0" 327 1666
127.0.0.1 - - [03/Dec/2015:23:56:42 -0500] "GET /opensso/namingservice HTTP/1.1" 200 7 "-" "Java/1.5.0_21" 220 183
127.0.0.1 - - [03/Dec/2015:23:56:43 -0500] "GET /opensso/namingservice HTTP/1.1" 200 7 "-" "Java/1.5.0_21" 220 183
97.42.193.0 - - [03/Dec/2015:23:56:44 -0500] "GET /lmmpmobile/bookmarks-1.0.2.json HTTP/1.1" 200 11401 "-" "Moon%20Tours/1.0.0 CFNetwork/672.1.15 Darwin/14.0.0" 332 11731
97.42.193.0 - - [03/Dec/2015:23:56:44 -0500] "GET /lmmpmobile/pages/about-1.0.2.html HTTP/1.1" 200 2716 "-" "Moon%20Tours/1.0.0 CFNetwork/672.1.15 Darwin/14.0.0" 334 3037
97.42.193.0 - - [03/Dec/2015:23:56:44 -0500] "GET /lmmpmobile/pages/glossary-1.0.2.html HTTP/1.1" 200 4306 "-" "Moon%20Tours/1.0.0 CFNetwork/672.1.15 Darwin/14.0.0" 337 4628
97.42.193.0 - - [03/Dec/2015:23:56:44 -0500] "GET /lmmpmobile/pages/help-1.0.2.html HTTP/1.1" 200 6781 "-" "Moon%20Tours/1.0.0 CFNetwork/672.1.15 Darwin/14.0.0" 333 7103
97.42.193.0 - - [03/Dec/2015:23:56:45 -0500] "GET /arcgis/rest/services/CombinedNomenclature/MapServer?f=json HTTP/1.1" 200 810 "arcgisios" "ArcGISiOS-2.3.2/7.1.2/iPhone3,3" 368 1105
97.42.193.0 - - [03/Dec/2015:23:56:45 -0500] "GET /arcgis/rest/services/ERGraticule/MapServer?f=json HTTP/1.1" 200 699 "arcgisios" "ArcGISiOS-2.3.2/7.1.2/iPhone3,3" 359 995
127.0.0.1 - - [03/Dec/2015:23:57:12 -0500] "GET /opensso/namingservice HTTP/1.1" 200 7 "-" "Java/1.5.0_21" 220 183
127.0.0.1 - - [03/Dec/2015:23:57:13 -0500] "GET /opensso/namingservice HTTP/1.1" 200 7 "-" "Java/1.5.0_21" 220 183
127.0.0.1 - - [03/Dec/2015:23:57:42 -0500] "GET /opensso/namingservice HTTP/1.1" 200 7 "-" "Java/1.5.0_21" 220 183
127.0.0.1 - - [03/Dec/2015:23:57:43 -0500] "GET /opensso/namingservice HTTP/1.1" 200 7 "-" "Java/1.5.0_21" 220 183
127.0.0.1 - - [03/Dec/2015:23:58:12 -0500] "GET /opensso/namingservice HTTP/1.1" 200 7 "-" "Java/1.5.0_21" 220 183
127.0.0.1 - - [03/Dec/2015:23:58:13 -0500] "GET /opensso/namingservice HTTP/1.1" 200 7 "-" "Java/1.5.0_21" 220 183
127.0.0.1 - - [03/Dec/2015:23:58:42 -0500] "GET /opensso/namingservice HTTP/1.1" 200 7 "-" "Java/1.5.0_21" 220 183
127.0.0.1 - - [03/Dec/2015:23:58:43 -0500] "GET /opensso/namingservice HTTP/1.1" 200 7 "-" "Java/1.5.0_21" 220 183
127.0.0.1 - - [03/Dec/2015:23:59:12 -0500] "GET /opensso/namingservice HTTP/1.1" 200 7 "-" "Java/1.5.0_21" 220 183
127.0.0.1 - - [03/Dec/2015:23:59:13 -0500] "GET /opensso/namingservice HTTP/1.1" 200 7 "-" "Java/1.5.0_21" 220 183
97.42.193.0 - - [03/Dec/2015:23:59:39 -0500] "GET /opensso/identity/isTokenValid HTTP/1.1" 200 13 "-" "Moon%20Tours/1.0.0 CFNetwork/672.1.15 Darwin/14.0.0" 339 171
127.0.0.1 - - [03/Dec/2015:23:59:42 -0500] "GET /opensso/namingservice HTTP/1.1" 200 7 "-" "Java/1.5.0_21" 220 183
127.0.0.1 - - [03/Dec/2015:23:59:43 -0500] "GET /opensso/namingservice HTTP/1.1" 200 7 "-" "Java/1.5.0_21" 220 183
66.249.67.190 - - [03/Dec/2015:23:59:45 -0500] "GET /redmine/issues/gantt?month=1&months=6&year=2905&zoom=4 HTTP/1.1" 200 51023 "-" "Mozilla/5.0 (compatible; Googlebot/2.1; +http://www.google.com/bot.html)" 345 51712
127.0.0.1 - - [04/Dec/2015:00:00:08 -0500] "POST /opensso/sessionservice HTTP/1.1" 200 2339 "-" "Java/1.5.0_21" 819 2517
127.0.0.1 - - [04/Dec/2015:00:00:08 -0500] "POST /opensso/sessionservice HTTP/1.1" 200 273 "-" "Java/1.5.0_21" 885 450
127.0.0.1 - - [04/Dec/2015:00:00:08 -0500] "POST /opensso/sessionservice HTTP/1.1" 200 2407 "-" "Java/1.5.0_21" 819 2584
127.0.0.1 - - [04/Dec/2015:00:00:08 -0500] "POST /opensso/policyservice HTTP/1.1" 200 9465 "-" "Java/1.5.0_21" 1117 9650
127.0.0.1 - - [04/Dec/2015:00:00:08 -0500] "POST /opensso/jaxrpc/SMSObjectIF HTTP/1.1" 200 505 "-" "Java/1.5.0_21" 847 766
127.0.0.1 - - [04/Dec/2015:00:00:08 -0500] "POST /opensso/jaxrpc/DirectoryManagerIF HTTP/1.1" 200 1290 "-" "Java/1.5.0_21" 1362 1551
127.0.0.1 - - [04/Dec/2015:00:00:12 -0500] "GET /opensso/namingservice HTTP/1.1" 200 7 "-" "Java/1.5.0_21" 220 183
127.0.0.1 - - [04/Dec/2015:00:00:13 -0500] "GET /opensso/namingservice HTTP/1.1" 200 7 "-" "Java/1.5.0_21" 220 182
97.42.193.0 - - [04/Dec/2015:00:00:08 -0500] "GET /LMMP/rest/dbxml/fgdc/abstract?label=LRO_NAC_Mosaic_09S015E_50cmp HTTP/1.1" 200 561 "-" "Moon%20Tours/1.0.0 CFNetwork/672.1.15 Darwin/14.0.0" 723 4921
137.78.207.218 - - [04/Dec/2015:00:00:22 -0500] "HEAD /LMMPUI/LMMP_CLIENT/LMMP.html HTTP/1.1" 200 - "-" "curl/7.38.0" 110 274
127.0.0.1 - - [04/Dec/2015:00:00:30 -0500] "POST /opensso/jaxrpc/SMSObjectIF HTTP/1.1" 200 505 "-" "Java/1.5.0_21" 847 767
127.0.0.1 - - [04/Dec/2015:00:00:30 -0500] "POST /opensso/jaxrpc/DirectoryManagerIF HTTP/1.1" 200 1290 "-" "Java/1.5.0_21" 1362 1551
127.0.0.1 - - [04/Dec/2015:00:00:30 -0500] "POST /opensso/jaxrpc/SMSObjectIF HTTP/1.1" 200 505 "-" "Java/1.5.0_21" 847 767
127.0.0.1 - - [04/Dec/2015:00:00:30 -0500] "POST /opensso/jaxrpc/DirectoryManagerIF HTTP/1.1" 200 1290 "-" "Java/1.5.0_21" 1362 1551
127.0.0.1 - - [04/Dec/2015:00:00:30 -0500] "POST /opensso/jaxrpc/SMSObjectIF HTTP/1.1" 200 505 "-" "Java/1.5.0_21" 847 766
127.0.0.1 - - [04/Dec/2015:00:00:30 -0500] "POST /opensso/jaxrpc/DirectoryManagerIF HTTP/1.1" 200 1290 "-" "Java/1.5.0_21" 1362 1551
127.0.0.1 - - [04/Dec/2015:00:00:30 -0500] "POST /opensso/jaxrpc/SMSObjectIF HTTP/1.1" 200 505 "-" "Java/1.5.0_21" 847 766
127.0.0.1 - - [04/Dec/2015:00:00:30 -0500] "POST /opensso/jaxrpc/DirectoryManagerIF HTTP/1.1" 200 1290 "-" "Java/1.5.0_21" 1362 1551
97.42.193.0 - - [04/Dec/2015:00:00:30 -0500] "GET /LMMP/rest/dbxml/fgdc/legend/stream?label=LRO_NAC_Gray_43S349E_150cmp HTTP/1.1" 200 4536 "-" "Moon%20Tours/1.0.0 CFNetwork/672.1.15 Darwin/14.0.0" 744 4971
97.42.193.0 - - [04/Dec/2015:00:00:30 -0500] "GET /LMMP/rest/dbxml/fgdc/legend/stream?label=LRO_NAC_ClrShade_43S349E_150cmp HTTP/1.1" 200 4060 "-" "Moon%20Tours/1.0.0 CFNetwork/672.1.15 Darwin/14.0.0" 744 4507
127.0.0.1 - - [04/Dec/2015:00:00:42 -0500] "GET /opensso/namingservice HTTP/1.1" 200 7 "-" "Java/1.5.0_21" 220 183
127.0.0.1 - - [04/Dec/2015:00:00:43 -0500] "GET /opensso/namingservice HTTP/1.1" 200 7 "-" "Java/1.5.0_21" 220 183
97.42.193.0 - - [04/Dec/2015:00:01:07 -0500] "GET /opensso/identity/isTokenValid HTTP/1.1" 200 13 "-" "Moon%20Tours/1.0.0 CFNetwork/672.1.15 Darwin/14.0.0" 339 171
127.0.0.1 - - [04/Dec/2015:00:01:12 -0500] "GET /opensso/namingservice HTTP/1.1" 200 7 "-" "Java/1.5.0_21" 220 183
127.0.0.1 - - [04/Dec/2015:00:01:13 -0500] "GET /opensso/namingservice HTTP/1.1" 200 7 "-" "Java/1.5.0_21" 220 183
127.0.0.1 - - [04/Dec/2015:00:01:42 -0500] "GET /opensso/namingservice HTTP/1.1" 200 7 "-" "Java/1.5.0_21" 220 183
127.0.0.1 - - [04/Dec/2015:00:01:43 -0500] "GET /opensso/namingservice HTTP/1.1" 200 7 "-" "Java/1.5.0_21" 220 183
127.0.0.1 - - [04/Dec/2015:00:02:12 -0500] "GET /opensso/namingservice HTTP/1.1" 200 7 "-" "Java/1.5.0_21" 220 183
127.0.0.1 - - [04/Dec/2015:00:02:13 -0500] "GET /opensso/namingservice HTTP/1.1" 200 7 "-" "Java/1.5.0_21" 220 183
127.0.0.1 - - [04/Dec/2015:00:02:42 -0500] "GET /opensso/namingservice HTTP/1.1" 200 7 "-" "Java/1.5.0_21" 220 183
127.0.0.1 - - [04/Dec/2015:00:02:43 -0500] "GET /opensso/namingservice HTTP/1.1" 200 7 "-" "Java/1.5.0_21" 220 183
127.0.0.1 - - [04/Dec/2015:00:03:12 -0500] "GET /opensso/namingservice HTTP/1.1" 200 7 "-" "Java/1.5.0_21" 220 183
127.0.0.1 - - [04/Dec/2015:00:03:13 -0500] "GET /opensso/namingservice HTTP/1.1" 200 7 "-" "Java/1.5.0_21" 220 183
101.183.89.112 - - [04/Dec/2015:00:03:24 -0500] "GET /opensso/identity/isTokenValid HTTP/1.1" 200 14 "-" "Moon%20Tours/1.0.0 CFNetwork/758.1.6 Darwin/15.0.0" 229 172
101.183.89.112 - - [04/Dec/2015:00:03:24 -0500] "GET /lmmpmobile/config-1.0.json HTTP/1.1" 200 1338 "-" "Moon%20Tours/1.0.0 CFNetwork/758.1.6 Darwin/15.0.0" 217 1666
101.183.89.112 - - [04/Dec/2015:00:03:24 -0500] "GET /opensso/UI/Login?module=Anonymous&org=appspub&goto=http%3A%2F%2Fpub.lmmp.nasa.gov%2Flmmpmobile%2Frefresh HTTP/1.1" 302 - "-" "Moon%20Tours/1.0.0 CFNetwork/758.1.6 Darwin/15.0.0" 304 934
101.183.89.112 - - [04/Dec/2015:00:03:25 -0500] "GET /lmmpmobile/refresh?iPlanetDirectoryPro=AQIC5wM2LY4SfcwxUUCXgw2BQt%2B5q0G7Wfw06h17%2FXTfmwo%3D%40AAJTSQACMDE%3D%23 HTTP/1.1" 200 - "-" "Moon%20Tours/1.0.0 CFNetwork/758.1.6 Darwin/15.0.0" 422 316
101.183.89.112 - - [04/Dec/2015:00:03:25 -0500] "GET /arcgis/rest/services/CombinedNomenclature/MapServer?f=json HTTP/1.1" 200 810 "arcgisios" "ArcGISiOS-2.3.2/9.1/iPad6,7" 391 1106
101.183.89.112 - - [04/Dec/2015:00:03:26 -0500] "GET /arcgis/rest/services/ERGraticule/MapServer?f=json HTTP/1.1" 200 699 "arcgisios" "ArcGISiOS-2.3.2/9.1/iPad6,7" 383 995
66.249.67.181 - - [04/Dec/2015:00:03:32 -0500] "GET /redmine/issues/gantt?month=5&months=6&year=1278&zoom=3 HTTP/1.1" 200 51546 "-" "Mozilla/5.0 (compatible; Googlebot/2.1; +http://www.google.com/bot.html)" 345 52235
127.0.0.1 - - [04/Dec/2015:00:03:38 -0500] "POST /opensso/sessionservice HTTP/1.1" 200 2346 "-" "Java/1.5.0_21" 819 2524
127.0.0.1 - - [04/Dec/2015:00:03:38 -0500] "POST /opensso/sessionservice HTTP/1.1" 200 273 "-" "Java/1.5.0_21" 885 450
127.0.0.1 - - [04/Dec/2015:00:03:38 -0500] "POST /opensso/sessionservice HTTP/1.1" 200 2339 "-" "Java/1.5.0_21" 819 2516
127.0.0.1 - - [04/Dec/2015:00:03:38 -0500] "POST /opensso/policyservice HTTP/1.1" 200 9465 "-" "Java/1.5.0_21" 1123 9650
127.0.0.1 - - [04/Dec/2015:00:03:38 -0500] "POST /opensso/jaxrpc/SMSObjectIF HTTP/1.1" 200 505 "-" "Java/1.5.0_21" 847 766
127.0.0.1 - - [04/Dec/2015:00:03:38 -0500] "POST /opensso/jaxrpc/DirectoryManagerIF HTTP/1.1" 200 1290 "-" "Java/1.5.0_21" 1366 1551
127.0.0.1 - - [04/Dec/2015:00:03:38 -0500] "POST /opensso/jaxrpc/SMSObjectIF HTTP/1.1" 200 505 "-" "Java/1.5.0_21" 847 766
127.0.0.1 - - [04/Dec/2015:00:03:38 -0500] "POST /opensso/jaxrpc/DirectoryManagerIF HTTP/1.1" 200 1290 "-" "Java/1.5.0_21" 1366 1551
101.183.89.112 - - [04/Dec/2015:00:03:38 -0500] "GET /LMMP/rest/dbxml/fgdc/legend/stream?label=LRO_NAC_Gray_19S070E_150cmp HTTP/1.1" 200 4508 "-" "Moon%20Tours/1.0.0 CFNetwork/758.1.6 Darwin/15.0.0" 751 8762
127.0.0.1 - - [04/Dec/2015:00:03:42 -0500] "GET /opensso/namingservice HTTP/1.1" 200 7 "-" "Java/1.5.0_21" 220 183
127.0.0.1 - - [04/Dec/2015:00:03:43 -0500] "GET /opensso/namingservice HTTP/1.1" 200 7 "-" "Java/1.5.0_21" 220 182
