104.131.175.53 - - [12/Apr/2016:06:10:02 -0400] "GET /LMMPUI/LMMP_CLIENT/LMMP.html HTTP/1.0" 200 9400 "-" "Mozilla/5.0 (compatible; NetcraftSurveyAgent/1.0; +info@netcraft.com)" 387 9693
127.0.0.1 - - [12/Apr/2016:06:10:18 -0400] "GET /opensso/namingservice HTTP/1.1" 200 7 "-" "Java/1.5.0_21" 220 183
127.0.0.1 - - [12/Apr/2016:06:10:32 -0400] "GET /opensso/namingservice HTTP/1.1" 200 7 "-" "Java/1.5.0_21" 220 183
127.0.0.1 - - [12/Apr/2016:06:10:48 -0400] "GET /opensso/namingservice HTTP/1.1" 200 7 "-" "Java/1.5.0_21" 220 183
127.0.0.1 - - [12/Apr/2016:06:11:02 -0400] "GET /opensso/namingservice HTTP/1.1" 200 7 "-" "Java/1.5.0_21" 220 183
127.0.0.1 - - [12/Apr/2016:06:11:18 -0400] "GET /opensso/namingservice HTTP/1.1" 200 7 "-" "Java/1.5.0_21" 220 183
127.0.0.1 - - [12/Apr/2016:06:11:32 -0400] "GET /opensso/namingservice HTTP/1.1" 200 7 "-" "Java/1.5.0_21" 220 183
127.0.0.1 - - [12/Apr/2016:06:11:48 -0400] "GET /opensso/namingservice HTTP/1.1" 200 7 "-" "Java/1.5.0_21" 220 183
127.0.0.1 - - [12/Apr/2016:06:12:02 -0400] "GET /opensso/namingservice HTTP/1.1" 200 7 "-" "Java/1.5.0_21" 220 183
127.0.0.1 - - [12/Apr/2016:06:12:18 -0400] "GET /opensso/namingservice HTTP/1.1" 200 7 "-" "Java/1.5.0_21" 220 183
127.0.0.1 - - [12/Apr/2016:06:12:32 -0400] "GET /opensso/namingservice HTTP/1.1" 200 7 "-" "Java/1.5.0_21" 220 183
127.0.0.1 - - [12/Apr/2016:06:12:48 -0400] "GET /opensso/namingservice HTTP/1.1" 200 7 "-" "Java/1.5.0_21" 220 183
127.0.0.1 - - [12/Apr/2016:06:13:02 -0400] "GET /opensso/namingservice HTTP/1.1" 200 7 "-" "Java/1.5.0_21" 220 183
127.0.0.1 - - [12/Apr/2016:06:13:18 -0400] "GET /opensso/namingservice HTTP/1.1" 200 7 "-" "Java/1.5.0_21" 220 183
127.0.0.1 - - [12/Apr/2016:06:13:32 -0400] "GET /opensso/namingservice HTTP/1.1" 200 7 "-" "Java/1.5.0_21" 220 183
127.0.0.1 - - [12/Apr/2016:06:13:48 -0400] "GET /opensso/namingservice HTTP/1.1" 200 7 "-" "Java/1.5.0_21" 220 183
127.0.0.1 - - [12/Apr/2016:06:14:02 -0400] "GET /opensso/namingservice HTTP/1.1" 200 7 "-" "Java/1.5.0_21" 220 183
127.0.0.1 - - [12/Apr/2016:06:14:18 -0400] "GET /opensso/namingservice HTTP/1.1" 200 7 "-" "Java/1.5.0_21" 220 183
66.249.66.147 - - [12/Apr/2016:06:14:18 -0400] "GET /redmine/activity?from=1998-01-23 HTTP/1.1" 200 5345 "-" "Mozilla/5.0 (compatible; Googlebot/2.1; +http://www.google.com/bot.html)" 326 5907
127.0.0.1 - - [12/Apr/2016:06:14:32 -0400] "GET /opensso/namingservice HTTP/1.1" 200 7 "-" "Java/1.5.0_21" 220 183
127.0.0.1 - - [12/Apr/2016:06:14:48 -0400] "GET /opensso/namingservice HTTP/1.1" 200 7 "-" "Java/1.5.0_21" 220 183
127.0.0.1 - - [12/Apr/2016:06:15:02 -0400] "GET /opensso/namingservice HTTP/1.1" 200 7 "-" "Java/1.5.0_21" 220 183
127.0.0.1 - - [12/Apr/2016:06:15:18 -0400] "GET /opensso/namingservice HTTP/1.1" 200 7 "-" "Java/1.5.0_21" 220 183
127.0.0.1 - - [12/Apr/2016:06:15:32 -0400] "GET /opensso/namingservice HTTP/1.1" 200 7 "-" "Java/1.5.0_21" 220 183
127.0.0.1 - - [12/Apr/2016:06:15:48 -0400] "GET /opensso/namingservice HTTP/1.1" 200 7 "-" "Java/1.5.0_21" 220 183
127.0.0.1 - - [12/Apr/2016:06:16:02 -0400] "GET /opensso/namingservice HTTP/1.1" 200 7 "-" "Java/1.5.0_21" 220 183
127.0.0.1 - - [12/Apr/2016:06:16:18 -0400] "GET /opensso/namingservice HTTP/1.1" 200 7 "-" "Java/1.5.0_21" 220 183
127.0.0.1 - - [12/Apr/2016:06:16:32 -0400] "GET /opensso/namingservice HTTP/1.1" 200 7 "-" "Java/1.5.0_21" 220 183
127.0.0.1 - - [12/Apr/2016:06:16:48 -0400] "GET /opensso/namingservice HTTP/1.1" 200 7 "-" "Java/1.5.0_21" 220 183
24.251.69.60 - - [12/Apr/2016:06:17:01 -0400] "GET /arcgis/rest/services/CombinedNomenclature/MapServer?f=json HTTP/1.1" 200 799 "-" "ArcGIS.Android-10.2.3/4.4.2/SAMSUNG-SM-G900T" 206 1097
127.0.0.1 - - [12/Apr/2016:06:17:02 -0400] "GET /opensso/namingservice HTTP/1.1" 200 7 "-" "Java/1.5.0_21" 220 183
24.251.69.60 - - [12/Apr/2016:06:17:05 -0400] "GET /arcgis/rest/services/CombinedNomenclature/MapServer?f=json HTTP/1.1" 200 799 "-" "ArcGIS.Android-10.2.3/4.4.2/SAMSUNG-SM-G900T" 206 1097
24.251.69.60 - - [12/Apr/2016:06:17:11 -0400] "GET /arcgis/rest/services/CombinedNomenclature/MapServer?f=json HTTP/1.1" 200 799 "-" "ArcGIS.Android-10.2.3/4.4.2/SAMSUNG-SM-G900T" 206 1097
127.0.0.1 - - [12/Apr/2016:06:17:18 -0400] "GET /opensso/namingservice HTTP/1.1" 200 7 "-" "Java/1.5.0_21" 220 183
127.0.0.1 - - [12/Apr/2016:06:17:32 -0400] "GET /opensso/namingservice HTTP/1.1" 200 7 "-" "Java/1.5.0_21" 220 183
127.0.0.1 - - [12/Apr/2016:06:17:48 -0400] "GET /opensso/namingservice HTTP/1.1" 200 7 "-" "Java/1.5.0_21" 220 183
127.0.0.1 - - [12/Apr/2016:06:18:02 -0400] "GET /opensso/namingservice HTTP/1.1" 200 7 "-" "Java/1.5.0_21" 220 183
127.0.0.1 - - [12/Apr/2016:06:18:18 -0400] "GET /opensso/namingservice HTTP/1.1" 200 7 "-" "Java/1.5.0_21" 220 183
24.251.69.60 - - [12/Apr/2016:06:18:28 -0400] "GET /opensso/UI/Login?module=Anonymous&org=appspub&goto=https://pub.lmmp.nasa.gov/LMMP/rest/dbxml/fgdc/abstract?label=Apollo15_MetricCam_Gray_Global_1024ppd HTTP/1.1" 302 - "-" "Dalvik/1.6.0 (Linux; U; Android 4.4.2; SM-G900T Build/KOT49H)" 316 988
127.0.0.1 - - [12/Apr/2016:06:18:29 -0400] "POST /opensso/sessionservice HTTP/1.1" 200 2402 "-" "Java/1.5.0_21" 817 2580
127.0.0.1 - - [12/Apr/2016:06:18:29 -0400] "POST /opensso/sessionservice HTTP/1.1" 200 271 "-" "Java/1.5.0_21" 883 448
127.0.0.1 - - [12/Apr/2016:06:18:29 -0400] "POST /opensso/sessionservice HTTP/1.1" 200 2343 "-" "Java/1.5.0_21" 817 2520
127.0.0.1 - - [12/Apr/2016:06:18:29 -0400] "POST /opensso/policyservice HTTP/1.1" 200 9463 "-" "Java/1.5.0_21" 1117 9648
127.0.0.1 - - [12/Apr/2016:06:18:29 -0400] "POST /opensso/jaxrpc/SMSObjectIF HTTP/1.1" 200 505 "-" "Java/1.5.0_21" 847 766
127.0.0.1 - - [12/Apr/2016:06:18:29 -0400] "POST /opensso/jaxrpc/DirectoryManagerIF HTTP/1.1" 200 1290 "-" "Java/1.5.0_21" 1362 1551
127.0.0.1 - - [12/Apr/2016:06:18:32 -0400] "GET /opensso/namingservice HTTP/1.1" 200 7 "-" "Java/1.5.0_21" 220 183
24.251.69.60 - - [12/Apr/2016:06:18:29 -0400] "GET /LMMP/rest/dbxml/fgdc/abstract?label=Apollo15_MetricCam_Gray_Global_1024ppd&iPlanetDirectoryPro=AQIC5wM2LY4SfczF8osK6Kn7zRnRNwOMPdGDnay0Vns5Z9k%3D%40AAJTSQACMDE%3D%23 HTTP/1.1" 200 271 "-" "Dalvik/1.6.0 (Linux; U; Android 4.4.2; SM-G900T Build/KOT49H)" 875 4403
24.251.69.60 - - [12/Apr/2016:06:18:45 -0400] "GET /opensso/UI/Login?module=Anonymous&org=appspub&goto=https://pub.lmmp.nasa.gov/LMMP/rest/dbxml/fgdc/abstract?label=LRO_NAC_Gray_17S173E_150cmp HTTP/1.1" 302 - "-" "Dalvik/1.6.0 (Linux; U; Android 4.4.2; SM-G900T Build/KOT49H)" 305 981
127.0.0.1 - - [12/Apr/2016:06:18:45 -0400] "POST /opensso/sessionservice HTTP/1.1" 200 2395 "-" "Java/1.5.0_21" 817 2573
127.0.0.1 - - [12/Apr/2016:06:18:45 -0400] "POST /opensso/sessionservice HTTP/1.1" 200 271 "-" "Java/1.5.0_21" 883 448
127.0.0.1 - - [12/Apr/2016:06:18:45 -0400] "POST /opensso/policyservice HTTP/1.1" 200 9463 "-" "Java/1.5.0_21" 1117 9648
127.0.0.1 - - [12/Apr/2016:06:18:45 -0400] "POST /opensso/jaxrpc/SMSObjectIF HTTP/1.1" 200 505 "-" "Java/1.5.0_21" 847 766
127.0.0.1 - - [12/Apr/2016:06:18:45 -0400] "POST /opensso/jaxrpc/DirectoryManagerIF HTTP/1.1" 200 1290 "-" "Java/1.5.0_21" 1362 1551
127.0.0.1 - - [12/Apr/2016:06:18:48 -0400] "GET /opensso/namingservice HTTP/1.1" 200 7 "-" "Java/1.5.0_21" 220 182
24.251.69.60 - - [12/Apr/2016:06:18:45 -0400] "GET /LMMP/rest/dbxml/fgdc/abstract?label=LRO_NAC_Gray_17S173E_150cmp&iPlanetDirectoryPro=AQIC5wM2LY4SfczKq7%2B9OrgiYwLjkaRt3ndJ3fNAn8%2BmKAg%3D%40AAJTSQACMDE%3D%23 HTTP/1.1" 200 482 "-" "Dalvik/1.6.0 (Linux; U; Android 4.4.2; SM-G900T Build/KOT49H)" 841 1052
127.0.0.1 - - [12/Apr/2016:06:19:02 -0400] "GET /opensso/namingservice HTTP/1.1" 200 7 "-" "Java/1.5.0_21" 220 183
24.251.69.60 - - [12/Apr/2016:06:19:04 -0400] "GET /arcgis/rest/services/ERGraticule/MapServer?f=json HTTP/1.1" 200 701 "-" "ArcGIS.Android-10.2.3/4.4.2/SAMSUNG-SM-G900T" 197 997
24.251.69.60 - - [12/Apr/2016:06:19:06 -0400] "GET /opensso/UI/Login?module=Anonymous&org=appspub&goto=https://pub.lmmp.nasa.gov/LMMP/rest/dbxml/fgdc/legend/stream?label=LRO_NAC_Gray_17S173E_150cmp HTTP/1.1" 302 - "-" "Dalvik/1.6.0 (Linux; U; Android 4.4.2; SM-G900T Build/KOT49H)" 310 986
127.0.0.1 - - [12/Apr/2016:06:19:06 -0400] "POST /opensso/sessionservice HTTP/1.1" 200 2401 "-" "Java/1.5.0_21" 817 2579
127.0.0.1 - - [12/Apr/2016:06:19:06 -0400] "POST /opensso/sessionservice HTTP/1.1" 200 271 "-" "Java/1.5.0_21" 883 448
127.0.0.1 - - [12/Apr/2016:06:19:06 -0400] "POST /opensso/policyservice HTTP/1.1" 200 9463 "-" "Java/1.5.0_21" 1117 9648
127.0.0.1 - - [12/Apr/2016:06:19:06 -0400] "POST /opensso/jaxrpc/SMSObjectIF HTTP/1.1" 200 505 "-" "Java/1.5.0_21" 847 766
127.0.0.1 - - [12/Apr/2016:06:19:06 -0400] "POST /opensso/jaxrpc/DirectoryManagerIF HTTP/1.1" 200 1290 "-" "Java/1.5.0_21" 1370 1551
127.0.0.1 - - [12/Apr/2016:06:19:06 -0400] "POST /opensso/jaxrpc/SMSObjectIF HTTP/1.1" 200 505 "-" "Java/1.5.0_21" 847 766
127.0.0.1 - - [12/Apr/2016:06:19:06 -0400] "POST /opensso/jaxrpc/DirectoryManagerIF HTTP/1.1" 200 1290 "-" "Java/1.5.0_21" 1370 1551
24.251.69.60 - - [12/Apr/2016:06:19:06 -0400] "GET /LMMP/rest/dbxml/fgdc/legend/stream?label=LRO_NAC_Gray_17S173E_150cmp&iPlanetDirectoryPro=AQIC5wM2LY4Sfcw1%2FCe0eJHtNCf%2FQIzjdXtfBnCAP2PVm1I%3D%40AAJTSQACMDE%3D%23 HTTP/1.1" 200 4457 "-" "Dalvik/1.6.0 (Linux; U; Android 4.4.2; SM-G900T Build/KOT49H)" 846 4945
24.251.69.60 - - [12/Apr/2016:06:19:06 -0400] "GET /opensso/UI/Login?module=Anonymous&org=appspub&goto=https://pub.lmmp.nasa.gov/LMMP/rest/dbxml/fgdc/legend/stream?label=LRO_NAC_Gray_17S173E_150cmp HTTP/1.1" 302 - "-" "Dalvik/1.6.0 (Linux; U; Android 4.4.2; SM-G900T Build/KOT49H)" 310 987
127.0.0.1 - - [12/Apr/2016:06:19:06 -0400] "POST /opensso/sessionservice HTTP/1.1" 200 2404 "-" "Java/1.5.0_21" 817 2581
127.0.0.1 - - [12/Apr/2016:06:19:06 -0400] "POST /opensso/sessionservice HTTP/1.1" 200 271 "-" "Java/1.5.0_21" 883 448
127.0.0.1 - - [12/Apr/2016:06:19:07 -0400] "POST /opensso/policyservice HTTP/1.1" 200 9463 "-" "Java/1.5.0_21" 1117 9648
127.0.0.1 - - [12/Apr/2016:06:19:07 -0400] "POST /opensso/jaxrpc/SMSObjectIF HTTP/1.1" 200 505 "-" "Java/1.5.0_21" 847 766
127.0.0.1 - - [12/Apr/2016:06:19:07 -0400] "POST /opensso/jaxrpc/DirectoryManagerIF HTTP/1.1" 200 1290 "-" "Java/1.5.0_21" 1362 1551
127.0.0.1 - - [12/Apr/2016:06:19:07 -0400] "POST /opensso/jaxrpc/SMSObjectIF HTTP/1.1" 200 505 "-" "Java/1.5.0_21" 847 766
127.0.0.1 - - [12/Apr/2016:06:19:07 -0400] "POST /opensso/jaxrpc/DirectoryManagerIF HTTP/1.1" 200 1290 "-" "Java/1.5.0_21" 1362 1551
24.251.69.60 - - [12/Apr/2016:06:19:06 -0400] "GET /LMMP/rest/dbxml/fgdc/legend/stream?label=LRO_NAC_Gray_17S173E_150cmp&iPlanetDirectoryPro=AQIC5wM2LY4SfcwZLHccXzBoGqg%2BRDZdSV%2Bq%2B6BF5XsoAcA%3D%40AAJTSQACMDE%3D%23 HTTP/1.1" 200 4457 "-" "Dalvik/1.6.0 (Linux; U; Android 4.4.2; SM-G900T Build/KOT49H)" 351 4815
127.0.0.1 - - [12/Apr/2016:06:19:18 -0400] "GET /opensso/namingservice HTTP/1.1" 200 7 "-" "Java/1.5.0_21" 220 183
66.249.66.147 - - [12/Apr/2016:06:19:19 -0400] "GET /redmine/activity?from=1997-12-24 HTTP/1.1" 200 5345 "-" "Mozilla/5.0 (compatible; Googlebot/2.1; +http://www.google.com/bot.html)" 326 5907
127.0.0.1 - - [12/Apr/2016:06:19:32 -0400] "GET /opensso/namingservice HTTP/1.1" 200 7 "-" "Java/1.5.0_21" 220 183
24.251.69.60 - - [12/Apr/2016:06:19:35 -0400] "GET /opensso/UI/Login?module=Anonymous&org=appspub&goto=null HTTP/1.1" 302 - "-" "Dalvik/1.6.0 (Linux; U; Android 4.4.2; SM-G900T Build/KOT49H)" 220 928
24.251.69.60 - - [12/Apr/2016:06:19:35 -0400] "GET /opensso/console?iPlanetDirectoryPro=AQIC5wM2LY4SfcwDMvOsTwLo4ikvDM0O8n9qUjhvk0wJaQ8%3D%40AAJTSQACMDE%3D%23 HTTP/1.1" 403 217 "-" "Dalvik/1.6.0 (Linux; U; Android 4.4.2; SM-G900T Build/KOT49H)" 271 401
127.0.0.1 - - [12/Apr/2016:06:19:48 -0400] "GET /opensso/namingservice HTTP/1.1" 200 7 "-" "Java/1.5.0_21" 220 183
127.0.0.1 - - [12/Apr/2016:06:20:02 -0400] "GET /opensso/namingservice HTTP/1.1" 200 7 "-" "Java/1.5.0_21" 220 183
127.0.0.1 - - [12/Apr/2016:06:20:18 -0400] "GET /opensso/namingservice HTTP/1.1" 200 7 "-" "Java/1.5.0_21" 220 183
127.0.0.1 - - [12/Apr/2016:06:20:32 -0400] "GET /opensso/namingservice HTTP/1.1" 200 7 "-" "Java/1.5.0_21" 220 183
127.0.0.1 - - [12/Apr/2016:06:20:48 -0400] "GET /opensso/namingservice HTTP/1.1" 200 7 "-" "Java/1.5.0_21" 220 183
24.251.69.60 - - [12/Apr/2016:06:20:56 -0400] "GET /arcgis/rest/services/ERGraticule/MapServer/export?f=image&bbox=69.11897667706651%2C-19.560962741009405%2C70.76143371672858%2C-18.636974499462188&bboxSR=104903&size=967%2C544&format=png&transparent=true&dpi=213&imageSR=104903&layers=hide%3A-1 HTTP/1.1" 200 2829 "-" "ArcGIS.Android-10.2.3/4.4.2/SAMSUNG-SM-G900T" 389 3117
24.251.69.60 - - [12/Apr/2016:06:20:56 -0400] "GET /arcgis/rest/services/CombinedNomenclature/MapServer/export?f=image&bbox=69.11897667706651%2C-19.560962741009405%2C70.76143371672858%2C-18.636974499462188&bboxSR=104903&size=967%2C544&format=png&transparent=true&dpi=213&imageSR=104903&layers=hide%3A-1 HTTP/1.1" 200 4051 "-" "ArcGIS.Android-10.2.3/4.4.2/SAMSUNG-SM-G900T" 398 4340
127.0.0.1 - - [12/Apr/2016:06:21:02 -0400] "GET /opensso/namingservice HTTP/1.1" 200 7 "-" "Java/1.5.0_21" 220 183
127.0.0.1 - - [12/Apr/2016:06:21:18 -0400] "GET /opensso/namingservice HTTP/1.1" 200 7 "-" "Java/1.5.0_21" 220 183
127.0.0.1 - - [12/Apr/2016:06:21:32 -0400] "GET /opensso/namingservice HTTP/1.1" 200 7 "-" "Java/1.5.0_21" 220 183
127.0.0.1 - - [12/Apr/2016:06:21:48 -0400] "GET /opensso/namingservice HTTP/1.1" 200 7 "-" "Java/1.5.0_21" 220 183
127.0.0.1 - - [12/Apr/2016:06:22:02 -0400] "GET /opensso/namingservice HTTP/1.1" 200 7 "-" "Java/1.5.0_21" 220 183
127.0.0.1 - - [12/Apr/2016:06:22:18 -0400] "GET /opensso/namingservice HTTP/1.1" 200 7 "-" "Java/1.5.0_21" 220 183
127.0.0.1 - - [12/Apr/2016:06:22:32 -0400] "GET /opensso/namingservice HTTP/1.1" 200 7 "-" "Java/1.5.0_21" 220 183
127.0.0.1 - - [12/Apr/2016:06:22:48 -0400] "GET /opensso/namingservice HTTP/1.1" 200 7 "-" "Java/1.5.0_21" 220 183
127.0.0.1 - - [12/Apr/2016:06:23:02 -0400] "GET /opensso/namingservice HTTP/1.1" 200 7 "-" "Java/1.5.0_21" 220 183
127.0.0.1 - - [12/Apr/2016:06:23:18 -0400] "GET /opensso/namingservice HTTP/1.1" 200 7 "-" "Java/1.5.0_21" 220 183
127.0.0.1 - - [12/Apr/2016:06:23:32 -0400] "GET /opensso/namingservice HTTP/1.1" 200 7 "-" "Java/1.5.0_21" 220 183
127.0.0.1 - - [12/Apr/2016:06:23:48 -0400] "GET /opensso/namingservice HTTP/1.1" 200 7 "-" "Java/1.5.0_21" 220 183
127.0.0.1 - - [12/Apr/2016:06:24:02 -0400] "GET /opensso/namingservice HTTP/1.1" 200 7 "-" "Java/1.5.0_21" 220 183
127.0.0.1 - - [12/Apr/2016:06:24:18 -0400] "GET /opensso/namingservice HTTP/1.1" 200 7 "-" "Java/1.5.0_21" 220 183
66.249.66.151 - - [12/Apr/2016:06:24:19 -0400] "GET /redmine/activity?from=1997-11-24 HTTP/1.1" 200 5345 "-" "Mozilla/5.0 (compatible; Googlebot/2.1; +http://www.google.com/bot.html)" 326 5907
127.0.0.1 - - [12/Apr/2016:06:24:32 -0400] "GET /opensso/namingservice HTTP/1.1" 200 7 "-" "Java/1.5.0_21" 220 183
127.0.0.1 - - [12/Apr/2016:06:24:48 -0400] "GET /opensso/namingservice HTTP/1.1" 200 7 "-" "Java/1.5.0_21" 220 183
24.251.69.60 - - [12/Apr/2016:06:24:51 -0400] "GET /opensso/UI/Login?module=Anonymous&org=appspub&goto=https://pub.lmmp.nasa.gov/LMMP/rest/dbxml/fgdc/legend/stream?label=LRO_NAC_Gray_07N301E_2mp HTTP/1.1" 302 - "-" "Dalvik/1.6.0 (Linux; U; Android 4.4.2; SM-G900T Build/KOT49H)" 307 981
127.0.0.1 - - [12/Apr/2016:06:24:51 -0400] "POST /opensso/sessionservice HTTP/1.1" 200 2397 "-" "Java/1.5.0_21" 817 2575
127.0.0.1 - - [12/Apr/2016:06:24:51 -0400] "POST /opensso/sessionservice HTTP/1.1" 200 271 "-" "Java/1.5.0_21" 883 448
127.0.0.1 - - [12/Apr/2016:06:24:51 -0400] "POST /opensso/sessionservice HTTP/1.1" 200 2406 "-" "Java/1.5.0_21" 817 2583
127.0.0.1 - - [12/Apr/2016:06:24:51 -0400] "POST /opensso/policyservice HTTP/1.1" 200 9463 "-" "Java/1.5.0_21" 1117 9648
127.0.0.1 - - [12/Apr/2016:06:24:51 -0400] "POST /opensso/jaxrpc/SMSObjectIF HTTP/1.1" 200 505 "-" "Java/1.5.0_21" 847 766
127.0.0.1 - - [12/Apr/2016:06:24:51 -0400] "POST /opensso/jaxrpc/DirectoryManagerIF HTTP/1.1" 200 1290 "-" "Java/1.5.0_21" 1366 1551
127.0.0.1 - - [12/Apr/2016:06:24:51 -0400] "POST /opensso/jaxrpc/SMSObjectIF HTTP/1.1" 200 505 "-" "Java/1.5.0_21" 847 766
127.0.0.1 - - [12/Apr/2016:06:24:51 -0400] "POST /opensso/jaxrpc/DirectoryManagerIF HTTP/1.1" 200 1290 "-" "Java/1.5.0_21" 1366 1551
24.251.69.60 - - [12/Apr/2016:06:24:51 -0400] "GET /LMMP/rest/dbxml/fgdc/legend/stream?label=LRO_NAC_Gray_07N301E_2mp&iPlanetDirectoryPro=AQIC5wM2LY4Sfcy4AkvhHdQwiqNPu7%2Fqdrfuf6F32gyj0qI%3D%40AAJTSQACMDE%3D%23 HTTP/1.1" 200 4937 "-" "Dalvik/1.6.0 (Linux; U; Android 4.4.2; SM-G900T Build/KOT49H)" 841 5425
24.251.69.60 - - [12/Apr/2016:06:24:51 -0400] "GET /opensso/UI/Login?module=Anonymous&org=appspub&goto=https://pub.lmmp.nasa.gov/LMMP/rest/dbxml/fgdc/legend/stream?label=LRO_NAC_Gray_07N301E_2mp HTTP/1.1" 302 - "-" "Dalvik/1.6.0 (Linux; U; Android 4.4.2; SM-G900T Build/KOT49H)" 307 984
127.0.0.1 - - [12/Apr/2016:06:24:52 -0400] "POST /opensso/sessionservice HTTP/1.1" 200 2401 "-" "Java/1.5.0_21" 817 2578
127.0.0.1 - - [12/Apr/2016:06:24:52 -0400] "POST /opensso/sessionservice HTTP/1.1" 200 271 "-" "Java/1.5.0_21" 883 448
127.0.0.1 - - [12/Apr/2016:06:24:52 -0400] "POST /opensso/policyservice HTTP/1.1" 200 9463 "-" "Java/1.5.0_21" 1117 9648
127.0.0.1 - - [12/Apr/2016:06:24:52 -0400] "POST /opensso/jaxrpc/SMSObjectIF HTTP/1.1" 200 505 "-" "Java/1.5.0_21" 847 766
127.0.0.1 - - [12/Apr/2016:06:24:52 -0400] "POST /opensso/jaxrpc/DirectoryManagerIF HTTP/1.1" 200 1290 "-" "Java/1.5.0_21" 1374 1551
127.0.0.1 - - [12/Apr/2016:06:24:52 -0400] "POST /opensso/jaxrpc/SMSObjectIF HTTP/1.1" 200 505 "-" "Java/1.5.0_21" 847 766
127.0.0.1 - - [12/Apr/2016:06:24:52 -0400] "POST /opensso/jaxrpc/DirectoryManagerIF HTTP/1.1" 200 1290 "-" "Java/1.5.0_21" 1374 1551
24.251.69.60 - - [12/Apr/2016:06:24:52 -0400] "GET /LMMP/rest/dbxml/fgdc/legend/stream?label=LRO_NAC_Gray_07N301E_2mp&iPlanetDirectoryPro=AQIC5wM2LY4SfczN%2FoVt1erKessM8Tu%2FSoJ9rSCpX%2FZhi6w%3D%40AAJTSQACMDE%3D%23 HTTP/1.1" 200 4937 "-" "Dalvik/1.6.0 (Linux; U; Android 4.4.2; SM-G900T Build/KOT49H)" 348 5295
24.251.69.60 - - [12/Apr/2016:06:24:52 -0400] "GET /opensso/UI/Login?module=Anonymous&org=appspub&goto=https://pub.lmmp.nasa.gov/LMMP/rest/dbxml/fgdc/legend/stream?label=LRO_NAC_Gray_07N301E_2mp HTTP/1.1" 302 - "-" "Dalvik/1.6.0 (Linux; U; Android 4.4.2; SM-G900T Build/KOT49H)" 307 980
127.0.0.1 - - [12/Apr/2016:06:24:52 -0400] "POST /opensso/sessionservice HTTP/1.1" 200 2397 "-" "Java/1.5.0_21" 817 2574
127.0.0.1 - - [12/Apr/2016:06:24:52 -0400] "POST /opensso/sessionservice HTTP/1.1" 200 271 "-" "Java/1.5.0_21" 883 448
127.0.0.1 - - [12/Apr/2016:06:24:52 -0400] "POST /opensso/policyservice HTTP/1.1" 200 9463 "-" "Java/1.5.0_21" 1117 9648
127.0.0.1 - - [12/Apr/2016:06:24:52 -0400] "POST /opensso/jaxrpc/SMSObjectIF HTTP/1.1" 200 505 "-" "Java/1.5.0_21" 847 766
127.0.0.1 - - [12/Apr/2016:06:24:52 -0400] "POST /opensso/jaxrpc/DirectoryManagerIF HTTP/1.1" 200 1290 "-" "Java/1.5.0_21" 1366 1551
127.0.0.1 - - [12/Apr/2016:06:24:52 -0400] "POST /opensso/jaxrpc/SMSObjectIF HTTP/1.1" 200 505 "-" "Java/1.5.0_21" 847 766
127.0.0.1 - - [12/Apr/2016:06:24:52 -0400] "POST /opensso/jaxrpc/DirectoryManagerIF HTTP/1.1" 200 1290 "-" "Java/1.5.0_21" 1366 1551
24.251.69.60 - - [12/Apr/2016:06:24:52 -0400] "GET /LMMP/rest/dbxml/fgdc/legend/stream?label=LRO_NAC_Gray_07N301E_2mp&iPlanetDirectoryPro=AQIC5wM2LY4SfcziN02C%2FSWQIun4KrLu4lu4Tf0Vm8Yz6uA%3D%40AAJTSQACMDE%3D%23 HTTP/1.1" 200 4937 "-" "Dalvik/1.6.0 (Linux; U; Android 4.4.2; SM-G900T Build/KOT49H)" 344 5295
24.251.69.60 - - [12/Apr/2016:06:24:54 -0400] "GET /opensso/UI/Login?module=Anonymous&org=appspub&goto=https://pub.lmmp.nasa.gov/LMMP/rest/dbxml/fgdc/legend/stream?label=LRO_NAC_Gray_07N301E_2mp HTTP/1.1" 302 - "-" "Dalvik/1.6.0 (Linux; U; Android 4.4.2; SM-G900T Build/KOT49H)" 307 984
127.0.0.1 - - [12/Apr/2016:06:24:54 -0400] "POST /opensso/sessionservice HTTP/1.1" 200 2401 "-" "Java/1.5.0_21" 817 2578
127.0.0.1 - - [12/Apr/2016:06:24:54 -0400] "POST /opensso/sessionservice HTTP/1.1" 200 271 "-" "Java/1.5.0_21" 883 448
127.0.0.1 - - [12/Apr/2016:06:24:54 -0400] "POST /opensso/policyservice HTTP/1.1" 200 9463 "-" "Java/1.5.0_21" 1117 9648
127.0.0.1 - - [12/Apr/2016:06:24:54 -0400] "POST /opensso/jaxrpc/SMSObjectIF HTTP/1.1" 200 505 "-" "Java/1.5.0_21" 847 766
127.0.0.1 - - [12/Apr/2016:06:24:54 -0400] "POST /opensso/jaxrpc/DirectoryManagerIF HTTP/1.1" 200 1290 "-" "Java/1.5.0_21" 1374 1551
127.0.0.1 - - [12/Apr/2016:06:24:54 -0400] "POST /opensso/jaxrpc/SMSObjectIF HTTP/1.1" 200 505 "-" "Java/1.5.0_21" 847 766
127.0.0.1 - - [12/Apr/2016:06:24:54 -0400] "POST /opensso/jaxrpc/DirectoryManagerIF HTTP/1.1" 200 1290 "-" "Java/1.5.0_21" 1374 1551
24.251.69.60 - - [12/Apr/2016:06:24:54 -0400] "GET /LMMP/rest/dbxml/fgdc/legend/stream?label=LRO_NAC_Gray_07N301E_2mp&iPlanetDirectoryPro=AQIC5wM2LY4Sfcw%2F5v81%2F7vqqAG2i7pcw6%2FDlXSCNKW9UkM%3D%40AAJTSQACMDE%3D%23 HTTP/1.1" 200 4937 "-" "Dalvik/1.6.0 (Linux; U; Android 4.4.2; SM-G900T Build/KOT49H)" 348 5295
24.251.69.60 - - [12/Apr/2016:06:24:54 -0400] "GET /opensso/UI/Login?module=Anonymous&org=appspub&goto=https://pub.lmmp.nasa.gov/LMMP/rest/dbxml/fgdc/legend/stream?label=LRO_NAC_Gray_07N301E_2mp HTTP/1.1" 302 - "-" "Dalvik/1.6.0 (Linux; U; Android 4.4.2; SM-G900T Build/KOT49H)" 307 982
127.0.0.1 - - [12/Apr/2016:06:24:54 -0400] "POST /opensso/sessionservice HTTP/1.1" 200 2399 "-" "Java/1.5.0_21" 817 2576
127.0.0.1 - - [12/Apr/2016:06:24:54 -0400] "POST /opensso/sessionservice HTTP/1.1" 200 271 "-" "Java/1.5.0_21" 883 448
127.0.0.1 - - [12/Apr/2016:06:24:54 -0400] "POST /opensso/policyservice HTTP/1.1" 200 9463 "-" "Java/1.5.0_21" 1117 9648
127.0.0.1 - - [12/Apr/2016:06:24:54 -0400] "POST /opensso/jaxrpc/SMSObjectIF HTTP/1.1" 200 505 "-" "Java/1.5.0_21" 847 766
127.0.0.1 - - [12/Apr/2016:06:24:54 -0400] "POST /opensso/jaxrpc/DirectoryManagerIF HTTP/1.1" 200 1290 "-" "Java/1.5.0_21" 1366 1551
127.0.0.1 - - [12/Apr/2016:06:24:54 -0400] "POST /opensso/jaxrpc/SMSObjectIF HTTP/1.1" 200 505 "-" "Java/1.5.0_21" 847 766
127.0.0.1 - - [12/Apr/2016:06:24:54 -0400] "POST /opensso/jaxrpc/DirectoryManagerIF HTTP/1.1" 200 1290 "-" "Java/1.5.0_21" 1366 1551
24.251.69.60 - - [12/Apr/2016:06:24:54 -0400] "GET /LMMP/rest/dbxml/fgdc/legend/stream?label=LRO_NAC_Gray_07N301E_2mp&iPlanetDirectoryPro=AQIC5wM2LY4SfcwRUI9a%2FG%2BSgs631t8OHn6vreg9mgz6b1g%3D%40AAJTSQACMDE%3D%23 HTTP/1.1" 200 4937 "-" "Dalvik/1.6.0 (Linux; U; Android 4.4.2; SM-G900T Build/KOT49H)" 346 5295
24.251.69.60 - - [12/Apr/2016:06:24:56 -0400] "GET /opensso/UI/Login?module=Anonymous&org=appspub&goto=https://pub.lmmp.nasa.gov/LMMP/rest/dbxml/fgdc/legend/stream?label=LRO_NAC_Gray_07N301E_2mp HTTP/1.1" 302 - "-" "Dalvik/1.6.0 (Linux; U; Android 4.4.2; SM-G900T Build/KOT49H)" 307 980
127.0.0.1 - - [12/Apr/2016:06:24:56 -0400] "POST /opensso/sessionservice HTTP/1.1" 200 2397 "-" "Java/1.5.0_21" 817 2574
127.0.0.1 - - [12/Apr/2016:06:24:56 -0400] "POST /opensso/sessionservice HTTP/1.1" 200 271 "-" "Java/1.5.0_21" 883 448
127.0.0.1 - - [12/Apr/2016:06:24:56 -0400] "POST /opensso/policyservice HTTP/1.1" 200 9463 "-" "Java/1.5.0_21" 1117 9648
127.0.0.1 - - [12/Apr/2016:06:24:56 -0400] "POST /opensso/jaxrpc/SMSObjectIF HTTP/1.1" 200 505 "-" "Java/1.5.0_21" 847 766
127.0.0.1 - - [12/Apr/2016:06:24:56 -0400] "POST /opensso/jaxrpc/DirectoryManagerIF HTTP/1.1" 200 1290 "-" "Java/1.5.0_21" 1362 1551
127.0.0.1 - - [12/Apr/2016:06:24:56 -0400] "POST /opensso/jaxrpc/SMSObjectIF HTTP/1.1" 200 505 "-" "Java/1.5.0_21" 847 766
127.0.0.1 - - [12/Apr/2016:06:24:56 -0400] "POST /opensso/jaxrpc/DirectoryManagerIF HTTP/1.1" 200 1290 "-" "Java/1.5.0_21" 1362 1551
24.251.69.60 - - [12/Apr/2016:06:24:56 -0400] "GET /LMMP/rest/dbxml/fgdc/legend/stream?label=LRO_NAC_Gray_07N301E_2mp&iPlanetDirectoryPro=AQIC5wM2LY4SfczwWCKNG0aOOlgjjDv2X4corOXNfVHj%2BII%3D%40AAJTSQACMDE%3D%23 HTTP/1.1" 200 4937 "-" "Dalvik/1.6.0 (Linux; U; Android 4.4.2; SM-G900T Build/KOT49H)" 344 5295
24.251.69.60 - - [12/Apr/2016:06:24:56 -0400] "GET /opensso/UI/Login?module=Anonymous&org=appspub&goto=https://pub.lmmp.nasa.gov/LMMP/rest/dbxml/fgdc/legend/stream?label=LRO_NAC_Gray_07N301E_2mp HTTP/1.1" 302 - "-" "Dalvik/1.6.0 (Linux; U; Android 4.4.2; SM-G900T Build/KOT49H)" 307 984
127.0.0.1 - - [12/Apr/2016:06:24:56 -0400] "POST /opensso/sessionservice HTTP/1.1" 200 2401 "-" "Java/1.5.0_21" 817 2578
127.0.0.1 - - [12/Apr/2016:06:24:56 -0400] "POST /opensso/sessionservice HTTP/1.1" 200 271 "-" "Java/1.5.0_21" 883 448
127.0.0.1 - - [12/Apr/2016:06:24:56 -0400] "POST /opensso/policyservice HTTP/1.1" 200 9463 "-" "Java/1.5.0_21" 1117 9648
127.0.0.1 - - [12/Apr/2016:06:24:56 -0400] "POST /opensso/jaxrpc/SMSObjectIF HTTP/1.1" 200 505 "-" "Java/1.5.0_21" 847 766
127.0.0.1 - - [12/Apr/2016:06:24:56 -0400] "POST /opensso/jaxrpc/DirectoryManagerIF HTTP/1.1" 200 1290 "-" "Java/1.5.0_21" 1374 1551
127.0.0.1 - - [12/Apr/2016:06:24:56 -0400] "POST /opensso/jaxrpc/SMSObjectIF HTTP/1.1" 200 505 "-" "Java/1.5.0_21" 847 766
127.0.0.1 - - [12/Apr/2016:06:24:56 -0400] "POST /opensso/jaxrpc/DirectoryManagerIF HTTP/1.1" 200 1290 "-" "Java/1.5.0_21" 1374 1551
24.251.69.60 - - [12/Apr/2016:06:24:56 -0400] "GET /LMMP/rest/dbxml/fgdc/legend/stream?label=LRO_NAC_Gray_07N301E_2mp&iPlanetDirectoryPro=AQIC5wM2LY4SfcytiFv%2F3FANlKBMThBXOMnh6C%2FnXQB%2FnAA%3D%40AAJTSQACMDE%3D%23 HTTP/1.1" 200 4937 "-" "Dalvik/1.6.0 (Linux; U; Android 4.4.2; SM-G900T Build/KOT49H)" 348 5295
127.0.0.1 - - [12/Apr/2016:06:25:02 -0400] "GET /opensso/namingservice HTTP/1.1" 200 7 "-" "Java/1.5.0_21" 220 183
127.0.0.1 - - [12/Apr/2016:06:25:18 -0400] "GET /opensso/namingservice HTTP/1.1" 200 7 "-" "Java/1.5.0_21" 220 183
24.251.69.60 - - [12/Apr/2016:06:25:29 -0400] "GET /opensso/UI/Login?module=Anonymous&org=appspub&goto=null HTTP/1.1" 302 - "-" "Dalvik/1.6.0 (Linux; U; Android 4.4.2; SM-G900T Build/KOT49H)" 220 928
24.251.69.60 - - [12/Apr/2016:06:25:29 -0400] "GET /opensso/console?iPlanetDirectoryPro=AQIC5wM2LY4SfcxfvK2i6pZ1PJsN7kiEEjvgbJf7dm7E7ps%3D%40AAJTSQACMDE%3D%23 HTTP/1.1" 403 217 "-" "Dalvik/1.6.0 (Linux; U; Android 4.4.2; SM-G900T Build/KOT49H)" 271 401
127.0.0.1 - - [12/Apr/2016:06:25:32 -0400] "GET /opensso/namingservice HTTP/1.1" 200 7 "-" "Java/1.5.0_21" 220 183
127.0.0.1 - - [12/Apr/2016:06:25:48 -0400] "GET /opensso/namingservice HTTP/1.1" 200 7 "-" "Java/1.5.0_21" 220 183
127.0.0.1 - - [12/Apr/2016:06:26:02 -0400] "GET /opensso/namingservice HTTP/1.1" 200 7 "-" "Java/1.5.0_21" 220 183
127.0.0.1 - - [12/Apr/2016:06:26:18 -0400] "GET /opensso/namingservice HTTP/1.1" 200 7 "-" "Java/1.5.0_21" 220 183
127.0.0.1 - - [12/Apr/2016:06:26:32 -0400] "GET /opensso/namingservice HTTP/1.1" 200 7 "-" "Java/1.5.0_21" 220 183
127.0.0.1 - - [12/Apr/2016:06:26:48 -0400] "GET /opensso/namingservice HTTP/1.1" 200 7 "-" "Java/1.5.0_21" 220 183
127.0.0.1 - - [12/Apr/2016:06:27:02 -0400] "GET /opensso/namingservice HTTP/1.1" 200 7 "-" "Java/1.5.0_21" 220 183
127.0.0.1 - - [12/Apr/2016:06:27:18 -0400] "GET /opensso/namingservice HTTP/1.1" 200 7 "-" "Java/1.5.0_21" 220 183
66.249.66.147 - - [12/Apr/2016:06:27:23 -0400] "GET /redmine/issues/calendar?month=3&year=2016 HTTP/1.1" 200 27541 "-" "Mozilla/5.0 (compatible; Googlebot/2.1; +http://www.google.com/bot.html)" 335 28230
127.0.0.1 - - [12/Apr/2016:06:27:32 -0400] "GET /opensso/namingservice HTTP/1.1" 200 7 "-" "Java/1.5.0_21" 220 183
127.0.0.1 - - [12/Apr/2016:06:27:48 -0400] "GET /opensso/namingservice HTTP/1.1" 200 7 "-" "Java/1.5.0_21" 220 183
127.0.0.1 - - [12/Apr/2016:06:28:02 -0400] "GET /opensso/namingservice HTTP/1.1" 200 7 "-" "Java/1.5.0_21" 220 183
24.251.69.60 - - [12/Apr/2016:06:28:06 -0400] "GET /arcgis/rest/services/CombinedNomenclature/MapServer?f=json HTTP/1.1" 200 799 "-" "ArcGIS.Android-10.2.3/4.4.2/SAMSUNG-SM-G900T" 206 1097
24.251.69.60 - - [12/Apr/2016:06:28:06 -0400] "GET /arcgis/rest/services/ERGraticule/MapServer?f=json HTTP/1.1" 200 701 "-" "ArcGIS.Android-10.2.3/4.4.2/SAMSUNG-SM-G900T" 197 997
127.0.0.1 - - [12/Apr/2016:06:28:18 -0400] "GET /opensso/namingservice HTTP/1.1" 200 7 "-" "Java/1.5.0_21" 220 183
127.0.0.1 - - [12/Apr/2016:06:28:32 -0400] "GET /opensso/namingservice HTTP/1.1" 200 7 "-" "Java/1.5.0_21" 220 183
127.0.0.1 - - [12/Apr/2016:06:28:48 -0400] "GET /opensso/namingservice HTTP/1.1" 200 7 "-" "Java/1.5.0_21" 220 183
127.0.0.1 - - [12/Apr/2016:06:29:02 -0400] "GET /opensso/namingservice HTTP/1.1" 200 7 "-" "Java/1.5.0_21" 220 183
127.0.0.1 - - [12/Apr/2016:06:29:18 -0400] "GET /opensso/namingservice HTTP/1.1" 200 7 "-" "Java/1.5.0_21" 220 183
66.249.66.147 - - [12/Apr/2016:06:29:19 -0400] "GET /redmine/activity?from=1997-10-25 HTTP/1.1" 200 5345 "-" "Mozilla/5.0 (compatible; Googlebot/2.1; +http://www.google.com/bot.html)" 326 5907
87.17.126.39 - - [12/Apr/2016:06:29:30 -0400] "GET /LMMPUI/LMMP_CLIENT/LMMP.html HTTP/1.1" 200 9400 "http://www.daz3d.com/forums/discussion/60812/terrain-height-map-generator/p2" "Mozilla/5.0 (Windows NT 10.0; WOW64; rv:45.0) Gecko/20100101 Firefox/45.0" 436 9730
87.17.126.39 - - [12/Apr/2016:06:29:30 -0400] "GET /LMMPUI/LMMP_CLIENT/history/history.css HTTP/1.1" 200 365 "http://pub.lmmp.nasa.gov/LMMPUI/LMMP_CLIENT/LMMP.html" "Mozilla/5.0 (Windows NT 10.0; WOW64; rv:45.0) Gecko/20100101 Firefox/45.0" 378 691
87.17.126.39 - - [12/Apr/2016:06:29:30 -0400] "GET /favicon.ico HTTP/1.1" 404 209 "-" "Mozilla/5.0 (Windows NT 10.0; WOW64; rv:45.0) Gecko/20100101 Firefox/45.0" 332 453
87.17.126.39 - - [12/Apr/2016:06:29:31 -0400] "GET /favicon.ico HTTP/1.1" 404 209 "-" "Mozilla/5.0 (Windows NT 10.0; WOW64; rv:45.0) Gecko/20100101 Firefox/45.0" 332 453
127.0.0.1 - - [12/Apr/2016:06:29:32 -0400] "GET /opensso/namingservice HTTP/1.1" 200 7 "-" "Java/1.5.0_21" 220 183
127.0.0.1 - - [12/Apr/2016:06:29:48 -0400] "GET /opensso/namingservice HTTP/1.1" 200 7 "-" "Java/1.5.0_21" 220 183
127.0.0.1 - - [12/Apr/2016:06:30:02 -0400] "GET /opensso/namingservice HTTP/1.1" 200 7 "-" "Java/1.5.0_21" 220 183
127.0.0.1 - - [12/Apr/2016:06:30:03 -0400] "POST /opensso/sessionservice HTTP/1.1" 200 2023 "-" "Java/1.5.0_21" 712 2201
127.0.0.1 - - [12/Apr/2016:06:30:03 -0400] "GET /opensso/identity//xml/read?name=TomcatApps1&attributes_names=realm&attributes_values_realm=%2Fappspub&attributes_names=objecttype&attributes_values_objecttype=Agent&admin=AQIC5wM2LY4SfczLG1z2I4000GJAZ3XlW1HRV1VdtWDQWw8%3D%40AAJTSQACMDE%3D%23 HTTP/1.1" 200 13607 "-" "Java/1.5.0_21" 440 13791
127.0.0.1 - - [12/Apr/2016:06:30:18 -0400] "GET /opensso/namingservice HTTP/1.1" 200 7 "-" "Java/1.5.0_21" 220 183
127.0.0.1 - - [12/Apr/2016:06:30:32 -0400] "GET /opensso/namingservice HTTP/1.1" 200 7 "-" "Java/1.5.0_21" 220 183
127.0.0.1 - - [12/Apr/2016:06:30:48 -0400] "GET /opensso/namingservice HTTP/1.1" 200 7 "-" "Java/1.5.0_21" 220 183
127.0.0.1 - - [12/Apr/2016:06:31:02 -0400] "GET /opensso/namingservice HTTP/1.1" 200 7 "-" "Java/1.5.0_21" 220 183
127.0.0.1 - - [12/Apr/2016:06:31:18 -0400] "GET /opensso/namingservice HTTP/1.1" 200 7 "-" "Java/1.5.0_21" 220 183
127.0.0.1 - - [12/Apr/2016:06:31:32 -0400] "GET /opensso/namingservice HTTP/1.1" 200 7 "-" "Java/1.5.0_21" 220 183
127.0.0.1 - - [12/Apr/2016:06:31:48 -0400] "GET /opensso/namingservice HTTP/1.1" 200 7 "-" "Java/1.5.0_21" 220 183
127.0.0.1 - - [12/Apr/2016:06:32:02 -0400] "GET /opensso/namingservice HTTP/1.1" 200 7 "-" "Java/1.5.0_21" 220 183
127.0.0.1 - - [12/Apr/2016:06:32:18 -0400] "GET /opensso/namingservice HTTP/1.1" 200 7 "-" "Java/1.5.0_21" 220 183
127.0.0.1 - - [12/Apr/2016:06:32:32 -0400] "GET /opensso/namingservice HTTP/1.1" 200 7 "-" "Java/1.5.0_21" 220 183
127.0.0.1 - - [12/Apr/2016:06:32:48 -0400] "GET /opensso/namingservice HTTP/1.1" 200 7 "-" "Java/1.5.0_21" 220 183
127.0.0.1 - - [12/Apr/2016:06:33:02 -0400] "GET /opensso/namingservice HTTP/1.1" 200 7 "-" "Java/1.5.0_21" 220 183
127.0.0.1 - - [12/Apr/2016:06:33:18 -0400] "GET /opensso/namingservice HTTP/1.1" 200 7 "-" "Java/1.5.0_21" 220 183
127.0.0.1 - - [12/Apr/2016:06:33:32 -0400] "GET /opensso/namingservice HTTP/1.1" 200 7 "-" "Java/1.5.0_21" 220 183
127.0.0.1 - - [12/Apr/2016:06:33:48 -0400] "GET /opensso/namingservice HTTP/1.1" 200 7 "-" "Java/1.5.0_21" 220 183
66.249.66.6 - - [12/Apr/2016:06:33:49 -0400] "GET /redmine/javascripts/calendar/calendar-setup.js?1296684277 HTTP/1.1" 200 8839 "https://pub.lmmp.nasa.gov/redmine/time_entries" "Mozilla/5.0 (compatible; Googlebot/2.1; +http://www.google.com/bot.html)" 952 13194
66.249.66.6 - - [12/Apr/2016:06:33:50 -0400] "GET /redmine/javascripts/calendar/lang/calendar-en.js?1296684277 HTTP/1.1" 200 3600 "https://pub.lmmp.nasa.gov/redmine/time_entries" "Mozilla/5.0 (compatible; Googlebot/2.1; +http://www.google.com/bot.html)" 661 3889
66.249.66.6 - - [12/Apr/2016:06:33:50 -0400] "GET /redmine/stylesheets/calendar.css?1296684278 HTTP/1.1" 200 5021 "https://pub.lmmp.nasa.gov/redmine/time_entries" "Mozilla/5.0 (compatible; Googlebot/2.1; +http://www.google.com/bot.html)" 660 5304
127.0.0.1 - - [12/Apr/2016:06:34:02 -0400] "GET /opensso/namingservice HTTP/1.1" 200 7 "-" "Java/1.5.0_21" 220 183
66.249.66.151 - - [12/Apr/2016:06:34:17 -0400] "GET /redmine/activity?from=1997-09-25 HTTP/1.1" 200 5345 "-" "Mozilla/5.0 (compatible; Googlebot/2.1; +http://www.google.com/bot.html)" 326 5908
127.0.0.1 - - [12/Apr/2016:06:34:18 -0400] "GET /opensso/namingservice HTTP/1.1" 200 7 "-" "Java/1.5.0_21" 220 183
127.0.0.1 - - [12/Apr/2016:06:34:32 -0400] "GET /opensso/namingservice HTTP/1.1" 200 7 "-" "Java/1.5.0_21" 220 183
127.0.0.1 - - [12/Apr/2016:06:34:48 -0400] "POST /opensso/sessionservice HTTP/1.1" 200 2023 "-" "Java/1.5.0_21" 712 2201
127.0.0.1 - - [12/Apr/2016:06:34:48 -0400] "GET /opensso/identity//xml/read?name=TomcatApps3&attributes_names=realm&attributes_values_realm=%2Fappspub&attributes_names=objecttype&attributes_values_objecttype=Agent&admin=AQIC5wM2LY4SfcyTwfU2dauKfacz7ZPzIEJ3zYu%2B422CFkk%3D%40AAJTSQACMDE%3D%23 HTTP/1.1" 200 13732 "-" "Java/1.5.0_21" 442 13916
127.0.0.1 - - [12/Apr/2016:06:34:48 -0400] "GET /opensso/namingservice HTTP/1.1" 200 7 "-" "Java/1.5.0_21" 220 182
127.0.0.1 - - [12/Apr/2016:06:35:02 -0400] "GET /opensso/namingservice HTTP/1.1" 200 7 "-" "Java/1.5.0_21" 220 183
127.0.0.1 - - [12/Apr/2016:06:35:18 -0400] "GET /opensso/namingservice HTTP/1.1" 200 7 "-" "Java/1.5.0_21" 220 183
127.0.0.1 - - [12/Apr/2016:06:35:32 -0400] "GET /opensso/namingservice HTTP/1.1" 200 7 "-" "Java/1.5.0_21" 220 183
127.0.0.1 - - [12/Apr/2016:06:35:48 -0400] "GET /opensso/namingservice HTTP/1.1" 200 7 "-" "Java/1.5.0_21" 220 183
127.0.0.1 - - [12/Apr/2016:06:36:02 -0400] "GET /opensso/namingservice HTTP/1.1" 200 7 "-" "Java/1.5.0_21" 220 183
127.0.0.1 - - [12/Apr/2016:06:36:18 -0400] "GET /opensso/namingservice HTTP/1.1" 200 7 "-" "Java/1.5.0_21" 220 183
127.0.0.1 - - [12/Apr/2016:06:36:32 -0400] "GET /opensso/namingservice HTTP/1.1" 200 7 "-" "Java/1.5.0_21" 220 183
127.0.0.1 - - [12/Apr/2016:06:36:48 -0400] "GET /opensso/namingservice HTTP/1.1" 200 7 "-" "Java/1.5.0_21" 220 183
178.111.204.38 - - [12/Apr/2016:06:36:48 -0400] "GET /opensso/identity/isTokenValid HTTP/1.1" 200 14 "-" "Moon%20Tours/1.0.0 CFNetwork/758.3.15 Darwin/15.4.0" 261 172
178.111.204.38 - - [12/Apr/2016:06:36:48 -0400] "GET /lmmpmobile/config-1.0.json HTTP/1.1" 200 1338 "-" "Moon%20Tours/1.0.0 CFNetwork/758.3.15 Darwin/15.4.0" 249 1666
178.111.204.38 - - [12/Apr/2016:06:36:49 -0400] "GET /opensso/UI/Login?module=Anonymous&org=appspub&goto=http%3A%2F%2Fpub.lmmp.nasa.gov%2Flmmpmobile%2Frefresh HTTP/1.1" 302 - "-" "Moon%20Tours/1.0.0 CFNetwork/758.3.15 Darwin/15.4.0" 331 932
178.111.204.38 - - [12/Apr/2016:06:36:49 -0400] "GET /lmmpmobile/refresh?iPlanetDirectoryPro=AQIC5wM2LY4Sfcz6mJl9XjEbKZBRewUBMWV9%2FPwQPwjYZnk%3D%40AAJTSQACMDE%3D%23 HTTP/1.1" 200 - "-" "Moon%20Tours/1.0.0 CFNetwork/758.3.15 Darwin/15.4.0" 447 316
127.0.0.1 - - [12/Apr/2016:06:37:02 -0400] "GET /opensso/namingservice HTTP/1.1" 200 7 "-" "Java/1.5.0_21" 220 183
127.0.0.1 - - [12/Apr/2016:06:37:18 -0400] "GET /opensso/namingservice HTTP/1.1" 200 7 "-" "Java/1.5.0_21" 220 183
127.0.0.1 - - [12/Apr/2016:06:37:32 -0400] "GET /opensso/namingservice HTTP/1.1" 200 7 "-" "Java/1.5.0_21" 220 183
127.0.0.1 - - [12/Apr/2016:06:37:48 -0400] "GET /opensso/namingservice HTTP/1.1" 200 7 "-" "Java/1.5.0_21" 220 183
127.0.0.1 - - [12/Apr/2016:06:38:02 -0400] "GET /opensso/namingservice HTTP/1.1" 200 7 "-" "Java/1.5.0_21" 220 183
127.0.0.1 - - [12/Apr/2016:06:38:18 -0400] "GET /opensso/namingservice HTTP/1.1" 200 7 "-" "Java/1.5.0_21" 220 183
127.0.0.1 - - [12/Apr/2016:06:38:32 -0400] "GET /opensso/namingservice HTTP/1.1" 200 7 "-" "Java/1.5.0_21" 220 183
127.0.0.1 - - [12/Apr/2016:06:38:48 -0400] "GET /opensso/namingservice HTTP/1.1" 200 7 "-" "Java/1.5.0_21" 220 183
185.80.217.109 - - [12/Apr/2016:06:38:52 -0400] "GET /opensso/identity/isTokenValid HTTP/1.1" 200 14 "-" "Moon%20Tours/1.0.0 CFNetwork/758.3.15 Darwin/15.4.0" 230 172
185.80.217.109 - - [12/Apr/2016:06:38:52 -0400] "GET /lmmpmobile/config-1.0.json HTTP/1.1" 200 1338 "-" "Moon%20Tours/1.0.0 CFNetwork/758.3.15 Darwin/15.4.0" 218 1666
185.80.217.109 - - [12/Apr/2016:06:38:52 -0400] "GET /opensso/UI/Login?module=Anonymous&org=appspub&goto=http%3A%2F%2Fpub.lmmp.nasa.gov%2Flmmpmobile%2Frefresh HTTP/1.1" 302 - "-" "Moon%20Tours/1.0.0 CFNetwork/758.3.15 Darwin/15.4.0" 305 934
185.80.217.109 - - [12/Apr/2016:06:38:52 -0400] "GET /lmmpmobile/refresh?iPlanetDirectoryPro=AQIC5wM2LY4Sfcyk4noxf68oTZG%2BvmZsCrGE68%2B9B9hnHvY%3D%40AAJTSQACMDE%3D%23 HTTP/1.1" 200 - "-" "Moon%20Tours/1.0.0 CFNetwork/758.3.15 Darwin/15.4.0" 423 316
185.80.217.109 - - [12/Apr/2016:06:38:52 -0400] "GET /arcgis/rest/services/CombinedNomenclature/MapServer?f=json HTTP/1.1" 200 799 "arcgisios" "ArcGISiOS-2.3.2/9.3.1/iPad5,3" 366 1096
185.80.217.109 - - [12/Apr/2016:06:38:52 -0400] "GET /arcgis/rest/services/ERGraticule/MapServer?f=json HTTP/1.1" 200 701 "arcgisios" "ArcGISiOS-2.3.2/9.3.1/iPad5,3" 357 996
127.0.0.1 - - [12/Apr/2016:06:39:02 -0400] "GET /opensso/namingservice HTTP/1.1" 200 7 "-" "Java/1.5.0_21" 220 183
127.0.0.1 - - [12/Apr/2016:06:39:18 -0400] "GET /opensso/namingservice HTTP/1.1" 200 7 "-" "Java/1.5.0_21" 220 183
66.249.66.151 - - [12/Apr/2016:06:39:19 -0400] "GET /redmine/activity?from=1997-08-26 HTTP/1.1" 200 5345 "-" "Mozilla/5.0 (compatible; Googlebot/2.1; +http://www.google.com/bot.html)" 326 5907
127.0.0.1 - - [12/Apr/2016:06:39:32 -0400] "GET /opensso/namingservice HTTP/1.1" 200 7 "-" "Java/1.5.0_21" 220 183
66.249.66.147 - - [12/Apr/2016:06:39:40 -0400] "GET /redmine/issues/gantt?month=12&months=6&year=2782&zoom=2 HTTP/1.1" 200 30894 "-" "Mozilla/5.0 (compatible; Googlebot/2.1; +http://www.google.com/bot.html)" 349 31583
127.0.0.1 - - [12/Apr/2016:06:39:48 -0400] "GET /opensso/namingservice HTTP/1.1" 200 7 "-" "Java/1.5.0_21" 220 183
127.0.0.1 - - [12/Apr/2016:06:40:02 -0400] "GET /opensso/namingservice HTTP/1.1" 200 7 "-" "Java/1.5.0_21" 220 183
66.249.66.63 - - [12/Apr/2016:06:40:16 -0400] "GET /redmine/issues/gantt?month=1&months=6&year=1993&zoom=1 HTTP/1.1" 200 27567 "-" "Mozilla/5.0 (compatible; Googlebot/2.1; +http://www.google.com/bot.html)" 666 32420
127.0.0.1 - - [12/Apr/2016:06:40:18 -0400] "GET /opensso/namingservice HTTP/1.1" 200 7 "-" "Java/1.5.0_21" 220 183
127.0.0.1 - - [12/Apr/2016:06:40:32 -0400] "GET /opensso/namingservice HTTP/1.1" 200 7 "-" "Java/1.5.0_21" 220 183
127.0.0.1 - - [12/Apr/2016:06:40:48 -0400] "GET /opensso/namingservice HTTP/1.1" 200 7 "-" "Java/1.5.0_21" 220 183
127.0.0.1 - - [12/Apr/2016:06:41:02 -0400] "GET /opensso/namingservice HTTP/1.1" 200 7 "-" "Java/1.5.0_21" 220 183
66.249.66.147 - - [12/Apr/2016:06:41:02 -0400] "GET /redmine/issues/gantt?month=2&months=6&year=2783&zoom=2 HTTP/1.1" 200 30776 "-" "Mozilla/5.0 (compatible; Googlebot/2.1; +http://www.google.com/bot.html)" 348 31465
127.0.0.1 - - [12/Apr/2016:06:41:18 -0400] "GET /opensso/namingservice HTTP/1.1" 200 7 "-" "Java/1.5.0_21" 220 183
127.0.0.1 - - [12/Apr/2016:06:41:32 -0400] "GET /opensso/namingservice HTTP/1.1" 200 7 "-" "Java/1.5.0_21" 220 183
101.182.66.189 - - [12/Apr/2016:06:41:34 -0400] "GET /LMMPUI/LMMP_CLIENT/LMMP.html HTTP/1.1" 200 9400 "-" "Mozilla/5.0 (Macintosh; Intel Mac OS X 10_11_4) AppleWebKit/601.5.17 (KHTML, like Gecko)" 334 9730
101.182.66.189 - - [12/Apr/2016:06:41:36 -0400] "GET /favicon.ico HTTP/1.1" 404 209 "-" "Safari/11601.5.17.1 CFNetwork/760.4.2 Darwin/15.4.0 (x86_64)" 221 454
101.182.66.189 - - [12/Apr/2016:06:41:36 -0400] "GET /apple-touch-icon-precomposed.png HTTP/1.1" 404 230 "-" "Safari/11601.5.17.1 CFNetwork/760.4.2 Darwin/15.4.0 (x86_64)" 242 475
101.182.66.189 - - [12/Apr/2016:06:41:36 -0400] "GET /apple-touch-icon.png HTTP/1.1" 404 218 "-" "Safari/11601.5.17.1 CFNetwork/760.4.2 Darwin/15.4.0 (x86_64)" 230 462
101.182.66.189 - - [12/Apr/2016:06:41:36 -0400] "GET /apple-touch-icon-precomposed.png HTTP/1.1" 404 230 "-" "Safari/11601.5.17.1 CFNetwork/760.4.2 Darwin/15.4.0 (x86_64)" 242 474
101.182.66.189 - - [12/Apr/2016:06:41:38 -0400] "GET /apple-touch-icon.png HTTP/1.1" 404 218 "-" "Safari/11601.5.17.1 CFNetwork/760.4.2 Darwin/15.4.0 (x86_64)" 230 462
66.249.66.63 - - [12/Apr/2016:06:41:47 -0400] "GET /LMMP/rest/dbxml/fgdc/title?label=LRO_NAC_Mosaic_08N332E_50cmp HTTP/1.1" 302 - "-" "Mozilla/5.0 (compatible; Googlebot/2.1; +http://www.google.com/bot.html)" 673 4486
127.0.0.1 - - [12/Apr/2016:06:41:48 -0400] "GET /opensso/namingservice HTTP/1.1" 200 7 "-" "Java/1.5.0_21" 220 183
66.249.66.63 - - [12/Apr/2016:06:41:48 -0400] "GET /opensso/UI/Login?goto=https%3A%2F%2Fpub.lmmp.nasa.gov%3A443%2FLMMP%2Frest%2Fdbxml%2Ffgdc%2Ftitle%3Flabel%3DLRO_NAC_Mosaic_08N332E_50cmp HTTP/1.1" 200 11604 "-" "Mozilla/5.0 (compatible; Googlebot/2.1; +http://www.google.com/bot.html)" 454 12445
127.0.0.1 - - [12/Apr/2016:06:42:02 -0400] "GET /opensso/namingservice HTTP/1.1" 200 7 "-" "Java/1.5.0_21" 220 183
127.0.0.1 - - [12/Apr/2016:06:42:18 -0400] "GET /opensso/namingservice HTTP/1.1" 200 7 "-" "Java/1.5.0_21" 220 183
127.0.0.1 - - [12/Apr/2016:06:42:32 -0400] "GET /opensso/namingservice HTTP/1.1" 200 7 "-" "Java/1.5.0_21" 220 183
66.249.66.143 - - [12/Apr/2016:06:42:33 -0400] "GET /redmine/projects/lmmpwiki/activity?from=2013-03-13 HTTP/1.1" 200 4829 "-" "Mozilla/5.0 (compatible; Googlebot/2.1; +http://www.google.com/bot.html)" 344 5391
127.0.0.1 - - [12/Apr/2016:06:42:48 -0400] "GET /opensso/namingservice HTTP/1.1" 200 7 "-" "Java/1.5.0_21" 220 183
127.0.0.1 - - [12/Apr/2016:06:43:02 -0400] "GET /opensso/namingservice HTTP/1.1" 200 7 "-" "Java/1.5.0_21" 220 183
24.251.69.60 - - [12/Apr/2016:06:43:06 -0400] "GET /arcgis/rest/services/ERGraticule/MapServer/export?f=image&bbox=-59.07514726117634%2C-32.49746118677975%2C-46.639509477058155%2C-12.906759751137685&bboxSR=104903&size=544%2C857&format=png&transparent=true&dpi=213&imageSR=104903&layers=hide%3A-1 HTTP/1.1" 200 2462 "-" "ArcGIS.Android-10.2.3/4.4.2/SAMSUNG-SM-G900T" 391 2750
24.251.69.60 - - [12/Apr/2016:06:43:06 -0400] "GET /arcgis/rest/services/CombinedNomenclature/MapServer/export?f=image&bbox=-59.07514726117634%2C-32.49746118677975%2C-46.639509477058155%2C-12.906759751137685&bboxSR=104903&size=544%2C857&format=png&transparent=true&dpi=213&imageSR=104903&layers=hide%3A-1 HTTP/1.1" 200 7137 "-" "ArcGIS.Android-10.2.3/4.4.2/SAMSUNG-SM-G900T" 400 7426
127.0.0.1 - - [12/Apr/2016:06:43:18 -0400] "GET /opensso/namingservice HTTP/1.1" 200 7 "-" "Java/1.5.0_21" 220 183
66.249.66.143 - - [12/Apr/2016:06:43:21 -0400] "GET /redmine/activity?from=2003-04-23&user_id=1 HTTP/1.1" 200 5707 "-" "Mozilla/5.0 (compatible; Googlebot/2.1; +http://www.google.com/bot.html)" 336 6269
113.240.250.156 - - [12/Apr/2016:06:43:28 -0400] "GET / HTTP/1.0" 302 238 "-" "-" 582 4054
127.0.0.1 - - [12/Apr/2016:06:43:32 -0400] "GET /opensso/namingservice HTTP/1.1" 200 7 "-" "Java/1.5.0_21" 220 183
113.240.250.156 - - [12/Apr/2016:06:43:37 -0400] "GET / HTTP/1.0" 302 238 "-" "-" 582 4054
113.240.250.156 - - [12/Apr/2016:06:43:38 -0400] "GET / HTTP/1.1" 302 263 "-" "-" 632 4085
5.215.168.72 - - [12/Apr/2016:06:43:47 -0400] "GET /arcgis/rest/services/CombinedNomenclature/MapServer?f=json HTTP/1.1" 200 799 "-" "ArcGIS.Android-10.2.3/4.4.4/SAMSUNG-SM-J100H" 206 1097
127.0.0.1 - - [12/Apr/2016:06:43:48 -0400] "GET /opensso/namingservice HTTP/1.1" 200 7 "-" "Java/1.5.0_21" 220 183
127.0.0.1 - - [12/Apr/2016:06:44:02 -0400] "GET /opensso/namingservice HTTP/1.1" 200 7 "-" "Java/1.5.0_21" 220 183
127.0.0.1 - - [12/Apr/2016:06:44:18 -0400] "GET /opensso/namingservice HTTP/1.1" 200 7 "-" "Java/1.5.0_21" 220 183
66.249.66.143 - - [12/Apr/2016:06:44:19 -0400] "GET /redmine/activity?from=2003-03-24&user_id=1 HTTP/1.1" 200 5707 "-" "Mozilla/5.0 (compatible; Googlebot/2.1; +http://www.google.com/bot.html)" 336 6269
5.215.168.72 - - [12/Apr/2016:06:44:25 -0400] "GET /arcgis/rest/services/CombinedNomenclature/MapServer?f=json HTTP/1.1" 502 481 "-" "ArcGIS.Android-10.2.3/4.4.4/SAMSUNG-SM-J100H" 206 668
127.0.0.1 - - [12/Apr/2016:06:44:32 -0400] "GET /opensso/namingservice HTTP/1.1" 200 7 "-" "Java/1.5.0_21" 220 183
66.249.66.63 - - [12/Apr/2016:06:44:33 -0400] "GET /redmine/activity.atom?user_id=1 HTTP/1.1" 200 517 "-" "Mozilla/5.0 (compatible; Googlebot/2.1; +http://www.google.com/bot.html)" 643 5096
5.215.168.72 - - [12/Apr/2016:06:44:34 -0400] "GET /arcgis/rest/services/CombinedNomenclature/MapServer?f=json HTTP/1.1" 200 799 "-" "ArcGIS.Android-10.2.3/4.4.4/SAMSUNG-SM-J100H" 206 1097
66.249.66.143 - - [12/Apr/2016:06:44:35 -0400] "GET /redmine/projects/lmmpwiki/activity?from=2013-04-12 HTTP/1.1" 200 4829 "-" "Mozilla/5.0 (compatible; Googlebot/2.1; +http://www.google.com/bot.html)" 344 5391
127.0.0.1 - - [12/Apr/2016:06:44:48 -0400] "GET /opensso/namingservice HTTP/1.1" 200 7 "-" "Java/1.5.0_21" 220 183
66.249.66.143 - - [12/Apr/2016:06:44:52 -0400] "GET /redmine/activity?from=1997-07-27 HTTP/1.1" 200 5345 "-" "Mozilla/5.0 (compatible; Googlebot/2.1; +http://www.google.com/bot.html)" 326 5907
127.0.0.1 - - [12/Apr/2016:06:45:02 -0400] "GET /opensso/namingservice HTTP/1.1" 200 7 "-" "Java/1.5.0_21" 220 183
127.0.0.1 - - [12/Apr/2016:06:45:18 -0400] "GET /opensso/namingservice HTTP/1.1" 200 7 "-" "Java/1.5.0_21" 220 183
127.0.0.1 - - [12/Apr/2016:06:45:32 -0400] "GET /opensso/namingservice HTTP/1.1" 200 7 "-" "Java/1.5.0_21" 220 183
127.0.0.1 - - [12/Apr/2016:06:45:48 -0400] "GET /opensso/namingservice HTTP/1.1" 200 7 "-" "Java/1.5.0_21" 220 183
127.0.0.1 - - [12/Apr/2016:06:46:02 -0400] "GET /opensso/namingservice HTTP/1.1" 200 7 "-" "Java/1.5.0_21" 220 183
127.0.0.1 - - [12/Apr/2016:06:46:18 -0400] "GET /opensso/namingservice HTTP/1.1" 200 7 "-" "Java/1.5.0_21" 220 183
127.0.0.1 - - [12/Apr/2016:06:46:32 -0400] "GET /opensso/namingservice HTTP/1.1" 200 7 "-" "Java/1.5.0_21" 220 183
127.0.0.1 - - [12/Apr/2016:06:46:48 -0400] "GET /opensso/namingservice HTTP/1.1" 200 7 "-" "Java/1.5.0_21" 220 183
127.0.0.1 - - [12/Apr/2016:06:47:02 -0400] "GET /opensso/namingservice HTTP/1.1" 200 7 "-" "Java/1.5.0_21" 220 183
127.0.0.1 - - [12/Apr/2016:06:47:18 -0400] "GET /opensso/namingservice HTTP/1.1" 200 7 "-" "Java/1.5.0_21" 220 183
37.187.114.171 - - [12/Apr/2016:06:47:30 -0400] "HEAD /irj/portal HTTP/1.0" 404 - "-" "-" 27 187
127.0.0.1 - - [12/Apr/2016:06:47:32 -0400] "GET /opensso/namingservice HTTP/1.1" 200 7 "-" "Java/1.5.0_21" 220 183
127.0.0.1 - - [12/Apr/2016:06:47:48 -0400] "GET /opensso/namingservice HTTP/1.1" 200 7 "-" "Java/1.5.0_21" 220 183
127.0.0.1 - - [12/Apr/2016:06:48:02 -0400] "GET /opensso/namingservice HTTP/1.1" 200 7 "-" "Java/1.5.0_21" 220 183
127.0.0.1 - - [12/Apr/2016:06:48:18 -0400] "GET /opensso/namingservice HTTP/1.1" 200 7 "-" "Java/1.5.0_21" 220 183
127.0.0.1 - - [12/Apr/2016:06:48:32 -0400] "GET /opensso/namingservice HTTP/1.1" 200 7 "-" "Java/1.5.0_21" 220 183
127.0.0.1 - - [12/Apr/2016:06:48:48 -0400] "GET /opensso/namingservice HTTP/1.1" 200 7 "-" "Java/1.5.0_21" 220 183
127.0.0.1 - - [12/Apr/2016:06:49:02 -0400] "GET /opensso/namingservice HTTP/1.1" 200 7 "-" "Java/1.5.0_21" 220 183
127.0.0.1 - - [12/Apr/2016:06:49:18 -0400] "GET /opensso/namingservice HTTP/1.1" 200 7 "-" "Java/1.5.0_21" 220 183
66.249.66.63 - - [12/Apr/2016:06:49:18 -0400] "GET /redmine/activity?user_id=1 HTTP/1.1" 200 5284 "-" "Mozilla/5.0 (compatible; Googlebot/2.1; +http://www.google.com/bot.html)" 638 9935
66.249.66.147 - - [12/Apr/2016:06:49:19 -0400] "GET /redmine/activity?from=1997-06-27 HTTP/1.1" 200 5345 "-" "Mozilla/5.0 (compatible; Googlebot/2.1; +http://www.google.com/bot.html)" 326 5907
66.249.66.143 - - [12/Apr/2016:06:49:19 -0400] "GET /redmine/projects/lmmpwiki/activity?from=2013-05-12 HTTP/1.1" 200 4829 "-" "Mozilla/5.0 (compatible; Googlebot/2.1; +http://www.google.com/bot.html)" 344 5391
66.249.66.147 - - [12/Apr/2016:06:49:20 -0400] "GET /redmine/activity?from=2003-02-22&user_id=1 HTTP/1.1" 200 5707 "-" "Mozilla/5.0 (compatible; Googlebot/2.1; +http://www.google.com/bot.html)" 336 6268
127.0.0.1 - - [12/Apr/2016:06:49:32 -0400] "GET /opensso/namingservice HTTP/1.1" 200 7 "-" "Java/1.5.0_21" 220 183
127.0.0.1 - - [12/Apr/2016:06:49:48 -0400] "GET /opensso/namingservice HTTP/1.1" 200 7 "-" "Java/1.5.0_21" 220 183
127.0.0.1 - - [12/Apr/2016:06:50:02 -0400] "GET /opensso/namingservice HTTP/1.1" 200 7 "-" "Java/1.5.0_21" 220 183
24.251.69.60 - - [12/Apr/2016:06:50:13 -0400] "GET /arcgis/rest/services/CombinedNomenclature/MapServer?f=json HTTP/1.1" 200 799 "-" "ArcGIS.Android-10.2.3/4.4.2/SAMSUNG-SM-G900T" 206 1097
24.251.69.60 - - [12/Apr/2016:06:50:13 -0400] "GET /arcgis/rest/services/ERGraticule/MapServer?f=json HTTP/1.1" 200 701 "-" "ArcGIS.Android-10.2.3/4.4.2/SAMSUNG-SM-G900T" 197 997
127.0.0.1 - - [12/Apr/2016:06:50:18 -0400] "GET /opensso/namingservice HTTP/1.1" 200 7 "-" "Java/1.5.0_21" 220 183
127.0.0.1 - - [12/Apr/2016:06:50:32 -0400] "GET /opensso/namingservice HTTP/1.1" 200 7 "-" "Java/1.5.0_21" 220 183
127.0.0.1 - - [12/Apr/2016:06:50:48 -0400] "GET /opensso/namingservice HTTP/1.1" 200 7 "-" "Java/1.5.0_21" 220 183
