77.100.49.217 - - [17/Sep/2015:05:16:27 -0400] "GET /LMMPUI/LMMP_CLIENT/assets/menu/info.png HTTP/1.1" 200 9601 "https://pub.lmmp.nasa.gov/LMMPUI/LMMP_CLIENT/LMMP.html?x=15.418287&y=-9.133283500000001&level=8&projection=equirectangular&basemap=LRO_WAC_Mosaic_Global_303ppd&layers=LRO_NAC_Mosaic_09S015E_50cmp,LRO_NAC_ClrShade_09S015E_150cmp,Graticule,Nomenclature&visibility=true,true,false,true&transparency=1,0.3,1,1&size=fullscreen" "Mozilla/5.0 (Windows NT 6.1; WOW64) AppleWebKit/537.36 (KHTML, like Gecko) Chrome/45.0.2454.85 Safari/537.36" 1738 10160
77.100.49.217 - - [17/Sep/2015:05:16:27 -0400] "GET /LMMPUI/LMMP_CLIENT/assets/menu/fullscreen.png HTTP/1.1" 200 6741 "https://pub.lmmp.nasa.gov/LMMPUI/LMMP_CLIENT/LMMP.html?x=15.418287&y=-9.133283500000001&level=8&projection=equirectangular&basemap=LRO_WAC_Mosaic_Global_303ppd&layers=LRO_NAC_Mosaic_09S015E_50cmp,LRO_NAC_ClrShade_09S015E_150cmp,Graticule,Nomenclature&visibility=true,true,false,true&transparency=1,0.3,1,1&size=fullscreen" "Mozilla/5.0 (Windows NT 6.1; WOW64) AppleWebKit/537.36 (KHTML, like Gecko) Chrome/45.0.2454.85 Safari/537.36" 1754 7275
77.100.49.217 - - [17/Sep/2015:05:16:27 -0400] "GET /LMMPUI/LMMP_CLIENT/assets/menu/link.png HTTP/1.1" 200 11578 "https://pub.lmmp.nasa.gov/LMMPUI/LMMP_CLIENT/LMMP.html?x=15.418287&y=-9.133283500000001&level=8&projection=equirectangular&basemap=LRO_WAC_Mosaic_Global_303ppd&layers=LRO_NAC_Mosaic_09S015E_50cmp,LRO_NAC_ClrShade_09S015E_150cmp,Graticule,Nomenclature&visibility=true,true,false,true&transparency=1,0.3,1,1&size=fullscreen" "Mozilla/5.0 (Windows NT 6.1; WOW64) AppleWebKit/537.36 (KHTML, like Gecko) Chrome/45.0.2454.85 Safari/537.36" 1162 11999
77.100.49.217 - - [17/Sep/2015:05:16:27 -0400] "GET /LMMPUI/LMMP_CLIENT/assets/system/i_expand3.png HTTP/1.1" 200 1686 "https://pub.lmmp.nasa.gov/LMMPUI/LMMP_CLIENT/LMMP.html?x=15.418287&y=-9.133283500000001&level=8&projection=equirectangular&basemap=LRO_WAC_Mosaic_Global_303ppd&layers=LRO_NAC_Mosaic_09S015E_50cmp,LRO_NAC_ClrShade_09S015E_150cmp,Graticule,Nomenclature&visibility=true,true,false,true&transparency=1,0.3,1,1&size=fullscreen" "Mozilla/5.0 (Windows NT 6.1; WOW64) AppleWebKit/537.36 (KHTML, like Gecko) Chrome/45.0.2454.85 Safari/537.36" 1178 2074
77.100.49.217 - - [17/Sep/2015:05:16:28 -0400] "GET /LMMPUI/LMMP_CLIENT/assets/system/nameSearch.png HTTP/1.1" 200 1475 "https://pub.lmmp.nasa.gov/LMMPUI/LMMP_CLIENT/LMMP.html?x=15.418287&y=-9.133283500000001&level=8&projection=equirectangular&basemap=LRO_WAC_Mosaic_Global_303ppd&layers=LRO_NAC_Mosaic_09S015E_50cmp,LRO_NAC_ClrShade_09S015E_150cmp,Graticule,Nomenclature&visibility=true,true,false,true&transparency=1,0.3,1,1&size=fullscreen" "Mozilla/5.0 (Windows NT 6.1; WOW64) AppleWebKit/537.36 (KHTML, like Gecko) Chrome/45.0.2454.85 Safari/537.36" 1178 1866
77.100.49.217 - - [17/Sep/2015:05:16:28 -0400] "GET /LMMPUI/LMMP_CLIENT/assets/system/w_closeCircle.png HTTP/1.1" 200 1612 "https://pub.lmmp.nasa.gov/LMMPUI/LMMP_CLIENT/LMMP.html?x=15.418287&y=-9.133283500000001&level=8&projection=equirectangular&basemap=LRO_WAC_Mosaic_Global_303ppd&layers=LRO_NAC_Mosaic_09S015E_50cmp,LRO_NAC_ClrShade_09S015E_150cmp,Graticule,Nomenclature&visibility=true,true,false,true&transparency=1,0.3,1,1&size=fullscreen" "Mozilla/5.0 (Windows NT 6.1; WOW64) AppleWebKit/537.36 (KHTML, like Gecko) Chrome/45.0.2454.85 Safari/537.36" 1178 2010
77.100.49.217 - - [17/Sep/2015:05:16:28 -0400] "GET /LMMPUI/LMMP_CLIENT/assets/system/plus.png HTTP/1.1" 200 1567 "https://pub.lmmp.nasa.gov/LMMPUI/LMMP_CLIENT/LMMP.html?x=15.418287&y=-9.133283500000001&level=8&projection=equirectangular&basemap=LRO_WAC_Mosaic_Global_303ppd&layers=LRO_NAC_Mosaic_09S015E_50cmp,LRO_NAC_ClrShade_09S015E_150cmp,Graticule,Nomenclature&visibility=true,true,false,true&transparency=1,0.3,1,1&size=fullscreen" "Mozilla/5.0 (Windows NT 6.1; WOW64) AppleWebKit/537.36 (KHTML, like Gecko) Chrome/45.0.2454.85 Safari/537.36" 1178 1962
77.100.49.217 - - [17/Sep/2015:05:16:28 -0400] "GET /LMMPUI/LMMP_CLIENT/assets/system/minus.png HTTP/1.1" 200 1277 "https://pub.lmmp.nasa.gov/LMMPUI/LMMP_CLIENT/LMMP.html?x=15.418287&y=-9.133283500000001&level=8&projection=equirectangular&basemap=LRO_WAC_Mosaic_Global_303ppd&layers=LRO_NAC_Mosaic_09S015E_50cmp,LRO_NAC_ClrShade_09S015E_150cmp,Graticule,Nomenclature&visibility=true,true,false,true&transparency=1,0.3,1,1&size=fullscreen" "Mozilla/5.0 (Windows NT 6.1; WOW64) AppleWebKit/537.36 (KHTML, like Gecko) Chrome/45.0.2454.85 Safari/537.36" 1178 1674
77.100.49.217 - - [17/Sep/2015:05:16:28 -0400] "GET /LMMPUI/LMMP_CLIENT/assets/proto/wiki.png HTTP/1.1" 200 13450 "https://pub.lmmp.nasa.gov/LMMPUI/LMMP_CLIENT/LMMP.html?x=15.418287&y=-9.133283500000001&level=8&projection=equirectangular&basemap=LRO_WAC_Mosaic_Global_303ppd&layers=LRO_NAC_Mosaic_09S015E_50cmp,LRO_NAC_ClrShade_09S015E_150cmp,Graticule,Nomenclature&visibility=true,true,false,true&transparency=1,0.3,1,1&size=fullscreen" "Mozilla/5.0 (Windows NT 6.1; WOW64) AppleWebKit/537.36 (KHTML, like Gecko) Chrome/45.0.2454.85 Safari/537.36" 1162 13871
77.100.49.217 - - [17/Sep/2015:05:16:28 -0400] "GET /LMMPUI/LMMP_CLIENT/assets/proto/survey.png HTTP/1.1" 200 7637 "https://pub.lmmp.nasa.gov/LMMPUI/LMMP_CLIENT/LMMP.html?x=15.418287&y=-9.133283500000001&level=8&projection=equirectangular&basemap=LRO_WAC_Mosaic_Global_303ppd&layers=LRO_NAC_Mosaic_09S015E_50cmp,LRO_NAC_ClrShade_09S015E_150cmp,Graticule,Nomenclature&visibility=true,true,false,true&transparency=1,0.3,1,1&size=fullscreen" "Mozilla/5.0 (Windows NT 6.1; WOW64) AppleWebKit/537.36 (KHTML, like Gecko) Chrome/45.0.2454.85 Safari/537.36" 1178 8026
77.100.49.217 - - [17/Sep/2015:05:16:28 -0400] "GET /LMMPUI/LMMP_CLIENT/assets/image/MoonTourLogo.jpg HTTP/1.1" 200 3967 "https://pub.lmmp.nasa.gov/LMMPUI/LMMP_CLIENT/LMMP.html?x=15.418287&y=-9.133283500000001&level=8&projection=equirectangular&basemap=LRO_WAC_Mosaic_Global_303ppd&layers=LRO_NAC_Mosaic_09S015E_50cmp,LRO_NAC_ClrShade_09S015E_150cmp,Graticule,Nomenclature&visibility=true,true,false,true&transparency=1,0.3,1,1&size=fullscreen" "Mozilla/5.0 (Windows NT 6.1; WOW64) AppleWebKit/537.36 (KHTML, like Gecko) Chrome/45.0.2454.85 Safari/537.36" 1178 4362
77.100.49.217 - - [17/Sep/2015:05:16:28 -0400] "GET /LMMPUI/LMMP_CLIENT/assets/image/badge_appstore-lrg.png HTTP/1.1" 200 3394 "https://pub.lmmp.nasa.gov/LMMPUI/LMMP_CLIENT/LMMP.html?x=15.418287&y=-9.133283500000001&level=8&projection=equirectangular&basemap=LRO_WAC_Mosaic_Global_303ppd&layers=LRO_NAC_Mosaic_09S015E_50cmp,LRO_NAC_ClrShade_09S015E_150cmp,Graticule,Nomenclature&visibility=true,true,false,true&transparency=1,0.3,1,1&size=fullscreen" "Mozilla/5.0 (Windows NT 6.1; WOW64) AppleWebKit/537.36 (KHTML, like Gecko) Chrome/45.0.2454.85 Safari/537.36" 1178 3786
77.100.49.217 - - [17/Sep/2015:05:16:29 -0400] "GET /LMMPUI/LMMP_CLIENT/assets/proto/gallery.png HTTP/1.1" 200 18089 "https://pub.lmmp.nasa.gov/LMMPUI/LMMP_CLIENT/LMMP.html?x=15.418287&y=-9.133283500000001&level=8&projection=equirectangular&basemap=LRO_WAC_Mosaic_Global_303ppd&layers=LRO_NAC_Mosaic_09S015E_50cmp,LRO_NAC_ClrShade_09S015E_150cmp,Graticule,Nomenclature&visibility=true,true,false,true&transparency=1,0.3,1,1&size=fullscreen" "Mozilla/5.0 (Windows NT 6.1; WOW64) AppleWebKit/537.36 (KHTML, like Gecko) Chrome/45.0.2454.85 Safari/537.36" 1178 18532
77.100.49.217 - - [17/Sep/2015:05:16:29 -0400] "GET /LMMPUI/LMMP_CLIENT/homepage/data.xml?v=1442481386740 HTTP/1.1" 200 3907 "https://pub.lmmp.nasa.gov/LMMPUI/LMMP_CLIENT/LMMP.html?x=15.418287&y=-9.133283500000001&level=8&projection=equirectangular&basemap=LRO_WAC_Mosaic_Global_303ppd&layers=LRO_NAC_Mosaic_09S015E_50cmp,LRO_NAC_ClrShade_09S015E_150cmp,Graticule,Nomenclature&visibility=true,true,false,true&transparency=1,0.3,1,1&size=fullscreen" "Mozilla/5.0 (Windows NT 6.1; WOW64) AppleWebKit/537.36 (KHTML, like Gecko) Chrome/45.0.2454.85 Safari/537.36" 1178 4314
77.100.49.217 - - [17/Sep/2015:05:16:30 -0400] "GET /LMMPUI/LMMP_CLIENT/assets/proto/gruithuisen.jpg HTTP/1.1" 200 62986 "https://pub.lmmp.nasa.gov/LMMPUI/LMMP_CLIENT/LMMP.html?x=15.418287&y=-9.133283500000001&level=8&projection=equirectangular&basemap=LRO_WAC_Mosaic_Global_303ppd&layers=LRO_NAC_Mosaic_09S015E_50cmp,LRO_NAC_ClrShade_09S015E_150cmp,Graticule,Nomenclature&visibility=true,true,false,true&transparency=1,0.3,1,1&size=fullscreen" "Mozilla/5.0 (Windows NT 6.1; WOW64) AppleWebKit/537.36 (KHTML, like Gecko) Chrome/45.0.2454.85 Safari/537.36" 1178 63597
77.100.49.217 - - [17/Sep/2015:05:16:30 -0400] "GET /LMMPUI/LMMP_CLIENT/assets/proto/inaDCaldera.jpg HTTP/1.1" 200 74885 "https://pub.lmmp.nasa.gov/LMMPUI/LMMP_CLIENT/LMMP.html?x=15.418287&y=-9.133283500000001&level=8&projection=equirectangular&basemap=LRO_WAC_Mosaic_Global_303ppd&layers=LRO_NAC_Mosaic_09S015E_50cmp,LRO_NAC_ClrShade_09S015E_150cmp,Graticule,Nomenclature&visibility=true,true,false,true&transparency=1,0.3,1,1&size=fullscreen" "Mozilla/5.0 (Windows NT 6.1; WOW64) AppleWebKit/537.36 (KHTML, like Gecko) Chrome/45.0.2454.85 Safari/537.36" 1178 75559
77.100.49.217 - - [17/Sep/2015:05:16:30 -0400] "GET /LMMPUI/LMMP_CLIENT/assets/proto/mariusHills.jpg HTTP/1.1" 200 61059 "https://pub.lmmp.nasa.gov/LMMPUI/LMMP_CLIENT/LMMP.html?x=15.418287&y=-9.133283500000001&level=8&projection=equirectangular&basemap=LRO_WAC_Mosaic_Global_303ppd&layers=LRO_NAC_Mosaic_09S015E_50cmp,LRO_NAC_ClrShade_09S015E_150cmp,Graticule,Nomenclature&visibility=true,true,false,true&transparency=1,0.3,1,1&size=fullscreen" "Mozilla/5.0 (Windows NT 6.1; WOW64) AppleWebKit/537.36 (KHTML, like Gecko) Chrome/45.0.2454.85 Safari/537.36" 1178 61661
127.0.0.1 - - [17/Sep/2015:05:16:42 -0400] "GET /opensso/namingservice HTTP/1.1" 200 7 "-" "Java/1.5.0_21" 220 183
127.0.0.1 - - [17/Sep/2015:05:16:43 -0400] "GET /opensso/namingservice HTTP/1.1" 200 7 "-" "Java/1.5.0_21" 220 183
127.0.0.1 - - [17/Sep/2015:05:17:12 -0400] "GET /opensso/namingservice HTTP/1.1" 200 7 "-" "Java/1.5.0_21" 220 183
127.0.0.1 - - [17/Sep/2015:05:17:13 -0400] "GET /opensso/namingservice HTTP/1.1" 200 7 "-" "Java/1.5.0_21" 220 183
127.0.0.1 - - [17/Sep/2015:05:17:42 -0400] "GET /opensso/namingservice HTTP/1.1" 200 7 "-" "Java/1.5.0_21" 220 183
127.0.0.1 - - [17/Sep/2015:05:17:43 -0400] "GET /opensso/namingservice HTTP/1.1" 200 7 "-" "Java/1.5.0_21" 220 183
127.0.0.1 - - [17/Sep/2015:05:18:12 -0400] "GET /opensso/namingservice HTTP/1.1" 200 7 "-" "Java/1.5.0_21" 220 183
127.0.0.1 - - [17/Sep/2015:05:18:13 -0400] "GET /opensso/namingservice HTTP/1.1" 200 7 "-" "Java/1.5.0_21" 220 183
66.249.67.139 - - [17/Sep/2015:05:18:13 -0400] "GET /redmine/attachments/443/Filling_Lunar_Craters.pdf HTTP/1.1" 200 507244 "-" "Mozilla/5.0 (compatible; Googlebot/2.1; +http://www.google.com/bot.html)" 759 513416
137.78.207.218 - - [17/Sep/2015:05:18:29 -0400] "HEAD /LMMPUI/LMMP_CLIENT/LMMP.html HTTP/1.1" 200 - "-" "curl/7.38.0" 110 274
127.0.0.1 - - [17/Sep/2015:05:18:42 -0400] "GET /opensso/namingservice HTTP/1.1" 200 7 "-" "Java/1.5.0_21" 220 183
127.0.0.1 - - [17/Sep/2015:05:18:43 -0400] "GET /opensso/namingservice HTTP/1.1" 200 7 "-" "Java/1.5.0_21" 220 183
66.249.67.85 - - [17/Sep/2015:05:18:52 -0400] "GET /redmine/issues/gantt?month=4&months=6&year=1310&zoom=4 HTTP/1.1" 200 51250 "-" "Mozilla/5.0 (compatible; Googlebot/2.1; +http://www.google.com/bot.html)" 345 51940
127.0.0.1 - - [17/Sep/2015:05:19:12 -0400] "GET /opensso/namingservice HTTP/1.1" 200 7 "-" "Java/1.5.0_21" 220 183
127.0.0.1 - - [17/Sep/2015:05:19:13 -0400] "GET /opensso/namingservice HTTP/1.1" 200 7 "-" "Java/1.5.0_21" 220 183
68.180.228.178 - - [17/Sep/2015:05:19:29 -0400] "GET /redmine/users/1 HTTP/1.1" 200 4770 "-" "Mozilla/5.0 (compatible; Yahoo! Slurp; http://help.yahoo.com/help/us/ysearch/slurp)" 191 5194
127.0.0.1 - - [17/Sep/2015:05:19:42 -0400] "GET /opensso/namingservice HTTP/1.1" 200 7 "-" "Java/1.5.0_21" 220 183
127.0.0.1 - - [17/Sep/2015:05:19:43 -0400] "GET /opensso/namingservice HTTP/1.1" 200 7 "-" "Java/1.5.0_21" 220 183
127.0.0.1 - - [17/Sep/2015:05:20:12 -0400] "GET /opensso/namingservice HTTP/1.1" 200 7 "-" "Java/1.5.0_21" 220 183
127.0.0.1 - - [17/Sep/2015:05:20:13 -0400] "GET /opensso/namingservice HTTP/1.1" 200 7 "-" "Java/1.5.0_21" 220 183
127.0.0.1 - - [17/Sep/2015:05:20:42 -0400] "GET /opensso/namingservice HTTP/1.1" 200 7 "-" "Java/1.5.0_21" 220 183
127.0.0.1 - - [17/Sep/2015:05:20:43 -0400] "GET /opensso/namingservice HTTP/1.1" 200 7 "-" "Java/1.5.0_21" 220 183
127.0.0.1 - - [17/Sep/2015:05:21:12 -0400] "GET /opensso/namingservice HTTP/1.1" 200 7 "-" "Java/1.5.0_21" 220 183
127.0.0.1 - - [17/Sep/2015:05:21:13 -0400] "GET /opensso/namingservice HTTP/1.1" 200 7 "-" "Java/1.5.0_21" 220 183
127.0.0.1 - - [17/Sep/2015:05:21:42 -0400] "GET /opensso/namingservice HTTP/1.1" 200 7 "-" "Java/1.5.0_21" 220 183
127.0.0.1 - - [17/Sep/2015:05:21:43 -0400] "GET /opensso/namingservice HTTP/1.1" 200 7 "-" "Java/1.5.0_21" 220 183
127.0.0.1 - - [17/Sep/2015:05:22:12 -0400] "GET /opensso/namingservice HTTP/1.1" 200 7 "-" "Java/1.5.0_21" 220 183
127.0.0.1 - - [17/Sep/2015:05:22:13 -0400] "GET /opensso/namingservice HTTP/1.1" 200 7 "-" "Java/1.5.0_21" 220 183
66.249.67.91 - - [17/Sep/2015:05:22:39 -0400] "GET /redmine/issues/gantt?month=3&months=6&year=2454&zoom=2 HTTP/1.1" 200 30994 "-" "Mozilla/5.0 (compatible; Googlebot/2.1; +http://www.google.com/bot.html)" 345 31683
127.0.0.1 - - [17/Sep/2015:05:22:42 -0400] "GET /opensso/namingservice HTTP/1.1" 200 7 "-" "Java/1.5.0_21" 220 183
127.0.0.1 - - [17/Sep/2015:05:22:43 -0400] "GET /opensso/namingservice HTTP/1.1" 200 7 "-" "Java/1.5.0_21" 220 183
127.0.0.1 - - [17/Sep/2015:05:23:12 -0400] "GET /opensso/namingservice HTTP/1.1" 200 7 "-" "Java/1.5.0_21" 220 183
127.0.0.1 - - [17/Sep/2015:05:23:13 -0400] "GET /opensso/namingservice HTTP/1.1" 200 7 "-" "Java/1.5.0_21" 220 183
137.78.207.218 - - [17/Sep/2015:05:23:30 -0400] "HEAD /LMMPUI/LMMP_CLIENT/LMMP.html HTTP/1.1" 200 - "-" "curl/7.38.0" 110 274
127.0.0.1 - - [17/Sep/2015:05:23:42 -0400] "GET /opensso/namingservice HTTP/1.1" 200 7 "-" "Java/1.5.0_21" 220 183
127.0.0.1 - - [17/Sep/2015:05:23:43 -0400] "GET /opensso/namingservice HTTP/1.1" 200 7 "-" "Java/1.5.0_21" 220 183
127.0.0.1 - - [17/Sep/2015:05:24:12 -0400] "GET /opensso/namingservice HTTP/1.1" 200 7 "-" "Java/1.5.0_21" 220 183
127.0.0.1 - - [17/Sep/2015:05:24:13 -0400] "GET /opensso/namingservice HTTP/1.1" 200 7 "-" "Java/1.5.0_21" 220 183
127.0.0.1 - - [17/Sep/2015:05:24:42 -0400] "POST /opensso/sessionservice HTTP/1.1" 200 2025 "-" "Java/1.5.0_21" 714 2203
127.0.0.1 - - [17/Sep/2015:05:24:42 -0400] "GET /opensso/identity//xml/read?name=TomcatApps1&attributes_names=realm&attributes_values_realm=%2Fappspub&attributes_names=objecttype&attributes_values_objecttype=Agent&admin=AQIC5wM2LY4SfcyRautyD4RKpwbzv6XrE24fIq8LDPQGnm0%3D%40AAJTSQACMDE%3D%23 HTTP/1.1" 200 13607 "-" "Java/1.5.0_21" 440 13791
127.0.0.1 - - [17/Sep/2015:05:24:42 -0400] "GET /opensso/namingservice HTTP/1.1" 200 7 "-" "Java/1.5.0_21" 220 182
127.0.0.1 - - [17/Sep/2015:05:24:43 -0400] "GET /opensso/namingservice HTTP/1.1" 200 7 "-" "Java/1.5.0_21" 220 183
68.180.228.178 - - [17/Sep/2015:05:24:46 -0400] "GET /redmine/projects/lmmpwiki/news.atom HTTP/1.1" 200 13366 "-" "Mozilla/5.0 (compatible; Yahoo! Slurp; http://help.yahoo.com/help/us/ysearch/slurp)" 654 17959
127.0.0.1 - - [17/Sep/2015:05:25:12 -0400] "GET /opensso/namingservice HTTP/1.1" 200 7 "-" "Java/1.5.0_21" 220 183
127.0.0.1 - - [17/Sep/2015:05:25:13 -0400] "GET /opensso/namingservice HTTP/1.1" 200 7 "-" "Java/1.5.0_21" 220 183
127.0.0.1 - - [17/Sep/2015:05:25:42 -0400] "GET /opensso/namingservice HTTP/1.1" 200 7 "-" "Java/1.5.0_21" 220 183
127.0.0.1 - - [17/Sep/2015:05:25:43 -0400] "GET /opensso/namingservice HTTP/1.1" 200 7 "-" "Java/1.5.0_21" 220 183
127.0.0.1 - - [17/Sep/2015:05:26:12 -0400] "GET /opensso/namingservice HTTP/1.1" 200 7 "-" "Java/1.5.0_21" 220 183
127.0.0.1 - - [17/Sep/2015:05:26:13 -0400] "GET /opensso/namingservice HTTP/1.1" 200 7 "-" "Java/1.5.0_21" 220 183
66.249.67.97 - - [17/Sep/2015:05:26:26 -0400] "GET /redmine/issues/gantt?month=9&months=6&year=1674&zoom=4 HTTP/1.1" 200 51043 "-" "Mozilla/5.0 (compatible; Googlebot/2.1; +http://www.google.com/bot.html)" 345 51732
127.0.0.1 - - [17/Sep/2015:05:26:42 -0400] "GET /opensso/namingservice HTTP/1.1" 200 7 "-" "Java/1.5.0_21" 220 183
127.0.0.1 - - [17/Sep/2015:05:26:43 -0400] "GET /opensso/namingservice HTTP/1.1" 200 7 "-" "Java/1.5.0_21" 220 183
127.0.0.1 - - [17/Sep/2015:05:27:12 -0400] "GET /opensso/namingservice HTTP/1.1" 200 7 "-" "Java/1.5.0_21" 220 183
127.0.0.1 - - [17/Sep/2015:05:27:13 -0400] "GET /opensso/namingservice HTTP/1.1" 200 7 "-" "Java/1.5.0_21" 220 183
180.76.15.6 - - [17/Sep/2015:05:27:31 -0400] "GET / HTTP/1.1" 302 262 "-" "Mozilla/5.0 (compatible; Baiduspider/2.0; +http://www.baidu.com/search/spider.html)" 208 556
180.76.15.155 - - [17/Sep/2015:05:27:41 -0400] "GET / HTTP/1.1" 302 262 "-" "Mozilla/5.0 (compatible; Baiduspider/2.0; +http://www.baidu.com/search/spider.html)" 208 556
127.0.0.1 - - [17/Sep/2015:05:27:42 -0400] "GET /opensso/namingservice HTTP/1.1" 200 7 "-" "Java/1.5.0_21" 220 183
127.0.0.1 - - [17/Sep/2015:05:27:43 -0400] "GET /opensso/namingservice HTTP/1.1" 200 7 "-" "Java/1.5.0_21" 220 183
127.0.0.1 - - [17/Sep/2015:05:28:12 -0400] "GET /opensso/namingservice HTTP/1.1" 200 7 "-" "Java/1.5.0_21" 220 183
127.0.0.1 - - [17/Sep/2015:05:28:13 -0400] "GET /opensso/namingservice HTTP/1.1" 200 7 "-" "Java/1.5.0_21" 220 183
137.78.207.218 - - [17/Sep/2015:05:28:30 -0400] "HEAD /LMMPUI/LMMP_CLIENT/LMMP.html HTTP/1.1" 200 - "-" "curl/7.38.0" 110 274
127.0.0.1 - - [17/Sep/2015:05:28:42 -0400] "GET /opensso/namingservice HTTP/1.1" 200 7 "-" "Java/1.5.0_21" 220 183
127.0.0.1 - - [17/Sep/2015:05:28:43 -0400] "GET /opensso/namingservice HTTP/1.1" 200 7 "-" "Java/1.5.0_21" 220 183
127.0.0.1 - - [17/Sep/2015:05:29:12 -0400] "GET /opensso/namingservice HTTP/1.1" 200 7 "-" "Java/1.5.0_21" 220 183
127.0.0.1 - - [17/Sep/2015:05:29:13 -0400] "GET /opensso/namingservice HTTP/1.1" 200 7 "-" "Java/1.5.0_21" 220 183
127.0.0.1 - - [17/Sep/2015:05:29:42 -0400] "GET /opensso/namingservice HTTP/1.1" 200 7 "-" "Java/1.5.0_21" 220 183
127.0.0.1 - - [17/Sep/2015:05:29:43 -0400] "GET /opensso/namingservice HTTP/1.1" 200 7 "-" "Java/1.5.0_21" 220 183
127.0.0.1 - - [17/Sep/2015:05:30:12 -0400] "GET /opensso/namingservice HTTP/1.1" 200 7 "-" "Java/1.5.0_21" 220 183
127.0.0.1 - - [17/Sep/2015:05:30:13 -0400] "GET /opensso/namingservice HTTP/1.1" 200 7 "-" "Java/1.5.0_21" 220 183
66.249.67.97 - - [17/Sep/2015:05:30:13 -0400] "GET /redmine/issues/gantt?month=4&months=6&year=1184&zoom=4 HTTP/1.1" 200 51270 "-" "Mozilla/5.0 (compatible; Googlebot/2.1; +http://www.google.com/bot.html)" 345 51960
127.0.0.1 - - [17/Sep/2015:05:30:42 -0400] "GET /opensso/namingservice HTTP/1.1" 200 7 "-" "Java/1.5.0_21" 220 183
127.0.0.1 - - [17/Sep/2015:05:30:43 -0400] "GET /opensso/namingservice HTTP/1.1" 200 7 "-" "Java/1.5.0_21" 220 183
127.0.0.1 - - [17/Sep/2015:05:31:12 -0400] "GET /opensso/namingservice HTTP/1.1" 200 7 "-" "Java/1.5.0_21" 220 183
127.0.0.1 - - [17/Sep/2015:05:31:13 -0400] "GET /opensso/namingservice HTTP/1.1" 200 7 "-" "Java/1.5.0_21" 220 183
127.0.0.1 - - [17/Sep/2015:05:31:42 -0400] "GET /opensso/namingservice HTTP/1.1" 200 7 "-" "Java/1.5.0_21" 220 183
127.0.0.1 - - [17/Sep/2015:05:31:43 -0400] "GET /opensso/namingservice HTTP/1.1" 200 7 "-" "Java/1.5.0_21" 220 183
127.0.0.1 - - [17/Sep/2015:05:32:12 -0400] "GET /opensso/namingservice HTTP/1.1" 200 7 "-" "Java/1.5.0_21" 220 183
127.0.0.1 - - [17/Sep/2015:05:32:13 -0400] "GET /opensso/namingservice HTTP/1.1" 200 7 "-" "Java/1.5.0_21" 220 183
127.0.0.1 - - [17/Sep/2015:05:32:42 -0400] "GET /opensso/namingservice HTTP/1.1" 200 7 "-" "Java/1.5.0_21" 220 183
127.0.0.1 - - [17/Sep/2015:05:32:43 -0400] "GET /opensso/namingservice HTTP/1.1" 200 7 "-" "Java/1.5.0_21" 220 183
157.55.39.112 - - [17/Sep/2015:05:33:09 -0400] "GET /olyblog/blog/stevenl/a-good-place-to-release-your-pet-caiman HTTP/1.1" 404 258 "-" "Mozilla/5.0 (compatible; bingbot/2.0; +http://www.bing.com/bingbot.htm)" 332 503
127.0.0.1 - - [17/Sep/2015:05:33:12 -0400] "GET /opensso/namingservice HTTP/1.1" 200 7 "-" "Java/1.5.0_21" 220 183
127.0.0.1 - - [17/Sep/2015:05:33:13 -0400] "GET /opensso/namingservice HTTP/1.1" 200 7 "-" "Java/1.5.0_21" 220 183
137.78.207.218 - - [17/Sep/2015:05:33:29 -0400] "HEAD /LMMPUI/LMMP_CLIENT/LMMP.html HTTP/1.1" 200 - "-" "curl/7.38.0" 110 274
127.0.0.1 - - [17/Sep/2015:05:33:42 -0400] "GET /opensso/namingservice HTTP/1.1" 200 7 "-" "Java/1.5.0_21" 220 183
127.0.0.1 - - [17/Sep/2015:05:33:43 -0400] "GET /opensso/namingservice HTTP/1.1" 200 7 "-" "Java/1.5.0_21" 220 183
66.249.67.85 - - [17/Sep/2015:05:34:00 -0400] "GET /redmine/activity?from=2015-08-04&show_news=1&user_id=1 HTTP/1.1" 200 5677 "-" "Mozilla/5.0 (compatible; Googlebot/2.1; +http://www.google.com/bot.html)" 345 6239
127.0.0.1 - - [17/Sep/2015:05:34:12 -0400] "GET /opensso/namingservice HTTP/1.1" 200 7 "-" "Java/1.5.0_21" 220 183
127.0.0.1 - - [17/Sep/2015:05:34:13 -0400] "GET /opensso/namingservice HTTP/1.1" 200 7 "-" "Java/1.5.0_21" 220 183
127.0.0.1 - - [17/Sep/2015:05:34:42 -0400] "GET /opensso/namingservice HTTP/1.1" 200 7 "-" "Java/1.5.0_21" 220 183
127.0.0.1 - - [17/Sep/2015:05:34:43 -0400] "GET /opensso/namingservice HTTP/1.1" 200 7 "-" "Java/1.5.0_21" 220 183
127.0.0.1 - - [17/Sep/2015:05:35:12 -0400] "GET /opensso/namingservice HTTP/1.1" 200 7 "-" "Java/1.5.0_21" 220 183
127.0.0.1 - - [17/Sep/2015:05:35:13 -0400] "GET /opensso/namingservice HTTP/1.1" 200 7 "-" "Java/1.5.0_21" 220 183
127.0.0.1 - - [17/Sep/2015:05:35:42 -0400] "GET /opensso/namingservice HTTP/1.1" 200 7 "-" "Java/1.5.0_21" 220 183
127.0.0.1 - - [17/Sep/2015:05:35:43 -0400] "GET /opensso/namingservice HTTP/1.1" 200 7 "-" "Java/1.5.0_21" 220 183
127.0.0.1 - - [17/Sep/2015:05:36:12 -0400] "GET /opensso/namingservice HTTP/1.1" 200 7 "-" "Java/1.5.0_21" 220 183
127.0.0.1 - - [17/Sep/2015:05:36:13 -0400] "GET /opensso/namingservice HTTP/1.1" 200 7 "-" "Java/1.5.0_21" 220 183
127.0.0.1 - - [17/Sep/2015:05:36:42 -0400] "GET /opensso/namingservice HTTP/1.1" 200 7 "-" "Java/1.5.0_21" 220 183
127.0.0.1 - - [17/Sep/2015:05:36:43 -0400] "GET /opensso/namingservice HTTP/1.1" 200 7 "-" "Java/1.5.0_21" 220 183
127.0.0.1 - - [17/Sep/2015:05:37:12 -0400] "GET /opensso/namingservice HTTP/1.1" 200 7 "-" "Java/1.5.0_21" 220 183
127.0.0.1 - - [17/Sep/2015:05:37:13 -0400] "GET /opensso/namingservice HTTP/1.1" 200 7 "-" "Java/1.5.0_21" 220 183
127.0.0.1 - - [17/Sep/2015:05:37:42 -0400] "GET /opensso/namingservice HTTP/1.1" 200 7 "-" "Java/1.5.0_21" 220 183
127.0.0.1 - - [17/Sep/2015:05:37:43 -0400] "GET /opensso/namingservice HTTP/1.1" 200 7 "-" "Java/1.5.0_21" 220 183
66.249.67.91 - - [17/Sep/2015:05:37:47 -0400] "GET /redmine/issues/gantt?month=3&months=6&year=1515&zoom=3 HTTP/1.1" 200 51409 "-" "Mozilla/5.0 (compatible; Googlebot/2.1; +http://www.google.com/bot.html)" 345 52099
127.0.0.1 - - [17/Sep/2015:05:38:12 -0400] "GET /opensso/namingservice HTTP/1.1" 200 7 "-" "Java/1.5.0_21" 220 183
127.0.0.1 - - [17/Sep/2015:05:38:13 -0400] "GET /opensso/namingservice HTTP/1.1" 200 7 "-" "Java/1.5.0_21" 220 183
137.78.207.218 - - [17/Sep/2015:05:38:30 -0400] "HEAD /LMMPUI/LMMP_CLIENT/LMMP.html HTTP/1.1" 200 - "-" "curl/7.38.0" 110 274
127.0.0.1 - - [17/Sep/2015:05:38:42 -0400] "GET /opensso/namingservice HTTP/1.1" 200 7 "-" "Java/1.5.0_21" 220 183
127.0.0.1 - - [17/Sep/2015:05:38:43 -0400] "GET /opensso/namingservice HTTP/1.1" 200 7 "-" "Java/1.5.0_21" 220 183
127.0.0.1 - - [17/Sep/2015:05:39:12 -0400] "GET /opensso/namingservice HTTP/1.1" 200 7 "-" "Java/1.5.0_21" 220 183
127.0.0.1 - - [17/Sep/2015:05:39:13 -0400] "GET /opensso/namingservice HTTP/1.1" 200 7 "-" "Java/1.5.0_21" 220 183
68.180.228.178 - - [17/Sep/2015:05:39:18 -0400] "GET /redmine/projects/lmmpwiki/news HTTP/1.1" 200 15451 "-" "Mozilla/5.0 (compatible; Yahoo! Slurp; http://help.yahoo.com/help/us/ysearch/slurp)" 702 20119
127.0.0.1 - - [17/Sep/2015:05:39:42 -0400] "GET /opensso/namingservice HTTP/1.1" 200 7 "-" "Java/1.5.0_21" 220 183
127.0.0.1 - - [17/Sep/2015:05:39:43 -0400] "GET /opensso/namingservice HTTP/1.1" 200 7 "-" "Java/1.5.0_21" 220 183
127.0.0.1 - - [17/Sep/2015:05:40:12 -0400] "GET /opensso/namingservice HTTP/1.1" 200 7 "-" "Java/1.5.0_21" 220 183
127.0.0.1 - - [17/Sep/2015:05:40:13 -0400] "GET /opensso/namingservice HTTP/1.1" 200 7 "-" "Java/1.5.0_21" 220 183
127.0.0.1 - - [17/Sep/2015:05:40:42 -0400] "GET /opensso/namingservice HTTP/1.1" 200 7 "-" "Java/1.5.0_21" 220 183
127.0.0.1 - - [17/Sep/2015:05:40:43 -0400] "GET /opensso/namingservice HTTP/1.1" 200 7 "-" "Java/1.5.0_21" 220 183
127.0.0.1 - - [17/Sep/2015:05:41:12 -0400] "GET /opensso/namingservice HTTP/1.1" 200 7 "-" "Java/1.5.0_21" 220 183
127.0.0.1 - - [17/Sep/2015:05:41:13 -0400] "GET /opensso/namingservice HTTP/1.1" 200 7 "-" "Java/1.5.0_21" 220 183
66.249.67.85 - - [17/Sep/2015:05:41:34 -0400] "GET /redmine/issues/gantt?month=5&months=6&year=2397&zoom=2 HTTP/1.1" 200 30901 "-" "Mozilla/5.0 (compatible; Googlebot/2.1; +http://www.google.com/bot.html)" 345 31590
127.0.0.1 - - [17/Sep/2015:05:41:42 -0400] "GET /opensso/namingservice HTTP/1.1" 200 7 "-" "Java/1.5.0_21" 220 183
127.0.0.1 - - [17/Sep/2015:05:41:43 -0400] "GET /opensso/namingservice HTTP/1.1" 200 7 "-" "Java/1.5.0_21" 220 183
127.0.0.1 - - [17/Sep/2015:05:42:12 -0400] "GET /opensso/namingservice HTTP/1.1" 200 7 "-" "Java/1.5.0_21" 220 183
127.0.0.1 - - [17/Sep/2015:05:42:13 -0400] "GET /opensso/namingservice HTTP/1.1" 200 7 "-" "Java/1.5.0_21" 220 183
127.0.0.1 - - [17/Sep/2015:05:42:42 -0400] "GET /opensso/namingservice HTTP/1.1" 200 7 "-" "Java/1.5.0_21" 220 183
127.0.0.1 - - [17/Sep/2015:05:42:43 -0400] "GET /opensso/namingservice HTTP/1.1" 200 7 "-" "Java/1.5.0_21" 220 183
127.0.0.1 - - [17/Sep/2015:05:43:12 -0400] "GET /opensso/namingservice HTTP/1.1" 200 7 "-" "Java/1.5.0_21" 220 183
127.0.0.1 - - [17/Sep/2015:05:43:13 -0400] "GET /opensso/namingservice HTTP/1.1" 200 7 "-" "Java/1.5.0_21" 220 183
137.78.207.218 - - [17/Sep/2015:05:43:29 -0400] "HEAD /LMMPUI/LMMP_CLIENT/LMMP.html HTTP/1.1" 200 - "-" "curl/7.38.0" 110 274
127.0.0.1 - - [17/Sep/2015:05:43:42 -0400] "GET /opensso/namingservice HTTP/1.1" 200 7 "-" "Java/1.5.0_21" 220 183
127.0.0.1 - - [17/Sep/2015:05:43:43 -0400] "GET /opensso/namingservice HTTP/1.1" 200 7 "-" "Java/1.5.0_21" 220 183
127.0.0.1 - - [17/Sep/2015:05:44:12 -0400] "GET /opensso/namingservice HTTP/1.1" 200 7 "-" "Java/1.5.0_21" 220 183
127.0.0.1 - - [17/Sep/2015:05:44:13 -0400] "GET /opensso/namingservice HTTP/1.1" 200 7 "-" "Java/1.5.0_21" 220 183
127.0.0.1 - - [17/Sep/2015:05:44:42 -0400] "GET /opensso/namingservice HTTP/1.1" 200 7 "-" "Java/1.5.0_21" 220 183
127.0.0.1 - - [17/Sep/2015:05:44:43 -0400] "GET /opensso/namingservice HTTP/1.1" 200 7 "-" "Java/1.5.0_21" 220 183
127.0.0.1 - - [17/Sep/2015:05:45:12 -0400] "GET /opensso/namingservice HTTP/1.1" 200 7 "-" "Java/1.5.0_21" 220 183
127.0.0.1 - - [17/Sep/2015:05:45:13 -0400] "GET /opensso/namingservice HTTP/1.1" 200 7 "-" "Java/1.5.0_21" 220 183
66.249.67.91 - - [17/Sep/2015:05:45:21 -0400] "GET /redmine/issues/gantt?month=7&months=6&year=1457&zoom=2 HTTP/1.1" 200 30909 "-" "Mozilla/5.0 (compatible; Googlebot/2.1; +http://www.google.com/bot.html)" 345 31598
127.0.0.1 - - [17/Sep/2015:05:45:42 -0400] "GET /opensso/namingservice HTTP/1.1" 200 7 "-" "Java/1.5.0_21" 220 183
127.0.0.1 - - [17/Sep/2015:05:45:43 -0400] "GET /opensso/namingservice HTTP/1.1" 200 7 "-" "Java/1.5.0_21" 220 183
127.0.0.1 - - [17/Sep/2015:05:46:12 -0400] "GET /opensso/namingservice HTTP/1.1" 200 7 "-" "Java/1.5.0_21" 220 183
127.0.0.1 - - [17/Sep/2015:05:46:13 -0400] "GET /opensso/namingservice HTTP/1.1" 200 7 "-" "Java/1.5.0_21" 220 183
127.0.0.1 - - [17/Sep/2015:05:46:42 -0400] "GET /opensso/namingservice HTTP/1.1" 200 7 "-" "Java/1.5.0_21" 220 183
127.0.0.1 - - [17/Sep/2015:05:46:43 -0400] "GET /opensso/namingservice HTTP/1.1" 200 7 "-" "Java/1.5.0_21" 220 183
127.0.0.1 - - [17/Sep/2015:05:47:12 -0400] "GET /opensso/namingservice HTTP/1.1" 200 7 "-" "Java/1.5.0_21" 220 183
127.0.0.1 - - [17/Sep/2015:05:47:13 -0400] "GET /opensso/namingservice HTTP/1.1" 200 7 "-" "Java/1.5.0_21" 220 183
127.0.0.1 - - [17/Sep/2015:05:47:42 -0400] "GET /opensso/namingservice HTTP/1.1" 200 7 "-" "Java/1.5.0_21" 220 183
127.0.0.1 - - [17/Sep/2015:05:47:43 -0400] "GET /opensso/namingservice HTTP/1.1" 200 7 "-" "Java/1.5.0_21" 220 183
127.0.0.1 - - [17/Sep/2015:05:48:12 -0400] "GET /opensso/namingservice HTTP/1.1" 200 7 "-" "Java/1.5.0_21" 220 183
127.0.0.1 - - [17/Sep/2015:05:48:13 -0400] "GET /opensso/namingservice HTTP/1.1" 200 7 "-" "Java/1.5.0_21" 220 183
137.78.207.218 - - [17/Sep/2015:05:48:29 -0400] "HEAD /LMMPUI/LMMP_CLIENT/LMMP.html HTTP/1.1" 200 - "-" "curl/7.38.0" 110 274
127.0.0.1 - - [17/Sep/2015:05:48:42 -0400] "GET /opensso/namingservice HTTP/1.1" 200 7 "-" "Java/1.5.0_21" 220 183
127.0.0.1 - - [17/Sep/2015:05:48:43 -0400] "GET /opensso/namingservice HTTP/1.1" 200 7 "-" "Java/1.5.0_21" 220 183
66.249.67.91 - - [17/Sep/2015:05:49:08 -0400] "GET /redmine/activity?from=1736-12-23 HTTP/1.1" 200 5345 "-" "Mozilla/5.0 (compatible; Googlebot/2.1; +http://www.google.com/bot.html)" 323 5907
127.0.0.1 - - [17/Sep/2015:05:49:12 -0400] "GET /opensso/namingservice HTTP/1.1" 200 7 "-" "Java/1.5.0_21" 220 183
127.0.0.1 - - [17/Sep/2015:05:49:13 -0400] "GET /opensso/namingservice HTTP/1.1" 200 7 "-" "Java/1.5.0_21" 220 183
127.0.0.1 - - [17/Sep/2015:05:49:42 -0400] "GET /opensso/namingservice HTTP/1.1" 200 7 "-" "Java/1.5.0_21" 220 183
127.0.0.1 - - [17/Sep/2015:05:49:43 -0400] "GET /opensso/namingservice HTTP/1.1" 200 7 "-" "Java/1.5.0_21" 220 183
127.0.0.1 - - [17/Sep/2015:05:50:12 -0400] "GET /opensso/namingservice HTTP/1.1" 200 7 "-" "Java/1.5.0_21" 220 183
127.0.0.1 - - [17/Sep/2015:05:50:13 -0400] "GET /opensso/namingservice HTTP/1.1" 200 7 "-" "Java/1.5.0_21" 220 183
127.0.0.1 - - [17/Sep/2015:05:50:42 -0400] "GET /opensso/namingservice HTTP/1.1" 200 7 "-" "Java/1.5.0_21" 220 183
127.0.0.1 - - [17/Sep/2015:05:50:43 -0400] "GET /opensso/namingservice HTTP/1.1" 200 7 "-" "Java/1.5.0_21" 220 183
127.0.0.1 - - [17/Sep/2015:05:51:12 -0400] "GET /opensso/namingservice HTTP/1.1" 200 7 "-" "Java/1.5.0_21" 220 183
127.0.0.1 - - [17/Sep/2015:05:51:13 -0400] "GET /opensso/namingservice HTTP/1.1" 200 7 "-" "Java/1.5.0_21" 220 183
127.0.0.1 - - [17/Sep/2015:05:51:42 -0400] "GET /opensso/namingservice HTTP/1.1" 200 7 "-" "Java/1.5.0_21" 220 183
127.0.0.1 - - [17/Sep/2015:05:51:43 -0400] "GET /opensso/namingservice HTTP/1.1" 200 7 "-" "Java/1.5.0_21" 220 183
127.0.0.1 - - [17/Sep/2015:05:52:12 -0400] "GET /opensso/namingservice HTTP/1.1" 200 7 "-" "Java/1.5.0_21" 220 183
127.0.0.1 - - [17/Sep/2015:05:52:13 -0400] "GET /opensso/namingservice HTTP/1.1" 200 7 "-" "Java/1.5.0_21" 220 183
127.0.0.1 - - [17/Sep/2015:05:52:42 -0400] "GET /opensso/namingservice HTTP/1.1" 200 7 "-" "Java/1.5.0_21" 220 183
127.0.0.1 - - [17/Sep/2015:05:52:43 -0400] "GET /opensso/namingservice HTTP/1.1" 200 7 "-" "Java/1.5.0_21" 220 183
66.249.67.85 - - [17/Sep/2015:05:52:55 -0400] "GET /redmine/issues/gantt?month=3&months=6&year=1739&zoom=2 HTTP/1.1" 200 30994 "-" "Mozilla/5.0 (compatible; Googlebot/2.1; +http://www.google.com/bot.html)" 345 31683
127.0.0.1 - - [17/Sep/2015:05:53:12 -0400] "GET /opensso/namingservice HTTP/1.1" 200 7 "-" "Java/1.5.0_21" 220 183
127.0.0.1 - - [17/Sep/2015:05:53:13 -0400] "GET /opensso/namingservice HTTP/1.1" 200 7 "-" "Java/1.5.0_21" 220 183
137.78.207.218 - - [17/Sep/2015:05:53:30 -0400] "HEAD /LMMPUI/LMMP_CLIENT/LMMP.html HTTP/1.1" 200 - "-" "curl/7.38.0" 110 274
127.0.0.1 - - [17/Sep/2015:05:53:42 -0400] "GET /opensso/namingservice HTTP/1.1" 200 7 "-" "Java/1.5.0_21" 220 183
127.0.0.1 - - [17/Sep/2015:05:53:43 -0400] "GET /opensso/namingservice HTTP/1.1" 200 7 "-" "Java/1.5.0_21" 220 183
127.0.0.1 - - [17/Sep/2015:05:54:12 -0400] "GET /opensso/namingservice HTTP/1.1" 200 7 "-" "Java/1.5.0_21" 220 183
127.0.0.1 - - [17/Sep/2015:05:54:13 -0400] "GET /opensso/namingservice HTTP/1.1" 200 7 "-" "Java/1.5.0_21" 220 183
127.0.0.1 - - [17/Sep/2015:05:54:42 -0400] "GET /opensso/namingservice HTTP/1.1" 200 7 "-" "Java/1.5.0_21" 220 183
127.0.0.1 - - [17/Sep/2015:05:54:43 -0400] "GET /opensso/namingservice HTTP/1.1" 200 7 "-" "Java/1.5.0_21" 220 183
127.0.0.1 - - [17/Sep/2015:05:55:12 -0400] "GET /opensso/namingservice HTTP/1.1" 200 7 "-" "Java/1.5.0_21" 220 183
127.0.0.1 - - [17/Sep/2015:05:55:13 -0400] "GET /opensso/namingservice HTTP/1.1" 200 7 "-" "Java/1.5.0_21" 220 183
127.0.0.1 - - [17/Sep/2015:05:55:42 -0400] "GET /opensso/namingservice HTTP/1.1" 200 7 "-" "Java/1.5.0_21" 220 183
127.0.0.1 - - [17/Sep/2015:05:55:43 -0400] "GET /opensso/namingservice HTTP/1.1" 200 7 "-" "Java/1.5.0_21" 220 183
127.0.0.1 - - [17/Sep/2015:05:56:12 -0400] "GET /opensso/namingservice HTTP/1.1" 200 7 "-" "Java/1.5.0_21" 220 183
127.0.0.1 - - [17/Sep/2015:05:56:13 -0400] "GET /opensso/namingservice HTTP/1.1" 200 7 "-" "Java/1.5.0_21" 220 183
127.0.0.1 - - [17/Sep/2015:05:56:42 -0400] "GET /opensso/namingservice HTTP/1.1" 200 7 "-" "Java/1.5.0_21" 220 183
66.249.67.91 - - [17/Sep/2015:05:56:42 -0400] "GET /redmine/issues/gantt?month=3&months=6&year=1107&zoom=2 HTTP/1.1" 200 30888 "-" "Mozilla/5.0 (compatible; Googlebot/2.1; +http://www.google.com/bot.html)" 345 31577
127.0.0.1 - - [17/Sep/2015:05:56:43 -0400] "GET /opensso/namingservice HTTP/1.1" 200 7 "-" "Java/1.5.0_21" 220 183
127.0.0.1 - - [17/Sep/2015:05:57:12 -0400] "GET /opensso/namingservice HTTP/1.1" 200 7 "-" "Java/1.5.0_21" 220 183
127.0.0.1 - - [17/Sep/2015:05:57:13 -0400] "GET /opensso/namingservice HTTP/1.1" 200 7 "-" "Java/1.5.0_21" 220 183
127.0.0.1 - - [17/Sep/2015:05:57:42 -0400] "GET /opensso/namingservice HTTP/1.1" 200 7 "-" "Java/1.5.0_21" 220 183
127.0.0.1 - - [17/Sep/2015:05:57:43 -0400] "GET /opensso/namingservice HTTP/1.1" 200 7 "-" "Java/1.5.0_21" 220 183
127.0.0.1 - - [17/Sep/2015:05:58:12 -0400] "GET /opensso/namingservice HTTP/1.1" 200 7 "-" "Java/1.5.0_21" 220 183
127.0.0.1 - - [17/Sep/2015:05:58:13 -0400] "GET /opensso/namingservice HTTP/1.1" 200 7 "-" "Java/1.5.0_21" 220 183
137.78.207.218 - - [17/Sep/2015:05:58:29 -0400] "HEAD /LMMPUI/LMMP_CLIENT/LMMP.html HTTP/1.1" 200 - "-" "curl/7.38.0" 110 274
127.0.0.1 - - [17/Sep/2015:05:58:42 -0400] "GET /opensso/namingservice HTTP/1.1" 200 7 "-" "Java/1.5.0_21" 220 183
127.0.0.1 - - [17/Sep/2015:05:58:43 -0400] "GET /opensso/namingservice HTTP/1.1" 200 7 "-" "Java/1.5.0_21" 220 183
127.0.0.1 - - [17/Sep/2015:05:59:12 -0400] "GET /opensso/namingservice HTTP/1.1" 200 7 "-" "Java/1.5.0_21" 220 183
127.0.0.1 - - [17/Sep/2015:05:59:13 -0400] "GET /opensso/namingservice HTTP/1.1" 200 7 "-" "Java/1.5.0_21" 220 183
127.0.0.1 - - [17/Sep/2015:05:59:42 -0400] "GET /opensso/namingservice HTTP/1.1" 200 7 "-" "Java/1.5.0_21" 220 183
127.0.0.1 - - [17/Sep/2015:05:59:43 -0400] "GET /opensso/namingservice HTTP/1.1" 200 7 "-" "Java/1.5.0_21" 220 183
127.0.0.1 - - [17/Sep/2015:06:00:12 -0400] "GET /opensso/namingservice HTTP/1.1" 200 7 "-" "Java/1.5.0_21" 220 183
127.0.0.1 - - [17/Sep/2015:06:00:13 -0400] "GET /opensso/namingservice HTTP/1.1" 200 7 "-" "Java/1.5.0_21" 220 183
66.249.67.85 - - [17/Sep/2015:06:00:29 -0400] "GET /redmine/issues/gantt?month=10&months=6&year=1941&zoom=4 HTTP/1.1" 200 51151 "-" "Mozilla/5.0 (compatible; Googlebot/2.1; +http://www.google.com/bot.html)" 346 51841
127.0.0.1 - - [17/Sep/2015:06:00:42 -0400] "GET /opensso/namingservice HTTP/1.1" 200 7 "-" "Java/1.5.0_21" 220 183
127.0.0.1 - - [17/Sep/2015:06:00:43 -0400] "GET /opensso/namingservice HTTP/1.1" 200 7 "-" "Java/1.5.0_21" 220 183
127.0.0.1 - - [17/Sep/2015:06:01:12 -0400] "GET /opensso/namingservice HTTP/1.1" 200 7 "-" "Java/1.5.0_21" 220 183
127.0.0.1 - - [17/Sep/2015:06:01:13 -0400] "GET /opensso/namingservice HTTP/1.1" 200 7 "-" "Java/1.5.0_21" 220 183
127.0.0.1 - - [17/Sep/2015:06:01:42 -0400] "GET /opensso/namingservice HTTP/1.1" 200 7 "-" "Java/1.5.0_21" 220 183
127.0.0.1 - - [17/Sep/2015:06:01:43 -0400] "GET /opensso/namingservice HTTP/1.1" 200 7 "-" "Java/1.5.0_21" 220 183
127.0.0.1 - - [17/Sep/2015:06:02:12 -0400] "GET /opensso/namingservice HTTP/1.1" 200 7 "-" "Java/1.5.0_21" 220 183
127.0.0.1 - - [17/Sep/2015:06:02:13 -0400] "GET /opensso/namingservice HTTP/1.1" 200 7 "-" "Java/1.5.0_21" 220 183
42.156.136.25 - - [17/Sep/2015:06:02:32 -0400] "GET /redmine/issues/gantt?month=7&months=6&year=2014&zoom=4 HTTP/1.1" 200 51880 "-" "YisouSpider" 228 52569
42.120.160.25 - - [17/Sep/2015:06:02:33 -0400] "GET /redmine/issues/gantt?month=8&months=6&year=2014&zoom=2 HTTP/1.1" 200 31046 "-" "YisouSpider" 228 31735
42.156.139.25 - - [17/Sep/2015:06:02:33 -0400] "GET /redmine/issues/gantt?month=1&months=6&year=2015&zoom=2 HTTP/1.1" 200 31029 "-" "YisouSpider" 228 31718
42.156.137.25 - - [17/Sep/2015:06:02:34 -0400] "GET /redmine/issues/gantt?month=1&months=6&year=2017&zoom=3 HTTP/1.1" 200 51571 "-" "YisouSpider" 228 52261
42.156.138.25 - - [17/Sep/2015:06:02:37 -0400] "GET /redmine/issues/gantt?month=2&months=6&year=2016&zoom=2 HTTP/1.1" 200 30941 "-" "YisouSpider" 228 31630
42.156.138.25 - - [17/Sep/2015:06:02:37 -0400] "GET /redmine/issues/gantt?month=10&months=6&year=2014&zoom=1 HTTP/1.1" 200 27729 "-" "YisouSpider" 229 28418
42.156.136.25 - - [17/Sep/2015:06:02:38 -0400] "GET /redmine/issues/gantt?month=11&months=6&year=2013&zoom=2 HTTP/1.1" 200 31044 "-" "YisouSpider" 229 31733
42.120.161.25 - - [17/Sep/2015:06:02:38 -0400] "GET /redmine/projects/lmmpwiki/wiki/Showcase HTTP/1.1" 200 14600 "-" "YisouSpider" 213 15082
42.156.139.25 - - [17/Sep/2015:06:02:40 -0400] "GET /redmine/issues/gantt?month=4&months=6&year=2017&zoom=2 HTTP/1.1" 200 31041 "-" "YisouSpider" 228 31730
127.0.0.1 - - [17/Sep/2015:06:02:42 -0400] "GET /opensso/namingservice HTTP/1.1" 200 7 "-" "Java/1.5.0_21" 220 183
127.0.0.1 - - [17/Sep/2015:06:02:43 -0400] "GET /opensso/namingservice HTTP/1.1" 200 7 "-" "Java/1.5.0_21" 220 183
42.156.136.25 - - [17/Sep/2015:06:02:42 -0400] "GET /redmine/issues/gantt?month=6&months=6&year=2014&zoom=2 HTTP/1.1" 200 31048 "-" "YisouSpider" 228 31737
42.156.138.25 - - [17/Sep/2015:06:02:44 -0400] "GET /redmine/issues/gantt?month=7&months=6&year=2017&zoom=1 HTTP/1.1" 200 27725 "-" "YisouSpider" 228 28414
42.156.139.25 - - [17/Sep/2015:06:02:43 -0400] "GET /redmine/issues/gantt?month=12&months=6&year=2014&zoom=4 HTTP/1.1" 200 51558 "-" "YisouSpider" 229 52248
42.120.160.25 - - [17/Sep/2015:06:02:39 -0400] "GET /redmine/issues/gantt?month=5&months=6&year=2015&zoom=2 HTTP/1.1" 200 31168 "-" "YisouSpider" 228 31857
42.156.138.25 - - [17/Sep/2015:06:02:47 -0400] "GET /redmine/activity HTTP/1.1" 200 4946 "-" "YisouSpider" 190 5508
42.120.161.25 - - [17/Sep/2015:06:02:48 -0400] "GET /redmine/issues/gantt?month=1&months=6&year=2016&zoom=2 HTTP/1.1" 200 31028 "-" "YisouSpider" 228 31717
42.156.137.25 - - [17/Sep/2015:06:02:52 -0400] "GET /redmine/attachments/378/markerToolBox.PNG HTTP/1.1" 200 8297 "-" "YisouSpider" 649 12342
42.156.137.25 - - [17/Sep/2015:06:02:52 -0400] "GET /redmine/issues/gantt?month=8&months=6&year=2016&zoom=1 HTTP/1.1" 200 27725 "-" "YisouSpider" 228 28414
42.120.161.25 - - [17/Sep/2015:06:02:52 -0400] "GET /redmine/issues/gantt?month=12&months=6&year=2016&zoom=2 HTTP/1.1" 200 31040 "-" "YisouSpider" 229 31730
42.120.160.25 - - [17/Sep/2015:06:02:49 -0400] "GET /redmine/issues/gantt?month=3&months=6&year=2014&zoom=3 HTTP/1.1" 200 51966 "-" "YisouSpider" 228 52656
42.156.138.25 - - [17/Sep/2015:06:02:54 -0400] "GET /redmine/issues/gantt?month=4&months=6&year=2015&zoom=1 HTTP/1.1" 200 27840 "-" "YisouSpider" 228 28529
42.156.137.25 - - [17/Sep/2015:06:02:55 -0400] "GET /redmine/issues/gantt?month=5&months=6&year=2015&zoom=1 HTTP/1.1" 200 27842 "-" "YisouSpider" 228 28531
42.156.139.25 - - [17/Sep/2015:06:02:53 -0400] "GET /redmine/issues/gantt?month=9&months=6&year=2016&zoom=4 HTTP/1.1" 200 51542 "-" "YisouSpider" 228 52231
42.156.139.25 - - [17/Sep/2015:06:02:57 -0400] "GET /redmine/ HTTP/1.1" 200 4217 "-" "YisouSpider" 182 4697
42.120.160.25 - - [17/Sep/2015:06:02:57 -0400] "GET /redmine/issues/gantt?month=4&months=6&year=2015&zoom=3 HTTP/1.1" 200 51947 "-" "YisouSpider" 228 52636
127.0.0.1 - - [17/Sep/2015:06:03:12 -0400] "GET /opensso/namingservice HTTP/1.1" 200 7 "-" "Java/1.5.0_21" 220 183
127.0.0.1 - - [17/Sep/2015:06:03:13 -0400] "GET /opensso/namingservice HTTP/1.1" 200 7 "-" "Java/1.5.0_21" 220 183
137.78.207.218 - - [17/Sep/2015:06:03:30 -0400] "HEAD /LMMPUI/LMMP_CLIENT/LMMP.html HTTP/1.1" 200 - "-" "curl/7.38.0" 110 274
127.0.0.1 - - [17/Sep/2015:06:03:42 -0400] "GET /opensso/namingservice HTTP/1.1" 200 7 "-" "Java/1.5.0_21" 220 183
127.0.0.1 - - [17/Sep/2015:06:03:43 -0400] "GET /opensso/namingservice HTTP/1.1" 200 7 "-" "Java/1.5.0_21" 220 183
127.0.0.1 - - [17/Sep/2015:06:04:12 -0400] "GET /opensso/namingservice HTTP/1.1" 200 7 "-" "Java/1.5.0_21" 220 183
127.0.0.1 - - [17/Sep/2015:06:04:13 -0400] "GET /opensso/namingservice HTTP/1.1" 200 7 "-" "Java/1.5.0_21" 220 183
66.249.67.248 - - [17/Sep/2015:06:04:16 -0400] "GET /redmine/issues/gantt?month=3&months=6&year=1857&zoom=4 HTTP/1.1" 200 51479 "-" "Mozilla/5.0 (compatible; Googlebot/2.1; +http://www.google.com/bot.html)" 714 56407
127.0.0.1 - - [17/Sep/2015:06:04:42 -0400] "GET /opensso/namingservice HTTP/1.1" 200 7 "-" "Java/1.5.0_21" 220 183
127.0.0.1 - - [17/Sep/2015:06:04:43 -0400] "GET /opensso/namingservice HTTP/1.1" 200 7 "-" "Java/1.5.0_21" 220 183
127.0.0.1 - - [17/Sep/2015:06:05:12 -0400] "GET /opensso/namingservice HTTP/1.1" 200 7 "-" "Java/1.5.0_21" 220 183
127.0.0.1 - - [17/Sep/2015:06:05:13 -0400] "GET /opensso/namingservice HTTP/1.1" 200 7 "-" "Java/1.5.0_21" 220 183
127.0.0.1 - - [17/Sep/2015:06:05:42 -0400] "GET /opensso/namingservice HTTP/1.1" 200 7 "-" "Java/1.5.0_21" 220 183
127.0.0.1 - - [17/Sep/2015:06:05:43 -0400] "GET /opensso/namingservice HTTP/1.1" 200 7 "-" "Java/1.5.0_21" 220 183
127.0.0.1 - - [17/Sep/2015:06:06:12 -0400] "GET /opensso/namingservice HTTP/1.1" 200 7 "-" "Java/1.5.0_21" 220 183
127.0.0.1 - - [17/Sep/2015:06:06:13 -0400] "GET /opensso/namingservice HTTP/1.1" 200 7 "-" "Java/1.5.0_21" 220 183
127.0.0.1 - - [17/Sep/2015:06:06:42 -0400] "GET /opensso/namingservice HTTP/1.1" 200 7 "-" "Java/1.5.0_21" 220 183
127.0.0.1 - - [17/Sep/2015:06:06:43 -0400] "GET /opensso/namingservice HTTP/1.1" 200 7 "-" "Java/1.5.0_21" 220 183
127.0.0.1 - - [17/Sep/2015:06:07:12 -0400] "GET /opensso/namingservice HTTP/1.1" 200 7 "-" "Java/1.5.0_21" 220 183
127.0.0.1 - - [17/Sep/2015:06:07:13 -0400] "GET /opensso/namingservice HTTP/1.1" 200 7 "-" "Java/1.5.0_21" 220 183
127.0.0.1 - - [17/Sep/2015:06:07:42 -0400] "GET /opensso/namingservice HTTP/1.1" 200 7 "-" "Java/1.5.0_21" 220 183
127.0.0.1 - - [17/Sep/2015:06:07:43 -0400] "GET /opensso/namingservice HTTP/1.1" 200 7 "-" "Java/1.5.0_21" 220 183
66.249.67.97 - - [17/Sep/2015:06:08:03 -0400] "GET /redmine/issues/gantt?month=4&months=6&year=1401&zoom=4 HTTP/1.1" 200 51250 "-" "Mozilla/5.0 (compatible; Googlebot/2.1; +http://www.google.com/bot.html)" 345 51939
127.0.0.1 - - [17/Sep/2015:06:08:12 -0400] "GET /opensso/namingservice HTTP/1.1" 200 7 "-" "Java/1.5.0_21" 220 183
127.0.0.1 - - [17/Sep/2015:06:08:13 -0400] "GET /opensso/namingservice HTTP/1.1" 200 7 "-" "Java/1.5.0_21" 220 183
137.78.207.218 - - [17/Sep/2015:06:08:29 -0400] "HEAD /LMMPUI/LMMP_CLIENT/LMMP.html HTTP/1.1" 200 - "-" "curl/7.38.0" 110 274
127.0.0.1 - - [17/Sep/2015:06:08:42 -0400] "GET /opensso/namingservice HTTP/1.1" 200 7 "-" "Java/1.5.0_21" 220 183
127.0.0.1 - - [17/Sep/2015:06:08:43 -0400] "GET /opensso/namingservice HTTP/1.1" 200 7 "-" "Java/1.5.0_21" 220 183
127.0.0.1 - - [17/Sep/2015:06:09:12 -0400] "GET /opensso/namingservice HTTP/1.1" 200 7 "-" "Java/1.5.0_21" 220 183
127.0.0.1 - - [17/Sep/2015:06:09:13 -0400] "GET /opensso/namingservice HTTP/1.1" 200 7 "-" "Java/1.5.0_21" 220 183
127.0.0.1 - - [17/Sep/2015:06:09:42 -0400] "GET /opensso/namingservice HTTP/1.1" 200 7 "-" "Java/1.5.0_21" 220 183
127.0.0.1 - - [17/Sep/2015:06:09:43 -0400] "GET /opensso/namingservice HTTP/1.1" 200 7 "-" "Java/1.5.0_21" 220 183
127.0.0.1 - - [17/Sep/2015:06:10:12 -0400] "GET /opensso/namingservice HTTP/1.1" 200 7 "-" "Java/1.5.0_21" 220 183
127.0.0.1 - - [17/Sep/2015:06:10:13 -0400] "GET /opensso/namingservice HTTP/1.1" 200 7 "-" "Java/1.5.0_21" 220 183
66.249.67.130 - - [17/Sep/2015:06:10:22 -0400] "GET /redmine/projects/lmmpwiki/wiki/Feature_videos HTTP/1.1" 200 10331 "-" "Mozilla/5.0 (compatible; Googlebot/2.1; +http://www.google.com/bot.html)" 755 14927
127.0.0.1 - - [17/Sep/2015:06:10:42 -0400] "GET /opensso/namingservice HTTP/1.1" 200 7 "-" "Java/1.5.0_21" 220 183
127.0.0.1 - - [17/Sep/2015:06:10:43 -0400] "GET /opensso/namingservice HTTP/1.1" 200 7 "-" "Java/1.5.0_21" 220 183
127.0.0.1 - - [17/Sep/2015:06:11:12 -0400] "GET /opensso/namingservice HTTP/1.1" 200 7 "-" "Java/1.5.0_21" 220 183
127.0.0.1 - - [17/Sep/2015:06:11:13 -0400] "GET /opensso/namingservice HTTP/1.1" 200 7 "-" "Java/1.5.0_21" 220 183
127.0.0.1 - - [17/Sep/2015:06:11:42 -0400] "GET /opensso/namingservice HTTP/1.1" 200 7 "-" "Java/1.5.0_21" 220 183
127.0.0.1 - - [17/Sep/2015:06:11:43 -0400] "GET /opensso/namingservice HTTP/1.1" 200 7 "-" "Java/1.5.0_21" 220 183
66.249.67.85 - - [17/Sep/2015:06:11:50 -0400] "GET /redmine/issues/gantt?month=8&months=6&year=2237&zoom=4 HTTP/1.1" 200 51369 "-" "Mozilla/5.0 (compatible; Googlebot/2.1; +http://www.google.com/bot.html)" 345 52059
127.0.0.1 - - [17/Sep/2015:06:12:12 -0400] "GET /opensso/namingservice HTTP/1.1" 200 7 "-" "Java/1.5.0_21" 220 183
127.0.0.1 - - [17/Sep/2015:06:12:13 -0400] "GET /opensso/namingservice HTTP/1.1" 200 7 "-" "Java/1.5.0_21" 220 183
127.0.0.1 - - [17/Sep/2015:06:12:42 -0400] "GET /opensso/namingservice HTTP/1.1" 200 7 "-" "Java/1.5.0_21" 220 183
127.0.0.1 - - [17/Sep/2015:06:12:43 -0400] "GET /opensso/namingservice HTTP/1.1" 200 7 "-" "Java/1.5.0_21" 220 183
127.0.0.1 - - [17/Sep/2015:06:13:12 -0400] "GET /opensso/namingservice HTTP/1.1" 200 7 "-" "Java/1.5.0_21" 220 183
127.0.0.1 - - [17/Sep/2015:06:13:13 -0400] "GET /opensso/namingservice HTTP/1.1" 200 7 "-" "Java/1.5.0_21" 220 183
137.78.207.218 - - [17/Sep/2015:06:13:30 -0400] "HEAD /LMMPUI/LMMP_CLIENT/LMMP.html HTTP/1.1" 200 - "-" "curl/7.38.0" 110 274
127.0.0.1 - - [17/Sep/2015:06:13:42 -0400] "GET /opensso/namingservice HTTP/1.1" 200 7 "-" "Java/1.5.0_21" 220 183
127.0.0.1 - - [17/Sep/2015:06:13:43 -0400] "GET /opensso/namingservice HTTP/1.1" 200 7 "-" "Java/1.5.0_21" 220 183
127.0.0.1 - - [17/Sep/2015:06:14:12 -0400] "GET /opensso/namingservice HTTP/1.1" 200 7 "-" "Java/1.5.0_21" 220 183
127.0.0.1 - - [17/Sep/2015:06:14:13 -0400] "GET /opensso/namingservice HTTP/1.1" 200 7 "-" "Java/1.5.0_21" 220 183
66.249.67.139 - - [17/Sep/2015:06:14:17 -0400] "GET /redmine/stylesheets/scm.css?1296684278 HTTP/1.1" 200 6947 "-" "Mozilla/5.0 (compatible; Googlebot/2.1; +http://www.google.com/bot.html)" 638 11270
127.0.0.1 - - [17/Sep/2015:06:14:42 -0400] "GET /opensso/namingservice HTTP/1.1" 200 7 "-" "Java/1.5.0_21" 220 183
127.0.0.1 - - [17/Sep/2015:06:14:43 -0400] "GET /opensso/namingservice HTTP/1.1" 200 7 "-" "Java/1.5.0_21" 220 183
127.0.0.1 - - [17/Sep/2015:06:15:12 -0400] "GET /opensso/namingservice HTTP/1.1" 200 7 "-" "Java/1.5.0_21" 220 183
127.0.0.1 - - [17/Sep/2015:06:15:13 -0400] "GET /opensso/namingservice HTTP/1.1" 200 7 "-" "Java/1.5.0_21" 220 183
66.249.67.91 - - [17/Sep/2015:06:15:37 -0400] "GET /redmine/issues/gantt?month=9&months=6&year=1607&zoom=1 HTTP/1.1" 200 27588 "-" "Mozilla/5.0 (compatible; Googlebot/2.1; +http://www.google.com/bot.html)" 345 28277
127.0.0.1 - - [17/Sep/2015:06:15:42 -0400] "GET /opensso/namingservice HTTP/1.1" 200 7 "-" "Java/1.5.0_21" 220 183
127.0.0.1 - - [17/Sep/2015:06:15:43 -0400] "GET /opensso/namingservice HTTP/1.1" 200 7 "-" "Java/1.5.0_21" 220 183
127.0.0.1 - - [17/Sep/2015:06:16:12 -0400] "GET /opensso/namingservice HTTP/1.1" 200 7 "-" "Java/1.5.0_21" 220 183
127.0.0.1 - - [17/Sep/2015:06:16:13 -0400] "POST /opensso/sessionservice HTTP/1.1" 200 2025 "-" "Java/1.5.0_21" 714 2203
127.0.0.1 - - [17/Sep/2015:06:16:13 -0400] "GET /opensso/identity//xml/read?name=TomcatApps3&attributes_names=realm&attributes_values_realm=%2Fappspub&attributes_names=objecttype&attributes_values_objecttype=Agent&admin=AQIC5wM2LY4Sfcwfuin4GF3PcpsYz2%2Bb0KEYXSwMUvZPjqA%3D%40AAJTSQACMDE%3D%23 HTTP/1.1" 200 13732 "-" "Java/1.5.0_21" 442 13916
127.0.0.1 - - [17/Sep/2015:06:16:13 -0400] "GET /opensso/namingservice HTTP/1.1" 200 7 "-" "Java/1.5.0_21" 220 182
127.0.0.1 - - [17/Sep/2015:06:16:42 -0400] "GET /opensso/namingservice HTTP/1.1" 200 7 "-" "Java/1.5.0_21" 220 183
127.0.0.1 - - [17/Sep/2015:06:16:43 -0400] "GET /opensso/namingservice HTTP/1.1" 200 7 "-" "Java/1.5.0_21" 220 183
127.0.0.1 - - [17/Sep/2015:06:17:12 -0400] "GET /opensso/namingservice HTTP/1.1" 200 7 "-" "Java/1.5.0_21" 220 183
127.0.0.1 - - [17/Sep/2015:06:17:13 -0400] "GET /opensso/namingservice HTTP/1.1" 200 7 "-" "Java/1.5.0_21" 220 183
127.0.0.1 - - [17/Sep/2015:06:17:42 -0400] "GET /opensso/namingservice HTTP/1.1" 200 7 "-" "Java/1.5.0_21" 220 183
127.0.0.1 - - [17/Sep/2015:06:17:43 -0400] "GET /opensso/namingservice HTTP/1.1" 200 7 "-" "Java/1.5.0_21" 220 183
127.0.0.1 - - [17/Sep/2015:06:18:12 -0400] "GET /opensso/namingservice HTTP/1.1" 200 7 "-" "Java/1.5.0_21" 220 183
127.0.0.1 - - [17/Sep/2015:06:18:13 -0400] "GET /opensso/namingservice HTTP/1.1" 200 7 "-" "Java/1.5.0_21" 220 183
137.78.207.218 - - [17/Sep/2015:06:18:29 -0400] "HEAD /LMMPUI/LMMP_CLIENT/LMMP.html HTTP/1.1" 200 - "-" "curl/7.38.0" 110 274
127.0.0.1 - - [17/Sep/2015:06:18:42 -0400] "GET /opensso/namingservice HTTP/1.1" 200 7 "-" "Java/1.5.0_21" 220 183
127.0.0.1 - - [17/Sep/2015:06:18:43 -0400] "GET /opensso/namingservice HTTP/1.1" 200 7 "-" "Java/1.5.0_21" 220 183
127.0.0.1 - - [17/Sep/2015:06:19:12 -0400] "GET /opensso/namingservice HTTP/1.1" 200 7 "-" "Java/1.5.0_21" 220 183
127.0.0.1 - - [17/Sep/2015:06:19:13 -0400] "GET /opensso/namingservice HTTP/1.1" 200 7 "-" "Java/1.5.0_21" 220 183
