127.0.0.1 - - [13/Sep/2015:20:44:13 -0400] "POST /opensso/sessionservice HTTP/1.1" 200 2397 "-" "Java/1.5.0_21" 819 2575
127.0.0.1 - - [13/Sep/2015:20:44:13 -0400] "POST /opensso/sessionservice HTTP/1.1" 200 273 "-" "Java/1.5.0_21" 885 450
127.0.0.1 - - [13/Sep/2015:20:44:13 -0400] "POST /opensso/policyservice HTTP/1.1" 200 9463 "-" "Java/1.5.0_21" 1115 9648
127.0.0.1 - - [13/Sep/2015:20:44:13 -0400] "POST /opensso/jaxrpc/SMSObjectIF HTTP/1.1" 200 505 "-" "Java/1.5.0_21" 847 766
127.0.0.1 - - [13/Sep/2015:20:44:13 -0400] "POST /opensso/jaxrpc/DirectoryManagerIF HTTP/1.1" 200 1290 "-" "Java/1.5.0_21" 1362 1551
127.0.0.1 - - [13/Sep/2015:20:44:14 -0400] "POST /opensso/jaxrpc/SMSObjectIF HTTP/1.1" 200 505 "-" "Java/1.5.0_21" 847 766
127.0.0.1 - - [13/Sep/2015:20:44:14 -0400] "POST /opensso/jaxrpc/DirectoryManagerIF HTTP/1.1" 200 1290 "-" "Java/1.5.0_21" 1362 1551
5.79.68.161 - - [13/Sep/2015:20:44:13 -0400] "GET /LMMP/rest/dbxml/fgdc/legend/stream?label=LP_GRS_K_Clr_Global_halfppd&iPlanetDirectoryPro=AQIC5wM2LY4SfcxOTnfcIsblNWROAChIO2OqRQBK6uyUubc%3D%40AAJTSQACMDE%3D%23 HTTP/1.1" 200 7781 "-" "Dalvik/1.6.0 (Linux; U; Android 4.4.4; Desire S Build/KTU84Q)" 324 8089
5.79.68.161 - - [13/Sep/2015:20:44:34 -0400] "GET /opensso/UI/Login?module=Anonymous&org=appspub&goto=http://pub.lmmp.nasa.gov/LMMP/rest/dbxml/fgdc/legend/stream?label=LP_GRS_K_Clr_Global_halfppd HTTP/1.1" 302 - "-" "Dalvik/1.6.0 (Linux; U; Android 4.4.4; Desire S Build/KTU84Q)" 309 985
127.0.0.1 - - [13/Sep/2015:20:44:34 -0400] "POST /opensso/sessionservice HTTP/1.1" 200 2401 "-" "Java/1.5.0_21" 819 2579
127.0.0.1 - - [13/Sep/2015:20:44:34 -0400] "POST /opensso/sessionservice HTTP/1.1" 200 273 "-" "Java/1.5.0_21" 885 450
127.0.0.1 - - [13/Sep/2015:20:44:34 -0400] "POST /opensso/policyservice HTTP/1.1" 200 9463 "-" "Java/1.5.0_21" 1115 9648
127.0.0.1 - - [13/Sep/2015:20:44:34 -0400] "POST /opensso/jaxrpc/SMSObjectIF HTTP/1.1" 200 505 "-" "Java/1.5.0_21" 847 766
127.0.0.1 - - [13/Sep/2015:20:44:34 -0400] "POST /opensso/jaxrpc/DirectoryManagerIF HTTP/1.1" 200 1290 "-" "Java/1.5.0_21" 1366 1551
127.0.0.1 - - [13/Sep/2015:20:44:34 -0400] "POST /opensso/jaxrpc/SMSObjectIF HTTP/1.1" 200 505 "-" "Java/1.5.0_21" 847 766
127.0.0.1 - - [13/Sep/2015:20:44:34 -0400] "POST /opensso/jaxrpc/DirectoryManagerIF HTTP/1.1" 200 1290 "-" "Java/1.5.0_21" 1366 1551
5.79.68.161 - - [13/Sep/2015:20:44:34 -0400] "GET /LMMP/rest/dbxml/fgdc/legend/stream?label=LP_GRS_K_Clr_Global_halfppd&iPlanetDirectoryPro=AQIC5wM2LY4SfcxFDKapVhhLeMlWIRQ%2FANbmA%2BlKTpeGLIw%3D%40AAJTSQACMDE%3D%23 HTTP/1.1" 200 7781 "-" "Dalvik/1.6.0 (Linux; U; Android 4.4.4; Desire S Build/KTU84Q)" 328 8089
127.0.0.1 - - [13/Sep/2015:20:44:42 -0400] "GET /opensso/namingservice HTTP/1.1" 200 7 "-" "Java/1.5.0_21" 220 183
127.0.0.1 - - [13/Sep/2015:20:44:43 -0400] "GET /opensso/namingservice HTTP/1.1" 200 7 "-" "Java/1.5.0_21" 220 183
5.79.68.161 - - [13/Sep/2015:20:44:46 -0400] "GET /opensso/UI/Login?module=Anonymous&org=appspub&goto=https://pub.lmmp.nasa.gov/LMMP/rest/dbxml/fgdc/abstract?label=LP_GRS_Fe_Clr_Global_2ppd HTTP/1.1" 302 - "-" "Dalvik/1.6.0 (Linux; U; Android 4.4.4; Desire S Build/KTU84Q)" 303 975
127.0.0.1 - - [13/Sep/2015:20:44:46 -0400] "POST /opensso/sessionservice HTTP/1.1" 200 2389 "-" "Java/1.5.0_21" 819 2567
127.0.0.1 - - [13/Sep/2015:20:44:46 -0400] "POST /opensso/sessionservice HTTP/1.1" 200 273 "-" "Java/1.5.0_21" 885 450
127.0.0.1 - - [13/Sep/2015:20:44:46 -0400] "POST /opensso/policyservice HTTP/1.1" 200 9465 "-" "Java/1.5.0_21" 1117 9650
127.0.0.1 - - [13/Sep/2015:20:44:46 -0400] "POST /opensso/jaxrpc/SMSObjectIF HTTP/1.1" 200 505 "-" "Java/1.5.0_21" 847 766
127.0.0.1 - - [13/Sep/2015:20:44:46 -0400] "POST /opensso/jaxrpc/DirectoryManagerIF HTTP/1.1" 200 1290 "-" "Java/1.5.0_21" 1362 1551
5.79.68.161 - - [13/Sep/2015:20:44:46 -0400] "GET /LMMP/rest/dbxml/fgdc/abstract?label=LP_GRS_Fe_Clr_Global_2ppd&iPlanetDirectoryPro=AQIC5wM2LY4SfczipUzBgkMdXxf0BajMDnyQIA0O2KyDk9s%3D%40AAJTSQACMDE%3D%23 HTTP/1.1" 200 1369 "-" "Dalvik/1.6.0 (Linux; U; Android 4.4.4; Desire S Build/KTU84Q)" 835 1939
5.79.68.161 - - [13/Sep/2015:20:44:58 -0400] "GET /opensso/UI/Login?module=Anonymous&org=appspub&goto=http://pub.lmmp.nasa.gov/LMMP/rest/dbxml/fgdc/legend/stream?label=LP_GRS_Fe_Clr_Global_2ppd HTTP/1.1" 302 - "-" "Dalvik/1.6.0 (Linux; U; Android 4.4.4; Desire S Build/KTU84Q)" 307 981
127.0.0.1 - - [13/Sep/2015:20:44:58 -0400] "POST /opensso/sessionservice HTTP/1.1" 200 2397 "-" "Java/1.5.0_21" 819 2575
127.0.0.1 - - [13/Sep/2015:20:44:58 -0400] "POST /opensso/sessionservice HTTP/1.1" 200 273 "-" "Java/1.5.0_21" 885 450
127.0.0.1 - - [13/Sep/2015:20:44:58 -0400] "POST /opensso/policyservice HTTP/1.1" 200 9463 "-" "Java/1.5.0_21" 1115 9648
127.0.0.1 - - [13/Sep/2015:20:44:58 -0400] "POST /opensso/jaxrpc/SMSObjectIF HTTP/1.1" 200 505 "-" "Java/1.5.0_21" 847 766
127.0.0.1 - - [13/Sep/2015:20:44:58 -0400] "POST /opensso/jaxrpc/DirectoryManagerIF HTTP/1.1" 200 1290 "-" "Java/1.5.0_21" 1366 1551
127.0.0.1 - - [13/Sep/2015:20:44:58 -0400] "POST /opensso/jaxrpc/SMSObjectIF HTTP/1.1" 200 505 "-" "Java/1.5.0_21" 847 766
127.0.0.1 - - [13/Sep/2015:20:44:58 -0400] "POST /opensso/jaxrpc/DirectoryManagerIF HTTP/1.1" 200 1290 "-" "Java/1.5.0_21" 1366 1551
5.79.68.161 - - [13/Sep/2015:20:44:58 -0400] "GET /LMMP/rest/dbxml/fgdc/legend/stream?label=LP_GRS_Fe_Clr_Global_2ppd&iPlanetDirectoryPro=AQIC5wM2LY4SfcyyIKSqgDbt5t%2F0CEZYOymOty1oJryGHiw%3D%40AAJTSQACMDE%3D%23 HTTP/1.1" 200 7692 "-" "Dalvik/1.6.0 (Linux; U; Android 4.4.4; Desire S Build/KTU84Q)" 324 8000
5.79.68.161 - - [13/Sep/2015:20:44:59 -0400] "GET /opensso/UI/Login?module=Anonymous&org=appspub&goto=http://pub.lmmp.nasa.gov/LMMP/rest/dbxml/fgdc/legend/stream?label=LP_GRS_Fe_Clr_Global_2ppd HTTP/1.1" 302 - "-" "Dalvik/1.6.0 (Linux; U; Android 4.4.4; Desire S Build/KTU84Q)" 307 980
127.0.0.1 - - [13/Sep/2015:20:44:59 -0400] "POST /opensso/sessionservice HTTP/1.1" 200 2397 "-" "Java/1.5.0_21" 819 2574
127.0.0.1 - - [13/Sep/2015:20:44:59 -0400] "POST /opensso/sessionservice HTTP/1.1" 200 273 "-" "Java/1.5.0_21" 885 450
127.0.0.1 - - [13/Sep/2015:20:44:59 -0400] "POST /opensso/policyservice HTTP/1.1" 200 9463 "-" "Java/1.5.0_21" 1115 9648
127.0.0.1 - - [13/Sep/2015:20:44:59 -0400] "POST /opensso/jaxrpc/SMSObjectIF HTTP/1.1" 200 505 "-" "Java/1.5.0_21" 847 766
127.0.0.1 - - [13/Sep/2015:20:44:59 -0400] "POST /opensso/jaxrpc/DirectoryManagerIF HTTP/1.1" 200 1290 "-" "Java/1.5.0_21" 1362 1551
127.0.0.1 - - [13/Sep/2015:20:44:59 -0400] "POST /opensso/jaxrpc/SMSObjectIF HTTP/1.1" 200 505 "-" "Java/1.5.0_21" 847 766
127.0.0.1 - - [13/Sep/2015:20:44:59 -0400] "POST /opensso/jaxrpc/DirectoryManagerIF HTTP/1.1" 200 1290 "-" "Java/1.5.0_21" 1362 1551
5.79.68.161 - - [13/Sep/2015:20:44:59 -0400] "GET /LMMP/rest/dbxml/fgdc/legend/stream?label=LP_GRS_Fe_Clr_Global_2ppd&iPlanetDirectoryPro=AQIC5wM2LY4SfczGogSuSk3ivBLgA1Csnru4o%2BCE1wKMxlU%3D%40AAJTSQACMDE%3D%23 HTTP/1.1" 200 7692 "-" "Dalvik/1.6.0 (Linux; U; Android 4.4.4; Desire S Build/KTU84Q)" 324 8000
127.0.0.1 - - [13/Sep/2015:20:45:12 -0400] "GET /opensso/namingservice HTTP/1.1" 200 7 "-" "Java/1.5.0_21" 220 183
127.0.0.1 - - [13/Sep/2015:20:45:13 -0400] "GET /opensso/namingservice HTTP/1.1" 200 7 "-" "Java/1.5.0_21" 220 183
5.79.68.161 - - [13/Sep/2015:20:45:17 -0400] "GET /opensso/UI/Login?module=Anonymous&org=appspub&goto=http://pub.lmmp.nasa.gov/LMMP/rest/dbxml/fgdc/legend/stream?label=LP_NS_H_Clr_Global_2ppd HTTP/1.1" 302 - "-" "Dalvik/1.6.0 (Linux; U; Android 4.4.4; Desire S Build/KTU84Q)" 305 983
127.0.0.1 - - [13/Sep/2015:20:45:17 -0400] "POST /opensso/sessionservice HTTP/1.1" 200 2399 "-" "Java/1.5.0_21" 819 2577
127.0.0.1 - - [13/Sep/2015:20:45:17 -0400] "POST /opensso/sessionservice HTTP/1.1" 200 273 "-" "Java/1.5.0_21" 885 450
127.0.0.1 - - [13/Sep/2015:20:45:17 -0400] "POST /opensso/policyservice HTTP/1.1" 200 9463 "-" "Java/1.5.0_21" 1115 9648
127.0.0.1 - - [13/Sep/2015:20:45:17 -0400] "POST /opensso/jaxrpc/SMSObjectIF HTTP/1.1" 200 505 "-" "Java/1.5.0_21" 847 766
127.0.0.1 - - [13/Sep/2015:20:45:17 -0400] "POST /opensso/jaxrpc/DirectoryManagerIF HTTP/1.1" 200 1290 "-" "Java/1.5.0_21" 1362 1551
127.0.0.1 - - [13/Sep/2015:20:45:17 -0400] "POST /opensso/jaxrpc/SMSObjectIF HTTP/1.1" 200 505 "-" "Java/1.5.0_21" 847 766
127.0.0.1 - - [13/Sep/2015:20:45:17 -0400] "POST /opensso/jaxrpc/DirectoryManagerIF HTTP/1.1" 200 1290 "-" "Java/1.5.0_21" 1362 1551
5.79.68.161 - - [13/Sep/2015:20:45:17 -0400] "GET /LMMP/rest/dbxml/fgdc/legend/stream?label=LP_NS_H_Clr_Global_2ppd&iPlanetDirectoryPro=AQIC5wM2LY4SfcwMdmZQS1nb2pPO2t%2BFXMN%2B8smH%2BECja0k%3D%40AAJTSQACMDE%3D%23 HTTP/1.1" 200 8439 "-" "Dalvik/1.6.0 (Linux; U; Android 4.4.4; Desire S Build/KTU84Q)" 326 8772
5.79.68.161 - - [13/Sep/2015:20:45:18 -0400] "GET /opensso/UI/Login?module=Anonymous&org=appspub&goto=http://pub.lmmp.nasa.gov/LMMP/rest/dbxml/fgdc/legend/stream?label=LP_NS_H_Clr_Global_2ppd HTTP/1.1" 302 - "-" "Dalvik/1.6.0 (Linux; U; Android 4.4.4; Desire S Build/KTU84Q)" 305 977
127.0.0.1 - - [13/Sep/2015:20:45:18 -0400] "POST /opensso/sessionservice HTTP/1.1" 200 2393 "-" "Java/1.5.0_21" 819 2570
127.0.0.1 - - [13/Sep/2015:20:45:18 -0400] "POST /opensso/sessionservice HTTP/1.1" 200 273 "-" "Java/1.5.0_21" 885 450
127.0.0.1 - - [13/Sep/2015:20:45:18 -0400] "POST /opensso/policyservice HTTP/1.1" 200 9463 "-" "Java/1.5.0_21" 1115 9648
127.0.0.1 - - [13/Sep/2015:20:45:18 -0400] "POST /opensso/jaxrpc/SMSObjectIF HTTP/1.1" 200 505 "-" "Java/1.5.0_21" 847 766
127.0.0.1 - - [13/Sep/2015:20:45:18 -0400] "POST /opensso/jaxrpc/DirectoryManagerIF HTTP/1.1" 200 1290 "-" "Java/1.5.0_21" 1362 1551
127.0.0.1 - - [13/Sep/2015:20:45:18 -0400] "POST /opensso/jaxrpc/SMSObjectIF HTTP/1.1" 200 505 "-" "Java/1.5.0_21" 847 766
127.0.0.1 - - [13/Sep/2015:20:45:18 -0400] "POST /opensso/jaxrpc/DirectoryManagerIF HTTP/1.1" 200 1290 "-" "Java/1.5.0_21" 1362 1551
5.79.68.161 - - [13/Sep/2015:20:45:18 -0400] "GET /LMMP/rest/dbxml/fgdc/legend/stream?label=LP_NS_H_Clr_Global_2ppd&iPlanetDirectoryPro=AQIC5wM2LY4SfcxcckolyxVvz1qTiE6Fl8TPMXdW28gfiz0%3D%40AAJTSQACMDE%3D%23 HTTP/1.1" 200 8439 "-" "Dalvik/1.6.0 (Linux; U; Android 4.4.4; Desire S Build/KTU84Q)" 320 8772
127.0.0.1 - - [13/Sep/2015:20:45:42 -0400] "GET /opensso/namingservice HTTP/1.1" 200 7 "-" "Java/1.5.0_21" 220 183
127.0.0.1 - - [13/Sep/2015:20:45:43 -0400] "GET /opensso/namingservice HTTP/1.1" 200 7 "-" "Java/1.5.0_21" 220 183
127.0.0.1 - - [13/Sep/2015:20:46:12 -0400] "GET /opensso/namingservice HTTP/1.1" 200 7 "-" "Java/1.5.0_21" 220 183
127.0.0.1 - - [13/Sep/2015:20:46:13 -0400] "GET /opensso/namingservice HTTP/1.1" 200 7 "-" "Java/1.5.0_21" 220 183
127.0.0.1 - - [13/Sep/2015:20:46:42 -0400] "GET /opensso/namingservice HTTP/1.1" 200 7 "-" "Java/1.5.0_21" 220 183
127.0.0.1 - - [13/Sep/2015:20:46:43 -0400] "GET /opensso/namingservice HTTP/1.1" 200 7 "-" "Java/1.5.0_21" 220 183
5.79.68.161 - - [13/Sep/2015:20:46:54 -0400] "GET /opensso/UI/Login?module=Anonymous&org=appspub&goto=https://pub.lmmp.nasa.gov/LMMP/rest/dbxml/fgdc/abstract?label=LRO_LOLA_ClrShade_Global_128ppd_v04 HTTP/1.1" 302 - "-" "Dalvik/1.6.0 (Linux; U; Android 4.4.4; Desire S Build/KTU84Q)" 313 985
127.0.0.1 - - [13/Sep/2015:20:46:55 -0400] "POST /opensso/sessionservice HTTP/1.1" 200 2399 "-" "Java/1.5.0_21" 819 2577
127.0.0.1 - - [13/Sep/2015:20:46:55 -0400] "POST /opensso/sessionservice HTTP/1.1" 200 273 "-" "Java/1.5.0_21" 885 450
127.0.0.1 - - [13/Sep/2015:20:46:55 -0400] "POST /opensso/policyservice HTTP/1.1" 200 9465 "-" "Java/1.5.0_21" 1117 9650
127.0.0.1 - - [13/Sep/2015:20:46:55 -0400] "POST /opensso/jaxrpc/SMSObjectIF HTTP/1.1" 200 505 "-" "Java/1.5.0_21" 847 766
127.0.0.1 - - [13/Sep/2015:20:46:55 -0400] "POST /opensso/jaxrpc/DirectoryManagerIF HTTP/1.1" 200 1290 "-" "Java/1.5.0_21" 1362 1551
5.79.68.161 - - [13/Sep/2015:20:46:55 -0400] "GET /LMMP/rest/dbxml/fgdc/abstract?label=LRO_LOLA_ClrShade_Global_128ppd_v04&iPlanetDirectoryPro=AQIC5wM2LY4SfcywDSGxJ4cqSwT3ERAv05MOhDgHTNcYzAU%3D%40AAJTSQACMDE%3D%23 HTTP/1.1" 200 599 "-" "Dalvik/1.6.0 (Linux; U; Android 4.4.4; Desire S Build/KTU84Q)" 845 1169
5.79.68.161 - - [13/Sep/2015:20:47:06 -0400] "GET /opensso/UI/Login?module=Anonymous&org=appspub&goto=https://pub.lmmp.nasa.gov/LMMP/rest/dbxml/fgdc/legend/stream?label=LRO_LOLA_ClrShade_Global_128ppd_v04 HTTP/1.1" 302 - "-" "Dalvik/1.6.0 (Linux; U; Android 4.4.4; Desire S Build/KTU84Q)" 318 994
127.0.0.1 - - [13/Sep/2015:20:47:06 -0400] "POST /opensso/sessionservice HTTP/1.1" 200 2410 "-" "Java/1.5.0_21" 819 2588
127.0.0.1 - - [13/Sep/2015:20:47:06 -0400] "POST /opensso/sessionservice HTTP/1.1" 200 273 "-" "Java/1.5.0_21" 885 450
127.0.0.1 - - [13/Sep/2015:20:47:06 -0400] "POST /opensso/policyservice HTTP/1.1" 200 9465 "-" "Java/1.5.0_21" 1117 9650
127.0.0.1 - - [13/Sep/2015:20:47:06 -0400] "POST /opensso/jaxrpc/SMSObjectIF HTTP/1.1" 200 505 "-" "Java/1.5.0_21" 847 766
127.0.0.1 - - [13/Sep/2015:20:47:06 -0400] "POST /opensso/jaxrpc/DirectoryManagerIF HTTP/1.1" 200 1290 "-" "Java/1.5.0_21" 1366 1551
127.0.0.1 - - [13/Sep/2015:20:47:06 -0400] "POST /opensso/jaxrpc/SMSObjectIF HTTP/1.1" 200 505 "-" "Java/1.5.0_21" 847 766
127.0.0.1 - - [13/Sep/2015:20:47:06 -0400] "POST /opensso/jaxrpc/DirectoryManagerIF HTTP/1.1" 200 1290 "-" "Java/1.5.0_21" 1366 1551
5.79.68.161 - - [13/Sep/2015:20:47:06 -0400] "GET /LMMP/rest/dbxml/fgdc/legend/stream?label=LRO_LOLA_ClrShade_Global_128ppd_v04&iPlanetDirectoryPro=AQIC5wM2LY4Sfcyih%2FNR7UyFHBPVJnm31hbWEW%2BkidadDf4%3D%40AAJTSQACMDE%3D%23 HTTP/1.1" 200 4060 "-" "Dalvik/1.6.0 (Linux; U; Android 4.4.4; Desire S Build/KTU84Q)" 357 4418
5.79.68.161 - - [13/Sep/2015:20:47:07 -0400] "GET /opensso/UI/Login?module=Anonymous&org=appspub&goto=https://pub.lmmp.nasa.gov/LMMP/rest/dbxml/fgdc/legend/stream?label=LRO_LOLA_ClrShade_Global_128ppd_v04 HTTP/1.1" 302 - "-" "Dalvik/1.6.0 (Linux; U; Android 4.4.4; Desire S Build/KTU84Q)" 318 989
127.0.0.1 - - [13/Sep/2015:20:47:07 -0400] "POST /opensso/sessionservice HTTP/1.1" 200 2406 "-" "Java/1.5.0_21" 819 2583
127.0.0.1 - - [13/Sep/2015:20:47:07 -0400] "POST /opensso/sessionservice HTTP/1.1" 200 273 "-" "Java/1.5.0_21" 885 450
127.0.0.1 - - [13/Sep/2015:20:47:07 -0400] "POST /opensso/policyservice HTTP/1.1" 200 9465 "-" "Java/1.5.0_21" 1117 9650
127.0.0.1 - - [13/Sep/2015:20:47:07 -0400] "POST /opensso/jaxrpc/SMSObjectIF HTTP/1.1" 200 505 "-" "Java/1.5.0_21" 847 766
127.0.0.1 - - [13/Sep/2015:20:47:07 -0400] "POST /opensso/jaxrpc/DirectoryManagerIF HTTP/1.1" 200 1290 "-" "Java/1.5.0_21" 1362 1551
127.0.0.1 - - [13/Sep/2015:20:47:07 -0400] "POST /opensso/jaxrpc/SMSObjectIF HTTP/1.1" 200 505 "-" "Java/1.5.0_21" 847 766
127.0.0.1 - - [13/Sep/2015:20:47:07 -0400] "POST /opensso/jaxrpc/DirectoryManagerIF HTTP/1.1" 200 1290 "-" "Java/1.5.0_21" 1362 1551
5.79.68.161 - - [13/Sep/2015:20:47:07 -0400] "GET /LMMP/rest/dbxml/fgdc/legend/stream?label=LRO_LOLA_ClrShade_Global_128ppd_v04&iPlanetDirectoryPro=AQIC5wM2LY4Sfcxql8h7xrFJExI4yUbK7BUZSP18cyq4KIo%3D%40AAJTSQACMDE%3D%23 HTTP/1.1" 200 4060 "-" "Dalvik/1.6.0 (Linux; U; Android 4.4.4; Desire S Build/KTU84Q)" 353 4418
127.0.0.1 - - [13/Sep/2015:20:47:12 -0400] "GET /opensso/namingservice HTTP/1.1" 200 7 "-" "Java/1.5.0_21" 220 183
127.0.0.1 - - [13/Sep/2015:20:47:13 -0400] "GET /opensso/namingservice HTTP/1.1" 200 7 "-" "Java/1.5.0_21" 220 183
5.79.68.161 - - [13/Sep/2015:20:47:28 -0400] "GET /opensso/UI/Login?module=Anonymous&org=appspub&goto=https://pub.lmmp.nasa.gov/LMMP/rest/dbxml/fgdc/abstract?label=LRO_LOLA_ClrShade_Global_128ppd_v04 HTTP/1.1" 302 - "-" "Dalvik/1.6.0 (Linux; U; Android 4.4.4; Desire S Build/KTU84Q)" 313 985
127.0.0.1 - - [13/Sep/2015:20:47:29 -0400] "POST /opensso/sessionservice HTTP/1.1" 200 2399 "-" "Java/1.5.0_21" 819 2577
127.0.0.1 - - [13/Sep/2015:20:47:29 -0400] "POST /opensso/sessionservice HTTP/1.1" 200 273 "-" "Java/1.5.0_21" 885 450
127.0.0.1 - - [13/Sep/2015:20:47:29 -0400] "POST /opensso/policyservice HTTP/1.1" 200 9465 "-" "Java/1.5.0_21" 1117 9650
127.0.0.1 - - [13/Sep/2015:20:47:29 -0400] "POST /opensso/jaxrpc/SMSObjectIF HTTP/1.1" 200 505 "-" "Java/1.5.0_21" 847 766
127.0.0.1 - - [13/Sep/2015:20:47:29 -0400] "POST /opensso/jaxrpc/DirectoryManagerIF HTTP/1.1" 200 1290 "-" "Java/1.5.0_21" 1362 1551
5.79.68.161 - - [13/Sep/2015:20:47:29 -0400] "GET /LMMP/rest/dbxml/fgdc/abstract?label=LRO_LOLA_ClrShade_Global_128ppd_v04&iPlanetDirectoryPro=AQIC5wM2LY4SfcxRzq7B922joPoijIQfmaucDwuAQnrooR8%3D%40AAJTSQACMDE%3D%23 HTTP/1.1" 200 599 "-" "Dalvik/1.6.0 (Linux; U; Android 4.4.4; Desire S Build/KTU84Q)" 845 1169
127.0.0.1 - - [13/Sep/2015:20:47:42 -0400] "GET /opensso/namingservice HTTP/1.1" 200 7 "-" "Java/1.5.0_21" 220 183
127.0.0.1 - - [13/Sep/2015:20:47:43 -0400] "GET /opensso/namingservice HTTP/1.1" 200 7 "-" "Java/1.5.0_21" 220 183
5.79.68.161 - - [13/Sep/2015:20:47:43 -0400] "GET /opensso/UI/Login?module=Anonymous&org=appspub&goto=https://pub.lmmp.nasa.gov/LMMP/rest/dbxml/fgdc/legend/stream?label=LRO_LOLA_ClrShade_Global_128ppd_v04 HTTP/1.1" 302 - "-" "Dalvik/1.6.0 (Linux; U; Android 4.4.4; Desire S Build/KTU84Q)" 318 992
127.0.0.1 - - [13/Sep/2015:20:47:44 -0400] "POST /opensso/sessionservice HTTP/1.1" 200 2407 "-" "Java/1.5.0_21" 819 2585
127.0.0.1 - - [13/Sep/2015:20:47:44 -0400] "POST /opensso/sessionservice HTTP/1.1" 200 273 "-" "Java/1.5.0_21" 885 450
127.0.0.1 - - [13/Sep/2015:20:47:44 -0400] "POST /opensso/policyservice HTTP/1.1" 200 9465 "-" "Java/1.5.0_21" 1117 9650
127.0.0.1 - - [13/Sep/2015:20:47:44 -0400] "POST /opensso/jaxrpc/SMSObjectIF HTTP/1.1" 200 505 "-" "Java/1.5.0_21" 847 766
127.0.0.1 - - [13/Sep/2015:20:47:44 -0400] "POST /opensso/jaxrpc/DirectoryManagerIF HTTP/1.1" 200 1290 "-" "Java/1.5.0_21" 1362 1551
127.0.0.1 - - [13/Sep/2015:20:47:44 -0400] "POST /opensso/jaxrpc/SMSObjectIF HTTP/1.1" 200 505 "-" "Java/1.5.0_21" 847 766
127.0.0.1 - - [13/Sep/2015:20:47:44 -0400] "POST /opensso/jaxrpc/DirectoryManagerIF HTTP/1.1" 200 1290 "-" "Java/1.5.0_21" 1362 1551
5.79.68.161 - - [13/Sep/2015:20:47:44 -0400] "GET /LMMP/rest/dbxml/fgdc/legend/stream?label=LRO_LOLA_ClrShade_Global_128ppd_v04&iPlanetDirectoryPro=AQIC5wM2LY4SfczUUzIwFZ1%2Binqk7qaHP9FQSqFs3xbw6zA%3D%40AAJTSQACMDE%3D%23 HTTP/1.1" 200 4060 "-" "Dalvik/1.6.0 (Linux; U; Android 4.4.4; Desire S Build/KTU84Q)" 852 4548
66.249.67.91 - - [13/Sep/2015:20:47:45 -0400] "GET /redmine/issues/gantt?month=1&months=6&year=1232&zoom=4 HTTP/1.1" 200 51131 "-" "Mozilla/5.0 (compatible; Googlebot/2.1; +http://www.google.com/bot.html)" 345 51820
5.79.68.161 - - [13/Sep/2015:20:47:45 -0400] "GET /opensso/UI/Login?module=Anonymous&org=appspub&goto=https://pub.lmmp.nasa.gov/LMMP/rest/dbxml/fgdc/legend/stream?label=LRO_LOLA_ClrShade_Global_128ppd_v04 HTTP/1.1" 302 - "-" "Dalvik/1.6.0 (Linux; U; Android 4.4.4; Desire S Build/KTU84Q)" 318 989
127.0.0.1 - - [13/Sep/2015:20:47:47 -0400] "POST /opensso/sessionservice HTTP/1.1" 200 2406 "-" "Java/1.5.0_21" 819 2583
127.0.0.1 - - [13/Sep/2015:20:47:47 -0400] "POST /opensso/sessionservice HTTP/1.1" 200 273 "-" "Java/1.5.0_21" 885 450
127.0.0.1 - - [13/Sep/2015:20:47:47 -0400] "POST /opensso/policyservice HTTP/1.1" 200 9465 "-" "Java/1.5.0_21" 1117 9650
127.0.0.1 - - [13/Sep/2015:20:47:47 -0400] "POST /opensso/jaxrpc/SMSObjectIF HTTP/1.1" 200 505 "-" "Java/1.5.0_21" 847 766
127.0.0.1 - - [13/Sep/2015:20:47:47 -0400] "POST /opensso/jaxrpc/DirectoryManagerIF HTTP/1.1" 200 1290 "-" "Java/1.5.0_21" 1362 1551
127.0.0.1 - - [13/Sep/2015:20:47:47 -0400] "POST /opensso/jaxrpc/SMSObjectIF HTTP/1.1" 200 505 "-" "Java/1.5.0_21" 847 766
127.0.0.1 - - [13/Sep/2015:20:47:47 -0400] "POST /opensso/jaxrpc/DirectoryManagerIF HTTP/1.1" 200 1290 "-" "Java/1.5.0_21" 1362 1551
5.79.68.161 - - [13/Sep/2015:20:47:47 -0400] "GET /LMMP/rest/dbxml/fgdc/legend/stream?label=LRO_LOLA_ClrShade_Global_128ppd_v04&iPlanetDirectoryPro=AQIC5wM2LY4Sfcy97MwFtbH19PAm1m7u0XlbPVWfWecqvYM%3D%40AAJTSQACMDE%3D%23 HTTP/1.1" 200 4060 "-" "Dalvik/1.6.0 (Linux; U; Android 4.4.4; Desire S Build/KTU84Q)" 353 4418
127.0.0.1 - - [13/Sep/2015:20:48:12 -0400] "GET /opensso/namingservice HTTP/1.1" 200 7 "-" "Java/1.5.0_21" 220 183
127.0.0.1 - - [13/Sep/2015:20:48:13 -0400] "GET /opensso/namingservice HTTP/1.1" 200 7 "-" "Java/1.5.0_21" 220 183
137.78.207.218 - - [13/Sep/2015:20:48:26 -0400] "HEAD /LMMPUI/LMMP_CLIENT/LMMP.html HTTP/1.1" 200 - "-" "curl/7.38.0" 110 274
127.0.0.1 - - [13/Sep/2015:20:48:42 -0400] "GET /opensso/namingservice HTTP/1.1" 200 7 "-" "Java/1.5.0_21" 220 183
127.0.0.1 - - [13/Sep/2015:20:48:43 -0400] "GET /opensso/namingservice HTTP/1.1" 200 7 "-" "Java/1.5.0_21" 220 183
5.79.68.161 - - [13/Sep/2015:20:48:58 -0400] "GET /opensso/UI/Login?module=Anonymous&org=appspub&goto=https://pub.lmmp.nasa.gov/LMMP/rest/dbxml/fgdc/legend/stream?label=LRO_LOLA_ClrShade_Global_128ppd_v04 HTTP/1.1" 302 - "-" "Dalvik/1.6.0 (Linux; U; Android 4.4.4; Desire S Build/KTU84Q)" 318 992
127.0.0.1 - - [13/Sep/2015:20:48:59 -0400] "POST /opensso/sessionservice HTTP/1.1" 200 2408 "-" "Java/1.5.0_21" 819 2586
127.0.0.1 - - [13/Sep/2015:20:48:59 -0400] "POST /opensso/sessionservice HTTP/1.1" 200 273 "-" "Java/1.5.0_21" 885 450
127.0.0.1 - - [13/Sep/2015:20:48:59 -0400] "POST /opensso/policyservice HTTP/1.1" 200 9465 "-" "Java/1.5.0_21" 1117 9650
127.0.0.1 - - [13/Sep/2015:20:48:59 -0400] "POST /opensso/jaxrpc/SMSObjectIF HTTP/1.1" 200 505 "-" "Java/1.5.0_21" 847 766
127.0.0.1 - - [13/Sep/2015:20:48:59 -0400] "POST /opensso/jaxrpc/DirectoryManagerIF HTTP/1.1" 200 1290 "-" "Java/1.5.0_21" 1362 1551
127.0.0.1 - - [13/Sep/2015:20:48:59 -0400] "POST /opensso/jaxrpc/SMSObjectIF HTTP/1.1" 200 505 "-" "Java/1.5.0_21" 847 766
127.0.0.1 - - [13/Sep/2015:20:48:59 -0400] "POST /opensso/jaxrpc/DirectoryManagerIF HTTP/1.1" 200 1290 "-" "Java/1.5.0_21" 1362 1551
5.79.68.161 - - [13/Sep/2015:20:48:59 -0400] "GET /LMMP/rest/dbxml/fgdc/legend/stream?label=LRO_LOLA_ClrShade_Global_128ppd_v04&iPlanetDirectoryPro=AQIC5wM2LY4SfcwgCgazrfwATH6RwS%2BY6DBxOYKkfPXGYLA%3D%40AAJTSQACMDE%3D%23 HTTP/1.1" 200 4060 "-" "Dalvik/1.6.0 (Linux; U; Android 4.4.4; Desire S Build/KTU84Q)" 852 4548
127.0.0.1 - - [13/Sep/2015:20:49:12 -0400] "GET /opensso/namingservice HTTP/1.1" 200 7 "-" "Java/1.5.0_21" 220 183
127.0.0.1 - - [13/Sep/2015:20:49:13 -0400] "GET /opensso/namingservice HTTP/1.1" 200 7 "-" "Java/1.5.0_21" 220 183
127.0.0.1 - - [13/Sep/2015:20:49:42 -0400] "GET /opensso/namingservice HTTP/1.1" 200 7 "-" "Java/1.5.0_21" 220 183
127.0.0.1 - - [13/Sep/2015:20:49:43 -0400] "GET /opensso/namingservice HTTP/1.1" 200 7 "-" "Java/1.5.0_21" 220 183
66.249.67.97 - - [13/Sep/2015:20:50:11 -0400] "GET /redmine/issues/gantt?month=4&months=6&year=2040&zoom=3 HTTP/1.1" 200 51327 "-" "Mozilla/5.0 (compatible; Googlebot/2.1; +http://www.google.com/bot.html)" 345 52016
127.0.0.1 - - [13/Sep/2015:20:50:12 -0400] "GET /opensso/namingservice HTTP/1.1" 200 7 "-" "Java/1.5.0_21" 220 183
127.0.0.1 - - [13/Sep/2015:20:50:13 -0400] "GET /opensso/namingservice HTTP/1.1" 200 7 "-" "Java/1.5.0_21" 220 183
127.0.0.1 - - [13/Sep/2015:20:50:42 -0400] "GET /opensso/namingservice HTTP/1.1" 200 7 "-" "Java/1.5.0_21" 220 183
127.0.0.1 - - [13/Sep/2015:20:50:43 -0400] "GET /opensso/namingservice HTTP/1.1" 200 7 "-" "Java/1.5.0_21" 220 183
127.0.0.1 - - [13/Sep/2015:20:51:12 -0400] "GET /opensso/namingservice HTTP/1.1" 200 7 "-" "Java/1.5.0_21" 220 183
127.0.0.1 - - [13/Sep/2015:20:51:13 -0400] "GET /opensso/namingservice HTTP/1.1" 200 7 "-" "Java/1.5.0_21" 220 183
66.249.67.85 - - [13/Sep/2015:20:51:32 -0400] "GET /redmine/issues/gantt?month=6&months=6&year=1393&zoom=1 HTTP/1.1" 200 27581 "-" "Mozilla/5.0 (compatible; Googlebot/2.1; +http://www.google.com/bot.html)" 345 28270
127.0.0.1 - - [13/Sep/2015:20:51:42 -0400] "GET /opensso/namingservice HTTP/1.1" 200 7 "-" "Java/1.5.0_21" 220 183
127.0.0.1 - - [13/Sep/2015:20:51:43 -0400] "GET /opensso/namingservice HTTP/1.1" 200 7 "-" "Java/1.5.0_21" 220 183
127.0.0.1 - - [13/Sep/2015:20:52:12 -0400] "GET /opensso/namingservice HTTP/1.1" 200 7 "-" "Java/1.5.0_21" 220 183
127.0.0.1 - - [13/Sep/2015:20:52:13 -0400] "GET /opensso/namingservice HTTP/1.1" 200 7 "-" "Java/1.5.0_21" 220 183
127.0.0.1 - - [13/Sep/2015:20:52:42 -0400] "GET /opensso/namingservice HTTP/1.1" 200 7 "-" "Java/1.5.0_21" 220 183
127.0.0.1 - - [13/Sep/2015:20:52:43 -0400] "GET /opensso/namingservice HTTP/1.1" 200 7 "-" "Java/1.5.0_21" 220 183
127.0.0.1 - - [13/Sep/2015:20:53:12 -0400] "GET /opensso/namingservice HTTP/1.1" 200 7 "-" "Java/1.5.0_21" 220 183
127.0.0.1 - - [13/Sep/2015:20:53:13 -0400] "GET /opensso/namingservice HTTP/1.1" 200 7 "-" "Java/1.5.0_21" 220 183
137.78.207.218 - - [13/Sep/2015:20:53:27 -0400] "HEAD /LMMPUI/LMMP_CLIENT/LMMP.html HTTP/1.1" 200 - "-" "curl/7.38.0" 110 274
127.0.0.1 - - [13/Sep/2015:20:53:42 -0400] "GET /opensso/namingservice HTTP/1.1" 200 7 "-" "Java/1.5.0_21" 220 183
127.0.0.1 - - [13/Sep/2015:20:53:43 -0400] "GET /opensso/namingservice HTTP/1.1" 200 7 "-" "Java/1.5.0_21" 220 183
127.0.0.1 - - [13/Sep/2015:20:54:12 -0400] "GET /opensso/namingservice HTTP/1.1" 200 7 "-" "Java/1.5.0_21" 220 183
127.0.0.1 - - [13/Sep/2015:20:54:13 -0400] "GET /opensso/namingservice HTTP/1.1" 200 7 "-" "Java/1.5.0_21" 220 183
127.0.0.1 - - [13/Sep/2015:20:54:42 -0400] "GET /opensso/namingservice HTTP/1.1" 200 7 "-" "Java/1.5.0_21" 220 183
127.0.0.1 - - [13/Sep/2015:20:54:43 -0400] "GET /opensso/namingservice HTTP/1.1" 200 7 "-" "Java/1.5.0_21" 220 183
127.0.0.1 - - [13/Sep/2015:20:55:12 -0400] "GET /opensso/namingservice HTTP/1.1" 200 7 "-" "Java/1.5.0_21" 220 183
127.0.0.1 - - [13/Sep/2015:20:55:13 -0400] "GET /opensso/namingservice HTTP/1.1" 200 7 "-" "Java/1.5.0_21" 220 183
66.249.67.85 - - [13/Sep/2015:20:55:19 -0400] "GET /redmine/issues/gantt?month=7&months=6&year=1327&zoom=1 HTTP/1.1" 200 27583 "-" "Mozilla/5.0 (compatible; Googlebot/2.1; +http://www.google.com/bot.html)" 345 28272
127.0.0.1 - - [13/Sep/2015:20:55:42 -0400] "GET /opensso/namingservice HTTP/1.1" 200 7 "-" "Java/1.5.0_21" 220 183
127.0.0.1 - - [13/Sep/2015:20:55:43 -0400] "GET /opensso/namingservice HTTP/1.1" 200 7 "-" "Java/1.5.0_21" 220 183
127.0.0.1 - - [13/Sep/2015:20:56:12 -0400] "GET /opensso/namingservice HTTP/1.1" 200 7 "-" "Java/1.5.0_21" 220 183
127.0.0.1 - - [13/Sep/2015:20:56:13 -0400] "GET /opensso/namingservice HTTP/1.1" 200 7 "-" "Java/1.5.0_21" 220 183
127.0.0.1 - - [13/Sep/2015:20:56:42 -0400] "GET /opensso/namingservice HTTP/1.1" 200 7 "-" "Java/1.5.0_21" 220 183
127.0.0.1 - - [13/Sep/2015:20:56:43 -0400] "GET /opensso/namingservice HTTP/1.1" 200 7 "-" "Java/1.5.0_21" 220 183
127.0.0.1 - - [13/Sep/2015:20:57:12 -0400] "GET /opensso/namingservice HTTP/1.1" 200 7 "-" "Java/1.5.0_21" 220 183
127.0.0.1 - - [13/Sep/2015:20:57:13 -0400] "GET /opensso/namingservice HTTP/1.1" 200 7 "-" "Java/1.5.0_21" 220 183
127.0.0.1 - - [13/Sep/2015:20:57:42 -0400] "GET /opensso/namingservice HTTP/1.1" 200 7 "-" "Java/1.5.0_21" 220 183
127.0.0.1 - - [13/Sep/2015:20:57:43 -0400] "GET /opensso/namingservice HTTP/1.1" 200 7 "-" "Java/1.5.0_21" 220 183
127.0.0.1 - - [13/Sep/2015:20:58:12 -0400] "GET /opensso/namingservice HTTP/1.1" 200 7 "-" "Java/1.5.0_21" 220 183
127.0.0.1 - - [13/Sep/2015:20:58:13 -0400] "GET /opensso/namingservice HTTP/1.1" 200 7 "-" "Java/1.5.0_21" 220 183
137.78.207.218 - - [13/Sep/2015:20:58:27 -0400] "HEAD /LMMPUI/LMMP_CLIENT/LMMP.html HTTP/1.1" 200 - "-" "curl/7.38.0" 110 274
127.0.0.1 - - [13/Sep/2015:20:58:42 -0400] "GET /opensso/namingservice HTTP/1.1" 200 7 "-" "Java/1.5.0_21" 220 183
127.0.0.1 - - [13/Sep/2015:20:58:43 -0400] "GET /opensso/namingservice HTTP/1.1" 200 7 "-" "Java/1.5.0_21" 220 183
66.249.67.85 - - [13/Sep/2015:20:59:06 -0400] "GET /redmine/projects/lmmpwiki/activity?from=1922-11-10&show_news=1 HTTP/1.1" 200 4917 "-" "Mozilla/5.0 (compatible; Googlebot/2.1; +http://www.google.com/bot.html)" 353 5479
127.0.0.1 - - [13/Sep/2015:20:59:12 -0400] "GET /opensso/namingservice HTTP/1.1" 200 7 "-" "Java/1.5.0_21" 220 183
127.0.0.1 - - [13/Sep/2015:20:59:13 -0400] "GET /opensso/namingservice HTTP/1.1" 200 7 "-" "Java/1.5.0_21" 220 183
127.0.0.1 - - [13/Sep/2015:20:59:42 -0400] "GET /opensso/namingservice HTTP/1.1" 200 7 "-" "Java/1.5.0_21" 220 183
127.0.0.1 - - [13/Sep/2015:20:59:43 -0400] "GET /opensso/namingservice HTTP/1.1" 200 7 "-" "Java/1.5.0_21" 220 183
127.0.0.1 - - [13/Sep/2015:21:00:12 -0400] "GET /opensso/namingservice HTTP/1.1" 200 7 "-" "Java/1.5.0_21" 220 183
127.0.0.1 - - [13/Sep/2015:21:00:13 -0400] "GET /opensso/namingservice HTTP/1.1" 200 7 "-" "Java/1.5.0_21" 220 183
127.0.0.1 - - [13/Sep/2015:21:00:42 -0400] "GET /opensso/namingservice HTTP/1.1" 200 7 "-" "Java/1.5.0_21" 220 183
127.0.0.1 - - [13/Sep/2015:21:00:43 -0400] "GET /opensso/namingservice HTTP/1.1" 200 7 "-" "Java/1.5.0_21" 220 183
127.0.0.1 - - [13/Sep/2015:21:01:12 -0400] "GET /opensso/namingservice HTTP/1.1" 200 7 "-" "Java/1.5.0_21" 220 183
127.0.0.1 - - [13/Sep/2015:21:01:13 -0400] "GET /opensso/namingservice HTTP/1.1" 200 7 "-" "Java/1.5.0_21" 220 183
127.0.0.1 - - [13/Sep/2015:21:01:42 -0400] "GET /opensso/namingservice HTTP/1.1" 200 7 "-" "Java/1.5.0_21" 220 183
127.0.0.1 - - [13/Sep/2015:21:01:43 -0400] "GET /opensso/namingservice HTTP/1.1" 200 7 "-" "Java/1.5.0_21" 220 183
127.0.0.1 - - [13/Sep/2015:21:02:12 -0400] "GET /opensso/namingservice HTTP/1.1" 200 7 "-" "Java/1.5.0_21" 220 183
127.0.0.1 - - [13/Sep/2015:21:02:13 -0400] "GET /opensso/namingservice HTTP/1.1" 200 7 "-" "Java/1.5.0_21" 220 183
127.0.0.1 - - [13/Sep/2015:21:02:42 -0400] "GET /opensso/namingservice HTTP/1.1" 200 7 "-" "Java/1.5.0_21" 220 183
127.0.0.1 - - [13/Sep/2015:21:02:43 -0400] "GET /opensso/namingservice HTTP/1.1" 200 7 "-" "Java/1.5.0_21" 220 183
66.249.67.97 - - [13/Sep/2015:21:02:53 -0400] "GET /redmine/issues/gantt?month=5&months=6&year=2087&zoom=4 HTTP/1.1" 200 51362 "-" "Mozilla/5.0 (compatible; Googlebot/2.1; +http://www.google.com/bot.html)" 345 52051
127.0.0.1 - - [13/Sep/2015:21:03:12 -0400] "GET /opensso/namingservice HTTP/1.1" 200 7 "-" "Java/1.5.0_21" 220 183
127.0.0.1 - - [13/Sep/2015:21:03:13 -0400] "GET /opensso/namingservice HTTP/1.1" 200 7 "-" "Java/1.5.0_21" 220 183
137.78.207.218 - - [13/Sep/2015:21:03:27 -0400] "HEAD /LMMPUI/LMMP_CLIENT/LMMP.html HTTP/1.1" 200 - "-" "curl/7.38.0" 110 274
127.0.0.1 - - [13/Sep/2015:21:03:42 -0400] "GET /opensso/namingservice HTTP/1.1" 200 7 "-" "Java/1.5.0_21" 220 183
127.0.0.1 - - [13/Sep/2015:21:03:43 -0400] "GET /opensso/namingservice HTTP/1.1" 200 7 "-" "Java/1.5.0_21" 220 183
127.0.0.1 - - [13/Sep/2015:21:04:12 -0400] "GET /opensso/namingservice HTTP/1.1" 200 7 "-" "Java/1.5.0_21" 220 183
127.0.0.1 - - [13/Sep/2015:21:04:13 -0400] "GET /opensso/namingservice HTTP/1.1" 200 7 "-" "Java/1.5.0_21" 220 183
127.0.0.1 - - [13/Sep/2015:21:04:42 -0400] "GET /opensso/namingservice HTTP/1.1" 200 7 "-" "Java/1.5.0_21" 220 183
127.0.0.1 - - [13/Sep/2015:21:04:43 -0400] "GET /opensso/namingservice HTTP/1.1" 200 7 "-" "Java/1.5.0_21" 220 183
127.0.0.1 - - [13/Sep/2015:21:05:12 -0400] "GET /opensso/namingservice HTTP/1.1" 200 7 "-" "Java/1.5.0_21" 220 183
127.0.0.1 - - [13/Sep/2015:21:05:13 -0400] "GET /opensso/namingservice HTTP/1.1" 200 7 "-" "Java/1.5.0_21" 220 183
127.0.0.1 - - [13/Sep/2015:21:05:42 -0400] "GET /opensso/namingservice HTTP/1.1" 200 7 "-" "Java/1.5.0_21" 220 183
127.0.0.1 - - [13/Sep/2015:21:05:43 -0400] "GET /opensso/namingservice HTTP/1.1" 200 7 "-" "Java/1.5.0_21" 220 183
127.0.0.1 - - [13/Sep/2015:21:06:12 -0400] "GET /opensso/namingservice HTTP/1.1" 200 7 "-" "Java/1.5.0_21" 220 183
127.0.0.1 - - [13/Sep/2015:21:06:13 -0400] "GET /opensso/namingservice HTTP/1.1" 200 7 "-" "Java/1.5.0_21" 220 183
210.72.26.120 - - [13/Sep/2015:21:06:18 -0400] "GET /favicon.ico HTTP/1.1" 404 209 "-" "Mozilla/4.0 (compatible; MSIE 7.0; Windows NT 5.1; Trident/4.0; .NET CLR 2.0.50727; 360space)" 186 398
66.249.67.91 - - [13/Sep/2015:21:06:40 -0400] "GET /redmine/issues/gantt?month=3&months=6&year=2868&zoom=3 HTTP/1.1" 200 51409 "-" "Mozilla/5.0 (compatible; Googlebot/2.1; +http://www.google.com/bot.html)" 345 52098
127.0.0.1 - - [13/Sep/2015:21:06:42 -0400] "GET /opensso/namingservice HTTP/1.1" 200 7 "-" "Java/1.5.0_21" 220 183
127.0.0.1 - - [13/Sep/2015:21:06:43 -0400] "GET /opensso/namingservice HTTP/1.1" 200 7 "-" "Java/1.5.0_21" 220 183
127.0.0.1 - - [13/Sep/2015:21:07:12 -0400] "GET /opensso/namingservice HTTP/1.1" 200 7 "-" "Java/1.5.0_21" 220 183
127.0.0.1 - - [13/Sep/2015:21:07:13 -0400] "GET /opensso/namingservice HTTP/1.1" 200 7 "-" "Java/1.5.0_21" 220 183
127.0.0.1 - - [13/Sep/2015:21:07:42 -0400] "GET /opensso/namingservice HTTP/1.1" 200 7 "-" "Java/1.5.0_21" 220 183
127.0.0.1 - - [13/Sep/2015:21:07:43 -0400] "GET /opensso/namingservice HTTP/1.1" 200 7 "-" "Java/1.5.0_21" 220 183
127.0.0.1 - - [13/Sep/2015:21:08:12 -0400] "GET /opensso/namingservice HTTP/1.1" 200 7 "-" "Java/1.5.0_21" 220 183
127.0.0.1 - - [13/Sep/2015:21:08:13 -0400] "GET /opensso/namingservice HTTP/1.1" 200 7 "-" "Java/1.5.0_21" 220 183
137.78.207.218 - - [13/Sep/2015:21:08:27 -0400] "HEAD /LMMPUI/LMMP_CLIENT/LMMP.html HTTP/1.1" 200 - "-" "curl/7.38.0" 110 274
127.0.0.1 - - [13/Sep/2015:21:08:42 -0400] "GET /opensso/namingservice HTTP/1.1" 200 7 "-" "Java/1.5.0_21" 220 183
127.0.0.1 - - [13/Sep/2015:21:08:43 -0400] "GET /opensso/namingservice HTTP/1.1" 200 7 "-" "Java/1.5.0_21" 220 183
127.0.0.1 - - [13/Sep/2015:21:09:12 -0400] "GET /opensso/namingservice HTTP/1.1" 200 7 "-" "Java/1.5.0_21" 220 183
127.0.0.1 - - [13/Sep/2015:21:09:13 -0400] "GET /opensso/namingservice HTTP/1.1" 200 7 "-" "Java/1.5.0_21" 220 183
127.0.0.1 - - [13/Sep/2015:21:09:42 -0400] "GET /opensso/namingservice HTTP/1.1" 200 7 "-" "Java/1.5.0_21" 220 183
127.0.0.1 - - [13/Sep/2015:21:09:43 -0400] "GET /opensso/namingservice HTTP/1.1" 200 7 "-" "Java/1.5.0_21" 220 183
127.0.0.1 - - [13/Sep/2015:21:10:12 -0400] "GET /opensso/namingservice HTTP/1.1" 200 7 "-" "Java/1.5.0_21" 220 183
127.0.0.1 - - [13/Sep/2015:21:10:13 -0400] "GET /opensso/namingservice HTTP/1.1" 200 7 "-" "Java/1.5.0_21" 220 183
66.249.67.97 - - [13/Sep/2015:21:10:27 -0400] "GET /redmine/issues/gantt?month=10&months=6&year=1451&zoom=4 HTTP/1.1" 200 51259 "-" "Mozilla/5.0 (compatible; Googlebot/2.1; +http://www.google.com/bot.html)" 346 51948
127.0.0.1 - - [13/Sep/2015:21:10:42 -0400] "GET /opensso/namingservice HTTP/1.1" 200 7 "-" "Java/1.5.0_21" 220 183
127.0.0.1 - - [13/Sep/2015:21:10:43 -0400] "GET /opensso/namingservice HTTP/1.1" 200 7 "-" "Java/1.5.0_21" 220 183
127.0.0.1 - - [13/Sep/2015:21:11:12 -0400] "GET /opensso/namingservice HTTP/1.1" 200 7 "-" "Java/1.5.0_21" 220 183
127.0.0.1 - - [13/Sep/2015:21:11:13 -0400] "GET /opensso/namingservice HTTP/1.1" 200 7 "-" "Java/1.5.0_21" 220 183
192.92.196.10 - - [13/Sep/2015:21:11:22 -0400] "GET /redmine/projects/lmmpwiki/wiki/Functionality_list HTTP/1.1" 200 20493 "-" "Mozilla/5.0 (compatible; MSIE 9.0; Windows NT 6.0; Trident/5.0;  Trident/5.0)" 294 20975
192.92.196.119 - - [13/Sep/2015:21:11:23 -0400] "GET /redmine/themes/basecamp/stylesheets/application.css?1296725292 HTTP/1.1" 200 6116 "http://pub.lmmp.nasa.gov/redmine/projects/lmmpwiki/wiki/Functionality_list" "Mozilla/5.0 (compatible; MSIE 9.0; Windows NT 6.0; Trident/5.0;  Trident/5.0)" 531 6350
192.92.196.133 - - [13/Sep/2015:21:11:23 -0400] "GET /redmine/javascripts/dragdrop.js?1296684277 HTTP/1.1" 200 31103 "http://pub.lmmp.nasa.gov/redmine/projects/lmmpwiki/wiki/Functionality_list" "Mozilla/5.0 (compatible; MSIE 9.0; Windows NT 6.0; Trident/5.0;  Trident/5.0)" 511 31345
192.92.196.160 - - [13/Sep/2015:21:11:23 -0400] "GET /redmine/javascripts/effects.js?1296684277 HTTP/1.1" 200 38675 "http://pub.lmmp.nasa.gov/redmine/projects/lmmpwiki/wiki/Functionality_list" "Mozilla/5.0 (compatible; MSIE 9.0; Windows NT 6.0; Trident/5.0;  Trident/5.0)" 510 38917
192.92.196.11 - - [13/Sep/2015:21:11:23 -0400] "GET /redmine/javascripts/controls.js?1296684277 HTTP/1.1" 200 34716 "http://pub.lmmp.nasa.gov/redmine/projects/lmmpwiki/wiki/Functionality_list" "Mozilla/5.0 (compatible; MSIE 9.0; Windows NT 6.0; Trident/5.0;  Trident/5.0)" 511 34958
192.92.196.170 - - [13/Sep/2015:21:11:23 -0400] "GET /redmine/javascripts/application.js?1296684277 HTTP/1.1" 200 7727 "http://pub.lmmp.nasa.gov/redmine/projects/lmmpwiki/wiki/Functionality_list" "Mozilla/5.0 (compatible; MSIE 9.0; Windows NT 6.0; Trident/5.0;  Trident/5.0)" 514 7968
192.92.196.239 - - [13/Sep/2015:21:11:23 -0400] "GET /redmine/stylesheets/jstoolbar.css?1296684278 HTTP/1.1" 200 1937 "http://pub.lmmp.nasa.gov/redmine/projects/lmmpwiki/wiki/Functionality_list" "Mozilla/5.0 (compatible; MSIE 9.0; Windows NT 6.0; Trident/5.0;  Trident/5.0)" 513 2170
192.92.196.214 - - [13/Sep/2015:21:11:23 -0400] "GET /redmine/stylesheets/scm.css?1296684278 HTTP/1.1" 200 6947 "http://pub.lmmp.nasa.gov/redmine/projects/lmmpwiki/wiki/Functionality_list" "Mozilla/5.0 (compatible; MSIE 9.0; Windows NT 6.0; Trident/5.0;  Trident/5.0)" 507 7181
192.92.196.46 - - [13/Sep/2015:21:11:23 -0400] "GET /redmine/stylesheets/application.css HTTP/1.1" 200 35743 "http://pub.lmmp.nasa.gov/redmine/projects/lmmpwiki/wiki/Functionality_list" "Mozilla/5.0 (compatible; MSIE 9.0; Windows NT 6.0; Trident/5.0;  Trident/5.0)" 504 35978
192.92.196.80 - - [13/Sep/2015:21:11:23 -0400] "GET /redmine/javascripts/prototype.js?1296684278 HTTP/1.1" 200 129738 "http://pub.lmmp.nasa.gov/redmine/projects/lmmpwiki/wiki/Functionality_list" "Mozilla/5.0 (compatible; MSIE 9.0; Windows NT 6.0; Trident/5.0;  Trident/5.0)" 512 129982
127.0.0.1 - - [13/Sep/2015:21:11:42 -0400] "GET /opensso/namingservice HTTP/1.1" 200 7 "-" "Java/1.5.0_21" 220 183
127.0.0.1 - - [13/Sep/2015:21:11:43 -0400] "GET /opensso/namingservice HTTP/1.1" 200 7 "-" "Java/1.5.0_21" 220 183
157.55.39.136 - - [13/Sep/2015:21:12:10 -0400] "GET /olyblog/blog/rhys HTTP/1.1" 404 215 "-" "Mozilla/5.0 (compatible; bingbot/2.0; +http://www.bing.com/bingbot.htm)" 289 460
127.0.0.1 - - [13/Sep/2015:21:12:12 -0400] "GET /opensso/namingservice HTTP/1.1" 200 7 "-" "Java/1.5.0_21" 220 183
127.0.0.1 - - [13/Sep/2015:21:12:13 -0400] "GET /opensso/namingservice HTTP/1.1" 200 7 "-" "Java/1.5.0_21" 220 183
123.125.71.58 - - [13/Sep/2015:21:12:27 -0400] "GET / HTTP/1.1" 302 237 "-" "Mozilla/5.0 (Windows NT 5.1; rv:6.0.2) Gecko/20100101 Firefox/6.0.2" 179 506
127.0.0.1 - - [13/Sep/2015:21:12:42 -0400] "GET /opensso/namingservice HTTP/1.1" 200 7 "-" "Java/1.5.0_21" 220 183
127.0.0.1 - - [13/Sep/2015:21:12:43 -0400] "GET /opensso/namingservice HTTP/1.1" 200 7 "-" "Java/1.5.0_21" 220 183
127.0.0.1 - - [13/Sep/2015:21:13:12 -0400] "GET /opensso/namingservice HTTP/1.1" 200 7 "-" "Java/1.5.0_21" 220 183
127.0.0.1 - - [13/Sep/2015:21:13:13 -0400] "GET /opensso/namingservice HTTP/1.1" 200 7 "-" "Java/1.5.0_21" 220 183
137.78.207.218 - - [13/Sep/2015:21:13:27 -0400] "HEAD /LMMPUI/LMMP_CLIENT/LMMP.html HTTP/1.1" 200 - "-" "curl/7.38.0" 110 274
127.0.0.1 - - [13/Sep/2015:21:13:42 -0400] "GET /opensso/namingservice HTTP/1.1" 200 7 "-" "Java/1.5.0_21" 220 183
127.0.0.1 - - [13/Sep/2015:21:13:43 -0400] "GET /opensso/namingservice HTTP/1.1" 200 7 "-" "Java/1.5.0_21" 220 183
127.0.0.1 - - [13/Sep/2015:21:14:12 -0400] "GET /opensso/namingservice HTTP/1.1" 200 7 "-" "Java/1.5.0_21" 220 183
127.0.0.1 - - [13/Sep/2015:21:14:13 -0400] "GET /opensso/namingservice HTTP/1.1" 200 7 "-" "Java/1.5.0_21" 220 183
66.249.67.91 - - [13/Sep/2015:21:14:14 -0400] "GET /redmine/projects/lmmpwiki/activity?from=1945-12-30 HTTP/1.1" 200 4829 "-" "Mozilla/5.0 (compatible; Googlebot/2.1; +http://www.google.com/bot.html)" 341 5391
127.0.0.1 - - [13/Sep/2015:21:14:42 -0400] "GET /opensso/namingservice HTTP/1.1" 200 7 "-" "Java/1.5.0_21" 220 183
127.0.0.1 - - [13/Sep/2015:21:14:43 -0400] "GET /opensso/namingservice HTTP/1.1" 200 7 "-" "Java/1.5.0_21" 220 183
123.125.71.15 - - [13/Sep/2015:21:14:43 -0400] "GET /LMMPUI/LMMP_CLIENT/LMMP.html HTTP/1.1" 200 8973 "-" "Mozilla/5.0 (Windows NT 5.1; rv:6.0.2) Gecko/20100101 Firefox/6.0.2" 207 9266
127.0.0.1 - - [13/Sep/2015:21:15:12 -0400] "GET /opensso/namingservice HTTP/1.1" 200 7 "-" "Java/1.5.0_21" 220 183
127.0.0.1 - - [13/Sep/2015:21:15:13 -0400] "GET /opensso/namingservice HTTP/1.1" 200 7 "-" "Java/1.5.0_21" 220 183
127.0.0.1 - - [13/Sep/2015:21:15:42 -0400] "GET /opensso/namingservice HTTP/1.1" 200 7 "-" "Java/1.5.0_21" 220 183
127.0.0.1 - - [13/Sep/2015:21:15:43 -0400] "GET /opensso/namingservice HTTP/1.1" 200 7 "-" "Java/1.5.0_21" 220 183
82.120.4.236 - - [13/Sep/2015:21:15:57 -0400] "GET /opensso/identity/isTokenValid HTTP/1.1" 200 14 "-" "Moon%20Tours/1.0.0 CFNetwork/711.5.6 Darwin/14.0.0" 229 172
82.120.4.236 - - [13/Sep/2015:21:15:57 -0400] "GET /lmmpmobile/config-1.0.json HTTP/1.1" 200 1338 "-" "Moon%20Tours/1.0.0 CFNetwork/711.5.6 Darwin/14.0.0" 217 1666
82.120.4.236 - - [13/Sep/2015:21:15:58 -0400] "GET /opensso/UI/Login?module=Anonymous&org=appspub&goto=http%3A%2F%2Fpub.lmmp.nasa.gov%2Flmmpmobile%2Frefresh HTTP/1.1" 302 - "-" "Moon%20Tours/1.0.0 CFNetwork/711.5.6 Darwin/14.0.0" 304 930
82.120.4.236 - - [13/Sep/2015:21:15:58 -0400] "GET /lmmpmobile/refresh?iPlanetDirectoryPro=AQIC5wM2LY4SfcxpzN6idwz14aktmoBZSs0PZ4WQq3DBi00%3D%40AAJTSQACMDE%3D%23 HTTP/1.1" 200 - "-" "Moon%20Tours/1.0.0 CFNetwork/711.5.6 Darwin/14.0.0" 418 316
127.0.0.1 - - [13/Sep/2015:21:16:12 -0400] "GET /opensso/namingservice HTTP/1.1" 200 7 "-" "Java/1.5.0_21" 220 183
127.0.0.1 - - [13/Sep/2015:21:16:13 -0400] "POST /opensso/sessionservice HTTP/1.1" 200 2025 "-" "Java/1.5.0_21" 714 2203
127.0.0.1 - - [13/Sep/2015:21:16:13 -0400] "GET /opensso/identity//xml/read?name=TomcatApps3&attributes_names=realm&attributes_values_realm=%2Fappspub&attributes_names=objecttype&attributes_values_objecttype=Agent&admin=AQIC5wM2LY4Sfcwfuin4GF3PcpsYz2%2Bb0KEYXSwMUvZPjqA%3D%40AAJTSQACMDE%3D%23 HTTP/1.1" 200 13732 "-" "Java/1.5.0_21" 442 13916
127.0.0.1 - - [13/Sep/2015:21:16:13 -0400] "GET /opensso/namingservice HTTP/1.1" 200 7 "-" "Java/1.5.0_21" 220 182
82.120.4.236 - - [13/Sep/2015:21:15:58 -0400] "GET /arcgis/rest/services/ERGraticule/MapServer?f=json HTTP/1.1" 200 701 "arcgisios" "ArcGISiOS-2.3.2/8.4.1/iPad5,3" 385 996
82.120.4.236 - - [13/Sep/2015:21:15:58 -0400] "GET /arcgis/rest/services/CombinedNomenclature/MapServer?f=json HTTP/1.1" 200 807 "arcgisios" "ArcGISiOS-2.3.2/8.4.1/iPad5,3" 392 1102
67.129.235.41 - - [13/Sep/2015:21:16:28 -0400] "GET /lmmpmobile/config-1.0.json HTTP/1.1" 200 1338 "-" "Moon%20Tours/1.0.0 CFNetwork/711.5.6 Darwin/14.0.0" 217 1666
67.129.235.41 - - [13/Sep/2015:21:16:28 -0400] "GET /opensso/identity/isTokenValid HTTP/1.1" 200 14 "-" "Moon%20Tours/1.0.0 CFNetwork/711.5.6 Darwin/14.0.0" 229 172
67.129.235.41 - - [13/Sep/2015:21:16:28 -0400] "GET /opensso/UI/Login?module=Anonymous&org=appspub&goto=http%3A%2F%2Fpub.lmmp.nasa.gov%2Flmmpmobile%2Frefresh HTTP/1.1" 302 - "-" "Moon%20Tours/1.0.0 CFNetwork/711.5.6 Darwin/14.0.0" 304 930
67.129.235.41 - - [13/Sep/2015:21:16:28 -0400] "GET /lmmpmobile/refresh?iPlanetDirectoryPro=AQIC5wM2LY4SfcyQwym7LnTPOF8B2HDBSVLUhmE8GniHuIU%3D%40AAJTSQACMDE%3D%23 HTTP/1.1" 200 - "-" "Moon%20Tours/1.0.0 CFNetwork/711.5.6 Darwin/14.0.0" 418 316
67.129.235.41 - - [13/Sep/2015:21:16:29 -0400] "GET /arcgis/rest/services/CombinedNomenclature/MapServer?f=json HTTP/1.1" 200 807 "arcgisios" "ArcGISiOS-2.3.2/8.4.1/iPhone7,1" 368 1102
67.129.235.41 - - [13/Sep/2015:21:16:29 -0400] "GET /arcgis/rest/services/ERGraticule/MapServer?f=json HTTP/1.1" 200 701 "arcgisios" "ArcGISiOS-2.3.2/8.4.1/iPhone7,1" 359 996
127.0.0.1 - - [13/Sep/2015:21:16:42 -0400] "GET /opensso/namingservice HTTP/1.1" 200 7 "-" "Java/1.5.0_21" 220 183
127.0.0.1 - - [13/Sep/2015:21:16:43 -0400] "GET /opensso/namingservice HTTP/1.1" 200 7 "-" "Java/1.5.0_21" 220 183
220.181.108.177 - - [13/Sep/2015:21:16:58 -0400] "GET / HTTP/1.1" 302 237 "-" "Mozilla/5.0 (Windows NT 5.1; rv:6.0.2) Gecko/20100101 Firefox/6.0.2" 179 506
127.0.0.1 - - [13/Sep/2015:21:17:12 -0400] "GET /opensso/namingservice HTTP/1.1" 200 7 "-" "Java/1.5.0_21" 220 183
127.0.0.1 - - [13/Sep/2015:21:17:13 -0400] "GET /opensso/namingservice HTTP/1.1" 200 7 "-" "Java/1.5.0_21" 220 183
127.0.0.1 - - [13/Sep/2015:21:17:42 -0400] "GET /opensso/namingservice HTTP/1.1" 200 7 "-" "Java/1.5.0_21" 220 183
127.0.0.1 - - [13/Sep/2015:21:17:43 -0400] "GET /opensso/namingservice HTTP/1.1" 200 7 "-" "Java/1.5.0_21" 220 183
66.249.67.85 - - [13/Sep/2015:21:18:01 -0400] "GET /redmine/issues/gantt?month=12&months=6&year=1722&zoom=1 HTTP/1.1" 200 27577 "-" "Mozilla/5.0 (compatible; Googlebot/2.1; +http://www.google.com/bot.html)" 346 28266
127.0.0.1 - - [13/Sep/2015:21:18:12 -0400] "GET /opensso/namingservice HTTP/1.1" 200 7 "-" "Java/1.5.0_21" 220 183
127.0.0.1 - - [13/Sep/2015:21:18:13 -0400] "GET /opensso/namingservice HTTP/1.1" 200 7 "-" "Java/1.5.0_21" 220 183
137.78.207.218 - - [13/Sep/2015:21:18:27 -0400] "HEAD /LMMPUI/LMMP_CLIENT/LMMP.html HTTP/1.1" 200 - "-" "curl/7.38.0" 110 274
127.0.0.1 - - [13/Sep/2015:21:18:42 -0400] "GET /opensso/namingservice HTTP/1.1" 200 7 "-" "Java/1.5.0_21" 220 183
127.0.0.1 - - [13/Sep/2015:21:18:43 -0400] "GET /opensso/namingservice HTTP/1.1" 200 7 "-" "Java/1.5.0_21" 220 183
127.0.0.1 - - [13/Sep/2015:21:19:12 -0400] "GET /opensso/namingservice HTTP/1.1" 200 7 "-" "Java/1.5.0_21" 220 183
127.0.0.1 - - [13/Sep/2015:21:19:13 -0400] "GET /opensso/namingservice HTTP/1.1" 200 7 "-" "Java/1.5.0_21" 220 183
220.181.108.154 - - [13/Sep/2015:21:19:15 -0400] "GET /LMMPUI/LMMP_CLIENT/LMMP.html HTTP/1.1" 200 8973 "-" "Mozilla/5.0 (Windows NT 5.1; rv:6.0.2) Gecko/20100101 Firefox/6.0.2" 207 9266
127.0.0.1 - - [13/Sep/2015:21:19:42 -0400] "GET /opensso/namingservice HTTP/1.1" 200 7 "-" "Java/1.5.0_21" 220 183
127.0.0.1 - - [13/Sep/2015:21:19:43 -0400] "GET /opensso/namingservice HTTP/1.1" 200 7 "-" "Java/1.5.0_21" 220 183
127.0.0.1 - - [13/Sep/2015:21:20:12 -0400] "GET /opensso/namingservice HTTP/1.1" 200 7 "-" "Java/1.5.0_21" 220 183
127.0.0.1 - - [13/Sep/2015:21:20:13 -0400] "GET /opensso/namingservice HTTP/1.1" 200 7 "-" "Java/1.5.0_21" 220 183
127.0.0.1 - - [13/Sep/2015:21:20:42 -0400] "GET /opensso/namingservice HTTP/1.1" 200 7 "-" "Java/1.5.0_21" 220 183
127.0.0.1 - - [13/Sep/2015:21:20:43 -0400] "GET /opensso/namingservice HTTP/1.1" 200 7 "-" "Java/1.5.0_21" 220 183
127.0.0.1 - - [13/Sep/2015:21:21:12 -0400] "GET /opensso/namingservice HTTP/1.1" 200 7 "-" "Java/1.5.0_21" 220 183
127.0.0.1 - - [13/Sep/2015:21:21:13 -0400] "GET /opensso/namingservice HTTP/1.1" 200 7 "-" "Java/1.5.0_21" 220 183
127.0.0.1 - - [13/Sep/2015:21:21:42 -0400] "GET /opensso/namingservice HTTP/1.1" 200 7 "-" "Java/1.5.0_21" 220 183
127.0.0.1 - - [13/Sep/2015:21:21:43 -0400] "GET /opensso/namingservice HTTP/1.1" 200 7 "-" "Java/1.5.0_21" 220 183
66.249.67.85 - - [13/Sep/2015:21:21:48 -0400] "GET /redmine/issues/gantt?month=2&months=6&year=1166&zoom=3 HTTP/1.1" 200 50977 "-" "Mozilla/5.0 (compatible; Googlebot/2.1; +http://www.google.com/bot.html)" 345 51666
127.0.0.1 - - [13/Sep/2015:21:22:12 -0400] "GET /opensso/namingservice HTTP/1.1" 200 7 "-" "Java/1.5.0_21" 220 183
127.0.0.1 - - [13/Sep/2015:21:22:13 -0400] "GET /opensso/namingservice HTTP/1.1" 200 7 "-" "Java/1.5.0_21" 220 183
107.193.200.236 - - [13/Sep/2015:21:22:24 -0400] "GET /opensso/identity/isTokenValid HTTP/1.1" 200 14 "-" "Moon%20Tours/1.0.0 CFNetwork/711.5.6 Darwin/14.0.0" 229 172
107.193.200.236 - - [13/Sep/2015:21:22:24 -0400] "GET /opensso/UI/Login?module=Anonymous&org=appspub&goto=http%3A%2F%2Fpub.lmmp.nasa.gov%2Flmmpmobile%2Frefresh HTTP/1.1" 302 - "-" "Moon%20Tours/1.0.0 CFNetwork/711.5.6 Darwin/14.0.0" 304 932
107.193.200.236 - - [13/Sep/2015:21:22:24 -0400] "GET /lmmpmobile/refresh?iPlanetDirectoryPro=AQIC5wM2LY4SfczCXFbtBrnBb26TR9elzLU4ugIP%2Bbu1Psw%3D%40AAJTSQACMDE%3D%23 HTTP/1.1" 200 - "-" "Moon%20Tours/1.0.0 CFNetwork/711.5.6 Darwin/14.0.0" 420 316
127.0.0.1 - - [13/Sep/2015:21:22:42 -0400] "GET /opensso/namingservice HTTP/1.1" 200 7 "-" "Java/1.5.0_21" 220 183
127.0.0.1 - - [13/Sep/2015:21:22:43 -0400] "GET /opensso/namingservice HTTP/1.1" 200 7 "-" "Java/1.5.0_21" 220 183
107.193.200.236 - - [13/Sep/2015:21:23:08 -0400] "GET /opensso/identity/isTokenValid HTTP/1.1" 200 13 "-" "Moon%20Tours/1.0.0 CFNetwork/711.5.6 Darwin/14.0.0" 338 171
127.0.0.1 - - [13/Sep/2015:21:23:12 -0400] "GET /opensso/namingservice HTTP/1.1" 200 7 "-" "Java/1.5.0_21" 220 183
107.193.200.236 - - [13/Sep/2015:21:23:12 -0400] "GET /lmmpmobile/config-1.0.json HTTP/1.1" 200 1338 "-" "Moon%20Tours/1.0.0 CFNetwork/711.5.6 Darwin/14.0.0" 326 1665
127.0.0.1 - - [13/Sep/2015:21:23:13 -0400] "GET /opensso/namingservice HTTP/1.1" 200 7 "-" "Java/1.5.0_21" 220 183
107.193.200.236 - - [13/Sep/2015:21:23:15 -0400] "GET /lmmpmobile/bookmarks-1.0.2.json HTTP/1.1" 200 11401 "-" "Moon%20Tours/1.0.0 CFNetwork/711.5.6 Darwin/14.0.0" 331 11730
107.193.200.236 - - [13/Sep/2015:21:23:16 -0400] "GET /lmmpmobile/pages/about-1.0.2.html HTTP/1.1" 200 2716 "-" "Moon%20Tours/1.0.0 CFNetwork/711.5.6 Darwin/14.0.0" 333 3037
107.193.200.236 - - [13/Sep/2015:21:23:16 -0400] "GET /lmmpmobile/pages/glossary-1.0.2.html HTTP/1.1" 200 4306 "-" "Moon%20Tours/1.0.0 CFNetwork/711.5.6 Darwin/14.0.0" 336 4628
107.193.200.236 - - [13/Sep/2015:21:23:16 -0400] "GET /lmmpmobile/pages/help-1.0.2.html HTTP/1.1" 200 6781 "-" "Moon%20Tours/1.0.0 CFNetwork/711.5.6 Darwin/14.0.0" 332 7103
107.193.200.236 - - [13/Sep/2015:21:23:16 -0400] "GET /arcgis/rest/services/CombinedNomenclature/MapServer?f=json HTTP/1.1" 200 807 "arcgisios" "ArcGISiOS-2.3.2/8.4.1/iPhone6,1" 368 1102
107.193.200.236 - - [13/Sep/2015:21:23:16 -0400] "GET /arcgis/rest/services/ERGraticule/MapServer?f=json HTTP/1.1" 200 701 "arcgisios" "ArcGISiOS-2.3.2/8.4.1/iPhone6,1" 359 996
137.78.207.218 - - [13/Sep/2015:21:23:27 -0400] "HEAD /LMMPUI/LMMP_CLIENT/LMMP.html HTTP/1.1" 200 - "-" "curl/7.38.0" 110 274
127.0.0.1 - - [13/Sep/2015:21:23:42 -0400] "GET /opensso/namingservice HTTP/1.1" 200 7 "-" "Java/1.5.0_21" 220 183
127.0.0.1 - - [13/Sep/2015:21:23:43 -0400] "GET /opensso/namingservice HTTP/1.1" 200 7 "-" "Java/1.5.0_21" 220 183
127.0.0.1 - - [13/Sep/2015:21:24:12 -0400] "GET /opensso/namingservice HTTP/1.1" 200 7 "-" "Java/1.5.0_21" 220 183
