220.181.108.144 - - [07/Sep/2015:23:11:11 -0400] "GET / HTTP/1.1" 302 237 "-" "Mozilla/5.0 (Windows NT 5.1; rv:6.0.2) Gecko/20100101 Firefox/6.0.2" 179 506
127.0.0.1 - - [07/Sep/2015:23:11:12 -0400] "GET /opensso/namingservice HTTP/1.1" 200 7 "-" "Java/1.5.0_21" 220 183
127.0.0.1 - - [07/Sep/2015:23:11:13 -0400] "GET /opensso/namingservice HTTP/1.1" 200 7 "-" "Java/1.5.0_21" 220 183
127.0.0.1 - - [07/Sep/2015:23:11:42 -0400] "GET /opensso/namingservice HTTP/1.1" 200 7 "-" "Java/1.5.0_21" 220 183
127.0.0.1 - - [07/Sep/2015:23:11:43 -0400] "GET /opensso/namingservice HTTP/1.1" 200 7 "-" "Java/1.5.0_21" 220 183
99.100.188.77 - - [07/Sep/2015:23:11:51 -0400] "GET /opensso/identity/isTokenValid HTTP/1.1" 200 14 "-" "Moon%20Tours/1.0.0 CFNetwork/711.4.6 Darwin/14.0.0" 229 172
99.100.188.77 - - [07/Sep/2015:23:11:51 -0400] "GET /opensso/UI/Login?module=Anonymous&org=appspub&goto=http%3A%2F%2Fpub.lmmp.nasa.gov%2Flmmpmobile%2Frefresh HTTP/1.1" 302 - "-" "Moon%20Tours/1.0.0 CFNetwork/711.4.6 Darwin/14.0.0" 304 932
99.100.188.77 - - [07/Sep/2015:23:11:51 -0400] "GET /lmmpmobile/refresh?iPlanetDirectoryPro=AQIC5wM2LY4SfczToJlcOcHjFVwQEEUuM%2Fy1VFWRIKwQcXI%3D%40AAJTSQACMDE%3D%23 HTTP/1.1" 200 - "-" "Moon%20Tours/1.0.0 CFNetwork/711.4.6 Darwin/14.0.0" 420 316
127.0.0.1 - - [07/Sep/2015:23:12:12 -0400] "GET /opensso/namingservice HTTP/1.1" 200 7 "-" "Java/1.5.0_21" 220 183
127.0.0.1 - - [07/Sep/2015:23:12:13 -0400] "GET /opensso/namingservice HTTP/1.1" 200 7 "-" "Java/1.5.0_21" 220 183
99.100.188.77 - - [07/Sep/2015:23:12:39 -0400] "GET /lmmpmobile/config-1.0.json HTTP/1.1" 200 1338 "-" "Moon%20Tours/1.0.0 CFNetwork/711.4.6 Darwin/14.0.0" 326 1666
99.100.188.77 - - [07/Sep/2015:23:12:40 -0400] "GET /lmmpmobile/bookmarks-1.0.2.json HTTP/1.1" 200 11401 "-" "Moon%20Tours/1.0.0 CFNetwork/711.4.6 Darwin/14.0.0" 331 11730
99.100.188.77 - - [07/Sep/2015:23:12:40 -0400] "GET /lmmpmobile/pages/glossary-1.0.2.html HTTP/1.1" 200 4306 "-" "Moon%20Tours/1.0.0 CFNetwork/711.4.6 Darwin/14.0.0" 336 4628
99.100.188.77 - - [07/Sep/2015:23:12:40 -0400] "GET /lmmpmobile/pages/about-1.0.2.html HTTP/1.1" 200 2716 "-" "Moon%20Tours/1.0.0 CFNetwork/711.4.6 Darwin/14.0.0" 333 3037
99.100.188.77 - - [07/Sep/2015:23:12:40 -0400] "GET /lmmpmobile/pages/help-1.0.2.html HTTP/1.1" 200 6781 "-" "Moon%20Tours/1.0.0 CFNetwork/711.4.6 Darwin/14.0.0" 332 7103
99.100.188.77 - - [07/Sep/2015:23:12:40 -0400] "GET /arcgis/rest/services/CombinedNomenclature/MapServer?f=json HTTP/1.1" 200 810 "arcgisios" "ArcGISiOS-2.3.2/8.4/iPhone7,2" 366 1105
99.100.188.77 - - [07/Sep/2015:23:12:40 -0400] "GET /arcgis/rest/services/ERGraticule/MapServer?f=json HTTP/1.1" 200 701 "arcgisios" "ArcGISiOS-2.3.2/8.4/iPhone7,2" 357 996
127.0.0.1 - - [07/Sep/2015:23:12:42 -0400] "GET /opensso/namingservice HTTP/1.1" 200 7 "-" "Java/1.5.0_21" 220 183
127.0.0.1 - - [07/Sep/2015:23:12:43 -0400] "GET /opensso/namingservice HTTP/1.1" 200 7 "-" "Java/1.5.0_21" 220 183
66.249.67.91 - - [07/Sep/2015:23:12:49 -0400] "GET /redmine/issues/gantt?month=2&months=6&year=1636&zoom=3 HTTP/1.1" 200 51193 "-" "Mozilla/5.0 (compatible; Googlebot/2.1; +http://www.google.com/bot.html)" 345 51882
127.0.0.1 - - [07/Sep/2015:23:13:12 -0400] "GET /opensso/namingservice HTTP/1.1" 200 7 "-" "Java/1.5.0_21" 220 183
127.0.0.1 - - [07/Sep/2015:23:13:13 -0400] "GET /opensso/namingservice HTTP/1.1" 200 7 "-" "Java/1.5.0_21" 220 183
137.78.207.218 - - [07/Sep/2015:23:13:21 -0400] "HEAD /LMMPUI/LMMP_CLIENT/LMMP.html HTTP/1.1" 200 - "-" "curl/7.38.0" 110 274
127.0.0.1 - - [07/Sep/2015:23:13:42 -0400] "GET /opensso/namingservice HTTP/1.1" 200 7 "-" "Java/1.5.0_21" 220 183
127.0.0.1 - - [07/Sep/2015:23:13:43 -0400] "GET /opensso/namingservice HTTP/1.1" 200 7 "-" "Java/1.5.0_21" 220 183
220.181.108.156 - - [07/Sep/2015:23:13:48 -0400] "GET /LMMPUI/LMMP_CLIENT/LMMP.html HTTP/1.1" 200 8973 "-" "Mozilla/5.0 (Windows NT 5.1; rv:6.0.2) Gecko/20100101 Firefox/6.0.2" 207 9266
127.0.0.1 - - [07/Sep/2015:23:14:12 -0400] "GET /opensso/namingservice HTTP/1.1" 200 7 "-" "Java/1.5.0_21" 220 183
127.0.0.1 - - [07/Sep/2015:23:14:13 -0400] "GET /opensso/namingservice HTTP/1.1" 200 7 "-" "Java/1.5.0_21" 220 183
127.0.0.1 - - [07/Sep/2015:23:14:42 -0400] "GET /opensso/namingservice HTTP/1.1" 200 7 "-" "Java/1.5.0_21" 220 183
127.0.0.1 - - [07/Sep/2015:23:14:43 -0400] "GET /opensso/namingservice HTTP/1.1" 200 7 "-" "Java/1.5.0_21" 220 183
127.0.0.1 - - [07/Sep/2015:23:15:12 -0400] "GET /opensso/namingservice HTTP/1.1" 200 7 "-" "Java/1.5.0_21" 220 183
127.0.0.1 - - [07/Sep/2015:23:15:13 -0400] "GET /opensso/namingservice HTTP/1.1" 200 7 "-" "Java/1.5.0_21" 220 183
127.0.0.1 - - [07/Sep/2015:23:15:42 -0400] "GET /opensso/namingservice HTTP/1.1" 200 7 "-" "Java/1.5.0_21" 220 183
127.0.0.1 - - [07/Sep/2015:23:15:43 -0400] "GET /opensso/namingservice HTTP/1.1" 200 7 "-" "Java/1.5.0_21" 220 183
127.0.0.1 - - [07/Sep/2015:23:16:12 -0400] "GET /opensso/namingservice HTTP/1.1" 200 7 "-" "Java/1.5.0_21" 220 183
127.0.0.1 - - [07/Sep/2015:23:16:13 -0400] "POST /opensso/sessionservice HTTP/1.1" 200 2025 "-" "Java/1.5.0_21" 714 2203
127.0.0.1 - - [07/Sep/2015:23:16:13 -0400] "GET /opensso/identity//xml/read?name=TomcatApps3&attributes_names=realm&attributes_values_realm=%2Fappspub&attributes_names=objecttype&attributes_values_objecttype=Agent&admin=AQIC5wM2LY4Sfcwfuin4GF3PcpsYz2%2Bb0KEYXSwMUvZPjqA%3D%40AAJTSQACMDE%3D%23 HTTP/1.1" 200 13732 "-" "Java/1.5.0_21" 442 13916
127.0.0.1 - - [07/Sep/2015:23:16:13 -0400] "GET /opensso/namingservice HTTP/1.1" 200 7 "-" "Java/1.5.0_21" 220 182
66.249.67.91 - - [07/Sep/2015:23:16:36 -0400] "GET /redmine/issues/gantt?month=6&months=6&year=1349&zoom=3 HTTP/1.1" 200 51337 "-" "Mozilla/5.0 (compatible; Googlebot/2.1; +http://www.google.com/bot.html)" 345 52026
127.0.0.1 - - [07/Sep/2015:23:16:42 -0400] "GET /opensso/namingservice HTTP/1.1" 200 7 "-" "Java/1.5.0_21" 220 183
127.0.0.1 - - [07/Sep/2015:23:16:43 -0400] "GET /opensso/namingservice HTTP/1.1" 200 7 "-" "Java/1.5.0_21" 220 183
127.0.0.1 - - [07/Sep/2015:23:17:12 -0400] "GET /opensso/namingservice HTTP/1.1" 200 7 "-" "Java/1.5.0_21" 220 183
127.0.0.1 - - [07/Sep/2015:23:17:13 -0400] "GET /opensso/namingservice HTTP/1.1" 200 7 "-" "Java/1.5.0_21" 220 183
127.0.0.1 - - [07/Sep/2015:23:17:42 -0400] "GET /opensso/namingservice HTTP/1.1" 200 7 "-" "Java/1.5.0_21" 220 183
127.0.0.1 - - [07/Sep/2015:23:17:43 -0400] "GET /opensso/namingservice HTTP/1.1" 200 7 "-" "Java/1.5.0_21" 220 183
127.0.0.1 - - [07/Sep/2015:23:18:12 -0400] "GET /opensso/namingservice HTTP/1.1" 200 7 "-" "Java/1.5.0_21" 220 183
127.0.0.1 - - [07/Sep/2015:23:18:13 -0400] "GET /opensso/namingservice HTTP/1.1" 200 7 "-" "Java/1.5.0_21" 220 183
137.78.207.218 - - [07/Sep/2015:23:18:21 -0400] "HEAD /LMMPUI/LMMP_CLIENT/LMMP.html HTTP/1.1" 200 - "-" "curl/7.38.0" 110 274
66.249.67.4 - - [07/Sep/2015:23:18:23 -0400] "GET /redmine/activity?from=2004-07-11&show_news=1&user_id=1 HTTP/1.1" 200 5677 "-" "Mozilla/5.0 (compatible; Googlebot/2.1; +http://www.google.com/bot.html)" 714 10328
127.0.0.1 - - [07/Sep/2015:23:18:42 -0400] "GET /opensso/namingservice HTTP/1.1" 200 7 "-" "Java/1.5.0_21" 220 183
127.0.0.1 - - [07/Sep/2015:23:18:43 -0400] "GET /opensso/namingservice HTTP/1.1" 200 7 "-" "Java/1.5.0_21" 220 183
127.0.0.1 - - [07/Sep/2015:23:19:12 -0400] "GET /opensso/namingservice HTTP/1.1" 200 7 "-" "Java/1.5.0_21" 220 183
127.0.0.1 - - [07/Sep/2015:23:19:13 -0400] "GET /opensso/namingservice HTTP/1.1" 200 7 "-" "Java/1.5.0_21" 220 183
127.0.0.1 - - [07/Sep/2015:23:19:42 -0400] "GET /opensso/namingservice HTTP/1.1" 200 7 "-" "Java/1.5.0_21" 220 183
127.0.0.1 - - [07/Sep/2015:23:19:43 -0400] "GET /opensso/namingservice HTTP/1.1" 200 7 "-" "Java/1.5.0_21" 220 183
127.0.0.1 - - [07/Sep/2015:23:20:12 -0400] "GET /opensso/namingservice HTTP/1.1" 200 7 "-" "Java/1.5.0_21" 220 183
127.0.0.1 - - [07/Sep/2015:23:20:13 -0400] "GET /opensso/namingservice HTTP/1.1" 200 7 "-" "Java/1.5.0_21" 220 183
66.249.67.85 - - [07/Sep/2015:23:20:23 -0400] "GET /TFDkXMD6ZKrQLwlFUY1v6c7ClZU9jwOM17BxN4DTn8= HTTP/1.1" 404 241 "-" "Mozilla/5.0 (compatible; Googlebot/2.1; +http://www.google.com/bot.html)" 334 486
66.249.67.127 - - [07/Sep/2015:23:20:38 -0400] "GET /redmine/activity?from=2011-10-08&show_news=1&user_id=1 HTTP/1.1" 200 5677 "-" "Mozilla/5.0 (compatible; Googlebot/2.1; +http://www.google.com/bot.html)" 714 10328
127.0.0.1 - - [07/Sep/2015:23:20:42 -0400] "GET /opensso/namingservice HTTP/1.1" 200 7 "-" "Java/1.5.0_21" 220 183
127.0.0.1 - - [07/Sep/2015:23:20:43 -0400] "GET /opensso/namingservice HTTP/1.1" 200 7 "-" "Java/1.5.0_21" 220 183
127.0.0.1 - - [07/Sep/2015:23:21:12 -0400] "GET /opensso/namingservice HTTP/1.1" 200 7 "-" "Java/1.5.0_21" 220 183
127.0.0.1 - - [07/Sep/2015:23:21:13 -0400] "GET /opensso/namingservice HTTP/1.1" 200 7 "-" "Java/1.5.0_21" 220 183
127.0.0.1 - - [07/Sep/2015:23:21:42 -0400] "GET /opensso/namingservice HTTP/1.1" 200 7 "-" "Java/1.5.0_21" 220 183
127.0.0.1 - - [07/Sep/2015:23:21:43 -0400] "GET /opensso/namingservice HTTP/1.1" 200 7 "-" "Java/1.5.0_21" 220 183
216.218.147.199 - - [07/Sep/2015:23:21:51 -0400] "GET /redmine/activity?from=2014-12-31&show_messages=1&user_id=1 HTTP/1.0" 200 5701 "-" "GigablastOpenSource/1.0" 170 6226
127.0.0.1 - - [07/Sep/2015:23:22:12 -0400] "GET /opensso/namingservice HTTP/1.1" 200 7 "-" "Java/1.5.0_21" 220 183
127.0.0.1 - - [07/Sep/2015:23:22:13 -0400] "GET /opensso/namingservice HTTP/1.1" 200 7 "-" "Java/1.5.0_21" 220 183
127.0.0.1 - - [07/Sep/2015:23:22:42 -0400] "GET /opensso/namingservice HTTP/1.1" 200 7 "-" "Java/1.5.0_21" 220 183
127.0.0.1 - - [07/Sep/2015:23:22:43 -0400] "GET /opensso/namingservice HTTP/1.1" 200 7 "-" "Java/1.5.0_21" 220 183
127.0.0.1 - - [07/Sep/2015:23:23:12 -0400] "GET /opensso/namingservice HTTP/1.1" 200 7 "-" "Java/1.5.0_21" 220 183
127.0.0.1 - - [07/Sep/2015:23:23:13 -0400] "GET /opensso/namingservice HTTP/1.1" 200 7 "-" "Java/1.5.0_21" 220 183
137.78.207.218 - - [07/Sep/2015:23:23:22 -0400] "HEAD /LMMPUI/LMMP_CLIENT/LMMP.html HTTP/1.1" 200 - "-" "curl/7.38.0" 110 274
127.0.0.1 - - [07/Sep/2015:23:23:42 -0400] "GET /opensso/namingservice HTTP/1.1" 200 7 "-" "Java/1.5.0_21" 220 183
127.0.0.1 - - [07/Sep/2015:23:23:43 -0400] "GET /opensso/namingservice HTTP/1.1" 200 7 "-" "Java/1.5.0_21" 220 183
66.249.67.91 - - [07/Sep/2015:23:24:10 -0400] "GET /redmine/issues/gantt?month=1&months=6&year=2471&zoom=3 HTTP/1.1" 200 51083 "-" "Mozilla/5.0 (compatible; Googlebot/2.1; +http://www.google.com/bot.html)" 345 51772
127.0.0.1 - - [07/Sep/2015:23:24:12 -0400] "GET /opensso/namingservice HTTP/1.1" 200 7 "-" "Java/1.5.0_21" 220 183
127.0.0.1 - - [07/Sep/2015:23:24:13 -0400] "GET /opensso/namingservice HTTP/1.1" 200 7 "-" "Java/1.5.0_21" 220 183
66.249.67.127 - - [07/Sep/2015:23:24:17 -0400] "GET /redmine/activity?from=2011-11-07&show_news=1&user_id=1 HTTP/1.1" 200 6231 "-" "Mozilla/5.0 (compatible; Googlebot/2.1; +http://www.google.com/bot.html)" 714 10882
157.55.39.205 - - [07/Sep/2015:23:24:34 -0400] "GET /LMMPUI/LMMP_CLIENT/LMMP.html HTTP/1.1" 200 8973 "-" "Mozilla/5.0 (compatible; bingbot/2.0; +http://www.bing.com/bingbot.htm)" 287 9303
127.0.0.1 - - [07/Sep/2015:23:24:42 -0400] "POST /opensso/sessionservice HTTP/1.1" 200 2025 "-" "Java/1.5.0_21" 714 2203
127.0.0.1 - - [07/Sep/2015:23:24:42 -0400] "GET /opensso/identity//xml/read?name=TomcatApps1&attributes_names=realm&attributes_values_realm=%2Fappspub&attributes_names=objecttype&attributes_values_objecttype=Agent&admin=AQIC5wM2LY4SfcyRautyD4RKpwbzv6XrE24fIq8LDPQGnm0%3D%40AAJTSQACMDE%3D%23 HTTP/1.1" 200 13607 "-" "Java/1.5.0_21" 440 13791
127.0.0.1 - - [07/Sep/2015:23:24:42 -0400] "GET /opensso/namingservice HTTP/1.1" 200 7 "-" "Java/1.5.0_21" 220 182
127.0.0.1 - - [07/Sep/2015:23:24:43 -0400] "GET /opensso/namingservice HTTP/1.1" 200 7 "-" "Java/1.5.0_21" 220 183
157.55.39.205 - - [07/Sep/2015:23:24:43 -0400] "GET /LMMPUI/LMMP_CLIENT/LMMP.html HTTP/1.1" 200 8973 "-" "Mozilla/5.0 (iPhone; CPU iPhone OS 7_0 like Mac OS X) AppleWebKit/537.51.1 (KHTML, like Gecko) Version/7.0 Mobile/11A465 Safari/9537.53 (compatible; bingbot/2.0;  http://www.bing.com/bingbot.htm)" 424 9303
127.0.0.1 - - [07/Sep/2015:23:25:12 -0400] "GET /opensso/namingservice HTTP/1.1" 200 7 "-" "Java/1.5.0_21" 220 183
127.0.0.1 - - [07/Sep/2015:23:25:13 -0400] "GET /opensso/namingservice HTTP/1.1" 200 7 "-" "Java/1.5.0_21" 220 183
127.0.0.1 - - [07/Sep/2015:23:25:42 -0400] "GET /opensso/namingservice HTTP/1.1" 200 7 "-" "Java/1.5.0_21" 220 183
127.0.0.1 - - [07/Sep/2015:23:25:43 -0400] "GET /opensso/namingservice HTTP/1.1" 200 7 "-" "Java/1.5.0_21" 220 183
66.249.67.127 - - [07/Sep/2015:23:26:02 -0400] "GET /redmine/screencast/player.swf?videoPath=/redmine/screencast/resultstable.f4v&posterPath=/redmine/screencast/resultstable.png&skinPath=/redmine/screencast/com/skin/skin.swf HTTP/1.1" 200 81937 "-" "Googlebot-Video/1.0" 718 86559
127.0.0.1 - - [07/Sep/2015:23:26:12 -0400] "GET /opensso/namingservice HTTP/1.1" 200 7 "-" "Java/1.5.0_21" 220 183
127.0.0.1 - - [07/Sep/2015:23:26:13 -0400] "GET /opensso/namingservice HTTP/1.1" 200 7 "-" "Java/1.5.0_21" 220 183
127.0.0.1 - - [07/Sep/2015:23:26:42 -0400] "GET /opensso/namingservice HTTP/1.1" 200 7 "-" "Java/1.5.0_21" 220 183
127.0.0.1 - - [07/Sep/2015:23:26:43 -0400] "GET /opensso/namingservice HTTP/1.1" 200 7 "-" "Java/1.5.0_21" 220 183
127.0.0.1 - - [07/Sep/2015:23:27:12 -0400] "GET /opensso/namingservice HTTP/1.1" 200 7 "-" "Java/1.5.0_21" 220 183
127.0.0.1 - - [07/Sep/2015:23:27:13 -0400] "GET /opensso/namingservice HTTP/1.1" 200 7 "-" "Java/1.5.0_21" 220 183
127.0.0.1 - - [07/Sep/2015:23:27:42 -0400] "GET /opensso/namingservice HTTP/1.1" 200 7 "-" "Java/1.5.0_21" 220 183
127.0.0.1 - - [07/Sep/2015:23:27:43 -0400] "GET /opensso/namingservice HTTP/1.1" 200 7 "-" "Java/1.5.0_21" 220 183
66.249.67.91 - - [07/Sep/2015:23:27:57 -0400] "GET /redmine/issues/gantt?month=1&months=6&year=1305&zoom=1 HTTP/1.1" 200 27567 "-" "Mozilla/5.0 (compatible; Googlebot/2.1; +http://www.google.com/bot.html)" 345 28256
127.0.0.1 - - [07/Sep/2015:23:28:12 -0400] "GET /opensso/namingservice HTTP/1.1" 200 7 "-" "Java/1.5.0_21" 220 183
127.0.0.1 - - [07/Sep/2015:23:28:13 -0400] "GET /opensso/namingservice HTTP/1.1" 200 7 "-" "Java/1.5.0_21" 220 183
137.78.207.218 - - [07/Sep/2015:23:28:21 -0400] "HEAD /LMMPUI/LMMP_CLIENT/LMMP.html HTTP/1.1" 200 - "-" "curl/7.38.0" 110 274
127.0.0.1 - - [07/Sep/2015:23:28:42 -0400] "GET /opensso/namingservice HTTP/1.1" 200 7 "-" "Java/1.5.0_21" 220 183
127.0.0.1 - - [07/Sep/2015:23:28:43 -0400] "GET /opensso/namingservice HTTP/1.1" 200 7 "-" "Java/1.5.0_21" 220 183
127.0.0.1 - - [07/Sep/2015:23:29:12 -0400] "GET /opensso/namingservice HTTP/1.1" 200 7 "-" "Java/1.5.0_21" 220 183
127.0.0.1 - - [07/Sep/2015:23:29:13 -0400] "GET /opensso/namingservice HTTP/1.1" 200 7 "-" "Java/1.5.0_21" 220 183
127.0.0.1 - - [07/Sep/2015:23:29:42 -0400] "GET /opensso/namingservice HTTP/1.1" 200 7 "-" "Java/1.5.0_21" 220 183
127.0.0.1 - - [07/Sep/2015:23:29:43 -0400] "GET /opensso/namingservice HTTP/1.1" 200 7 "-" "Java/1.5.0_21" 220 183
127.0.0.1 - - [07/Sep/2015:23:30:12 -0400] "GET /opensso/namingservice HTTP/1.1" 200 7 "-" "Java/1.5.0_21" 220 183
127.0.0.1 - - [07/Sep/2015:23:30:13 -0400] "GET /opensso/namingservice HTTP/1.1" 200 7 "-" "Java/1.5.0_21" 220 183
127.0.0.1 - - [07/Sep/2015:23:30:42 -0400] "GET /opensso/namingservice HTTP/1.1" 200 7 "-" "Java/1.5.0_21" 220 183
127.0.0.1 - - [07/Sep/2015:23:30:43 -0400] "GET /opensso/namingservice HTTP/1.1" 200 7 "-" "Java/1.5.0_21" 220 183
127.0.0.1 - - [07/Sep/2015:23:31:12 -0400] "GET /opensso/namingservice HTTP/1.1" 200 7 "-" "Java/1.5.0_21" 220 183
127.0.0.1 - - [07/Sep/2015:23:31:13 -0400] "GET /opensso/namingservice HTTP/1.1" 200 7 "-" "Java/1.5.0_21" 220 183
127.0.0.1 - - [07/Sep/2015:23:31:42 -0400] "GET /opensso/namingservice HTTP/1.1" 200 7 "-" "Java/1.5.0_21" 220 183
127.0.0.1 - - [07/Sep/2015:23:31:43 -0400] "GET /opensso/namingservice HTTP/1.1" 200 7 "-" "Java/1.5.0_21" 220 183
66.249.67.85 - - [07/Sep/2015:23:31:44 -0400] "GET /redmine/issues/gantt?month=8&months=6&year=1126&zoom=4 HTTP/1.1" 200 51499 "-" "Mozilla/5.0 (compatible; Googlebot/2.1; +http://www.google.com/bot.html)" 345 52188
127.0.0.1 - - [07/Sep/2015:23:32:12 -0400] "GET /opensso/namingservice HTTP/1.1" 200 7 "-" "Java/1.5.0_21" 220 183
127.0.0.1 - - [07/Sep/2015:23:32:13 -0400] "GET /opensso/namingservice HTTP/1.1" 200 7 "-" "Java/1.5.0_21" 220 183
127.0.0.1 - - [07/Sep/2015:23:32:42 -0400] "GET /opensso/namingservice HTTP/1.1" 200 7 "-" "Java/1.5.0_21" 220 183
127.0.0.1 - - [07/Sep/2015:23:32:43 -0400] "GET /opensso/namingservice HTTP/1.1" 200 7 "-" "Java/1.5.0_21" 220 183
66.249.67.117 - - [07/Sep/2015:23:32:54 -0400] "GET /olyblog/daylighting-moxlie HTTP/1.1" 404 224 "-" "Mozilla/5.0 (compatible; Googlebot/2.1; +http://www.google.com/bot.html)" 317 469
127.0.0.1 - - [07/Sep/2015:23:33:12 -0400] "GET /opensso/namingservice HTTP/1.1" 200 7 "-" "Java/1.5.0_21" 220 183
127.0.0.1 - - [07/Sep/2015:23:33:13 -0400] "GET /opensso/namingservice HTTP/1.1" 200 7 "-" "Java/1.5.0_21" 220 183
137.78.207.218 - - [07/Sep/2015:23:33:21 -0400] "HEAD /LMMPUI/LMMP_CLIENT/LMMP.html HTTP/1.1" 200 - "-" "curl/7.38.0" 110 274
127.0.0.1 - - [07/Sep/2015:23:33:42 -0400] "GET /opensso/namingservice HTTP/1.1" 200 7 "-" "Java/1.5.0_21" 220 183
127.0.0.1 - - [07/Sep/2015:23:33:43 -0400] "GET /opensso/namingservice HTTP/1.1" 200 7 "-" "Java/1.5.0_21" 220 183
127.0.0.1 - - [07/Sep/2015:23:34:12 -0400] "GET /opensso/namingservice HTTP/1.1" 200 7 "-" "Java/1.5.0_21" 220 183
127.0.0.1 - - [07/Sep/2015:23:34:13 -0400] "GET /opensso/namingservice HTTP/1.1" 200 7 "-" "Java/1.5.0_21" 220 183
127.0.0.1 - - [07/Sep/2015:23:34:42 -0400] "GET /opensso/namingservice HTTP/1.1" 200 7 "-" "Java/1.5.0_21" 220 183
127.0.0.1 - - [07/Sep/2015:23:34:43 -0400] "GET /opensso/namingservice HTTP/1.1" 200 7 "-" "Java/1.5.0_21" 220 183
127.0.0.1 - - [07/Sep/2015:23:35:12 -0400] "GET /opensso/namingservice HTTP/1.1" 200 7 "-" "Java/1.5.0_21" 220 183
127.0.0.1 - - [07/Sep/2015:23:35:13 -0400] "GET /opensso/namingservice HTTP/1.1" 200 7 "-" "Java/1.5.0_21" 220 183
66.249.67.11 - - [07/Sep/2015:23:35:31 -0400] "GET /redmine/issues/gantt?month=2&months=6&year=1853&zoom=4 HTTP/1.1" 200 50913 "-" "Mozilla/5.0 (compatible; Googlebot/2.1; +http://www.google.com/bot.html)" 714 55841
127.0.0.1 - - [07/Sep/2015:23:35:42 -0400] "GET /opensso/namingservice HTTP/1.1" 200 7 "-" "Java/1.5.0_21" 220 183
127.0.0.1 - - [07/Sep/2015:23:35:43 -0400] "GET /opensso/namingservice HTTP/1.1" 200 7 "-" "Java/1.5.0_21" 220 183
66.249.67.127 - - [07/Sep/2015:23:35:47 -0400] "GET /redmine/projects/lmmpwiki/activity?from=2012-01-06&show_news=1 HTTP/1.1" 200 4917 "-" "Mozilla/5.0 (compatible; Googlebot/2.1; +http://www.google.com/bot.html)" 722 9568
127.0.0.1 - - [07/Sep/2015:23:36:12 -0400] "GET /opensso/namingservice HTTP/1.1" 200 7 "-" "Java/1.5.0_21" 220 183
127.0.0.1 - - [07/Sep/2015:23:36:13 -0400] "GET /opensso/namingservice HTTP/1.1" 200 7 "-" "Java/1.5.0_21" 220 183
127.0.0.1 - - [07/Sep/2015:23:36:42 -0400] "GET /opensso/namingservice HTTP/1.1" 200 7 "-" "Java/1.5.0_21" 220 183
127.0.0.1 - - [07/Sep/2015:23:36:43 -0400] "GET /opensso/namingservice HTTP/1.1" 200 7 "-" "Java/1.5.0_21" 220 183
127.0.0.1 - - [07/Sep/2015:23:37:12 -0400] "GET /opensso/namingservice HTTP/1.1" 200 7 "-" "Java/1.5.0_21" 220 183
127.0.0.1 - - [07/Sep/2015:23:37:13 -0400] "GET /opensso/namingservice HTTP/1.1" 200 7 "-" "Java/1.5.0_21" 220 183
127.0.0.1 - - [07/Sep/2015:23:37:42 -0400] "GET /opensso/namingservice HTTP/1.1" 200 7 "-" "Java/1.5.0_21" 220 183
127.0.0.1 - - [07/Sep/2015:23:37:43 -0400] "GET /opensso/namingservice HTTP/1.1" 200 7 "-" "Java/1.5.0_21" 220 183
127.0.0.1 - - [07/Sep/2015:23:38:12 -0400] "GET /opensso/namingservice HTTP/1.1" 200 7 "-" "Java/1.5.0_21" 220 183
127.0.0.1 - - [07/Sep/2015:23:38:13 -0400] "GET /opensso/namingservice HTTP/1.1" 200 7 "-" "Java/1.5.0_21" 220 183
137.78.207.218 - - [07/Sep/2015:23:38:21 -0400] "HEAD /LMMPUI/LMMP_CLIENT/LMMP.html HTTP/1.1" 200 - "-" "curl/7.38.0" 110 274
127.0.0.1 - - [07/Sep/2015:23:38:42 -0400] "GET /opensso/namingservice HTTP/1.1" 200 7 "-" "Java/1.5.0_21" 220 183
127.0.0.1 - - [07/Sep/2015:23:38:43 -0400] "GET /opensso/namingservice HTTP/1.1" 200 7 "-" "Java/1.5.0_21" 220 183
127.0.0.1 - - [07/Sep/2015:23:39:12 -0400] "GET /opensso/namingservice HTTP/1.1" 200 7 "-" "Java/1.5.0_21" 220 183
127.0.0.1 - - [07/Sep/2015:23:39:13 -0400] "GET /opensso/namingservice HTTP/1.1" 200 7 "-" "Java/1.5.0_21" 220 183
66.249.67.97 - - [07/Sep/2015:23:39:18 -0400] "GET /redmine/issues/gantt?month=7&months=6&year=2544&zoom=3 HTTP/1.1" 200 51430 "-" "Mozilla/5.0 (compatible; Googlebot/2.1; +http://www.google.com/bot.html)" 345 52120
216.218.147.199 - - [07/Sep/2015:23:39:27 -0400] "GET /redmine/activity?from=2014-12-31&show_time_entries=1&user_id=1 HTTP/1.0" 200 5725 "-" "GigablastOpenSource/1.0" 174 6250
127.0.0.1 - - [07/Sep/2015:23:39:42 -0400] "GET /opensso/namingservice HTTP/1.1" 200 7 "-" "Java/1.5.0_21" 220 183
127.0.0.1 - - [07/Sep/2015:23:39:43 -0400] "GET /opensso/namingservice HTTP/1.1" 200 7 "-" "Java/1.5.0_21" 220 183
127.0.0.1 - - [07/Sep/2015:23:40:12 -0400] "GET /opensso/namingservice HTTP/1.1" 200 7 "-" "Java/1.5.0_21" 220 183
127.0.0.1 - - [07/Sep/2015:23:40:13 -0400] "GET /opensso/namingservice HTTP/1.1" 200 7 "-" "Java/1.5.0_21" 220 183
127.0.0.1 - - [07/Sep/2015:23:40:42 -0400] "GET /opensso/namingservice HTTP/1.1" 200 7 "-" "Java/1.5.0_21" 220 183
127.0.0.1 - - [07/Sep/2015:23:40:43 -0400] "GET /opensso/namingservice HTTP/1.1" 200 7 "-" "Java/1.5.0_21" 220 183
127.0.0.1 - - [07/Sep/2015:23:41:12 -0400] "GET /opensso/namingservice HTTP/1.1" 200 7 "-" "Java/1.5.0_21" 220 183
127.0.0.1 - - [07/Sep/2015:23:41:13 -0400] "GET /opensso/namingservice HTTP/1.1" 200 7 "-" "Java/1.5.0_21" 220 183
127.0.0.1 - - [07/Sep/2015:23:41:42 -0400] "GET /opensso/namingservice HTTP/1.1" 200 7 "-" "Java/1.5.0_21" 220 183
127.0.0.1 - - [07/Sep/2015:23:41:43 -0400] "GET /opensso/namingservice HTTP/1.1" 200 7 "-" "Java/1.5.0_21" 220 183
127.0.0.1 - - [07/Sep/2015:23:42:12 -0400] "GET /opensso/namingservice HTTP/1.1" 200 7 "-" "Java/1.5.0_21" 220 183
127.0.0.1 - - [07/Sep/2015:23:42:13 -0400] "GET /opensso/namingservice HTTP/1.1" 200 7 "-" "Java/1.5.0_21" 220 183
127.0.0.1 - - [07/Sep/2015:23:42:42 -0400] "GET /opensso/namingservice HTTP/1.1" 200 7 "-" "Java/1.5.0_21" 220 183
127.0.0.1 - - [07/Sep/2015:23:42:43 -0400] "GET /opensso/namingservice HTTP/1.1" 200 7 "-" "Java/1.5.0_21" 220 183
66.249.67.91 - - [07/Sep/2015:23:43:05 -0400] "GET /redmine/issues/gantt?month=10&months=6&year=1607&zoom=1 HTTP/1.1" 200 27588 "-" "Mozilla/5.0 (compatible; Googlebot/2.1; +http://www.google.com/bot.html)" 346 28277
127.0.0.1 - - [07/Sep/2015:23:43:12 -0400] "GET /opensso/namingservice HTTP/1.1" 200 7 "-" "Java/1.5.0_21" 220 183
127.0.0.1 - - [07/Sep/2015:23:43:13 -0400] "GET /opensso/namingservice HTTP/1.1" 200 7 "-" "Java/1.5.0_21" 220 183
137.78.207.218 - - [07/Sep/2015:23:43:21 -0400] "HEAD /LMMPUI/LMMP_CLIENT/LMMP.html HTTP/1.1" 200 - "-" "curl/7.38.0" 110 274
127.0.0.1 - - [07/Sep/2015:23:43:42 -0400] "GET /opensso/namingservice HTTP/1.1" 200 7 "-" "Java/1.5.0_21" 220 183
127.0.0.1 - - [07/Sep/2015:23:43:43 -0400] "GET /opensso/namingservice HTTP/1.1" 200 7 "-" "Java/1.5.0_21" 220 183
127.0.0.1 - - [07/Sep/2015:23:44:12 -0400] "GET /opensso/namingservice HTTP/1.1" 200 7 "-" "Java/1.5.0_21" 220 183
127.0.0.1 - - [07/Sep/2015:23:44:13 -0400] "GET /opensso/namingservice HTTP/1.1" 200 7 "-" "Java/1.5.0_21" 220 183
127.0.0.1 - - [07/Sep/2015:23:44:42 -0400] "GET /opensso/namingservice HTTP/1.1" 200 7 "-" "Java/1.5.0_21" 220 183
127.0.0.1 - - [07/Sep/2015:23:44:43 -0400] "GET /opensso/namingservice HTTP/1.1" 200 7 "-" "Java/1.5.0_21" 220 183
127.0.0.1 - - [07/Sep/2015:23:45:12 -0400] "GET /opensso/namingservice HTTP/1.1" 200 7 "-" "Java/1.5.0_21" 220 183
127.0.0.1 - - [07/Sep/2015:23:45:13 -0400] "GET /opensso/namingservice HTTP/1.1" 200 7 "-" "Java/1.5.0_21" 220 183
127.0.0.1 - - [07/Sep/2015:23:45:42 -0400] "GET /opensso/namingservice HTTP/1.1" 200 7 "-" "Java/1.5.0_21" 220 183
127.0.0.1 - - [07/Sep/2015:23:45:43 -0400] "GET /opensso/namingservice HTTP/1.1" 200 7 "-" "Java/1.5.0_21" 220 183
127.0.0.1 - - [07/Sep/2015:23:46:12 -0400] "GET /opensso/namingservice HTTP/1.1" 200 7 "-" "Java/1.5.0_21" 220 183
127.0.0.1 - - [07/Sep/2015:23:46:13 -0400] "GET /opensso/namingservice HTTP/1.1" 200 7 "-" "Java/1.5.0_21" 220 183
127.0.0.1 - - [07/Sep/2015:23:46:42 -0400] "GET /opensso/namingservice HTTP/1.1" 200 7 "-" "Java/1.5.0_21" 220 183
127.0.0.1 - - [07/Sep/2015:23:46:43 -0400] "GET /opensso/namingservice HTTP/1.1" 200 7 "-" "Java/1.5.0_21" 220 183
216.218.147.199 - - [07/Sep/2015:23:46:47 -0400] "GET /redmine/activity?from=2015-01-31&user_id=1 HTTP/1.0" 200 5707 "-" "GigablastOpenSource/1.0" 647 10334
66.249.67.85 - - [07/Sep/2015:23:46:52 -0400] "GET /redmine/issues/gantt?month=8&months=6&year=1662&zoom=4 HTTP/1.1" 200 51369 "-" "Mozilla/5.0 (compatible; Googlebot/2.1; +http://www.google.com/bot.html)" 345 52058
127.0.0.1 - - [07/Sep/2015:23:47:12 -0400] "GET /opensso/namingservice HTTP/1.1" 200 7 "-" "Java/1.5.0_21" 220 183
127.0.0.1 - - [07/Sep/2015:23:47:13 -0400] "GET /opensso/namingservice HTTP/1.1" 200 7 "-" "Java/1.5.0_21" 220 183
127.0.0.1 - - [07/Sep/2015:23:47:42 -0400] "GET /opensso/namingservice HTTP/1.1" 200 7 "-" "Java/1.5.0_21" 220 183
127.0.0.1 - - [07/Sep/2015:23:47:43 -0400] "GET /opensso/namingservice HTTP/1.1" 200 7 "-" "Java/1.5.0_21" 220 183
127.0.0.1 - - [07/Sep/2015:23:48:12 -0400] "GET /opensso/namingservice HTTP/1.1" 200 7 "-" "Java/1.5.0_21" 220 183
127.0.0.1 - - [07/Sep/2015:23:48:13 -0400] "GET /opensso/namingservice HTTP/1.1" 200 7 "-" "Java/1.5.0_21" 220 183
137.78.207.218 - - [07/Sep/2015:23:48:21 -0400] "HEAD /LMMPUI/LMMP_CLIENT/LMMP.html HTTP/1.1" 200 - "-" "curl/7.38.0" 110 274
127.0.0.1 - - [07/Sep/2015:23:48:42 -0400] "GET /opensso/namingservice HTTP/1.1" 200 7 "-" "Java/1.5.0_21" 220 183
127.0.0.1 - - [07/Sep/2015:23:48:43 -0400] "GET /opensso/namingservice HTTP/1.1" 200 7 "-" "Java/1.5.0_21" 220 183
127.0.0.1 - - [07/Sep/2015:23:49:12 -0400] "GET /opensso/namingservice HTTP/1.1" 200 7 "-" "Java/1.5.0_21" 220 183
127.0.0.1 - - [07/Sep/2015:23:49:13 -0400] "GET /opensso/namingservice HTTP/1.1" 200 7 "-" "Java/1.5.0_21" 220 183
127.0.0.1 - - [07/Sep/2015:23:49:42 -0400] "GET /opensso/namingservice HTTP/1.1" 200 7 "-" "Java/1.5.0_21" 220 183
127.0.0.1 - - [07/Sep/2015:23:49:43 -0400] "GET /opensso/namingservice HTTP/1.1" 200 7 "-" "Java/1.5.0_21" 220 183
127.0.0.1 - - [07/Sep/2015:23:50:12 -0400] "GET /opensso/namingservice HTTP/1.1" 200 7 "-" "Java/1.5.0_21" 220 183
127.0.0.1 - - [07/Sep/2015:23:50:13 -0400] "GET /opensso/namingservice HTTP/1.1" 200 7 "-" "Java/1.5.0_21" 220 183
66.249.67.97 - - [07/Sep/2015:23:50:39 -0400] "GET /redmine/issues/gantt?month=12&months=6&year=1002&zoom=2 HTTP/1.1" 200 30888 "-" "Mozilla/5.0 (compatible; Googlebot/2.1; +http://www.google.com/bot.html)" 346 31577
127.0.0.1 - - [07/Sep/2015:23:50:42 -0400] "GET /opensso/namingservice HTTP/1.1" 200 7 "-" "Java/1.5.0_21" 220 183
127.0.0.1 - - [07/Sep/2015:23:50:43 -0400] "GET /opensso/namingservice HTTP/1.1" 200 7 "-" "Java/1.5.0_21" 220 183
70.176.186.165 - - [07/Sep/2015:23:50:47 -0400] "GET /favicon.ico HTTP/1.1" 404 209 "-" "Mozilla/5.0 (Windows NT 6.1; WOW64; rv:40.0) Gecko/20100101 Firefox/40.0" 1326 454
70.176.186.165 - - [07/Sep/2015:23:50:47 -0400] "GET /favicon.ico HTTP/1.1" 404 209 "-" "Mozilla/5.0 (Windows NT 6.1; WOW64; rv:40.0) Gecko/20100101 Firefox/40.0" 1326 453
127.0.0.1 - - [07/Sep/2015:23:51:12 -0400] "GET /opensso/namingservice HTTP/1.1" 200 7 "-" "Java/1.5.0_21" 220 183
127.0.0.1 - - [07/Sep/2015:23:51:13 -0400] "GET /opensso/namingservice HTTP/1.1" 200 7 "-" "Java/1.5.0_21" 220 183
127.0.0.1 - - [07/Sep/2015:23:51:42 -0400] "GET /opensso/namingservice HTTP/1.1" 200 7 "-" "Java/1.5.0_21" 220 183
127.0.0.1 - - [07/Sep/2015:23:51:43 -0400] "GET /opensso/namingservice HTTP/1.1" 200 7 "-" "Java/1.5.0_21" 220 183
127.0.0.1 - - [07/Sep/2015:23:52:12 -0400] "GET /opensso/namingservice HTTP/1.1" 200 7 "-" "Java/1.5.0_21" 220 183
127.0.0.1 - - [07/Sep/2015:23:52:13 -0400] "GET /opensso/namingservice HTTP/1.1" 200 7 "-" "Java/1.5.0_21" 220 183
127.0.0.1 - - [07/Sep/2015:23:52:42 -0400] "GET /opensso/namingservice HTTP/1.1" 200 7 "-" "Java/1.5.0_21" 220 183
127.0.0.1 - - [07/Sep/2015:23:52:43 -0400] "GET /opensso/namingservice HTTP/1.1" 200 7 "-" "Java/1.5.0_21" 220 183
127.0.0.1 - - [07/Sep/2015:23:53:12 -0400] "GET /opensso/namingservice HTTP/1.1" 200 7 "-" "Java/1.5.0_21" 220 183
127.0.0.1 - - [07/Sep/2015:23:53:13 -0400] "GET /opensso/namingservice HTTP/1.1" 200 7 "-" "Java/1.5.0_21" 220 183
137.78.207.218 - - [07/Sep/2015:23:53:21 -0400] "HEAD /LMMPUI/LMMP_CLIENT/LMMP.html HTTP/1.1" 200 - "-" "curl/7.38.0" 110 274
127.0.0.1 - - [07/Sep/2015:23:53:42 -0400] "GET /opensso/namingservice HTTP/1.1" 200 7 "-" "Java/1.5.0_21" 220 183
127.0.0.1 - - [07/Sep/2015:23:53:43 -0400] "GET /opensso/namingservice HTTP/1.1" 200 7 "-" "Java/1.5.0_21" 220 183
127.0.0.1 - - [07/Sep/2015:23:54:12 -0400] "GET /opensso/namingservice HTTP/1.1" 200 7 "-" "Java/1.5.0_21" 220 183
127.0.0.1 - - [07/Sep/2015:23:54:13 -0400] "GET /opensso/namingservice HTTP/1.1" 200 7 "-" "Java/1.5.0_21" 220 183
66.249.67.91 - - [07/Sep/2015:23:54:26 -0400] "GET /redmine/issues/gantt?month=3&months=6&year=1482&zoom=2 HTTP/1.1" 200 30888 "-" "Mozilla/5.0 (compatible; Googlebot/2.1; +http://www.google.com/bot.html)" 345 31577
127.0.0.1 - - [07/Sep/2015:23:54:42 -0400] "GET /opensso/namingservice HTTP/1.1" 200 7 "-" "Java/1.5.0_21" 220 183
127.0.0.1 - - [07/Sep/2015:23:54:43 -0400] "GET /opensso/namingservice HTTP/1.1" 200 7 "-" "Java/1.5.0_21" 220 183
127.0.0.1 - - [07/Sep/2015:23:55:12 -0400] "GET /opensso/namingservice HTTP/1.1" 200 7 "-" "Java/1.5.0_21" 220 183
127.0.0.1 - - [07/Sep/2015:23:55:13 -0400] "GET /opensso/namingservice HTTP/1.1" 200 7 "-" "Java/1.5.0_21" 220 183
127.0.0.1 - - [07/Sep/2015:23:55:42 -0400] "GET /opensso/namingservice HTTP/1.1" 200 7 "-" "Java/1.5.0_21" 220 183
127.0.0.1 - - [07/Sep/2015:23:55:43 -0400] "GET /opensso/namingservice HTTP/1.1" 200 7 "-" "Java/1.5.0_21" 220 183
127.0.0.1 - - [07/Sep/2015:23:56:12 -0400] "GET /opensso/namingservice HTTP/1.1" 200 7 "-" "Java/1.5.0_21" 220 183
127.0.0.1 - - [07/Sep/2015:23:56:13 -0400] "GET /opensso/namingservice HTTP/1.1" 200 7 "-" "Java/1.5.0_21" 220 183
127.0.0.1 - - [07/Sep/2015:23:56:42 -0400] "GET /opensso/namingservice HTTP/1.1" 200 7 "-" "Java/1.5.0_21" 220 183
127.0.0.1 - - [07/Sep/2015:23:56:43 -0400] "GET /opensso/namingservice HTTP/1.1" 200 7 "-" "Java/1.5.0_21" 220 183
127.0.0.1 - - [07/Sep/2015:23:57:12 -0400] "GET /opensso/namingservice HTTP/1.1" 200 7 "-" "Java/1.5.0_21" 220 183
127.0.0.1 - - [07/Sep/2015:23:57:13 -0400] "GET /opensso/namingservice HTTP/1.1" 200 7 "-" "Java/1.5.0_21" 220 183
216.218.147.199 - - [07/Sep/2015:23:57:37 -0400] "GET /redmine/issues/gantt?month=9&months=6&year=2012&zoom=4 HTTP/1.0" 200 51043 "-" "GigablastOpenSource/1.0" 166 51695
127.0.0.1 - - [07/Sep/2015:23:57:42 -0400] "GET /opensso/namingservice HTTP/1.1" 200 7 "-" "Java/1.5.0_21" 220 183
127.0.0.1 - - [07/Sep/2015:23:57:43 -0400] "GET /opensso/namingservice HTTP/1.1" 200 7 "-" "Java/1.5.0_21" 220 183
127.0.0.1 - - [07/Sep/2015:23:58:12 -0400] "GET /opensso/namingservice HTTP/1.1" 200 7 "-" "Java/1.5.0_21" 220 183
127.0.0.1 - - [07/Sep/2015:23:58:13 -0400] "GET /opensso/namingservice HTTP/1.1" 200 7 "-" "Java/1.5.0_21" 220 183
66.249.67.97 - - [07/Sep/2015:23:58:13 -0400] "GET /redmine/issues/gantt?month=7&months=6&year=1882&zoom=1 HTTP/1.1" 200 27583 "-" "Mozilla/5.0 (compatible; Googlebot/2.1; +http://www.google.com/bot.html)" 345 28272
137.78.207.218 - - [07/Sep/2015:23:58:21 -0400] "HEAD /LMMPUI/LMMP_CLIENT/LMMP.html HTTP/1.1" 200 - "-" "curl/7.38.0" 110 274
127.0.0.1 - - [07/Sep/2015:23:58:42 -0400] "GET /opensso/namingservice HTTP/1.1" 200 7 "-" "Java/1.5.0_21" 220 183
127.0.0.1 - - [07/Sep/2015:23:58:43 -0400] "GET /opensso/namingservice HTTP/1.1" 200 7 "-" "Java/1.5.0_21" 220 183
127.0.0.1 - - [07/Sep/2015:23:59:12 -0400] "GET /opensso/namingservice HTTP/1.1" 200 7 "-" "Java/1.5.0_21" 220 183
127.0.0.1 - - [07/Sep/2015:23:59:13 -0400] "GET /opensso/namingservice HTTP/1.1" 200 7 "-" "Java/1.5.0_21" 220 183
127.0.0.1 - - [07/Sep/2015:23:59:42 -0400] "GET /opensso/namingservice HTTP/1.1" 200 7 "-" "Java/1.5.0_21" 220 183
127.0.0.1 - - [07/Sep/2015:23:59:43 -0400] "GET /opensso/namingservice HTTP/1.1" 200 7 "-" "Java/1.5.0_21" 220 183
127.0.0.1 - - [08/Sep/2015:00:00:12 -0400] "GET /opensso/namingservice HTTP/1.1" 200 7 "-" "Java/1.5.0_21" 220 183
127.0.0.1 - - [08/Sep/2015:00:00:13 -0400] "GET /opensso/namingservice HTTP/1.1" 200 7 "-" "Java/1.5.0_21" 220 183
127.0.0.1 - - [08/Sep/2015:00:00:42 -0400] "GET /opensso/namingservice HTTP/1.1" 200 7 "-" "Java/1.5.0_21" 220 183
127.0.0.1 - - [08/Sep/2015:00:00:43 -0400] "GET /opensso/namingservice HTTP/1.1" 200 7 "-" "Java/1.5.0_21" 220 183
127.0.0.1 - - [08/Sep/2015:00:01:12 -0400] "GET /opensso/namingservice HTTP/1.1" 200 7 "-" "Java/1.5.0_21" 220 183
127.0.0.1 - - [08/Sep/2015:00:01:13 -0400] "GET /opensso/namingservice HTTP/1.1" 200 7 "-" "Java/1.5.0_21" 220 183
127.0.0.1 - - [08/Sep/2015:00:01:42 -0400] "GET /opensso/namingservice HTTP/1.1" 200 7 "-" "Java/1.5.0_21" 220 183
127.0.0.1 - - [08/Sep/2015:00:01:43 -0400] "GET /opensso/namingservice HTTP/1.1" 200 7 "-" "Java/1.5.0_21" 220 183
66.249.67.91 - - [08/Sep/2015:00:02:00 -0400] "GET /redmine/issues/gantt?month=2&months=6&year=1881&zoom=3 HTTP/1.1" 200 50977 "-" "Mozilla/5.0 (compatible; Googlebot/2.1; +http://www.google.com/bot.html)" 345 51666
127.0.0.1 - - [08/Sep/2015:00:02:12 -0400] "GET /opensso/namingservice HTTP/1.1" 200 7 "-" "Java/1.5.0_21" 220 183
127.0.0.1 - - [08/Sep/2015:00:02:13 -0400] "GET /opensso/namingservice HTTP/1.1" 200 7 "-" "Java/1.5.0_21" 220 183
127.0.0.1 - - [08/Sep/2015:00:02:42 -0400] "GET /opensso/namingservice HTTP/1.1" 200 7 "-" "Java/1.5.0_21" 220 183
127.0.0.1 - - [08/Sep/2015:00:02:43 -0400] "GET /opensso/namingservice HTTP/1.1" 200 7 "-" "Java/1.5.0_21" 220 183
127.0.0.1 - - [08/Sep/2015:00:03:12 -0400] "GET /opensso/namingservice HTTP/1.1" 200 7 "-" "Java/1.5.0_21" 220 183
127.0.0.1 - - [08/Sep/2015:00:03:13 -0400] "GET /opensso/namingservice HTTP/1.1" 200 7 "-" "Java/1.5.0_21" 220 183
137.78.207.218 - - [08/Sep/2015:00:03:21 -0400] "HEAD /LMMPUI/LMMP_CLIENT/LMMP.html HTTP/1.1" 200 - "-" "curl/7.38.0" 110 274
127.0.0.1 - - [08/Sep/2015:00:03:42 -0400] "GET /opensso/namingservice HTTP/1.1" 200 7 "-" "Java/1.5.0_21" 220 183
127.0.0.1 - - [08/Sep/2015:00:03:43 -0400] "GET /opensso/namingservice HTTP/1.1" 200 7 "-" "Java/1.5.0_21" 220 183
127.0.0.1 - - [08/Sep/2015:00:04:12 -0400] "GET /opensso/namingservice HTTP/1.1" 200 7 "-" "Java/1.5.0_21" 220 183
127.0.0.1 - - [08/Sep/2015:00:04:13 -0400] "GET /opensso/namingservice HTTP/1.1" 200 7 "-" "Java/1.5.0_21" 220 183
127.0.0.1 - - [08/Sep/2015:00:04:42 -0400] "GET /opensso/namingservice HTTP/1.1" 200 7 "-" "Java/1.5.0_21" 220 183
127.0.0.1 - - [08/Sep/2015:00:04:43 -0400] "GET /opensso/namingservice HTTP/1.1" 200 7 "-" "Java/1.5.0_21" 220 183
127.0.0.1 - - [08/Sep/2015:00:05:12 -0400] "GET /opensso/namingservice HTTP/1.1" 200 7 "-" "Java/1.5.0_21" 220 183
127.0.0.1 - - [08/Sep/2015:00:05:13 -0400] "GET /opensso/namingservice HTTP/1.1" 200 7 "-" "Java/1.5.0_21" 220 183
127.0.0.1 - - [08/Sep/2015:00:05:42 -0400] "GET /opensso/namingservice HTTP/1.1" 200 7 "-" "Java/1.5.0_21" 220 183
127.0.0.1 - - [08/Sep/2015:00:05:43 -0400] "GET /opensso/namingservice HTTP/1.1" 200 7 "-" "Java/1.5.0_21" 220 183
66.249.67.97 - - [08/Sep/2015:00:05:47 -0400] "GET /redmine/issues/gantt?month=8&months=6&year=1149&zoom=3 HTTP/1.1" 200 51446 "-" "Mozilla/5.0 (compatible; Googlebot/2.1; +http://www.google.com/bot.html)" 345 52135
127.0.0.1 - - [08/Sep/2015:00:06:12 -0400] "GET /opensso/namingservice HTTP/1.1" 200 7 "-" "Java/1.5.0_21" 220 183
127.0.0.1 - - [08/Sep/2015:00:06:13 -0400] "GET /opensso/namingservice HTTP/1.1" 200 7 "-" "Java/1.5.0_21" 220 183
127.0.0.1 - - [08/Sep/2015:00:06:42 -0400] "GET /opensso/namingservice HTTP/1.1" 200 7 "-" "Java/1.5.0_21" 220 183
127.0.0.1 - - [08/Sep/2015:00:06:43 -0400] "GET /opensso/namingservice HTTP/1.1" 200 7 "-" "Java/1.5.0_21" 220 183
127.0.0.1 - - [08/Sep/2015:00:07:12 -0400] "GET /opensso/namingservice HTTP/1.1" 200 7 "-" "Java/1.5.0_21" 220 183
127.0.0.1 - - [08/Sep/2015:00:07:13 -0400] "GET /opensso/namingservice HTTP/1.1" 200 7 "-" "Java/1.5.0_21" 220 183
127.0.0.1 - - [08/Sep/2015:00:07:42 -0400] "GET /opensso/namingservice HTTP/1.1" 200 7 "-" "Java/1.5.0_21" 220 183
127.0.0.1 - - [08/Sep/2015:00:07:43 -0400] "GET /opensso/namingservice HTTP/1.1" 200 7 "-" "Java/1.5.0_21" 220 183
127.0.0.1 - - [08/Sep/2015:00:08:12 -0400] "GET /opensso/namingservice HTTP/1.1" 200 7 "-" "Java/1.5.0_21" 220 183
127.0.0.1 - - [08/Sep/2015:00:08:13 -0400] "GET /opensso/namingservice HTTP/1.1" 200 7 "-" "Java/1.5.0_21" 220 183
137.78.207.218 - - [08/Sep/2015:00:08:21 -0400] "HEAD /LMMPUI/LMMP_CLIENT/LMMP.html HTTP/1.1" 200 - "-" "curl/7.38.0" 110 274
127.0.0.1 - - [08/Sep/2015:00:08:42 -0400] "GET /opensso/namingservice HTTP/1.1" 200 7 "-" "Java/1.5.0_21" 220 183
127.0.0.1 - - [08/Sep/2015:00:08:43 -0400] "GET /opensso/namingservice HTTP/1.1" 200 7 "-" "Java/1.5.0_21" 220 183
127.0.0.1 - - [08/Sep/2015:00:09:12 -0400] "GET /opensso/namingservice HTTP/1.1" 200 7 "-" "Java/1.5.0_21" 220 183
127.0.0.1 - - [08/Sep/2015:00:09:13 -0400] "GET /opensso/namingservice HTTP/1.1" 200 7 "-" "Java/1.5.0_21" 220 183
66.249.67.85 - - [08/Sep/2015:00:09:34 -0400] "GET /redmine/issues/gantt?month=5&months=6&year=2349&zoom=3 HTTP/1.1" 200 51546 "-" "Mozilla/5.0 (compatible; Googlebot/2.1; +http://www.google.com/bot.html)" 345 52235
127.0.0.1 - - [08/Sep/2015:00:09:42 -0400] "GET /opensso/namingservice HTTP/1.1" 200 7 "-" "Java/1.5.0_21" 220 183
127.0.0.1 - - [08/Sep/2015:00:09:43 -0400] "GET /opensso/namingservice HTTP/1.1" 200 7 "-" "Java/1.5.0_21" 220 183
127.0.0.1 - - [08/Sep/2015:00:10:12 -0400] "GET /opensso/namingservice HTTP/1.1" 200 7 "-" "Java/1.5.0_21" 220 183
127.0.0.1 - - [08/Sep/2015:00:10:13 -0400] "GET /opensso/namingservice HTTP/1.1" 200 7 "-" "Java/1.5.0_21" 220 183
127.0.0.1 - - [08/Sep/2015:00:10:42 -0400] "GET /opensso/namingservice HTTP/1.1" 200 7 "-" "Java/1.5.0_21" 220 183
127.0.0.1 - - [08/Sep/2015:00:10:43 -0400] "GET /opensso/namingservice HTTP/1.1" 200 7 "-" "Java/1.5.0_21" 220 183
127.0.0.1 - - [08/Sep/2015:00:11:12 -0400] "GET /opensso/namingservice HTTP/1.1" 200 7 "-" "Java/1.5.0_21" 220 183
127.0.0.1 - - [08/Sep/2015:00:11:13 -0400] "GET /opensso/namingservice HTTP/1.1" 200 7 "-" "Java/1.5.0_21" 220 183
127.0.0.1 - - [08/Sep/2015:00:11:42 -0400] "GET /opensso/namingservice HTTP/1.1" 200 7 "-" "Java/1.5.0_21" 220 183
127.0.0.1 - - [08/Sep/2015:00:11:43 -0400] "GET /opensso/namingservice HTTP/1.1" 200 7 "-" "Java/1.5.0_21" 220 183
127.0.0.1 - - [08/Sep/2015:00:12:12 -0400] "GET /opensso/namingservice HTTP/1.1" 200 7 "-" "Java/1.5.0_21" 220 183
127.0.0.1 - - [08/Sep/2015:00:12:13 -0400] "GET /opensso/namingservice HTTP/1.1" 200 7 "-" "Java/1.5.0_21" 220 183
127.0.0.1 - - [08/Sep/2015:00:12:42 -0400] "GET /opensso/namingservice HTTP/1.1" 200 7 "-" "Java/1.5.0_21" 220 183
127.0.0.1 - - [08/Sep/2015:00:12:43 -0400] "GET /opensso/namingservice HTTP/1.1" 200 7 "-" "Java/1.5.0_21" 220 183
127.0.0.1 - - [08/Sep/2015:00:13:12 -0400] "GET /opensso/namingservice HTTP/1.1" 200 7 "-" "Java/1.5.0_21" 220 183
127.0.0.1 - - [08/Sep/2015:00:13:13 -0400] "GET /opensso/namingservice HTTP/1.1" 200 7 "-" "Java/1.5.0_21" 220 183
66.249.67.91 - - [08/Sep/2015:00:13:21 -0400] "GET /redmine/issues/gantt?month=9&months=6&year=2088&zoom=1 HTTP/1.1" 200 27588 "-" "Mozilla/5.0 (compatible; Googlebot/2.1; +http://www.google.com/bot.html)" 345 28277
137.78.207.218 - - [08/Sep/2015:00:13:21 -0400] "HEAD /LMMPUI/LMMP_CLIENT/LMMP.html HTTP/1.1" 200 - "-" "curl/7.38.0" 110 274
216.218.147.199 - - [08/Sep/2015:00:13:22 -0400] "GET /robots.txt HTTP/1.0" 404 208 "-" "GigablastOpenSource/1.0" 122 416
216.218.147.199 - - [08/Sep/2015:00:13:23 -0400] "GET /redmine/activity?from=2014-12-31&show_documents=1&user_id=1 HTTP/1.0" 200 5707 "-" "GigablastOpenSource/1.0" 171 6232
127.0.0.1 - - [08/Sep/2015:00:13:42 -0400] "GET /opensso/namingservice HTTP/1.1" 200 7 "-" "Java/1.5.0_21" 220 183
127.0.0.1 - - [08/Sep/2015:00:13:43 -0400] "GET /opensso/namingservice HTTP/1.1" 200 7 "-" "Java/1.5.0_21" 220 183
127.0.0.1 - - [08/Sep/2015:00:14:12 -0400] "GET /opensso/namingservice HTTP/1.1" 200 7 "-" "Java/1.5.0_21" 220 183
127.0.0.1 - - [08/Sep/2015:00:14:13 -0400] "GET /opensso/namingservice HTTP/1.1" 200 7 "-" "Java/1.5.0_21" 220 183
127.0.0.1 - - [08/Sep/2015:00:14:42 -0400] "GET /opensso/namingservice HTTP/1.1" 200 7 "-" "Java/1.5.0_21" 220 183
127.0.0.1 - - [08/Sep/2015:00:14:43 -0400] "GET /opensso/namingservice HTTP/1.1" 200 7 "-" "Java/1.5.0_21" 220 183
70.176.186.165 - - [08/Sep/2015:00:15:00 -0400] "GET /favicon.ico HTTP/1.1" 404 209 "-" "Mozilla/5.0 (Windows NT 6.1; WOW64; rv:40.0) Gecko/20100101 Firefox/40.0" 1326 454
70.176.186.165 - - [08/Sep/2015:00:15:01 -0400] "GET /favicon.ico HTTP/1.1" 404 209 "-" "Mozilla/5.0 (Windows NT 6.1; WOW64; rv:40.0) Gecko/20100101 Firefox/40.0" 1326 453
127.0.0.1 - - [08/Sep/2015:00:15:12 -0400] "GET /opensso/namingservice HTTP/1.1" 200 7 "-" "Java/1.5.0_21" 220 183
127.0.0.1 - - [08/Sep/2015:00:15:13 -0400] "GET /opensso/namingservice HTTP/1.1" 200 7 "-" "Java/1.5.0_21" 220 183
127.0.0.1 - - [08/Sep/2015:00:15:42 -0400] "GET /opensso/namingservice HTTP/1.1" 200 7 "-" "Java/1.5.0_21" 220 183
127.0.0.1 - - [08/Sep/2015:00:15:43 -0400] "GET /opensso/namingservice HTTP/1.1" 200 7 "-" "Java/1.5.0_21" 220 183
127.0.0.1 - - [08/Sep/2015:00:16:12 -0400] "GET /opensso/namingservice HTTP/1.1" 200 7 "-" "Java/1.5.0_21" 220 183
127.0.0.1 - - [08/Sep/2015:00:16:13 -0400] "POST /opensso/sessionservice HTTP/1.1" 200 2025 "-" "Java/1.5.0_21" 714 2203
127.0.0.1 - - [08/Sep/2015:00:16:13 -0400] "GET /opensso/identity//xml/read?name=TomcatApps3&attributes_names=realm&attributes_values_realm=%2Fappspub&attributes_names=objecttype&attributes_values_objecttype=Agent&admin=AQIC5wM2LY4Sfcwfuin4GF3PcpsYz2%2Bb0KEYXSwMUvZPjqA%3D%40AAJTSQACMDE%3D%23 HTTP/1.1" 200 13732 "-" "Java/1.5.0_21" 442 13916
127.0.0.1 - - [08/Sep/2015:00:16:13 -0400] "GET /opensso/namingservice HTTP/1.1" 200 7 "-" "Java/1.5.0_21" 220 182
127.0.0.1 - - [08/Sep/2015:00:16:42 -0400] "GET /opensso/namingservice HTTP/1.1" 200 7 "-" "Java/1.5.0_21" 220 183
127.0.0.1 - - [08/Sep/2015:00:16:43 -0400] "GET /opensso/namingservice HTTP/1.1" 200 7 "-" "Java/1.5.0_21" 220 183
66.249.67.85 - - [08/Sep/2015:00:17:08 -0400] "GET /redmine/issues/gantt?month=7&months=6&year=1305&zoom=3 HTTP/1.1" 200 51430 "-" "Mozilla/5.0 (compatible; Googlebot/2.1; +http://www.google.com/bot.html)" 345 52119
127.0.0.1 - - [08/Sep/2015:00:17:12 -0400] "GET /opensso/namingservice HTTP/1.1" 200 7 "-" "Java/1.5.0_21" 220 183
127.0.0.1 - - [08/Sep/2015:00:17:13 -0400] "GET /opensso/namingservice HTTP/1.1" 200 7 "-" "Java/1.5.0_21" 220 183
127.0.0.1 - - [08/Sep/2015:00:17:42 -0400] "GET /opensso/namingservice HTTP/1.1" 200 7 "-" "Java/1.5.0_21" 220 183
127.0.0.1 - - [08/Sep/2015:00:17:43 -0400] "GET /opensso/namingservice HTTP/1.1" 200 7 "-" "Java/1.5.0_21" 220 183
127.0.0.1 - - [08/Sep/2015:00:18:12 -0400] "GET /opensso/namingservice HTTP/1.1" 200 7 "-" "Java/1.5.0_21" 220 183
127.0.0.1 - - [08/Sep/2015:00:18:13 -0400] "GET /opensso/namingservice HTTP/1.1" 200 7 "-" "Java/1.5.0_21" 220 183
137.78.207.218 - - [08/Sep/2015:00:18:21 -0400] "HEAD /LMMPUI/LMMP_CLIENT/LMMP.html HTTP/1.1" 200 - "-" "curl/7.38.0" 110 274
127.0.0.1 - - [08/Sep/2015:00:18:42 -0400] "GET /opensso/namingservice HTTP/1.1" 200 7 "-" "Java/1.5.0_21" 220 183
127.0.0.1 - - [08/Sep/2015:00:18:43 -0400] "GET /opensso/namingservice HTTP/1.1" 200 7 "-" "Java/1.5.0_21" 220 183
127.0.0.1 - - [08/Sep/2015:00:19:12 -0400] "GET /opensso/namingservice HTTP/1.1" 200 7 "-" "Java/1.5.0_21" 220 183
127.0.0.1 - - [08/Sep/2015:00:19:13 -0400] "GET /opensso/namingservice HTTP/1.1" 200 7 "-" "Java/1.5.0_21" 220 183
127.0.0.1 - - [08/Sep/2015:00:19:42 -0400] "GET /opensso/namingservice HTTP/1.1" 200 7 "-" "Java/1.5.0_21" 220 183
127.0.0.1 - - [08/Sep/2015:00:19:43 -0400] "GET /opensso/namingservice HTTP/1.1" 200 7 "-" "Java/1.5.0_21" 220 183
127.0.0.1 - - [08/Sep/2015:00:20:12 -0400] "GET /opensso/namingservice HTTP/1.1" 200 7 "-" "Java/1.5.0_21" 220 183
127.0.0.1 - - [08/Sep/2015:00:20:13 -0400] "GET /opensso/namingservice HTTP/1.1" 200 7 "-" "Java/1.5.0_21" 220 183
127.0.0.1 - - [08/Sep/2015:00:20:42 -0400] "GET /opensso/namingservice HTTP/1.1" 200 7 "-" "Java/1.5.0_21" 220 183
127.0.0.1 - - [08/Sep/2015:00:20:43 -0400] "GET /opensso/namingservice HTTP/1.1" 200 7 "-" "Java/1.5.0_21" 220 183
66.249.67.91 - - [08/Sep/2015:00:20:55 -0400] "GET /redmine/issues/gantt?month=4&months=6&year=1439&zoom=2 HTTP/1.1" 200 30895 "-" "Mozilla/5.0 (compatible; Googlebot/2.1; +http://www.google.com/bot.html)" 345 31584
127.0.0.1 - - [08/Sep/2015:00:21:12 -0400] "GET /opensso/namingservice HTTP/1.1" 200 7 "-" "Java/1.5.0_21" 220 183
127.0.0.1 - - [08/Sep/2015:00:21:13 -0400] "GET /opensso/namingservice HTTP/1.1" 200 7 "-" "Java/1.5.0_21" 220 183
127.0.0.1 - - [08/Sep/2015:00:21:42 -0400] "GET /opensso/namingservice HTTP/1.1" 200 7 "-" "Java/1.5.0_21" 220 183
127.0.0.1 - - [08/Sep/2015:00:21:43 -0400] "GET /opensso/namingservice HTTP/1.1" 200 7 "-" "Java/1.5.0_21" 220 183
216.218.147.199 - - [08/Sep/2015:00:21:43 -0400] "GET /redmine/issues/gantt?month=5&months=6&year=2012&zoom=1 HTTP/1.0" 200 27574 "-" "GigablastOpenSource/1.0" 166 28226
127.0.0.1 - - [08/Sep/2015:00:22:12 -0400] "GET /opensso/namingservice HTTP/1.1" 200 7 "-" "Java/1.5.0_21" 220 183
127.0.0.1 - - [08/Sep/2015:00:22:13 -0400] "GET /opensso/namingservice HTTP/1.1" 200 7 "-" "Java/1.5.0_21" 220 183
127.0.0.1 - - [08/Sep/2015:00:22:42 -0400] "GET /opensso/namingservice HTTP/1.1" 200 7 "-" "Java/1.5.0_21" 220 183
127.0.0.1 - - [08/Sep/2015:00:22:43 -0400] "GET /opensso/namingservice HTTP/1.1" 200 7 "-" "Java/1.5.0_21" 220 183
127.0.0.1 - - [08/Sep/2015:00:23:12 -0400] "GET /opensso/namingservice HTTP/1.1" 200 7 "-" "Java/1.5.0_21" 220 183
127.0.0.1 - - [08/Sep/2015:00:23:13 -0400] "GET /opensso/namingservice HTTP/1.1" 200 7 "-" "Java/1.5.0_21" 220 183
137.78.207.218 - - [08/Sep/2015:00:23:21 -0400] "HEAD /LMMPUI/LMMP_CLIENT/LMMP.html HTTP/1.1" 200 - "-" "curl/7.38.0" 110 274
127.0.0.1 - - [08/Sep/2015:00:23:42 -0400] "GET /opensso/namingservice HTTP/1.1" 200 7 "-" "Java/1.5.0_21" 220 183
127.0.0.1 - - [08/Sep/2015:00:23:43 -0400] "GET /opensso/namingservice HTTP/1.1" 200 7 "-" "Java/1.5.0_21" 220 183
127.0.0.1 - - [08/Sep/2015:00:24:12 -0400] "GET /opensso/namingservice HTTP/1.1" 200 7 "-" "Java/1.5.0_21" 220 183
127.0.0.1 - - [08/Sep/2015:00:24:13 -0400] "GET /opensso/namingservice HTTP/1.1" 200 7 "-" "Java/1.5.0_21" 220 183
127.0.0.1 - - [08/Sep/2015:00:24:42 -0400] "POST /opensso/sessionservice HTTP/1.1" 200 2025 "-" "Java/1.5.0_21" 714 2203
127.0.0.1 - - [08/Sep/2015:00:24:42 -0400] "GET /opensso/identity//xml/read?name=TomcatApps1&attributes_names=realm&attributes_values_realm=%2Fappspub&attributes_names=objecttype&attributes_values_objecttype=Agent&admin=AQIC5wM2LY4SfcyRautyD4RKpwbzv6XrE24fIq8LDPQGnm0%3D%40AAJTSQACMDE%3D%23 HTTP/1.1" 200 13607 "-" "Java/1.5.0_21" 440 13791
127.0.0.1 - - [08/Sep/2015:00:24:42 -0400] "GET /opensso/namingservice HTTP/1.1" 200 7 "-" "Java/1.5.0_21" 220 182
66.249.67.97 - - [08/Sep/2015:00:24:42 -0400] "GET /redmine/issues/gantt?month=10&months=6&year=1539&zoom=4 HTTP/1.1" 200 51259 "-" "Mozilla/5.0 (compatible; Googlebot/2.1; +http://www.google.com/bot.html)" 346 51948
127.0.0.1 - - [08/Sep/2015:00:24:43 -0400] "GET /opensso/namingservice HTTP/1.1" 200 7 "-" "Java/1.5.0_21" 220 183
127.0.0.1 - - [08/Sep/2015:00:25:12 -0400] "GET /opensso/namingservice HTTP/1.1" 200 7 "-" "Java/1.5.0_21" 220 183
127.0.0.1 - - [08/Sep/2015:00:25:13 -0400] "GET /opensso/namingservice HTTP/1.1" 200 7 "-" "Java/1.5.0_21" 220 183
127.0.0.1 - - [08/Sep/2015:00:25:42 -0400] "GET /opensso/namingservice HTTP/1.1" 200 7 "-" "Java/1.5.0_21" 220 183
127.0.0.1 - - [08/Sep/2015:00:25:43 -0400] "GET /opensso/namingservice HTTP/1.1" 200 7 "-" "Java/1.5.0_21" 220 183
127.0.0.1 - - [08/Sep/2015:00:26:12 -0400] "GET /opensso/namingservice HTTP/1.1" 200 7 "-" "Java/1.5.0_21" 220 183
127.0.0.1 - - [08/Sep/2015:00:26:13 -0400] "GET /opensso/namingservice HTTP/1.1" 200 7 "-" "Java/1.5.0_21" 220 183
127.0.0.1 - - [08/Sep/2015:00:26:42 -0400] "GET /opensso/namingservice HTTP/1.1" 200 7 "-" "Java/1.5.0_21" 220 183
127.0.0.1 - - [08/Sep/2015:00:26:43 -0400] "GET /opensso/namingservice HTTP/1.1" 200 7 "-" "Java/1.5.0_21" 220 183
127.0.0.1 - - [08/Sep/2015:00:27:12 -0400] "GET /opensso/namingservice HTTP/1.1" 200 7 "-" "Java/1.5.0_21" 220 183
127.0.0.1 - - [08/Sep/2015:00:27:13 -0400] "GET /opensso/namingservice HTTP/1.1" 200 7 "-" "Java/1.5.0_21" 220 183
127.0.0.1 - - [08/Sep/2015:00:27:42 -0400] "GET /opensso/namingservice HTTP/1.1" 200 7 "-" "Java/1.5.0_21" 220 183
127.0.0.1 - - [08/Sep/2015:00:27:43 -0400] "GET /opensso/namingservice HTTP/1.1" 200 7 "-" "Java/1.5.0_21" 220 183
127.0.0.1 - - [08/Sep/2015:00:28:12 -0400] "GET /opensso/namingservice HTTP/1.1" 200 7 "-" "Java/1.5.0_21" 220 183
127.0.0.1 - - [08/Sep/2015:00:28:13 -0400] "GET /opensso/namingservice HTTP/1.1" 200 7 "-" "Java/1.5.0_21" 220 183
137.78.207.218 - - [08/Sep/2015:00:28:21 -0400] "HEAD /LMMPUI/LMMP_CLIENT/LMMP.html HTTP/1.1" 200 - "-" "curl/7.38.0" 110 274
66.249.67.97 - - [08/Sep/2015:00:28:29 -0400] "GET /redmine/issues/gantt?month=8&months=6&year=1138&zoom=4 HTTP/1.1" 200 51389 "-" "Mozilla/5.0 (compatible; Googlebot/2.1; +http://www.google.com/bot.html)" 345 52078
