120.191.114.141 - - [15/Jan/2016:21:57:09 -0500] "GET /LMMPUI/LMMP_CLIENT/homepage/features.xml?v=1452938155415 HTTP/1.1" 200 1611 "http://pub.lmmp.nasa.gov/LMMPUI/LMMP_CLIENT/LMMP.html" "Mozilla/5.0 (Windows NT 10.0) AppleWebKit/537.36 (KHTML, like Gecko) Chrome/47.0.2526.106 Safari/537.36" 661 1947
127.0.0.1 - - [15/Jan/2016:21:57:10 -0500] "GET /openssorest/token/localldap HTTP/1.1" 200 62 "-" "Java/1.5.0_21" 277 239
120.191.114.141 - - [15/Jan/2016:21:57:10 -0500] "GET /LMMPUI/rest/proxy/proxyService?cs=bG1tcGd1ZXN0fGd1ZXN0bG1tcHxodHRwOi8vcHViLmxtbXAubmFzYS5nb3Yvb3BlbnNzb3Jlc3QvdG9rZW4vbG9jYWxsZGFw HTTP/1.1" 200 63 "http://pub.lmmp.nasa.gov/LMMPUI/LMMP_CLIENT/LMMP.html" "Mozilla/5.0 (Windows NT 10.0) AppleWebKit/537.36 (KHTML, like Gecko) Chrome/47.0.2526.106 Safari/537.36" 735 238
120.191.114.141 - - [15/Jan/2016:21:57:11 -0500] "POST /openssorest/token/localldap HTTP/1.1" 200 62 "http://pub.lmmp.nasa.gov/LMMPUI/LMMP_CLIENT/LMMP_WB.swf/[[DYNAMIC]]/10" "Mozilla/5.0 (Windows NT 10.0) AppleWebKit/537.36 (KHTML, like Gecko) Chrome/47.0.2526.106 Safari/537.36" 809 238
120.191.114.141 - - [15/Jan/2016:21:57:11 -0500] "GET /opensso/identity/isTokenValid?iPlanetDirectoryPro=AQIC5wM2LY4SfcwrTXgWxi5BRu3s4mu%2BZuxkyqIzEj4AKqg%3D%40AAJTSQACMDE%3D%23 HTTP/1.1" 200 13 "http://pub.lmmp.nasa.gov/LMMPUI/LMMP_CLIENT/LMMP.html" "Mozilla/5.0 (Windows NT 10.0) AppleWebKit/537.36 (KHTML, like Gecko) Chrome/47.0.2526.106 Safari/537.36" 727 170
127.0.0.1 - - [15/Jan/2016:21:57:12 -0500] "GET /opensso/namingservice HTTP/1.1" 200 7 "-" "Java/1.5.0_21" 220 183
120.191.114.141 - - [15/Jan/2016:21:57:12 -0500] "GET /opensso/identity/isTokenValid?iPlanetDirectoryPro=AQIC5wM2LY4SfcwrTXgWxi5BRu3s4mu%2BZuxkyqIzEj4AKqg%3D%40AAJTSQACMDE%3D%23 HTTP/1.1" 200 13 "http://pub.lmmp.nasa.gov/LMMPUI/LMMP_CLIENT/LMMP.html" "Mozilla/5.0 (Windows NT 10.0) AppleWebKit/537.36 (KHTML, like Gecko) Chrome/47.0.2526.106 Safari/537.36" 727 170
120.191.114.141 - - [15/Jan/2016:21:57:12 -0500] "GET /opensso/identity/attributes?iPlanetDirectoryPro=AQIC5wM2LY4SfcwrTXgWxi5BRu3s4mu%2BZuxkyqIzEj4AKqg%3D%40AAJTSQACMDE%3D%23 HTTP/1.1" 200 981 "http://pub.lmmp.nasa.gov/LMMPUI/LMMP_CLIENT/LMMP.html" "Mozilla/5.0 (Windows NT 10.0) AppleWebKit/537.36 (KHTML, like Gecko) Chrome/47.0.2526.106 Safari/537.36" 725 1139
127.0.0.1 - - [15/Jan/2016:21:57:12 -0500] "POST /opensso/sessionservice HTTP/1.1" 200 2015 "-" "Java/1.5.0_21" 817 2193
127.0.0.1 - - [15/Jan/2016:21:57:12 -0500] "POST /opensso/policyservice HTTP/1.1" 200 9461 "-" "Java/1.5.0_21" 1121 9646
127.0.0.1 - - [15/Jan/2016:21:57:12 -0500] "POST /opensso/jaxrpc/SMSObjectIF HTTP/1.1" 200 505 "-" "Java/1.5.0_21" 847 766
127.0.0.1 - - [15/Jan/2016:21:57:12 -0500] "POST /opensso/jaxrpc/DirectoryManagerIF HTTP/1.1" 200 1290 "-" "Java/1.5.0_21" 1362 1551
120.191.114.141 - - [15/Jan/2016:21:57:12 -0500] "GET /LMMP/rest/dbxml/resources?iPlanetDirectoryPro=AQIC5wM2LY4SfcwrTXgWxi5BRu3s4mu%2BZuxkyqIzEj4AKqg%3D%40AAJTSQACMDE%3D%23 HTTP/1.1" 200 2827 "http://pub.lmmp.nasa.gov/LMMPUI/LMMP_CLIENT/LMMP.html" "Mozilla/5.0 (Windows NT 10.0) AppleWebKit/537.36 (KHTML, like Gecko) Chrome/47.0.2526.106 Safari/537.36" 723 3079
120.191.114.141 - - [15/Jan/2016:21:57:12 -0500] "GET /opensso/identity/isTokenValid?iPlanetDirectoryPro=AQIC5wM2LY4SfcwrTXgWxi5BRu3s4mu%2BZuxkyqIzEj4AKqg%3D%40AAJTSQACMDE%3D%23 HTTP/1.1" 200 13 "http://pub.lmmp.nasa.gov/LMMPUI/LMMP_CLIENT/LMMP.html" "Mozilla/5.0 (Windows NT 10.0) AppleWebKit/537.36 (KHTML, like Gecko) Chrome/47.0.2526.106 Safari/537.36" 727 170
120.191.114.141 - - [15/Jan/2016:21:57:13 -0500] "GET /opensso/identity/isTokenValid?iPlanetDirectoryPro=AQIC5wM2LY4SfcwrTXgWxi5BRu3s4mu%2BZuxkyqIzEj4AKqg%3D%40AAJTSQACMDE%3D%23 HTTP/1.1" 200 13 "http://pub.lmmp.nasa.gov/LMMPUI/LMMP_CLIENT/LMMP.html" "Mozilla/5.0 (Windows NT 10.0) AppleWebKit/537.36 (KHTML, like Gecko) Chrome/47.0.2526.106 Safari/537.36" 727 170
120.191.114.141 - - [15/Jan/2016:21:57:13 -0500] "GET /LMMPUI/LMMP_CLIENT/config/basemap.xml?iPlanetDirectoryPro=AQIC5wM2LY4SfcwrTXgWxi5BRu3s4mu%2BZuxkyqIzEj4AKqg%3D%40AAJTSQACMDE%3D%23 HTTP/1.1" 200 232 "http://pub.lmmp.nasa.gov/LMMPUI/LMMP_CLIENT/LMMP.html" "Mozilla/5.0 (Windows NT 10.0) AppleWebKit/537.36 (KHTML, like Gecko) Chrome/47.0.2526.106 Safari/537.36" 735 565
120.191.114.141 - - [15/Jan/2016:21:57:13 -0500] "GET /opensso/identity/isTokenValid?iPlanetDirectoryPro=AQIC5wM2LY4SfcwrTXgWxi5BRu3s4mu%2BZuxkyqIzEj4AKqg%3D%40AAJTSQACMDE%3D%23 HTTP/1.1" 200 13 "http://pub.lmmp.nasa.gov/LMMPUI/LMMP_CLIENT/LMMP.html" "Mozilla/5.0 (Windows NT 10.0) AppleWebKit/537.36 (KHTML, like Gecko) Chrome/47.0.2526.106 Safari/537.36" 727 170
120.191.114.141 - - [15/Jan/2016:21:57:13 -0500] "GET /LMMPUI/LMMP_CLIENT/config/npBasemap.xml?iPlanetDirectoryPro=AQIC5wM2LY4SfcwrTXgWxi5BRu3s4mu%2BZuxkyqIzEj4AKqg%3D%40AAJTSQACMDE%3D%23 HTTP/1.1" 200 178 "http://pub.lmmp.nasa.gov/LMMPUI/LMMP_CLIENT/LMMP.html" "Mozilla/5.0 (Windows NT 10.0) AppleWebKit/537.36 (KHTML, like Gecko) Chrome/47.0.2526.106 Safari/537.36" 737 512
120.191.114.141 - - [15/Jan/2016:21:57:13 -0500] "GET /opensso/identity/isTokenValid?iPlanetDirectoryPro=AQIC5wM2LY4SfcwrTXgWxi5BRu3s4mu%2BZuxkyqIzEj4AKqg%3D%40AAJTSQACMDE%3D%23 HTTP/1.1" 200 13 "http://pub.lmmp.nasa.gov/LMMPUI/LMMP_CLIENT/LMMP.html" "Mozilla/5.0 (Windows NT 10.0) AppleWebKit/537.36 (KHTML, like Gecko) Chrome/47.0.2526.106 Safari/537.36" 727 170
120.191.114.141 - - [15/Jan/2016:21:57:13 -0500] "GET /LMMPUI/LMMP_CLIENT/config/spBasemap.xml?iPlanetDirectoryPro=AQIC5wM2LY4SfcwrTXgWxi5BRu3s4mu%2BZuxkyqIzEj4AKqg%3D%40AAJTSQACMDE%3D%23 HTTP/1.1" 200 178 "http://pub.lmmp.nasa.gov/LMMPUI/LMMP_CLIENT/LMMP.html" "Mozilla/5.0 (Windows NT 10.0) AppleWebKit/537.36 (KHTML, like Gecko) Chrome/47.0.2526.106 Safari/537.36" 737 511
120.191.114.141 - - [15/Jan/2016:21:57:14 -0500] "GET /opensso/identity/isTokenValid?iPlanetDirectoryPro=AQIC5wM2LY4SfcwrTXgWxi5BRu3s4mu%2BZuxkyqIzEj4AKqg%3D%40AAJTSQACMDE%3D%23 HTTP/1.1" 200 13 "http://pub.lmmp.nasa.gov/LMMPUI/LMMP_CLIENT/LMMP.html" "Mozilla/5.0 (Windows NT 10.0) AppleWebKit/537.36 (KHTML, like Gecko) Chrome/47.0.2526.106 Safari/537.36" 727 170
127.0.0.1 - - [15/Jan/2016:21:57:14 -0500] "POST /opensso/jaxrpc/SMSObjectIF HTTP/1.1" 200 505 "-" "Java/1.5.0_21" 847 766
127.0.0.1 - - [15/Jan/2016:21:57:14 -0500] "POST /opensso/jaxrpc/DirectoryManagerIF HTTP/1.1" 200 1290 "-" "Java/1.5.0_21" 1362 1551
120.191.114.141 - - [15/Jan/2016:21:57:14 -0500] "GET /opensso/identity/isTokenValid?iPlanetDirectoryPro=AQIC5wM2LY4SfcwrTXgWxi5BRu3s4mu%2BZuxkyqIzEj4AKqg%3D%40AAJTSQACMDE%3D%23 HTTP/1.1" 200 13 "http://pub.lmmp.nasa.gov/LMMPUI/LMMP_CLIENT/LMMP.html" "Mozilla/5.0 (Windows NT 10.0) AppleWebKit/537.36 (KHTML, like Gecko) Chrome/47.0.2526.106 Safari/537.36" 727 170
127.0.0.1 - - [15/Jan/2016:21:57:14 -0500] "POST /opensso/jaxrpc/SMSObjectIF HTTP/1.1" 200 505 "-" "Java/1.5.0_21" 847 766
127.0.0.1 - - [15/Jan/2016:21:57:14 -0500] "POST /opensso/jaxrpc/DirectoryManagerIF HTTP/1.1" 200 1290 "-" "Java/1.5.0_21" 1362 1551
127.0.0.1 - - [15/Jan/2016:21:57:15 -0500] "POST /opensso/jaxrpc/SMSObjectIF HTTP/1.1" 200 505 "-" "Java/1.5.0_21" 847 766
127.0.0.1 - - [15/Jan/2016:21:57:15 -0500] "POST /opensso/jaxrpc/DirectoryManagerIF HTTP/1.1" 200 1290 "-" "Java/1.5.0_21" 1362 1551
120.191.114.141 - - [15/Jan/2016:21:57:14 -0500] "GET /LMMP/rest/dbxml/layers?proj=IAU2000:30118&visOnly=true&iPlanetDirectoryPro=AQIC5wM2LY4SfcwrTXgWxi5BRu3s4mu%2BZuxkyqIzEj4AKqg%3D%40AAJTSQACMDE%3D%23&sort=Mission%2Ctitle HTTP/1.1" 200 45606 "http://pub.lmmp.nasa.gov/LMMPUI/LMMP_CLIENT/LMMP.html" "Mozilla/5.0 (Windows NT 10.0) AppleWebKit/537.36 (KHTML, like Gecko) Chrome/47.0.2526.106 Safari/537.36" 826 45895
120.191.114.141 - - [15/Jan/2016:21:57:15 -0500] "GET /LMMP/rest/dbxml/layers?proj=IAU2000:30120&visOnly=true&iPlanetDirectoryPro=AQIC5wM2LY4SfcwrTXgWxi5BRu3s4mu%2BZuxkyqIzEj4AKqg%3D%40AAJTSQACMDE%3D%23&sort=Mission%2Ctitle HTTP/1.1" 200 47719 "http://pub.lmmp.nasa.gov/LMMPUI/LMMP_CLIENT/LMMP.html" "Mozilla/5.0 (Windows NT 10.0) AppleWebKit/537.36 (KHTML, like Gecko) Chrome/47.0.2526.106 Safari/537.36" 826 48008
120.191.114.141 - - [15/Jan/2016:21:57:17 -0500] "GET /opensso/identity/isTokenValid?iPlanetDirectoryPro=AQIC5wM2LY4SfcwrTXgWxi5BRu3s4mu%2BZuxkyqIzEj4AKqg%3D%40AAJTSQACMDE%3D%23 HTTP/1.1" 200 13 "http://pub.lmmp.nasa.gov/LMMPUI/LMMP_CLIENT/LMMP.html" "Mozilla/5.0 (Windows NT 10.0) AppleWebKit/537.36 (KHTML, like Gecko) Chrome/47.0.2526.106 Safari/537.36" 727 170
120.191.114.141 - - [15/Jan/2016:21:57:18 -0500] "GET /opensso/identity/isTokenValid?iPlanetDirectoryPro=AQIC5wM2LY4SfcwrTXgWxi5BRu3s4mu%2BZuxkyqIzEj4AKqg%3D%40AAJTSQACMDE%3D%23 HTTP/1.1" 200 13 "http://pub.lmmp.nasa.gov/LMMPUI/LMMP_CLIENT/LMMP.html" "Mozilla/5.0 (Windows NT 10.0) AppleWebKit/537.36 (KHTML, like Gecko) Chrome/47.0.2526.106 Safari/537.36" 727 170
127.0.0.1 - - [15/Jan/2016:21:57:18 -0500] "POST /opensso/jaxrpc/SMSObjectIF HTTP/1.1" 200 505 "-" "Java/1.5.0_21" 847 766
127.0.0.1 - - [15/Jan/2016:21:57:18 -0500] "POST /opensso/jaxrpc/DirectoryManagerIF HTTP/1.1" 200 1290 "-" "Java/1.5.0_21" 1362 1551
120.191.114.141 - - [15/Jan/2016:21:57:18 -0500] "GET /LMMP/rest/dbxml/layers/int?proj=IAU2000:30118&iPlanetDirectoryPro=AQIC5wM2LY4SfcwrTXgWxi5BRu3s4mu%2BZuxkyqIzEj4AKqg%3D%40AAJTSQACMDE%3D%23&sort=Mission%2Ctitle HTTP/1.1" 200 17443 "http://pub.lmmp.nasa.gov/LMMPUI/LMMP_CLIENT/LMMP.html" "Mozilla/5.0 (Windows NT 10.0) AppleWebKit/537.36 (KHTML, like Gecko) Chrome/47.0.2526.106 Safari/537.36" 817 17707
127.0.0.1 - - [15/Jan/2016:21:57:18 -0500] "POST /opensso/jaxrpc/SMSObjectIF HTTP/1.1" 200 505 "-" "Java/1.5.0_21" 847 766
127.0.0.1 - - [15/Jan/2016:21:57:18 -0500] "POST /opensso/jaxrpc/DirectoryManagerIF HTTP/1.1" 200 1290 "-" "Java/1.5.0_21" 1362 1551
120.191.114.141 - - [15/Jan/2016:21:57:18 -0500] "GET /LMMP/rest/dbxml/layers/int?proj=IAU2000:30120&iPlanetDirectoryPro=AQIC5wM2LY4SfcwrTXgWxi5BRu3s4mu%2BZuxkyqIzEj4AKqg%3D%40AAJTSQACMDE%3D%23&sort=Mission%2Ctitle HTTP/1.1" 200 18425 "http://pub.lmmp.nasa.gov/LMMPUI/LMMP_CLIENT/LMMP.html" "Mozilla/5.0 (Windows NT 10.0) AppleWebKit/537.36 (KHTML, like Gecko) Chrome/47.0.2526.106 Safari/537.36" 817 18689
120.191.114.141 - - [15/Jan/2016:21:57:14 -0500] "GET /LMMP/rest/dbxml/layers?proj=IAU2000:30100&visOnly=true&iPlanetDirectoryPro=AQIC5wM2LY4SfcwrTXgWxi5BRu3s4mu%2BZuxkyqIzEj4AKqg%3D%40AAJTSQACMDE%3D%23&sort=Mission%2Ctitle HTTP/1.1" 200 858868 "http://pub.lmmp.nasa.gov/LMMPUI/LMMP_CLIENT/LMMP.html" "Mozilla/5.0 (Windows NT 10.0) AppleWebKit/537.36 (KHTML, like Gecko) Chrome/47.0.2526.106 Safari/537.36" 826 859949
120.191.114.141 - - [15/Jan/2016:21:57:25 -0500] "GET /opensso/identity/isTokenValid?iPlanetDirectoryPro=AQIC5wM2LY4SfcwrTXgWxi5BRu3s4mu%2BZuxkyqIzEj4AKqg%3D%40AAJTSQACMDE%3D%23 HTTP/1.1" 200 13 "http://pub.lmmp.nasa.gov/LMMPUI/LMMP_CLIENT/LMMP.html" "Mozilla/5.0 (Windows NT 10.0) AppleWebKit/537.36 (KHTML, like Gecko) Chrome/47.0.2526.106 Safari/537.36" 727 170
127.0.0.1 - - [15/Jan/2016:21:57:25 -0500] "POST /opensso/jaxrpc/SMSObjectIF HTTP/1.1" 200 505 "-" "Java/1.5.0_21" 847 767
127.0.0.1 - - [15/Jan/2016:21:57:25 -0500] "POST /opensso/jaxrpc/DirectoryManagerIF HTTP/1.1" 200 1290 "-" "Java/1.5.0_21" 1362 1551
120.191.114.141 - - [15/Jan/2016:21:57:25 -0500] "GET /LMMP/rest/dbxml/layers/int?proj=IAU2000:30100&iPlanetDirectoryPro=AQIC5wM2LY4SfcwrTXgWxi5BRu3s4mu%2BZuxkyqIzEj4AKqg%3D%40AAJTSQACMDE%3D%23&sort=Mission%2Ctitle HTTP/1.1" 200 359087 "http://pub.lmmp.nasa.gov/LMMPUI/LMMP_CLIENT/LMMP.html" "Mozilla/5.0 (Windows NT 10.0) AppleWebKit/537.36 (KHTML, like Gecko) Chrome/47.0.2526.106 Safari/537.36" 817 359680
120.191.114.141 - - [15/Jan/2016:21:57:31 -0500] "GET /opensso/identity/isTokenValid?iPlanetDirectoryPro=AQIC5wM2LY4SfcwrTXgWxi5BRu3s4mu%2BZuxkyqIzEj4AKqg%3D%40AAJTSQACMDE%3D%23 HTTP/1.1" 200 13 "http://pub.lmmp.nasa.gov/LMMPUI/LMMP_CLIENT/LMMP.html" "Mozilla/5.0 (Windows NT 10.0) AppleWebKit/537.36 (KHTML, like Gecko) Chrome/47.0.2526.106 Safari/537.36" 727 170
120.191.114.141 - - [15/Jan/2016:21:57:32 -0500] "GET /LMMPUI/LMMP_CLIENT/sampleData/emptyLayer.xml?iPlanetDirectoryPro=AQIC5wM2LY4SfcwrTXgWxi5BRu3s4mu%2BZuxkyqIzEj4AKqg%3D%40AAJTSQACMDE%3D%23 HTTP/1.1" 200 19 "http://pub.lmmp.nasa.gov/LMMPUI/LMMP_CLIENT/LMMP.html" "Mozilla/5.0 (Windows NT 10.0) AppleWebKit/537.36 (KHTML, like Gecko) Chrome/47.0.2526.106 Safari/537.36" 742 350
120.191.114.141 - - [15/Jan/2016:21:57:34 -0500] "GET /opensso/identity/isTokenValid?iPlanetDirectoryPro=AQIC5wM2LY4SfcwrTXgWxi5BRu3s4mu%2BZuxkyqIzEj4AKqg%3D%40AAJTSQACMDE%3D%23 HTTP/1.1" 200 13 "http://pub.lmmp.nasa.gov/LMMPUI/LMMP_CLIENT/LMMP.html" "Mozilla/5.0 (Windows NT 10.0) AppleWebKit/537.36 (KHTML, like Gecko) Chrome/47.0.2526.106 Safari/537.36" 727 170
120.191.114.141 - - [15/Jan/2016:21:57:34 -0500] "GET /LMMPUI/LMMP_CLIENT/sampleData/nomenclature.xml HTTP/1.1" 200 1725 "http://pub.lmmp.nasa.gov/LMMPUI/LMMP_CLIENT/LMMP.html" "Mozilla/5.0 (Windows NT 10.0) AppleWebKit/537.36 (KHTML, like Gecko) Chrome/47.0.2526.106 Safari/537.36" 651 2061
120.191.114.141 - - [15/Jan/2016:21:57:34 -0500] "GET /LMMPUI/LMMP_CLIENT/sampleData/graticule.xml HTTP/1.1" 200 1234 "http://pub.lmmp.nasa.gov/LMMPUI/LMMP_CLIENT/LMMP.html" "Mozilla/5.0 (Windows NT 10.0) AppleWebKit/537.36 (KHTML, like Gecko) Chrome/47.0.2526.106 Safari/537.36" 648 1570
120.191.114.141 - - [15/Jan/2016:21:57:34 -0500] "GET /LMMPUI/LMMP_CLIENT/config/searchResultFields.xml HTTP/1.1" 200 1711 "http://pub.lmmp.nasa.gov/LMMPUI/LMMP_CLIENT/LMMP.html" "Mozilla/5.0 (Windows NT 10.0) AppleWebKit/537.36 (KHTML, like Gecko) Chrome/47.0.2526.106 Safari/537.36" 653 2047
120.191.114.141 - - [15/Jan/2016:21:57:34 -0500] "GET /LMMPUI/LMMP_CLIENT/config/nomenclatureType.xml HTTP/1.1" 200 691 "http://pub.lmmp.nasa.gov/LMMPUI/LMMP_CLIENT/LMMP.html" "Mozilla/5.0 (Windows NT 10.0) AppleWebKit/537.36 (KHTML, like Gecko) Chrome/47.0.2526.106 Safari/537.36" 651 1024
120.191.114.141 - - [15/Jan/2016:21:57:34 -0500] "GET /opensso/identity/isTokenValid?iPlanetDirectoryPro=AQIC5wM2LY4SfcwrTXgWxi5BRu3s4mu%2BZuxkyqIzEj4AKqg%3D%40AAJTSQACMDE%3D%23 HTTP/1.1" 200 13 "http://pub.lmmp.nasa.gov/LMMPUI/LMMP_CLIENT/LMMP.html" "Mozilla/5.0 (Windows NT 10.0) AppleWebKit/537.36 (KHTML, like Gecko) Chrome/47.0.2526.106 Safari/537.36" 727 171
120.191.114.141 - - [15/Jan/2016:21:57:35 -0500] "GET /LMMP/rest/auxmd/types?iPlanetDirectoryPro=AQIC5wM2LY4SfcwrTXgWxi5BRu3s4mu%2BZuxkyqIzEj4AKqg%3D%40AAJTSQACMDE%3D%23 HTTP/1.1" 200 119 "http://pub.lmmp.nasa.gov/LMMPUI/LMMP_CLIENT/LMMP.html" "Mozilla/5.0 (Windows NT 10.0) AppleWebKit/537.36 (KHTML, like Gecko) Chrome/47.0.2526.106 Safari/537.36" 772 294
120.191.114.141 - - [15/Jan/2016:21:57:35 -0500] "GET /LMMP/rest/auxmd/acl?iPlanetDirectoryPro=AQIC5wM2LY4SfcwrTXgWxi5BRu3s4mu%2BZuxkyqIzEj4AKqg%3D%40AAJTSQACMDE%3D%23 HTTP/1.1" 200 1468 "http://pub.lmmp.nasa.gov/LMMPUI/LMMP_CLIENT/LMMP.html" "Mozilla/5.0 (Windows NT 10.0) AppleWebKit/537.36 (KHTML, like Gecko) Chrome/47.0.2526.106 Safari/537.36" 770 1644
120.191.114.141 - - [15/Jan/2016:21:57:35 -0500] "GET /opensso/identity/isTokenValid?iPlanetDirectoryPro=AQIC5wM2LY4SfcwrTXgWxi5BRu3s4mu%2BZuxkyqIzEj4AKqg%3D%40AAJTSQACMDE%3D%23 HTTP/1.1" 200 13 "http://pub.lmmp.nasa.gov/LMMPUI/LMMP_CLIENT/LMMP.html" "Mozilla/5.0 (Windows NT 10.0) AppleWebKit/537.36 (KHTML, like Gecko) Chrome/47.0.2526.106 Safari/537.36" 727 170
120.191.114.141 - - [15/Jan/2016:21:57:35 -0500] "GET /opensso/identity/isTokenValid?iPlanetDirectoryPro=AQIC5wM2LY4SfcwrTXgWxi5BRu3s4mu%2BZuxkyqIzEj4AKqg%3D%40AAJTSQACMDE%3D%23 HTTP/1.1" 200 13 "http://pub.lmmp.nasa.gov/LMMPUI/LMMP_CLIENT/LMMP.html" "Mozilla/5.0 (Windows NT 10.0) AppleWebKit/537.36 (KHTML, like Gecko) Chrome/47.0.2526.106 Safari/537.36" 727 170
120.191.114.141 - - [15/Jan/2016:21:57:35 -0500] "GET /LMMP/rest/auxmd/create?iPlanetDirectoryPro=AQIC5wM2LY4SfcwrTXgWxi5BRu3s4mu%2BZuxkyqIzEj4AKqg%3D%40AAJTSQACMDE%3D%23&mdType=layer HTTP/1.1" 200 173 "http://pub.lmmp.nasa.gov/LMMPUI/LMMP_CLIENT/LMMP.html" "Mozilla/5.0 (Windows NT 10.0) AppleWebKit/537.36 (KHTML, like Gecko) Chrome/47.0.2526.106 Safari/537.36" 786 348
120.191.114.141 - - [15/Jan/2016:21:57:36 -0500] "GET /opensso/identity/isTokenValid?iPlanetDirectoryPro=AQIC5wM2LY4SfcwrTXgWxi5BRu3s4mu%2BZuxkyqIzEj4AKqg%3D%40AAJTSQACMDE%3D%23 HTTP/1.1" 200 13 "http://pub.lmmp.nasa.gov/LMMPUI/LMMP_CLIENT/LMMP.html" "Mozilla/5.0 (Windows NT 10.0) AppleWebKit/537.36 (KHTML, like Gecko) Chrome/47.0.2526.106 Safari/537.36" 727 170
120.191.114.141 - - [15/Jan/2016:21:57:36 -0500] "GET /LMMP/rest/auxmd/create?iPlanetDirectoryPro=AQIC5wM2LY4SfcwrTXgWxi5BRu3s4mu%2BZuxkyqIzEj4AKqg%3D%40AAJTSQACMDE%3D%23&mdType=point HTTP/1.1" 200 319 "http://pub.lmmp.nasa.gov/LMMPUI/LMMP_CLIENT/LMMP.html" "Mozilla/5.0 (Windows NT 10.0) AppleWebKit/537.36 (KHTML, like Gecko) Chrome/47.0.2526.106 Safari/537.36" 786 495
120.191.114.141 - - [15/Jan/2016:21:57:36 -0500] "GET /opensso/identity/isTokenValid?iPlanetDirectoryPro=AQIC5wM2LY4SfcwrTXgWxi5BRu3s4mu%2BZuxkyqIzEj4AKqg%3D%40AAJTSQACMDE%3D%23 HTTP/1.1" 200 13 "http://pub.lmmp.nasa.gov/LMMPUI/LMMP_CLIENT/LMMP.html" "Mozilla/5.0 (Windows NT 10.0) AppleWebKit/537.36 (KHTML, like Gecko) Chrome/47.0.2526.106 Safari/537.36" 727 170
120.191.114.141 - - [15/Jan/2016:21:57:36 -0500] "GET /LMMP/rest/auxmd/create?iPlanetDirectoryPro=AQIC5wM2LY4SfcwrTXgWxi5BRu3s4mu%2BZuxkyqIzEj4AKqg%3D%40AAJTSQACMDE%3D%23&mdType=bounding HTTP/1.1" 200 513 "http://pub.lmmp.nasa.gov/LMMPUI/LMMP_CLIENT/LMMP.html" "Mozilla/5.0 (Windows NT 10.0) AppleWebKit/537.36 (KHTML, like Gecko) Chrome/47.0.2526.106 Safari/537.36" 789 689
120.191.114.141 - - [15/Jan/2016:21:57:37 -0500] "GET /opensso/identity/isTokenValid?iPlanetDirectoryPro=AQIC5wM2LY4SfcwrTXgWxi5BRu3s4mu%2BZuxkyqIzEj4AKqg%3D%40AAJTSQACMDE%3D%23 HTTP/1.1" 200 13 "http://pub.lmmp.nasa.gov/LMMPUI/LMMP_CLIENT/LMMP.html" "Mozilla/5.0 (Windows NT 10.0) AppleWebKit/537.36 (KHTML, like Gecko) Chrome/47.0.2526.106 Safari/537.36" 727 170
120.191.114.141 - - [15/Jan/2016:21:57:37 -0500] "GET /LMMP/rest/auxmd/create?iPlanetDirectoryPro=AQIC5wM2LY4SfcwrTXgWxi5BRu3s4mu%2BZuxkyqIzEj4AKqg%3D%40AAJTSQACMDE%3D%23&mdType=polyo HTTP/1.1" 200 38 "http://pub.lmmp.nasa.gov/LMMPUI/LMMP_CLIENT/LMMP.html" "Mozilla/5.0 (Windows NT 10.0) AppleWebKit/537.36 (KHTML, like Gecko) Chrome/47.0.2526.106 Safari/537.36" 786 213
120.191.114.141 - - [15/Jan/2016:21:57:37 -0500] "GET /LMMP/rest/auxmd/create?iPlanetDirectoryPro=AQIC5wM2LY4SfcwrTXgWxi5BRu3s4mu%2BZuxkyqIzEj4AKqg%3D%40AAJTSQACMDE%3D%23&mdType=polyx HTTP/1.1" 200 38 "http://pub.lmmp.nasa.gov/LMMPUI/LMMP_CLIENT/LMMP.html" "Mozilla/5.0 (Windows NT 10.0) AppleWebKit/537.36 (KHTML, like Gecko) Chrome/47.0.2526.106 Safari/537.36" 786 213
127.0.0.1 - - [15/Jan/2016:21:57:38 -0500] "GET /opensso/namingservice HTTP/1.1" 200 7 "-" "Java/1.5.0_21" 220 183
120.191.114.141 - - [15/Jan/2016:21:57:39 -0500] "GET /LMMPUI/LMMP_CLIENT/assets/system/complete.png HTTP/1.1" 200 272 "http://pub.lmmp.nasa.gov/LMMPUI/LMMP_CLIENT/LMMP.html" "Mozilla/5.0 (Windows NT 10.0) AppleWebKit/537.36 (KHTML, like Gecko) Chrome/47.0.2526.106 Safari/537.36" 650 599
120.191.114.141 - - [15/Jan/2016:21:57:39 -0500] "GET /LMMPUI/LMMP_CLIENT/assets/menu/search.png HTTP/1.1" 200 15244 "http://pub.lmmp.nasa.gov/LMMPUI/LMMP_CLIENT/LMMP.html" "Mozilla/5.0 (Windows NT 10.0) AppleWebKit/537.36 (KHTML, like Gecko) Chrome/47.0.2526.106 Safari/537.36" 646 15575
120.191.114.141 - - [15/Jan/2016:21:57:39 -0500] "GET /LMMPUI/LMMP_CLIENT/assets/menu/layers.png HTTP/1.1" 200 15248 "http://pub.lmmp.nasa.gov/LMMPUI/LMMP_CLIENT/LMMP.html" "Mozilla/5.0 (Windows NT 10.0) AppleWebKit/537.36 (KHTML, like Gecko) Chrome/47.0.2526.106 Safari/537.36" 646 15579
120.191.114.141 - - [15/Jan/2016:21:57:39 -0500] "GET /LMMPUI/LMMP_CLIENT/assets/menu/upload.png HTTP/1.1" 200 11528 "http://pub.lmmp.nasa.gov/LMMPUI/LMMP_CLIENT/LMMP.html" "Mozilla/5.0 (Windows NT 10.0) AppleWebKit/537.36 (KHTML, like Gecko) Chrome/47.0.2526.106 Safari/537.36" 646 11859
120.191.114.141 - - [15/Jan/2016:21:57:39 -0500] "GET /LMMPUI/LMMP_CLIENT/assets/menu/fullextent.png HTTP/1.1" 200 15565 "http://pub.lmmp.nasa.gov/LMMPUI/LMMP_CLIENT/LMMP.html" "Mozilla/5.0 (Windows NT 10.0) AppleWebKit/537.36 (KHTML, like Gecko) Chrome/47.0.2526.106 Safari/537.36" 650 15896
120.191.114.141 - - [15/Jan/2016:21:57:39 -0500] "GET /LMMPUI/LMMP_CLIENT/assets/menu/info.png HTTP/1.1" 200 9601 "http://pub.lmmp.nasa.gov/LMMPUI/LMMP_CLIENT/LMMP.html" "Mozilla/5.0 (Windows NT 10.0) AppleWebKit/537.36 (KHTML, like Gecko) Chrome/47.0.2526.106 Safari/537.36" 644 9931
120.191.114.141 - - [15/Jan/2016:21:57:39 -0500] "GET /LMMPUI/LMMP_CLIENT/assets/menu/fullscreen.png HTTP/1.1" 200 6741 "http://pub.lmmp.nasa.gov/LMMPUI/LMMP_CLIENT/LMMP.html" "Mozilla/5.0 (Windows NT 10.0) AppleWebKit/537.36 (KHTML, like Gecko) Chrome/47.0.2526.106 Safari/537.36" 650 7070
120.191.114.141 - - [15/Jan/2016:21:57:40 -0500] "GET /LMMPUI/LMMP_CLIENT/assets/menu/link.png HTTP/1.1" 200 11578 "http://pub.lmmp.nasa.gov/LMMPUI/LMMP_CLIENT/LMMP.html" "Mozilla/5.0 (Windows NT 10.0) AppleWebKit/537.36 (KHTML, like Gecko) Chrome/47.0.2526.106 Safari/537.36" 644 11909
120.191.114.141 - - [15/Jan/2016:21:57:40 -0500] "GET /LMMPUI/LMMP_CLIENT/assets/system/i_expand3.png HTTP/1.1" 200 1686 "http://pub.lmmp.nasa.gov/LMMPUI/LMMP_CLIENT/LMMP.html" "Mozilla/5.0 (Windows NT 10.0) AppleWebKit/537.36 (KHTML, like Gecko) Chrome/47.0.2526.106 Safari/537.36" 651 2015
120.191.114.141 - - [15/Jan/2016:21:57:40 -0500] "GET /LMMPUI/LMMP_CLIENT/assets/system/nameSearch.png HTTP/1.1" 200 1475 "http://pub.lmmp.nasa.gov/LMMPUI/LMMP_CLIENT/LMMP.html" "Mozilla/5.0 (Windows NT 10.0) AppleWebKit/537.36 (KHTML, like Gecko) Chrome/47.0.2526.106 Safari/537.36" 652 1804
120.191.114.141 - - [15/Jan/2016:21:57:40 -0500] "GET /LMMPUI/LMMP_CLIENT/assets/system/w_closeCircle.png HTTP/1.1" 200 1612 "http://pub.lmmp.nasa.gov/LMMPUI/LMMP_CLIENT/LMMP.html" "Mozilla/5.0 (Windows NT 10.0) AppleWebKit/537.36 (KHTML, like Gecko) Chrome/47.0.2526.106 Safari/537.36" 655 1941
120.191.114.141 - - [15/Jan/2016:21:57:40 -0500] "GET /LMMPUI/LMMP_CLIENT/assets/system/plus.png HTTP/1.1" 200 1567 "http://pub.lmmp.nasa.gov/LMMPUI/LMMP_CLIENT/LMMP.html" "Mozilla/5.0 (Windows NT 10.0) AppleWebKit/537.36 (KHTML, like Gecko) Chrome/47.0.2526.106 Safari/537.36" 646 1896
120.191.114.141 - - [15/Jan/2016:21:57:40 -0500] "GET /LMMPUI/LMMP_CLIENT/assets/system/minus.png HTTP/1.1" 200 1277 "http://pub.lmmp.nasa.gov/LMMPUI/LMMP_CLIENT/LMMP.html" "Mozilla/5.0 (Windows NT 10.0) AppleWebKit/537.36 (KHTML, like Gecko) Chrome/47.0.2526.106 Safari/537.36" 647 1606
120.191.114.141 - - [15/Jan/2016:21:57:40 -0500] "GET /LMMPUI/LMMP_CLIENT/assets/proto/wiki.png HTTP/1.1" 200 13450 "http://pub.lmmp.nasa.gov/LMMPUI/LMMP_CLIENT/LMMP.html" "Mozilla/5.0 (Windows NT 10.0) AppleWebKit/537.36 (KHTML, like Gecko) Chrome/47.0.2526.106 Safari/537.36" 645 13781
120.191.114.141 - - [15/Jan/2016:21:57:40 -0500] "GET /LMMPUI/LMMP_CLIENT/assets/proto/survey.png HTTP/1.1" 200 7637 "http://pub.lmmp.nasa.gov/LMMPUI/LMMP_CLIENT/LMMP.html" "Mozilla/5.0 (Windows NT 10.0) AppleWebKit/537.36 (KHTML, like Gecko) Chrome/47.0.2526.106 Safari/537.36" 647 7966
120.191.114.141 - - [15/Jan/2016:21:57:40 -0500] "GET /LMMPUI/LMMP_CLIENT/assets/image/MoonTourLogo.jpg HTTP/1.1" 200 3967 "http://pub.lmmp.nasa.gov/LMMPUI/LMMP_CLIENT/LMMP.html" "Mozilla/5.0 (Windows NT 10.0) AppleWebKit/537.36 (KHTML, like Gecko) Chrome/47.0.2526.106 Safari/537.36" 653 4297
120.191.114.141 - - [15/Jan/2016:21:57:40 -0500] "GET /LMMPUI/LMMP_CLIENT/assets/image/badge_appstore-lrg.png HTTP/1.1" 200 3394 "http://pub.lmmp.nasa.gov/LMMPUI/LMMP_CLIENT/LMMP.html" "Mozilla/5.0 (Windows NT 10.0) AppleWebKit/537.36 (KHTML, like Gecko) Chrome/47.0.2526.106 Safari/537.36" 659 3723
120.191.114.141 - - [15/Jan/2016:21:57:41 -0500] "GET /LMMPUI/LMMP_CLIENT/assets/proto/gallery.png HTTP/1.1" 200 18089 "http://pub.lmmp.nasa.gov/LMMPUI/LMMP_CLIENT/LMMP.html" "Mozilla/5.0 (Windows NT 10.0) AppleWebKit/537.36 (KHTML, like Gecko) Chrome/47.0.2526.106 Safari/537.36" 648 18420
120.191.114.141 - - [15/Jan/2016:21:57:41 -0500] "GET /LMMPUI/LMMP_CLIENT/homepage/data.xml?v=1452938186222 HTTP/1.1" 200 3907 "http://pub.lmmp.nasa.gov/LMMPUI/LMMP_CLIENT/LMMP.html" "Mozilla/5.0 (Windows NT 10.0) AppleWebKit/537.36 (KHTML, like Gecko) Chrome/47.0.2526.106 Safari/537.36" 657 4242
120.191.114.141 - - [15/Jan/2016:21:57:41 -0500] "GET /LMMPUI/LMMP_CLIENT/assets/proto/mariusHills.jpg HTTP/1.1" 200 61059 "http://pub.lmmp.nasa.gov/LMMPUI/LMMP_CLIENT/LMMP.html" "Mozilla/5.0 (Windows NT 10.0) AppleWebKit/537.36 (KHTML, like Gecko) Chrome/47.0.2526.106 Safari/537.36" 652 61391
127.0.0.1 - - [15/Jan/2016:21:57:42 -0500] "GET /opensso/namingservice HTTP/1.1" 200 7 "-" "Java/1.5.0_21" 220 183
66.249.64.223 - - [15/Jan/2016:21:57:42 -0500] "GET /redmine/issues/gantt?month=6&months=6&year=1087&zoom=4 HTTP/1.1" 200 51261 "-" "Mozilla/5.0 (compatible; Googlebot/2.1; +http://www.google.com/bot.html)" 345 51950
120.191.114.141 - - [15/Jan/2016:21:57:41 -0500] "GET /LMMPUI/LMMP_CLIENT/assets/proto/inaDCaldera.jpg HTTP/1.1" 200 74885 "http://pub.lmmp.nasa.gov/LMMPUI/LMMP_CLIENT/LMMP.html" "Mozilla/5.0 (Windows NT 10.0) AppleWebKit/537.36 (KHTML, like Gecko) Chrome/47.0.2526.106 Safari/537.36" 652 75217
120.191.114.141 - - [15/Jan/2016:21:57:41 -0500] "GET /LMMPUI/LMMP_CLIENT/assets/proto/gruithuisen.jpg HTTP/1.1" 200 62986 "http://pub.lmmp.nasa.gov/LMMPUI/LMMP_CLIENT/LMMP.html" "Mozilla/5.0 (Windows NT 10.0) AppleWebKit/537.36 (KHTML, like Gecko) Chrome/47.0.2526.106 Safari/537.36" 652 63318
197.130.239.80 - - [15/Jan/2016:21:58:06 -0500] "GET /arcgis/rest/services/CombinedNomenclature/MapServer?f=json HTTP/1.1" 200 810 "-" "ArcGIS.Android-10.2.3/4.2.2/SAMSUNG-GT-S7580" 206 1106
127.0.0.1 - - [15/Jan/2016:21:58:08 -0500] "GET /opensso/namingservice HTTP/1.1" 200 7 "-" "Java/1.5.0_21" 220 183
197.130.239.80 - - [15/Jan/2016:21:58:08 -0500] "GET /arcgis/rest/services/CombinedNomenclature/MapServer/export?f=image&bbox=-55.3846155727816%2C-79.61538488587354%2C55.40959326825303%2C79.85728642078729&bboxSR=104903&size=437%2C629&format=png&transparent=true&dpi=213&imageSR=104903&layers=hide%3A-1 HTTP/1.1" 200 263 "-" "ArcGIS.Android-10.2.3/4.2.2/SAMSUNG-GT-S7580" 395 550
197.130.239.80 - - [15/Jan/2016:21:58:10 -0500] "GET /arcgis/rest/services/CombinedNomenclature/MapServer/export?f=image&bbox=-53.80363541691581%2C-134.0763744104092%2C56.99057342411882%2C25.39629689625164&bboxSR=104903&size=437%2C629&format=png&transparent=true&dpi=213&imageSR=104903&layers=hide%3A-1 HTTP/1.1" 200 263 "-" "ArcGIS.Android-10.2.3/4.2.2/SAMSUNG-GT-S7580" 396 550
127.0.0.1 - - [15/Jan/2016:21:58:12 -0500] "GET /opensso/namingservice HTTP/1.1" 200 7 "-" "Java/1.5.0_21" 220 183
197.130.239.80 - - [15/Jan/2016:21:58:27 -0500] "GET /arcgis/rest/services/CombinedNomenclature/MapServer/export?f=image&bbox=-53.8036354169158%2C-134.0763744104092%2C56.9905734241188%2C25.396296896251613&bboxSR=104903&size=437%2C629&format=png&transparent=true&dpi=213&imageSR=104903&layers=hide%3A-1 HTTP/1.1" 200 263 "-" "ArcGIS.Android-10.2.3/4.2.2/SAMSUNG-GT-S7580" 395 551
197.130.239.80 - - [15/Jan/2016:21:58:29 -0500] "GET /arcgis/rest/services/CombinedNomenclature/MapServer/export?f=image&bbox=-53.8036354169158%2C-138.46098980992105%2C56.9905734241188%2C29.631825891694376&bboxSR=104903&size=437%2C663&format=png&transparent=true&dpi=213&imageSR=104903&layers=hide%3A-1 HTTP/1.1" 200 270 "-" "ArcGIS.Android-10.2.3/4.2.2/SAMSUNG-GT-S7580" 396 559
197.130.239.80 - - [15/Jan/2016:21:58:30 -0500] "GET /arcgis/rest/services/CombinedNomenclature/MapServer/export?f=image&bbox=-53.8036354169158%2C-146.76868214583828%2C56.9905734241188%2C38.05735502833613&bboxSR=104903&size=437%2C729&format=png&transparent=true&dpi=213&imageSR=104903&layers=hide%3A-1 HTTP/1.1" 200 284 "-" "ArcGIS.Android-10.2.3/4.2.2/SAMSUNG-GT-S7580" 395 572
197.130.239.80 - - [15/Jan/2016:21:58:31 -0500] "GET /arcgis/rest/services/CombinedNomenclature/MapServer/export?f=image&bbox=-66.69984517752684%2C-83.1558842659552%2C44.094363663507764%2C101.67015290821922&bboxSR=104903&size=437%2C729&format=png&transparent=true&dpi=213&imageSR=104903&layers=hide%3A-1 HTTP/1.1" 200 284 "-" "ArcGIS.Android-10.2.3/4.2.2/SAMSUNG-GT-S7580" 397 570
197.130.239.80 - - [15/Jan/2016:21:58:32 -0500] "GET /arcgis/rest/services/CombinedNomenclature/MapServer/export?f=image&bbox=-141.13417262172862%2C-76.91772259414066%2C-30.33996378069402%2C107.90831458003376&bboxSR=104903&size=437%2C729&format=png&transparent=true&dpi=213&imageSR=104903&layers=hide%3A-1 HTTP/1.1" 200 284 "-" "ArcGIS.Android-10.2.3/4.2.2/SAMSUNG-GT-S7580" 399 570
197.130.239.80 - - [15/Jan/2016:21:58:34 -0500] "GET /arcgis/rest/services/CombinedNomenclature/MapServer/export?f=image&bbox=-176.87368056504172%2C-73.69098167272124%2C-66.07947172400712%2C111.13505550145318&bboxSR=104903&size=437%2C729&format=png&transparent=true&dpi=213&imageSR=104903&layers=hide%3A-1 HTTP/1.1" 200 284 "-" "ArcGIS.Android-10.2.3/4.2.2/SAMSUNG-GT-S7580" 399 570
197.130.239.80 - - [15/Jan/2016:21:58:37 -0500] "GET /arcgis/rest/services/CombinedNomenclature/MapServer/export?f=image&bbox=-193.69989357856346%2C-71.20539535117562%2C-82.90568473752886%2C113.62064182299879&bboxSR=104903&size=437%2C729&format=png&transparent=true&dpi=213&imageSR=104903&layers=hide%3A-1 HTTP/1.1" 200 284 "-" "ArcGIS.Android-10.2.3/4.2.2/SAMSUNG-GT-S7580" 399 571
127.0.0.1 - - [15/Jan/2016:21:58:38 -0500] "GET /opensso/namingservice HTTP/1.1" 200 7 "-" "Java/1.5.0_21" 220 183
197.130.239.80 - - [15/Jan/2016:21:58:39 -0500] "GET /arcgis/rest/services/CombinedNomenclature/MapServer/export?f=image&bbox=-92.85027797777349%2C-80.29212047087802%2C17.943930863261116%2C104.5339167032964&bboxSR=104903&size=437%2C729&format=png&transparent=true&dpi=213&imageSR=104903&layers=hide%3A-1 HTTP/1.1" 200 284 "-" "ArcGIS.Android-10.2.3/4.2.2/SAMSUNG-GT-S7580" 397 571
197.130.239.80 - - [15/Jan/2016:21:58:40 -0500] "GET /arcgis/rest/services/CombinedNomenclature/MapServer/export?f=image&bbox=-7.757754367381857%2C-80.29356485804817%2C103.03645447365275%2C104.53247231612625&bboxSR=104903&size=437%2C729&format=png&transparent=true&dpi=213&imageSR=104903&layers=hide%3A-1 HTTP/1.1" 200 284 "-" "ArcGIS.Android-10.2.3/4.2.2/SAMSUNG-GT-S7580" 398 572
127.0.0.1 - - [15/Jan/2016:21:58:42 -0500] "GET /opensso/namingservice HTTP/1.1" 200 7 "-" "Java/1.5.0_21" 220 183
197.130.239.80 - - [15/Jan/2016:21:58:42 -0500] "GET /arcgis/rest/services/CombinedNomenclature/MapServer/export?f=image&bbox=124.6153844272184%2C-107.69969825587614%2C235.409593268253%2C77.12633891829827&bboxSR=104903&size=437%2C729&format=png&transparent=true&dpi=213&imageSR=104903&layers=hide%3A-1 HTTP/1.1" 200 284 "-" "ArcGIS.Android-10.2.3/4.2.2/SAMSUNG-GT-S7580" 395 572
197.130.239.80 - - [15/Jan/2016:21:58:43 -0500] "GET /arcgis/rest/services/CombinedNomenclature/MapServer/export?f=image&bbox=38.16091171469099%2C-87.30774643964342%2C148.95512055572559%2C97.51829073453099&bboxSR=104903&size=437%2C729&format=png&transparent=true&dpi=213&imageSR=104903&layers=hide%3A-1 HTTP/1.1" 200 284 "-" "ArcGIS.Android-10.2.3/4.2.2/SAMSUNG-GT-S7580" 396 571
197.130.239.80 - - [15/Jan/2016:21:58:45 -0500] "GET /arcgis/rest/services/CombinedNomenclature/MapServer/export?f=image&bbox=-2.202085090772705%2C-87.30881106041637%2C108.59212375026189%2C97.51722611375804&bboxSR=104903&size=437%2C729&format=png&transparent=true&dpi=213&imageSR=104903&layers=hide%3A-1 HTTP/1.1" 200 284 "-" "ArcGIS.Android-10.2.3/4.2.2/SAMSUNG-GT-S7580" 397 571
197.130.239.80 - - [15/Jan/2016:21:58:47 -0500] "GET /arcgis/rest/services/CombinedNomenclature/MapServer/export?f=image&bbox=-131.94831061059864%2C-87.15963007701666%2C-21.154101769564036%2C97.66640709715776&bboxSR=104903&size=437%2C729&format=png&transparent=true&dpi=213&imageSR=104903&layers=hide%3A-1 HTTP/1.1" 200 284 "-" "ArcGIS.Android-10.2.3/4.2.2/SAMSUNG-GT-S7580" 399 571
197.130.239.80 - - [15/Jan/2016:21:58:51 -0500] "GET /arcgis/rest/services/CombinedNomenclature/MapServer/export?f=image&bbox=-115.94319602615685%2C-52.933187719564565%2C-60.54608313896354%2C39.479844991565706&bboxSR=104903&size=437%2C729&format=png&transparent=true&dpi=213&imageSR=104903&layers=hide%3A-1 HTTP/1.1" 200 4667 "-" "ArcGIS.Android-10.2.3/4.2.2/SAMSUNG-GT-S7580" 400 4954
197.130.239.80 - - [15/Jan/2016:21:59:01 -0500] "GET /arcgis/rest/services/CombinedNomenclature/MapServer/export?f=image&bbox=-104.06615217640243%2C-32.0175995695911%2C-83.3685257511033%2C2.510019798928475&bboxSR=104903&size=437%2C729&format=png&transparent=true&dpi=213&imageSR=104903&layers=hide%3A-1 HTTP/1.1" 200 7695 "-" "ArcGIS.Android-10.2.3/4.2.2/SAMSUNG-GT-S7580" 396 7984
197.130.239.80 - - [15/Jan/2016:21:59:02 -0500] "GET /arcgis/rest/services/CombinedNomenclature/MapServer/export?f=image&bbox=-139.62277072605235%2C-75.54780900263152%2C-58.82475031738382%2C59.23882000862561&bboxSR=104903&size=437%2C729&format=png&transparent=true&dpi=213&imageSR=104903&layers=hide%3A-1 HTTP/1.1" 200 284 "-" "ArcGIS.Android-10.2.3/4.2.2/SAMSUNG-GT-S7580" 398 571
197.130.239.80 - - [15/Jan/2016:21:59:03 -0500] "GET /arcgis/rest/services/CombinedNomenclature/MapServer/export?f=image&bbox=-159.49653417052966%2C-75.04356179330995%2C-78.69851376186112%2C59.743067217947186&bboxSR=104903&size=437%2C729&format=png&transparent=true&dpi=213&imageSR=104903&layers=hide%3A-1 HTTP/1.1" 200 284 "-" "ArcGIS.Android-10.2.3/4.2.2/SAMSUNG-GT-S7580" 399 572
127.0.0.1 - - [15/Jan/2016:21:59:08 -0500] "GET /opensso/namingservice HTTP/1.1" 200 7 "-" "Java/1.5.0_21" 220 183
197.130.239.80 - - [15/Jan/2016:21:59:07 -0500] "GET /arcgis/rest/services/CombinedNomenclature/MapServer/export?f=image&bbox=-182.67244545315745%2C-75.54780900263148%2C-101.87442504448892%2C59.23882000862565&bboxSR=104903&size=437%2C729&format=png&transparent=true&dpi=213&imageSR=104903&layers=hide%3A-1 HTTP/1.1" 200 284 "-" "ArcGIS.Android-10.2.3/4.2.2/SAMSUNG-GT-S7580" 399 570
197.130.239.80 - - [15/Jan/2016:21:59:08 -0500] "GET /arcgis/rest/services/CombinedNomenclature/MapServer/export?f=image&bbox=-159.4495922418801%2C-62.887731572748585%2C-120.20248462851967%2C2.5839879927886287&bboxSR=104903&size=437%2C729&format=png&transparent=true&dpi=213&imageSR=104903&layers=hide%3A-1 HTTP/1.1" 200 3659 "-" "ArcGIS.Android-10.2.3/4.2.2/SAMSUNG-GT-S7580" 400 3947
127.0.0.1 - - [15/Jan/2016:21:59:12 -0500] "GET /opensso/namingservice HTTP/1.1" 200 7 "-" "Java/1.5.0_21" 220 183
197.130.239.80 - - [15/Jan/2016:21:59:13 -0500] "GET /arcgis/rest/services/CombinedNomenclature/MapServer/export?f=image&bbox=-154.3731405859623%2C-49.80938000666825%2C-136.86481019017072%2C-24.608602388927082&bboxSR=104903&size=437%2C629&format=png&transparent=true&dpi=213&imageSR=104903&layers=hide%3A-1 HTTP/1.1" 200 2272 "-" "ArcGIS.Android-10.2.3/4.2.2/SAMSUNG-GT-S7580" 400 2559
197.130.239.80 - - [15/Jan/2016:21:59:15 -0500] "GET /arcgis/rest/services/CombinedNomenclature/MapServer/export?f=image&bbox=-153.71761134886088%2C-68.3528490032723%2C-136.2092809530693%2C-43.15207138553113&bboxSR=104903&size=437%2C629&format=png&transparent=true&dpi=213&imageSR=104903&layers=hide%3A-1 HTTP/1.1" 200 263 "-" "ArcGIS.Android-10.2.3/4.2.2/SAMSUNG-GT-S7580" 398 551
197.130.239.80 - - [15/Jan/2016:21:59:16 -0500] "GET /arcgis/rest/services/CombinedNomenclature/MapServer/export?f=image&bbox=-153.9185914841616%2C-98.81471081246697%2C-136.41026108837002%2C-73.6139331947258&bboxSR=104903&size=437%2C629&format=png&transparent=true&dpi=213&imageSR=104903&layers=hide%3A-1 HTTP/1.1" 200 263 "-" "ArcGIS.Android-10.2.3/4.2.2/SAMSUNG-GT-S7580" 398 551
197.130.239.80 - - [15/Jan/2016:21:59:18 -0500] "GET /arcgis/rest/services/CombinedNomenclature/MapServer/export?f=image&bbox=-139.44983224481138%2C-80.73593817030613%2C-121.94150184901982%2C-55.53516055256496&bboxSR=104903&size=437%2C629&format=png&transparent=true&dpi=213&imageSR=104903&layers=hide%3A-1 HTTP/1.1" 200 263 "-" "ArcGIS.Android-10.2.3/4.2.2/SAMSUNG-GT-S7580" 400 551
197.130.239.80 - - [15/Jan/2016:21:59:19 -0500] "GET /arcgis/rest/services/CombinedNomenclature/MapServer/export?f=image&bbox=-140.50519020313436%2C-71.90361782345478%2C-122.9968598073428%2C-46.70284020571361&bboxSR=104903&size=437%2C629&format=png&transparent=true&dpi=213&imageSR=104903&layers=hide%3A-1 HTTP/1.1" 200 263 "-" "ArcGIS.Android-10.2.3/4.2.2/SAMSUNG-GT-S7580" 399 551
197.130.239.80 - - [15/Jan/2016:21:59:20 -0500] "GET /arcgis/rest/services/CombinedNomenclature/MapServer/export?f=image&bbox=-141.45137279730523%2C-67.76973105484835%2C-123.94304240151367%2C-42.56895343710718&bboxSR=104903&size=437%2C629&format=png&transparent=true&dpi=213&imageSR=104903&layers=hide%3A-1 HTTP/1.1" 200 263 "-" "ArcGIS.Android-10.2.3/4.2.2/SAMSUNG-GT-S7580" 400 550
197.130.239.80 - - [15/Jan/2016:21:59:21 -0500] "GET /arcgis/rest/services/CombinedNomenclature/MapServer/export?f=image&bbox=-137.31199012523345%2C-62.85378157998038%2C-129.61610363905893%2C-51.776636042671974&bboxSR=104903&size=437%2C629&format=png&transparent=true&dpi=213&imageSR=104903&layers=hide%3A-1 HTTP/1.1" 200 2183 "-" "ArcGIS.Android-10.2.3/4.2.2/SAMSUNG-GT-S7580" 401 2471
197.130.239.80 - - [15/Jan/2016:21:59:23 -0500] "GET /arcgis/rest/services/CombinedNomenclature/MapServer/export?f=image&bbox=-135.34297621270994%2C-60.889847424016715%2C-131.80912730718077%2C-55.8033692510697&bboxSR=104903&size=437%2C629&format=png&transparent=true&dpi=213&imageSR=104903&layers=hide%3A-1 HTTP/1.1" 200 2165 "-" "ArcGIS.Android-10.2.3/4.2.2/SAMSUNG-GT-S7580" 400 2453
197.130.239.80 - - [15/Jan/2016:21:59:25 -0500] "GET /arcgis/rest/services/CombinedNomenclature/MapServer/export?f=image&bbox=-135.35032140749792%2C-60.889847424016715%2C-131.81647250196875%2C-55.8033692510697&bboxSR=104903&size=437%2C629&format=png&transparent=true&dpi=213&imageSR=104903&layers=hide%3A-1 HTTP/1.1" 200 2167 "-" "ArcGIS.Android-10.2.3/4.2.2/SAMSUNG-GT-S7580" 400 2454
197.130.239.80 - - [15/Jan/2016:21:59:27 -0500] "GET /arcgis/rest/services/CombinedNomenclature/MapServer/export?f=image&bbox=-134.67741345489202%2C-59.89451033137147%2C-132.77857096564682%2C-57.16139379650825&bboxSR=104903&size=437%2C629&format=png&transparent=true&dpi=213&imageSR=104903&layers=hide%3A-1 HTTP/1.1" 200 2165 "-" "ArcGIS.Android-10.2.3/4.2.2/SAMSUNG-GT-S7580" 400 2453
197.130.239.80 - - [15/Jan/2016:21:59:28 -0500] "GET /arcgis/rest/services/CombinedNomenclature/MapServer/export?f=image&bbox=-136.17254854261637%2C-61.39937592778949%2C-131.8630943138603%2C-55.196523044751586&bboxSR=104903&size=437%2C629&format=png&transparent=true&dpi=213&imageSR=104903&layers=hide%3A-1 HTTP/1.1" 200 2180 "-" "ArcGIS.Android-10.2.3/4.2.2/SAMSUNG-GT-S7580" 400 2468
197.130.239.80 - - [15/Jan/2016:21:59:28 -0500] "GET /arcgis/rest/services/CombinedNomenclature/MapServer/export?f=image&bbox=-137.3456066040066%2C-62.5888359474028%2C-131.23242971009122%2C-53.78977812984496&bboxSR=104903&size=437%2C629&format=png&transparent=true&dpi=213&imageSR=104903&layers=hide%3A-1 HTTP/1.1" 200 2188 "-" "ArcGIS.Android-10.2.3/4.2.2/SAMSUNG-GT-S7580" 398 2476
197.130.239.80 - - [15/Jan/2016:21:59:30 -0500] "GET /arcgis/rest/services/CombinedNomenclature/MapServer/export?f=image&bbox=-135.71918200804663%2C-62.258193629771526%2C-129.60600511413125%2C-53.45913581221369&bboxSR=104903&size=437%2C629&format=png&transparent=true&dpi=213&imageSR=104903&layers=hide%3A-1 HTTP/1.1" 200 2172 "-" "ArcGIS.Android-10.2.3/4.2.2/SAMSUNG-GT-S7580" 401 2460
197.130.239.80 - - [15/Jan/2016:21:59:31 -0500] "GET /arcgis/rest/services/CombinedNomenclature/MapServer/export?f=image&bbox=-129.04954214660705%2C-62.1762890281924%2C-122.93636525269167%2C-53.37723121063456&bboxSR=104903&size=437%2C629&format=png&transparent=true&dpi=213&imageSR=104903&layers=hide%3A-1 HTTP/1.1" 200 2394 "-" "ArcGIS.Android-10.2.3/4.2.2/SAMSUNG-GT-S7580" 399 2683
197.130.239.80 - - [15/Jan/2016:21:59:33 -0500] "GET /arcgis/rest/services/CombinedNomenclature/MapServer/export?f=image&bbox=-133.39450880479234%2C-66.61672781510221%2C-116.04284810800424%2C-41.641454180594856&bboxSR=104903&size=437%2C629&format=png&transparent=true&dpi=213&imageSR=104903&layers=hide%3A-1 HTTP/1.1" 200 263 "-" "ArcGIS.Android-10.2.3/4.2.2/SAMSUNG-GT-S7580" 401 549
197.130.239.80 - - [15/Jan/2016:21:59:35 -0500] "GET /arcgis/rest/services/CombinedNomenclature/MapServer/export?f=image&bbox=-119.14454772398501%2C-63.27787824004683%2C-101.79288702719691%2C-38.30260460553948&bboxSR=104903&size=437%2C629&format=png&transparent=true&dpi=213&imageSR=104903&layers=hide%3A-1 HTTP/1.1" 200 263 "-" "ArcGIS.Android-10.2.3/4.2.2/SAMSUNG-GT-S7580" 400 551
197.130.239.80 - - [15/Jan/2016:21:59:36 -0500] "GET /arcgis/rest/services/CombinedNomenclature/MapServer/export?f=image&bbox=-113.82675881601766%2C-56.20554727681572%2C-106.58559088001145%2C-45.7829050989029&bboxSR=104903&size=437%2C629&format=png&transparent=true&dpi=213&imageSR=104903&layers=hide%3A-1 HTTP/1.1" 200 3098 "-" "ArcGIS.Android-10.2.3/4.2.2/SAMSUNG-GT-S7580" 399 3387
127.0.0.1 - - [15/Jan/2016:21:59:38 -0500] "GET /opensso/namingservice HTTP/1.1" 200 7 "-" "Java/1.5.0_21" 220 183
197.130.239.80 - - [15/Jan/2016:21:59:38 -0500] "GET /arcgis/rest/services/CombinedNomenclature/MapServer/export?f=image&bbox=-112.0933416145453%2C-53.18245237539073%2C-104.85217367853909%2C-42.759810197477904&bboxSR=104903&size=437%2C629&format=png&transparent=true&dpi=213&imageSR=104903&layers=hide%3A-1 HTTP/1.1" 200 3111 "-" "ArcGIS.Android-10.2.3/4.2.2/SAMSUNG-GT-S7580" 400 3399
127.0.0.1 - - [15/Jan/2016:21:59:42 -0500] "GET /opensso/namingservice HTTP/1.1" 200 7 "-" "Java/1.5.0_21" 220 183
197.130.239.80 - - [15/Jan/2016:21:59:42 -0500] "GET /arcgis/rest/services/CombinedNomenclature/MapServer/export?f=image&bbox=-102.71311221754219%2C-54.926097281499%2C-95.47194428153598%2C-44.50345510358618&bboxSR=104903&size=437%2C629&format=png&transparent=true&dpi=213&imageSR=104903&layers=hide%3A-1 HTTP/1.1" 200 263 "-" "ArcGIS.Android-10.2.3/4.2.2/SAMSUNG-GT-S7580" 397 549
197.130.239.80 - - [15/Jan/2016:21:59:44 -0500] "GET /arcgis/rest/services/CombinedNomenclature/MapServer/export?f=image&bbox=-100.45546084125452%2C-54.38381056988175%2C-93.21429290524831%2C-43.961168391968926&bboxSR=104903&size=437%2C629&format=png&transparent=true&dpi=213&imageSR=104903&layers=hide%3A-1 HTTP/1.1" 200 263 "-" "ArcGIS.Android-10.2.3/4.2.2/SAMSUNG-GT-S7580" 400 550
197.130.239.80 - - [15/Jan/2016:21:59:45 -0500] "GET /arcgis/rest/services/CombinedNomenclature/MapServer/export?f=image&bbox=-98.05482536684652%2C-54.60976344310178%2C-90.81365743084031%2C-44.18712126518895&bboxSR=104903&size=437%2C629&format=png&transparent=true&dpi=213&imageSR=104903&layers=hide%3A-1 HTTP/1.1" 200 263 "-" "ArcGIS.Android-10.2.3/4.2.2/SAMSUNG-GT-S7580" 398 551
197.130.239.80 - - [15/Jan/2016:21:59:48 -0500] "GET /arcgis/rest/services/CombinedNomenclature/MapServer/export?f=image&bbox=-93.20227999386965%2C-54.64915840899947%2C-85.96111205786345%2C-44.22651623108665&bboxSR=104903&size=437%2C629&format=png&transparent=true&dpi=213&imageSR=104903&layers=hide%3A-1 HTTP/1.1" 200 263 "-" "ArcGIS.Android-10.2.3/4.2.2/SAMSUNG-GT-S7580" 398 549
197.130.239.80 - - [15/Jan/2016:21:59:49 -0500] "GET /arcgis/rest/services/CombinedNomenclature/MapServer/export?f=image&bbox=-85.72834717630924%2C-54.455024906410316%2C-78.48717924030304%2C-44.032382728497495&bboxSR=104903&size=437%2C629&format=png&transparent=true&dpi=213&imageSR=104903&layers=hide%3A-1 HTTP/1.1" 200 2280 "-" "ArcGIS.Android-10.2.3/4.2.2/SAMSUNG-GT-S7580" 400 2569
197.130.239.80 - - [15/Jan/2016:21:59:51 -0500] "GET /arcgis/rest/services/CombinedNomenclature/MapServer/export?f=image&bbox=-84.07834141492246%2C-51.43912138995369%2C-76.83717347891626%2C-41.01647921204086&bboxSR=104903&size=437%2C629&format=png&transparent=true&dpi=213&imageSR=104903&layers=hide%3A-1 HTTP/1.1" 200 2980 "-" "ArcGIS.Android-10.2.3/4.2.2/SAMSUNG-GT-S7580" 398 3268
197.130.239.80 - - [15/Jan/2016:21:59:54 -0500] "GET /arcgis/rest/services/CombinedNomenclature/MapServer/export?f=image&bbox=-72.63757104350722%2C-52.406014165409715%2C-65.39640310750102%2C-41.983371987496895&bboxSR=104903&size=437%2C629&format=png&transparent=true&dpi=213&imageSR=104903&layers=hide%3A-1 HTTP/1.1" 200 3455 "-" "ArcGIS.Android-10.2.3/4.2.2/SAMSUNG-GT-S7580" 400 3743
197.130.239.80 - - [15/Jan/2016:21:59:59 -0500] "GET /arcgis/rest/services/CombinedNomenclature/MapServer/export?f=image&bbox=-67.7186937516872%2C-50.371808583113996%2C-64.32810048398052%2C-45.491526740122005&bboxSR=104903&size=437%2C629&format=png&transparent=true&dpi=213&imageSR=104903&layers=hide%3A-1 HTTP/1.1" 200 263 "-" "ArcGIS.Android-10.2.3/4.2.2/SAMSUNG-GT-S7580" 399 549
197.130.239.80 - - [15/Jan/2016:22:00:00 -0500] "GET /arcgis/rest/services/CombinedNomenclature/MapServer/export?f=image&bbox=-65.00653118154024%2C-50.505342400231434%2C-61.61593791383356%2C-45.62506055723944&bboxSR=104903&size=437%2C629&format=png&transparent=true&dpi=213&imageSR=104903&layers=hide%3A-1 HTTP/1.1" 200 263 "-" "ArcGIS.Android-10.2.3/4.2.2/SAMSUNG-GT-S7580" 399 550
197.130.239.80 - - [15/Jan/2016:22:00:02 -0500] "GET /arcgis/rest/services/CombinedNomenclature/MapServer/export?f=image&bbox=-62.39042070625662%2C-50.642157853234615%2C-58.99982743854994%2C-45.761876010242624&bboxSR=104903&size=437%2C629&format=png&transparent=true&dpi=213&imageSR=104903&layers=hide%3A-1 HTTP/1.1" 200 2686 "-" "ArcGIS.Android-10.2.3/4.2.2/SAMSUNG-GT-S7580" 400 2973
197.130.239.80 - - [15/Jan/2016:22:00:03 -0500] "GET /arcgis/rest/services/CombinedNomenclature/MapServer/export?f=image&bbox=-62.4818571239987%2C-50.316619503225986%2C-59.091263856292024%2C-45.436337660233995&bboxSR=104903&size=437%2C629&format=png&transparent=true&dpi=213&imageSR=104903&layers=hide%3A-1 HTTP/1.1" 200 2684 "-" "ArcGIS.Android-10.2.3/4.2.2/SAMSUNG-GT-S7580" 400 2974
197.130.239.80 - - [15/Jan/2016:22:00:05 -0500] "GET /arcgis/rest/services/CombinedNomenclature/MapServer/export?f=image&bbox=-62.10108720549909%2C-52.98295616230666%2C-58.710493937792414%2C-48.102674319314666&bboxSR=104903&size=437%2C629&format=png&transparent=true&dpi=213&imageSR=104903&layers=hide%3A-1 HTTP/1.1" 200 2656 "-" "ArcGIS.Android-10.2.3/4.2.2/SAMSUNG-GT-S7580" 400 2943
127.0.0.1 - - [15/Jan/2016:22:00:08 -0500] "GET /opensso/namingservice HTTP/1.1" 200 7 "-" "Java/1.5.0_21" 220 183
197.130.239.80 - - [15/Jan/2016:22:00:08 -0500] "GET /arcgis/rest/services/CombinedNomenclature/MapServer/export?f=image&bbox=-56.22765483568905%2C-52.672457291634466%2C-52.837061567982374%2C-47.792175448642475&bboxSR=104903&size=437%2C629&format=png&transparent=true&dpi=213&imageSR=104903&layers=hide%3A-1 HTTP/1.1" 200 263 "-" "ArcGIS.Android-10.2.3/4.2.2/SAMSUNG-GT-S7580" 401 550
197.130.239.80 - - [15/Jan/2016:22:00:11 -0500] "GET /arcgis/rest/services/CombinedNomenclature/MapServer/export?f=image&bbox=-60.30006546760123%2C-46.487092698603185%2C-56.90947219989455%2C-41.606810855611194&bboxSR=104903&size=437%2C629&format=png&transparent=true&dpi=213&imageSR=104903&layers=hide%3A-1 HTTP/1.1" 200 263 "-" "ArcGIS.Android-10.2.3/4.2.2/SAMSUNG-GT-S7580" 400 550
127.0.0.1 - - [15/Jan/2016:22:00:12 -0500] "GET /opensso/namingservice HTTP/1.1" 200 7 "-" "Java/1.5.0_21" 220 183
197.130.239.80 - - [15/Jan/2016:22:00:12 -0500] "GET /arcgis/rest/services/CombinedNomenclature/MapServer/export?f=image&bbox=-61.26556765786849%2C-44.88598743609008%2C-57.87497439016181%2C-40.00570559309809&bboxSR=104903&size=437%2C629&format=png&transparent=true&dpi=213&imageSR=104903&layers=hide%3A-1 HTTP/1.1" 200 263 "-" "ArcGIS.Android-10.2.3/4.2.2/SAMSUNG-GT-S7580" 398 550
197.130.239.80 - - [15/Jan/2016:22:00:13 -0500] "GET /arcgis/rest/services/CombinedNomenclature/MapServer/export?f=image&bbox=-61.43470672769634%2C-43.42594896432966%2C-58.04411345998966%2C-38.54566712133767&bboxSR=104903&size=437%2C629&format=png&transparent=true&dpi=213&imageSR=104903&layers=hide%3A-1 HTTP/1.1" 200 263 "-" "ArcGIS.Android-10.2.3/4.2.2/SAMSUNG-GT-S7580" 398 552
197.130.239.80 - - [15/Jan/2016:22:00:14 -0500] "GET /arcgis/rest/services/CombinedNomenclature/MapServer/export?f=image&bbox=-60.84272009105874%2C-42.457155117550144%2C-57.45212682335206%2C-37.57687327455815&bboxSR=104903&size=437%2C629&format=png&transparent=true&dpi=213&imageSR=104903&layers=hide%3A-1 HTTP/1.1" 200 263 "-" "ArcGIS.Android-10.2.3/4.2.2/SAMSUNG-GT-S7580" 399 551
197.130.239.80 - - [15/Jan/2016:22:00:15 -0500] "GET /arcgis/rest/services/CombinedNomenclature/MapServer/export?f=image&bbox=-61.159855873925906%2C-41.07880953395993%2C-57.76926260621923%2C-36.198527690967936&bboxSR=104903&size=437%2C629&format=png&transparent=true&dpi=213&imageSR=104903&layers=hide%3A-1 HTTP/1.1" 200 263 "-" "ArcGIS.Android-10.2.3/4.2.2/SAMSUNG-GT-S7580" 400 551
197.130.239.80 - - [15/Jan/2016:22:00:16 -0500] "GET /arcgis/rest/services/CombinedNomenclature/MapServer/export?f=image&bbox=-61.57565606031275%2C-39.622297823564104%2C-58.185062792606075%2C-34.74201598057211&bboxSR=104903&size=437%2C629&format=png&transparent=true&dpi=213&imageSR=104903&layers=hide%3A-1 HTTP/1.1" 200 263 "-" "ArcGIS.Android-10.2.3/4.2.2/SAMSUNG-GT-S7580" 400 551
197.130.239.80 - - [15/Jan/2016:22:00:17 -0500] "GET /arcgis/rest/services/CombinedNomenclature/MapServer/export?f=image&bbox=-61.46994416861032%2C-38.655991934080674%2C-58.07935090090364%2C-33.77571009108868&bboxSR=104903&size=437%2C629&format=png&transparent=true&dpi=213&imageSR=104903&layers=hide%3A-1 HTTP/1.1" 200 263 "-" "ArcGIS.Android-10.2.3/4.2.2/SAMSUNG-GT-S7580" 399 550
197.130.239.80 - - [15/Jan/2016:22:00:20 -0500] "GET /arcgis/rest/services/CombinedNomenclature/MapServer/export?f=image&bbox=-62.08856796752625%2C-32.89747326798308%2C-58.697974699819575%2C-28.01719142499109&bboxSR=104903&size=437%2C629&format=png&transparent=true&dpi=213&imageSR=104903&layers=hide%3A-1 HTTP/1.1" 200 263 "-" "ArcGIS.Android-10.2.3/4.2.2/SAMSUNG-GT-S7580" 399 549
