127.0.0.1 - - [30/May/2016:03:15:18 -0400] "GET /opensso/namingservice HTTP/1.1" 200 7 "-" "Java/1.5.0_21" 220 182
127.0.0.1 - - [30/May/2016:03:15:32 -0400] "GET /opensso/namingservice HTTP/1.1" 200 7 "-" "Java/1.5.0_21" 220 183
127.0.0.1 - - [30/May/2016:03:15:48 -0400] "GET /opensso/namingservice HTTP/1.1" 200 7 "-" "Java/1.5.0_21" 220 183
127.0.0.1 - - [30/May/2016:03:16:02 -0400] "GET /opensso/namingservice HTTP/1.1" 200 7 "-" "Java/1.5.0_21" 220 183
127.0.0.1 - - [30/May/2016:03:16:18 -0400] "GET /opensso/namingservice HTTP/1.1" 200 7 "-" "Java/1.5.0_21" 220 183
127.0.0.1 - - [30/May/2016:03:16:32 -0400] "GET /opensso/namingservice HTTP/1.1" 200 7 "-" "Java/1.5.0_21" 220 183
127.0.0.1 - - [30/May/2016:03:16:48 -0400] "GET /opensso/namingservice HTTP/1.1" 200 7 "-" "Java/1.5.0_21" 220 183
180.76.15.10 - - [30/May/2016:03:16:52 -0400] "GET /LMMPUI/LMMP_CLIENT/js/jquery.js HTTP/1.1" 200 93106 "-" "Mozilla/5.0 (compatible; Baiduspider/2.0; +http://www.baidu.com/search/spider.html)" 250 93407
139.218.41.52 - - [30/May/2016:03:16:54 -0400] "GET /opensso/identity/isTokenValid HTTP/1.1" 200 13 "-" "Moon%20Tours/1.0.0 CFNetwork/758.4.3 Darwin/15.5.0" 338 171
127.0.0.1 - - [30/May/2016:03:17:02 -0400] "GET /opensso/namingservice HTTP/1.1" 200 7 "-" "Java/1.5.0_21" 220 183
66.249.66.188 - - [30/May/2016:03:17:11 -0400] "GET /redmine/projects/lmmpwiki/activity?from=1995-12-21 HTTP/1.1" 200 4829 "-" "Mozilla/5.0 (compatible; Googlebot/2.1; +http://www.google.com/bot.html)" 344 5391
127.0.0.1 - - [30/May/2016:03:17:18 -0400] "GET /opensso/namingservice HTTP/1.1" 200 7 "-" "Java/1.5.0_21" 220 183
101.182.251.127 - - [30/May/2016:03:17:31 -0400] "GET /LMMPUI/LMMP_CLIENT/LMMP.html HTTP/1.1" 200 9400 "-" "Mozilla/5.0 (Macintosh; Intel Mac OS X 10_11_5) AppleWebKit/601.6.17 (KHTML, like Gecko)" 334 9730
127.0.0.1 - - [30/May/2016:03:17:32 -0400] "GET /opensso/namingservice HTTP/1.1" 200 7 "-" "Java/1.5.0_21" 220 183
101.182.251.127 - - [30/May/2016:03:17:36 -0400] "GET /favicon.ico HTTP/1.1" 404 209 "-" "Safari/11601.6.17 CFNetwork/760.5.1 Darwin/15.5.0 (x86_64)" 219 454
101.182.251.127 - - [30/May/2016:03:17:36 -0400] "GET /apple-touch-icon-precomposed.png HTTP/1.1" 404 230 "-" "Safari/11601.6.17 CFNetwork/760.5.1 Darwin/15.5.0 (x86_64)" 240 475
101.182.251.127 - - [30/May/2016:03:17:36 -0400] "GET /apple-touch-icon.png HTTP/1.1" 404 218 "-" "Safari/11601.6.17 CFNetwork/760.5.1 Darwin/15.5.0 (x86_64)" 228 462
101.182.251.127 - - [30/May/2016:03:17:36 -0400] "GET /apple-touch-icon-precomposed.png HTTP/1.1" 404 230 "-" "Safari/11601.6.17 CFNetwork/760.5.1 Darwin/15.5.0 (x86_64)" 240 474
101.182.251.127 - - [30/May/2016:03:17:36 -0400] "GET /apple-touch-icon.png HTTP/1.1" 404 218 "-" "Safari/11601.6.17 CFNetwork/760.5.1 Darwin/15.5.0 (x86_64)" 228 462
127.0.0.1 - - [30/May/2016:03:17:43 -0400] "POST /opensso/policyservice HTTP/1.1" 200 9462 "-" "Java/1.5.0_21" 1118 9648
127.0.0.1 - - [30/May/2016:03:17:43 -0400] "POST /opensso/jaxrpc/SMSObjectIF HTTP/1.1" 200 505 "-" "Java/1.5.0_21" 847 766
127.0.0.1 - - [30/May/2016:03:17:43 -0400] "POST /opensso/jaxrpc/DirectoryManagerIF HTTP/1.1" 200 1290 "-" "Java/1.5.0_21" 1366 1551
127.0.0.1 - - [30/May/2016:03:17:43 -0400] "POST /opensso/jaxrpc/SMSObjectIF HTTP/1.1" 200 505 "-" "Java/1.5.0_21" 847 766
127.0.0.1 - - [30/May/2016:03:17:43 -0400] "POST /opensso/jaxrpc/DirectoryManagerIF HTTP/1.1" 200 1290 "-" "Java/1.5.0_21" 1366 1551
139.218.41.52 - - [30/May/2016:03:17:43 -0400] "GET /LMMP/rest/dbxml/fgdc/legend/stream?label=LP_NS_H_Clr_Global_2ppd HTTP/1.1" 200 8439 "-" "Moon%20Tours/1.0.0 CFNetwork/758.4.3 Darwin/15.5.0" 373 8773
127.0.0.1 - - [30/May/2016:03:17:48 -0400] "GET /opensso/namingservice HTTP/1.1" 200 7 "-" "Java/1.5.0_21" 220 182
127.0.0.1 - - [30/May/2016:03:17:50 -0400] "POST /opensso/jaxrpc/SMSObjectIF HTTP/1.1" 200 505 "-" "Java/1.5.0_21" 847 767
127.0.0.1 - - [30/May/2016:03:17:50 -0400] "POST /opensso/jaxrpc/DirectoryManagerIF HTTP/1.1" 200 1290 "-" "Java/1.5.0_21" 1366 1551
127.0.0.1 - - [30/May/2016:03:17:50 -0400] "POST /opensso/jaxrpc/SMSObjectIF HTTP/1.1" 200 505 "-" "Java/1.5.0_21" 847 766
127.0.0.1 - - [30/May/2016:03:17:51 -0400] "POST /opensso/jaxrpc/DirectoryManagerIF HTTP/1.1" 200 1290 "-" "Java/1.5.0_21" 1366 1551
139.218.41.52 - - [30/May/2016:03:17:50 -0400] "GET /LMMP/rest/dbxml/fgdc/legend/stream?label=LP_GRS_Th_Clr_Global_2ppd HTTP/1.1" 200 5681 "-" "Moon%20Tours/1.0.0 CFNetwork/758.4.3 Darwin/15.5.0" 428 5913
127.0.0.1 - - [30/May/2016:03:18:02 -0400] "GET /opensso/namingservice HTTP/1.1" 200 7 "-" "Java/1.5.0_21" 220 183
127.0.0.1 - - [30/May/2016:03:18:17 -0400] "POST /opensso/sessionservice HTTP/1.1" 200 2344 "-" "Java/1.5.0_21" 819 2522
127.0.0.1 - - [30/May/2016:03:18:17 -0400] "POST /opensso/policyservice HTTP/1.1" 200 9464 "-" "Java/1.5.0_21" 1120 9649
127.0.0.1 - - [30/May/2016:03:18:18 -0400] "GET /opensso/namingservice HTTP/1.1" 200 7 "-" "Java/1.5.0_21" 220 183
127.0.0.1 - - [30/May/2016:03:18:17 -0400] "POST /opensso/jaxrpc/SMSObjectIF HTTP/1.1" 200 505 "-" "Java/1.5.0_21" 847 766
127.0.0.1 - - [30/May/2016:03:18:18 -0400] "POST /opensso/jaxrpc/DirectoryManagerIF HTTP/1.1" 200 1290 "-" "Java/1.5.0_21" 1366 1551
139.218.41.52 - - [30/May/2016:03:18:17 -0400] "GET /LMMP/rest/dbxml/fgdc/abstract?label=LRO_LOLA_Coverage_Global_128ppd_v04 HTTP/1.1" 200 509 "-" "Moon%20Tours/1.0.0 CFNetwork/758.4.3 Darwin/15.5.0" 764 1082
127.0.0.1 - - [30/May/2016:03:18:32 -0400] "GET /opensso/namingservice HTTP/1.1" 200 7 "-" "Java/1.5.0_21" 220 183
195.154.146.240 - - [30/May/2016:03:18:40 -0400] "GET /redmine/projects/lmmpwiki/wiki/Accessibility_Statement HTTP/1.1" 200 7336 "-" "Mozilla/5.0 ((Windows; U; Windows NT 6.1; fr; rv:1.9.2) Gecko/20100115 Firefox/3.6)" 639 11738
127.0.0.1 - - [30/May/2016:03:18:45 -0400] "POST /opensso/jaxrpc/SMSObjectIF HTTP/1.1" 200 505 "-" "Java/1.5.0_21" 847 767
127.0.0.1 - - [30/May/2016:03:18:45 -0400] "POST /opensso/jaxrpc/DirectoryManagerIF HTTP/1.1" 200 1290 "-" "Java/1.5.0_21" 1366 1551
127.0.0.1 - - [30/May/2016:03:18:48 -0400] "GET /opensso/namingservice HTTP/1.1" 200 7 "-" "Java/1.5.0_21" 220 182
139.218.41.52 - - [30/May/2016:03:18:45 -0400] "GET /LMMP/rest/dbxml/fgdc/abstract?label=LRO_WAC_Mosaic_Global_303ppd HTTP/1.1" 200 291 "-" "Moon%20Tours/1.0.0 CFNetwork/758.4.3 Darwin/15.5.0" 748 858
127.0.0.1 - - [30/May/2016:03:19:00 -0400] "POST /opensso/jaxrpc/SMSObjectIF HTTP/1.1" 200 505 "-" "Java/1.5.0_21" 847 767
127.0.0.1 - - [30/May/2016:03:19:00 -0400] "POST /opensso/jaxrpc/DirectoryManagerIF HTTP/1.1" 200 1290 "-" "Java/1.5.0_21" 1366 1551
127.0.0.1 - - [30/May/2016:03:19:02 -0400] "GET /opensso/namingservice HTTP/1.1" 200 7 "-" "Java/1.5.0_21" 220 183
139.218.41.52 - - [30/May/2016:03:19:00 -0400] "GET /LMMP/rest/dbxml/fgdc/abstract?label=LP_GRS_Th_Clr_Global_2ppd HTTP/1.1" 200 1368 "-" "Moon%20Tours/1.0.0 CFNetwork/758.4.3 Darwin/15.5.0" 748 1930
127.0.0.1 - - [30/May/2016:03:19:18 -0400] "GET /opensso/namingservice HTTP/1.1" 200 7 "-" "Java/1.5.0_21" 220 183
127.0.0.1 - - [30/May/2016:03:19:32 -0400] "GET /opensso/namingservice HTTP/1.1" 200 7 "-" "Java/1.5.0_21" 220 183
127.0.0.1 - - [30/May/2016:03:19:48 -0400] "GET /opensso/namingservice HTTP/1.1" 200 7 "-" "Java/1.5.0_21" 220 183
139.218.41.52 - - [30/May/2016:03:19:49 -0400] "GET /opensso/identity/isTokenValid HTTP/1.1" 200 14 "-" "Moon%20Tours/1.0.0 CFNetwork/758.4.3 Darwin/15.5.0" 229 172
139.218.41.52 - - [30/May/2016:03:19:49 -0400] "GET /lmmpmobile/config-1.0.json HTTP/1.1" 200 1338 "-" "Moon%20Tours/1.0.0 CFNetwork/758.4.3 Darwin/15.5.0" 217 1666
139.218.41.52 - - [30/May/2016:03:19:49 -0400] "GET /opensso/UI/Login?module=Anonymous&org=appspub&goto=http%3A%2F%2Fpub.lmmp.nasa.gov%2Flmmpmobile%2Frefresh HTTP/1.1" 302 - "-" "Moon%20Tours/1.0.0 CFNetwork/758.4.3 Darwin/15.5.0" 304 930
139.218.41.52 - - [30/May/2016:03:19:50 -0400] "GET /lmmpmobile/refresh?iPlanetDirectoryPro=AQIC5wM2LY4SfczLjs6hxPKKnOkuSSmQCtOTpTVuC3n4qS4%3D%40AAJTSQACMDE%3D%23 HTTP/1.1" 200 - "-" "Moon%20Tours/1.0.0 CFNetwork/758.4.3 Darwin/15.5.0" 418 316
139.218.41.52 - - [30/May/2016:03:19:52 -0400] "GET /arcgis/rest/services/CombinedNomenclature/MapServer?f=json HTTP/1.1" 200 807 "arcgisios" "ArcGISiOS-2.3.2/9.3.2/iPad2,1" 366 1102
139.218.41.52 - - [30/May/2016:03:19:52 -0400] "GET /arcgis/rest/services/ERGraticule/MapServer?f=json HTTP/1.1" 200 701 "arcgisios" "ArcGISiOS-2.3.2/9.3.2/iPad2,1" 357 996
127.0.0.1 - - [30/May/2016:03:20:02 -0400] "GET /opensso/namingservice HTTP/1.1" 200 7 "-" "Java/1.5.0_21" 220 183
139.218.41.52 - - [30/May/2016:03:20:04 -0400] "GET /arcgis/rest/services/ERGraticule/MapServer/export?bboxSR=104903&dpi=132&size=1024,748&transparent=true&format=png&bbox=-180.00000000,-131.48437500,180.00000000,131.48437500&f=image&imageSR=104903 HTTP/1.1" 200 8291 "arcgisios" "ArcGISiOS-2.3.2/9.3.2/iPad2,1" 503 8581
139.218.41.52 - - [30/May/2016:03:20:08 -0400] "GET /arcgis/rest/services/CombinedNomenclature/MapServer/export?bboxSR=104903&dpi=132&size=1024,748&transparent=true&format=png&bbox=-1.12500000,-0.82177734,1.12500000,0.82177734&f=image&imageSR=104903 HTTP/1.1" 200 3119 "arcgisios" "ArcGISiOS-2.3.2/9.3.2/iPad2,1" 504 3408
127.0.0.1 - - [30/May/2016:03:20:18 -0400] "GET /opensso/namingservice HTTP/1.1" 200 7 "-" "Java/1.5.0_21" 220 183
139.218.41.52 - - [30/May/2016:03:20:17 -0400] "GET /arcgis/rest/services/CombinedNomenclature/MapServer/export?bboxSR=104903&dpi=132&size=1024,748&transparent=true&format=png&bbox=-15.19798243,-8.60307353,8.21749223,8.50119897&f=image&imageSR=104903 HTTP/1.1" 200 7677 "arcgisios" "ArcGISiOS-2.3.2/9.3.2/iPad2,1" 505 7966
139.218.41.52 - - [30/May/2016:03:20:19 -0400] "GET /arcgis/rest/services/CombinedNomenclature/MapServer/export?bboxSR=104903&dpi=132&size=1024,748&transparent=true&format=png&bbox=-136.60408376,-79.83666943,90.73413614,86.22679589&f=image&imageSR=104903 HTTP/1.1" 200 14032 "arcgisios" "ArcGISiOS-2.3.2/9.3.2/iPad2,1" 509 14322
139.218.41.52 - - [30/May/2016:03:20:28 -0400] "GET /arcgis/rest/services/CombinedNomenclature/MapServer/export?bboxSR=104903&dpi=132&size=1024,748&transparent=true&format=png&bbox=-24.05997381,2.37328589,-21.80997381,4.01684058&f=image&imageSR=104903 HTTP/1.1" 200 2976 "arcgisios" "ArcGISiOS-2.3.2/9.3.2/iPad2,1" 506 3265
127.0.0.1 - - [30/May/2016:03:20:32 -0400] "GET /opensso/namingservice HTTP/1.1" 200 7 "-" "Java/1.5.0_21" 220 183
139.218.41.52 - - [30/May/2016:03:20:18 -0400] "GET /arcgis/rest/services/CombinedNomenclature/MapServer/export?bboxSR=104903&dpi=132&size=1024,748&transparent=true&format=png&bbox=-42.46339503,-23.81473825,23.22275715,24.16694323&f=image&imageSR=104903 HTTP/1.1" 200 18671 "arcgisios" "ArcGISiOS-2.3.2/9.3.2/iPad2,1" 508 18961
139.218.41.52 - - [30/May/2016:03:20:36 -0400] "GET /opensso/identity/isTokenValid HTTP/1.1" 200 13 "-" "Moon%20Tours/1.0.0 CFNetwork/758.4.3 Darwin/15.5.0" 338 171
139.218.41.52 - - [30/May/2016:03:20:37 -0400] "GET /arcgis/rest/services/CombinedNomenclature/MapServer/export?bboxSR=104903&dpi=132&size=1024,748&transparent=true&format=png&bbox=-25.92696612,1.41316561,-20.16116668,5.62490192&f=image&imageSR=104903 HTTP/1.1" 200 6080 "arcgisios" "ArcGISiOS-2.3.2/9.3.2/iPad2,1" 506 6369
139.218.41.52 - - [30/May/2016:03:20:42 -0400] "GET /arcgis/rest/services/CombinedNomenclature/MapServer/export?bboxSR=104903&dpi=132&size=1024,748&transparent=true&format=png&bbox=-26.83873233,0.81913215,-21.07293289,5.03086846&f=image&imageSR=104903 HTTP/1.1" 200 5127 "arcgisios" "ArcGISiOS-2.3.2/9.3.2/iPad2,1" 506 5415
139.218.41.52 - - [30/May/2016:03:20:44 -0400] "GET /arcgis/rest/services/CombinedNomenclature/MapServer/export?bboxSR=104903&dpi=132&size=1024,748&transparent=true&format=png&bbox=-26.55422066,0.50418194,-20.78842122,4.71591825&f=image&imageSR=104903 HTTP/1.1" 200 5134 "arcgisios" "ArcGISiOS-2.3.2/9.3.2/iPad2,1" 506 5422
127.0.0.1 - - [30/May/2016:03:20:48 -0400] "GET /opensso/namingservice HTTP/1.1" 200 7 "-" "Java/1.5.0_21" 220 183
139.218.41.52 - - [30/May/2016:03:20:51 -0400] "GET /arcgis/rest/services/CombinedNomenclature/MapServer/export?bboxSR=104903&dpi=132&size=1024,748&transparent=true&format=png&bbox=-31.09430022,-1.71039015,-18.21274369,7.69918435&f=image&imageSR=104903 HTTP/1.1" 200 3332 "arcgisios" "ArcGISiOS-2.3.2/9.3.2/iPad2,1" 507 3620
127.0.0.1 - - [30/May/2016:03:21:02 -0400] "GET /opensso/namingservice HTTP/1.1" 200 7 "-" "Java/1.5.0_21" 220 183
139.218.41.52 - - [30/May/2016:03:21:10 -0400] "GET /arcgis/rest/services/CombinedNomenclature/MapServer/export?bboxSR=104903&dpi=132&size=1024,748&transparent=true&format=png&bbox=-22.13021653,-2.38887774,-12.34710591,4.75737884&f=image&imageSR=104903 HTTP/1.1" 200 501 "arcgisios" "ArcGISiOS-2.3.2/9.3.2/iPad2,1" 507 790
139.218.41.52 - - [30/May/2016:03:21:12 -0400] "GET /arcgis/rest/services/CombinedNomenclature/MapServer/export?bboxSR=104903&dpi=132&size=1024,748&transparent=true&format=png&bbox=-36.77399748,-8.45727778,-4.95527820,14.78530232&f=image&imageSR=104903 HTTP/1.1" 200 12635 "arcgisios" "ArcGISiOS-2.3.2/9.3.2/iPad2,1" 507 12925
139.218.41.52 - - [30/May/2016:03:21:14 -0400] "GET /arcgis/rest/services/CombinedNomenclature/MapServer/export?bboxSR=104903&dpi=132&size=1024,748&transparent=true&format=png&bbox=-43.26199727,-5.73732580,-11.44327799,17.50525430&f=image&imageSR=104903 HTTP/1.1" 200 11410 "arcgisios" "ArcGISiOS-2.3.2/9.3.2/iPad2,1" 508 11701
139.218.41.52 - - [30/May/2016:03:21:14 -0400] "GET /arcgis/rest/services/CombinedNomenclature/MapServer/export?bboxSR=104903&dpi=132&size=1024,748&transparent=true&format=png&bbox=-51.70185084,-7.79620076,-19.88313156,15.44637934&f=image&imageSR=104903 HTTP/1.1" 200 12670 "arcgisios" "ArcGISiOS-2.3.2/9.3.2/iPad2,1" 508 12960
139.218.41.52 - - [30/May/2016:03:21:16 -0400] "GET /arcgis/rest/services/CombinedNomenclature/MapServer/export?bboxSR=104903&dpi=132&size=1024,748&transparent=true&format=png&bbox=-63.39385683,-2.32391947,-31.57513755,20.91866063&f=image&imageSR=104903 HTTP/1.1" 200 9476 "arcgisios" "ArcGISiOS-2.3.2/9.3.2/iPad2,1" 508 9766
127.0.0.1 - - [30/May/2016:03:21:18 -0400] "GET /opensso/namingservice HTTP/1.1" 200 7 "-" "Java/1.5.0_21" 220 183
139.218.41.52 - - [30/May/2016:03:21:17 -0400] "GET /arcgis/rest/services/CombinedNomenclature/MapServer/export?bboxSR=104903&dpi=132&size=1024,748&transparent=true&format=png&bbox=-47.29682473,2.16267341,-15.47810545,25.40525351&f=image&imageSR=104903 HTTP/1.1" 200 12043 "arcgisios" "ArcGISiOS-2.3.2/9.3.2/iPad2,1" 507 12334
139.218.41.52 - - [30/May/2016:03:21:19 -0400] "GET /arcgis/rest/services/CombinedNomenclature/MapServer/export?bboxSR=104903&dpi=132&size=1024,748&transparent=true&format=png&bbox=-49.65553829,10.56993500,-17.83681901,33.81251510&f=image&imageSR=104903 HTTP/1.1" 200 14569 "arcgisios" "ArcGISiOS-2.3.2/9.3.2/iPad2,1" 508 14858
139.218.41.52 - - [30/May/2016:03:21:19 -0400] "GET /arcgis/rest/services/CombinedNomenclature/MapServer/export?bboxSR=104903&dpi=132&size=1024,748&transparent=true&format=png&bbox=-59.96309742,17.64507999,-28.14437814,40.88766009&f=image&imageSR=104903 HTTP/1.1" 200 16660 "arcgisios" "ArcGISiOS-2.3.2/9.3.2/iPad2,1" 508 16951
127.0.0.1 - - [30/May/2016:03:21:32 -0400] "GET /opensso/namingservice HTTP/1.1" 200 7 "-" "Java/1.5.0_21" 220 183
139.218.41.52 - - [30/May/2016:03:21:35 -0400] "GET /arcgis/rest/services/CombinedNomenclature/MapServer/export?bboxSR=104903&dpi=132&size=1024,748&transparent=true&format=png&bbox=-50.93812522,23.28901941,-47.45182880,25.83564999&f=image&imageSR=104903 HTTP/1.1" 200 5964 "arcgisios" "ArcGISiOS-2.3.2/9.3.2/iPad2,1" 508 6254
139.218.41.52 - - [30/May/2016:03:21:36 -0400] "GET /arcgis/rest/services/CombinedNomenclature/MapServer/export?bboxSR=104903&dpi=132&size=956,1164&transparent=true&format=png&bbox=-50.68374477,22.61271974,-47.65154543,26.30590450&f=image&imageSR=104903 HTTP/1.1" 200 7398 "arcgisios" "ArcGISiOS-2.3.2/9.3.2/iPad2,1" 508 7687
139.218.41.52 - - [30/May/2016:03:21:37 -0400] "GET /arcgis/rest/services/CombinedNomenclature/MapServer/export?bboxSR=104903&dpi=132&size=1262,1241&transparent=true&format=png&bbox=-50.89018072,23.19735174,-48.11753861,25.92262148&f=image&imageSR=104903 HTTP/1.1" 200 7706 "arcgisios" "ArcGISiOS-2.3.2/9.3.2/iPad2,1" 509 7994
202.46.50.84 - - [30/May/2016:03:21:41 -0400] "GET /redmine/attachments/404/Artifacts.pdf HTTP/1.1" 200 440020 "-" "Mozilla/5.0 (Windows NT 5.1; rv:6.0.2) Gecko/20100101 Firefox/6.0.2" 246 440479
139.218.41.52 - - [30/May/2016:03:21:43 -0400] "GET /arcgis/rest/services/CombinedNomenclature/MapServer/export?bboxSR=104903&dpi=132&size=1262,1241&transparent=true&format=png&bbox=-50.47163446,23.35641395,-47.69899235,26.08168369&f=image&imageSR=104903 HTTP/1.1" 200 7559 "arcgisios" "ArcGISiOS-2.3.2/9.3.2/iPad2,1" 509 7847
127.0.0.1 - - [30/May/2016:03:21:48 -0400] "GET /opensso/namingservice HTTP/1.1" 200 7 "-" "Java/1.5.0_21" 220 183
139.218.41.52 - - [30/May/2016:03:21:46 -0400] "GET /arcgis/rest/services/CombinedNomenclature/MapServer/export?bboxSR=104903&dpi=132&size=1262,1241&transparent=true&format=png&bbox=-50.23007882,23.73250934,-47.45743671,26.45777907&f=image&imageSR=104903 HTTP/1.1" 200 7007 "arcgisios" "ArcGISiOS-2.3.2/9.3.2/iPad2,1" 509 7296
139.218.41.52 - - [30/May/2016:03:21:48 -0400] "GET /arcgis/rest/services/CombinedNomenclature/MapServer/export?bboxSR=104903&dpi=132&size=1262,1241&transparent=true&format=png&bbox=-49.88815714,23.54827033,-47.11551503,26.27354007&f=image&imageSR=104903 HTTP/1.1" 200 7000 "arcgisios" "ArcGISiOS-2.3.2/9.3.2/iPad2,1" 509 7289
139.218.41.52 - - [30/May/2016:03:21:49 -0400] "GET /arcgis/rest/services/CombinedNomenclature/MapServer/export?bboxSR=104903&dpi=132&size=1262,1241&transparent=true&format=png&bbox=-50.17448466,22.59697415,-47.40184256,25.32224388&f=image&imageSR=104903 HTTP/1.1" 200 6901 "arcgisios" "ArcGISiOS-2.3.2/9.3.2/iPad2,1" 509 7190
139.218.41.52 - - [30/May/2016:03:21:50 -0400] "GET /arcgis/rest/services/CombinedNomenclature/MapServer/export?bboxSR=104903&dpi=132&size=1262,1241&transparent=true&format=png&bbox=-49.99445217,23.09456964,-47.22181006,25.81983937&f=image&imageSR=104903 HTTP/1.1" 200 7061 "arcgisios" "ArcGISiOS-2.3.2/9.3.2/iPad2,1" 509 7349
139.218.41.52 - - [30/May/2016:03:21:51 -0400] "GET /arcgis/rest/services/CombinedNomenclature/MapServer/export?bboxSR=104903&dpi=132&size=1262,1241&transparent=true&format=png&bbox=-49.36195308,23.71536315,-46.58931098,26.44063289&f=image&imageSR=104903 HTTP/1.1" 200 7711 "arcgisios" "ArcGISiOS-2.3.2/9.3.2/iPad2,1" 509 8000
139.218.41.52 - - [30/May/2016:03:21:57 -0400] "GET /arcgis/rest/services/CombinedNomenclature/MapServer/export?bboxSR=104903&dpi=132&size=1262,1241&transparent=true&format=png&bbox=-54.52987665,17.32976077,-39.66890840,31.93681983&f=image&imageSR=104903 HTTP/1.1" 200 14119 "arcgisios" "ArcGISiOS-2.3.2/9.3.2/iPad2,1" 509 14409
127.0.0.1 - - [30/May/2016:03:22:02 -0400] "GET /opensso/namingservice HTTP/1.1" 200 7 "-" "Java/1.5.0_21" 220 183
139.218.41.52 - - [30/May/2016:03:22:01 -0400] "GET /arcgis/rest/services/CombinedNomenclature/MapServer/export?bboxSR=104903&dpi=132&size=1262,1241&transparent=true&format=png&bbox=-58.72715416,11.94027376,-34.22974841,36.01912560&f=image&imageSR=104903 HTTP/1.1" 200 19616 "arcgisios" "ArcGISiOS-2.3.2/9.3.2/iPad2,1" 509 19906
139.218.41.52 - - [30/May/2016:03:22:03 -0400] "GET /arcgis/rest/services/CombinedNomenclature/MapServer/export?bboxSR=104903&dpi=132&size=1262,1241&transparent=true&format=png&bbox=-61.90570431,7.64310361,-29.95942930,39.04355600&f=image&imageSR=104903 HTTP/1.1" 200 22908 "arcgisios" "ArcGISiOS-2.3.2/9.3.2/iPad2,1" 508 23197
66.249.66.188 - - [30/May/2016:03:22:12 -0400] "GET /redmine/projects/lmmpwiki/activity?from=1996-01-20 HTTP/1.1" 200 4829 "-" "Mozilla/5.0 (compatible; Googlebot/2.1; +http://www.google.com/bot.html)" 344 5391
127.0.0.1 - - [30/May/2016:03:22:18 -0400] "GET /opensso/namingservice HTTP/1.1" 200 7 "-" "Java/1.5.0_21" 220 183
139.218.41.52 - - [30/May/2016:03:22:19 -0400] "GET /arcgis/rest/services/CombinedNomenclature/MapServer/export?bboxSR=104903&dpi=132&size=1266,1231&transparent=true&format=png&bbox=-53.04662408,21.58608643,-46.10233579,28.34078255&f=image&imageSR=104903 HTTP/1.1" 200 15733 "arcgisios" "ArcGISiOS-2.3.2/9.3.2/iPad2,1" 509 16023
127.0.0.1 - - [30/May/2016:03:22:32 -0400] "GET /opensso/namingservice HTTP/1.1" 200 7 "-" "Java/1.5.0_21" 220 183
127.0.0.1 - - [30/May/2016:03:22:48 -0400] "GET /opensso/namingservice HTTP/1.1" 200 7 "-" "Java/1.5.0_21" 220 183
127.0.0.1 - - [30/May/2016:03:23:02 -0400] "GET /opensso/namingservice HTTP/1.1" 200 7 "-" "Java/1.5.0_21" 220 183
127.0.0.1 - - [30/May/2016:03:23:18 -0400] "GET /opensso/namingservice HTTP/1.1" 200 7 "-" "Java/1.5.0_21" 220 183
127.0.0.1 - - [30/May/2016:03:23:32 -0400] "GET /opensso/namingservice HTTP/1.1" 200 7 "-" "Java/1.5.0_21" 220 183
127.0.0.1 - - [30/May/2016:03:23:48 -0400] "GET /opensso/namingservice HTTP/1.1" 200 7 "-" "Java/1.5.0_21" 220 183
127.0.0.1 - - [30/May/2016:03:24:02 -0400] "GET /opensso/namingservice HTTP/1.1" 200 7 "-" "Java/1.5.0_21" 220 183
127.0.0.1 - - [30/May/2016:03:24:18 -0400] "GET /opensso/namingservice HTTP/1.1" 200 7 "-" "Java/1.5.0_21" 220 183
127.0.0.1 - - [30/May/2016:03:24:32 -0400] "GET /opensso/namingservice HTTP/1.1" 200 7 "-" "Java/1.5.0_21" 220 183
127.0.0.1 - - [30/May/2016:03:24:48 -0400] "GET /opensso/namingservice HTTP/1.1" 200 7 "-" "Java/1.5.0_21" 220 183
127.0.0.1 - - [30/May/2016:03:25:02 -0400] "GET /opensso/namingservice HTTP/1.1" 200 7 "-" "Java/1.5.0_21" 220 183
127.0.0.1 - - [30/May/2016:03:25:18 -0400] "GET /opensso/namingservice HTTP/1.1" 200 7 "-" "Java/1.5.0_21" 220 183
127.0.0.1 - - [30/May/2016:03:25:32 -0400] "GET /opensso/namingservice HTTP/1.1" 200 7 "-" "Java/1.5.0_21" 220 183
127.0.0.1 - - [30/May/2016:03:25:48 -0400] "GET /opensso/namingservice HTTP/1.1" 200 7 "-" "Java/1.5.0_21" 220 183
195.154.146.240 - - [30/May/2016:03:25:53 -0400] "GET /redmine/projects/lmmpwiki/wiki/LMMP HTTP/1.1" 200 9493 "-" "Mozilla/5.0 ((Windows; U; Windows NT 6.1; fr; rv:1.9.2) Gecko/20100115 Firefox/3.6)" 548 10224
127.0.0.1 - - [30/May/2016:03:26:02 -0400] "GET /opensso/namingservice HTTP/1.1" 200 7 "-" "Java/1.5.0_21" 220 183
127.0.0.1 - - [30/May/2016:03:26:18 -0400] "GET /opensso/namingservice HTTP/1.1" 200 7 "-" "Java/1.5.0_21" 220 183
127.0.0.1 - - [30/May/2016:03:26:32 -0400] "GET /opensso/namingservice HTTP/1.1" 200 7 "-" "Java/1.5.0_21" 220 183
127.0.0.1 - - [30/May/2016:03:26:48 -0400] "GET /opensso/namingservice HTTP/1.1" 200 7 "-" "Java/1.5.0_21" 220 183
127.0.0.1 - - [30/May/2016:03:27:02 -0400] "GET /opensso/namingservice HTTP/1.1" 200 7 "-" "Java/1.5.0_21" 220 183
127.0.0.1 - - [30/May/2016:03:27:18 -0400] "GET /opensso/namingservice HTTP/1.1" 200 7 "-" "Java/1.5.0_21" 220 183
127.0.0.1 - - [30/May/2016:03:27:32 -0400] "GET /opensso/namingservice HTTP/1.1" 200 7 "-" "Java/1.5.0_21" 220 183
66.249.66.191 - - [30/May/2016:03:27:36 -0400] "GET /redmine/projects/lmmpwiki/activity?from=1996-02-19 HTTP/1.1" 200 4829 "-" "Mozilla/5.0 (compatible; Googlebot/2.1; +http://www.google.com/bot.html)" 344 5391
127.0.0.1 - - [30/May/2016:03:27:48 -0400] "GET /opensso/namingservice HTTP/1.1" 200 7 "-" "Java/1.5.0_21" 220 183
127.0.0.1 - - [30/May/2016:03:28:02 -0400] "GET /opensso/namingservice HTTP/1.1" 200 7 "-" "Java/1.5.0_21" 220 183
127.0.0.1 - - [30/May/2016:03:28:18 -0400] "GET /opensso/namingservice HTTP/1.1" 200 7 "-" "Java/1.5.0_21" 220 183
127.0.0.1 - - [30/May/2016:03:28:32 -0400] "GET /opensso/namingservice HTTP/1.1" 200 7 "-" "Java/1.5.0_21" 220 183
127.0.0.1 - - [30/May/2016:03:28:48 -0400] "GET /opensso/namingservice HTTP/1.1" 200 7 "-" "Java/1.5.0_21" 220 183
127.0.0.1 - - [30/May/2016:03:29:02 -0400] "GET /opensso/namingservice HTTP/1.1" 200 7 "-" "Java/1.5.0_21" 220 183
127.0.0.1 - - [30/May/2016:03:29:18 -0400] "GET /opensso/namingservice HTTP/1.1" 200 7 "-" "Java/1.5.0_21" 220 183
66.249.66.59 - - [30/May/2016:03:29:28 -0400] "GET / HTTP/1.1" 302 237 "-" "Mozilla/5.0 (Linux; Android 6.0.1; Nexus 5X Build/MMB29P) AppleWebKit/537.36 (KHTML, like Gecko) Chrome/41.0.2272.96 Mobile Safari/537.36 (compatible; Googlebot/2.1; +http://www.google.com/bot.html)" 420 543
66.249.66.59 - - [30/May/2016:03:29:28 -0400] "GET /LMMPUI/LMMP_CLIENT/LMMP.html HTTP/1.1" 200 9400 "-" "Mozilla/5.0 (Linux; Android 6.0.1; Nexus 5X Build/MMB29P) AppleWebKit/537.36 (KHTML, like Gecko) Chrome/41.0.2272.96 Mobile Safari/537.36 (compatible; Googlebot/2.1; +http://www.google.com/bot.html)" 448 9729
127.0.0.1 - - [30/May/2016:03:29:32 -0400] "GET /opensso/namingservice HTTP/1.1" 200 7 "-" "Java/1.5.0_21" 220 183
127.0.0.1 - - [30/May/2016:03:29:48 -0400] "GET /opensso/namingservice HTTP/1.1" 200 7 "-" "Java/1.5.0_21" 220 183
127.0.0.1 - - [30/May/2016:03:30:02 -0400] "GET /opensso/namingservice HTTP/1.1" 200 7 "-" "Java/1.5.0_21" 220 183
127.0.0.1 - - [30/May/2016:03:30:03 -0400] "POST /opensso/sessionservice HTTP/1.1" 200 2023 "-" "Java/1.5.0_21" 712 2201
127.0.0.1 - - [30/May/2016:03:30:03 -0400] "GET /opensso/identity//xml/read?name=TomcatApps1&attributes_names=realm&attributes_values_realm=%2Fappspub&attributes_names=objecttype&attributes_values_objecttype=Agent&admin=AQIC5wM2LY4SfczLG1z2I4000GJAZ3XlW1HRV1VdtWDQWw8%3D%40AAJTSQACMDE%3D%23 HTTP/1.1" 200 13607 "-" "Java/1.5.0_21" 440 13791
127.0.0.1 - - [30/May/2016:03:30:18 -0400] "GET /opensso/namingservice HTTP/1.1" 200 7 "-" "Java/1.5.0_21" 220 183
127.0.0.1 - - [30/May/2016:03:30:32 -0400] "GET /opensso/namingservice HTTP/1.1" 200 7 "-" "Java/1.5.0_21" 220 183
127.0.0.1 - - [30/May/2016:03:30:48 -0400] "GET /opensso/namingservice HTTP/1.1" 200 7 "-" "Java/1.5.0_21" 220 183
127.0.0.1 - - [30/May/2016:03:31:02 -0400] "GET /opensso/namingservice HTTP/1.1" 200 7 "-" "Java/1.5.0_21" 220 183
127.0.0.1 - - [30/May/2016:03:31:18 -0400] "GET /opensso/namingservice HTTP/1.1" 200 7 "-" "Java/1.5.0_21" 220 183
127.0.0.1 - - [30/May/2016:03:31:32 -0400] "GET /opensso/namingservice HTTP/1.1" 200 7 "-" "Java/1.5.0_21" 220 183
127.0.0.1 - - [30/May/2016:03:31:48 -0400] "GET /opensso/namingservice HTTP/1.1" 200 7 "-" "Java/1.5.0_21" 220 183
127.0.0.1 - - [30/May/2016:03:32:02 -0400] "GET /opensso/namingservice HTTP/1.1" 200 7 "-" "Java/1.5.0_21" 220 183
127.0.0.1 - - [30/May/2016:03:32:18 -0400] "GET /opensso/namingservice HTTP/1.1" 200 7 "-" "Java/1.5.0_21" 220 183
66.249.66.131 - - [30/May/2016:03:32:31 -0400] "GET /redmine/projects/lmmpwiki/activity?from=1996-03-20 HTTP/1.1" 200 4829 "-" "Mozilla/5.0 (compatible; Googlebot/2.1; +http://www.google.com/bot.html)" 344 5391
127.0.0.1 - - [30/May/2016:03:32:32 -0400] "GET /opensso/namingservice HTTP/1.1" 200 7 "-" "Java/1.5.0_21" 220 183
127.0.0.1 - - [30/May/2016:03:32:48 -0400] "GET /opensso/namingservice HTTP/1.1" 200 7 "-" "Java/1.5.0_21" 220 183
63.110.26.25 - - [30/May/2016:03:33:01 -0400] "GET /arcgis/rest/services/CombinedNomenclature/MapServer?f=json HTTP/1.1" 200 1288 "-" "Mozilla/5.0 (Linux; U; Android 2.3.4; en-us; generic Build/GRJ22) AppleWebKit/533.1 (KHTML, like Gecko) Version/4.0 Mobile Safari/533.1" 296 1524
127.0.0.1 - - [30/May/2016:03:33:02 -0400] "GET /opensso/namingservice HTTP/1.1" 200 7 "-" "Java/1.5.0_21" 220 183
127.0.0.1 - - [30/May/2016:03:33:18 -0400] "GET /opensso/namingservice HTTP/1.1" 200 7 "-" "Java/1.5.0_21" 220 183
195.154.146.240 - - [30/May/2016:03:33:23 -0400] "GET /redmine/projects/lmmpwiki/wiki/TabularDisplayOfSearchResults HTTP/1.1" 200 8094 "-" "Mozilla/5.0 ((Windows; U; Windows NT 6.1; fr; rv:1.9.2) Gecko/20100115 Firefox/3.6)" 580 8816
127.0.0.1 - - [30/May/2016:03:33:32 -0400] "GET /opensso/namingservice HTTP/1.1" 200 7 "-" "Java/1.5.0_21" 220 183
127.0.0.1 - - [30/May/2016:03:33:48 -0400] "GET /opensso/namingservice HTTP/1.1" 200 7 "-" "Java/1.5.0_21" 220 183
127.0.0.1 - - [30/May/2016:03:34:02 -0400] "GET /opensso/namingservice HTTP/1.1" 200 7 "-" "Java/1.5.0_21" 220 183
127.0.0.1 - - [30/May/2016:03:34:18 -0400] "GET /opensso/namingservice HTTP/1.1" 200 7 "-" "Java/1.5.0_21" 220 183
127.0.0.1 - - [30/May/2016:03:34:32 -0400] "GET /opensso/namingservice HTTP/1.1" 200 7 "-" "Java/1.5.0_21" 220 183
127.0.0.1 - - [30/May/2016:03:34:48 -0400] "POST /opensso/sessionservice HTTP/1.1" 200 2025 "-" "Java/1.5.0_21" 714 2203
127.0.0.1 - - [30/May/2016:03:34:48 -0400] "GET /opensso/identity//xml/read?name=TomcatApps3&attributes_names=realm&attributes_values_realm=%2Fappspub&attributes_names=objecttype&attributes_values_objecttype=Agent&admin=AQIC5wM2LY4SfcyTwfU2dauKfacz7ZPzIEJ3zYu%2B422CFkk%3D%40AAJTSQACMDE%3D%23 HTTP/1.1" 200 13732 "-" "Java/1.5.0_21" 442 13916
127.0.0.1 - - [30/May/2016:03:34:48 -0400] "GET /opensso/namingservice HTTP/1.1" 200 7 "-" "Java/1.5.0_21" 220 182
127.0.0.1 - - [30/May/2016:03:35:02 -0400] "GET /opensso/namingservice HTTP/1.1" 200 7 "-" "Java/1.5.0_21" 220 183
127.0.0.1 - - [30/May/2016:03:35:18 -0400] "GET /opensso/namingservice HTTP/1.1" 200 7 "-" "Java/1.5.0_21" 220 183
139.218.41.52 - - [30/May/2016:03:35:28 -0400] "GET /opensso/identity/isTokenValid HTTP/1.1" 200 13 "-" "Moon%20Tours/1.0.0 CFNetwork/758.4.3 Darwin/15.5.0" 338 171
127.0.0.1 - - [30/May/2016:03:35:32 -0400] "GET /opensso/namingservice HTTP/1.1" 200 7 "-" "Java/1.5.0_21" 220 183
127.0.0.1 - - [30/May/2016:03:35:48 -0400] "GET /opensso/namingservice HTTP/1.1" 200 7 "-" "Java/1.5.0_21" 220 183
127.0.0.1 - - [30/May/2016:03:36:02 -0400] "GET /opensso/namingservice HTTP/1.1" 200 7 "-" "Java/1.5.0_21" 220 183
127.0.0.1 - - [30/May/2016:03:36:18 -0400] "GET /opensso/namingservice HTTP/1.1" 200 7 "-" "Java/1.5.0_21" 220 183
127.0.0.1 - - [30/May/2016:03:36:32 -0400] "GET /opensso/namingservice HTTP/1.1" 200 7 "-" "Java/1.5.0_21" 220 183
127.0.0.1 - - [30/May/2016:03:36:48 -0400] "GET /opensso/namingservice HTTP/1.1" 200 7 "-" "Java/1.5.0_21" 220 183
66.249.66.188 - - [30/May/2016:03:36:52 -0400] "GET /redmine/projects/lmmpwiki/activity?from=1996-04-19 HTTP/1.1" 200 4829 "-" "Mozilla/5.0 (compatible; Googlebot/2.1; +http://www.google.com/bot.html)" 344 5391
139.218.41.52 - - [30/May/2016:03:36:51 -0400] "GET /arcgis/rest/services/ERGraticule/MapServer/export?bboxSR=104903&dpi=132&size=774,1043&transparent=true&format=png&bbox=-136.02782249,-183.29158545,136.02780104,183.29158545&f=image&imageSR=104903 HTTP/1.1" 200 7713 "arcgisios" "ArcGISiOS-2.3.2/9.3.2/iPad2,1" 503 8003
139.218.41.52 - - [30/May/2016:03:36:54 -0400] "GET /arcgis/rest/services/ERGraticule/MapServer/export?bboxSR=104903&dpi=132&size=774,1043&transparent=true&format=png&bbox=-136.02782249,-183.29158545,136.02780104,183.29158545&f=image&imageSR=104903 HTTP/1.1" 200 7713 "arcgisios" "ArcGISiOS-2.3.2/9.3.2/iPad2,1" 503 8003
127.0.0.1 - - [30/May/2016:03:37:02 -0400] "GET /opensso/namingservice HTTP/1.1" 200 7 "-" "Java/1.5.0_21" 220 183
139.218.41.52 - - [30/May/2016:03:37:02 -0400] "GET /arcgis/rest/services/ERGraticule/MapServer/export?bboxSR=104903&dpi=132&size=1048,781&transparent=true&format=png&bbox=-247.44810629,-146.73694386,120.81702423,127.66530947&f=image&imageSR=104903 HTTP/1.1" 200 8576 "arcgisios" "ArcGISiOS-2.3.2/9.3.2/iPad2,1" 503 8865
139.218.41.52 - - [30/May/2016:03:37:03 -0400] "GET /arcgis/rest/services/ERGraticule/MapServer/export?bboxSR=104903&dpi=132&size=1065,805&transparent=true&format=png&bbox=-239.10962521,-145.04948978,117.72482827,124.62360992&f=image&imageSR=104903 HTTP/1.1" 200 8972 "arcgisios" "ArcGISiOS-2.3.2/9.3.2/iPad2,1" 503 9261
139.218.41.52 - - [30/May/2016:03:36:55 -0400] "GET /arcgis/rest/services/ERGraticule/MapServer/export?bboxSR=104903&dpi=132&size=774,1043&transparent=true&format=png&bbox=-136.02782249,-183.29158545,136.02780104,183.29158545&f=image&imageSR=104903 HTTP/1.1" 200 7713 "arcgisios" "ArcGISiOS-2.3.2/9.3.2/iPad2,1" 503 8003
139.218.41.52 - - [30/May/2016:03:37:04 -0400] "GET /arcgis/rest/services/ERGraticule/MapServer/export?bboxSR=104903&dpi=132&size=1065,805&transparent=true&format=png&bbox=-174.33633757,-143.86373698,182.49811590,125.80936271&f=image&imageSR=104903 HTTP/1.1" 200 8527 "arcgisios" "ArcGISiOS-2.3.2/9.3.2/iPad2,1" 503 8816
139.218.41.52 - - [30/May/2016:03:37:06 -0400] "GET /arcgis/rest/services/ERGraticule/MapServer/export?bboxSR=104903&dpi=132&size=1026,750&transparent=true&format=png&bbox=-172.49575955,-135.68309915,178.82920112,121.21519431&f=image&imageSR=104903 HTTP/1.1" 200 7866 "arcgisios" "ArcGISiOS-2.3.2/9.3.2/iPad2,1" 503 8155
139.218.41.52 - - [30/May/2016:03:37:08 -0400] "GET /arcgis/rest/services/ERGraticule/MapServer/export?bboxSR=104903&dpi=132&size=1026,750&transparent=true&format=png&bbox=-90.75173791,-142.71662968,260.57322276,114.18166379&f=image&imageSR=104903 HTTP/1.1" 200 8124 "arcgisios" "ArcGISiOS-2.3.2/9.3.2/iPad2,1" 502 8414
139.218.41.52 - - [30/May/2016:03:37:09 -0400] "GET /arcgis/rest/services/ERGraticule/MapServer/export?bboxSR=104903&dpi=132&size=1026,750&transparent=true&format=png&bbox=-95.99125291,-145.96142185,264.43626975,117.59291062&f=image&imageSR=104903 HTTP/1.1" 200 8344 "arcgisios" "ArcGISiOS-2.3.2/9.3.2/iPad2,1" 502 8633
127.0.0.1 - - [30/May/2016:03:37:18 -0400] "GET /opensso/namingservice HTTP/1.1" 200 7 "-" "Java/1.5.0_21" 220 183
139.218.41.52 - - [30/May/2016:03:37:19 -0400] "GET /arcgis/rest/services/ERGraticule/MapServer/export?bboxSR=104903&dpi=132&size=1026,750&transparent=true&format=png&bbox=-180.21376133,-131.77716494,180.21376133,131.77716753&f=image&imageSR=104903 HTTP/1.1" 200 8405 "arcgisios" "ArcGISiOS-2.3.2/9.3.2/iPad2,1" 503 8694
127.0.0.1 - - [30/May/2016:03:37:32 -0400] "GET /opensso/namingservice HTTP/1.1" 200 7 "-" "Java/1.5.0_21" 220 183
127.0.0.1 - - [30/May/2016:03:37:33 -0400] "POST /opensso/sessionservice HTTP/1.1" 200 2341 "-" "Java/1.5.0_21" 819 2519
127.0.0.1 - - [30/May/2016:03:37:33 -0400] "POST /opensso/sessionservice HTTP/1.1" 200 273 "-" "Java/1.5.0_21" 885 450
127.0.0.1 - - [30/May/2016:03:37:33 -0400] "POST /opensso/sessionservice HTTP/1.1" 200 2346 "-" "Java/1.5.0_21" 819 2523
127.0.0.1 - - [30/May/2016:03:37:33 -0400] "POST /opensso/policyservice HTTP/1.1" 200 9462 "-" "Java/1.5.0_21" 1118 9647
127.0.0.1 - - [30/May/2016:03:37:33 -0400] "POST /opensso/jaxrpc/SMSObjectIF HTTP/1.1" 200 505 "-" "Java/1.5.0_21" 847 766
127.0.0.1 - - [30/May/2016:03:37:33 -0400] "POST /opensso/jaxrpc/DirectoryManagerIF HTTP/1.1" 200 1290 "-" "Java/1.5.0_21" 1362 1551
127.0.0.1 - - [30/May/2016:03:37:33 -0400] "POST /opensso/jaxrpc/SMSObjectIF HTTP/1.1" 200 505 "-" "Java/1.5.0_21" 847 766
127.0.0.1 - - [30/May/2016:03:37:33 -0400] "POST /opensso/jaxrpc/DirectoryManagerIF HTTP/1.1" 200 1290 "-" "Java/1.5.0_21" 1362 1551
139.218.41.52 - - [30/May/2016:03:37:33 -0400] "GET /LMMP/rest/dbxml/fgdc/legend/stream?label=LP_GRS_Fe_Clr_Global_2ppd HTTP/1.1" 200 7692 "-" "Moon%20Tours/1.0.0 CFNetwork/758.4.3 Darwin/15.5.0" 375 8001
127.0.0.1 - - [30/May/2016:03:37:48 -0400] "GET /opensso/namingservice HTTP/1.1" 200 7 "-" "Java/1.5.0_21" 220 183
127.0.0.1 - - [30/May/2016:03:37:57 -0400] "POST /opensso/jaxrpc/SMSObjectIF HTTP/1.1" 200 505 "-" "Java/1.5.0_21" 847 767
127.0.0.1 - - [30/May/2016:03:37:57 -0400] "POST /opensso/jaxrpc/DirectoryManagerIF HTTP/1.1" 200 1290 "-" "Java/1.5.0_21" 1362 1551
127.0.0.1 - - [30/May/2016:03:37:57 -0400] "POST /opensso/jaxrpc/SMSObjectIF HTTP/1.1" 200 505 "-" "Java/1.5.0_21" 847 766
139.218.41.52 - - [30/May/2016:03:37:57 -0400] "GET /LMMP/rest/dbxml/fgdc/legend/stream?label=LP_GRS_K_Clr_Global_halfppd HTTP/1.1" 200 7781 "-" "Moon%20Tours/1.0.0 CFNetwork/758.4.3 Darwin/15.5.0" 430 8013
127.0.0.1 - - [30/May/2016:03:37:57 -0400] "POST /opensso/jaxrpc/DirectoryManagerIF HTTP/1.1" 200 1290 "-" "Java/1.5.0_21" 1362 1551
127.0.0.1 - - [30/May/2016:03:38:02 -0400] "GET /opensso/namingservice HTTP/1.1" 200 7 "-" "Java/1.5.0_21" 220 183
127.0.0.1 - - [30/May/2016:03:38:18 -0400] "GET /opensso/namingservice HTTP/1.1" 200 7 "-" "Java/1.5.0_21" 220 183
127.0.0.1 - - [30/May/2016:03:38:24 -0400] "POST /opensso/policyservice HTTP/1.1" 200 9464 "-" "Java/1.5.0_21" 1120 9650
127.0.0.1 - - [30/May/2016:03:38:24 -0400] "POST /opensso/jaxrpc/SMSObjectIF HTTP/1.1" 200 505 "-" "Java/1.5.0_21" 847 766
127.0.0.1 - - [30/May/2016:03:38:24 -0400] "POST /opensso/jaxrpc/DirectoryManagerIF HTTP/1.1" 200 1290 "-" "Java/1.5.0_21" 1362 1551
127.0.0.1 - - [30/May/2016:03:38:24 -0400] "POST /opensso/jaxrpc/SMSObjectIF HTTP/1.1" 200 505 "-" "Java/1.5.0_21" 847 766
127.0.0.1 - - [30/May/2016:03:38:24 -0400] "POST /opensso/jaxrpc/DirectoryManagerIF HTTP/1.1" 200 1290 "-" "Java/1.5.0_21" 1362 1551
139.218.41.52 - - [30/May/2016:03:38:24 -0400] "GET /LMMP/rest/dbxml/fgdc/legend/stream?label=LRO_LOLA_Gray_Global_128ppd_v04 HTTP/1.1" 200 4585 "-" "Moon%20Tours/1.0.0 CFNetwork/758.4.3 Darwin/15.5.0" 807 8730
127.0.0.1 - - [30/May/2016:03:38:32 -0400] "GET /opensso/namingservice HTTP/1.1" 200 7 "-" "Java/1.5.0_21" 220 183
127.0.0.1 - - [30/May/2016:03:38:48 -0400] "GET /opensso/namingservice HTTP/1.1" 200 7 "-" "Java/1.5.0_21" 220 183
127.0.0.1 - - [30/May/2016:03:39:02 -0400] "GET /opensso/namingservice HTTP/1.1" 200 7 "-" "Java/1.5.0_21" 220 183
127.0.0.1 - - [30/May/2016:03:39:18 -0400] "GET /opensso/namingservice HTTP/1.1" 200 7 "-" "Java/1.5.0_21" 220 183
127.0.0.1 - - [30/May/2016:03:39:32 -0400] "GET /opensso/namingservice HTTP/1.1" 200 7 "-" "Java/1.5.0_21" 220 183
127.0.0.1 - - [30/May/2016:03:39:37 -0400] "POST /opensso/jaxrpc/SMSObjectIF HTTP/1.1" 200 505 "-" "Java/1.5.0_21" 847 767
127.0.0.1 - - [30/May/2016:03:39:37 -0400] "POST /opensso/jaxrpc/DirectoryManagerIF HTTP/1.1" 200 1290 "-" "Java/1.5.0_21" 1362 1551
127.0.0.1 - - [30/May/2016:03:39:38 -0400] "POST /opensso/jaxrpc/SMSObjectIF HTTP/1.1" 200 505 "-" "Java/1.5.0_21" 847 766
127.0.0.1 - - [30/May/2016:03:39:38 -0400] "POST /opensso/jaxrpc/DirectoryManagerIF HTTP/1.1" 200 1290 "-" "Java/1.5.0_21" 1362 1551
139.218.41.52 - - [30/May/2016:03:39:37 -0400] "GET /LMMP/rest/dbxml/fgdc/legend/stream?label=LRO_NAC_ClrRoughness_15m_13S358E_2mp HTTP/1.1" 200 3245 "-" "Moon%20Tours/1.0.0 CFNetwork/758.4.3 Darwin/15.5.0" 764 3691
127.0.0.1 - - [30/May/2016:03:39:48 -0400] "GET /opensso/namingservice HTTP/1.1" 200 7 "-" "Java/1.5.0_21" 220 183
127.0.0.1 - - [30/May/2016:03:40:02 -0400] "GET /opensso/namingservice HTTP/1.1" 200 7 "-" "Java/1.5.0_21" 220 183
127.0.0.1 - - [30/May/2016:03:40:18 -0400] "GET /opensso/namingservice HTTP/1.1" 200 7 "-" "Java/1.5.0_21" 220 183
127.0.0.1 - - [30/May/2016:03:40:32 -0400] "GET /opensso/namingservice HTTP/1.1" 200 7 "-" "Java/1.5.0_21" 220 183
127.0.0.1 - - [30/May/2016:03:40:48 -0400] "GET /opensso/namingservice HTTP/1.1" 200 7 "-" "Java/1.5.0_21" 220 183
127.0.0.1 - - [30/May/2016:03:40:57 -0400] "POST /opensso/sessionservice HTTP/1.1" 200 2340 "-" "Java/1.5.0_21" 819 2518
127.0.0.1 - - [30/May/2016:03:40:57 -0400] "POST /opensso/jaxrpc/SMSObjectIF HTTP/1.1" 200 505 "-" "Java/1.5.0_21" 847 766
127.0.0.1 - - [30/May/2016:03:40:57 -0400] "POST /opensso/jaxrpc/DirectoryManagerIF HTTP/1.1" 200 1290 "-" "Java/1.5.0_21" 1362 1551
195.154.146.240 - - [30/May/2016:03:40:58 -0400] "GET /redmine/projects/lmmpwiki/wiki/NomenclatureSearch HTTP/1.1" 200 8043 "-" "Mozilla/5.0 ((Windows; U; Windows NT 6.1; fr; rv:1.9.2) Gecko/20100115 Firefox/3.6)" 564 8768
127.0.0.1 - - [30/May/2016:03:41:02 -0400] "GET /opensso/namingservice HTTP/1.1" 200 7 "-" "Java/1.5.0_21" 220 183
139.218.41.52 - - [30/May/2016:03:40:57 -0400] "GET /LMMP/rest/dbxml/fgdc/abstract?label=ApolloZone_MetricCam_Mosaic_Global_3033ppd HTTP/1.1" 200 400 "-" "Moon%20Tours/1.0.0 CFNetwork/758.4.3 Darwin/15.5.0" 764 970
127.0.0.1 - - [30/May/2016:03:41:18 -0400] "GET /opensso/namingservice HTTP/1.1" 200 7 "-" "Java/1.5.0_21" 220 183
86.215.93.98 - - [30/May/2016:03:41:28 -0400] "GET /LMMPUI/LMMP_CLIENT/LMMP.html HTTP/1.1" 200 9400 "-" "Mozilla/5.0 (Macintosh; Intel Mac OS X 10_10_5) AppleWebKit/601.6.17 (KHTML, like Gecko)" 334 9730
86.215.93.98 - - [30/May/2016:03:41:29 -0400] "GET /apple-touch-icon-precomposed.png HTTP/1.1" 404 230 "-" "Safari/10601.6.17 CFNetwork/720.5.7 Darwin/14.5.0 (x86_64)" 446 475
86.215.93.98 - - [30/May/2016:03:41:29 -0400] "GET /favicon.ico HTTP/1.1" 404 209 "-" "Safari/10601.6.17 CFNetwork/720.5.7 Darwin/14.5.0 (x86_64)" 425 454
86.215.93.98 - - [30/May/2016:03:41:29 -0400] "GET /apple-touch-icon.png HTTP/1.1" 404 218 "-" "Safari/10601.6.17 CFNetwork/720.5.7 Darwin/14.5.0 (x86_64)" 434 462
86.215.93.98 - - [30/May/2016:03:41:29 -0400] "GET /apple-touch-icon-precomposed.png HTTP/1.1" 404 230 "-" "Safari/10601.6.17 CFNetwork/720.5.7 Darwin/14.5.0 (x86_64)" 446 474
86.215.93.98 - - [30/May/2016:03:41:29 -0400] "GET /apple-touch-icon.png HTTP/1.1" 404 218 "-" "Safari/10601.6.17 CFNetwork/720.5.7 Darwin/14.5.0 (x86_64)" 434 462
127.0.0.1 - - [30/May/2016:03:41:32 -0400] "GET /opensso/namingservice HTTP/1.1" 200 7 "-" "Java/1.5.0_21" 220 183
127.0.0.1 - - [30/May/2016:03:41:48 -0400] "GET /opensso/namingservice HTTP/1.1" 200 7 "-" "Java/1.5.0_21" 220 183
66.249.66.188 - - [30/May/2016:03:42:00 -0400] "GET /redmine/projects/lmmpwiki/activity?from=1996-05-19 HTTP/1.1" 200 4829 "-" "Mozilla/5.0 (compatible; Googlebot/2.1; +http://www.google.com/bot.html)" 344 5391
127.0.0.1 - - [30/May/2016:03:42:02 -0400] "GET /opensso/namingservice HTTP/1.1" 200 7 "-" "Java/1.5.0_21" 220 183
127.0.0.1 - - [30/May/2016:03:42:18 -0400] "GET /opensso/namingservice HTTP/1.1" 200 7 "-" "Java/1.5.0_21" 220 183
127.0.0.1 - - [30/May/2016:03:42:31 -0400] "POST /opensso/policyservice HTTP/1.1" 200 9464 "-" "Java/1.5.0_21" 1120 9650
127.0.0.1 - - [30/May/2016:03:42:31 -0400] "POST /opensso/jaxrpc/SMSObjectIF HTTP/1.1" 200 505 "-" "Java/1.5.0_21" 847 766
127.0.0.1 - - [30/May/2016:03:42:31 -0400] "POST /opensso/jaxrpc/DirectoryManagerIF HTTP/1.1" 200 1290 "-" "Java/1.5.0_21" 1362 1551
127.0.0.1 - - [30/May/2016:03:42:32 -0400] "GET /opensso/namingservice HTTP/1.1" 200 7 "-" "Java/1.5.0_21" 220 183
139.218.41.52 - - [30/May/2016:03:42:31 -0400] "GET /LMMP/rest/dbxml/fgdc/abstract?label=LRO_LOLA_Shade_Global_128ppd_v04 HTTP/1.1" 200 574 "-" "Moon%20Tours/1.0.0 CFNetwork/758.4.3 Darwin/15.5.0" 764 1146
127.0.0.1 - - [30/May/2016:03:42:48 -0400] "GET /opensso/namingservice HTTP/1.1" 200 7 "-" "Java/1.5.0_21" 220 183
127.0.0.1 - - [30/May/2016:03:43:02 -0400] "GET /opensso/namingservice HTTP/1.1" 200 7 "-" "Java/1.5.0_21" 220 183
127.0.0.1 - - [30/May/2016:03:43:18 -0400] "GET /opensso/namingservice HTTP/1.1" 200 7 "-" "Java/1.5.0_21" 220 183
127.0.0.1 - - [30/May/2016:03:43:32 -0400] "GET /opensso/namingservice HTTP/1.1" 200 7 "-" "Java/1.5.0_21" 220 183
127.0.0.1 - - [30/May/2016:03:43:48 -0400] "GET /opensso/namingservice HTTP/1.1" 200 7 "-" "Java/1.5.0_21" 220 183
127.0.0.1 - - [30/May/2016:03:44:02 -0400] "GET /opensso/namingservice HTTP/1.1" 200 7 "-" "Java/1.5.0_21" 220 183
127.0.0.1 - - [30/May/2016:03:44:18 -0400] "GET /opensso/namingservice HTTP/1.1" 200 7 "-" "Java/1.5.0_21" 220 183
127.0.0.1 - - [30/May/2016:03:44:32 -0400] "GET /opensso/namingservice HTTP/1.1" 200 7 "-" "Java/1.5.0_21" 220 183
127.0.0.1 - - [30/May/2016:03:44:48 -0400] "GET /opensso/namingservice HTTP/1.1" 200 7 "-" "Java/1.5.0_21" 220 183
127.0.0.1 - - [30/May/2016:03:45:02 -0400] "GET /opensso/namingservice HTTP/1.1" 200 7 "-" "Java/1.5.0_21" 220 183
127.0.0.1 - - [30/May/2016:03:45:18 -0400] "GET /opensso/namingservice HTTP/1.1" 200 7 "-" "Java/1.5.0_21" 220 183
127.0.0.1 - - [30/May/2016:03:45:32 -0400] "GET /opensso/namingservice HTTP/1.1" 200 7 "-" "Java/1.5.0_21" 220 183
127.0.0.1 - - [30/May/2016:03:45:48 -0400] "GET /opensso/namingservice HTTP/1.1" 200 7 "-" "Java/1.5.0_21" 220 183
127.0.0.1 - - [30/May/2016:03:46:02 -0400] "GET /opensso/namingservice HTTP/1.1" 200 7 "-" "Java/1.5.0_21" 220 183
127.0.0.1 - - [30/May/2016:03:46:18 -0400] "GET /opensso/namingservice HTTP/1.1" 200 7 "-" "Java/1.5.0_21" 220 183
127.0.0.1 - - [30/May/2016:03:46:32 -0400] "GET /opensso/namingservice HTTP/1.1" 200 7 "-" "Java/1.5.0_21" 220 183
66.249.66.131 - - [30/May/2016:03:46:36 -0400] "GET /redmine/projects/lmmpwiki/activity?from=1996-06-18 HTTP/1.1" 200 4829 "-" "Mozilla/5.0 (compatible; Googlebot/2.1; +http://www.google.com/bot.html)" 344 5391
127.0.0.1 - - [30/May/2016:03:46:48 -0400] "GET /opensso/namingservice HTTP/1.1" 200 7 "-" "Java/1.5.0_21" 220 183
127.0.0.1 - - [30/May/2016:03:47:02 -0400] "GET /opensso/namingservice HTTP/1.1" 200 7 "-" "Java/1.5.0_21" 220 183
127.0.0.1 - - [30/May/2016:03:47:18 -0400] "GET /opensso/namingservice HTTP/1.1" 200 7 "-" "Java/1.5.0_21" 220 183
127.0.0.1 - - [30/May/2016:03:47:32 -0400] "GET /opensso/namingservice HTTP/1.1" 200 7 "-" "Java/1.5.0_21" 220 183
127.0.0.1 - - [30/May/2016:03:47:48 -0400] "GET /opensso/namingservice HTTP/1.1" 200 7 "-" "Java/1.5.0_21" 220 183
127.0.0.1 - - [30/May/2016:03:48:02 -0400] "GET /opensso/namingservice HTTP/1.1" 200 7 "-" "Java/1.5.0_21" 220 183
127.0.0.1 - - [30/May/2016:03:48:18 -0400] "GET /opensso/namingservice HTTP/1.1" 200 7 "-" "Java/1.5.0_21" 220 183
195.154.146.240 - - [30/May/2016:03:48:28 -0400] "GET /redmine/projects/lmmpwiki/wiki/Site_Map HTTP/1.1" 200 8301 "-" "Mozilla/5.0 ((Windows; U; Windows NT 6.1; fr; rv:1.9.2) Gecko/20100115 Firefox/3.6)" 234 8781
127.0.0.1 - - [30/May/2016:03:48:32 -0400] "GET /opensso/namingservice HTTP/1.1" 200 7 "-" "Java/1.5.0_21" 220 183
127.0.0.1 - - [30/May/2016:03:48:48 -0400] "GET /opensso/namingservice HTTP/1.1" 200 7 "-" "Java/1.5.0_21" 220 183
127.0.0.1 - - [30/May/2016:03:49:02 -0400] "GET /opensso/namingservice HTTP/1.1" 200 7 "-" "Java/1.5.0_21" 220 183
127.0.0.1 - - [30/May/2016:03:49:18 -0400] "GET /opensso/namingservice HTTP/1.1" 200 7 "-" "Java/1.5.0_21" 220 183
127.0.0.1 - - [30/May/2016:03:49:32 -0400] "GET /opensso/namingservice HTTP/1.1" 200 7 "-" "Java/1.5.0_21" 220 183
127.0.0.1 - - [30/May/2016:03:49:48 -0400] "GET /opensso/namingservice HTTP/1.1" 200 7 "-" "Java/1.5.0_21" 220 183
127.0.0.1 - - [30/May/2016:03:50:02 -0400] "GET /opensso/namingservice HTTP/1.1" 200 7 "-" "Java/1.5.0_21" 220 183
127.0.0.1 - - [30/May/2016:03:50:18 -0400] "GET /opensso/namingservice HTTP/1.1" 200 7 "-" "Java/1.5.0_21" 220 183
127.0.0.1 - - [30/May/2016:03:50:32 -0400] "GET /opensso/namingservice HTTP/1.1" 200 7 "-" "Java/1.5.0_21" 220 183
127.0.0.1 - - [30/May/2016:03:50:48 -0400] "GET /opensso/namingservice HTTP/1.1" 200 7 "-" "Java/1.5.0_21" 220 183
127.0.0.1 - - [30/May/2016:03:51:02 -0400] "GET /opensso/namingservice HTTP/1.1" 200 7 "-" "Java/1.5.0_21" 220 183
127.0.0.1 - - [30/May/2016:03:51:18 -0400] "GET /opensso/namingservice HTTP/1.1" 200 7 "-" "Java/1.5.0_21" 220 183
127.0.0.1 - - [30/May/2016:03:51:32 -0400] "GET /opensso/namingservice HTTP/1.1" 200 7 "-" "Java/1.5.0_21" 220 183
66.249.66.191 - - [30/May/2016:03:51:32 -0400] "GET /redmine/projects/lmmpwiki/activity?from=1996-07-18 HTTP/1.1" 200 4829 "-" "Mozilla/5.0 (compatible; Googlebot/2.1; +http://www.google.com/bot.html)" 344 5391
127.0.0.1 - - [30/May/2016:03:51:48 -0400] "GET /opensso/namingservice HTTP/1.1" 200 7 "-" "Java/1.5.0_21" 220 183
127.0.0.1 - - [30/May/2016:03:52:02 -0400] "GET /opensso/namingservice HTTP/1.1" 200 7 "-" "Java/1.5.0_21" 220 183
127.0.0.1 - - [30/May/2016:03:52:18 -0400] "GET /opensso/namingservice HTTP/1.1" 200 7 "-" "Java/1.5.0_21" 220 183
127.0.0.1 - - [30/May/2016:03:52:32 -0400] "GET /opensso/namingservice HTTP/1.1" 200 7 "-" "Java/1.5.0_21" 220 183
127.0.0.1 - - [30/May/2016:03:52:48 -0400] "GET /opensso/namingservice HTTP/1.1" 200 7 "-" "Java/1.5.0_21" 220 183
127.0.0.1 - - [30/May/2016:03:53:02 -0400] "GET /opensso/namingservice HTTP/1.1" 200 7 "-" "Java/1.5.0_21" 220 183
127.0.0.1 - - [30/May/2016:03:53:18 -0400] "GET /opensso/namingservice HTTP/1.1" 200 7 "-" "Java/1.5.0_21" 220 183
127.0.0.1 - - [30/May/2016:03:53:32 -0400] "GET /opensso/namingservice HTTP/1.1" 200 7 "-" "Java/1.5.0_21" 220 183
127.0.0.1 - - [30/May/2016:03:53:48 -0400] "GET /opensso/namingservice HTTP/1.1" 200 7 "-" "Java/1.5.0_21" 220 183
127.0.0.1 - - [30/May/2016:03:54:02 -0400] "GET /opensso/namingservice HTTP/1.1" 200 7 "-" "Java/1.5.0_21" 220 183
127.0.0.1 - - [30/May/2016:03:54:18 -0400] "GET /opensso/namingservice HTTP/1.1" 200 7 "-" "Java/1.5.0_21" 220 183
127.0.0.1 - - [30/May/2016:03:54:32 -0400] "GET /opensso/namingservice HTTP/1.1" 200 7 "-" "Java/1.5.0_21" 220 183
127.0.0.1 - - [30/May/2016:03:54:48 -0400] "GET /opensso/namingservice HTTP/1.1" 200 7 "-" "Java/1.5.0_21" 220 183
127.0.0.1 - - [30/May/2016:03:55:02 -0400] "GET /opensso/namingservice HTTP/1.1" 200 7 "-" "Java/1.5.0_21" 220 183
40.77.167.88 - - [30/May/2016:03:55:05 -0400] "GET /olyblog/cherry-tree-sr-512-park-and-ride HTTP/1.1" 404 238 "-" "Mozilla/5.0 (compatible; bingbot/2.0; +http://www.bing.com/bingbot.htm)" 280 483
127.0.0.1 - - [30/May/2016:03:55:18 -0400] "GET /opensso/namingservice HTTP/1.1" 200 7 "-" "Java/1.5.0_21" 220 183
127.0.0.1 - - [30/May/2016:03:55:32 -0400] "GET /opensso/namingservice HTTP/1.1" 200 7 "-" "Java/1.5.0_21" 220 183
127.0.0.1 - - [30/May/2016:03:55:48 -0400] "GET /opensso/namingservice HTTP/1.1" 200 7 "-" "Java/1.5.0_21" 220 183
127.0.0.1 - - [30/May/2016:03:56:02 -0400] "GET /opensso/namingservice HTTP/1.1" 200 7 "-" "Java/1.5.0_21" 220 183
195.154.146.240 - - [30/May/2016:03:56:16 -0400] "GET /redmine/projects/lmmpwiki/wiki/Site_map.txt?version=5 HTTP/1.1" 302 122 "-" "Mozilla/5.0 ((Windows; U; Windows NT 6.1; fr; rv:1.9.2) Gecko/20100115 Firefox/3.6)" 248 614
195.154.146.240 - - [30/May/2016:03:56:17 -0400] "GET /redmine/projects/lmmpwiki/wiki HTTP/1.1" 200 9493 "-" "Mozilla/5.0 ((Windows; U; Windows NT 6.1; fr; rv:1.9.2) Gecko/20100115 Firefox/3.6)" 767 13935
127.0.0.1 - - [30/May/2016:03:56:18 -0400] "GET /opensso/namingservice HTTP/1.1" 200 7 "-" "Java/1.5.0_21" 220 183
127.0.0.1 - - [30/May/2016:03:56:32 -0400] "GET /opensso/namingservice HTTP/1.1" 200 7 "-" "Java/1.5.0_21" 220 183
127.0.0.1 - - [30/May/2016:03:56:48 -0400] "GET /opensso/namingservice HTTP/1.1" 200 7 "-" "Java/1.5.0_21" 220 183
127.0.0.1 - - [30/May/2016:03:57:02 -0400] "GET /opensso/namingservice HTTP/1.1" 200 7 "-" "Java/1.5.0_21" 220 183
127.0.0.1 - - [30/May/2016:03:57:18 -0400] "GET /opensso/namingservice HTTP/1.1" 200 7 "-" "Java/1.5.0_21" 220 183
