76.108.227.31 - - [15/Jul/2015:21:41:05 -0400] "GET /redmine/attachments/download/413 HTTP/1.1" 200 5109 "http://pub.lmmp.nasa.gov/redmine/projects/lmmpwiki/wiki/My_Layers" "Mozilla/5.0 (Windows NT 6.3; WOW64) AppleWebKit/537.36 (KHTML, like Gecko) Chrome/43.0.2357.134 Safari/537.36" 883 5674
76.108.227.31 - - [15/Jul/2015:21:41:05 -0400] "GET /redmine/attachments/download/412 HTTP/1.1" 200 5095 "http://pub.lmmp.nasa.gov/redmine/projects/lmmpwiki/wiki/My_Layers" "Mozilla/5.0 (Windows NT 6.3; WOW64) AppleWebKit/537.36 (KHTML, like Gecko) Chrome/43.0.2357.134 Safari/537.36" 883 5659
76.108.227.31 - - [15/Jul/2015:21:41:05 -0400] "GET /redmine/attachments/download/415 HTTP/1.1" 200 5164 "http://pub.lmmp.nasa.gov/redmine/projects/lmmpwiki/wiki/My_Layers" "Mozilla/5.0 (Windows NT 6.3; WOW64) AppleWebKit/537.36 (KHTML, like Gecko) Chrome/43.0.2357.134 Safari/537.36" 883 5726
76.108.227.31 - - [15/Jul/2015:21:41:05 -0400] "GET /redmine/attachments/download/416 HTTP/1.1" 200 4664 "http://pub.lmmp.nasa.gov/redmine/projects/lmmpwiki/wiki/My_Layers" "Mozilla/5.0 (Windows NT 6.3; WOW64) AppleWebKit/537.36 (KHTML, like Gecko) Chrome/43.0.2357.134 Safari/537.36" 883 5233
76.108.227.31 - - [15/Jul/2015:21:41:05 -0400] "GET /redmine/attachments/download/417 HTTP/1.1" 200 4965 "http://pub.lmmp.nasa.gov/redmine/projects/lmmpwiki/wiki/My_Layers" "Mozilla/5.0 (Windows NT 6.3; WOW64) AppleWebKit/537.36 (KHTML, like Gecko) Chrome/43.0.2357.134 Safari/537.36" 883 5534
76.108.227.31 - - [15/Jul/2015:21:41:05 -0400] "GET /redmine/attachments/download/418 HTTP/1.1" 200 4912 "http://pub.lmmp.nasa.gov/redmine/projects/lmmpwiki/wiki/My_Layers" "Mozilla/5.0 (Windows NT 6.3; WOW64) AppleWebKit/537.36 (KHTML, like Gecko) Chrome/43.0.2357.134 Safari/537.36" 883 5479
76.108.227.31 - - [15/Jul/2015:21:41:05 -0400] "GET /redmine/attachments/download/421 HTTP/1.1" 200 80674 "http://pub.lmmp.nasa.gov/redmine/projects/lmmpwiki/wiki/My_Layers" "Mozilla/5.0 (Windows NT 6.3; WOW64) AppleWebKit/537.36 (KHTML, like Gecko) Chrome/43.0.2357.134 Safari/537.36" 883 81247
76.108.227.31 - - [15/Jul/2015:21:41:05 -0400] "GET /redmine/attachments/download/410 HTTP/1.1" 200 285562 "http://pub.lmmp.nasa.gov/redmine/projects/lmmpwiki/wiki/My_Layers" "Mozilla/5.0 (Windows NT 6.3; WOW64) AppleWebKit/537.36 (KHTML, like Gecko) Chrome/43.0.2357.134 Safari/537.36" 883 286137
76.108.227.31 - - [15/Jul/2015:21:41:05 -0400] "GET /redmine/attachments/download/409 HTTP/1.1" 200 294488 "http://pub.lmmp.nasa.gov/redmine/projects/lmmpwiki/wiki/My_Layers" "Mozilla/5.0 (Windows NT 6.3; WOW64) AppleWebKit/537.36 (KHTML, like Gecko) Chrome/43.0.2357.134 Safari/537.36" 883 295061
127.0.0.1 - - [15/Jul/2015:21:41:12 -0400] "GET /opensso/namingservice HTTP/1.1" 200 7 "-" "Java/1.5.0_21" 220 183
127.0.0.1 - - [15/Jul/2015:21:41:13 -0400] "GET /opensso/namingservice HTTP/1.1" 200 7 "-" "Java/1.5.0_21" 220 183
127.0.0.1 - - [15/Jul/2015:21:41:42 -0400] "GET /opensso/namingservice HTTP/1.1" 200 7 "-" "Java/1.5.0_21" 220 183
127.0.0.1 - - [15/Jul/2015:21:41:43 -0400] "GET /opensso/namingservice HTTP/1.1" 200 7 "-" "Java/1.5.0_21" 220 183
76.108.227.31 - - [15/Jul/2015:21:42:09 -0400] "GET /LMMPUI/LMMP_CLIENT/LMMP.html?x=58.7901&y=10.898&level=9&projection=equirectangular&basemap=LRO_WAC_Mosaic_Global_303ppd&layers=LRO_NAC_ClrShade_10N058E_150cmp,Graticule,Nomenclature&visibility=true,false,true&transparency=1,1,1&size=fullscreen HTTP/1.1" 200 8973 "-" "Mozilla/5.0 (Windows NT 6.3; WOW64) AppleWebKit/537.36 (KHTML, like Gecko) Chrome/43.0.2357.134 Safari/537.36" 1492 13447
127.0.0.1 - - [15/Jul/2015:21:42:12 -0400] "GET /opensso/namingservice HTTP/1.1" 200 7 "-" "Java/1.5.0_21" 220 183
76.108.227.31 - - [15/Jul/2015:21:42:12 -0400] "GET /LMMPUI/LMMP_CLIENT/config/config.xml?1437010933296 HTTP/1.1" 200 12261 "https://pub.lmmp.nasa.gov/LMMPUI/LMMP_CLIENT/LMMP.html?x=58.7901&y=10.898&level=9&projection=equirectangular&basemap=LRO_WAC_Mosaic_Global_303ppd&layers=LRO_NAC_ClrShade_10N058E_150cmp,Graticule,Nomenclature&visibility=true,false,true&transparency=1,1,1&size=fullscreen" "Mozilla/5.0 (Windows NT 6.3; WOW64) AppleWebKit/537.36 (KHTML, like Gecko) Chrome/43.0.2357.134 Safari/537.36" 1173 12703
76.108.227.31 - - [15/Jul/2015:21:42:12 -0400] "GET /LMMPUI/LMMP_CLIENT/homepage/features.xml?v=1437010933468 HTTP/1.1" 200 1611 "https://pub.lmmp.nasa.gov/LMMPUI/LMMP_CLIENT/LMMP.html?x=58.7901&y=10.898&level=9&projection=equirectangular&basemap=LRO_WAC_Mosaic_Global_303ppd&layers=LRO_NAC_ClrShade_10N058E_150cmp,Graticule,Nomenclature&visibility=true,false,true&transparency=1,1,1&size=fullscreen" "Mozilla/5.0 (Windows NT 6.3; WOW64) AppleWebKit/537.36 (KHTML, like Gecko) Chrome/43.0.2357.134 Safari/537.36" 1556 6066
127.0.0.1 - - [15/Jul/2015:21:42:12 -0400] "GET /openssorest/token/localldap HTTP/1.1" 200 62 "-" "Java/1.5.0_21" 277 239
76.108.227.31 - - [15/Jul/2015:21:42:12 -0400] "GET /LMMPUI/rest/proxy/proxyService?cs=bG1tcGd1ZXN0fGd1ZXN0bG1tcHxodHRwOi8vcHViLmxtbXAubmFzYS5nb3Yvb3BlbnNzb3Jlc3QvdG9rZW4vbG9jYWxsZGFw HTTP/1.1" 200 63 "-" "Mozilla/5.0 (Windows NT 6.3; WOW64) AppleWebKit/537.36 (KHTML, like Gecko) Chrome/43.0.2357.134 Safari/537.36" 933 239
76.108.227.31 - - [15/Jul/2015:21:42:12 -0400] "POST /openssorest/token/localldap HTTP/1.1" 200 62 "-" "Mozilla/5.0 (Windows NT 6.3; WOW64) AppleWebKit/537.36 (KHTML, like Gecko) Chrome/43.0.2357.134 Safari/537.36" 991 238
76.108.227.31 - - [15/Jul/2015:21:42:13 -0400] "GET /opensso/identity/isTokenValid?iPlanetDirectoryPro=AQIC5wM2LY4SfcybUuinNOgdvMKJh9fylcX1iOoiuDok8%2B4%3D%40AAJTSQACMDE%3D%23 HTTP/1.1" 200 13 "-" "Mozilla/5.0 (Windows NT 6.3; WOW64) AppleWebKit/537.36 (KHTML, like Gecko) Chrome/43.0.2357.134 Safari/537.36" 925 170
127.0.0.1 - - [15/Jul/2015:21:42:13 -0400] "GET /opensso/namingservice HTTP/1.1" 200 7 "-" "Java/1.5.0_21" 220 183
76.108.227.31 - - [15/Jul/2015:21:42:13 -0400] "GET /opensso/identity/isTokenValid?iPlanetDirectoryPro=AQIC5wM2LY4SfcybUuinNOgdvMKJh9fylcX1iOoiuDok8%2B4%3D%40AAJTSQACMDE%3D%23 HTTP/1.1" 200 13 "-" "Mozilla/5.0 (Windows NT 6.3; WOW64) AppleWebKit/537.36 (KHTML, like Gecko) Chrome/43.0.2357.134 Safari/537.36" 925 170
76.108.227.31 - - [15/Jul/2015:21:42:13 -0400] "GET /opensso/identity/attributes?iPlanetDirectoryPro=AQIC5wM2LY4SfcybUuinNOgdvMKJh9fylcX1iOoiuDok8%2B4%3D%40AAJTSQACMDE%3D%23 HTTP/1.1" 200 981 "-" "Mozilla/5.0 (Windows NT 6.3; WOW64) AppleWebKit/537.36 (KHTML, like Gecko) Chrome/43.0.2357.134 Safari/537.36" 923 1139
127.0.0.1 - - [15/Jul/2015:21:42:13 -0400] "POST /opensso/jaxrpc/SMSObjectIF HTTP/1.1" 200 505 "-" "Java/1.5.0_21" 847 767
127.0.0.1 - - [15/Jul/2015:21:42:13 -0400] "POST /opensso/jaxrpc/DirectoryManagerIF HTTP/1.1" 200 1290 "-" "Java/1.5.0_21" 1362 1551
76.108.227.31 - - [15/Jul/2015:21:42:13 -0400] "GET /LMMP/rest/dbxml/resources?iPlanetDirectoryPro=AQIC5wM2LY4SfcybUuinNOgdvMKJh9fylcX1iOoiuDok8%2B4%3D%40AAJTSQACMDE%3D%23 HTTP/1.1" 200 2827 "-" "Mozilla/5.0 (Windows NT 6.3; WOW64) AppleWebKit/537.36 (KHTML, like Gecko) Chrome/43.0.2357.134 Safari/537.36" 974 3003
76.108.227.31 - - [15/Jul/2015:21:42:13 -0400] "GET /opensso/identity/isTokenValid?iPlanetDirectoryPro=AQIC5wM2LY4SfcybUuinNOgdvMKJh9fylcX1iOoiuDok8%2B4%3D%40AAJTSQACMDE%3D%23 HTTP/1.1" 200 13 "-" "Mozilla/5.0 (Windows NT 6.3; WOW64) AppleWebKit/537.36 (KHTML, like Gecko) Chrome/43.0.2357.134 Safari/537.36" 925 170
76.108.227.31 - - [15/Jul/2015:21:42:13 -0400] "GET /opensso/identity/isTokenValid?iPlanetDirectoryPro=AQIC5wM2LY4SfcybUuinNOgdvMKJh9fylcX1iOoiuDok8%2B4%3D%40AAJTSQACMDE%3D%23 HTTP/1.1" 200 13 "-" "Mozilla/5.0 (Windows NT 6.3; WOW64) AppleWebKit/537.36 (KHTML, like Gecko) Chrome/43.0.2357.134 Safari/537.36" 925 170
76.108.227.31 - - [15/Jul/2015:21:42:13 -0400] "GET /opensso/identity/isTokenValid?iPlanetDirectoryPro=AQIC5wM2LY4SfcybUuinNOgdvMKJh9fylcX1iOoiuDok8%2B4%3D%40AAJTSQACMDE%3D%23 HTTP/1.1" 200 13 "-" "Mozilla/5.0 (Windows NT 6.3; WOW64) AppleWebKit/537.36 (KHTML, like Gecko) Chrome/43.0.2357.134 Safari/537.36" 925 170
76.108.227.31 - - [15/Jul/2015:21:42:13 -0400] "GET /opensso/identity/isTokenValid?iPlanetDirectoryPro=AQIC5wM2LY4SfcybUuinNOgdvMKJh9fylcX1iOoiuDok8%2B4%3D%40AAJTSQACMDE%3D%23 HTTP/1.1" 200 13 "-" "Mozilla/5.0 (Windows NT 6.3; WOW64) AppleWebKit/537.36 (KHTML, like Gecko) Chrome/43.0.2357.134 Safari/537.36" 925 170
76.108.227.31 - - [15/Jul/2015:21:42:13 -0400] "GET /opensso/identity/isTokenValid?iPlanetDirectoryPro=AQIC5wM2LY4SfcybUuinNOgdvMKJh9fylcX1iOoiuDok8%2B4%3D%40AAJTSQACMDE%3D%23 HTTP/1.1" 200 13 "-" "Mozilla/5.0 (Windows NT 6.3; WOW64) AppleWebKit/537.36 (KHTML, like Gecko) Chrome/43.0.2357.134 Safari/537.36" 925 170
76.108.227.31 - - [15/Jul/2015:21:42:13 -0400] "GET /opensso/identity/isTokenValid?iPlanetDirectoryPro=AQIC5wM2LY4SfcybUuinNOgdvMKJh9fylcX1iOoiuDok8%2B4%3D%40AAJTSQACMDE%3D%23 HTTP/1.1" 200 13 "-" "Mozilla/5.0 (Windows NT 6.3; WOW64) AppleWebKit/537.36 (KHTML, like Gecko) Chrome/43.0.2357.134 Safari/537.36" 925 170
76.108.227.31 - - [15/Jul/2015:21:42:13 -0400] "GET /opensso/identity/isTokenValid?iPlanetDirectoryPro=AQIC5wM2LY4SfcybUuinNOgdvMKJh9fylcX1iOoiuDok8%2B4%3D%40AAJTSQACMDE%3D%23 HTTP/1.1" 200 13 "-" "Mozilla/5.0 (Windows NT 6.3; WOW64) AppleWebKit/537.36 (KHTML, like Gecko) Chrome/43.0.2357.134 Safari/537.36" 925 170
76.108.227.31 - - [15/Jul/2015:21:42:13 -0400] "GET /opensso/identity/isTokenValid?iPlanetDirectoryPro=AQIC5wM2LY4SfcybUuinNOgdvMKJh9fylcX1iOoiuDok8%2B4%3D%40AAJTSQACMDE%3D%23 HTTP/1.1" 200 13 "-" "Mozilla/5.0 (Windows NT 6.3; WOW64) AppleWebKit/537.36 (KHTML, like Gecko) Chrome/43.0.2357.134 Safari/537.36" 925 170
76.108.227.31 - - [15/Jul/2015:21:42:13 -0400] "GET /opensso/identity/isTokenValid?iPlanetDirectoryPro=AQIC5wM2LY4SfcybUuinNOgdvMKJh9fylcX1iOoiuDok8%2B4%3D%40AAJTSQACMDE%3D%23 HTTP/1.1" 200 13 "-" "Mozilla/5.0 (Windows NT 6.3; WOW64) AppleWebKit/537.36 (KHTML, like Gecko) Chrome/43.0.2357.134 Safari/537.36" 925 170
76.108.227.31 - - [15/Jul/2015:21:42:13 -0400] "GET /opensso/identity/isTokenValid?iPlanetDirectoryPro=AQIC5wM2LY4SfcybUuinNOgdvMKJh9fylcX1iOoiuDok8%2B4%3D%40AAJTSQACMDE%3D%23 HTTP/1.1" 200 13 "-" "Mozilla/5.0 (Windows NT 6.3; WOW64) AppleWebKit/537.36 (KHTML, like Gecko) Chrome/43.0.2357.134 Safari/537.36" 925 170
76.108.227.31 - - [15/Jul/2015:21:42:15 -0400] "GET /opensso/identity/isTokenValid?iPlanetDirectoryPro=AQIC5wM2LY4SfcybUuinNOgdvMKJh9fylcX1iOoiuDok8%2B4%3D%40AAJTSQACMDE%3D%23 HTTP/1.1" 200 13 "-" "Mozilla/5.0 (Windows NT 6.3; WOW64) AppleWebKit/537.36 (KHTML, like Gecko) Chrome/43.0.2357.134 Safari/537.36" 925 170
76.108.227.31 - - [15/Jul/2015:21:42:15 -0400] "GET /opensso/identity/isTokenValid?iPlanetDirectoryPro=AQIC5wM2LY4SfcybUuinNOgdvMKJh9fylcX1iOoiuDok8%2B4%3D%40AAJTSQACMDE%3D%23 HTTP/1.1" 200 13 "-" "Mozilla/5.0 (Windows NT 6.3; WOW64) AppleWebKit/537.36 (KHTML, like Gecko) Chrome/43.0.2357.134 Safari/537.36" 925 170
76.108.227.31 - - [15/Jul/2015:21:42:15 -0400] "GET /LMMP/rest/auxmd/types?iPlanetDirectoryPro=AQIC5wM2LY4SfcybUuinNOgdvMKJh9fylcX1iOoiuDok8%2B4%3D%40AAJTSQACMDE%3D%23 HTTP/1.1" 200 119 "-" "Mozilla/5.0 (Windows NT 6.3; WOW64) AppleWebKit/537.36 (KHTML, like Gecko) Chrome/43.0.2357.134 Safari/537.36" 970 294
76.108.227.31 - - [15/Jul/2015:21:42:15 -0400] "GET /LMMP/rest/auxmd/acl?iPlanetDirectoryPro=AQIC5wM2LY4SfcybUuinNOgdvMKJh9fylcX1iOoiuDok8%2B4%3D%40AAJTSQACMDE%3D%23 HTTP/1.1" 200 1468 "-" "Mozilla/5.0 (Windows NT 6.3; WOW64) AppleWebKit/537.36 (KHTML, like Gecko) Chrome/43.0.2357.134 Safari/537.36" 968 1644
76.108.227.31 - - [15/Jul/2015:21:42:15 -0400] "GET /opensso/identity/isTokenValid?iPlanetDirectoryPro=AQIC5wM2LY4SfcybUuinNOgdvMKJh9fylcX1iOoiuDok8%2B4%3D%40AAJTSQACMDE%3D%23 HTTP/1.1" 200 13 "-" "Mozilla/5.0 (Windows NT 6.3; WOW64) AppleWebKit/537.36 (KHTML, like Gecko) Chrome/43.0.2357.134 Safari/537.36" 925 170
76.108.227.31 - - [15/Jul/2015:21:42:15 -0400] "GET /opensso/identity/isTokenValid?iPlanetDirectoryPro=AQIC5wM2LY4SfcybUuinNOgdvMKJh9fylcX1iOoiuDok8%2B4%3D%40AAJTSQACMDE%3D%23 HTTP/1.1" 200 13 "-" "Mozilla/5.0 (Windows NT 6.3; WOW64) AppleWebKit/537.36 (KHTML, like Gecko) Chrome/43.0.2357.134 Safari/537.36" 925 170
76.108.227.31 - - [15/Jul/2015:21:42:15 -0400] "GET /LMMP/rest/auxmd/create?iPlanetDirectoryPro=AQIC5wM2LY4SfcybUuinNOgdvMKJh9fylcX1iOoiuDok8%2B4%3D%40AAJTSQACMDE%3D%23&mdType=layer HTTP/1.1" 200 173 "-" "Mozilla/5.0 (Windows NT 6.3; WOW64) AppleWebKit/537.36 (KHTML, like Gecko) Chrome/43.0.2357.134 Safari/537.36" 984 348
76.108.227.31 - - [15/Jul/2015:21:42:15 -0400] "GET /opensso/identity/isTokenValid?iPlanetDirectoryPro=AQIC5wM2LY4SfcybUuinNOgdvMKJh9fylcX1iOoiuDok8%2B4%3D%40AAJTSQACMDE%3D%23 HTTP/1.1" 200 13 "-" "Mozilla/5.0 (Windows NT 6.3; WOW64) AppleWebKit/537.36 (KHTML, like Gecko) Chrome/43.0.2357.134 Safari/537.36" 925 170
76.108.227.31 - - [15/Jul/2015:21:42:15 -0400] "GET /opensso/identity/isTokenValid?iPlanetDirectoryPro=AQIC5wM2LY4SfcybUuinNOgdvMKJh9fylcX1iOoiuDok8%2B4%3D%40AAJTSQACMDE%3D%23 HTTP/1.1" 200 13 "-" "Mozilla/5.0 (Windows NT 6.3; WOW64) AppleWebKit/537.36 (KHTML, like Gecko) Chrome/43.0.2357.134 Safari/537.36" 925 170
76.108.227.31 - - [15/Jul/2015:21:42:15 -0400] "GET /LMMP/rest/auxmd/create?iPlanetDirectoryPro=AQIC5wM2LY4SfcybUuinNOgdvMKJh9fylcX1iOoiuDok8%2B4%3D%40AAJTSQACMDE%3D%23&mdType=point HTTP/1.1" 200 319 "-" "Mozilla/5.0 (Windows NT 6.3; WOW64) AppleWebKit/537.36 (KHTML, like Gecko) Chrome/43.0.2357.134 Safari/537.36" 984 495
76.108.227.31 - - [15/Jul/2015:21:42:15 -0400] "GET /LMMP/rest/auxmd/create?iPlanetDirectoryPro=AQIC5wM2LY4SfcybUuinNOgdvMKJh9fylcX1iOoiuDok8%2B4%3D%40AAJTSQACMDE%3D%23&mdType=bounding HTTP/1.1" 200 513 "-" "Mozilla/5.0 (Windows NT 6.3; WOW64) AppleWebKit/537.36 (KHTML, like Gecko) Chrome/43.0.2357.134 Safari/537.36" 987 690
76.108.227.31 - - [15/Jul/2015:21:42:15 -0400] "GET /opensso/identity/isTokenValid?iPlanetDirectoryPro=AQIC5wM2LY4SfcybUuinNOgdvMKJh9fylcX1iOoiuDok8%2B4%3D%40AAJTSQACMDE%3D%23 HTTP/1.1" 200 13 "-" "Mozilla/5.0 (Windows NT 6.3; WOW64) AppleWebKit/537.36 (KHTML, like Gecko) Chrome/43.0.2357.134 Safari/537.36" 925 170
76.108.227.31 - - [15/Jul/2015:21:42:15 -0400] "GET /LMMP/rest/auxmd/create?iPlanetDirectoryPro=AQIC5wM2LY4SfcybUuinNOgdvMKJh9fylcX1iOoiuDok8%2B4%3D%40AAJTSQACMDE%3D%23&mdType=polyo HTTP/1.1" 200 38 "-" "Mozilla/5.0 (Windows NT 6.3; WOW64) AppleWebKit/537.36 (KHTML, like Gecko) Chrome/43.0.2357.134 Safari/537.36" 984 213
76.108.227.31 - - [15/Jul/2015:21:42:15 -0400] "GET /LMMP/rest/auxmd/create?iPlanetDirectoryPro=AQIC5wM2LY4SfcybUuinNOgdvMKJh9fylcX1iOoiuDok8%2B4%3D%40AAJTSQACMDE%3D%23&mdType=polyx HTTP/1.1" 200 38 "-" "Mozilla/5.0 (Windows NT 6.3; WOW64) AppleWebKit/537.36 (KHTML, like Gecko) Chrome/43.0.2357.134 Safari/537.36" 984 213
76.108.227.31 - - [15/Jul/2015:21:42:17 -0400] "GET /LMMPUI/LMMP_CLIENT/homepage/data.xml?v=1437010938454 HTTP/1.1" 200 3907 "https://pub.lmmp.nasa.gov/LMMPUI/LMMP_CLIENT/LMMP.html?x=58.7901&y=10.898&level=9&projection=equirectangular&basemap=LRO_WAC_Mosaic_Global_303ppd&layers=LRO_NAC_ClrShade_10N058E_150cmp,Graticule,Nomenclature&visibility=true,false,true&transparency=1,1,1&size=fullscreen" "Mozilla/5.0 (Windows NT 6.3; WOW64) AppleWebKit/537.36 (KHTML, like Gecko) Chrome/43.0.2357.134 Safari/537.36" 1556 8370
137.78.207.218 - - [15/Jul/2015:21:42:32 -0400] "HEAD /LMMPUI/LMMP_CLIENT/LMMP.html HTTP/1.1" 200 - "-" "curl/7.38.0" 110 274
127.0.0.1 - - [15/Jul/2015:21:42:42 -0400] "GET /opensso/namingservice HTTP/1.1" 200 7 "-" "Java/1.5.0_21" 220 183
127.0.0.1 - - [15/Jul/2015:21:42:43 -0400] "GET /opensso/namingservice HTTP/1.1" 200 7 "-" "Java/1.5.0_21" 220 183
127.0.0.1 - - [15/Jul/2015:21:43:12 -0400] "GET /opensso/namingservice HTTP/1.1" 200 7 "-" "Java/1.5.0_21" 220 183
127.0.0.1 - - [15/Jul/2015:21:43:13 -0400] "GET /opensso/namingservice HTTP/1.1" 200 7 "-" "Java/1.5.0_21" 220 183
127.0.0.1 - - [15/Jul/2015:21:43:42 -0400] "GET /opensso/namingservice HTTP/1.1" 200 7 "-" "Java/1.5.0_21" 220 183
127.0.0.1 - - [15/Jul/2015:21:43:43 -0400] "GET /opensso/namingservice HTTP/1.1" 200 7 "-" "Java/1.5.0_21" 220 183
127.0.0.1 - - [15/Jul/2015:21:44:12 -0400] "GET /opensso/namingservice HTTP/1.1" 200 7 "-" "Java/1.5.0_21" 220 183
127.0.0.1 - - [15/Jul/2015:21:44:13 -0400] "GET /opensso/namingservice HTTP/1.1" 200 7 "-" "Java/1.5.0_21" 220 183
66.249.65.216 - - [15/Jul/2015:21:44:20 -0400] "GET /redmine/issues/gantt?month=10&months=6&year=1829&zoom=2 HTTP/1.1" 200 30906 "-" "Mozilla/5.0 (compatible; Googlebot/2.1; +http://www.google.com/bot.html)" 719 35759
127.0.0.1 - - [15/Jul/2015:21:44:42 -0400] "GET /opensso/namingservice HTTP/1.1" 200 7 "-" "Java/1.5.0_21" 220 183
127.0.0.1 - - [15/Jul/2015:21:44:43 -0400] "GET /opensso/namingservice HTTP/1.1" 200 7 "-" "Java/1.5.0_21" 220 183
127.0.0.1 - - [15/Jul/2015:21:45:12 -0400] "GET /opensso/namingservice HTTP/1.1" 200 7 "-" "Java/1.5.0_21" 220 183
127.0.0.1 - - [15/Jul/2015:21:45:13 -0400] "GET /opensso/namingservice HTTP/1.1" 200 7 "-" "Java/1.5.0_21" 220 183
180.76.15.18 - - [15/Jul/2015:21:45:14 -0400] "GET / HTTP/1.1" 302 237 "-" "Mozilla/5.0 (compatible; Baiduspider/2.0; +http://www.baidu.com/search/spider.html)" 183 506
127.0.0.1 - - [15/Jul/2015:21:45:42 -0400] "GET /opensso/namingservice HTTP/1.1" 200 7 "-" "Java/1.5.0_21" 220 183
127.0.0.1 - - [15/Jul/2015:21:45:43 -0400] "GET /opensso/namingservice HTTP/1.1" 200 7 "-" "Java/1.5.0_21" 220 183
180.76.15.141 - - [15/Jul/2015:21:45:55 -0400] "GET / HTTP/1.1" 302 237 "-" "Mozilla/5.0 (compatible; Baiduspider/2.0; +http://www.baidu.com/search/spider.html)" 183 506
127.0.0.1 - - [15/Jul/2015:21:46:12 -0400] "GET /opensso/namingservice HTTP/1.1" 200 7 "-" "Java/1.5.0_21" 220 183
127.0.0.1 - - [15/Jul/2015:21:46:13 -0400] "GET /opensso/namingservice HTTP/1.1" 200 7 "-" "Java/1.5.0_21" 220 183
127.0.0.1 - - [15/Jul/2015:21:46:42 -0400] "GET /opensso/namingservice HTTP/1.1" 200 7 "-" "Java/1.5.0_21" 220 183
127.0.0.1 - - [15/Jul/2015:21:46:43 -0400] "GET /opensso/namingservice HTTP/1.1" 200 7 "-" "Java/1.5.0_21" 220 183
127.0.0.1 - - [15/Jul/2015:21:47:12 -0400] "GET /opensso/namingservice HTTP/1.1" 200 7 "-" "Java/1.5.0_21" 220 183
127.0.0.1 - - [15/Jul/2015:21:47:13 -0400] "GET /opensso/namingservice HTTP/1.1" 200 7 "-" "Java/1.5.0_21" 220 183
137.78.207.218 - - [15/Jul/2015:21:47:32 -0400] "HEAD /LMMPUI/LMMP_CLIENT/LMMP.html HTTP/1.1" 200 - "-" "curl/7.38.0" 110 274
127.0.0.1 - - [15/Jul/2015:21:47:42 -0400] "GET /opensso/namingservice HTTP/1.1" 200 7 "-" "Java/1.5.0_21" 220 183
127.0.0.1 - - [15/Jul/2015:21:47:43 -0400] "GET /opensso/namingservice HTTP/1.1" 200 7 "-" "Java/1.5.0_21" 220 183
127.0.0.1 - - [15/Jul/2015:21:48:12 -0400] "GET /opensso/namingservice HTTP/1.1" 200 7 "-" "Java/1.5.0_21" 220 183
127.0.0.1 - - [15/Jul/2015:21:48:13 -0400] "GET /opensso/namingservice HTTP/1.1" 200 7 "-" "Java/1.5.0_21" 220 183
66.249.65.209 - - [15/Jul/2015:21:48:30 -0400] "GET /redmine/issues/gantt?month=7&months=6&year=1829&zoom=2 HTTP/1.1" 200 30908 "-" "Mozilla/5.0 (compatible; Googlebot/2.1; +http://www.google.com/bot.html)" 718 35761
127.0.0.1 - - [15/Jul/2015:21:48:42 -0400] "GET /opensso/namingservice HTTP/1.1" 200 7 "-" "Java/1.5.0_21" 220 183
127.0.0.1 - - [15/Jul/2015:21:48:43 -0400] "GET /opensso/namingservice HTTP/1.1" 200 7 "-" "Java/1.5.0_21" 220 183
127.0.0.1 - - [15/Jul/2015:21:49:12 -0400] "GET /opensso/namingservice HTTP/1.1" 200 7 "-" "Java/1.5.0_21" 220 183
127.0.0.1 - - [15/Jul/2015:21:49:13 -0400] "GET /opensso/namingservice HTTP/1.1" 200 7 "-" "Java/1.5.0_21" 220 183
127.0.0.1 - - [15/Jul/2015:21:49:42 -0400] "GET /opensso/namingservice HTTP/1.1" 200 7 "-" "Java/1.5.0_21" 220 183
127.0.0.1 - - [15/Jul/2015:21:49:43 -0400] "GET /opensso/namingservice HTTP/1.1" 200 7 "-" "Java/1.5.0_21" 220 183
127.0.0.1 - - [15/Jul/2015:21:50:12 -0400] "GET /opensso/namingservice HTTP/1.1" 200 7 "-" "Java/1.5.0_21" 220 183
127.0.0.1 - - [15/Jul/2015:21:50:13 -0400] "GET /opensso/namingservice HTTP/1.1" 200 7 "-" "Java/1.5.0_21" 220 183
127.0.0.1 - - [15/Jul/2015:21:50:42 -0400] "GET /opensso/namingservice HTTP/1.1" 200 7 "-" "Java/1.5.0_21" 220 183
127.0.0.1 - - [15/Jul/2015:21:50:43 -0400] "GET /opensso/namingservice HTTP/1.1" 200 7 "-" "Java/1.5.0_21" 220 183
70.140.33.167 - - [15/Jul/2015:21:51:01 -0400] "GET /lmmpmobile/config-1.0.json HTTP/1.1" 200 1338 "-" "Moon%20Tours/1.0.0 CFNetwork/711.4.6 Darwin/14.0.0" 217 1666
70.140.33.167 - - [15/Jul/2015:21:51:01 -0400] "GET /opensso/identity/isTokenValid HTTP/1.1" 200 14 "-" "Moon%20Tours/1.0.0 CFNetwork/711.4.6 Darwin/14.0.0" 229 171
70.140.33.167 - - [15/Jul/2015:21:51:02 -0400] "GET /opensso/UI/Login?module=Anonymous&org=appspub&goto=http%3A%2F%2Fpub.lmmp.nasa.gov%2Flmmpmobile%2Frefresh HTTP/1.1" 302 - "-" "Moon%20Tours/1.0.0 CFNetwork/711.4.6 Darwin/14.0.0" 304 932
70.140.33.167 - - [15/Jul/2015:21:51:02 -0400] "GET /lmmpmobile/refresh?iPlanetDirectoryPro=AQIC5wM2LY4SfcwLaUDz9fq9nqs4ybkd0jW1TSfnPM%2Bxxp4%3D%40AAJTSQACMDE%3D%23 HTTP/1.1" 200 - "-" "Moon%20Tours/1.0.0 CFNetwork/711.4.6 Darwin/14.0.0" 420 316
70.140.33.167 - - [15/Jul/2015:21:51:02 -0400] "GET /lmmpmobile/bookmarks-1.0.2.json HTTP/1.1" 200 11401 "-" "Moon%20Tours/1.0.0 CFNetwork/711.4.6 Darwin/14.0.0" 331 11730
70.140.33.167 - - [15/Jul/2015:21:51:02 -0400] "GET /lmmpmobile/pages/about-1.0.2.html HTTP/1.1" 200 2716 "-" "Moon%20Tours/1.0.0 CFNetwork/711.4.6 Darwin/14.0.0" 333 3037
70.140.33.167 - - [15/Jul/2015:21:51:02 -0400] "GET /lmmpmobile/pages/glossary-1.0.2.html HTTP/1.1" 200 4306 "-" "Moon%20Tours/1.0.0 CFNetwork/711.4.6 Darwin/14.0.0" 336 4628
70.140.33.167 - - [15/Jul/2015:21:51:02 -0400] "GET /lmmpmobile/pages/help-1.0.2.html HTTP/1.1" 200 6781 "-" "Moon%20Tours/1.0.0 CFNetwork/711.4.6 Darwin/14.0.0" 332 7103
70.140.33.167 - - [15/Jul/2015:21:51:04 -0400] "GET /arcgis/rest/services/CombinedNomenclature/MapServer?f=json HTTP/1.1" 200 813 "arcgisios" "ArcGISiOS-2.3.2/8.4/iPad4,8" 364 1109
70.140.33.167 - - [15/Jul/2015:21:51:04 -0400] "GET /arcgis/rest/services/ERGraticule/MapServer?f=json HTTP/1.1" 200 696 "arcgisios" "ArcGISiOS-2.3.2/8.4/iPad4,8" 355 991
127.0.0.1 - - [15/Jul/2015:21:51:12 -0400] "GET /opensso/namingservice HTTP/1.1" 200 7 "-" "Java/1.5.0_21" 220 183
127.0.0.1 - - [15/Jul/2015:21:51:13 -0400] "GET /opensso/namingservice HTTP/1.1" 200 7 "-" "Java/1.5.0_21" 220 183
127.0.0.1 - - [15/Jul/2015:21:51:42 -0400] "GET /opensso/namingservice HTTP/1.1" 200 7 "-" "Java/1.5.0_21" 220 183
127.0.0.1 - - [15/Jul/2015:21:51:43 -0400] "GET /opensso/namingservice HTTP/1.1" 200 7 "-" "Java/1.5.0_21" 220 183
66.249.65.209 - - [15/Jul/2015:21:51:54 -0400] "GET /redmine/issues/gantt?month=4&months=6&year=1854&zoom=1 HTTP/1.1" 200 27570 "-" "Mozilla/5.0 (compatible; Googlebot/2.1; +http://www.google.com/bot.html)" 718 32449
127.0.0.1 - - [15/Jul/2015:21:52:12 -0400] "GET /opensso/namingservice HTTP/1.1" 200 7 "-" "Java/1.5.0_21" 220 183
127.0.0.1 - - [15/Jul/2015:21:52:13 -0400] "GET /opensso/namingservice HTTP/1.1" 200 7 "-" "Java/1.5.0_21" 220 183
137.78.207.218 - - [15/Jul/2015:21:52:32 -0400] "HEAD /LMMPUI/LMMP_CLIENT/LMMP.html HTTP/1.1" 200 - "-" "curl/7.38.0" 110 274
70.140.33.167 - - [15/Jul/2015:21:52:41 -0400] "GET /lmmpmobile/pages/assets/NASA_logo.png HTTP/1.1" 200 17149 "-" "Mozilla/5.0 (iPad; CPU OS 8_4 like Mac OS X) AppleWebKit/600.1.4 (KHTML, like Gecko) Mobile/12H143" 394 17472
127.0.0.1 - - [15/Jul/2015:21:52:42 -0400] "GET /opensso/namingservice HTTP/1.1" 200 7 "-" "Java/1.5.0_21" 220 183
127.0.0.1 - - [15/Jul/2015:21:52:43 -0400] "GET /opensso/namingservice HTTP/1.1" 200 7 "-" "Java/1.5.0_21" 220 183
70.140.33.167 - - [15/Jul/2015:21:52:56 -0400] "GET /lmmpmobile/pages/assets/help-toptoolbar.png HTTP/1.1" 200 24463 "-" "Mozilla/5.0 (iPad; CPU OS 8_4 like Mac OS X) AppleWebKit/600.1.4 (KHTML, like Gecko) Mobile/12H143" 400 24786
70.140.33.167 - - [15/Jul/2015:21:52:56 -0400] "GET /lmmpmobile/pages/assets/help-thumbnail.png HTTP/1.1" 200 73927 "-" "Mozilla/5.0 (iPad; CPU OS 8_4 like Mac OS X) AppleWebKit/600.1.4 (KHTML, like Gecko) Mobile/12H143" 399 74251
70.140.33.167 - - [15/Jul/2015:21:52:56 -0400] "GET /lmmpmobile/pages/assets/help-bottomtoolbar.png HTTP/1.1" 200 85618 "-" "Mozilla/5.0 (iPad; CPU OS 8_4 like Mac OS X) AppleWebKit/600.1.4 (KHTML, like Gecko) Mobile/12H143" 403 85942
70.140.33.167 - - [15/Jul/2015:21:52:56 -0400] "GET /lmmpmobile/pages/assets/help-searchresult.png HTTP/1.1" 200 80323 "-" "Mozilla/5.0 (iPad; CPU OS 8_4 like Mac OS X) AppleWebKit/600.1.4 (KHTML, like Gecko) Mobile/12H143" 402 80647
70.140.33.167 - - [15/Jul/2015:21:52:56 -0400] "GET /lmmpmobile/pages/assets/help-layersort.png HTTP/1.1" 200 54319 "-" "Mozilla/5.0 (iPad; CPU OS 8_4 like Mac OS X) AppleWebKit/600.1.4 (KHTML, like Gecko) Mobile/12H143" 399 54641
70.140.33.167 - - [15/Jul/2015:21:52:56 -0400] "GET /lmmpmobile/pages/assets/help-stack.png HTTP/1.1" 200 152486 "-" "Mozilla/5.0 (iPad; CPU OS 8_4 like Mac OS X) AppleWebKit/600.1.4 (KHTML, like Gecko) Mobile/12H143" 395 152811
70.140.33.167 - - [15/Jul/2015:21:52:56 -0400] "GET /lmmpmobile/pages/assets/help-loupedistance.png HTTP/1.1" 200 202527 "-" "Mozilla/5.0 (iPad; CPU OS 8_4 like Mac OS X) AppleWebKit/600.1.4 (KHTML, like Gecko) Mobile/12H143" 403 202852
70.140.33.167 - - [15/Jul/2015:21:52:56 -0400] "GET /lmmpmobile/pages/assets/help-description.png HTTP/1.1" 200 102275 "-" "Mozilla/5.0 (iPad; CPU OS 8_4 like Mac OS X) AppleWebKit/600.1.4 (KHTML, like Gecko) Mobile/12H143" 401 102599
70.140.33.167 - - [15/Jul/2015:21:52:57 -0400] "GET /lmmpmobile/pages/assets/help-threedee.png HTTP/1.1" 200 375512 "-" "Mozilla/5.0 (iPad; CPU OS 8_4 like Mac OS X) AppleWebKit/600.1.4 (KHTML, like Gecko) Mobile/12H143" 398 375836
127.0.0.1 - - [15/Jul/2015:21:53:12 -0400] "GET /opensso/namingservice HTTP/1.1" 200 7 "-" "Java/1.5.0_21" 220 183
127.0.0.1 - - [15/Jul/2015:21:53:13 -0400] "GET /opensso/namingservice HTTP/1.1" 200 7 "-" "Java/1.5.0_21" 220 183
127.0.0.1 - - [15/Jul/2015:21:53:42 -0400] "GET /opensso/namingservice HTTP/1.1" 200 7 "-" "Java/1.5.0_21" 220 183
127.0.0.1 - - [15/Jul/2015:21:53:43 -0400] "GET /opensso/namingservice HTTP/1.1" 200 7 "-" "Java/1.5.0_21" 220 183
127.0.0.1 - - [15/Jul/2015:21:54:12 -0400] "GET /opensso/namingservice HTTP/1.1" 200 7 "-" "Java/1.5.0_21" 220 183
127.0.0.1 - - [15/Jul/2015:21:54:13 -0400] "GET /opensso/namingservice HTTP/1.1" 200 7 "-" "Java/1.5.0_21" 220 183
127.0.0.1 - - [15/Jul/2015:21:54:42 -0400] "GET /opensso/namingservice HTTP/1.1" 200 7 "-" "Java/1.5.0_21" 220 183
127.0.0.1 - - [15/Jul/2015:21:54:43 -0400] "GET /opensso/namingservice HTTP/1.1" 200 7 "-" "Java/1.5.0_21" 220 183
127.0.0.1 - - [15/Jul/2015:21:54:55 -0400] "POST /opensso/sessionservice HTTP/1.1" 200 2343 "-" "Java/1.5.0_21" 819 2521
127.0.0.1 - - [15/Jul/2015:21:54:55 -0400] "POST /opensso/sessionservice HTTP/1.1" 200 273 "-" "Java/1.5.0_21" 885 450
127.0.0.1 - - [15/Jul/2015:21:54:55 -0400] "POST /opensso/sessionservice HTTP/1.1" 200 2340 "-" "Java/1.5.0_21" 819 2517
127.0.0.1 - - [15/Jul/2015:21:54:55 -0400] "POST /opensso/policyservice HTTP/1.1" 200 9464 "-" "Java/1.5.0_21" 1120 9649
127.0.0.1 - - [15/Jul/2015:21:54:55 -0400] "POST /opensso/jaxrpc/SMSObjectIF HTTP/1.1" 200 505 "-" "Java/1.5.0_21" 847 766
127.0.0.1 - - [15/Jul/2015:21:54:55 -0400] "POST /opensso/jaxrpc/DirectoryManagerIF HTTP/1.1" 200 1290 "-" "Java/1.5.0_21" 1362 1551
127.0.0.1 - - [15/Jul/2015:21:54:55 -0400] "POST /opensso/jaxrpc/SMSObjectIF HTTP/1.1" 200 505 "-" "Java/1.5.0_21" 847 766
127.0.0.1 - - [15/Jul/2015:21:54:55 -0400] "POST /opensso/jaxrpc/DirectoryManagerIF HTTP/1.1" 200 1290 "-" "Java/1.5.0_21" 1362 1551
70.140.33.167 - - [15/Jul/2015:21:54:55 -0400] "GET /LMMP/rest/dbxml/fgdc/legend/stream?label=LRO_NAC_Gray_19S070E_150cmp HTTP/1.1" 200 4508 "-" "Moon%20Tours/1.0.0 CFNetwork/711.4.6 Darwin/14.0.0" 727 8762
73.208.88.214 - - [15/Jul/2015:21:55:08 -0400] "GET /opensso/UI/Login?module=Anonymous&org=appspub&goto=https://pub.lmmp.nasa.gov/LMMP/rest/dbxml/fgdc/legend/stream?label=ApolloZone_MetricCam_ClrShade_Global_1024ppd HTTP/1.1" 302 - "-" "Dalvik/1.6.0 (Linux; U; Android 4.4.4; HUAWEI H891L Build/HuaweiH891L)" 336 1003
127.0.0.1 - - [15/Jul/2015:21:55:09 -0400] "POST /opensso/sessionservice HTTP/1.1" 200 2423 "-" "Java/1.5.0_21" 819 2601
127.0.0.1 - - [15/Jul/2015:21:55:09 -0400] "POST /opensso/sessionservice HTTP/1.1" 200 273 "-" "Java/1.5.0_21" 885 450
127.0.0.1 - - [15/Jul/2015:21:55:09 -0400] "POST /opensso/policyservice HTTP/1.1" 200 9464 "-" "Java/1.5.0_21" 1120 9649
127.0.0.1 - - [15/Jul/2015:21:55:09 -0400] "POST /opensso/jaxrpc/SMSObjectIF HTTP/1.1" 200 505 "-" "Java/1.5.0_21" 847 766
127.0.0.1 - - [15/Jul/2015:21:55:09 -0400] "POST /opensso/jaxrpc/DirectoryManagerIF HTTP/1.1" 200 1290 "-" "Java/1.5.0_21" 1366 1551
127.0.0.1 - - [15/Jul/2015:21:55:09 -0400] "POST /opensso/jaxrpc/SMSObjectIF HTTP/1.1" 200 505 "-" "Java/1.5.0_21" 847 766
127.0.0.1 - - [15/Jul/2015:21:55:09 -0400] "POST /opensso/jaxrpc/DirectoryManagerIF HTTP/1.1" 200 1290 "-" "Java/1.5.0_21" 1366 1551
73.208.88.214 - - [15/Jul/2015:21:55:09 -0400] "GET /LMMP/rest/dbxml/fgdc/legend/stream?label=ApolloZone_MetricCam_ClrShade_Global_1024ppd&iPlanetDirectoryPro=AQIC5wM2LY4SfczXE0AnTM4A2%2F%2BXy9Z0FzpAfG1tUkMUnT8%3D%40AAJTSQACMDE%3D%23 HTTP/1.1" 200 4060 "-" "Dalvik/1.6.0 (Linux; U; Android 4.4.4; HUAWEI H891L Build/HuaweiH891L)" 899 8110
127.0.0.1 - - [15/Jul/2015:21:55:12 -0400] "GET /opensso/namingservice HTTP/1.1" 200 7 "-" "Java/1.5.0_21" 220 183
127.0.0.1 - - [15/Jul/2015:21:55:13 -0400] "GET /opensso/namingservice HTTP/1.1" 200 7 "-" "Java/1.5.0_21" 220 182
66.249.65.209 - - [15/Jul/2015:21:55:41 -0400] "GET /robots.txt HTTP/1.1" 404 208 "-" "Mozilla/5.0 (compatible; Googlebot/2.1; +http://www.google.com/bot.html)" 631 4542
66.249.65.216 - - [15/Jul/2015:21:55:41 -0400] "GET /redmine/issues/gantt?month=8&months=6&year=1829&zoom=2 HTTP/1.1" 200 30906 "-" "Mozilla/5.0 (compatible; Googlebot/2.1; +http://www.google.com/bot.html)" 718 35759
127.0.0.1 - - [15/Jul/2015:21:55:42 -0400] "GET /opensso/namingservice HTTP/1.1" 200 7 "-" "Java/1.5.0_21" 220 183
127.0.0.1 - - [15/Jul/2015:21:55:43 -0400] "GET /opensso/namingservice HTTP/1.1" 200 7 "-" "Java/1.5.0_21" 220 183
127.0.0.1 - - [15/Jul/2015:21:56:12 -0400] "GET /opensso/namingservice HTTP/1.1" 200 7 "-" "Java/1.5.0_21" 220 183
127.0.0.1 - - [15/Jul/2015:21:56:13 -0400] "GET /opensso/namingservice HTTP/1.1" 200 7 "-" "Java/1.5.0_21" 220 183
127.0.0.1 - - [15/Jul/2015:21:56:42 -0400] "GET /opensso/namingservice HTTP/1.1" 200 7 "-" "Java/1.5.0_21" 220 183
127.0.0.1 - - [15/Jul/2015:21:56:43 -0400] "GET /opensso/namingservice HTTP/1.1" 200 7 "-" "Java/1.5.0_21" 220 183
127.0.0.1 - - [15/Jul/2015:21:56:49 -0400] "POST /opensso/jaxrpc/SMSObjectIF HTTP/1.1" 200 505 "-" "Java/1.5.0_21" 847 767
127.0.0.1 - - [15/Jul/2015:21:56:49 -0400] "POST /opensso/jaxrpc/DirectoryManagerIF HTTP/1.1" 200 1290 "-" "Java/1.5.0_21" 1362 1551
70.140.33.167 - - [15/Jul/2015:21:56:49 -0400] "GET /LMMP/rest/dbxml/fgdc/abstract?label=LRO_NAC_Mosaic_19S070E_50cmp HTTP/1.1" 200 561 "-" "Moon%20Tours/1.0.0 CFNetwork/711.4.6 Darwin/14.0.0" 732 1130
127.0.0.1 - - [15/Jul/2015:21:57:12 -0400] "GET /opensso/namingservice HTTP/1.1" 200 7 "-" "Java/1.5.0_21" 220 183
127.0.0.1 - - [15/Jul/2015:21:57:13 -0400] "GET /opensso/namingservice HTTP/1.1" 200 7 "-" "Java/1.5.0_21" 220 183
137.78.207.218 - - [15/Jul/2015:21:57:32 -0400] "HEAD /LMMPUI/LMMP_CLIENT/LMMP.html HTTP/1.1" 200 - "-" "curl/7.38.0" 110 274
127.0.0.1 - - [15/Jul/2015:21:57:42 -0400] "GET /opensso/namingservice HTTP/1.1" 200 7 "-" "Java/1.5.0_21" 220 183
127.0.0.1 - - [15/Jul/2015:21:57:43 -0400] "GET /opensso/namingservice HTTP/1.1" 200 7 "-" "Java/1.5.0_21" 220 183
73.208.88.214 - - [15/Jul/2015:21:57:47 -0400] "GET /opensso/UI/Login?module=Anonymous&org=appspub&goto=null HTTP/1.1" 302 - "-" "Dalvik/1.6.0 (Linux; U; Android 4.4.4; HUAWEI H891L Build/HuaweiH891L)" 229 928
73.208.88.214 - - [15/Jul/2015:21:57:47 -0400] "GET /opensso/console?iPlanetDirectoryPro=AQIC5wM2LY4SfcwQ4PGkhVJX58qq3cELD4TL3XxOMW3b4Zk%3D%40AAJTSQACMDE%3D%23 HTTP/1.1" 403 217 "-" "Dalvik/1.6.0 (Linux; U; Android 4.4.4; HUAWEI H891L Build/HuaweiH891L)" 280 401
127.0.0.1 - - [15/Jul/2015:21:58:12 -0400] "GET /opensso/namingservice HTTP/1.1" 200 7 "-" "Java/1.5.0_21" 220 183
127.0.0.1 - - [15/Jul/2015:21:58:13 -0400] "GET /opensso/namingservice HTTP/1.1" 200 7 "-" "Java/1.5.0_21" 220 183
127.0.0.1 - - [15/Jul/2015:21:58:42 -0400] "GET /opensso/namingservice HTTP/1.1" 200 7 "-" "Java/1.5.0_21" 220 183
127.0.0.1 - - [15/Jul/2015:21:58:43 -0400] "GET /opensso/namingservice HTTP/1.1" 200 7 "-" "Java/1.5.0_21" 220 183
73.208.88.214 - - [15/Jul/2015:21:58:48 -0400] "GET /opensso/UI/Login?module=Anonymous&org=appspub&goto=https://pub.lmmp.nasa.gov/LMMP/rest/dbxml/fgdc/legend/stream?label=LRO_LOLA_ClrShade_Global_128ppd_v04 HTTP/1.1" 302 - "-" "Dalvik/1.6.0 (Linux; U; Android 4.4.4; HUAWEI H891L Build/HuaweiH891L)" 327 992
127.0.0.1 - - [15/Jul/2015:21:58:48 -0400] "POST /opensso/sessionservice HTTP/1.1" 200 2412 "-" "Java/1.5.0_21" 819 2590
127.0.0.1 - - [15/Jul/2015:21:58:48 -0400] "POST /opensso/sessionservice HTTP/1.1" 200 273 "-" "Java/1.5.0_21" 885 450
127.0.0.1 - - [15/Jul/2015:21:58:48 -0400] "POST /opensso/sessionservice HTTP/1.1" 200 2343 "-" "Java/1.5.0_21" 819 2520
127.0.0.1 - - [15/Jul/2015:21:58:48 -0400] "POST /opensso/policyservice HTTP/1.1" 200 9464 "-" "Java/1.5.0_21" 1120 9649
127.0.0.1 - - [15/Jul/2015:21:58:48 -0400] "POST /opensso/jaxrpc/SMSObjectIF HTTP/1.1" 200 505 "-" "Java/1.5.0_21" 847 766
127.0.0.1 - - [15/Jul/2015:21:58:48 -0400] "POST /opensso/jaxrpc/DirectoryManagerIF HTTP/1.1" 200 1290 "-" "Java/1.5.0_21" 1362 1551
127.0.0.1 - - [15/Jul/2015:21:58:49 -0400] "POST /opensso/jaxrpc/SMSObjectIF HTTP/1.1" 200 505 "-" "Java/1.5.0_21" 847 766
127.0.0.1 - - [15/Jul/2015:21:58:49 -0400] "POST /opensso/jaxrpc/DirectoryManagerIF HTTP/1.1" 200 1290 "-" "Java/1.5.0_21" 1362 1551
73.208.88.214 - - [15/Jul/2015:21:58:48 -0400] "GET /LMMP/rest/dbxml/fgdc/legend/stream?label=LRO_LOLA_ClrShade_Global_128ppd_v04&iPlanetDirectoryPro=AQIC5wM2LY4SfcyqCGBbLIzee4Ivh26Y%2BhBYO8DJskKS2sA%3D%40AAJTSQACMDE%3D%23 HTTP/1.1" 200 4060 "-" "Dalvik/1.6.0 (Linux; U; Android 4.4.4; HUAWEI H891L Build/HuaweiH891L)" 861 4548
127.0.0.1 - - [15/Jul/2015:21:59:12 -0400] "GET /opensso/namingservice HTTP/1.1" 200 7 "-" "Java/1.5.0_21" 220 183
127.0.0.1 - - [15/Jul/2015:21:59:13 -0400] "GET /opensso/namingservice HTTP/1.1" 200 7 "-" "Java/1.5.0_21" 220 183
66.249.65.209 - - [15/Jul/2015:21:59:28 -0400] "GET /redmine/issues/gantt?month=11&months=6&year=1854&zoom=1 HTTP/1.1" 200 27584 "-" "Mozilla/5.0 (compatible; Googlebot/2.1; +http://www.google.com/bot.html)" 719 32437
127.0.0.1 - - [15/Jul/2015:21:59:42 -0400] "GET /opensso/namingservice HTTP/1.1" 200 7 "-" "Java/1.5.0_21" 220 183
127.0.0.1 - - [15/Jul/2015:21:59:43 -0400] "GET /opensso/namingservice HTTP/1.1" 200 7 "-" "Java/1.5.0_21" 220 183
73.208.88.214 - - [15/Jul/2015:22:00:03 -0400] "GET /arcgis/rest/services/CombinedNomenclature/MapServer?f=json HTTP/1.1" 200 813 "-" "ArcGIS.Android-10.2.3/4.4.4/HUAWEI-H891L" 202 1110
73.208.88.214 - - [15/Jul/2015:22:00:03 -0400] "GET /arcgis/rest/services/ERGraticule/MapServer?f=json HTTP/1.1" 200 696 "-" "ArcGIS.Android-10.2.3/4.4.4/HUAWEI-H891L" 193 992
73.208.88.214 - - [15/Jul/2015:22:00:06 -0400] "GET /arcgis/rest/services/CombinedNomenclature/MapServer/export?f=image&bbox=-27.908331888092434%2C-65.7116611233017%2C68.89433181568256%2C73.72140640386652&bboxSR=104903&size=520%2C749&format=png&transparent=true&dpi=213&imageSR=104903&layers=hide%3A-1 HTTP/1.1" 200 318 "-" "ArcGIS.Android-10.2.3/4.4.4/HUAWEI-H891L" 392 605
73.208.88.214 - - [15/Jul/2015:22:00:06 -0400] "GET /arcgis/rest/services/ERGraticule/MapServer/export?f=image&bbox=-27.908331888092434%2C-65.7116611233017%2C68.89433181568256%2C73.72140640386652&bboxSR=104903&size=520%2C749&format=png&transparent=true&dpi=213&imageSR=104903&layers=hide%3A-1 HTTP/1.1" 200 5077 "-" "ArcGIS.Android-10.2.3/4.4.4/HUAWEI-H891L" 383 5366
73.208.88.214 - - [15/Jul/2015:22:00:10 -0400] "GET /arcgis/rest/services/CombinedNomenclature/MapServer/export?f=image&bbox=1.1352015856998605%2C-65.27243997187047%2C97.93786528947486%2C74.16062755529775&bboxSR=104903&size=520%2C749&format=png&transparent=true&dpi=213&imageSR=104903&layers=hide%3A-1 HTTP/1.1" 200 318 "-" "ArcGIS.Android-10.2.3/4.4.4/HUAWEI-H891L" 392 605
73.208.88.214 - - [15/Jul/2015:22:00:10 -0400] "GET /arcgis/rest/services/ERGraticule/MapServer/export?f=image&bbox=1.1352015856998605%2C-65.27243997187047%2C97.93786528947486%2C74.16062755529775&bboxSR=104903&size=520%2C749&format=png&transparent=true&dpi=213&imageSR=104903&layers=hide%3A-1 HTTP/1.1" 200 5321 "-" "ArcGIS.Android-10.2.3/4.4.4/HUAWEI-H891L" 383 5608
127.0.0.1 - - [15/Jul/2015:22:00:12 -0400] "GET /opensso/namingservice HTTP/1.1" 200 7 "-" "Java/1.5.0_21" 220 183
127.0.0.1 - - [15/Jul/2015:22:00:13 -0400] "GET /opensso/namingservice HTTP/1.1" 200 7 "-" "Java/1.5.0_21" 220 183
127.0.0.1 - - [15/Jul/2015:22:00:42 -0400] "GET /opensso/namingservice HTTP/1.1" 200 7 "-" "Java/1.5.0_21" 220 183
127.0.0.1 - - [15/Jul/2015:22:00:43 -0400] "GET /opensso/namingservice HTTP/1.1" 200 7 "-" "Java/1.5.0_21" 220 183
127.0.0.1 - - [15/Jul/2015:22:01:12 -0400] "GET /opensso/namingservice HTTP/1.1" 200 7 "-" "Java/1.5.0_21" 220 183
127.0.0.1 - - [15/Jul/2015:22:01:13 -0400] "GET /opensso/namingservice HTTP/1.1" 200 7 "-" "Java/1.5.0_21" 220 183
46.165.220.215 - - [15/Jul/2015:22:01:37 -0400] "GET /themes/elastixneo/ie.css HTTP/1.1" 404 222 "-" "python-requests/2.7.0 CPython/2.6.6 Linux/2.6.32-504.23.4.el6.x86_64" 628 4574
127.0.0.1 - - [15/Jul/2015:22:01:42 -0400] "GET /opensso/namingservice HTTP/1.1" 200 7 "-" "Java/1.5.0_21" 220 183
127.0.0.1 - - [15/Jul/2015:22:01:43 -0400] "GET /opensso/namingservice HTTP/1.1" 200 7 "-" "Java/1.5.0_21" 220 183
123.125.71.76 - - [15/Jul/2015:22:02:09 -0400] "GET / HTTP/1.1" 302 237 "-" "Mozilla/5.0 (Windows NT 5.1; rv:6.0.2) Gecko/20100101 Firefox/6.0.2" 179 506
127.0.0.1 - - [15/Jul/2015:22:02:12 -0400] "GET /opensso/namingservice HTTP/1.1" 200 7 "-" "Java/1.5.0_21" 220 183
127.0.0.1 - - [15/Jul/2015:22:02:13 -0400] "GET /opensso/namingservice HTTP/1.1" 200 7 "-" "Java/1.5.0_21" 220 183
137.78.207.218 - - [15/Jul/2015:22:02:32 -0400] "HEAD /LMMPUI/LMMP_CLIENT/LMMP.html HTTP/1.1" 200 - "-" "curl/7.38.0" 110 274
127.0.0.1 - - [15/Jul/2015:22:02:42 -0400] "GET /opensso/namingservice HTTP/1.1" 200 7 "-" "Java/1.5.0_21" 220 183
127.0.0.1 - - [15/Jul/2015:22:02:43 -0400] "GET /opensso/namingservice HTTP/1.1" 200 7 "-" "Java/1.5.0_21" 220 183
127.0.0.1 - - [15/Jul/2015:22:03:12 -0400] "GET /opensso/namingservice HTTP/1.1" 200 7 "-" "Java/1.5.0_21" 220 183
127.0.0.1 - - [15/Jul/2015:22:03:13 -0400] "GET /opensso/namingservice HTTP/1.1" 200 7 "-" "Java/1.5.0_21" 220 183
66.249.65.209 - - [15/Jul/2015:22:03:15 -0400] "GET /redmine/issues/gantt?month=12&months=6&year=1854&zoom=1 HTTP/1.1" 200 27577 "-" "Mozilla/5.0 (compatible; Googlebot/2.1; +http://www.google.com/bot.html)" 719 32430
127.0.0.1 - - [15/Jul/2015:22:03:42 -0400] "GET /opensso/namingservice HTTP/1.1" 200 7 "-" "Java/1.5.0_21" 220 183
127.0.0.1 - - [15/Jul/2015:22:03:43 -0400] "GET /opensso/namingservice HTTP/1.1" 200 7 "-" "Java/1.5.0_21" 220 183
123.125.71.92 - - [15/Jul/2015:22:04:02 -0400] "GET /LMMPUI/LMMP_CLIENT/LMMP.html HTTP/1.1" 200 8973 "-" "Mozilla/5.0 (Windows NT 5.1; rv:6.0.2) Gecko/20100101 Firefox/6.0.2" 207 9266
127.0.0.1 - - [15/Jul/2015:22:04:12 -0400] "GET /opensso/namingservice HTTP/1.1" 200 7 "-" "Java/1.5.0_21" 220 183
127.0.0.1 - - [15/Jul/2015:22:04:13 -0400] "GET /opensso/namingservice HTTP/1.1" 200 7 "-" "Java/1.5.0_21" 220 183
127.0.0.1 - - [15/Jul/2015:22:04:42 -0400] "GET /opensso/namingservice HTTP/1.1" 200 7 "-" "Java/1.5.0_21" 220 183
127.0.0.1 - - [15/Jul/2015:22:04:43 -0400] "GET /opensso/namingservice HTTP/1.1" 200 7 "-" "Java/1.5.0_21" 220 183
127.0.0.1 - - [15/Jul/2015:22:05:12 -0400] "GET /opensso/namingservice HTTP/1.1" 200 7 "-" "Java/1.5.0_21" 220 183
127.0.0.1 - - [15/Jul/2015:22:05:13 -0400] "GET /opensso/namingservice HTTP/1.1" 200 7 "-" "Java/1.5.0_21" 220 183
127.0.0.1 - - [15/Jul/2015:22:05:42 -0400] "GET /opensso/namingservice HTTP/1.1" 200 7 "-" "Java/1.5.0_21" 220 183
127.0.0.1 - - [15/Jul/2015:22:05:43 -0400] "GET /opensso/namingservice HTTP/1.1" 200 7 "-" "Java/1.5.0_21" 220 183
127.0.0.1 - - [15/Jul/2015:22:06:12 -0400] "GET /opensso/namingservice HTTP/1.1" 200 7 "-" "Java/1.5.0_21" 220 183
127.0.0.1 - - [15/Jul/2015:22:06:13 -0400] "GET /opensso/namingservice HTTP/1.1" 200 7 "-" "Java/1.5.0_21" 220 183
127.0.0.1 - - [15/Jul/2015:22:06:42 -0400] "GET /opensso/namingservice HTTP/1.1" 200 7 "-" "Java/1.5.0_21" 220 183
127.0.0.1 - - [15/Jul/2015:22:06:43 -0400] "GET /opensso/namingservice HTTP/1.1" 200 7 "-" "Java/1.5.0_21" 220 183
66.249.65.223 - - [15/Jul/2015:22:07:02 -0400] "GET /redmine/activity?from=2003-10-16 HTTP/1.1" 200 5345 "-" "Mozilla/5.0 (compatible; Googlebot/2.1; +http://www.google.com/bot.html)" 696 9996
127.0.0.1 - - [15/Jul/2015:22:07:12 -0400] "GET /opensso/namingservice HTTP/1.1" 200 7 "-" "Java/1.5.0_21" 220 183
127.0.0.1 - - [15/Jul/2015:22:07:13 -0400] "GET /opensso/namingservice HTTP/1.1" 200 7 "-" "Java/1.5.0_21" 220 183
137.78.207.218 - - [15/Jul/2015:22:07:32 -0400] "HEAD /LMMPUI/LMMP_CLIENT/LMMP.html HTTP/1.1" 200 - "-" "curl/7.38.0" 110 274
127.0.0.1 - - [15/Jul/2015:22:07:42 -0400] "GET /opensso/namingservice HTTP/1.1" 200 7 "-" "Java/1.5.0_21" 220 183
127.0.0.1 - - [15/Jul/2015:22:07:43 -0400] "GET /opensso/namingservice HTTP/1.1" 200 7 "-" "Java/1.5.0_21" 220 183
127.0.0.1 - - [15/Jul/2015:22:08:12 -0400] "GET /opensso/namingservice HTTP/1.1" 200 7 "-" "Java/1.5.0_21" 220 183
127.0.0.1 - - [15/Jul/2015:22:08:13 -0400] "GET /opensso/namingservice HTTP/1.1" 200 7 "-" "Java/1.5.0_21" 220 183
207.46.13.143 - - [15/Jul/2015:22:08:35 -0400] "GET / HTTP/1.1" 302 237 "-" "Mozilla/5.0 (compatible; bingbot/2.0; +http://www.bing.com/bingbot.htm)" 272 543
127.0.0.1 - - [15/Jul/2015:22:08:42 -0400] "GET /opensso/namingservice HTTP/1.1" 200 7 "-" "Java/1.5.0_21" 220 183
127.0.0.1 - - [15/Jul/2015:22:08:43 -0400] "GET /opensso/namingservice HTTP/1.1" 200 7 "-" "Java/1.5.0_21" 220 183
127.0.0.1 - - [15/Jul/2015:22:09:12 -0400] "GET /opensso/namingservice HTTP/1.1" 200 7 "-" "Java/1.5.0_21" 220 183
127.0.0.1 - - [15/Jul/2015:22:09:13 -0400] "GET /opensso/namingservice HTTP/1.1" 200 7 "-" "Java/1.5.0_21" 220 183
127.0.0.1 - - [15/Jul/2015:22:09:42 -0400] "GET /opensso/namingservice HTTP/1.1" 200 7 "-" "Java/1.5.0_21" 220 183
127.0.0.1 - - [15/Jul/2015:22:09:43 -0400] "GET /opensso/namingservice HTTP/1.1" 200 7 "-" "Java/1.5.0_21" 220 183
127.0.0.1 - - [15/Jul/2015:22:10:12 -0400] "GET /opensso/namingservice HTTP/1.1" 200 7 "-" "Java/1.5.0_21" 220 183
127.0.0.1 - - [15/Jul/2015:22:10:13 -0400] "GET /opensso/namingservice HTTP/1.1" 200 7 "-" "Java/1.5.0_21" 220 183
127.0.0.1 - - [15/Jul/2015:22:10:42 -0400] "GET /opensso/namingservice HTTP/1.1" 200 7 "-" "Java/1.5.0_21" 220 183
127.0.0.1 - - [15/Jul/2015:22:10:43 -0400] "GET /opensso/namingservice HTTP/1.1" 200 7 "-" "Java/1.5.0_21" 220 183
66.249.65.216 - - [15/Jul/2015:22:10:49 -0400] "GET /redmine/issues/gantt?month=6&months=6&year=1565&zoom=3 HTTP/1.1" 200 51321 "-" "Mozilla/5.0 (compatible; Googlebot/2.1; +http://www.google.com/bot.html)" 718 56249
127.0.0.1 - - [15/Jul/2015:22:11:12 -0400] "GET /opensso/namingservice HTTP/1.1" 200 7 "-" "Java/1.5.0_21" 220 183
127.0.0.1 - - [15/Jul/2015:22:11:13 -0400] "GET /opensso/namingservice HTTP/1.1" 200 7 "-" "Java/1.5.0_21" 220 183
110.28.67.250 - - [15/Jul/2015:22:11:31 -0400] "GET /arcgis/rest/services/ERGraticule/MapServer?f=json HTTP/1.1" 200 696 "-" "ArcGIS.Android-10.2.3/4.4.4/HTC_D820F" 190 992
110.28.67.250 - - [15/Jul/2015:22:11:31 -0400] "GET /arcgis/rest/services/CombinedNomenclature/MapServer?f=json HTTP/1.1" 200 813 "-" "ArcGIS.Android-10.2.3/4.4.4/HTC_D820F" 199 1110
110.28.67.250 - - [15/Jul/2015:22:11:33 -0400] "GET /opensso/UI/Login?module=Anonymous&org=appspub&goto=https://pub.lmmp.nasa.gov/LMMP/rest/dbxml/fgdc/legend/stream?label=LRO_NAC_Gray_02S317E_150cmp HTTP/1.1" 302 - "-" "Dalvik/1.6.0 (Linux; U; Android 4.4.4; HTC_D820f Build/KTU84P)" 311 982
127.0.0.1 - - [15/Jul/2015:22:11:34 -0400] "POST /opensso/sessionservice HTTP/1.1" 200 2402 "-" "Java/1.5.0_21" 819 2580
127.0.0.1 - - [15/Jul/2015:22:11:34 -0400] "POST /opensso/sessionservice HTTP/1.1" 200 273 "-" "Java/1.5.0_21" 885 450
127.0.0.1 - - [15/Jul/2015:22:11:34 -0400] "POST /opensso/sessionservice HTTP/1.1" 200 2414 "-" "Java/1.5.0_21" 819 2591
127.0.0.1 - - [15/Jul/2015:22:11:34 -0400] "POST /opensso/policyservice HTTP/1.1" 200 9464 "-" "Java/1.5.0_21" 1120 9649
127.0.0.1 - - [15/Jul/2015:22:11:34 -0400] "POST /opensso/jaxrpc/SMSObjectIF HTTP/1.1" 200 505 "-" "Java/1.5.0_21" 847 766
127.0.0.1 - - [15/Jul/2015:22:11:34 -0400] "POST /opensso/jaxrpc/DirectoryManagerIF HTTP/1.1" 200 1290 "-" "Java/1.5.0_21" 1362 1551
127.0.0.1 - - [15/Jul/2015:22:11:34 -0400] "POST /opensso/jaxrpc/SMSObjectIF HTTP/1.1" 200 505 "-" "Java/1.5.0_21" 847 766
127.0.0.1 - - [15/Jul/2015:22:11:34 -0400] "POST /opensso/jaxrpc/DirectoryManagerIF HTTP/1.1" 200 1290 "-" "Java/1.5.0_21" 1362 1551
110.28.67.250 - - [15/Jul/2015:22:11:34 -0400] "GET /LMMP/rest/dbxml/fgdc/legend/stream?label=LRO_NAC_Gray_02S317E_150cmp&iPlanetDirectoryPro=AQIC5wM2LY4SfcyFqXu4Kn0VNWMeK9OMm55RkjoeDVA5ums%3D%40AAJTSQACMDE%3D%23 HTTP/1.1" 200 4535 "-" "Dalvik/1.6.0 (Linux; U; Android 4.4.4; HTC_D820f Build/KTU84P)" 870 8585
110.28.67.250 - - [15/Jul/2015:22:11:35 -0400] "GET /opensso/UI/Login?module=Anonymous&org=appspub&goto=https://pub.lmmp.nasa.gov/LMMP/rest/dbxml/fgdc/legend/stream?label=LRO_NAC_Gray_02S317E_150cmp HTTP/1.1" 302 - "-" "Dalvik/1.6.0 (Linux; U; Android 4.4.4; HTC_D820f Build/KTU84P)" 311 987
127.0.0.1 - - [15/Jul/2015:22:11:35 -0400] "POST /opensso/sessionservice HTTP/1.1" 200 2407 "-" "Java/1.5.0_21" 819 2584
127.0.0.1 - - [15/Jul/2015:22:11:35 -0400] "POST /opensso/sessionservice HTTP/1.1" 200 273 "-" "Java/1.5.0_21" 885 450
127.0.0.1 - - [15/Jul/2015:22:11:35 -0400] "POST /opensso/policyservice HTTP/1.1" 200 9464 "-" "Java/1.5.0_21" 1120 9649
127.0.0.1 - - [15/Jul/2015:22:11:35 -0400] "POST /opensso/jaxrpc/SMSObjectIF HTTP/1.1" 200 505 "-" "Java/1.5.0_21" 847 766
127.0.0.1 - - [15/Jul/2015:22:11:35 -0400] "POST /opensso/jaxrpc/DirectoryManagerIF HTTP/1.1" 200 1290 "-" "Java/1.5.0_21" 1366 1551
127.0.0.1 - - [15/Jul/2015:22:11:35 -0400] "POST /opensso/jaxrpc/SMSObjectIF HTTP/1.1" 200 505 "-" "Java/1.5.0_21" 847 766
127.0.0.1 - - [15/Jul/2015:22:11:35 -0400] "POST /opensso/jaxrpc/DirectoryManagerIF HTTP/1.1" 200 1290 "-" "Java/1.5.0_21" 1366 1551
110.28.67.250 - - [15/Jul/2015:22:11:35 -0400] "GET /LMMP/rest/dbxml/fgdc/legend/stream?label=LRO_NAC_Gray_02S317E_150cmp&iPlanetDirectoryPro=AQIC5wM2LY4SfcwALJJTU%2BLb%2BftP%2FADGdJ2YaclbB7xp2Tk%3D%40AAJTSQACMDE%3D%23 HTTP/1.1" 200 4535 "-" "Dalvik/1.6.0 (Linux; U; Android 4.4.4; HTC_D820f Build/KTU84P)" 352 4893
127.0.0.1 - - [15/Jul/2015:22:11:42 -0400] "GET /opensso/namingservice HTTP/1.1" 200 7 "-" "Java/1.5.0_21" 220 183
127.0.0.1 - - [15/Jul/2015:22:11:43 -0400] "GET /opensso/namingservice HTTP/1.1" 200 7 "-" "Java/1.5.0_21" 220 183
110.28.67.250 - - [15/Jul/2015:22:11:46 -0400] "GET /arcgis/rest/services/ERGraticule/MapServer?f=json HTTP/1.1" 200 696 "-" "ArcGIS.Android-10.2.3/4.4.4/HTC_D820F" 190 992
110.28.67.250 - - [15/Jul/2015:22:11:46 -0400] "GET /opensso/UI/Login?module=Anonymous&org=appspub&goto=https://pub.lmmp.nasa.gov/LMMP/rest/dbxml/fgdc/legend/stream?label=LRO_NAC_Gray_02S317E_150cmp HTTP/1.1" 302 - "-" "Dalvik/1.6.0 (Linux; U; Android 4.4.4; HTC_D820f Build/KTU84P)" 311 984
110.28.67.250 - - [15/Jul/2015:22:11:46 -0400] "GET /arcgis/rest/services/CombinedNomenclature/MapServer?f=json HTTP/1.1" 200 813 "-" "ArcGIS.Android-10.2.3/4.4.4/HTC_D820F" 199 1110
127.0.0.1 - - [15/Jul/2015:22:11:47 -0400] "POST /opensso/sessionservice HTTP/1.1" 200 2404 "-" "Java/1.5.0_21" 819 2582
127.0.0.1 - - [15/Jul/2015:22:11:47 -0400] "POST /opensso/sessionservice HTTP/1.1" 200 273 "-" "Java/1.5.0_21" 885 450
127.0.0.1 - - [15/Jul/2015:22:11:47 -0400] "POST /opensso/policyservice HTTP/1.1" 200 9464 "-" "Java/1.5.0_21" 1120 9649
127.0.0.1 - - [15/Jul/2015:22:11:47 -0400] "POST /opensso/jaxrpc/SMSObjectIF HTTP/1.1" 200 505 "-" "Java/1.5.0_21" 847 766
127.0.0.1 - - [15/Jul/2015:22:11:47 -0400] "POST /opensso/jaxrpc/DirectoryManagerIF HTTP/1.1" 200 1290 "-" "Java/1.5.0_21" 1362 1551
127.0.0.1 - - [15/Jul/2015:22:11:48 -0400] "POST /opensso/jaxrpc/SMSObjectIF HTTP/1.1" 200 505 "-" "Java/1.5.0_21" 847 766
127.0.0.1 - - [15/Jul/2015:22:11:48 -0400] "POST /opensso/jaxrpc/DirectoryManagerIF HTTP/1.1" 200 1290 "-" "Java/1.5.0_21" 1362 1551
110.28.67.250 - - [15/Jul/2015:22:11:47 -0400] "GET /LMMP/rest/dbxml/fgdc/legend/stream?label=LRO_NAC_Gray_02S317E_150cmp&iPlanetDirectoryPro=AQIC5wM2LY4SfcwYCe1peu6NNLt%2BRL21ngqzDNxBwl51uXA%3D%40AAJTSQACMDE%3D%23 HTTP/1.1" 200 4535 "-" "Dalvik/1.6.0 (Linux; U; Android 4.4.4; HTC_D820f Build/KTU84P)" 845 5023
110.28.67.250 - - [15/Jul/2015:22:11:55 -0400] "GET /arcgis/rest/services/ERGraticule/MapServer/export?f=image&bbox=-43.51177410714717%2C-2.9501095810377507%2C-42.73068417687107%2C-1.8243004521109052&bboxSR=104903&size=571%2C823&format=png&transparent=true&dpi=213&imageSR=104903&layers=hide%3A-1 HTTP/1.1" 200 358 "-" "ArcGIS.Android-10.2.3/4.4.4/HTC_D820F" 384 647
110.28.67.250 - - [15/Jul/2015:22:11:55 -0400] "GET /arcgis/rest/services/CombinedNomenclature/MapServer/export?f=image&bbox=-43.51177410714717%2C-2.9501095810377507%2C-42.73068417687107%2C-1.8243004521109052&bboxSR=104903&size=571%2C823&format=png&transparent=true&dpi=213&imageSR=104903&layers=hide%3A-1 HTTP/1.1" 200 3443 "-" "ArcGIS.Android-10.2.3/4.4.4/HTC_D820F" 393 3732
127.0.0.1 - - [15/Jul/2015:22:12:12 -0400] "GET /opensso/namingservice HTTP/1.1" 200 7 "-" "Java/1.5.0_21" 220 183
127.0.0.1 - - [15/Jul/2015:22:12:13 -0400] "GET /opensso/namingservice HTTP/1.1" 200 7 "-" "Java/1.5.0_21" 220 183
