127.0.0.1 - - [22/Dec/2015:19:00:08 -0500] "GET /opensso/namingservice HTTP/1.1" 200 7 "-" "Java/1.5.0_21" 220 183
127.0.0.1 - - [22/Dec/2015:19:00:12 -0500] "GET /opensso/namingservice HTTP/1.1" 200 7 "-" "Java/1.5.0_21" 220 183
137.78.207.218 - - [22/Dec/2015:19:00:34 -0500] "HEAD /LMMPUI/LMMP_CLIENT/LMMP.html HTTP/1.1" 200 - "-" "curl/7.38.0" 110 274
174.49.73.68 - - [22/Dec/2015:19:00:34 -0500] "GET /robots.txt HTTP/1.0" 404 208 "-" "Mozilla/5.0 (Windows NT 10.0; WOW64; Trident/7.0; rv:11.0) like Gecko" 197 416
127.0.0.1 - - [22/Dec/2015:19:00:38 -0500] "GET /opensso/namingservice HTTP/1.1" 200 7 "-" "Java/1.5.0_21" 220 183
174.49.73.68 - - [22/Dec/2015:19:00:40 -0500] "GET /redmine/activity?from=2012-09-29&show_news=1 HTTP/1.0" 200 5361 "-" "Mozilla/5.0 (Windows NT 10.0; WOW64; Trident/7.0; rv:11.0) like Gecko" 231 5886
127.0.0.1 - - [22/Dec/2015:19:00:42 -0500] "GET /opensso/namingservice HTTP/1.1" 200 7 "-" "Java/1.5.0_21" 220 183
127.0.0.1 - - [22/Dec/2015:19:01:08 -0500] "GET /opensso/namingservice HTTP/1.1" 200 7 "-" "Java/1.5.0_21" 220 183
127.0.0.1 - - [22/Dec/2015:19:01:12 -0500] "GET /opensso/namingservice HTTP/1.1" 200 7 "-" "Java/1.5.0_21" 220 183
127.0.0.1 - - [22/Dec/2015:19:01:38 -0500] "GET /opensso/namingservice HTTP/1.1" 200 7 "-" "Java/1.5.0_21" 220 183
127.0.0.1 - - [22/Dec/2015:19:01:42 -0500] "GET /opensso/namingservice HTTP/1.1" 200 7 "-" "Java/1.5.0_21" 220 183
127.0.0.1 - - [22/Dec/2015:19:02:08 -0500] "GET /opensso/namingservice HTTP/1.1" 200 7 "-" "Java/1.5.0_21" 220 183
127.0.0.1 - - [22/Dec/2015:19:02:12 -0500] "GET /opensso/namingservice HTTP/1.1" 200 7 "-" "Java/1.5.0_21" 220 183
127.0.0.1 - - [22/Dec/2015:19:02:38 -0500] "GET /opensso/namingservice HTTP/1.1" 200 7 "-" "Java/1.5.0_21" 220 183
127.0.0.1 - - [22/Dec/2015:19:02:42 -0500] "GET /opensso/namingservice HTTP/1.1" 200 7 "-" "Java/1.5.0_21" 220 183
66.249.79.248 - - [22/Dec/2015:19:02:52 -0500] "GET /redmine/issues/gantt?month=1&months=6&year=966&zoom=2 HTTP/1.1" 200 30741 "-" "Mozilla/5.0 (compatible; Googlebot/2.1; +http://www.google.com/bot.html)" 344 31430
127.0.0.1 - - [22/Dec/2015:19:03:08 -0500] "GET /opensso/namingservice HTTP/1.1" 200 7 "-" "Java/1.5.0_21" 220 183
127.0.0.1 - - [22/Dec/2015:19:03:12 -0500] "GET /opensso/namingservice HTTP/1.1" 200 7 "-" "Java/1.5.0_21" 220 183
127.0.0.1 - - [22/Dec/2015:19:03:38 -0500] "GET /opensso/namingservice HTTP/1.1" 200 7 "-" "Java/1.5.0_21" 220 183
127.0.0.1 - - [22/Dec/2015:19:03:42 -0500] "GET /opensso/namingservice HTTP/1.1" 200 7 "-" "Java/1.5.0_21" 220 183
82.234.44.238 - - [22/Dec/2015:19:03:47 -0500] "GET /LMMPUI/LMMP_CLIENT/LMMP.html HTTP/1.1" 200 9400 "http://nasa3d.arc.nasa.gov/visualizations" "Mozilla/5.0 (Windows NT 10.0; WOW64) AppleWebKit/537.36 (KHTML, like Gecko) Chrome/47.0.2526.106 Safari/537.36" 998 9730
82.234.44.238 - - [22/Dec/2015:19:03:47 -0500] "GET /LMMPUI/LMMP_CLIENT/history/history.css HTTP/1.1" 200 365 "http://pub.lmmp.nasa.gov/LMMPUI/LMMP_CLIENT/LMMP.html" "Mozilla/5.0 (Windows NT 10.0; WOW64) AppleWebKit/537.36 (KHTML, like Gecko) Chrome/47.0.2526.106 Safari/537.36" 934 692
82.234.44.238 - - [22/Dec/2015:19:03:47 -0500] "GET /LMMPUI/LMMP_CLIENT/history/history.js HTTP/1.1" 200 24650 "http://pub.lmmp.nasa.gov/LMMPUI/LMMP_CLIENT/LMMP.html" "Mozilla/5.0 (Windows NT 10.0; WOW64) AppleWebKit/537.36 (KHTML, like Gecko) Chrome/47.0.2526.106 Safari/537.36" 918 24988
82.234.44.238 - - [22/Dec/2015:19:03:47 -0500] "GET /LMMPUI/LMMP_CLIENT/swfobject.js HTTP/1.1" 200 25574 "http://pub.lmmp.nasa.gov/LMMPUI/LMMP_CLIENT/LMMP.html" "Mozilla/5.0 (Windows NT 10.0; WOW64) AppleWebKit/537.36 (KHTML, like Gecko) Chrome/47.0.2526.106 Safari/537.36" 912 25912
82.234.44.238 - - [22/Dec/2015:19:03:48 -0500] "GET /favicon.ico HTTP/1.1" 404 209 "http://pub.lmmp.nasa.gov/LMMPUI/LMMP_CLIENT/LMMP.html" "Mozilla/5.0 (Windows NT 10.0; WOW64) AppleWebKit/537.36 (KHTML, like Gecko) Chrome/47.0.2526.106 Safari/537.36" 933 453
82.234.44.238 - - [22/Dec/2015:19:03:48 -0500] "GET /LMMPUI/LMMP_CLIENT/LMMP_WB.swf HTTP/1.1" 200 972505 "http://pub.lmmp.nasa.gov/LMMPUI/LMMP_CLIENT/LMMP.html" "Mozilla/5.0 (Windows NT 10.0; WOW64) AppleWebKit/537.36 (KHTML, like Gecko) Chrome/47.0.2526.106 Safari/537.36" 956 972858
82.234.44.238 - - [22/Dec/2015:19:03:59 -0500] "GET /LMMPUI/LMMP_CLIENT/config/config.xml?1450829040262 HTTP/1.1" 200 12261 "http://pub.lmmp.nasa.gov/LMMPUI/LMMP_CLIENT/LMMP.html" "Mozilla/5.0 (Windows NT 10.0; WOW64) AppleWebKit/537.36 (KHTML, like Gecko) Chrome/47.0.2526.106 Safari/537.36" 1017 12599
82.234.44.238 - - [22/Dec/2015:19:03:59 -0500] "GET /LMMPUI/LMMP_CLIENT/config/ldap.xml HTTP/1.1" 200 492 "http://pub.lmmp.nasa.gov/LMMPUI/LMMP_CLIENT/LMMP.html" "Mozilla/5.0 (Windows NT 10.0; WOW64) AppleWebKit/537.36 (KHTML, like Gecko) Chrome/47.0.2526.106 Safari/537.36" 1001 826
82.234.44.238 - - [22/Dec/2015:19:03:59 -0500] "GET /LMMPUI/LMMP_CLIENT/assets/image/NASA_logo.png HTTP/1.1" 200 14512 "http://pub.lmmp.nasa.gov/LMMPUI/LMMP_CLIENT/LMMP.html" "Mozilla/5.0 (Windows NT 10.0; WOW64) AppleWebKit/537.36 (KHTML, like Gecko) Chrome/47.0.2526.106 Safari/537.36" 1012 14844
82.234.44.238 - - [22/Dec/2015:19:03:59 -0500] "GET /LMMPUI/LMMP_CLIENT/config/helpLinks.xml HTTP/1.1" 200 927 "http://pub.lmmp.nasa.gov/LMMPUI/LMMP_CLIENT/LMMP.html" "Mozilla/5.0 (Windows NT 10.0; WOW64) AppleWebKit/537.36 (KHTML, like Gecko) Chrome/47.0.2526.106 Safari/537.36" 1006 1261
82.234.44.238 - - [22/Dec/2015:19:03:59 -0500] "GET /LMMPUI/LMMP_CLIENT/assets/image/space.jpg HTTP/1.1" 200 25415 "http://pub.lmmp.nasa.gov/LMMPUI/LMMP_CLIENT/LMMP.html" "Mozilla/5.0 (Windows NT 10.0; WOW64) AppleWebKit/537.36 (KHTML, like Gecko) Chrome/47.0.2526.106 Safari/537.36" 1008 25748
82.234.44.238 - - [22/Dec/2015:19:03:59 -0500] "GET /LMMPUI/LMMP_CLIENT/homepage/features.xml?v=1450829040377 HTTP/1.1" 200 1611 "http://pub.lmmp.nasa.gov/LMMPUI/LMMP_CLIENT/LMMP.html" "Mozilla/5.0 (Windows NT 10.0; WOW64) AppleWebKit/537.36 (KHTML, like Gecko) Chrome/47.0.2526.106 Safari/537.36" 1023 1946
82.234.44.238 - - [22/Dec/2015:19:03:59 -0500] "GET /LMMPUI/LMMP_CLIENT/assets/image/background.jpg HTTP/1.1" 200 69719 "http://pub.lmmp.nasa.gov/LMMPUI/LMMP_CLIENT/LMMP.html" "Mozilla/5.0 (Windows NT 10.0; WOW64) AppleWebKit/537.36 (KHTML, like Gecko) Chrome/47.0.2526.106 Safari/537.36" 1013 70052
127.0.0.1 - - [22/Dec/2015:19:04:00 -0500] "POST /opensso/sessionservice HTTP/1.1" 200 415 "-" "Java/1.5.0_21" 714 593
127.0.0.1 - - [22/Dec/2015:19:04:00 -0500] "POST /opensso/authservice HTTP/1.1" 200 839 "-" "Java/1.5.0_21" 694 1156
127.0.0.1 - - [22/Dec/2015:19:04:00 -0500] "POST /opensso/authservice HTTP/1.1" 200 1844 "-" "Java/1.5.0_21" 1039 2021
127.0.0.1 - - [22/Dec/2015:19:04:00 -0500] "POST /opensso/sessionservice HTTP/1.1" 200 2016 "-" "Java/1.5.0_21" 714 2193
127.0.0.1 - - [22/Dec/2015:19:04:00 -0500] "POST /opensso/sessionservice HTTP/1.1" 200 273 "-" "Java/1.5.0_21" 780 450
127.0.0.1 - - [22/Dec/2015:19:04:00 -0500] "GET /openssorest/token/localldap HTTP/1.1" 200 62 "-" "Java/1.5.0_21" 277 239
82.234.44.238 - - [22/Dec/2015:19:04:00 -0500] "GET /LMMPUI/rest/proxy/proxyService?cs=bG1tcGd1ZXN0fGd1ZXN0bG1tcHxodHRwOi8vcHViLmxtbXAubmFzYS5nb3Yvb3BlbnNzb3Jlc3QvdG9rZW4vbG9jYWxsZGFw HTTP/1.1" 200 63 "http://pub.lmmp.nasa.gov/LMMPUI/LMMP_CLIENT/LMMP.html" "Mozilla/5.0 (Windows NT 10.0; WOW64) AppleWebKit/537.36 (KHTML, like Gecko) Chrome/47.0.2526.106 Safari/537.36" 1097 238
82.234.44.238 - - [22/Dec/2015:19:04:00 -0500] "POST /openssorest/token/localldap HTTP/1.1" 200 62 "http://pub.lmmp.nasa.gov/LMMPUI/LMMP_CLIENT/LMMP_WB.swf/[[DYNAMIC]]/226" "Mozilla/5.0 (Windows NT 10.0; WOW64) AppleWebKit/537.36 (KHTML, like Gecko) Chrome/47.0.2526.106 Safari/537.36" 1172 238
82.234.44.238 - - [22/Dec/2015:19:04:00 -0500] "GET /opensso/identity/isTokenValid?iPlanetDirectoryPro=AQIC5wM2LY4Sfcwho18QASSV1zKrUKllo09EOvrCWTi3pyA%3D%40AAJTSQACMDE%3D%23 HTTP/1.1" 200 13 "http://pub.lmmp.nasa.gov/LMMPUI/LMMP_CLIENT/LMMP.html" "Mozilla/5.0 (Windows NT 10.0; WOW64) AppleWebKit/537.36 (KHTML, like Gecko) Chrome/47.0.2526.106 Safari/537.36" 1173 170
82.234.44.238 - - [22/Dec/2015:19:04:00 -0500] "GET /opensso/identity/isTokenValid?iPlanetDirectoryPro=AQIC5wM2LY4Sfcwho18QASSV1zKrUKllo09EOvrCWTi3pyA%3D%40AAJTSQACMDE%3D%23 HTTP/1.1" 200 13 "http://pub.lmmp.nasa.gov/LMMPUI/LMMP_CLIENT/LMMP.html" "Mozilla/5.0 (Windows NT 10.0; WOW64) AppleWebKit/537.36 (KHTML, like Gecko) Chrome/47.0.2526.106 Safari/537.36" 1173 170
82.234.44.238 - - [22/Dec/2015:19:04:00 -0500] "GET /opensso/identity/attributes?iPlanetDirectoryPro=AQIC5wM2LY4Sfcwho18QASSV1zKrUKllo09EOvrCWTi3pyA%3D%40AAJTSQACMDE%3D%23 HTTP/1.1" 200 981 "http://pub.lmmp.nasa.gov/LMMPUI/LMMP_CLIENT/LMMP.html" "Mozilla/5.0 (Windows NT 10.0; WOW64) AppleWebKit/537.36 (KHTML, like Gecko) Chrome/47.0.2526.106 Safari/537.36" 1171 1139
127.0.0.1 - - [22/Dec/2015:19:04:00 -0500] "POST /opensso/sessionservice HTTP/1.1" 200 2013 "-" "Java/1.5.0_21" 816 2191
127.0.0.1 - - [22/Dec/2015:19:04:00 -0500] "POST /opensso/sessionservice HTTP/1.1" 200 270 "-" "Java/1.5.0_21" 882 447
127.0.0.1 - - [22/Dec/2015:19:04:00 -0500] "POST /opensso/policyservice HTTP/1.1" 200 9460 "-" "Java/1.5.0_21" 1116 9645
127.0.0.1 - - [22/Dec/2015:19:04:00 -0500] "POST /opensso/jaxrpc/SMSObjectIF HTTP/1.1" 200 505 "-" "Java/1.5.0_21" 847 766
127.0.0.1 - - [22/Dec/2015:19:04:00 -0500] "POST /opensso/jaxrpc/DirectoryManagerIF HTTP/1.1" 200 1290 "-" "Java/1.5.0_21" 1362 1551
82.234.44.238 - - [22/Dec/2015:19:04:00 -0500] "GET /LMMP/rest/dbxml/resources?iPlanetDirectoryPro=AQIC5wM2LY4Sfcwho18QASSV1zKrUKllo09EOvrCWTi3pyA%3D%40AAJTSQACMDE%3D%23 HTTP/1.1" 200 2827 "http://pub.lmmp.nasa.gov/LMMPUI/LMMP_CLIENT/LMMP.html" "Mozilla/5.0 (Windows NT 10.0; WOW64) AppleWebKit/537.36 (KHTML, like Gecko) Chrome/47.0.2526.106 Safari/537.36" 1169 3079
82.234.44.238 - - [22/Dec/2015:19:04:01 -0500] "GET /opensso/identity/isTokenValid?iPlanetDirectoryPro=AQIC5wM2LY4Sfcwho18QASSV1zKrUKllo09EOvrCWTi3pyA%3D%40AAJTSQACMDE%3D%23 HTTP/1.1" 200 13 "http://pub.lmmp.nasa.gov/LMMPUI/LMMP_CLIENT/LMMP.html" "Mozilla/5.0 (Windows NT 10.0; WOW64) AppleWebKit/537.36 (KHTML, like Gecko) Chrome/47.0.2526.106 Safari/537.36" 1173 170
82.234.44.238 - - [22/Dec/2015:19:04:01 -0500] "GET /opensso/identity/isTokenValid?iPlanetDirectoryPro=AQIC5wM2LY4Sfcwho18QASSV1zKrUKllo09EOvrCWTi3pyA%3D%40AAJTSQACMDE%3D%23 HTTP/1.1" 200 13 "http://pub.lmmp.nasa.gov/LMMPUI/LMMP_CLIENT/LMMP.html" "Mozilla/5.0 (Windows NT 10.0; WOW64) AppleWebKit/537.36 (KHTML, like Gecko) Chrome/47.0.2526.106 Safari/537.36" 1173 170
82.234.44.238 - - [22/Dec/2015:19:04:01 -0500] "GET /LMMPUI/LMMP_CLIENT/config/basemap.xml?iPlanetDirectoryPro=AQIC5wM2LY4Sfcwho18QASSV1zKrUKllo09EOvrCWTi3pyA%3D%40AAJTSQACMDE%3D%23 HTTP/1.1" 200 232 "http://pub.lmmp.nasa.gov/LMMPUI/LMMP_CLIENT/LMMP.html" "Mozilla/5.0 (Windows NT 10.0; WOW64) AppleWebKit/537.36 (KHTML, like Gecko) Chrome/47.0.2526.106 Safari/537.36" 1181 565
82.234.44.238 - - [22/Dec/2015:19:04:01 -0500] "GET /opensso/identity/isTokenValid?iPlanetDirectoryPro=AQIC5wM2LY4Sfcwho18QASSV1zKrUKllo09EOvrCWTi3pyA%3D%40AAJTSQACMDE%3D%23 HTTP/1.1" 200 13 "http://pub.lmmp.nasa.gov/LMMPUI/LMMP_CLIENT/LMMP.html" "Mozilla/5.0 (Windows NT 10.0; WOW64) AppleWebKit/537.36 (KHTML, like Gecko) Chrome/47.0.2526.106 Safari/537.36" 1173 170
82.234.44.238 - - [22/Dec/2015:19:04:01 -0500] "GET /LMMPUI/LMMP_CLIENT/config/npBasemap.xml?iPlanetDirectoryPro=AQIC5wM2LY4Sfcwho18QASSV1zKrUKllo09EOvrCWTi3pyA%3D%40AAJTSQACMDE%3D%23 HTTP/1.1" 200 178 "http://pub.lmmp.nasa.gov/LMMPUI/LMMP_CLIENT/LMMP.html" "Mozilla/5.0 (Windows NT 10.0; WOW64) AppleWebKit/537.36 (KHTML, like Gecko) Chrome/47.0.2526.106 Safari/537.36" 1183 511
82.234.44.238 - - [22/Dec/2015:19:04:01 -0500] "GET /opensso/identity/isTokenValid?iPlanetDirectoryPro=AQIC5wM2LY4Sfcwho18QASSV1zKrUKllo09EOvrCWTi3pyA%3D%40AAJTSQACMDE%3D%23 HTTP/1.1" 200 13 "http://pub.lmmp.nasa.gov/LMMPUI/LMMP_CLIENT/LMMP.html" "Mozilla/5.0 (Windows NT 10.0; WOW64) AppleWebKit/537.36 (KHTML, like Gecko) Chrome/47.0.2526.106 Safari/537.36" 1173 170
82.234.44.238 - - [22/Dec/2015:19:04:01 -0500] "GET /LMMPUI/LMMP_CLIENT/config/spBasemap.xml?iPlanetDirectoryPro=AQIC5wM2LY4Sfcwho18QASSV1zKrUKllo09EOvrCWTi3pyA%3D%40AAJTSQACMDE%3D%23 HTTP/1.1" 200 178 "http://pub.lmmp.nasa.gov/LMMPUI/LMMP_CLIENT/LMMP.html" "Mozilla/5.0 (Windows NT 10.0; WOW64) AppleWebKit/537.36 (KHTML, like Gecko) Chrome/47.0.2526.106 Safari/537.36" 1183 511
82.234.44.238 - - [22/Dec/2015:19:04:01 -0500] "GET /opensso/identity/isTokenValid?iPlanetDirectoryPro=AQIC5wM2LY4Sfcwho18QASSV1zKrUKllo09EOvrCWTi3pyA%3D%40AAJTSQACMDE%3D%23 HTTP/1.1" 200 13 "http://pub.lmmp.nasa.gov/LMMPUI/LMMP_CLIENT/LMMP.html" "Mozilla/5.0 (Windows NT 10.0; WOW64) AppleWebKit/537.36 (KHTML, like Gecko) Chrome/47.0.2526.106 Safari/537.36" 1173 170
127.0.0.1 - - [22/Dec/2015:19:04:01 -0500] "POST /opensso/jaxrpc/SMSObjectIF HTTP/1.1" 200 505 "-" "Java/1.5.0_21" 847 766
127.0.0.1 - - [22/Dec/2015:19:04:01 -0500] "POST /opensso/jaxrpc/DirectoryManagerIF HTTP/1.1" 200 1290 "-" "Java/1.5.0_21" 1362 1551
82.234.44.238 - - [22/Dec/2015:19:04:01 -0500] "GET /opensso/identity/isTokenValid?iPlanetDirectoryPro=AQIC5wM2LY4Sfcwho18QASSV1zKrUKllo09EOvrCWTi3pyA%3D%40AAJTSQACMDE%3D%23 HTTP/1.1" 200 13 "http://pub.lmmp.nasa.gov/LMMPUI/LMMP_CLIENT/LMMP.html" "Mozilla/5.0 (Windows NT 10.0; WOW64) AppleWebKit/537.36 (KHTML, like Gecko) Chrome/47.0.2526.106 Safari/537.36" 1173 170
127.0.0.1 - - [22/Dec/2015:19:04:01 -0500] "POST /opensso/jaxrpc/SMSObjectIF HTTP/1.1" 200 505 "-" "Java/1.5.0_21" 847 766
127.0.0.1 - - [22/Dec/2015:19:04:01 -0500] "POST /opensso/jaxrpc/DirectoryManagerIF HTTP/1.1" 200 1290 "-" "Java/1.5.0_21" 1362 1551
127.0.0.1 - - [22/Dec/2015:19:04:01 -0500] "POST /opensso/jaxrpc/SMSObjectIF HTTP/1.1" 200 505 "-" "Java/1.5.0_21" 847 766
127.0.0.1 - - [22/Dec/2015:19:04:01 -0500] "POST /opensso/jaxrpc/DirectoryManagerIF HTTP/1.1" 200 1290 "-" "Java/1.5.0_21" 1362 1551
82.234.44.238 - - [22/Dec/2015:19:04:01 -0500] "GET /LMMP/rest/dbxml/layers?proj=IAU2000:30118&visOnly=true&iPlanetDirectoryPro=AQIC5wM2LY4Sfcwho18QASSV1zKrUKllo09EOvrCWTi3pyA%3D%40AAJTSQACMDE%3D%23&sort=Mission%2Ctitle HTTP/1.1" 200 45606 "http://pub.lmmp.nasa.gov/LMMPUI/LMMP_CLIENT/LMMP.html" "Mozilla/5.0 (Windows NT 10.0; WOW64) AppleWebKit/537.36 (KHTML, like Gecko) Chrome/47.0.2526.106 Safari/537.36" 1272 45895
82.234.44.238 - - [22/Dec/2015:19:04:01 -0500] "GET /LMMP/rest/dbxml/layers?proj=IAU2000:30120&visOnly=true&iPlanetDirectoryPro=AQIC5wM2LY4Sfcwho18QASSV1zKrUKllo09EOvrCWTi3pyA%3D%40AAJTSQACMDE%3D%23&sort=Mission%2Ctitle HTTP/1.1" 200 47719 "http://pub.lmmp.nasa.gov/LMMPUI/LMMP_CLIENT/LMMP.html" "Mozilla/5.0 (Windows NT 10.0; WOW64) AppleWebKit/537.36 (KHTML, like Gecko) Chrome/47.0.2526.106 Safari/537.36" 1272 48008
82.234.44.238 - - [22/Dec/2015:19:04:03 -0500] "GET /opensso/identity/isTokenValid?iPlanetDirectoryPro=AQIC5wM2LY4Sfcwho18QASSV1zKrUKllo09EOvrCWTi3pyA%3D%40AAJTSQACMDE%3D%23 HTTP/1.1" 200 13 "http://pub.lmmp.nasa.gov/LMMPUI/LMMP_CLIENT/LMMP.html" "Mozilla/5.0 (Windows NT 10.0; WOW64) AppleWebKit/537.36 (KHTML, like Gecko) Chrome/47.0.2526.106 Safari/537.36" 1173 170
82.234.44.238 - - [22/Dec/2015:19:04:03 -0500] "GET /opensso/identity/isTokenValid?iPlanetDirectoryPro=AQIC5wM2LY4Sfcwho18QASSV1zKrUKllo09EOvrCWTi3pyA%3D%40AAJTSQACMDE%3D%23 HTTP/1.1" 200 13 "http://pub.lmmp.nasa.gov/LMMPUI/LMMP_CLIENT/LMMP.html" "Mozilla/5.0 (Windows NT 10.0; WOW64) AppleWebKit/537.36 (KHTML, like Gecko) Chrome/47.0.2526.106 Safari/537.36" 1173 170
127.0.0.1 - - [22/Dec/2015:19:04:03 -0500] "POST /opensso/jaxrpc/SMSObjectIF HTTP/1.1" 200 505 "-" "Java/1.5.0_21" 847 766
127.0.0.1 - - [22/Dec/2015:19:04:03 -0500] "POST /opensso/jaxrpc/DirectoryManagerIF HTTP/1.1" 200 1290 "-" "Java/1.5.0_21" 1362 1551
127.0.0.1 - - [22/Dec/2015:19:04:03 -0500] "POST /opensso/jaxrpc/SMSObjectIF HTTP/1.1" 200 505 "-" "Java/1.5.0_21" 847 766
127.0.0.1 - - [22/Dec/2015:19:04:03 -0500] "POST /opensso/jaxrpc/DirectoryManagerIF HTTP/1.1" 200 1290 "-" "Java/1.5.0_21" 1362 1551
82.234.44.238 - - [22/Dec/2015:19:04:03 -0500] "GET /LMMP/rest/dbxml/layers/int?proj=IAU2000:30118&iPlanetDirectoryPro=AQIC5wM2LY4Sfcwho18QASSV1zKrUKllo09EOvrCWTi3pyA%3D%40AAJTSQACMDE%3D%23&sort=Mission%2Ctitle HTTP/1.1" 200 17443 "http://pub.lmmp.nasa.gov/LMMPUI/LMMP_CLIENT/LMMP.html" "Mozilla/5.0 (Windows NT 10.0; WOW64) AppleWebKit/537.36 (KHTML, like Gecko) Chrome/47.0.2526.106 Safari/537.36" 1263 17707
82.234.44.238 - - [22/Dec/2015:19:04:03 -0500] "GET /LMMP/rest/dbxml/layers/int?proj=IAU2000:30120&iPlanetDirectoryPro=AQIC5wM2LY4Sfcwho18QASSV1zKrUKllo09EOvrCWTi3pyA%3D%40AAJTSQACMDE%3D%23&sort=Mission%2Ctitle HTTP/1.1" 200 18425 "http://pub.lmmp.nasa.gov/LMMPUI/LMMP_CLIENT/LMMP.html" "Mozilla/5.0 (Windows NT 10.0; WOW64) AppleWebKit/537.36 (KHTML, like Gecko) Chrome/47.0.2526.106 Safari/537.36" 1263 18689
127.0.0.1 - - [22/Dec/2015:19:04:08 -0500] "GET /opensso/namingservice HTTP/1.1" 200 7 "-" "Java/1.5.0_21" 220 182
82.234.44.238 - - [22/Dec/2015:19:04:01 -0500] "GET /LMMP/rest/dbxml/layers?proj=IAU2000:30100&visOnly=true&iPlanetDirectoryPro=AQIC5wM2LY4Sfcwho18QASSV1zKrUKllo09EOvrCWTi3pyA%3D%40AAJTSQACMDE%3D%23&sort=Mission%2Ctitle HTTP/1.1" 200 858868 "http://pub.lmmp.nasa.gov/LMMPUI/LMMP_CLIENT/LMMP.html" "Mozilla/5.0 (Windows NT 10.0; WOW64) AppleWebKit/537.36 (KHTML, like Gecko) Chrome/47.0.2526.106 Safari/537.36" 1272 859949
82.234.44.238 - - [22/Dec/2015:19:04:10 -0500] "GET /opensso/identity/isTokenValid?iPlanetDirectoryPro=AQIC5wM2LY4Sfcwho18QASSV1zKrUKllo09EOvrCWTi3pyA%3D%40AAJTSQACMDE%3D%23 HTTP/1.1" 200 13 "http://pub.lmmp.nasa.gov/LMMPUI/LMMP_CLIENT/LMMP.html" "Mozilla/5.0 (Windows NT 10.0; WOW64) AppleWebKit/537.36 (KHTML, like Gecko) Chrome/47.0.2526.106 Safari/537.36" 1173 170
127.0.0.1 - - [22/Dec/2015:19:04:10 -0500] "POST /opensso/jaxrpc/SMSObjectIF HTTP/1.1" 200 505 "-" "Java/1.5.0_21" 847 767
127.0.0.1 - - [22/Dec/2015:19:04:10 -0500] "POST /opensso/jaxrpc/DirectoryManagerIF HTTP/1.1" 200 1290 "-" "Java/1.5.0_21" 1362 1551
127.0.0.1 - - [22/Dec/2015:19:04:12 -0500] "GET /opensso/namingservice HTTP/1.1" 200 7 "-" "Java/1.5.0_21" 220 183
82.234.44.238 - - [22/Dec/2015:19:04:10 -0500] "GET /LMMP/rest/dbxml/layers/int?proj=IAU2000:30100&iPlanetDirectoryPro=AQIC5wM2LY4Sfcwho18QASSV1zKrUKllo09EOvrCWTi3pyA%3D%40AAJTSQACMDE%3D%23&sort=Mission%2Ctitle HTTP/1.1" 200 359087 "http://pub.lmmp.nasa.gov/LMMPUI/LMMP_CLIENT/LMMP.html" "Mozilla/5.0 (Windows NT 10.0; WOW64) AppleWebKit/537.36 (KHTML, like Gecko) Chrome/47.0.2526.106 Safari/537.36" 1263 359680
82.234.44.238 - - [22/Dec/2015:19:04:14 -0500] "GET /opensso/identity/isTokenValid?iPlanetDirectoryPro=AQIC5wM2LY4Sfcwho18QASSV1zKrUKllo09EOvrCWTi3pyA%3D%40AAJTSQACMDE%3D%23 HTTP/1.1" 200 13 "http://pub.lmmp.nasa.gov/LMMPUI/LMMP_CLIENT/LMMP.html" "Mozilla/5.0 (Windows NT 10.0; WOW64) AppleWebKit/537.36 (KHTML, like Gecko) Chrome/47.0.2526.106 Safari/537.36" 1173 170
82.234.44.238 - - [22/Dec/2015:19:04:14 -0500] "GET /LMMPUI/LMMP_CLIENT/sampleData/emptyLayer.xml?iPlanetDirectoryPro=AQIC5wM2LY4Sfcwho18QASSV1zKrUKllo09EOvrCWTi3pyA%3D%40AAJTSQACMDE%3D%23 HTTP/1.1" 200 19 "http://pub.lmmp.nasa.gov/LMMPUI/LMMP_CLIENT/LMMP.html" "Mozilla/5.0 (Windows NT 10.0; WOW64) AppleWebKit/537.36 (KHTML, like Gecko) Chrome/47.0.2526.106 Safari/537.36" 1188 350
82.234.44.238 - - [22/Dec/2015:19:04:15 -0500] "GET /opensso/identity/isTokenValid?iPlanetDirectoryPro=AQIC5wM2LY4Sfcwho18QASSV1zKrUKllo09EOvrCWTi3pyA%3D%40AAJTSQACMDE%3D%23 HTTP/1.1" 200 13 "http://pub.lmmp.nasa.gov/LMMPUI/LMMP_CLIENT/LMMP.html" "Mozilla/5.0 (Windows NT 10.0; WOW64) AppleWebKit/537.36 (KHTML, like Gecko) Chrome/47.0.2526.106 Safari/537.36" 1173 170
82.234.44.238 - - [22/Dec/2015:19:04:15 -0500] "GET /LMMPUI/LMMP_CLIENT/sampleData/nomenclature.xml HTTP/1.1" 200 1725 "http://pub.lmmp.nasa.gov/LMMPUI/LMMP_CLIENT/LMMP.html" "Mozilla/5.0 (Windows NT 10.0; WOW64) AppleWebKit/537.36 (KHTML, like Gecko) Chrome/47.0.2526.106 Safari/537.36" 1099 2061
82.234.44.238 - - [22/Dec/2015:19:04:15 -0500] "GET /LMMPUI/LMMP_CLIENT/sampleData/graticule.xml HTTP/1.1" 200 1234 "http://pub.lmmp.nasa.gov/LMMPUI/LMMP_CLIENT/LMMP.html" "Mozilla/5.0 (Windows NT 10.0; WOW64) AppleWebKit/537.36 (KHTML, like Gecko) Chrome/47.0.2526.106 Safari/537.36" 1096 1570
82.234.44.238 - - [22/Dec/2015:19:04:15 -0500] "GET /opensso/identity/isTokenValid?iPlanetDirectoryPro=AQIC5wM2LY4Sfcwho18QASSV1zKrUKllo09EOvrCWTi3pyA%3D%40AAJTSQACMDE%3D%23 HTTP/1.1" 200 13 "http://pub.lmmp.nasa.gov/LMMPUI/LMMP_CLIENT/LMMP.html" "Mozilla/5.0 (Windows NT 10.0; WOW64) AppleWebKit/537.36 (KHTML, like Gecko) Chrome/47.0.2526.106 Safari/537.36" 1173 171
82.234.44.238 - - [22/Dec/2015:19:04:15 -0500] "GET /LMMPUI/LMMP_CLIENT/config/searchResultFields.xml HTTP/1.1" 200 1711 "http://pub.lmmp.nasa.gov/LMMPUI/LMMP_CLIENT/LMMP.html" "Mozilla/5.0 (Windows NT 10.0; WOW64) AppleWebKit/537.36 (KHTML, like Gecko) Chrome/47.0.2526.106 Safari/537.36" 1101 2047
82.234.44.238 - - [22/Dec/2015:19:04:15 -0500] "GET /LMMPUI/LMMP_CLIENT/config/nomenclatureType.xml HTTP/1.1" 200 691 "http://pub.lmmp.nasa.gov/LMMPUI/LMMP_CLIENT/LMMP.html" "Mozilla/5.0 (Windows NT 10.0; WOW64) AppleWebKit/537.36 (KHTML, like Gecko) Chrome/47.0.2526.106 Safari/537.36" 1099 1024
82.234.44.238 - - [22/Dec/2015:19:04:15 -0500] "GET /LMMP/rest/auxmd/types?iPlanetDirectoryPro=AQIC5wM2LY4Sfcwho18QASSV1zKrUKllo09EOvrCWTi3pyA%3D%40AAJTSQACMDE%3D%23 HTTP/1.1" 200 119 "http://pub.lmmp.nasa.gov/LMMPUI/LMMP_CLIENT/LMMP.html" "Mozilla/5.0 (Windows NT 10.0; WOW64) AppleWebKit/537.36 (KHTML, like Gecko) Chrome/47.0.2526.106 Safari/537.36" 1218 294
82.234.44.238 - - [22/Dec/2015:19:04:15 -0500] "GET /LMMP/rest/auxmd/acl?iPlanetDirectoryPro=AQIC5wM2LY4Sfcwho18QASSV1zKrUKllo09EOvrCWTi3pyA%3D%40AAJTSQACMDE%3D%23 HTTP/1.1" 200 1468 "http://pub.lmmp.nasa.gov/LMMPUI/LMMP_CLIENT/LMMP.html" "Mozilla/5.0 (Windows NT 10.0; WOW64) AppleWebKit/537.36 (KHTML, like Gecko) Chrome/47.0.2526.106 Safari/537.36" 1216 1644
82.234.44.238 - - [22/Dec/2015:19:04:15 -0500] "GET /opensso/identity/isTokenValid?iPlanetDirectoryPro=AQIC5wM2LY4Sfcwho18QASSV1zKrUKllo09EOvrCWTi3pyA%3D%40AAJTSQACMDE%3D%23 HTTP/1.1" 200 13 "http://pub.lmmp.nasa.gov/LMMPUI/LMMP_CLIENT/LMMP.html" "Mozilla/5.0 (Windows NT 10.0; WOW64) AppleWebKit/537.36 (KHTML, like Gecko) Chrome/47.0.2526.106 Safari/537.36" 1173 170
82.234.44.238 - - [22/Dec/2015:19:04:15 -0500] "GET /opensso/identity/isTokenValid?iPlanetDirectoryPro=AQIC5wM2LY4Sfcwho18QASSV1zKrUKllo09EOvrCWTi3pyA%3D%40AAJTSQACMDE%3D%23 HTTP/1.1" 200 13 "http://pub.lmmp.nasa.gov/LMMPUI/LMMP_CLIENT/LMMP.html" "Mozilla/5.0 (Windows NT 10.0; WOW64) AppleWebKit/537.36 (KHTML, like Gecko) Chrome/47.0.2526.106 Safari/537.36" 1173 170
82.234.44.238 - - [22/Dec/2015:19:04:15 -0500] "GET /LMMP/rest/auxmd/create?mdType=layer&iPlanetDirectoryPro=AQIC5wM2LY4Sfcwho18QASSV1zKrUKllo09EOvrCWTi3pyA%3D%40AAJTSQACMDE%3D%23 HTTP/1.1" 200 173 "http://pub.lmmp.nasa.gov/LMMPUI/LMMP_CLIENT/LMMP.html" "Mozilla/5.0 (Windows NT 10.0; WOW64) AppleWebKit/537.36 (KHTML, like Gecko) Chrome/47.0.2526.106 Safari/537.36" 1232 348
82.234.44.238 - - [22/Dec/2015:19:04:15 -0500] "GET /opensso/identity/isTokenValid?iPlanetDirectoryPro=AQIC5wM2LY4Sfcwho18QASSV1zKrUKllo09EOvrCWTi3pyA%3D%40AAJTSQACMDE%3D%23 HTTP/1.1" 200 13 "http://pub.lmmp.nasa.gov/LMMPUI/LMMP_CLIENT/LMMP.html" "Mozilla/5.0 (Windows NT 10.0; WOW64) AppleWebKit/537.36 (KHTML, like Gecko) Chrome/47.0.2526.106 Safari/537.36" 1173 170
82.234.44.238 - - [22/Dec/2015:19:04:15 -0500] "GET /LMMP/rest/auxmd/create?mdType=point&iPlanetDirectoryPro=AQIC5wM2LY4Sfcwho18QASSV1zKrUKllo09EOvrCWTi3pyA%3D%40AAJTSQACMDE%3D%23 HTTP/1.1" 200 319 "http://pub.lmmp.nasa.gov/LMMPUI/LMMP_CLIENT/LMMP.html" "Mozilla/5.0 (Windows NT 10.0; WOW64) AppleWebKit/537.36 (KHTML, like Gecko) Chrome/47.0.2526.106 Safari/537.36" 1232 495
82.234.44.238 - - [22/Dec/2015:19:04:15 -0500] "GET /opensso/identity/isTokenValid?iPlanetDirectoryPro=AQIC5wM2LY4Sfcwho18QASSV1zKrUKllo09EOvrCWTi3pyA%3D%40AAJTSQACMDE%3D%23 HTTP/1.1" 200 13 "http://pub.lmmp.nasa.gov/LMMPUI/LMMP_CLIENT/LMMP.html" "Mozilla/5.0 (Windows NT 10.0; WOW64) AppleWebKit/537.36 (KHTML, like Gecko) Chrome/47.0.2526.106 Safari/537.36" 1173 170
82.234.44.238 - - [22/Dec/2015:19:04:15 -0500] "GET /LMMP/rest/auxmd/create?mdType=bounding&iPlanetDirectoryPro=AQIC5wM2LY4Sfcwho18QASSV1zKrUKllo09EOvrCWTi3pyA%3D%40AAJTSQACMDE%3D%23 HTTP/1.1" 200 513 "http://pub.lmmp.nasa.gov/LMMPUI/LMMP_CLIENT/LMMP.html" "Mozilla/5.0 (Windows NT 10.0; WOW64) AppleWebKit/537.36 (KHTML, like Gecko) Chrome/47.0.2526.106 Safari/537.36" 1235 689
82.234.44.238 - - [22/Dec/2015:19:04:16 -0500] "GET /opensso/identity/isTokenValid?iPlanetDirectoryPro=AQIC5wM2LY4Sfcwho18QASSV1zKrUKllo09EOvrCWTi3pyA%3D%40AAJTSQACMDE%3D%23 HTTP/1.1" 200 13 "http://pub.lmmp.nasa.gov/LMMPUI/LMMP_CLIENT/LMMP.html" "Mozilla/5.0 (Windows NT 10.0; WOW64) AppleWebKit/537.36 (KHTML, like Gecko) Chrome/47.0.2526.106 Safari/537.36" 1173 170
82.234.44.238 - - [22/Dec/2015:19:04:16 -0500] "GET /LMMP/rest/auxmd/create?mdType=polyo&iPlanetDirectoryPro=AQIC5wM2LY4Sfcwho18QASSV1zKrUKllo09EOvrCWTi3pyA%3D%40AAJTSQACMDE%3D%23 HTTP/1.1" 200 38 "http://pub.lmmp.nasa.gov/LMMPUI/LMMP_CLIENT/LMMP.html" "Mozilla/5.0 (Windows NT 10.0; WOW64) AppleWebKit/537.36 (KHTML, like Gecko) Chrome/47.0.2526.106 Safari/537.36" 1232 213
82.234.44.238 - - [22/Dec/2015:19:04:16 -0500] "GET /LMMP/rest/auxmd/create?mdType=polyx&iPlanetDirectoryPro=AQIC5wM2LY4Sfcwho18QASSV1zKrUKllo09EOvrCWTi3pyA%3D%40AAJTSQACMDE%3D%23 HTTP/1.1" 200 38 "http://pub.lmmp.nasa.gov/LMMPUI/LMMP_CLIENT/LMMP.html" "Mozilla/5.0 (Windows NT 10.0; WOW64) AppleWebKit/537.36 (KHTML, like Gecko) Chrome/47.0.2526.106 Safari/537.36" 1232 213
82.234.44.238 - - [22/Dec/2015:19:04:16 -0500] "GET /LMMPUI/LMMP_CLIENT/assets/system/complete.png HTTP/1.1" 200 272 "http://pub.lmmp.nasa.gov/LMMPUI/LMMP_CLIENT/LMMP.html" "Mozilla/5.0 (Windows NT 10.0; WOW64) AppleWebKit/537.36 (KHTML, like Gecko) Chrome/47.0.2526.106 Safari/537.36" 1098 599
82.234.44.238 - - [22/Dec/2015:19:04:16 -0500] "GET /LMMPUI/LMMP_CLIENT/assets/menu/layers.png HTTP/1.1" 200 15248 "http://pub.lmmp.nasa.gov/LMMPUI/LMMP_CLIENT/LMMP.html" "Mozilla/5.0 (Windows NT 10.0; WOW64) AppleWebKit/537.36 (KHTML, like Gecko) Chrome/47.0.2526.106 Safari/537.36" 1094 15579
82.234.44.238 - - [22/Dec/2015:19:04:16 -0500] "GET /LMMPUI/LMMP_CLIENT/assets/menu/search.png HTTP/1.1" 200 15244 "http://pub.lmmp.nasa.gov/LMMPUI/LMMP_CLIENT/LMMP.html" "Mozilla/5.0 (Windows NT 10.0; WOW64) AppleWebKit/537.36 (KHTML, like Gecko) Chrome/47.0.2526.106 Safari/537.36" 1094 15575
82.234.44.238 - - [22/Dec/2015:19:04:16 -0500] "GET /LMMPUI/LMMP_CLIENT/assets/menu/upload.png HTTP/1.1" 200 11528 "http://pub.lmmp.nasa.gov/LMMPUI/LMMP_CLIENT/LMMP.html" "Mozilla/5.0 (Windows NT 10.0; WOW64) AppleWebKit/537.36 (KHTML, like Gecko) Chrome/47.0.2526.106 Safari/537.36" 1094 11859
82.234.44.238 - - [22/Dec/2015:19:04:16 -0500] "GET /LMMPUI/LMMP_CLIENT/assets/menu/fullextent.png HTTP/1.1" 200 15565 "http://pub.lmmp.nasa.gov/LMMPUI/LMMP_CLIENT/LMMP.html" "Mozilla/5.0 (Windows NT 10.0; WOW64) AppleWebKit/537.36 (KHTML, like Gecko) Chrome/47.0.2526.106 Safari/537.36" 1098 15896
82.234.44.238 - - [22/Dec/2015:19:04:16 -0500] "GET /LMMPUI/LMMP_CLIENT/assets/menu/info.png HTTP/1.1" 200 9601 "http://pub.lmmp.nasa.gov/LMMPUI/LMMP_CLIENT/LMMP.html" "Mozilla/5.0 (Windows NT 10.0; WOW64) AppleWebKit/537.36 (KHTML, like Gecko) Chrome/47.0.2526.106 Safari/537.36" 1092 9931
82.234.44.238 - - [22/Dec/2015:19:04:16 -0500] "GET /LMMPUI/LMMP_CLIENT/assets/menu/fullscreen.png HTTP/1.1" 200 6741 "http://pub.lmmp.nasa.gov/LMMPUI/LMMP_CLIENT/LMMP.html" "Mozilla/5.0 (Windows NT 10.0; WOW64) AppleWebKit/537.36 (KHTML, like Gecko) Chrome/47.0.2526.106 Safari/537.36" 1098 7070
82.234.44.238 - - [22/Dec/2015:19:04:17 -0500] "GET /LMMPUI/LMMP_CLIENT/assets/menu/link.png HTTP/1.1" 200 11578 "http://pub.lmmp.nasa.gov/LMMPUI/LMMP_CLIENT/LMMP.html" "Mozilla/5.0 (Windows NT 10.0; WOW64) AppleWebKit/537.36 (KHTML, like Gecko) Chrome/47.0.2526.106 Safari/537.36" 1092 11909
82.234.44.238 - - [22/Dec/2015:19:04:17 -0500] "GET /LMMPUI/LMMP_CLIENT/assets/system/i_expand3.png HTTP/1.1" 200 1686 "http://pub.lmmp.nasa.gov/LMMPUI/LMMP_CLIENT/LMMP.html" "Mozilla/5.0 (Windows NT 10.0; WOW64) AppleWebKit/537.36 (KHTML, like Gecko) Chrome/47.0.2526.106 Safari/537.36" 1099 2015
82.234.44.238 - - [22/Dec/2015:19:04:17 -0500] "GET /LMMPUI/LMMP_CLIENT/assets/system/nameSearch.png HTTP/1.1" 200 1475 "http://pub.lmmp.nasa.gov/LMMPUI/LMMP_CLIENT/LMMP.html" "Mozilla/5.0 (Windows NT 10.0; WOW64) AppleWebKit/537.36 (KHTML, like Gecko) Chrome/47.0.2526.106 Safari/537.36" 1100 1804
82.234.44.238 - - [22/Dec/2015:19:04:17 -0500] "GET /LMMPUI/LMMP_CLIENT/assets/system/w_closeCircle.png HTTP/1.1" 200 1612 "http://pub.lmmp.nasa.gov/LMMPUI/LMMP_CLIENT/LMMP.html" "Mozilla/5.0 (Windows NT 10.0; WOW64) AppleWebKit/537.36 (KHTML, like Gecko) Chrome/47.0.2526.106 Safari/537.36" 1103 1941
82.234.44.238 - - [22/Dec/2015:19:04:17 -0500] "GET /LMMPUI/LMMP_CLIENT/assets/system/plus.png HTTP/1.1" 200 1567 "http://pub.lmmp.nasa.gov/LMMPUI/LMMP_CLIENT/LMMP.html" "Mozilla/5.0 (Windows NT 10.0; WOW64) AppleWebKit/537.36 (KHTML, like Gecko) Chrome/47.0.2526.106 Safari/537.36" 1094 1896
82.234.44.238 - - [22/Dec/2015:19:04:17 -0500] "GET /LMMPUI/LMMP_CLIENT/assets/system/minus.png HTTP/1.1" 200 1277 "http://pub.lmmp.nasa.gov/LMMPUI/LMMP_CLIENT/LMMP.html" "Mozilla/5.0 (Windows NT 10.0; WOW64) AppleWebKit/537.36 (KHTML, like Gecko) Chrome/47.0.2526.106 Safari/537.36" 1095 1606
82.234.44.238 - - [22/Dec/2015:19:04:17 -0500] "GET /LMMPUI/LMMP_CLIENT/assets/proto/wiki.png HTTP/1.1" 200 13450 "http://pub.lmmp.nasa.gov/LMMPUI/LMMP_CLIENT/LMMP.html" "Mozilla/5.0 (Windows NT 10.0; WOW64) AppleWebKit/537.36 (KHTML, like Gecko) Chrome/47.0.2526.106 Safari/537.36" 1093 13781
82.234.44.238 - - [22/Dec/2015:19:04:17 -0500] "GET /LMMPUI/LMMP_CLIENT/assets/proto/survey.png HTTP/1.1" 200 7637 "http://pub.lmmp.nasa.gov/LMMPUI/LMMP_CLIENT/LMMP.html" "Mozilla/5.0 (Windows NT 10.0; WOW64) AppleWebKit/537.36 (KHTML, like Gecko) Chrome/47.0.2526.106 Safari/537.36" 1095 7966
82.234.44.238 - - [22/Dec/2015:19:04:17 -0500] "GET /LMMPUI/LMMP_CLIENT/assets/image/MoonTourLogo.jpg HTTP/1.1" 200 3967 "http://pub.lmmp.nasa.gov/LMMPUI/LMMP_CLIENT/LMMP.html" "Mozilla/5.0 (Windows NT 10.0; WOW64) AppleWebKit/537.36 (KHTML, like Gecko) Chrome/47.0.2526.106 Safari/537.36" 1101 4297
82.234.44.238 - - [22/Dec/2015:19:04:17 -0500] "GET /LMMPUI/LMMP_CLIENT/assets/image/badge_appstore-lrg.png HTTP/1.1" 200 3394 "http://pub.lmmp.nasa.gov/LMMPUI/LMMP_CLIENT/LMMP.html" "Mozilla/5.0 (Windows NT 10.0; WOW64) AppleWebKit/537.36 (KHTML, like Gecko) Chrome/47.0.2526.106 Safari/537.36" 1107 3723
82.234.44.238 - - [22/Dec/2015:19:04:17 -0500] "GET /LMMPUI/LMMP_CLIENT/homepage/data.xml?v=1450829057997 HTTP/1.1" 200 3907 "http://pub.lmmp.nasa.gov/LMMPUI/LMMP_CLIENT/LMMP.html" "Mozilla/5.0 (Windows NT 10.0; WOW64) AppleWebKit/537.36 (KHTML, like Gecko) Chrome/47.0.2526.106 Safari/537.36" 1105 4242
82.234.44.238 - - [22/Dec/2015:19:04:17 -0500] "GET /LMMPUI/LMMP_CLIENT/assets/proto/gallery.png HTTP/1.1" 200 18089 "http://pub.lmmp.nasa.gov/LMMPUI/LMMP_CLIENT/LMMP.html" "Mozilla/5.0 (Windows NT 10.0; WOW64) AppleWebKit/537.36 (KHTML, like Gecko) Chrome/47.0.2526.106 Safari/537.36" 1096 18420
82.234.44.238 - - [22/Dec/2015:19:04:17 -0500] "GET /LMMPUI/LMMP_CLIENT/assets/proto/mariusHills.jpg HTTP/1.1" 200 61059 "http://pub.lmmp.nasa.gov/LMMPUI/LMMP_CLIENT/LMMP.html" "Mozilla/5.0 (Windows NT 10.0; WOW64) AppleWebKit/537.36 (KHTML, like Gecko) Chrome/47.0.2526.106 Safari/537.36" 1100 61391
82.234.44.238 - - [22/Dec/2015:19:04:17 -0500] "GET /LMMPUI/LMMP_CLIENT/assets/proto/gruithuisen.jpg HTTP/1.1" 200 62986 "http://pub.lmmp.nasa.gov/LMMPUI/LMMP_CLIENT/LMMP.html" "Mozilla/5.0 (Windows NT 10.0; WOW64) AppleWebKit/537.36 (KHTML, like Gecko) Chrome/47.0.2526.106 Safari/537.36" 1100 63318
82.234.44.238 - - [22/Dec/2015:19:04:17 -0500] "GET /LMMPUI/LMMP_CLIENT/assets/proto/inaDCaldera.jpg HTTP/1.1" 200 74885 "http://pub.lmmp.nasa.gov/LMMPUI/LMMP_CLIENT/LMMP.html" "Mozilla/5.0 (Windows NT 10.0; WOW64) AppleWebKit/537.36 (KHTML, like Gecko) Chrome/47.0.2526.106 Safari/537.36" 1100 75217
127.0.0.1 - - [22/Dec/2015:19:04:38 -0500] "GET /opensso/namingservice HTTP/1.1" 200 7 "-" "Java/1.5.0_21" 220 183
127.0.0.1 - - [22/Dec/2015:19:04:42 -0500] "GET /opensso/namingservice HTTP/1.1" 200 7 "-" "Java/1.5.0_21" 220 183
127.0.0.1 - - [22/Dec/2015:19:05:08 -0500] "GET /opensso/namingservice HTTP/1.1" 200 7 "-" "Java/1.5.0_21" 220 183
127.0.0.1 - - [22/Dec/2015:19:05:12 -0500] "GET /opensso/namingservice HTTP/1.1" 200 7 "-" "Java/1.5.0_21" 220 183
137.78.207.218 - - [22/Dec/2015:19:05:34 -0500] "HEAD /LMMPUI/LMMP_CLIENT/LMMP.html HTTP/1.1" 200 - "-" "curl/7.38.0" 110 274
127.0.0.1 - - [22/Dec/2015:19:05:38 -0500] "GET /opensso/namingservice HTTP/1.1" 200 7 "-" "Java/1.5.0_21" 220 183
127.0.0.1 - - [22/Dec/2015:19:05:42 -0500] "GET /opensso/namingservice HTTP/1.1" 200 7 "-" "Java/1.5.0_21" 220 183
68.180.228.178 - - [22/Dec/2015:19:06:00 -0500] "GET /redmine/projects/lmmpwiki/wiki/Accessibility_Statement HTTP/1.1" 304 - "-" "Mozilla/5.0 (compatible; Yahoo! Slurp; http://help.yahoo.com/help/us/ysearch/slurp)" 281 344
127.0.0.1 - - [22/Dec/2015:19:06:08 -0500] "GET /opensso/namingservice HTTP/1.1" 200 7 "-" "Java/1.5.0_21" 220 183
127.0.0.1 - - [22/Dec/2015:19:06:12 -0500] "GET /opensso/namingservice HTTP/1.1" 200 7 "-" "Java/1.5.0_21" 220 183
127.0.0.1 - - [22/Dec/2015:19:06:38 -0500] "GET /opensso/namingservice HTTP/1.1" 200 7 "-" "Java/1.5.0_21" 220 183
66.249.79.248 - - [22/Dec/2015:19:06:39 -0500] "GET /redmine/issues/gantt?month=11&months=6&year=2790&zoom=3 HTTP/1.1" 200 51101 "-" "Mozilla/5.0 (compatible; Googlebot/2.1; +http://www.google.com/bot.html)" 346 51790
127.0.0.1 - - [22/Dec/2015:19:06:42 -0500] "GET /opensso/namingservice HTTP/1.1" 200 7 "-" "Java/1.5.0_21" 220 183
127.0.0.1 - - [22/Dec/2015:19:07:08 -0500] "GET /opensso/namingservice HTTP/1.1" 200 7 "-" "Java/1.5.0_21" 220 183
127.0.0.1 - - [22/Dec/2015:19:07:12 -0500] "GET /opensso/namingservice HTTP/1.1" 200 7 "-" "Java/1.5.0_21" 220 183
127.0.0.1 - - [22/Dec/2015:19:07:38 -0500] "GET /opensso/namingservice HTTP/1.1" 200 7 "-" "Java/1.5.0_21" 220 183
127.0.0.1 - - [22/Dec/2015:19:07:42 -0500] "GET /opensso/namingservice HTTP/1.1" 200 7 "-" "Java/1.5.0_21" 220 183
127.0.0.1 - - [22/Dec/2015:19:08:08 -0500] "GET /opensso/namingservice HTTP/1.1" 200 7 "-" "Java/1.5.0_21" 220 183
127.0.0.1 - - [22/Dec/2015:19:08:12 -0500] "GET /opensso/namingservice HTTP/1.1" 200 7 "-" "Java/1.5.0_21" 220 183
100.43.91.4 - - [22/Dec/2015:19:08:30 -0500] "GET /redmine/attachments/download/338 HTTP/1.1" 200 30837 "-" "Mozilla/5.0 (compatible; YandexImages/3.0; +http://yandex.com/bots)" 317 31329
127.0.0.1 - - [22/Dec/2015:19:08:38 -0500] "GET /opensso/namingservice HTTP/1.1" 200 7 "-" "Java/1.5.0_21" 220 183
127.0.0.1 - - [22/Dec/2015:19:08:42 -0500] "GET /opensso/namingservice HTTP/1.1" 200 7 "-" "Java/1.5.0_21" 220 183
127.0.0.1 - - [22/Dec/2015:19:09:08 -0500] "GET /opensso/namingservice HTTP/1.1" 200 7 "-" "Java/1.5.0_21" 220 183
127.0.0.1 - - [22/Dec/2015:19:09:12 -0500] "GET /opensso/namingservice HTTP/1.1" 200 7 "-" "Java/1.5.0_21" 220 183
127.0.0.1 - - [22/Dec/2015:19:09:38 -0500] "GET /opensso/namingservice HTTP/1.1" 200 7 "-" "Java/1.5.0_21" 220 183
127.0.0.1 - - [22/Dec/2015:19:09:42 -0500] "GET /opensso/namingservice HTTP/1.1" 200 7 "-" "Java/1.5.0_21" 220 183
127.0.0.1 - - [22/Dec/2015:19:10:08 -0500] "GET /opensso/namingservice HTTP/1.1" 200 7 "-" "Java/1.5.0_21" 220 183
127.0.0.1 - - [22/Dec/2015:19:10:12 -0500] "GET /opensso/namingservice HTTP/1.1" 200 7 "-" "Java/1.5.0_21" 220 183
66.249.74.87 - - [22/Dec/2015:19:10:26 -0500] "GET /redmine/issues/gantt?month=2&months=6&year=1581&zoom=3 HTTP/1.1" 200 51083 "-" "Mozilla/5.0 (compatible; Googlebot/2.1; +http://www.google.com/bot.html)" 659 56012
137.78.207.218 - - [22/Dec/2015:19:10:34 -0500] "HEAD /LMMPUI/LMMP_CLIENT/LMMP.html HTTP/1.1" 200 - "-" "curl/7.38.0" 110 274
127.0.0.1 - - [22/Dec/2015:19:10:38 -0500] "GET /opensso/namingservice HTTP/1.1" 200 7 "-" "Java/1.5.0_21" 220 183
127.0.0.1 - - [22/Dec/2015:19:10:42 -0500] "GET /opensso/namingservice HTTP/1.1" 200 7 "-" "Java/1.5.0_21" 220 183
127.0.0.1 - - [22/Dec/2015:19:11:08 -0500] "GET /opensso/namingservice HTTP/1.1" 200 7 "-" "Java/1.5.0_21" 220 183
127.0.0.1 - - [22/Dec/2015:19:11:12 -0500] "GET /opensso/namingservice HTTP/1.1" 200 7 "-" "Java/1.5.0_21" 220 183
127.0.0.1 - - [22/Dec/2015:19:11:38 -0500] "GET /opensso/namingservice HTTP/1.1" 200 7 "-" "Java/1.5.0_21" 220 183
127.0.0.1 - - [22/Dec/2015:19:11:42 -0500] "GET /opensso/namingservice HTTP/1.1" 200 7 "-" "Java/1.5.0_21" 220 183
127.0.0.1 - - [22/Dec/2015:19:12:08 -0500] "GET /opensso/namingservice HTTP/1.1" 200 7 "-" "Java/1.5.0_21" 220 183
127.0.0.1 - - [22/Dec/2015:19:12:12 -0500] "GET /opensso/namingservice HTTP/1.1" 200 7 "-" "Java/1.5.0_21" 220 183
127.0.0.1 - - [22/Dec/2015:19:12:38 -0500] "GET /opensso/namingservice HTTP/1.1" 200 7 "-" "Java/1.5.0_21" 220 183
127.0.0.1 - - [22/Dec/2015:19:12:42 -0500] "GET /opensso/namingservice HTTP/1.1" 200 7 "-" "Java/1.5.0_21" 220 183
127.0.0.1 - - [22/Dec/2015:19:13:08 -0500] "GET /opensso/namingservice HTTP/1.1" 200 7 "-" "Java/1.5.0_21" 220 183
127.0.0.1 - - [22/Dec/2015:19:13:12 -0500] "GET /opensso/namingservice HTTP/1.1" 200 7 "-" "Java/1.5.0_21" 220 183
127.0.0.1 - - [22/Dec/2015:19:13:38 -0500] "GET /opensso/namingservice HTTP/1.1" 200 7 "-" "Java/1.5.0_21" 220 183
127.0.0.1 - - [22/Dec/2015:19:13:42 -0500] "GET /opensso/namingservice HTTP/1.1" 200 7 "-" "Java/1.5.0_21" 220 183
127.0.0.1 - - [22/Dec/2015:19:14:08 -0500] "GET /opensso/namingservice HTTP/1.1" 200 7 "-" "Java/1.5.0_21" 220 183
127.0.0.1 - - [22/Dec/2015:19:14:12 -0500] "GET /opensso/namingservice HTTP/1.1" 200 7 "-" "Java/1.5.0_21" 220 183
66.249.79.248 - - [22/Dec/2015:19:14:13 -0500] "GET /redmine/activity?from=1997-04-03&show_files=1&user_id=1 HTTP/1.1" 200 5683 "-" "Mozilla/5.0 (compatible; Googlebot/2.1; +http://www.google.com/bot.html)" 346 6245
127.0.0.1 - - [22/Dec/2015:19:14:38 -0500] "GET /opensso/namingservice HTTP/1.1" 200 7 "-" "Java/1.5.0_21" 220 183
127.0.0.1 - - [22/Dec/2015:19:14:42 -0500] "GET /opensso/namingservice HTTP/1.1" 200 7 "-" "Java/1.5.0_21" 220 183
127.0.0.1 - - [22/Dec/2015:19:15:08 -0500] "GET /opensso/namingservice HTTP/1.1" 200 7 "-" "Java/1.5.0_21" 220 183
127.0.0.1 - - [22/Dec/2015:19:15:12 -0500] "GET /opensso/namingservice HTTP/1.1" 200 7 "-" "Java/1.5.0_21" 220 183
137.78.207.218 - - [22/Dec/2015:19:15:34 -0500] "HEAD /LMMPUI/LMMP_CLIENT/LMMP.html HTTP/1.1" 200 - "-" "curl/7.38.0" 110 274
127.0.0.1 - - [22/Dec/2015:19:15:38 -0500] "GET /opensso/namingservice HTTP/1.1" 200 7 "-" "Java/1.5.0_21" 220 183
127.0.0.1 - - [22/Dec/2015:19:15:42 -0500] "GET /opensso/namingservice HTTP/1.1" 200 7 "-" "Java/1.5.0_21" 220 183
127.0.0.1 - - [22/Dec/2015:19:16:08 -0500] "GET /opensso/namingservice HTTP/1.1" 200 7 "-" "Java/1.5.0_21" 220 183
127.0.0.1 - - [22/Dec/2015:19:16:12 -0500] "GET /opensso/namingservice HTTP/1.1" 200 7 "-" "Java/1.5.0_21" 220 183
127.0.0.1 - - [22/Dec/2015:19:16:38 -0500] "GET /opensso/namingservice HTTP/1.1" 200 7 "-" "Java/1.5.0_21" 220 183
127.0.0.1 - - [22/Dec/2015:19:16:42 -0500] "GET /opensso/namingservice HTTP/1.1" 200 7 "-" "Java/1.5.0_21" 220 183
127.0.0.1 - - [22/Dec/2015:19:17:08 -0500] "GET /opensso/namingservice HTTP/1.1" 200 7 "-" "Java/1.5.0_21" 220 183
127.0.0.1 - - [22/Dec/2015:19:17:12 -0500] "GET /opensso/namingservice HTTP/1.1" 200 7 "-" "Java/1.5.0_21" 220 183
157.55.39.95 - - [22/Dec/2015:19:17:18 -0500] "GET /LMMPUI/LMMP_CLIENT/LMMP.html HTTP/1.1" 200 9400 "-" "Mozilla/5.0 (compatible; bingbot/2.0; +http://www.bing.com/bingbot.htm)" 287 9730
127.0.0.1 - - [22/Dec/2015:19:17:38 -0500] "GET /opensso/namingservice HTTP/1.1" 200 7 "-" "Java/1.5.0_21" 220 183
127.0.0.1 - - [22/Dec/2015:19:17:42 -0500] "GET /opensso/namingservice HTTP/1.1" 200 7 "-" "Java/1.5.0_21" 220 183
66.249.79.135 - - [22/Dec/2015:19:18:00 -0500] "GET /redmine/issues/gantt?month=4&months=6&year=2100&zoom=2 HTTP/1.1" 200 30895 "-" "Mozilla/5.0 (compatible; Googlebot/2.1; +http://www.google.com/bot.html)" 345 31584
127.0.0.1 - - [22/Dec/2015:19:18:08 -0500] "GET /opensso/namingservice HTTP/1.1" 200 7 "-" "Java/1.5.0_21" 220 183
127.0.0.1 - - [22/Dec/2015:19:18:12 -0500] "GET /opensso/namingservice HTTP/1.1" 200 7 "-" "Java/1.5.0_21" 220 183
127.0.0.1 - - [22/Dec/2015:19:18:38 -0500] "GET /opensso/namingservice HTTP/1.1" 200 7 "-" "Java/1.5.0_21" 220 183
127.0.0.1 - - [22/Dec/2015:19:18:42 -0500] "GET /opensso/namingservice HTTP/1.1" 200 7 "-" "Java/1.5.0_21" 220 183
127.0.0.1 - - [22/Dec/2015:19:19:08 -0500] "GET /opensso/namingservice HTTP/1.1" 200 7 "-" "Java/1.5.0_21" 220 183
127.0.0.1 - - [22/Dec/2015:19:19:12 -0500] "GET /opensso/namingservice HTTP/1.1" 200 7 "-" "Java/1.5.0_21" 220 183
127.0.0.1 - - [22/Dec/2015:19:19:38 -0500] "GET /opensso/namingservice HTTP/1.1" 200 7 "-" "Java/1.5.0_21" 220 183
127.0.0.1 - - [22/Dec/2015:19:19:42 -0500] "GET /opensso/namingservice HTTP/1.1" 200 7 "-" "Java/1.5.0_21" 220 183
127.0.0.1 - - [22/Dec/2015:19:20:08 -0500] "GET /opensso/namingservice HTTP/1.1" 200 7 "-" "Java/1.5.0_21" 220 183
127.0.0.1 - - [22/Dec/2015:19:20:12 -0500] "GET /opensso/namingservice HTTP/1.1" 200 7 "-" "Java/1.5.0_21" 220 183
100.43.91.4 - - [22/Dec/2015:19:20:17 -0500] "GET /redmine/attachments/download/445 HTTP/1.1" 200 41700 "-" "Mozilla/5.0 (compatible; YandexImages/3.0; +http://yandex.com/bots)" 317 42203
180.76.15.13 - - [22/Dec/2015:19:20:30 -0500] "GET / HTTP/1.1" 302 237 "-" "Mozilla/5.0 (compatible; Baiduspider/2.0; +http://www.baidu.com/search/spider.html)" 183 506
137.78.207.218 - - [22/Dec/2015:19:20:34 -0500] "HEAD /LMMPUI/LMMP_CLIENT/LMMP.html HTTP/1.1" 200 - "-" "curl/7.38.0" 110 274
127.0.0.1 - - [22/Dec/2015:19:20:38 -0500] "GET /opensso/namingservice HTTP/1.1" 200 7 "-" "Java/1.5.0_21" 220 183
127.0.0.1 - - [22/Dec/2015:19:20:42 -0500] "GET /opensso/namingservice HTTP/1.1" 200 7 "-" "Java/1.5.0_21" 220 183
180.76.15.136 - - [22/Dec/2015:19:20:50 -0500] "GET / HTTP/1.1" 302 237 "-" "Mozilla/5.0 (compatible; Baiduspider/2.0; +http://www.baidu.com/search/spider.html)" 183 506
174.49.73.68 - - [22/Dec/2015:19:21:00 -0500] "GET /robots.txt HTTP/1.0" 404 208 "-" "Mozilla/5.0 (Windows NT 10.0; WOW64; Trident/7.0; rv:11.0) like Gecko" 649 4526
127.0.0.1 - - [22/Dec/2015:19:21:08 -0500] "GET /opensso/namingservice HTTP/1.1" 200 7 "-" "Java/1.5.0_21" 220 183
174.49.73.68 - - [22/Dec/2015:19:21:08 -0500] "GET /redmine/issues/gantt?month=3&months=6&year=1999&zoom=1 HTTP/1.0" 200 27562 "-" "Mozilla/5.0 (Windows NT 10.0; WOW64; Trident/7.0; rv:11.0) like Gecko" 697 32466
127.0.0.1 - - [22/Dec/2015:19:21:12 -0500] "GET /opensso/namingservice HTTP/1.1" 200 7 "-" "Java/1.5.0_21" 220 183
127.0.0.1 - - [22/Dec/2015:19:21:38 -0500] "GET /opensso/namingservice HTTP/1.1" 200 7 "-" "Java/1.5.0_21" 220 183
127.0.0.1 - - [22/Dec/2015:19:21:42 -0500] "GET /opensso/namingservice HTTP/1.1" 200 7 "-" "Java/1.5.0_21" 220 183
65.55.210.46 - - [22/Dec/2015:19:21:45 -0500] "GET /redmine/themes/basecamp/stylesheets/application.css?1296725292 HTTP/1.1" 200 6116 "http://pub.lmmp.nasa.gov/redmine/projects/lmmpwiki/wiki/ILIADS" "Mozilla/5.0 (iPhone; CPU iPhone OS 7_0 like Mac OS X) AppleWebKit/537.51.1 (KHTML, like Gecko) Version/7.0 Mobile/11A465 Safari/9537.53 BingPreview/1.0b" 404 6294
65.55.210.46 - - [22/Dec/2015:19:21:45 -0500] "GET /redmine/stylesheets/application.css HTTP/1.1" 200 35743 "http://pub.lmmp.nasa.gov/redmine/projects/lmmpwiki/wiki/ILIADS" "Mozilla/5.0 (iPhone; CPU iPhone OS 7_0 like Mac OS X) AppleWebKit/537.51.1 (KHTML, like Gecko) Version/7.0 Mobile/11A465 Safari/9537.53 BingPreview/1.0b" 377 35922
65.55.210.46 - - [22/Dec/2015:19:21:45 -0500] "GET /redmine/javascripts/prototype.js?1296684278 HTTP/1.1" 200 129738 "http://pub.lmmp.nasa.gov/redmine/projects/lmmpwiki/wiki/ILIADS" "Mozilla/5.0 (iPhone; CPU iPhone OS 7_0 like Mac OS X) AppleWebKit/537.51.1 (KHTML, like Gecko) Version/7.0 Mobile/11A465 Safari/9537.53 BingPreview/1.0b" 370 129926
66.249.79.241 - - [22/Dec/2015:19:21:47 -0500] "GET /redmine/issues/gantt?month=1&months=6&year=1097&zoom=4 HTTP/1.1" 200 51023 "-" "Mozilla/5.0 (compatible; Googlebot/2.1; +http://www.google.com/bot.html)" 345 51712
127.0.0.1 - - [22/Dec/2015:19:22:08 -0500] "GET /opensso/namingservice HTTP/1.1" 200 7 "-" "Java/1.5.0_21" 220 183
127.0.0.1 - - [22/Dec/2015:19:22:12 -0500] "GET /opensso/namingservice HTTP/1.1" 200 7 "-" "Java/1.5.0_21" 220 183
127.0.0.1 - - [22/Dec/2015:19:22:38 -0500] "GET /opensso/namingservice HTTP/1.1" 200 7 "-" "Java/1.5.0_21" 220 183
127.0.0.1 - - [22/Dec/2015:19:22:42 -0500] "GET /opensso/namingservice HTTP/1.1" 200 7 "-" "Java/1.5.0_21" 220 183
127.0.0.1 - - [22/Dec/2015:19:23:08 -0500] "GET /opensso/namingservice HTTP/1.1" 200 7 "-" "Java/1.5.0_21" 220 183
127.0.0.1 - - [22/Dec/2015:19:23:12 -0500] "GET /opensso/namingservice HTTP/1.1" 200 7 "-" "Java/1.5.0_21" 220 183
127.0.0.1 - - [22/Dec/2015:19:23:38 -0500] "GET /opensso/namingservice HTTP/1.1" 200 7 "-" "Java/1.5.0_21" 220 183
127.0.0.1 - - [22/Dec/2015:19:23:42 -0500] "GET /opensso/namingservice HTTP/1.1" 200 7 "-" "Java/1.5.0_21" 220 183
66.249.79.248 - - [22/Dec/2015:19:23:55 -0500] "GET /redmine/issues/gantt?month=9&months=6&year=2041&zoom=4 HTTP/1.1" 200 51024 "-" "Mozilla/5.0 (compatible; Googlebot/2.1; +http://www.google.com/bot.html)" 345 51713
127.0.0.1 - - [22/Dec/2015:19:24:08 -0500] "GET /opensso/namingservice HTTP/1.1" 200 7 "-" "Java/1.5.0_21" 220 183
127.0.0.1 - - [22/Dec/2015:19:24:12 -0500] "GET /opensso/namingservice HTTP/1.1" 200 7 "-" "Java/1.5.0_21" 220 183
127.0.0.1 - - [22/Dec/2015:19:24:38 -0500] "GET /opensso/namingservice HTTP/1.1" 200 7 "-" "Java/1.5.0_21" 220 183
127.0.0.1 - - [22/Dec/2015:19:24:42 -0500] "POST /opensso/sessionservice HTTP/1.1" 200 2025 "-" "Java/1.5.0_21" 714 2203
127.0.0.1 - - [22/Dec/2015:19:24:42 -0500] "GET /opensso/identity//xml/read?name=TomcatApps1&attributes_names=realm&attributes_values_realm=%2Fappspub&attributes_names=objecttype&attributes_values_objecttype=Agent&admin=AQIC5wM2LY4SfcyRautyD4RKpwbzv6XrE24fIq8LDPQGnm0%3D%40AAJTSQACMDE%3D%23 HTTP/1.1" 200 13607 "-" "Java/1.5.0_21" 440 13791
127.0.0.1 - - [22/Dec/2015:19:24:42 -0500] "GET /opensso/namingservice HTTP/1.1" 200 7 "-" "Java/1.5.0_21" 220 182
127.0.0.1 - - [22/Dec/2015:19:25:08 -0500] "GET /opensso/namingservice HTTP/1.1" 200 7 "-" "Java/1.5.0_21" 220 183
127.0.0.1 - - [22/Dec/2015:19:25:12 -0500] "GET /opensso/namingservice HTTP/1.1" 200 7 "-" "Java/1.5.0_21" 220 183
137.78.207.218 - - [22/Dec/2015:19:25:34 -0500] "HEAD /LMMPUI/LMMP_CLIENT/LMMP.html HTTP/1.1" 200 - "-" "curl/7.38.0" 110 274
127.0.0.1 - - [22/Dec/2015:19:25:38 -0500] "GET /opensso/namingservice HTTP/1.1" 200 7 "-" "Java/1.5.0_21" 220 183
127.0.0.1 - - [22/Dec/2015:19:25:42 -0500] "GET /opensso/namingservice HTTP/1.1" 200 7 "-" "Java/1.5.0_21" 220 183
127.0.0.1 - - [22/Dec/2015:19:26:08 -0500] "GET /opensso/namingservice HTTP/1.1" 200 7 "-" "Java/1.5.0_21" 220 183
127.0.0.1 - - [22/Dec/2015:19:26:12 -0500] "GET /opensso/namingservice HTTP/1.1" 200 7 "-" "Java/1.5.0_21" 220 183
127.0.0.1 - - [22/Dec/2015:19:26:38 -0500] "GET /opensso/namingservice HTTP/1.1" 200 7 "-" "Java/1.5.0_21" 220 183
66.249.79.241 - - [22/Dec/2015:19:26:38 -0500] "GET /redmine/issues/gantt?month=10&months=6&year=1096&zoom=4 HTTP/1.1" 200 51151 "-" "Mozilla/5.0 (compatible; Googlebot/2.1; +http://www.google.com/bot.html)" 346 51840
127.0.0.1 - - [22/Dec/2015:19:26:42 -0500] "GET /opensso/namingservice HTTP/1.1" 200 7 "-" "Java/1.5.0_21" 220 183
127.0.0.1 - - [22/Dec/2015:19:27:08 -0500] "GET /opensso/namingservice HTTP/1.1" 200 7 "-" "Java/1.5.0_21" 220 183
127.0.0.1 - - [22/Dec/2015:19:27:12 -0500] "GET /opensso/namingservice HTTP/1.1" 200 7 "-" "Java/1.5.0_21" 220 183
127.0.0.1 - - [22/Dec/2015:19:27:38 -0500] "POST /opensso/sessionservice HTTP/1.1" 200 2022 "-" "Java/1.5.0_21" 711 2200
127.0.0.1 - - [22/Dec/2015:19:27:38 -0500] "GET /opensso/identity//xml/read?name=TomcatApps3&attributes_names=realm&attributes_values_realm=%2Fappspub&attributes_names=objecttype&attributes_values_objecttype=Agent&admin=AQIC5wM2LY4SfcxFHMEgfz%2F0a%2F0SRg5r9KAv7HKM0NfvSsI%3D%40AAJTSQACMDE%3D%23 HTTP/1.1" 200 13732 "-" "Java/1.5.0_21" 444 13916
127.0.0.1 - - [22/Dec/2015:19:27:38 -0500] "GET /opensso/namingservice HTTP/1.1" 200 7 "-" "Java/1.5.0_21" 220 182
127.0.0.1 - - [22/Dec/2015:19:27:42 -0500] "GET /opensso/namingservice HTTP/1.1" 200 7 "-" "Java/1.5.0_21" 220 183
127.0.0.1 - - [22/Dec/2015:19:28:08 -0500] "GET /opensso/namingservice HTTP/1.1" 200 7 "-" "Java/1.5.0_21" 220 183
127.0.0.1 - - [22/Dec/2015:19:28:12 -0500] "GET /opensso/namingservice HTTP/1.1" 200 7 "-" "Java/1.5.0_21" 220 183
127.0.0.1 - - [22/Dec/2015:19:28:38 -0500] "GET /opensso/namingservice HTTP/1.1" 200 7 "-" "Java/1.5.0_21" 220 183
127.0.0.1 - - [22/Dec/2015:19:28:42 -0500] "GET /opensso/namingservice HTTP/1.1" 200 7 "-" "Java/1.5.0_21" 220 183
127.0.0.1 - - [22/Dec/2015:19:29:08 -0500] "GET /opensso/namingservice HTTP/1.1" 200 7 "-" "Java/1.5.0_21" 220 183
127.0.0.1 - - [22/Dec/2015:19:29:12 -0500] "GET /opensso/namingservice HTTP/1.1" 200 7 "-" "Java/1.5.0_21" 220 183
66.249.79.135 - - [22/Dec/2015:19:29:22 -0500] "GET /redmine/issues/gantt?month=2&months=6&year=2442&zoom=2 HTTP/1.1" 200 30882 "-" "Mozilla/5.0 (compatible; Googlebot/2.1; +http://www.google.com/bot.html)" 345 31571
127.0.0.1 - - [22/Dec/2015:19:29:38 -0500] "GET /opensso/namingservice HTTP/1.1" 200 7 "-" "Java/1.5.0_21" 220 183
127.0.0.1 - - [22/Dec/2015:19:29:42 -0500] "GET /opensso/namingservice HTTP/1.1" 200 7 "-" "Java/1.5.0_21" 220 183
127.0.0.1 - - [22/Dec/2015:19:30:08 -0500] "GET /opensso/namingservice HTTP/1.1" 200 7 "-" "Java/1.5.0_21" 220 183
127.0.0.1 - - [22/Dec/2015:19:30:12 -0500] "GET /opensso/namingservice HTTP/1.1" 200 7 "-" "Java/1.5.0_21" 220 183
