109.156.146.140 - - [29/Mar/2015:03:48:51 -0400] "GET /LMMPUI/LMMP_CLIENT/assets/image/badge_appstore-lrg.png HTTP/1.1" 200 3394 "http://pub.lmmp.nasa.gov/LMMPUI/LMMP_CLIENT/LMMP.html" "Mozilla/5.0 (Windows NT 6.1; WOW64) AppleWebKit/537.36 (KHTML, like Gecko) Chrome/41.0.2272.101 Safari/537.36" 823 3723
109.156.146.140 - - [29/Mar/2015:03:48:51 -0400] "GET /LMMPUI/LMMP_CLIENT/assets/proto/gallery.png HTTP/1.1" 200 18089 "http://pub.lmmp.nasa.gov/LMMPUI/LMMP_CLIENT/LMMP.html" "Mozilla/5.0 (Windows NT 6.1; WOW64) AppleWebKit/537.36 (KHTML, like Gecko) Chrome/41.0.2272.101 Safari/537.36" 812 18420
109.156.146.140 - - [29/Mar/2015:03:48:52 -0400] "GET /LMMPUI/LMMP_CLIENT/homepage/data.xml?v=1427615331460 HTTP/1.1" 200 3907 "http://pub.lmmp.nasa.gov/LMMPUI/LMMP_CLIENT/LMMP.html" "Mozilla/5.0 (Windows NT 6.1; WOW64) AppleWebKit/537.36 (KHTML, like Gecko) Chrome/41.0.2272.101 Safari/537.36" 821 4242
109.156.146.140 - - [29/Mar/2015:03:48:52 -0400] "GET /LMMPUI/LMMP_CLIENT/assets/proto/mariusHills.jpg HTTP/1.1" 200 61059 "http://pub.lmmp.nasa.gov/LMMPUI/LMMP_CLIENT/LMMP.html" "Mozilla/5.0 (Windows NT 6.1; WOW64) AppleWebKit/537.36 (KHTML, like Gecko) Chrome/41.0.2272.101 Safari/537.36" 816 61391
109.156.146.140 - - [29/Mar/2015:03:48:52 -0400] "GET /LMMPUI/LMMP_CLIENT/assets/proto/gruithuisen.jpg HTTP/1.1" 200 62986 "http://pub.lmmp.nasa.gov/LMMPUI/LMMP_CLIENT/LMMP.html" "Mozilla/5.0 (Windows NT 6.1; WOW64) AppleWebKit/537.36 (KHTML, like Gecko) Chrome/41.0.2272.101 Safari/537.36" 816 63318
109.156.146.140 - - [29/Mar/2015:03:48:52 -0400] "GET /LMMPUI/LMMP_CLIENT/assets/proto/inaDCaldera.jpg HTTP/1.1" 200 74885 "http://pub.lmmp.nasa.gov/LMMPUI/LMMP_CLIENT/LMMP.html" "Mozilla/5.0 (Windows NT 6.1; WOW64) AppleWebKit/537.36 (KHTML, like Gecko) Chrome/41.0.2272.101 Safari/537.36" 816 75217
127.0.0.1 - - [29/Mar/2015:03:49:12 -0400] "GET /opensso/namingservice HTTP/1.1" 200 7 "-" "Java/1.5.0_21" 220 183
127.0.0.1 - - [29/Mar/2015:03:49:13 -0400] "GET /opensso/namingservice HTTP/1.1" 200 7 "-" "Java/1.5.0_21" 220 183
127.0.0.1 - - [29/Mar/2015:03:49:42 -0400] "GET /opensso/namingservice HTTP/1.1" 200 7 "-" "Java/1.5.0_21" 220 183
127.0.0.1 - - [29/Mar/2015:03:49:43 -0400] "GET /opensso/namingservice HTTP/1.1" 200 7 "-" "Java/1.5.0_21" 220 183
127.0.0.1 - - [29/Mar/2015:03:50:12 -0400] "GET /opensso/namingservice HTTP/1.1" 200 7 "-" "Java/1.5.0_21" 220 183
127.0.0.1 - - [29/Mar/2015:03:50:13 -0400] "GET /opensso/namingservice HTTP/1.1" 200 7 "-" "Java/1.5.0_21" 220 183
127.0.0.1 - - [29/Mar/2015:03:50:42 -0400] "GET /opensso/namingservice HTTP/1.1" 200 7 "-" "Java/1.5.0_21" 220 183
127.0.0.1 - - [29/Mar/2015:03:50:43 -0400] "GET /opensso/namingservice HTTP/1.1" 200 7 "-" "Java/1.5.0_21" 220 183
137.78.207.218 - - [29/Mar/2015:03:51:09 -0400] "HEAD /LMMPUI/LMMP_CLIENT/LMMP.html HTTP/1.1" 200 - "-" "curl/7.38.0" 110 274
127.0.0.1 - - [29/Mar/2015:03:51:12 -0400] "GET /opensso/namingservice HTTP/1.1" 200 7 "-" "Java/1.5.0_21" 220 183
127.0.0.1 - - [29/Mar/2015:03:51:13 -0400] "GET /opensso/namingservice HTTP/1.1" 200 7 "-" "Java/1.5.0_21" 220 183
109.156.146.140 - - [29/Mar/2015:03:51:15 -0400] "GET /opensso/identity/isTokenValid?iPlanetDirectoryPro=AQIC5wM2LY4Sfcx80g%2BDsbz3otIjuylwg%2BGMLyW%2FSygt8AQ%3D%40AAJTSQACMDE%3D%23 HTTP/1.1" 200 13 "http://pub.lmmp.nasa.gov/LMMPUI/LMMP_CLIENT/LMMP.html" "Mozilla/5.0 (Windows NT 6.1; WOW64) AppleWebKit/537.36 (KHTML, like Gecko) Chrome/41.0.2272.101 Safari/537.36" 895 171
109.156.146.140 - - [29/Mar/2015:03:51:15 -0400] "GET /opensso/identity/isTokenValid?iPlanetDirectoryPro=AQIC5wM2LY4Sfcx80g%2BDsbz3otIjuylwg%2BGMLyW%2FSygt8AQ%3D%40AAJTSQACMDE%3D%23 HTTP/1.1" 200 13 "http://pub.lmmp.nasa.gov/LMMPUI/LMMP_CLIENT/LMMP.html" "Mozilla/5.0 (Windows NT 6.1; WOW64) AppleWebKit/537.36 (KHTML, like Gecko) Chrome/41.0.2272.101 Safari/537.36" 895 170
127.0.0.1 - - [29/Mar/2015:03:51:15 -0400] "POST /opensso/jaxrpc/SMSObjectIF HTTP/1.1" 200 505 "-" "Java/1.5.0_21" 847 767
127.0.0.1 - - [29/Mar/2015:03:51:15 -0400] "POST /opensso/jaxrpc/DirectoryManagerIF HTTP/1.1" 200 1290 "-" "Java/1.5.0_21" 1366 1551
109.156.146.140 - - [29/Mar/2015:03:51:15 -0400] "GET /opensso/identity/isTokenValid?iPlanetDirectoryPro=AQIC5wM2LY4Sfcx80g%2BDsbz3otIjuylwg%2BGMLyW%2FSygt8AQ%3D%40AAJTSQACMDE%3D%23 HTTP/1.1" 200 13 "http://pub.lmmp.nasa.gov/LMMPUI/LMMP_CLIENT/LMMP.html" "Mozilla/5.0 (Windows NT 6.1; WOW64) AppleWebKit/537.36 (KHTML, like Gecko) Chrome/41.0.2272.101 Safari/537.36" 895 171
109.156.146.140 - - [29/Mar/2015:03:51:15 -0400] "GET /LMMP/rest/dbxml/aux/find?xPath=/auxmd[%20(contains(upper-case(//title),%20upper-case(%22Delisle%22))%20or%20%20upper-case(//originator)%20=%20upper-case(%22Delisle%22)%20)]&iPlanetDirectoryPro=AQIC5wM2LY4Sfcx80g%2BDsbz3otIjuylwg%2BGMLyW%2FSygt8AQ%3D%40AAJTSQACMDE%3D%23 HTTP/1.1" 200 - "http://pub.lmmp.nasa.gov/LMMPUI/LMMP_CLIENT/LMMP.html" "Mozilla/5.0 (Windows NT 6.1; WOW64) AppleWebKit/537.36 (KHTML, like Gecko) Chrome/41.0.2272.101 Safari/537.36" 1091 154
127.0.0.1 - - [29/Mar/2015:03:51:15 -0400] "POST /opensso/jaxrpc/SMSObjectIF HTTP/1.1" 200 505 "-" "Java/1.5.0_21" 847 766
127.0.0.1 - - [29/Mar/2015:03:51:15 -0400] "POST /opensso/jaxrpc/DirectoryManagerIF HTTP/1.1" 200 707 "-" "Java/1.5.0_21" 1219 968
109.156.146.140 - - [29/Mar/2015:03:51:15 -0400] "GET /lmmp-services/solr/proxy?sort=score%20desc%2C%20s%5Ftitle%20asc&rows=100&version=2%2E2&start=0&wt=json&fl=%2A&q=%28Delisle%29&iPlanetDirectoryPro=AQIC5wM2LY4Sfcx80g%2BDsbz3otIjuylwg%2BGMLyW%2FSygt8AQ%3D%40AAJTSQACMDE%3D%23&indent=off HTTP/1.1" 200 500 "http://pub.lmmp.nasa.gov/LMMPUI/LMMP_CLIENT/LMMP.html" "Mozilla/5.0 (Windows NT 6.1; WOW64) AppleWebKit/537.36 (KHTML, like Gecko) Chrome/41.0.2272.101 Safari/537.36" 1002 843
109.156.146.140 - - [29/Mar/2015:03:51:15 -0400] "GET /opensso/identity/isTokenValid?iPlanetDirectoryPro=AQIC5wM2LY4Sfcx80g%2BDsbz3otIjuylwg%2BGMLyW%2FSygt8AQ%3D%40AAJTSQACMDE%3D%23 HTTP/1.1" 200 13 "http://pub.lmmp.nasa.gov/LMMPUI/LMMP_CLIENT/LMMP.html" "Mozilla/5.0 (Windows NT 6.1; WOW64) AppleWebKit/537.36 (KHTML, like Gecko) Chrome/41.0.2272.101 Safari/537.36" 895 170
109.156.146.140 - - [29/Mar/2015:03:51:16 -0400] "GET /opensso/identity/isTokenValid?iPlanetDirectoryPro=AQIC5wM2LY4Sfcx80g%2BDsbz3otIjuylwg%2BGMLyW%2FSygt8AQ%3D%40AAJTSQACMDE%3D%23 HTTP/1.1" 200 13 "http://pub.lmmp.nasa.gov/LMMPUI/LMMP_CLIENT/LMMP.html" "Mozilla/5.0 (Windows NT 6.1; WOW64) AppleWebKit/537.36 (KHTML, like Gecko) Chrome/41.0.2272.101 Safari/537.36" 895 170
109.156.146.140 - - [29/Mar/2015:03:51:16 -0400] "GET /opensso/identity/isTokenValid?iPlanetDirectoryPro=AQIC5wM2LY4Sfcx80g%2BDsbz3otIjuylwg%2BGMLyW%2FSygt8AQ%3D%40AAJTSQACMDE%3D%23 HTTP/1.1" 200 13 "http://pub.lmmp.nasa.gov/LMMPUI/LMMP_CLIENT/LMMP.html" "Mozilla/5.0 (Windows NT 6.1; WOW64) AppleWebKit/537.36 (KHTML, like Gecko) Chrome/41.0.2272.101 Safari/537.36" 895 170
109.156.146.140 - - [29/Mar/2015:03:51:16 -0400] "GET /solr/pds/select?sort=score%20desc%2Cproductname%20asc&rows=100&version=2%2E2&start=0&wt=json&fl=%2A%2Cscore&q=%28Delisle%29&iPlanetDirectoryPro=AQIC5wM2LY4Sfcx80g%2BDsbz3otIjuylwg%2BGMLyW%2FSygt8AQ%3D%40AAJTSQACMDE%3D%23&indent=off HTTP/1.1" 200 335 "http://pub.lmmp.nasa.gov/LMMPUI/LMMP_CLIENT/LMMP.html" "Mozilla/5.0 (Windows NT 6.1; WOW64) AppleWebKit/537.36 (KHTML, like Gecko) Chrome/41.0.2272.101 Safari/537.36" 1000 584
109.156.146.140 - - [29/Mar/2015:03:51:16 -0400] "GET /solr/pds/select?sort=score%20desc%2Cproductname%20asc&rows=100&version=2%2E2&start=0&wt=json&fl=%2A%2Cscore&q=%28Delisle%29&iPlanetDirectoryPro=AQIC5wM2LY4Sfcx80g%2BDsbz3otIjuylwg%2BGMLyW%2FSygt8AQ%3D%40AAJTSQACMDE%3D%23&indent=off HTTP/1.1" 200 335 "http://pub.lmmp.nasa.gov/LMMPUI/LMMP_CLIENT/LMMP.html" "Mozilla/5.0 (Windows NT 6.1; WOW64) AppleWebKit/537.36 (KHTML, like Gecko) Chrome/41.0.2272.101 Safari/537.36" 1053 507
127.0.0.1 - - [29/Mar/2015:03:51:16 -0400] "POST /opensso/jaxrpc/SMSObjectIF HTTP/1.1" 200 505 "-" "Java/1.5.0_21" 847 766
127.0.0.1 - - [29/Mar/2015:03:51:16 -0400] "POST /opensso/jaxrpc/DirectoryManagerIF HTTP/1.1" 200 1290 "-" "Java/1.5.0_21" 1366 1551
109.156.146.140 - - [29/Mar/2015:03:51:16 -0400] "GET /LMMP/rest/dbxml/aux/find?xPath=/auxmd[%20(contains(upper-case(//title),%20upper-case(%22Delisle%22))%20or%20%20upper-case(//originator)%20=%20upper-case(%22Delisle%22)%20)]&iPlanetDirectoryPro=AQIC5wM2LY4Sfcx80g%2BDsbz3otIjuylwg%2BGMLyW%2FSygt8AQ%3D%40AAJTSQACMDE%3D%23 HTTP/1.1" 200 - "http://pub.lmmp.nasa.gov/LMMPUI/LMMP_CLIENT/LMMP.html" "Mozilla/5.0 (Windows NT 6.1; WOW64) AppleWebKit/537.36 (KHTML, like Gecko) Chrome/41.0.2272.101 Safari/537.36" 1091 154
127.0.0.1 - - [29/Mar/2015:03:51:42 -0400] "GET /opensso/namingservice HTTP/1.1" 200 7 "-" "Java/1.5.0_21" 220 183
127.0.0.1 - - [29/Mar/2015:03:51:43 -0400] "GET /opensso/namingservice HTTP/1.1" 200 7 "-" "Java/1.5.0_21" 220 183
127.0.0.1 - - [29/Mar/2015:03:52:12 -0400] "GET /opensso/namingservice HTTP/1.1" 200 7 "-" "Java/1.5.0_21" 220 183
127.0.0.1 - - [29/Mar/2015:03:52:13 -0400] "GET /opensso/namingservice HTTP/1.1" 200 7 "-" "Java/1.5.0_21" 220 183
66.249.67.154 - - [29/Mar/2015:03:52:32 -0400] "GET /redmine/projects/lmmpwiki/activity?from=1902-08-23 HTTP/1.1" 200 4829 "-" "Mozilla/5.0 (compatible; Googlebot/2.1; +http://www.google.com/bot.html)" 714 9480
127.0.0.1 - - [29/Mar/2015:03:52:42 -0400] "GET /opensso/namingservice HTTP/1.1" 200 7 "-" "Java/1.5.0_21" 220 183
127.0.0.1 - - [29/Mar/2015:03:52:43 -0400] "GET /opensso/namingservice HTTP/1.1" 200 7 "-" "Java/1.5.0_21" 220 183
127.0.0.1 - - [29/Mar/2015:03:53:12 -0400] "GET /opensso/namingservice HTTP/1.1" 200 7 "-" "Java/1.5.0_21" 220 183
127.0.0.1 - - [29/Mar/2015:03:53:13 -0400] "GET /opensso/namingservice HTTP/1.1" 200 7 "-" "Java/1.5.0_21" 220 183
109.156.146.140 - - [29/Mar/2015:03:53:27 -0400] "GET /opensso/identity/isTokenValid?iPlanetDirectoryPro=AQIC5wM2LY4Sfcx80g%2BDsbz3otIjuylwg%2BGMLyW%2FSygt8AQ%3D%40AAJTSQACMDE%3D%23 HTTP/1.1" 200 13 "http://pub.lmmp.nasa.gov/LMMPUI/LMMP_CLIENT/LMMP.html" "Mozilla/5.0 (Windows NT 6.1; WOW64) AppleWebKit/537.36 (KHTML, like Gecko) Chrome/41.0.2272.101 Safari/537.36" 895 171
109.156.146.140 - - [29/Mar/2015:03:53:28 -0400] "GET /opensso/identity/isTokenValid?iPlanetDirectoryPro=AQIC5wM2LY4Sfcx80g%2BDsbz3otIjuylwg%2BGMLyW%2FSygt8AQ%3D%40AAJTSQACMDE%3D%23 HTTP/1.1" 200 13 "http://pub.lmmp.nasa.gov/LMMPUI/LMMP_CLIENT/LMMP.html" "Mozilla/5.0 (Windows NT 6.1; WOW64) AppleWebKit/537.36 (KHTML, like Gecko) Chrome/41.0.2272.101 Safari/537.36" 895 170
109.156.146.140 - - [29/Mar/2015:03:53:28 -0400] "GET /opensso/identity/isTokenValid?iPlanetDirectoryPro=AQIC5wM2LY4Sfcx80g%2BDsbz3otIjuylwg%2BGMLyW%2FSygt8AQ%3D%40AAJTSQACMDE%3D%23 HTTP/1.1" 200 13 "http://pub.lmmp.nasa.gov/LMMPUI/LMMP_CLIENT/LMMP.html" "Mozilla/5.0 (Windows NT 6.1; WOW64) AppleWebKit/537.36 (KHTML, like Gecko) Chrome/41.0.2272.101 Safari/537.36" 895 170
109.156.146.140 - - [29/Mar/2015:03:53:28 -0400] "GET /crossdomain.xml HTTP/1.1" 200 295 "http://pub.lmmp.nasa.gov/LMMPUI/LMMP_CLIENT/LMMP.html" "Mozilla/5.0 (Windows NT 6.1; WOW64) AppleWebKit/537.36 (KHTML, like Gecko) Chrome/41.0.2272.101 Safari/537.36" 1213 4733
127.0.0.1 - - [29/Mar/2015:03:53:28 -0400] "POST /opensso/sessionservice HTTP/1.1" 200 2014 "-" "Java/1.5.0_21" 817 2192
127.0.0.1 - - [29/Mar/2015:03:53:28 -0400] "POST /opensso/policyservice HTTP/1.1" 200 9463 "-" "Java/1.5.0_21" 1123 9648
109.156.146.140 - - [29/Mar/2015:03:53:28 -0400] "GET /LMMP/rest/dbxml/valsrvc?uuid=&iPlanetDirectoryPro=AQIC5wM2LY4Sfcx80g%2BDsbz3otIjuylwg%2BGMLyW%2FSygt8AQ%3D%40AAJTSQACMDE%3D%23 HTTP/1.1" 200 31 "http://pub.lmmp.nasa.gov/LMMPUI/LMMP_CLIENT/LMMP.html" "Mozilla/5.0 (Windows NT 6.1; WOW64) AppleWebKit/537.36 (KHTML, like Gecko) Chrome/41.0.2272.101 Safari/537.36" 1018 377
109.156.146.140 - - [29/Mar/2015:03:53:28 -0400] "GET /LMMP/rest/dbxml/valsrvc?uuid=&iPlanetDirectoryPro=AQIC5wM2LY4Sfcx80g%2BDsbz3otIjuylwg%2BGMLyW%2FSygt8AQ%3D%40AAJTSQACMDE%3D%23 HTTP/1.1" 200 31 "http://pub.lmmp.nasa.gov/LMMPUI/LMMP_CLIENT/LMMP.html" "Mozilla/5.0 (Windows NT 6.1; WOW64) AppleWebKit/537.36 (KHTML, like Gecko) Chrome/41.0.2272.101 Safari/537.36" 1018 377
109.156.146.140 - - [29/Mar/2015:03:53:29 -0400] "GET /LMMP/rest/dbxml/valsrvc?uuid=&iPlanetDirectoryPro=AQIC5wM2LY4Sfcx80g%2BDsbz3otIjuylwg%2BGMLyW%2FSygt8AQ%3D%40AAJTSQACMDE%3D%23 HTTP/1.1" 200 31 "http://pub.lmmp.nasa.gov/LMMPUI/LMMP_CLIENT/LMMP.html" "Mozilla/5.0 (Windows NT 6.1; WOW64) AppleWebKit/537.36 (KHTML, like Gecko) Chrome/41.0.2272.101 Safari/537.36" 1594 522
127.0.0.1 - - [29/Mar/2015:03:53:42 -0400] "GET /opensso/namingservice HTTP/1.1" 200 7 "-" "Java/1.5.0_21" 220 183
127.0.0.1 - - [29/Mar/2015:03:53:43 -0400] "GET /opensso/namingservice HTTP/1.1" 200 7 "-" "Java/1.5.0_21" 220 183
127.0.0.1 - - [29/Mar/2015:03:54:12 -0400] "GET /opensso/namingservice HTTP/1.1" 200 7 "-" "Java/1.5.0_21" 220 183
127.0.0.1 - - [29/Mar/2015:03:54:13 -0400] "GET /opensso/namingservice HTTP/1.1" 200 7 "-" "Java/1.5.0_21" 220 183
127.0.0.1 - - [29/Mar/2015:03:54:42 -0400] "GET /opensso/namingservice HTTP/1.1" 200 7 "-" "Java/1.5.0_21" 220 183
127.0.0.1 - - [29/Mar/2015:03:54:43 -0400] "GET /opensso/namingservice HTTP/1.1" 200 7 "-" "Java/1.5.0_21" 220 183
127.0.0.1 - - [29/Mar/2015:03:55:12 -0400] "GET /opensso/namingservice HTTP/1.1" 200 7 "-" "Java/1.5.0_21" 220 183
127.0.0.1 - - [29/Mar/2015:03:55:13 -0400] "GET /opensso/namingservice HTTP/1.1" 200 7 "-" "Java/1.5.0_21" 220 183
127.0.0.1 - - [29/Mar/2015:03:55:42 -0400] "GET /opensso/namingservice HTTP/1.1" 200 7 "-" "Java/1.5.0_21" 220 183
127.0.0.1 - - [29/Mar/2015:03:55:43 -0400] "GET /opensso/namingservice HTTP/1.1" 200 7 "-" "Java/1.5.0_21" 220 183
137.78.207.218 - - [29/Mar/2015:03:56:10 -0400] "HEAD /LMMPUI/LMMP_CLIENT/LMMP.html HTTP/1.1" 200 - "-" "curl/7.38.0" 110 274
127.0.0.1 - - [29/Mar/2015:03:56:12 -0400] "GET /opensso/namingservice HTTP/1.1" 200 7 "-" "Java/1.5.0_21" 220 183
127.0.0.1 - - [29/Mar/2015:03:56:13 -0400] "GET /opensso/namingservice HTTP/1.1" 200 7 "-" "Java/1.5.0_21" 220 183
66.249.67.112 - - [29/Mar/2015:03:56:20 -0400] "GET /redmine/projects/lmmpwiki/activity?from=2013-09-25&show_news=1 HTTP/1.1" 200 4917 "-" "Mozilla/5.0 (compatible; Googlebot/2.1; +http://www.google.com/bot.html)" 353 5479
127.0.0.1 - - [29/Mar/2015:03:56:42 -0400] "GET /opensso/namingservice HTTP/1.1" 200 7 "-" "Java/1.5.0_21" 220 183
127.0.0.1 - - [29/Mar/2015:03:56:43 -0400] "GET /opensso/namingservice HTTP/1.1" 200 7 "-" "Java/1.5.0_21" 220 183
127.0.0.1 - - [29/Mar/2015:03:57:12 -0400] "GET /opensso/namingservice HTTP/1.1" 200 7 "-" "Java/1.5.0_21" 220 183
127.0.0.1 - - [29/Mar/2015:03:57:13 -0400] "GET /opensso/namingservice HTTP/1.1" 200 7 "-" "Java/1.5.0_21" 220 183
109.156.146.140 - - [29/Mar/2015:03:57:18 -0400] "GET /opensso/identity/isTokenValid?iPlanetDirectoryPro=AQIC5wM2LY4Sfcx80g%2BDsbz3otIjuylwg%2BGMLyW%2FSygt8AQ%3D%40AAJTSQACMDE%3D%23 HTTP/1.1" 200 13 "http://pub.lmmp.nasa.gov/LMMPUI/LMMP_CLIENT/LMMP.html" "Mozilla/5.0 (Windows NT 6.1; WOW64) AppleWebKit/537.36 (KHTML, like Gecko) Chrome/41.0.2272.101 Safari/537.36" 895 171
109.156.146.140 - - [29/Mar/2015:03:57:18 -0400] "GET /opensso/identity/isTokenValid?iPlanetDirectoryPro=AQIC5wM2LY4Sfcx80g%2BDsbz3otIjuylwg%2BGMLyW%2FSygt8AQ%3D%40AAJTSQACMDE%3D%23 HTTP/1.1" 200 13 "http://pub.lmmp.nasa.gov/LMMPUI/LMMP_CLIENT/LMMP.html" "Mozilla/5.0 (Windows NT 6.1; WOW64) AppleWebKit/537.36 (KHTML, like Gecko) Chrome/41.0.2272.101 Safari/537.36" 895 170
127.0.0.1 - - [29/Mar/2015:03:57:19 -0400] "POST /opensso/sessionservice HTTP/1.1" 200 2014 "-" "Java/1.5.0_21" 817 2192
127.0.0.1 - - [29/Mar/2015:03:57:19 -0400] "POST /opensso/policyservice HTTP/1.1" 200 9461 "-" "Java/1.5.0_21" 1121 9646
127.0.0.1 - - [29/Mar/2015:03:57:19 -0400] "POST /opensso/jaxrpc/SMSObjectIF HTTP/1.1" 200 505 "-" "Java/1.5.0_21" 847 766
127.0.0.1 - - [29/Mar/2015:03:57:19 -0400] "POST /opensso/jaxrpc/DirectoryManagerIF HTTP/1.1" 200 1290 "-" "Java/1.5.0_21" 1366 1551
109.156.146.140 - - [29/Mar/2015:03:57:19 -0400] "GET /LMMP/rest/dbxml/layers?proj=IAU2000:30100&visOnly=true&sort=InstrumentType%2Ctitle&iPlanetDirectoryPro=AQIC5wM2LY4Sfcx80g%2BDsbz3otIjuylwg%2BGMLyW%2FSygt8AQ%3D%40AAJTSQACMDE%3D%23 HTTP/1.1" 200 841961 "http://pub.lmmp.nasa.gov/LMMPUI/LMMP_CLIENT/LMMP.html" "Mozilla/5.0 (Windows NT 6.1; WOW64) AppleWebKit/537.36 (KHTML, like Gecko) Chrome/41.0.2272.101 Safari/537.36" 1001 843026
109.156.146.140 - - [29/Mar/2015:03:57:26 -0400] "GET /opensso/identity/isTokenValid?iPlanetDirectoryPro=AQIC5wM2LY4Sfcx80g%2BDsbz3otIjuylwg%2BGMLyW%2FSygt8AQ%3D%40AAJTSQACMDE%3D%23 HTTP/1.1" 200 13 "http://pub.lmmp.nasa.gov/LMMPUI/LMMP_CLIENT/LMMP.html" "Mozilla/5.0 (Windows NT 6.1; WOW64) AppleWebKit/537.36 (KHTML, like Gecko) Chrome/41.0.2272.101 Safari/537.36" 895 170
127.0.0.1 - - [29/Mar/2015:03:57:26 -0400] "POST /opensso/jaxrpc/SMSObjectIF HTTP/1.1" 200 505 "-" "Java/1.5.0_21" 847 767
127.0.0.1 - - [29/Mar/2015:03:57:26 -0400] "POST /opensso/jaxrpc/DirectoryManagerIF HTTP/1.1" 200 1290 "-" "Java/1.5.0_21" 1366 1551
109.156.146.140 - - [29/Mar/2015:03:57:26 -0400] "GET /LMMP/rest/dbxml/layers/int?proj=IAU2000:30100&sort=InstrumentType%2Ctitle&iPlanetDirectoryPro=AQIC5wM2LY4Sfcx80g%2BDsbz3otIjuylwg%2BGMLyW%2FSygt8AQ%3D%40AAJTSQACMDE%3D%23 HTTP/1.1" 200 354240 "http://pub.lmmp.nasa.gov/LMMPUI/LMMP_CLIENT/LMMP.html" "Mozilla/5.0 (Windows NT 6.1; WOW64) AppleWebKit/537.36 (KHTML, like Gecko) Chrome/41.0.2272.101 Safari/537.36" 992 354832
109.156.146.140 - - [29/Mar/2015:03:57:29 -0400] "GET /opensso/identity/isTokenValid?iPlanetDirectoryPro=AQIC5wM2LY4Sfcx80g%2BDsbz3otIjuylwg%2BGMLyW%2FSygt8AQ%3D%40AAJTSQACMDE%3D%23 HTTP/1.1" 200 13 "http://pub.lmmp.nasa.gov/LMMPUI/LMMP_CLIENT/LMMP.html" "Mozilla/5.0 (Windows NT 6.1; WOW64) AppleWebKit/537.36 (KHTML, like Gecko) Chrome/41.0.2272.101 Safari/537.36" 895 170
109.156.146.140 - - [29/Mar/2015:03:57:39 -0400] "GET /opensso/identity/isTokenValid?iPlanetDirectoryPro=AQIC5wM2LY4Sfcx80g%2BDsbz3otIjuylwg%2BGMLyW%2FSygt8AQ%3D%40AAJTSQACMDE%3D%23 HTTP/1.1" 200 13 "http://pub.lmmp.nasa.gov/LMMPUI/LMMP_CLIENT/LMMP.html" "Mozilla/5.0 (Windows NT 6.1; WOW64) AppleWebKit/537.36 (KHTML, like Gecko) Chrome/41.0.2272.101 Safari/537.36" 895 171
109.156.146.140 - - [29/Mar/2015:03:57:39 -0400] "GET /opensso/identity/isTokenValid?iPlanetDirectoryPro=AQIC5wM2LY4Sfcx80g%2BDsbz3otIjuylwg%2BGMLyW%2FSygt8AQ%3D%40AAJTSQACMDE%3D%23 HTTP/1.1" 200 13 "http://pub.lmmp.nasa.gov/LMMPUI/LMMP_CLIENT/LMMP.html" "Mozilla/5.0 (Windows NT 6.1; WOW64) AppleWebKit/537.36 (KHTML, like Gecko) Chrome/41.0.2272.101 Safari/537.36" 895 170
127.0.0.1 - - [29/Mar/2015:03:57:40 -0400] "POST /opensso/jaxrpc/SMSObjectIF HTTP/1.1" 200 505 "-" "Java/1.5.0_21" 847 767
127.0.0.1 - - [29/Mar/2015:03:57:40 -0400] "POST /opensso/jaxrpc/DirectoryManagerIF HTTP/1.1" 200 1290 "-" "Java/1.5.0_21" 1366 1551
127.0.0.1 - - [29/Mar/2015:03:57:42 -0400] "GET /opensso/namingservice HTTP/1.1" 200 7 "-" "Java/1.5.0_21" 220 183
127.0.0.1 - - [29/Mar/2015:03:57:43 -0400] "GET /opensso/namingservice HTTP/1.1" 200 7 "-" "Java/1.5.0_21" 220 182
109.156.146.140 - - [29/Mar/2015:03:57:40 -0400] "GET /LMMP/rest/dbxml/layers?proj=IAU2000:30100&visOnly=true&sort=ProductType%2Ctitle&iPlanetDirectoryPro=AQIC5wM2LY4Sfcx80g%2BDsbz3otIjuylwg%2BGMLyW%2FSygt8AQ%3D%40AAJTSQACMDE%3D%23 HTTP/1.1" 200 838070 "http://pub.lmmp.nasa.gov/LMMPUI/LMMP_CLIENT/LMMP.html" "Mozilla/5.0 (Windows NT 6.1; WOW64) AppleWebKit/537.36 (KHTML, like Gecko) Chrome/41.0.2272.101 Safari/537.36" 998 839134
109.156.146.140 - - [29/Mar/2015:03:57:46 -0400] "GET /opensso/identity/isTokenValid?iPlanetDirectoryPro=AQIC5wM2LY4Sfcx80g%2BDsbz3otIjuylwg%2BGMLyW%2FSygt8AQ%3D%40AAJTSQACMDE%3D%23 HTTP/1.1" 200 13 "http://pub.lmmp.nasa.gov/LMMPUI/LMMP_CLIENT/LMMP.html" "Mozilla/5.0 (Windows NT 6.1; WOW64) AppleWebKit/537.36 (KHTML, like Gecko) Chrome/41.0.2272.101 Safari/537.36" 895 170
127.0.0.1 - - [29/Mar/2015:03:57:47 -0400] "POST /opensso/jaxrpc/SMSObjectIF HTTP/1.1" 200 505 "-" "Java/1.5.0_21" 847 767
127.0.0.1 - - [29/Mar/2015:03:57:47 -0400] "POST /opensso/jaxrpc/DirectoryManagerIF HTTP/1.1" 200 1290 "-" "Java/1.5.0_21" 1366 1551
109.156.146.140 - - [29/Mar/2015:03:57:47 -0400] "GET /LMMP/rest/dbxml/layers/int?proj=IAU2000:30100&sort=ProductType%2Ctitle&iPlanetDirectoryPro=AQIC5wM2LY4Sfcx80g%2BDsbz3otIjuylwg%2BGMLyW%2FSygt8AQ%3D%40AAJTSQACMDE%3D%23 HTTP/1.1" 200 352991 "http://pub.lmmp.nasa.gov/LMMPUI/LMMP_CLIENT/LMMP.html" "Mozilla/5.0 (Windows NT 6.1; WOW64) AppleWebKit/537.36 (KHTML, like Gecko) Chrome/41.0.2272.101 Safari/537.36" 989 353583
109.156.146.140 - - [29/Mar/2015:03:57:51 -0400] "GET /opensso/identity/isTokenValid?iPlanetDirectoryPro=AQIC5wM2LY4Sfcx80g%2BDsbz3otIjuylwg%2BGMLyW%2FSygt8AQ%3D%40AAJTSQACMDE%3D%23 HTTP/1.1" 200 13 "http://pub.lmmp.nasa.gov/LMMPUI/LMMP_CLIENT/LMMP.html" "Mozilla/5.0 (Windows NT 6.1; WOW64) AppleWebKit/537.36 (KHTML, like Gecko) Chrome/41.0.2272.101 Safari/537.36" 895 170
127.0.0.1 - - [29/Mar/2015:03:58:12 -0400] "GET /opensso/namingservice HTTP/1.1" 200 7 "-" "Java/1.5.0_21" 220 183
127.0.0.1 - - [29/Mar/2015:03:58:13 -0400] "GET /opensso/namingservice HTTP/1.1" 200 7 "-" "Java/1.5.0_21" 220 183
109.156.146.140 - - [29/Mar/2015:03:58:19 -0400] "GET /opensso/identity/isTokenValid?iPlanetDirectoryPro=AQIC5wM2LY4Sfcx80g%2BDsbz3otIjuylwg%2BGMLyW%2FSygt8AQ%3D%40AAJTSQACMDE%3D%23 HTTP/1.1" 200 13 "http://pub.lmmp.nasa.gov/LMMPUI/LMMP_CLIENT/LMMP.html" "Mozilla/5.0 (Windows NT 6.1; WOW64) AppleWebKit/537.36 (KHTML, like Gecko) Chrome/41.0.2272.101 Safari/537.36" 895 171
109.156.146.140 - - [29/Mar/2015:03:58:19 -0400] "GET /opensso/identity/isTokenValid?iPlanetDirectoryPro=AQIC5wM2LY4Sfcx80g%2BDsbz3otIjuylwg%2BGMLyW%2FSygt8AQ%3D%40AAJTSQACMDE%3D%23 HTTP/1.1" 200 13 "http://pub.lmmp.nasa.gov/LMMPUI/LMMP_CLIENT/LMMP.html" "Mozilla/5.0 (Windows NT 6.1; WOW64) AppleWebKit/537.36 (KHTML, like Gecko) Chrome/41.0.2272.101 Safari/537.36" 895 170
109.156.146.140 - - [29/Mar/2015:03:58:20 -0400] "GET /opensso/identity/isTokenValid?iPlanetDirectoryPro=AQIC5wM2LY4Sfcx80g%2BDsbz3otIjuylwg%2BGMLyW%2FSygt8AQ%3D%40AAJTSQACMDE%3D%23 HTTP/1.1" 200 13 "http://pub.lmmp.nasa.gov/LMMPUI/LMMP_CLIENT/LMMP.html" "Mozilla/5.0 (Windows NT 6.1; WOW64) AppleWebKit/537.36 (KHTML, like Gecko) Chrome/41.0.2272.101 Safari/537.36" 895 170
109.156.146.140 - - [29/Mar/2015:03:58:20 -0400] "GET /opensso/identity/isTokenValid?iPlanetDirectoryPro=AQIC5wM2LY4Sfcx80g%2BDsbz3otIjuylwg%2BGMLyW%2FSygt8AQ%3D%40AAJTSQACMDE%3D%23 HTTP/1.1" 200 13 "http://pub.lmmp.nasa.gov/LMMPUI/LMMP_CLIENT/LMMP.html" "Mozilla/5.0 (Windows NT 6.1; WOW64) AppleWebKit/537.36 (KHTML, like Gecko) Chrome/41.0.2272.101 Safari/537.36" 895 170
127.0.0.1 - - [29/Mar/2015:03:58:42 -0400] "GET /opensso/namingservice HTTP/1.1" 200 7 "-" "Java/1.5.0_21" 220 183
127.0.0.1 - - [29/Mar/2015:03:58:43 -0400] "GET /opensso/namingservice HTTP/1.1" 200 7 "-" "Java/1.5.0_21" 220 183
109.156.146.140 - - [29/Mar/2015:03:59:02 -0400] "GET /opensso/identity/isTokenValid?iPlanetDirectoryPro=AQIC5wM2LY4Sfcx80g%2BDsbz3otIjuylwg%2BGMLyW%2FSygt8AQ%3D%40AAJTSQACMDE%3D%23 HTTP/1.1" 200 13 "http://pub.lmmp.nasa.gov/LMMPUI/LMMP_CLIENT/LMMP.html" "Mozilla/5.0 (Windows NT 6.1; WOW64) AppleWebKit/537.36 (KHTML, like Gecko) Chrome/41.0.2272.101 Safari/537.36" 895 171
109.156.146.140 - - [29/Mar/2015:03:59:02 -0400] "GET /opensso/identity/isTokenValid?iPlanetDirectoryPro=AQIC5wM2LY4Sfcx80g%2BDsbz3otIjuylwg%2BGMLyW%2FSygt8AQ%3D%40AAJTSQACMDE%3D%23 HTTP/1.1" 200 13 "http://pub.lmmp.nasa.gov/LMMPUI/LMMP_CLIENT/LMMP.html" "Mozilla/5.0 (Windows NT 6.1; WOW64) AppleWebKit/537.36 (KHTML, like Gecko) Chrome/41.0.2272.101 Safari/537.36" 895 170
109.156.146.140 - - [29/Mar/2015:03:59:03 -0400] "GET /opensso/identity/isTokenValid?iPlanetDirectoryPro=AQIC5wM2LY4Sfcx80g%2BDsbz3otIjuylwg%2BGMLyW%2FSygt8AQ%3D%40AAJTSQACMDE%3D%23 HTTP/1.1" 200 13 "http://pub.lmmp.nasa.gov/LMMPUI/LMMP_CLIENT/LMMP.html" "Mozilla/5.0 (Windows NT 6.1; WOW64) AppleWebKit/537.36 (KHTML, like Gecko) Chrome/41.0.2272.101 Safari/537.36" 895 170
109.156.146.140 - - [29/Mar/2015:03:59:03 -0400] "GET /opensso/identity/isTokenValid?iPlanetDirectoryPro=AQIC5wM2LY4Sfcx80g%2BDsbz3otIjuylwg%2BGMLyW%2FSygt8AQ%3D%40AAJTSQACMDE%3D%23 HTTP/1.1" 200 13 "http://pub.lmmp.nasa.gov/LMMPUI/LMMP_CLIENT/LMMP.html" "Mozilla/5.0 (Windows NT 6.1; WOW64) AppleWebKit/537.36 (KHTML, like Gecko) Chrome/41.0.2272.101 Safari/537.36" 895 170
127.0.0.1 - - [29/Mar/2015:03:59:12 -0400] "GET /opensso/namingservice HTTP/1.1" 200 7 "-" "Java/1.5.0_21" 220 183
127.0.0.1 - - [29/Mar/2015:03:59:13 -0400] "GET /opensso/namingservice HTTP/1.1" 200 7 "-" "Java/1.5.0_21" 220 183
127.0.0.1 - - [29/Mar/2015:03:59:42 -0400] "GET /opensso/namingservice HTTP/1.1" 200 7 "-" "Java/1.5.0_21" 220 183
127.0.0.1 - - [29/Mar/2015:03:59:43 -0400] "GET /opensso/namingservice HTTP/1.1" 200 7 "-" "Java/1.5.0_21" 220 183
66.249.67.112 - - [29/Mar/2015:04:00:07 -0400] "GET /redmine/projects/lmmpwiki/activity?from=1982-10-11&show_news=1 HTTP/1.1" 200 4917 "-" "Mozilla/5.0 (compatible; Googlebot/2.1; +http://www.google.com/bot.html)" 353 5479
127.0.0.1 - - [29/Mar/2015:04:00:12 -0400] "GET /opensso/namingservice HTTP/1.1" 200 7 "-" "Java/1.5.0_21" 220 183
127.0.0.1 - - [29/Mar/2015:04:00:13 -0400] "GET /opensso/namingservice HTTP/1.1" 200 7 "-" "Java/1.5.0_21" 220 183
109.156.146.140 - - [29/Mar/2015:04:00:37 -0400] "GET /redmine/projects/lmmpwiki/wiki/My_Layers HTTP/1.1" 200 17322 "http://pub.lmmp.nasa.gov/LMMPUI/LMMP_CLIENT/LMMP.html" "Mozilla/5.0 (Windows NT 6.1; WOW64) AppleWebKit/537.36 (KHTML, like Gecko) Chrome/41.0.2272.101 Safari/537.36" 835 17804
109.156.146.140 - - [29/Mar/2015:04:00:38 -0400] "GET /redmine/themes/basecamp/stylesheets/application.css?1296725292 HTTP/1.1" 200 6116 "http://pub.lmmp.nasa.gov/redmine/projects/lmmpwiki/wiki/My_Layers" "Mozilla/5.0 (Windows NT 6.1; WOW64) AppleWebKit/537.36 (KHTML, like Gecko) Chrome/41.0.2272.101 Safari/537.36" 944 6350
109.156.146.140 - - [29/Mar/2015:04:00:38 -0400] "GET /redmine/stylesheets/jstoolbar.css?1296684278 HTTP/1.1" 200 1937 "http://pub.lmmp.nasa.gov/redmine/projects/lmmpwiki/wiki/My_Layers" "Mozilla/5.0 (Windows NT 6.1; WOW64) AppleWebKit/537.36 (KHTML, like Gecko) Chrome/41.0.2272.101 Safari/537.36" 926 2170
109.156.146.140 - - [29/Mar/2015:04:00:38 -0400] "GET /redmine/stylesheets/scm.css?1296684278 HTTP/1.1" 200 6947 "http://pub.lmmp.nasa.gov/redmine/projects/lmmpwiki/wiki/My_Layers" "Mozilla/5.0 (Windows NT 6.1; WOW64) AppleWebKit/537.36 (KHTML, like Gecko) Chrome/41.0.2272.101 Safari/537.36" 920 7181
123.125.71.32 - - [29/Mar/2015:04:00:38 -0400] "GET / HTTP/1.1" 302 237 "-" "Mozilla/5.0 (Windows NT 5.1; rv:6.0.2) Gecko/20100101 Firefox/6.0.2" 179 506
109.156.146.140 - - [29/Mar/2015:04:00:38 -0400] "GET /redmine/javascripts/application.js?1296684277 HTTP/1.1" 200 7727 "http://pub.lmmp.nasa.gov/redmine/projects/lmmpwiki/wiki/My_Layers" "Mozilla/5.0 (Windows NT 6.1; WOW64) AppleWebKit/537.36 (KHTML, like Gecko) Chrome/41.0.2272.101 Safari/537.36" 912 7967
109.156.146.140 - - [29/Mar/2015:04:00:38 -0400] "GET /redmine/stylesheets/application.css HTTP/1.1" 200 35743 "http://pub.lmmp.nasa.gov/redmine/projects/lmmpwiki/wiki/My_Layers" "Mozilla/5.0 (Windows NT 6.1; WOW64) AppleWebKit/537.36 (KHTML, like Gecko) Chrome/41.0.2272.101 Safari/537.36" 917 35977
109.156.146.140 - - [29/Mar/2015:04:00:38 -0400] "GET /redmine/javascripts/effects.js?1296684277 HTTP/1.1" 200 38675 "http://pub.lmmp.nasa.gov/redmine/projects/lmmpwiki/wiki/My_Layers" "Mozilla/5.0 (Windows NT 6.1; WOW64) AppleWebKit/537.36 (KHTML, like Gecko) Chrome/41.0.2272.101 Safari/537.36" 908 38917
109.156.146.140 - - [29/Mar/2015:04:00:38 -0400] "GET /redmine/javascripts/dragdrop.js?1296684277 HTTP/1.1" 200 31103 "http://pub.lmmp.nasa.gov/redmine/projects/lmmpwiki/wiki/My_Layers" "Mozilla/5.0 (Windows NT 6.1; WOW64) AppleWebKit/537.36 (KHTML, like Gecko) Chrome/41.0.2272.101 Safari/537.36" 909 31344
109.156.146.140 - - [29/Mar/2015:04:00:38 -0400] "GET /redmine/attachments/download/398 HTTP/1.1" 200 22202 "http://pub.lmmp.nasa.gov/redmine/projects/lmmpwiki/wiki/My_Layers" "Mozilla/5.0 (Windows NT 6.1; WOW64) AppleWebKit/537.36 (KHTML, like Gecko) Chrome/41.0.2272.101 Safari/537.36" 916 22691
109.156.146.140 - - [29/Mar/2015:04:00:38 -0400] "GET /redmine/javascripts/controls.js?1296684277 HTTP/1.1" 200 34716 "http://pub.lmmp.nasa.gov/redmine/projects/lmmpwiki/wiki/My_Layers" "Mozilla/5.0 (Windows NT 6.1; WOW64) AppleWebKit/537.36 (KHTML, like Gecko) Chrome/41.0.2272.101 Safari/537.36" 909 34957
109.156.146.140 - - [29/Mar/2015:04:00:38 -0400] "GET /redmine/javascripts/prototype.js?1296684278 HTTP/1.1" 200 129738 "http://pub.lmmp.nasa.gov/redmine/projects/lmmpwiki/wiki/My_Layers" "Mozilla/5.0 (Windows NT 6.1; WOW64) AppleWebKit/537.36 (KHTML, like Gecko) Chrome/41.0.2272.101 Safari/537.36" 910 129982
109.156.146.140 - - [29/Mar/2015:04:00:39 -0400] "GET /redmine/attachments/download/413 HTTP/1.1" 200 5109 "http://pub.lmmp.nasa.gov/redmine/projects/lmmpwiki/wiki/My_Layers" "Mozilla/5.0 (Windows NT 6.1; WOW64) AppleWebKit/537.36 (KHTML, like Gecko) Chrome/41.0.2272.101 Safari/537.36" 916 5591
109.156.146.140 - - [29/Mar/2015:04:00:39 -0400] "GET /redmine/attachments/download/412 HTTP/1.1" 200 5095 "http://pub.lmmp.nasa.gov/redmine/projects/lmmpwiki/wiki/My_Layers" "Mozilla/5.0 (Windows NT 6.1; WOW64) AppleWebKit/537.36 (KHTML, like Gecko) Chrome/41.0.2272.101 Safari/537.36" 916 5576
109.156.146.140 - - [29/Mar/2015:04:00:39 -0400] "GET /redmine/attachments/download/421 HTTP/1.1" 200 80674 "http://pub.lmmp.nasa.gov/redmine/projects/lmmpwiki/wiki/My_Layers" "Mozilla/5.0 (Windows NT 6.1; WOW64) AppleWebKit/537.36 (KHTML, like Gecko) Chrome/41.0.2272.101 Safari/537.36" 916 81164
109.156.146.140 - - [29/Mar/2015:04:00:39 -0400] "GET /redmine/attachments/download/415 HTTP/1.1" 200 5164 "http://pub.lmmp.nasa.gov/redmine/projects/lmmpwiki/wiki/My_Layers" "Mozilla/5.0 (Windows NT 6.1; WOW64) AppleWebKit/537.36 (KHTML, like Gecko) Chrome/41.0.2272.101 Safari/537.36" 916 5644
109.156.146.140 - - [29/Mar/2015:04:00:39 -0400] "GET /redmine/attachments/download/416 HTTP/1.1" 200 4664 "http://pub.lmmp.nasa.gov/redmine/projects/lmmpwiki/wiki/My_Layers" "Mozilla/5.0 (Windows NT 6.1; WOW64) AppleWebKit/537.36 (KHTML, like Gecko) Chrome/41.0.2272.101 Safari/537.36" 916 5151
109.156.146.140 - - [29/Mar/2015:04:00:39 -0400] "GET /redmine/attachments/download/417 HTTP/1.1" 200 4965 "http://pub.lmmp.nasa.gov/redmine/projects/lmmpwiki/wiki/My_Layers" "Mozilla/5.0 (Windows NT 6.1; WOW64) AppleWebKit/537.36 (KHTML, like Gecko) Chrome/41.0.2272.101 Safari/537.36" 916 5452
109.156.146.140 - - [29/Mar/2015:04:00:39 -0400] "GET /redmine/themes/basecamp/stylesheets/background.jpg HTTP/1.1" 200 69719 "http://pub.lmmp.nasa.gov/redmine/themes/basecamp/stylesheets/application.css?1296725292" "Mozilla/5.0 (Windows NT 6.1; WOW64) AppleWebKit/537.36 (KHTML, like Gecko) Chrome/41.0.2272.101 Safari/537.36" 956 69956
109.156.146.140 - - [29/Mar/2015:04:00:39 -0400] "GET /redmine/attachments/download/418 HTTP/1.1" 200 4912 "http://pub.lmmp.nasa.gov/redmine/projects/lmmpwiki/wiki/My_Layers" "Mozilla/5.0 (Windows NT 6.1; WOW64) AppleWebKit/537.36 (KHTML, like Gecko) Chrome/41.0.2272.101 Safari/537.36" 916 5397
109.156.146.140 - - [29/Mar/2015:04:00:39 -0400] "GET /redmine/images/attachment.png HTTP/1.1" 200 939 "http://pub.lmmp.nasa.gov/redmine/stylesheets/application.css" "Mozilla/5.0 (Windows NT 6.1; WOW64) AppleWebKit/537.36 (KHTML, like Gecko) Chrome/41.0.2272.101 Safari/537.36" 908 1171
109.156.146.140 - - [29/Mar/2015:04:00:39 -0400] "GET /redmine/attachments/download/410 HTTP/1.1" 200 285562 "http://pub.lmmp.nasa.gov/redmine/projects/lmmpwiki/wiki/My_Layers" "Mozilla/5.0 (Windows NT 6.1; WOW64) AppleWebKit/537.36 (KHTML, like Gecko) Chrome/41.0.2272.101 Safari/537.36" 916 286054
109.156.146.140 - - [29/Mar/2015:04:00:39 -0400] "GET /redmine/attachments/download/409 HTTP/1.1" 200 294488 "http://pub.lmmp.nasa.gov/redmine/projects/lmmpwiki/wiki/My_Layers" "Mozilla/5.0 (Windows NT 6.1; WOW64) AppleWebKit/537.36 (KHTML, like Gecko) Chrome/41.0.2272.101 Safari/537.36" 916 294978
109.156.146.140 - - [29/Mar/2015:04:00:41 -0400] "GET /redmine/favicon.ico?1296684277 HTTP/1.1" 200 7886 "-" "Mozilla/5.0 (Windows NT 6.1; WOW64) AppleWebKit/537.36 (KHTML, like Gecko) Chrome/41.0.2272.101 Safari/537.36" 821 8123
127.0.0.1 - - [29/Mar/2015:04:00:42 -0400] "GET /opensso/namingservice HTTP/1.1" 200 7 "-" "Java/1.5.0_21" 220 183
127.0.0.1 - - [29/Mar/2015:04:00:43 -0400] "GET /opensso/namingservice HTTP/1.1" 200 7 "-" "Java/1.5.0_21" 220 183
137.78.207.218 - - [29/Mar/2015:04:01:10 -0400] "HEAD /LMMPUI/LMMP_CLIENT/LMMP.html HTTP/1.1" 200 - "-" "curl/7.38.0" 110 274
127.0.0.1 - - [29/Mar/2015:04:01:12 -0400] "GET /opensso/namingservice HTTP/1.1" 200 7 "-" "Java/1.5.0_21" 220 183
127.0.0.1 - - [29/Mar/2015:04:01:13 -0400] "GET /opensso/namingservice HTTP/1.1" 200 7 "-" "Java/1.5.0_21" 220 183
123.125.71.33 - - [29/Mar/2015:04:01:21 -0400] "GET /LMMPUI/LMMP_CLIENT/LMMP.html HTTP/1.1" 200 8973 "-" "Mozilla/5.0 (Windows NT 5.1; rv:6.0.2) Gecko/20100101 Firefox/6.0.2" 207 9266
127.0.0.1 - - [29/Mar/2015:04:01:42 -0400] "GET /opensso/namingservice HTTP/1.1" 200 7 "-" "Java/1.5.0_21" 220 183
127.0.0.1 - - [29/Mar/2015:04:01:43 -0400] "GET /opensso/namingservice HTTP/1.1" 200 7 "-" "Java/1.5.0_21" 220 183
127.0.0.1 - - [29/Mar/2015:04:02:12 -0400] "GET /opensso/namingservice HTTP/1.1" 200 7 "-" "Java/1.5.0_21" 220 183
127.0.0.1 - - [29/Mar/2015:04:02:13 -0400] "GET /opensso/namingservice HTTP/1.1" 200 7 "-" "Java/1.5.0_21" 220 183
127.0.0.1 - - [29/Mar/2015:04:02:42 -0400] "GET /opensso/namingservice HTTP/1.1" 200 7 "-" "Java/1.5.0_21" 220 183
127.0.0.1 - - [29/Mar/2015:04:02:43 -0400] "GET /opensso/namingservice HTTP/1.1" 200 7 "-" "Java/1.5.0_21" 220 183
127.0.0.1 - - [29/Mar/2015:04:03:12 -0400] "GET /opensso/namingservice HTTP/1.1" 200 7 "-" "Java/1.5.0_21" 220 183
127.0.0.1 - - [29/Mar/2015:04:03:13 -0400] "GET /opensso/namingservice HTTP/1.1" 200 7 "-" "Java/1.5.0_21" 220 183
127.0.0.1 - - [29/Mar/2015:04:03:42 -0400] "GET /opensso/namingservice HTTP/1.1" 200 7 "-" "Java/1.5.0_21" 220 183
127.0.0.1 - - [29/Mar/2015:04:03:43 -0400] "GET /opensso/namingservice HTTP/1.1" 200 7 "-" "Java/1.5.0_21" 220 183
66.249.67.112 - - [29/Mar/2015:04:03:54 -0400] "GET /redmine/projects/lmmpwiki/activity?from=1935-07-19 HTTP/1.1" 200 4829 "-" "Mozilla/5.0 (compatible; Googlebot/2.1; +http://www.google.com/bot.html)" 341 5391
127.0.0.1 - - [29/Mar/2015:04:04:12 -0400] "GET /opensso/namingservice HTTP/1.1" 200 7 "-" "Java/1.5.0_21" 220 183
127.0.0.1 - - [29/Mar/2015:04:04:13 -0400] "GET /opensso/namingservice HTTP/1.1" 200 7 "-" "Java/1.5.0_21" 220 183
127.0.0.1 - - [29/Mar/2015:04:04:42 -0400] "GET /opensso/namingservice HTTP/1.1" 200 7 "-" "Java/1.5.0_21" 220 183
127.0.0.1 - - [29/Mar/2015:04:04:43 -0400] "GET /opensso/namingservice HTTP/1.1" 200 7 "-" "Java/1.5.0_21" 220 183
109.156.146.140 - - [29/Mar/2015:04:05:11 -0400] "GET /opensso/identity/isTokenValid?iPlanetDirectoryPro=AQIC5wM2LY4Sfcx80g%2BDsbz3otIjuylwg%2BGMLyW%2FSygt8AQ%3D%40AAJTSQACMDE%3D%23 HTTP/1.1" 200 13 "http://pub.lmmp.nasa.gov/LMMPUI/LMMP_CLIENT/LMMP.html" "Mozilla/5.0 (Windows NT 6.1; WOW64) AppleWebKit/537.36 (KHTML, like Gecko) Chrome/41.0.2272.101 Safari/537.36" 1026 171
127.0.0.1 - - [29/Mar/2015:04:05:11 -0400] "POST /opensso/sessionservice HTTP/1.1" 200 2014 "-" "Java/1.5.0_21" 817 2192
127.0.0.1 - - [29/Mar/2015:04:05:11 -0400] "POST /opensso/policyservice HTTP/1.1" 200 9463 "-" "Java/1.5.0_21" 1123 9648
127.0.0.1 - - [29/Mar/2015:04:05:12 -0400] "POST /opensso/jaxrpc/SMSObjectIF HTTP/1.1" 200 505 "-" "Java/1.5.0_21" 847 766
127.0.0.1 - - [29/Mar/2015:04:05:12 -0400] "GET /opensso/namingservice HTTP/1.1" 200 7 "-" "Java/1.5.0_21" 220 183
127.0.0.1 - - [29/Mar/2015:04:05:12 -0400] "POST /opensso/jaxrpc/DirectoryManagerIF HTTP/1.1" 200 1290 "-" "Java/1.5.0_21" 1366 1551
127.0.0.1 - - [29/Mar/2015:04:05:12 -0400] "POST /opensso/jaxrpc/SMSObjectIF HTTP/1.1" 200 505 "-" "Java/1.5.0_21" 847 766
127.0.0.1 - - [29/Mar/2015:04:05:12 -0400] "POST /opensso/jaxrpc/DirectoryManagerIF HTTP/1.1" 200 1290 "-" "Java/1.5.0_21" 1366 1551
109.156.146.140 - - [29/Mar/2015:04:05:11 -0400] "GET /LMMP/rest/dbxml/fgdc/legend/stream?label=LRO_LOLA_ClrShade_Global_128ppd_v04 HTTP/1.1" 200 4060 "http://pub.lmmp.nasa.gov/LMMPUI/LMMP_CLIENT/LMMP.html" "Mozilla/5.0 (Windows NT 6.1; WOW64) AppleWebKit/537.36 (KHTML, like Gecko) Chrome/41.0.2272.101 Safari/537.36" 1674 4507
109.156.146.140 - - [29/Mar/2015:04:05:12 -0400] "GET /LMMP/rest/dbxml/valsrvc?uuid=35b0027e%2D60eb%2D4e72%2Dbf58%2Dc1ceafe99850&iPlanetDirectoryPro=AQIC5wM2LY4Sfcx80g%2BDsbz3otIjuylwg%2BGMLyW%2FSygt8AQ%3D%40AAJTSQACMDE%3D%23 HTTP/1.1" 200 1341 "http://pub.lmmp.nasa.gov/LMMPUI/LMMP_CLIENT/LMMP.html" "Mozilla/5.0 (Windows NT 6.1; WOW64) AppleWebKit/537.36 (KHTML, like Gecko) Chrome/41.0.2272.101 Safari/537.36" 1770 1834
127.0.0.1 - - [29/Mar/2015:04:05:13 -0400] "GET /opensso/namingservice HTTP/1.1" 200 7 "-" "Java/1.5.0_21" 220 182
127.0.0.1 - - [29/Mar/2015:04:05:42 -0400] "GET /opensso/namingservice HTTP/1.1" 200 7 "-" "Java/1.5.0_21" 220 183
127.0.0.1 - - [29/Mar/2015:04:05:43 -0400] "GET /opensso/namingservice HTTP/1.1" 200 7 "-" "Java/1.5.0_21" 220 183
137.78.207.218 - - [29/Mar/2015:04:06:10 -0400] "HEAD /LMMPUI/LMMP_CLIENT/LMMP.html HTTP/1.1" 200 - "-" "curl/7.38.0" 110 274
127.0.0.1 - - [29/Mar/2015:04:06:12 -0400] "GET /opensso/namingservice HTTP/1.1" 200 7 "-" "Java/1.5.0_21" 220 183
127.0.0.1 - - [29/Mar/2015:04:06:13 -0400] "GET /opensso/namingservice HTTP/1.1" 200 7 "-" "Java/1.5.0_21" 220 183
127.0.0.1 - - [29/Mar/2015:04:06:42 -0400] "GET /opensso/namingservice HTTP/1.1" 200 7 "-" "Java/1.5.0_21" 220 183
127.0.0.1 - - [29/Mar/2015:04:06:43 -0400] "GET /opensso/namingservice HTTP/1.1" 200 7 "-" "Java/1.5.0_21" 220 183
127.0.0.1 - - [29/Mar/2015:04:07:12 -0400] "GET /opensso/namingservice HTTP/1.1" 200 7 "-" "Java/1.5.0_21" 220 183
127.0.0.1 - - [29/Mar/2015:04:07:13 -0400] "GET /opensso/namingservice HTTP/1.1" 200 7 "-" "Java/1.5.0_21" 220 183
220.181.108.162 - - [29/Mar/2015:04:07:19 -0400] "GET / HTTP/1.1" 302 237 "-" "Mozilla/5.0 (Windows NT 5.1; rv:6.0.2) Gecko/20100101 Firefox/6.0.2" 179 506
127.0.0.1 - - [29/Mar/2015:04:07:42 -0400] "GET /opensso/namingservice HTTP/1.1" 200 7 "-" "Java/1.5.0_21" 220 183
66.249.67.120 - - [29/Mar/2015:04:07:42 -0400] "GET /redmine/projects/lmmpwiki/activity?from=1861-08-22 HTTP/1.1" 200 4829 "-" "Mozilla/5.0 (compatible; Googlebot/2.1; +http://www.google.com/bot.html)" 341 5391
127.0.0.1 - - [29/Mar/2015:04:07:43 -0400] "GET /opensso/namingservice HTTP/1.1" 200 7 "-" "Java/1.5.0_21" 220 183
127.0.0.1 - - [29/Mar/2015:04:08:12 -0400] "GET /opensso/namingservice HTTP/1.1" 200 7 "-" "Java/1.5.0_21" 220 183
127.0.0.1 - - [29/Mar/2015:04:08:13 -0400] "GET /opensso/namingservice HTTP/1.1" 200 7 "-" "Java/1.5.0_21" 220 183
220.181.108.139 - - [29/Mar/2015:04:08:13 -0400] "GET /LMMPUI/LMMP_CLIENT/LMMP.html HTTP/1.1" 200 8973 "-" "Mozilla/5.0 (Windows NT 5.1; rv:6.0.2) Gecko/20100101 Firefox/6.0.2" 207 9266
127.0.0.1 - - [29/Mar/2015:04:08:42 -0400] "GET /opensso/namingservice HTTP/1.1" 200 7 "-" "Java/1.5.0_21" 220 183
127.0.0.1 - - [29/Mar/2015:04:08:43 -0400] "GET /opensso/namingservice HTTP/1.1" 200 7 "-" "Java/1.5.0_21" 220 183
127.0.0.1 - - [29/Mar/2015:04:09:12 -0400] "GET /opensso/namingservice HTTP/1.1" 200 7 "-" "Java/1.5.0_21" 220 183
127.0.0.1 - - [29/Mar/2015:04:09:13 -0400] "GET /opensso/namingservice HTTP/1.1" 200 7 "-" "Java/1.5.0_21" 220 183
127.0.0.1 - - [29/Mar/2015:04:09:42 -0400] "GET /opensso/namingservice HTTP/1.1" 200 7 "-" "Java/1.5.0_21" 220 183
127.0.0.1 - - [29/Mar/2015:04:09:43 -0400] "GET /opensso/namingservice HTTP/1.1" 200 7 "-" "Java/1.5.0_21" 220 183
127.0.0.1 - - [29/Mar/2015:04:10:12 -0400] "GET /opensso/namingservice HTTP/1.1" 200 7 "-" "Java/1.5.0_21" 220 183
127.0.0.1 - - [29/Mar/2015:04:10:13 -0400] "GET /opensso/namingservice HTTP/1.1" 200 7 "-" "Java/1.5.0_21" 220 183
127.0.0.1 - - [29/Mar/2015:04:10:42 -0400] "GET /opensso/namingservice HTTP/1.1" 200 7 "-" "Java/1.5.0_21" 220 183
127.0.0.1 - - [29/Mar/2015:04:10:43 -0400] "GET /opensso/namingservice HTTP/1.1" 200 7 "-" "Java/1.5.0_21" 220 183
137.78.207.218 - - [29/Mar/2015:04:11:10 -0400] "HEAD /LMMPUI/LMMP_CLIENT/LMMP.html HTTP/1.1" 200 - "-" "curl/7.38.0" 110 274
127.0.0.1 - - [29/Mar/2015:04:11:12 -0400] "GET /opensso/namingservice HTTP/1.1" 200 7 "-" "Java/1.5.0_21" 220 183
127.0.0.1 - - [29/Mar/2015:04:11:13 -0400] "GET /opensso/namingservice HTTP/1.1" 200 7 "-" "Java/1.5.0_21" 220 183
66.249.67.120 - - [29/Mar/2015:04:11:29 -0400] "GET /redmine/projects/lmmpwiki/activity?from=1891-08-22 HTTP/1.1" 200 4829 "-" "Mozilla/5.0 (compatible; Googlebot/2.1; +http://www.google.com/bot.html)" 341 5391
127.0.0.1 - - [29/Mar/2015:04:11:42 -0400] "GET /opensso/namingservice HTTP/1.1" 200 7 "-" "Java/1.5.0_21" 220 183
127.0.0.1 - - [29/Mar/2015:04:11:43 -0400] "GET /opensso/namingservice HTTP/1.1" 200 7 "-" "Java/1.5.0_21" 220 183
127.0.0.1 - - [29/Mar/2015:04:12:12 -0400] "GET /opensso/namingservice HTTP/1.1" 200 7 "-" "Java/1.5.0_21" 220 183
127.0.0.1 - - [29/Mar/2015:04:12:13 -0400] "GET /opensso/namingservice HTTP/1.1" 200 7 "-" "Java/1.5.0_21" 220 183
127.0.0.1 - - [29/Mar/2015:04:12:42 -0400] "GET /opensso/namingservice HTTP/1.1" 200 7 "-" "Java/1.5.0_21" 220 183
127.0.0.1 - - [29/Mar/2015:04:12:43 -0400] "GET /opensso/namingservice HTTP/1.1" 200 7 "-" "Java/1.5.0_21" 220 183
127.0.0.1 - - [29/Mar/2015:04:13:12 -0400] "GET /opensso/namingservice HTTP/1.1" 200 7 "-" "Java/1.5.0_21" 220 183
127.0.0.1 - - [29/Mar/2015:04:13:13 -0400] "GET /opensso/namingservice HTTP/1.1" 200 7 "-" "Java/1.5.0_21" 220 183
127.0.0.1 - - [29/Mar/2015:04:13:42 -0400] "GET /opensso/namingservice HTTP/1.1" 200 7 "-" "Java/1.5.0_21" 220 183
127.0.0.1 - - [29/Mar/2015:04:13:43 -0400] "GET /opensso/namingservice HTTP/1.1" 200 7 "-" "Java/1.5.0_21" 220 183
127.0.0.1 - - [29/Mar/2015:04:14:12 -0400] "GET /opensso/namingservice HTTP/1.1" 200 7 "-" "Java/1.5.0_21" 220 183
127.0.0.1 - - [29/Mar/2015:04:14:13 -0400] "GET /opensso/namingservice HTTP/1.1" 200 7 "-" "Java/1.5.0_21" 220 183
127.0.0.1 - - [29/Mar/2015:04:14:42 -0400] "GET /opensso/namingservice HTTP/1.1" 200 7 "-" "Java/1.5.0_21" 220 183
127.0.0.1 - - [29/Mar/2015:04:14:43 -0400] "GET /opensso/namingservice HTTP/1.1" 200 7 "-" "Java/1.5.0_21" 220 183
127.0.0.1 - - [29/Mar/2015:04:15:12 -0400] "GET /opensso/namingservice HTTP/1.1" 200 7 "-" "Java/1.5.0_21" 220 183
127.0.0.1 - - [29/Mar/2015:04:15:13 -0400] "GET /opensso/namingservice HTTP/1.1" 200 7 "-" "Java/1.5.0_21" 220 183
66.249.67.154 - - [29/Mar/2015:04:15:16 -0400] "GET /redmine/projects/lmmpwiki/activity?from=1901-03-02 HTTP/1.1" 200 4829 "-" "Mozilla/5.0 (compatible; Googlebot/2.1; +http://www.google.com/bot.html)" 714 9480
127.0.0.1 - - [29/Mar/2015:04:15:42 -0400] "GET /opensso/namingservice HTTP/1.1" 200 7 "-" "Java/1.5.0_21" 220 183
127.0.0.1 - - [29/Mar/2015:04:15:43 -0400] "GET /opensso/namingservice HTTP/1.1" 200 7 "-" "Java/1.5.0_21" 220 183
137.78.207.218 - - [29/Mar/2015:04:16:09 -0400] "HEAD /LMMPUI/LMMP_CLIENT/LMMP.html HTTP/1.1" 200 - "-" "curl/7.38.0" 110 274
127.0.0.1 - - [29/Mar/2015:04:16:12 -0400] "GET /opensso/namingservice HTTP/1.1" 200 7 "-" "Java/1.5.0_21" 220 183
127.0.0.1 - - [29/Mar/2015:04:16:13 -0400] "POST /opensso/sessionservice HTTP/1.1" 200 2023 "-" "Java/1.5.0_21" 712 2201
127.0.0.1 - - [29/Mar/2015:04:16:13 -0400] "GET /opensso/identity//xml/read?name=TomcatApps3&attributes_names=realm&attributes_values_realm=%2Fappspub&attributes_names=objecttype&attributes_values_objecttype=Agent&admin=AQIC5wM2LY4Sfcwfuin4GF3PcpsYz2%2Bb0KEYXSwMUvZPjqA%3D%40AAJTSQACMDE%3D%23 HTTP/1.1" 200 13732 "-" "Java/1.5.0_21" 442 13916
127.0.0.1 - - [29/Mar/2015:04:16:13 -0400] "GET /opensso/namingservice HTTP/1.1" 200 7 "-" "Java/1.5.0_21" 220 182
127.0.0.1 - - [29/Mar/2015:04:16:42 -0400] "GET /opensso/namingservice HTTP/1.1" 200 7 "-" "Java/1.5.0_21" 220 183
127.0.0.1 - - [29/Mar/2015:04:16:43 -0400] "GET /opensso/namingservice HTTP/1.1" 200 7 "-" "Java/1.5.0_21" 220 183
127.0.0.1 - - [29/Mar/2015:04:17:12 -0400] "GET /opensso/namingservice HTTP/1.1" 200 7 "-" "Java/1.5.0_21" 220 183
127.0.0.1 - - [29/Mar/2015:04:17:13 -0400] "GET /opensso/namingservice HTTP/1.1" 200 7 "-" "Java/1.5.0_21" 220 183
127.0.0.1 - - [29/Mar/2015:04:17:42 -0400] "GET /opensso/namingservice HTTP/1.1" 200 7 "-" "Java/1.5.0_21" 220 183
127.0.0.1 - - [29/Mar/2015:04:17:43 -0400] "GET /opensso/namingservice HTTP/1.1" 200 7 "-" "Java/1.5.0_21" 220 183
127.0.0.1 - - [29/Mar/2015:04:18:12 -0400] "GET /opensso/namingservice HTTP/1.1" 200 7 "-" "Java/1.5.0_21" 220 183
127.0.0.1 - - [29/Mar/2015:04:18:13 -0400] "GET /opensso/namingservice HTTP/1.1" 200 7 "-" "Java/1.5.0_21" 220 183
127.0.0.1 - - [29/Mar/2015:04:18:42 -0400] "GET /opensso/namingservice HTTP/1.1" 200 7 "-" "Java/1.5.0_21" 220 183
127.0.0.1 - - [29/Mar/2015:04:18:43 -0400] "GET /opensso/namingservice HTTP/1.1" 200 7 "-" "Java/1.5.0_21" 220 183
66.249.67.2 - - [29/Mar/2015:04:19:04 -0400] "GET /redmine/projects/lmmpwiki/activity?from=2013-03-30 HTTP/1.1" 200 4829 "-" "Mozilla/5.0 (compatible; Googlebot/2.1; +http://www.google.com/bot.html)" 714 9480
127.0.0.1 - - [29/Mar/2015:04:19:12 -0400] "GET /opensso/namingservice HTTP/1.1" 200 7 "-" "Java/1.5.0_21" 220 183
127.0.0.1 - - [29/Mar/2015:04:19:13 -0400] "GET /opensso/namingservice HTTP/1.1" 200 7 "-" "Java/1.5.0_21" 220 183
127.0.0.1 - - [29/Mar/2015:04:19:42 -0400] "GET /opensso/namingservice HTTP/1.1" 200 7 "-" "Java/1.5.0_21" 220 183
127.0.0.1 - - [29/Mar/2015:04:19:43 -0400] "GET /opensso/namingservice HTTP/1.1" 200 7 "-" "Java/1.5.0_21" 220 183
173.13.143.78 - - [29/Mar/2015:04:20:06 -0400] "GET /robots.txt HTTP/1.1" 404 208 "-" "Mozilla/5.0 (compatible; YioopBot; +http://173.13.143.74/bot.php)" 200 397
127.0.0.1 - - [29/Mar/2015:04:20:12 -0400] "GET /opensso/namingservice HTTP/1.1" 200 7 "-" "Java/1.5.0_21" 220 183
127.0.0.1 - - [29/Mar/2015:04:20:13 -0400] "GET /opensso/namingservice HTTP/1.1" 200 7 "-" "Java/1.5.0_21" 220 183
127.0.0.1 - - [29/Mar/2015:04:20:42 -0400] "GET /opensso/namingservice HTTP/1.1" 200 7 "-" "Java/1.5.0_21" 220 183
127.0.0.1 - - [29/Mar/2015:04:20:43 -0400] "GET /opensso/namingservice HTTP/1.1" 200 7 "-" "Java/1.5.0_21" 220 183
137.78.207.218 - - [29/Mar/2015:04:21:10 -0400] "HEAD /LMMPUI/LMMP_CLIENT/LMMP.html HTTP/1.1" 200 - "-" "curl/7.38.0" 110 274
127.0.0.1 - - [29/Mar/2015:04:21:12 -0400] "GET /opensso/namingservice HTTP/1.1" 200 7 "-" "Java/1.5.0_21" 220 183
127.0.0.1 - - [29/Mar/2015:04:21:13 -0400] "GET /opensso/namingservice HTTP/1.1" 200 7 "-" "Java/1.5.0_21" 220 183
127.0.0.1 - - [29/Mar/2015:04:21:42 -0400] "GET /opensso/namingservice HTTP/1.1" 200 7 "-" "Java/1.5.0_21" 220 183
127.0.0.1 - - [29/Mar/2015:04:21:43 -0400] "GET /opensso/namingservice HTTP/1.1" 200 7 "-" "Java/1.5.0_21" 220 183
127.0.0.1 - - [29/Mar/2015:04:22:12 -0400] "GET /opensso/namingservice HTTP/1.1" 200 7 "-" "Java/1.5.0_21" 220 183
127.0.0.1 - - [29/Mar/2015:04:22:13 -0400] "GET /opensso/namingservice HTTP/1.1" 200 7 "-" "Java/1.5.0_21" 220 183
127.0.0.1 - - [29/Mar/2015:04:22:42 -0400] "GET /opensso/namingservice HTTP/1.1" 200 7 "-" "Java/1.5.0_21" 220 183
127.0.0.1 - - [29/Mar/2015:04:22:43 -0400] "GET /opensso/namingservice HTTP/1.1" 200 7 "-" "Java/1.5.0_21" 220 183
66.249.67.112 - - [29/Mar/2015:04:22:51 -0400] "GET /redmine/projects/lmmpwiki/activity?from=1919-09-28&show_news=1 HTTP/1.1" 200 4917 "-" "Mozilla/5.0 (compatible; Googlebot/2.1; +http://www.google.com/bot.html)" 353 5479
127.0.0.1 - - [29/Mar/2015:04:23:12 -0400] "GET /opensso/namingservice HTTP/1.1" 200 7 "-" "Java/1.5.0_21" 220 183
127.0.0.1 - - [29/Mar/2015:04:23:13 -0400] "GET /opensso/namingservice HTTP/1.1" 200 7 "-" "Java/1.5.0_21" 220 183
127.0.0.1 - - [29/Mar/2015:04:23:42 -0400] "GET /opensso/namingservice HTTP/1.1" 200 7 "-" "Java/1.5.0_21" 220 183
127.0.0.1 - - [29/Mar/2015:04:23:43 -0400] "GET /opensso/namingservice HTTP/1.1" 200 7 "-" "Java/1.5.0_21" 220 183
127.0.0.1 - - [29/Mar/2015:04:24:12 -0400] "GET /opensso/namingservice HTTP/1.1" 200 7 "-" "Java/1.5.0_21" 220 183
127.0.0.1 - - [29/Mar/2015:04:24:13 -0400] "GET /opensso/namingservice HTTP/1.1" 200 7 "-" "Java/1.5.0_21" 220 183
127.0.0.1 - - [29/Mar/2015:04:24:42 -0400] "POST /opensso/sessionservice HTTP/1.1" 200 2023 "-" "Java/1.5.0_21" 712 2201
127.0.0.1 - - [29/Mar/2015:04:24:42 -0400] "GET /opensso/identity//xml/read?name=TomcatApps1&attributes_names=realm&attributes_values_realm=%2Fappspub&attributes_names=objecttype&attributes_values_objecttype=Agent&admin=AQIC5wM2LY4SfcyRautyD4RKpwbzv6XrE24fIq8LDPQGnm0%3D%40AAJTSQACMDE%3D%23 HTTP/1.1" 200 13607 "-" "Java/1.5.0_21" 440 13791
127.0.0.1 - - [29/Mar/2015:04:24:42 -0400] "GET /opensso/namingservice HTTP/1.1" 200 7 "-" "Java/1.5.0_21" 220 182
127.0.0.1 - - [29/Mar/2015:04:24:43 -0400] "GET /opensso/namingservice HTTP/1.1" 200 7 "-" "Java/1.5.0_21" 220 183
127.0.0.1 - - [29/Mar/2015:04:25:12 -0400] "GET /opensso/namingservice HTTP/1.1" 200 7 "-" "Java/1.5.0_21" 220 183
127.0.0.1 - - [29/Mar/2015:04:25:13 -0400] "GET /opensso/namingservice HTTP/1.1" 200 7 "-" "Java/1.5.0_21" 220 183
127.0.0.1 - - [29/Mar/2015:04:25:42 -0400] "GET /opensso/namingservice HTTP/1.1" 200 7 "-" "Java/1.5.0_21" 220 183
127.0.0.1 - - [29/Mar/2015:04:25:43 -0400] "GET /opensso/namingservice HTTP/1.1" 200 7 "-" "Java/1.5.0_21" 220 183
137.78.207.218 - - [29/Mar/2015:04:26:10 -0400] "HEAD /LMMPUI/LMMP_CLIENT/LMMP.html HTTP/1.1" 200 - "-" "curl/7.38.0" 110 274
127.0.0.1 - - [29/Mar/2015:04:26:12 -0400] "GET /opensso/namingservice HTTP/1.1" 200 7 "-" "Java/1.5.0_21" 220 183
127.0.0.1 - - [29/Mar/2015:04:26:13 -0400] "GET /opensso/namingservice HTTP/1.1" 200 7 "-" "Java/1.5.0_21" 220 183
