188.55.93.39 - - [21/Sep/2015:23:25:38 -0400] "GET /arcgis/rest/services/CombinedNomenclature/MapServer/export?f=image&bbox=-253.0167358703206%2C-166.17547419270804%2C207.78326569522233%2C84.38452665855593&bboxSR=104903&size=1280%2C696&format=png&transparent=true&dpi=150&imageSR=104903&layers=hide%3A-1 HTTP/1.1" 200 561 "-" "ArcGIS.Android-10.2.3/4.0.4/SAMSUNG-GT-P7500" 399 847
188.55.93.39 - - [21/Sep/2015:23:25:41 -0400] "GET /arcgis/rest/services/CombinedNomenclature/MapServer/export?f=image&bbox=-227.81673578470486%2C-78.33547389427667%2C232.98326578083805%2C172.2245269569873&bboxSR=104903&size=1280%2C696&format=png&transparent=true&dpi=150&imageSR=104903&layers=hide%3A-1 HTTP/1.1" 200 561 "-" "ArcGIS.Android-10.2.3/4.0.4/SAMSUNG-GT-P7500" 399 849
127.0.0.1 - - [21/Sep/2015:23:25:42 -0400] "GET /opensso/namingservice HTTP/1.1" 200 7 "-" "Java/1.5.0_21" 220 183
127.0.0.1 - - [21/Sep/2015:23:25:43 -0400] "GET /opensso/namingservice HTTP/1.1" 200 7 "-" "Java/1.5.0_21" 220 183
188.55.93.39 - - [21/Sep/2015:23:26:10 -0400] "GET /arcgis/rest/services/CombinedNomenclature/MapServer/export?f=image&bbox=-227.81673578470486%2C-78.33547389427667%2C232.98326578083805%2C172.2245269569873&bboxSR=104903&size=1280%2C696&format=png&transparent=true&dpi=150&imageSR=104903&layers=hide%3A-1 HTTP/1.1" 200 561 "-" "ArcGIS.Android-10.2.3/4.0.4/SAMSUNG-GT-P7500" 399 850
127.0.0.1 - - [21/Sep/2015:23:26:12 -0400] "GET /opensso/namingservice HTTP/1.1" 200 7 "-" "Java/1.5.0_21" 220 183
127.0.0.1 - - [21/Sep/2015:23:26:13 -0400] "GET /opensso/namingservice HTTP/1.1" 200 7 "-" "Java/1.5.0_21" 220 183
127.0.0.1 - - [21/Sep/2015:23:26:42 -0400] "GET /opensso/namingservice HTTP/1.1" 200 7 "-" "Java/1.5.0_21" 220 183
66.249.64.173 - - [21/Sep/2015:23:26:42 -0400] "GET /redmine/activity?from=2005-09-03&show_news=1 HTTP/1.1" 200 5361 "-" "Mozilla/5.0 (compatible; Googlebot/2.1; +http://www.google.com/bot.html)" 335 5923
127.0.0.1 - - [21/Sep/2015:23:26:43 -0400] "GET /opensso/namingservice HTTP/1.1" 200 7 "-" "Java/1.5.0_21" 220 183
180.76.15.20 - - [21/Sep/2015:23:27:04 -0400] "GET / HTTP/1.1" 302 262 "-" "Mozilla/5.0 (compatible; Baiduspider/2.0; +http://www.baidu.com/search/spider.html)" 208 556
141.8.143.204 - - [21/Sep/2015:23:27:11 -0400] "GET /redmine/activity?from=2011-11-07&user_id=1 HTTP/1.1" 200 6496 "-" "Mozilla/5.0 (compatible; YandexBot/3.0; +http://yandex.com/bots)" 324 7058
127.0.0.1 - - [21/Sep/2015:23:27:12 -0400] "GET /opensso/namingservice HTTP/1.1" 200 7 "-" "Java/1.5.0_21" 220 183
127.0.0.1 - - [21/Sep/2015:23:27:13 -0400] "GET /opensso/namingservice HTTP/1.1" 200 7 "-" "Java/1.5.0_21" 220 183
180.76.15.23 - - [21/Sep/2015:23:27:14 -0400] "GET / HTTP/1.1" 302 262 "-" "Mozilla/5.0 (compatible; Baiduspider/2.0; +http://www.baidu.com/search/spider.html)" 208 556
188.55.93.39 - - [21/Sep/2015:23:27:18 -0400] "GET /arcgis/rest/services/CombinedNomenclature/MapServer/export?f=image&bbox=172.8777016117889%2C-58.52780385932983%2C176.8005678360541%2C-56.3916806106479&bboxSR=104903&size=1280%2C697&format=png&transparent=true&dpi=150&imageSR=104903&layers=hide%3A-1 HTTP/1.1" 200 2917 "-" "ArcGIS.Android-10.2.3/4.0.4/SAMSUNG-GT-P7500" 396 3206
188.55.93.39 - - [21/Sep/2015:23:27:25 -0400] "GET /arcgis/rest/services/CombinedNomenclature/MapServer/export?f=image&bbox=172.92367270035433%2C-58.38069637591986%2C176.84653892461955%2C-56.244573127237935&bboxSR=104903&size=1280%2C697&format=png&transparent=true&dpi=150&imageSR=104903&layers=hide%3A-1 HTTP/1.1" 200 2922 "-" "ArcGIS.Android-10.2.3/4.0.4/SAMSUNG-GT-P7500" 400 3211
188.55.93.39 - - [21/Sep/2015:23:27:26 -0400] "GET /arcgis/rest/services/CombinedNomenclature/MapServer/export?f=image&bbox=172.70301147523938%2C-58.44505589991171%2C176.6258776995046%2C-56.30893265122978&bboxSR=104903&size=1280%2C697&format=png&transparent=true&dpi=150&imageSR=104903&layers=hide%3A-1 HTTP/1.1" 200 2927 "-" "ArcGIS.Android-10.2.3/4.0.4/SAMSUNG-GT-P7500" 398 3217
188.55.93.39 - - [21/Sep/2015:23:27:28 -0400] "GET /arcgis/rest/services/CombinedNomenclature/MapServer/export?f=image&bbox=172.40960104102584%2C-58.4944279332748%2C176.33246726529106%2C-56.35830468459287&bboxSR=104903&size=1280%2C697&format=png&transparent=true&dpi=150&imageSR=104903&layers=hide%3A-1 HTTP/1.1" 200 2908 "-" "ArcGIS.Android-10.2.3/4.0.4/SAMSUNG-GT-P7500" 398 3195
188.55.93.39 - - [21/Sep/2015:23:27:30 -0400] "GET /arcgis/rest/services/CombinedNomenclature/MapServer/export?f=image&bbox=172.94268271565807%2C-58.028037338443355%2C174.74268272177346%2C-57.047881085113325&bboxSR=104903&size=1280%2C697&format=png&transparent=true&dpi=150&imageSR=104903&layers=hide%3A-1 HTTP/1.1" 200 562 "-" "ArcGIS.Android-10.2.3/4.0.4/SAMSUNG-GT-P7500" 401 848
188.55.93.39 - - [21/Sep/2015:23:27:31 -0400] "GET /arcgis/rest/services/CombinedNomenclature/MapServer/export?f=image&bbox=173.09174521616447%2C-57.90850608803723%2C174.89174522227987%2C-56.9283498347072&bboxSR=104903&size=1280%2C697&format=png&transparent=true&dpi=150&imageSR=104903&layers=hide%3A-1 HTTP/1.1" 200 2908 "-" "ArcGIS.Android-10.2.3/4.0.4/SAMSUNG-GT-P7500" 398 3195
127.0.0.1 - - [21/Sep/2015:23:27:42 -0400] "GET /opensso/namingservice HTTP/1.1" 200 7 "-" "Java/1.5.0_21" 220 183
127.0.0.1 - - [21/Sep/2015:23:27:43 -0400] "GET /opensso/namingservice HTTP/1.1" 200 7 "-" "Java/1.5.0_21" 220 183
127.0.0.1 - - [21/Sep/2015:23:28:12 -0400] "GET /opensso/namingservice HTTP/1.1" 200 7 "-" "Java/1.5.0_21" 220 183
127.0.0.1 - - [21/Sep/2015:23:28:13 -0400] "GET /opensso/namingservice HTTP/1.1" 200 7 "-" "Java/1.5.0_21" 220 183
137.78.207.218 - - [21/Sep/2015:23:28:34 -0400] "HEAD /LMMPUI/LMMP_CLIENT/LMMP.html HTTP/1.1" 200 - "-" "curl/7.38.0" 110 274
127.0.0.1 - - [21/Sep/2015:23:28:42 -0400] "GET /opensso/namingservice HTTP/1.1" 200 7 "-" "Java/1.5.0_21" 220 183
127.0.0.1 - - [21/Sep/2015:23:28:43 -0400] "GET /opensso/namingservice HTTP/1.1" 200 7 "-" "Java/1.5.0_21" 220 183
127.0.0.1 - - [21/Sep/2015:23:29:12 -0400] "GET /opensso/namingservice HTTP/1.1" 200 7 "-" "Java/1.5.0_21" 220 183
127.0.0.1 - - [21/Sep/2015:23:29:13 -0400] "GET /opensso/namingservice HTTP/1.1" 200 7 "-" "Java/1.5.0_21" 220 183
127.0.0.1 - - [21/Sep/2015:23:29:42 -0400] "GET /opensso/namingservice HTTP/1.1" 200 7 "-" "Java/1.5.0_21" 220 183
127.0.0.1 - - [21/Sep/2015:23:29:43 -0400] "GET /opensso/namingservice HTTP/1.1" 200 7 "-" "Java/1.5.0_21" 220 183
24.108.100.54 - - [21/Sep/2015:23:30:05 -0400] "GET /lmmpmobile/config-1.0.json HTTP/1.1" 200 1338 "-" "Moon%20Tours/1.0.0 CFNetwork/758.0.2 Darwin/15.0.0" 217 1666
24.108.100.54 - - [21/Sep/2015:23:30:05 -0400] "GET /opensso/identity/isTokenValid HTTP/1.1" 200 14 "-" "Moon%20Tours/1.0.0 CFNetwork/758.0.2 Darwin/15.0.0" 229 172
24.108.100.54 - - [21/Sep/2015:23:30:05 -0400] "GET /opensso/UI/Login?module=Anonymous&org=appspub&goto=http%3A%2F%2Fpub.lmmp.nasa.gov%2Flmmpmobile%2Frefresh HTTP/1.1" 302 - "-" "Moon%20Tours/1.0.0 CFNetwork/758.0.2 Darwin/15.0.0" 304 934
24.108.100.54 - - [21/Sep/2015:23:30:05 -0400] "GET /lmmpmobile/refresh?iPlanetDirectoryPro=AQIC5wM2LY4SfcwNhawzIHtTZ5loKVwNDJKEv%2BA6rIWV%2Fmk%3D%40AAJTSQACMDE%3D%23 HTTP/1.1" 200 - "-" "Moon%20Tours/1.0.0 CFNetwork/758.0.2 Darwin/15.0.0" 422 316
24.108.100.54 - - [21/Sep/2015:23:30:06 -0400] "GET /arcgis/rest/services/CombinedNomenclature/MapServer?f=json HTTP/1.1" 200 804 "arcgisios" "ArcGISiOS-2.3.2/9.0/iPhone5,3" 366 1100
24.108.100.54 - - [21/Sep/2015:23:30:06 -0400] "GET /arcgis/rest/services/ERGraticule/MapServer?f=json HTTP/1.1" 200 701 "arcgisios" "ArcGISiOS-2.3.2/9.0/iPhone5,3" 357 996
127.0.0.1 - - [21/Sep/2015:23:30:12 -0400] "GET /opensso/namingservice HTTP/1.1" 200 7 "-" "Java/1.5.0_21" 220 183
127.0.0.1 - - [21/Sep/2015:23:30:13 -0400] "GET /opensso/namingservice HTTP/1.1" 200 7 "-" "Java/1.5.0_21" 220 183
66.249.64.168 - - [21/Sep/2015:23:30:29 -0400] "GET /redmine/activity?from=2005-10-03&show_news=1 HTTP/1.1" 200 5361 "-" "Mozilla/5.0 (compatible; Googlebot/2.1; +http://www.google.com/bot.html)" 335 5923
127.0.0.1 - - [21/Sep/2015:23:30:42 -0400] "GET /opensso/namingservice HTTP/1.1" 200 7 "-" "Java/1.5.0_21" 220 183
127.0.0.1 - - [21/Sep/2015:23:30:43 -0400] "GET /opensso/namingservice HTTP/1.1" 200 7 "-" "Java/1.5.0_21" 220 183
127.0.0.1 - - [21/Sep/2015:23:31:12 -0400] "GET /opensso/namingservice HTTP/1.1" 200 7 "-" "Java/1.5.0_21" 220 183
127.0.0.1 - - [21/Sep/2015:23:31:13 -0400] "GET /opensso/namingservice HTTP/1.1" 200 7 "-" "Java/1.5.0_21" 220 183
127.0.0.1 - - [21/Sep/2015:23:31:42 -0400] "GET /opensso/namingservice HTTP/1.1" 200 7 "-" "Java/1.5.0_21" 220 183
127.0.0.1 - - [21/Sep/2015:23:31:43 -0400] "GET /opensso/namingservice HTTP/1.1" 200 7 "-" "Java/1.5.0_21" 220 183
127.0.0.1 - - [21/Sep/2015:23:32:12 -0400] "GET /opensso/namingservice HTTP/1.1" 200 7 "-" "Java/1.5.0_21" 220 183
127.0.0.1 - - [21/Sep/2015:23:32:13 -0400] "GET /opensso/namingservice HTTP/1.1" 200 7 "-" "Java/1.5.0_21" 220 183
127.0.0.1 - - [21/Sep/2015:23:32:42 -0400] "GET /opensso/namingservice HTTP/1.1" 200 7 "-" "Java/1.5.0_21" 220 183
127.0.0.1 - - [21/Sep/2015:23:32:43 -0400] "GET /opensso/namingservice HTTP/1.1" 200 7 "-" "Java/1.5.0_21" 220 183
127.0.0.1 - - [21/Sep/2015:23:33:12 -0400] "GET /opensso/namingservice HTTP/1.1" 200 7 "-" "Java/1.5.0_21" 220 183
127.0.0.1 - - [21/Sep/2015:23:33:13 -0400] "GET /opensso/namingservice HTTP/1.1" 200 7 "-" "Java/1.5.0_21" 220 183
137.78.207.218 - - [21/Sep/2015:23:33:33 -0400] "HEAD /LMMPUI/LMMP_CLIENT/LMMP.html HTTP/1.1" 200 - "-" "curl/7.38.0" 110 274
127.0.0.1 - - [21/Sep/2015:23:33:42 -0400] "GET /opensso/namingservice HTTP/1.1" 200 7 "-" "Java/1.5.0_21" 220 183
127.0.0.1 - - [21/Sep/2015:23:33:43 -0400] "GET /opensso/namingservice HTTP/1.1" 200 7 "-" "Java/1.5.0_21" 220 183
100.43.91.16 - - [21/Sep/2015:23:34:06 -0400] "GET /redmine/activity?from=2014-11-06 HTTP/1.1" 200 5588 "-" "Mozilla/5.0 (compatible; YandexBot/3.0; +http://yandex.com/bots)" 314 6150
127.0.0.1 - - [21/Sep/2015:23:34:12 -0400] "GET /opensso/namingservice HTTP/1.1" 200 7 "-" "Java/1.5.0_21" 220 183
127.0.0.1 - - [21/Sep/2015:23:34:13 -0400] "GET /opensso/namingservice HTTP/1.1" 200 7 "-" "Java/1.5.0_21" 220 183
66.249.64.173 - - [21/Sep/2015:23:34:16 -0400] "GET /redmine/issues/gantt?month=8&months=6&year=2271&zoom=1 HTTP/1.1" 200 27586 "-" "Mozilla/5.0 (compatible; Googlebot/2.1; +http://www.google.com/bot.html)" 345 28275
127.0.0.1 - - [21/Sep/2015:23:34:42 -0400] "GET /opensso/namingservice HTTP/1.1" 200 7 "-" "Java/1.5.0_21" 220 183
127.0.0.1 - - [21/Sep/2015:23:34:43 -0400] "GET /opensso/namingservice HTTP/1.1" 200 7 "-" "Java/1.5.0_21" 220 183
127.0.0.1 - - [21/Sep/2015:23:35:12 -0400] "GET /opensso/namingservice HTTP/1.1" 200 7 "-" "Java/1.5.0_21" 220 183
127.0.0.1 - - [21/Sep/2015:23:35:13 -0400] "GET /opensso/namingservice HTTP/1.1" 200 7 "-" "Java/1.5.0_21" 220 183
127.0.0.1 - - [21/Sep/2015:23:35:42 -0400] "GET /opensso/namingservice HTTP/1.1" 200 7 "-" "Java/1.5.0_21" 220 183
127.0.0.1 - - [21/Sep/2015:23:35:43 -0400] "GET /opensso/namingservice HTTP/1.1" 200 7 "-" "Java/1.5.0_21" 220 183
127.0.0.1 - - [21/Sep/2015:23:36:12 -0400] "GET /opensso/namingservice HTTP/1.1" 200 7 "-" "Java/1.5.0_21" 220 183
127.0.0.1 - - [21/Sep/2015:23:36:13 -0400] "GET /opensso/namingservice HTTP/1.1" 200 7 "-" "Java/1.5.0_21" 220 183
127.0.0.1 - - [21/Sep/2015:23:36:42 -0400] "GET /opensso/namingservice HTTP/1.1" 200 7 "-" "Java/1.5.0_21" 220 183
127.0.0.1 - - [21/Sep/2015:23:36:43 -0400] "GET /opensso/namingservice HTTP/1.1" 200 7 "-" "Java/1.5.0_21" 220 183
127.0.0.1 - - [21/Sep/2015:23:37:12 -0400] "GET /opensso/namingservice HTTP/1.1" 200 7 "-" "Java/1.5.0_21" 220 183
127.0.0.1 - - [21/Sep/2015:23:37:13 -0400] "GET /opensso/namingservice HTTP/1.1" 200 7 "-" "Java/1.5.0_21" 220 183
127.0.0.1 - - [21/Sep/2015:23:37:42 -0400] "GET /opensso/namingservice HTTP/1.1" 200 7 "-" "Java/1.5.0_21" 220 183
127.0.0.1 - - [21/Sep/2015:23:37:43 -0400] "GET /opensso/namingservice HTTP/1.1" 200 7 "-" "Java/1.5.0_21" 220 183
66.249.64.168 - - [21/Sep/2015:23:38:03 -0400] "GET /redmine/activity?from=2005-11-02&show_news=1 HTTP/1.1" 200 5361 "-" "Mozilla/5.0 (compatible; Googlebot/2.1; +http://www.google.com/bot.html)" 335 5924
127.0.0.1 - - [21/Sep/2015:23:38:12 -0400] "GET /opensso/namingservice HTTP/1.1" 200 7 "-" "Java/1.5.0_21" 220 183
127.0.0.1 - - [21/Sep/2015:23:38:13 -0400] "GET /opensso/namingservice HTTP/1.1" 200 7 "-" "Java/1.5.0_21" 220 183
137.78.207.218 - - [21/Sep/2015:23:38:34 -0400] "HEAD /LMMPUI/LMMP_CLIENT/LMMP.html HTTP/1.1" 200 - "-" "curl/7.38.0" 110 274
127.0.0.1 - - [21/Sep/2015:23:38:42 -0400] "GET /opensso/namingservice HTTP/1.1" 200 7 "-" "Java/1.5.0_21" 220 183
127.0.0.1 - - [21/Sep/2015:23:38:43 -0400] "GET /opensso/namingservice HTTP/1.1" 200 7 "-" "Java/1.5.0_21" 220 183
127.0.0.1 - - [21/Sep/2015:23:39:12 -0400] "GET /opensso/namingservice HTTP/1.1" 200 7 "-" "Java/1.5.0_21" 220 183
127.0.0.1 - - [21/Sep/2015:23:39:13 -0400] "GET /opensso/namingservice HTTP/1.1" 200 7 "-" "Java/1.5.0_21" 220 183
127.0.0.1 - - [21/Sep/2015:23:39:42 -0400] "GET /opensso/namingservice HTTP/1.1" 200 7 "-" "Java/1.5.0_21" 220 183
127.0.0.1 - - [21/Sep/2015:23:39:43 -0400] "GET /opensso/namingservice HTTP/1.1" 200 7 "-" "Java/1.5.0_21" 220 183
127.0.0.1 - - [21/Sep/2015:23:40:12 -0400] "GET /opensso/namingservice HTTP/1.1" 200 7 "-" "Java/1.5.0_21" 220 183
127.0.0.1 - - [21/Sep/2015:23:40:13 -0400] "GET /opensso/namingservice HTTP/1.1" 200 7 "-" "Java/1.5.0_21" 220 183
141.8.143.172 - - [21/Sep/2015:23:40:37 -0400] "GET /redmine/activity?from=2012-08-03&user_id=1 HTTP/1.1" 200 5973 "-" "Mozilla/5.0 (compatible; YandexBot/3.0; +http://yandex.com/bots)" 324 6535
127.0.0.1 - - [21/Sep/2015:23:40:42 -0400] "GET /opensso/namingservice HTTP/1.1" 200 7 "-" "Java/1.5.0_21" 220 183
127.0.0.1 - - [21/Sep/2015:23:40:43 -0400] "GET /opensso/namingservice HTTP/1.1" 200 7 "-" "Java/1.5.0_21" 220 183
127.0.0.1 - - [21/Sep/2015:23:41:12 -0400] "GET /opensso/namingservice HTTP/1.1" 200 7 "-" "Java/1.5.0_21" 220 183
127.0.0.1 - - [21/Sep/2015:23:41:13 -0400] "GET /opensso/namingservice HTTP/1.1" 200 7 "-" "Java/1.5.0_21" 220 183
127.0.0.1 - - [21/Sep/2015:23:41:42 -0400] "GET /opensso/namingservice HTTP/1.1" 200 7 "-" "Java/1.5.0_21" 220 183
127.0.0.1 - - [21/Sep/2015:23:41:43 -0400] "GET /opensso/namingservice HTTP/1.1" 200 7 "-" "Java/1.5.0_21" 220 183
66.249.64.178 - - [21/Sep/2015:23:41:50 -0400] "GET /redmine/activity?from=2005-12-02&show_news=1 HTTP/1.1" 200 5361 "-" "Mozilla/5.0 (compatible; Googlebot/2.1; +http://www.google.com/bot.html)" 335 5923
127.0.0.1 - - [21/Sep/2015:23:42:12 -0400] "GET /opensso/namingservice HTTP/1.1" 200 7 "-" "Java/1.5.0_21" 220 183
127.0.0.1 - - [21/Sep/2015:23:42:13 -0400] "GET /opensso/namingservice HTTP/1.1" 200 7 "-" "Java/1.5.0_21" 220 183
127.0.0.1 - - [21/Sep/2015:23:42:42 -0400] "GET /opensso/namingservice HTTP/1.1" 200 7 "-" "Java/1.5.0_21" 220 183
127.0.0.1 - - [21/Sep/2015:23:42:43 -0400] "GET /opensso/namingservice HTTP/1.1" 200 7 "-" "Java/1.5.0_21" 220 183
127.0.0.1 - - [21/Sep/2015:23:43:12 -0400] "GET /opensso/namingservice HTTP/1.1" 200 7 "-" "Java/1.5.0_21" 220 183
127.0.0.1 - - [21/Sep/2015:23:43:13 -0400] "GET /opensso/namingservice HTTP/1.1" 200 7 "-" "Java/1.5.0_21" 220 183
137.78.207.218 - - [21/Sep/2015:23:43:34 -0400] "HEAD /LMMPUI/LMMP_CLIENT/LMMP.html HTTP/1.1" 200 - "-" "curl/7.38.0" 110 274
127.0.0.1 - - [21/Sep/2015:23:43:42 -0400] "GET /opensso/namingservice HTTP/1.1" 200 7 "-" "Java/1.5.0_21" 220 183
127.0.0.1 - - [21/Sep/2015:23:43:43 -0400] "GET /opensso/namingservice HTTP/1.1" 200 7 "-" "Java/1.5.0_21" 220 183
127.0.0.1 - - [21/Sep/2015:23:44:12 -0400] "GET /opensso/namingservice HTTP/1.1" 200 7 "-" "Java/1.5.0_21" 220 183
127.0.0.1 - - [21/Sep/2015:23:44:13 -0400] "GET /opensso/namingservice HTTP/1.1" 200 7 "-" "Java/1.5.0_21" 220 183
127.0.0.1 - - [21/Sep/2015:23:44:42 -0400] "GET /opensso/namingservice HTTP/1.1" 200 7 "-" "Java/1.5.0_21" 220 183
127.0.0.1 - - [21/Sep/2015:23:44:43 -0400] "GET /opensso/namingservice HTTP/1.1" 200 7 "-" "Java/1.5.0_21" 220 183
127.0.0.1 - - [21/Sep/2015:23:45:12 -0400] "GET /opensso/namingservice HTTP/1.1" 200 7 "-" "Java/1.5.0_21" 220 183
127.0.0.1 - - [21/Sep/2015:23:45:13 -0400] "GET /opensso/namingservice HTTP/1.1" 200 7 "-" "Java/1.5.0_21" 220 183
66.249.64.173 - - [21/Sep/2015:23:45:37 -0400] "GET /redmine/activity?from=2006-01-01&show_news=1 HTTP/1.1" 200 5361 "-" "Mozilla/5.0 (compatible; Googlebot/2.1; +http://www.google.com/bot.html)" 335 5923
127.0.0.1 - - [21/Sep/2015:23:45:42 -0400] "GET /opensso/namingservice HTTP/1.1" 200 7 "-" "Java/1.5.0_21" 220 183
127.0.0.1 - - [21/Sep/2015:23:45:43 -0400] "GET /opensso/namingservice HTTP/1.1" 200 7 "-" "Java/1.5.0_21" 220 183
127.0.0.1 - - [21/Sep/2015:23:46:12 -0400] "GET /opensso/namingservice HTTP/1.1" 200 7 "-" "Java/1.5.0_21" 220 183
127.0.0.1 - - [21/Sep/2015:23:46:13 -0400] "GET /opensso/namingservice HTTP/1.1" 200 7 "-" "Java/1.5.0_21" 220 183
100.43.91.4 - - [21/Sep/2015:23:46:39 -0400] "GET /redmine/activity?from=2014-10-18&show_news=1 HTTP/1.1" 200 5604 "-" "Mozilla/5.0 (compatible; YandexBot/3.0; +http://yandex.com/bots)" 326 6166
127.0.0.1 - - [21/Sep/2015:23:46:42 -0400] "GET /opensso/namingservice HTTP/1.1" 200 7 "-" "Java/1.5.0_21" 220 183
127.0.0.1 - - [21/Sep/2015:23:46:43 -0400] "GET /opensso/namingservice HTTP/1.1" 200 7 "-" "Java/1.5.0_21" 220 183
127.0.0.1 - - [21/Sep/2015:23:47:12 -0400] "GET /opensso/namingservice HTTP/1.1" 200 7 "-" "Java/1.5.0_21" 220 183
127.0.0.1 - - [21/Sep/2015:23:47:13 -0400] "GET /opensso/namingservice HTTP/1.1" 200 7 "-" "Java/1.5.0_21" 220 183
127.0.0.1 - - [21/Sep/2015:23:47:42 -0400] "GET /opensso/namingservice HTTP/1.1" 200 7 "-" "Java/1.5.0_21" 220 183
127.0.0.1 - - [21/Sep/2015:23:47:43 -0400] "GET /opensso/namingservice HTTP/1.1" 200 7 "-" "Java/1.5.0_21" 220 183
127.0.0.1 - - [21/Sep/2015:23:48:12 -0400] "GET /opensso/namingservice HTTP/1.1" 200 7 "-" "Java/1.5.0_21" 220 183
127.0.0.1 - - [21/Sep/2015:23:48:13 -0400] "GET /opensso/namingservice HTTP/1.1" 200 7 "-" "Java/1.5.0_21" 220 183
137.78.207.218 - - [21/Sep/2015:23:48:34 -0400] "HEAD /LMMPUI/LMMP_CLIENT/LMMP.html HTTP/1.1" 200 - "-" "curl/7.38.0" 110 274
127.0.0.1 - - [21/Sep/2015:23:48:42 -0400] "GET /opensso/namingservice HTTP/1.1" 200 7 "-" "Java/1.5.0_21" 220 183
127.0.0.1 - - [21/Sep/2015:23:48:43 -0400] "GET /opensso/namingservice HTTP/1.1" 200 7 "-" "Java/1.5.0_21" 220 183
127.0.0.1 - - [21/Sep/2015:23:49:12 -0400] "GET /opensso/namingservice HTTP/1.1" 200 7 "-" "Java/1.5.0_21" 220 183
127.0.0.1 - - [21/Sep/2015:23:49:13 -0400] "GET /opensso/namingservice HTTP/1.1" 200 7 "-" "Java/1.5.0_21" 220 183
66.249.64.168 - - [21/Sep/2015:23:49:24 -0400] "GET /redmine/activity?from=2006-01-31&show_news=1 HTTP/1.1" 200 5361 "-" "Mozilla/5.0 (compatible; Googlebot/2.1; +http://www.google.com/bot.html)" 335 5924
157.55.39.20 - - [21/Sep/2015:23:49:26 -0400] "GET /LMMPUI/LMMP_CLIENT/LMMP.html HTTP/1.1" 200 8973 "-" "Mozilla/5.0 (compatible; bingbot/2.0; +http://www.bing.com/bingbot.htm)" 287 9303
127.0.0.1 - - [21/Sep/2015:23:49:42 -0400] "GET /opensso/namingservice HTTP/1.1" 200 7 "-" "Java/1.5.0_21" 220 183
127.0.0.1 - - [21/Sep/2015:23:49:43 -0400] "GET /opensso/namingservice HTTP/1.1" 200 7 "-" "Java/1.5.0_21" 220 183
127.0.0.1 - - [21/Sep/2015:23:50:12 -0400] "GET /opensso/namingservice HTTP/1.1" 200 7 "-" "Java/1.5.0_21" 220 183
127.0.0.1 - - [21/Sep/2015:23:50:13 -0400] "GET /opensso/namingservice HTTP/1.1" 200 7 "-" "Java/1.5.0_21" 220 183
70.34.5.199 - - [21/Sep/2015:23:50:20 -0400] "GET /arcgis/rest/services/CombinedNomenclature/MapServer?f=json HTTP/1.1" 200 804 "-" "ArcGIS.Android-10.2.3/4.4.2/HEWLETT-PACKARD-HP-7-G2" 213 1101
70.34.5.199 - - [21/Sep/2015:23:50:23 -0400] "GET /arcgis/rest/services/CombinedNomenclature/MapServer/export?f=image&bbox=-56.298870547350134%2C-90.0%2C56.298870547350134%2C90.0&bboxSR=104903&size=720%2C1151&format=png&transparent=true&dpi=175&imageSR=104903&layers=hide%3A-1 HTTP/1.1" 500 1208 "-" "ArcGIS.Android-10.2.3/4.4.2/HEWLETT-PACKARD-HP-7-G2" 380 1461
127.0.0.1 - - [21/Sep/2015:23:50:42 -0400] "GET /opensso/namingservice HTTP/1.1" 200 7 "-" "Java/1.5.0_21" 220 183
127.0.0.1 - - [21/Sep/2015:23:50:43 -0400] "GET /opensso/namingservice HTTP/1.1" 200 7 "-" "Java/1.5.0_21" 220 183
127.0.0.1 - - [21/Sep/2015:23:51:12 -0400] "GET /opensso/namingservice HTTP/1.1" 200 7 "-" "Java/1.5.0_21" 220 183
127.0.0.1 - - [21/Sep/2015:23:51:13 -0400] "GET /opensso/namingservice HTTP/1.1" 200 7 "-" "Java/1.5.0_21" 220 183
127.0.0.1 - - [21/Sep/2015:23:51:42 -0400] "GET /opensso/namingservice HTTP/1.1" 200 7 "-" "Java/1.5.0_21" 220 183
127.0.0.1 - - [21/Sep/2015:23:51:43 -0400] "GET /opensso/namingservice HTTP/1.1" 200 7 "-" "Java/1.5.0_21" 220 183
70.34.5.199 - - [21/Sep/2015:23:52:03 -0400] "GET /arcgis/rest/services/CombinedNomenclature/MapServer/export?f=image&bbox=-47.70958072718698%2C-57.72354245289422%2C64.88816036751328%2C122.27645754710578&bboxSR=104903&size=720%2C1151&format=png&transparent=true&dpi=175&imageSR=104903&layers=hide%3A-1 HTTP/1.1" 200 14866 "-" "ArcGIS.Android-10.2.3/4.4.2/HEWLETT-PACKARD-HP-7-G2" 405 15155
70.34.5.199 - - [21/Sep/2015:23:52:04 -0400] "GET /arcgis/rest/services/CombinedNomenclature/MapServer/export?f=image&bbox=-63.170303357983585%2C-93.97671670524272%2C49.42743773671668%2C86.02328329475728&bboxSR=104903&size=720%2C1151&format=png&transparent=true&dpi=175&imageSR=104903&layers=hide%3A-1 HTTP/1.1" 200 11461 "-" "ArcGIS.Android-10.2.3/4.4.2/HEWLETT-PACKARD-HP-7-G2" 405 11752
70.34.5.199 - - [21/Sep/2015:23:52:07 -0400] "GET /arcgis/rest/services/CombinedNomenclature/MapServer/export?f=image&bbox=-73.94595360776646%2C-94.88799014783336%2C38.65178748693381%2C85.11200985216664&bboxSR=104903&size=720%2C1151&format=png&transparent=true&dpi=175&imageSR=104903&layers=hide%3A-1 HTTP/1.1" 200 11315 "-" "ArcGIS.Android-10.2.3/4.4.2/HEWLETT-PACKARD-HP-7-G2" 404 11605
70.34.5.199 - - [21/Sep/2015:23:52:08 -0400] "GET /arcgis/rest/services/CombinedNomenclature/MapServer/export?f=image&bbox=-68.63621636331871%2C-74.41744462186408%2C43.96152473138156%2C105.58255537813592&bboxSR=104903&size=720%2C1151&format=png&transparent=true&dpi=175&imageSR=104903&layers=hide%3A-1 HTTP/1.1" 200 11358 "-" "ArcGIS.Android-10.2.3/4.4.2/HEWLETT-PACKARD-HP-7-G2" 405 11648
70.34.5.199 - - [21/Sep/2015:23:52:09 -0400] "GET /arcgis/rest/services/CombinedNomenclature/MapServer/export?f=image&bbox=-85.50244925438491%2C-87.38733472252383%2C27.095291840315355%2C92.61266527747617&bboxSR=104903&size=720%2C1151&format=png&transparent=true&dpi=175&imageSR=104903&layers=hide%3A-1 HTTP/1.1" 200 10688 "-" "ArcGIS.Android-10.2.3/4.4.2/HEWLETT-PACKARD-HP-7-G2" 405 10978
70.34.5.199 - - [21/Sep/2015:23:52:10 -0400] "GET /arcgis/rest/services/CombinedNomenclature/MapServer/export?f=image&bbox=-105.1797265285623%2C-67.54184540616845%2C7.41801456613797%2C112.45815459383155&bboxSR=104903&size=720%2C1151&format=png&transparent=true&dpi=175&imageSR=104903&layers=hide%3A-1 HTTP/1.1" 200 11824 "-" "ArcGIS.Android-10.2.3/4.4.2/HEWLETT-PACKARD-HP-7-G2" 404 12114
127.0.0.1 - - [21/Sep/2015:23:52:12 -0400] "GET /opensso/namingservice HTTP/1.1" 200 7 "-" "Java/1.5.0_21" 220 183
70.34.5.199 - - [21/Sep/2015:23:52:11 -0400] "GET /arcgis/rest/services/CombinedNomenclature/MapServer/export?f=image&bbox=-121.1089478069344%2C-75.82380916220939%2C-8.511206712234127%2C104.17619083779061&bboxSR=104903&size=720%2C1151&format=png&transparent=true&dpi=175&imageSR=104903&layers=hide%3A-1 HTTP/1.1" 200 9655 "-" "ArcGIS.Android-10.2.3/4.4.2/HEWLETT-PACKARD-HP-7-G2" 406 9942
127.0.0.1 - - [21/Sep/2015:23:52:13 -0400] "GET /opensso/namingservice HTTP/1.1" 200 7 "-" "Java/1.5.0_21" 220 183
70.34.5.199 - - [21/Sep/2015:23:52:12 -0400] "GET /arcgis/rest/services/CombinedNomenclature/MapServer/export?f=image&bbox=-132.35311102183584%2C-80.82423974906318%2C-19.755369927135575%2C99.17576025093682&bboxSR=104903&size=720%2C1151&format=png&transparent=true&dpi=175&imageSR=104903&layers=hide%3A-1 HTTP/1.1" 200 9997 "-" "ArcGIS.Android-10.2.3/4.4.2/HEWLETT-PACKARD-HP-7-G2" 407 10284
100.43.91.4 - - [21/Sep/2015:23:52:14 -0400] "GET /redmine/activity?from=2014-10-29&show_issues=1 HTTP/1.1" 200 5616 "-" "Mozilla/5.0 (compatible; YandexBot/3.0; +http://yandex.com/bots)" 328 6178
127.0.0.1 - - [21/Sep/2015:23:52:42 -0400] "GET /opensso/namingservice HTTP/1.1" 200 7 "-" "Java/1.5.0_21" 220 183
127.0.0.1 - - [21/Sep/2015:23:52:43 -0400] "GET /opensso/namingservice HTTP/1.1" 200 7 "-" "Java/1.5.0_21" 220 183
66.249.64.173 - - [21/Sep/2015:23:53:11 -0400] "GET /redmine/issues/gantt?month=7&months=6&year=1845&zoom=4 HTTP/1.1" 200 51370 "-" "Mozilla/5.0 (compatible; Googlebot/2.1; +http://www.google.com/bot.html)" 345 52059
127.0.0.1 - - [21/Sep/2015:23:53:12 -0400] "GET /opensso/namingservice HTTP/1.1" 200 7 "-" "Java/1.5.0_21" 220 183
127.0.0.1 - - [21/Sep/2015:23:53:13 -0400] "GET /opensso/namingservice HTTP/1.1" 200 7 "-" "Java/1.5.0_21" 220 183
70.34.5.199 - - [21/Sep/2015:23:53:21 -0400] "GET /arcgis/rest/services/CombinedNomenclature/MapServer/export?f=image&bbox=-132.35311102183584%2C-80.82423974906318%2C-19.755369927135575%2C99.17576025093682&bboxSR=104903&size=720%2C1151&format=png&transparent=true&dpi=175&imageSR=104903&layers=hide%3A-1 HTTP/1.1" 200 9997 "-" "ArcGIS.Android-10.2.3/4.4.2/HEWLETT-PACKARD-HP-7-G2" 407 10285
70.34.5.199 - - [21/Sep/2015:23:53:23 -0400] "GET /arcgis/rest/services/CombinedNomenclature/MapServer/export?f=image&bbox=-132.35311102183584%2C-80.82423974906318%2C-19.755369927135575%2C99.17576025093682&bboxSR=104903&size=720%2C1151&format=png&transparent=true&dpi=175&imageSR=104903&layers=hide%3A-1 HTTP/1.1" 200 9997 "-" "ArcGIS.Android-10.2.3/4.4.2/HEWLETT-PACKARD-HP-7-G2" 407 10284
137.78.207.218 - - [21/Sep/2015:23:53:33 -0400] "HEAD /LMMPUI/LMMP_CLIENT/LMMP.html HTTP/1.1" 200 - "-" "curl/7.38.0" 110 274
127.0.0.1 - - [21/Sep/2015:23:53:42 -0400] "GET /opensso/namingservice HTTP/1.1" 200 7 "-" "Java/1.5.0_21" 220 183
127.0.0.1 - - [21/Sep/2015:23:53:43 -0400] "GET /opensso/namingservice HTTP/1.1" 200 7 "-" "Java/1.5.0_21" 220 183
127.0.0.1 - - [21/Sep/2015:23:54:12 -0400] "GET /opensso/namingservice HTTP/1.1" 200 7 "-" "Java/1.5.0_21" 220 183
127.0.0.1 - - [21/Sep/2015:23:54:13 -0400] "GET /opensso/namingservice HTTP/1.1" 200 7 "-" "Java/1.5.0_21" 220 183
127.0.0.1 - - [21/Sep/2015:23:54:42 -0400] "GET /opensso/namingservice HTTP/1.1" 200 7 "-" "Java/1.5.0_21" 220 183
127.0.0.1 - - [21/Sep/2015:23:54:43 -0400] "GET /opensso/namingservice HTTP/1.1" 200 7 "-" "Java/1.5.0_21" 220 183
70.34.5.199 - - [21/Sep/2015:23:54:58 -0400] "GET /arcgis/rest/services/CombinedNomenclature/MapServer/export?f=image&bbox=-132.35311102183584%2C-80.82423974906318%2C-19.755369927135575%2C99.17576025093682&bboxSR=104903&size=720%2C1151&format=png&transparent=true&dpi=175&imageSR=104903&layers=hide%3A-1 HTTP/1.1" 200 9997 "-" "ArcGIS.Android-10.2.3/4.4.2/HEWLETT-PACKARD-HP-7-G2" 407 10285
127.0.0.1 - - [21/Sep/2015:23:55:12 -0400] "GET /opensso/namingservice HTTP/1.1" 200 7 "-" "Java/1.5.0_21" 220 183
127.0.0.1 - - [21/Sep/2015:23:55:13 -0400] "GET /opensso/namingservice HTTP/1.1" 200 7 "-" "Java/1.5.0_21" 220 183
127.0.0.1 - - [21/Sep/2015:23:55:42 -0400] "GET /opensso/namingservice HTTP/1.1" 200 7 "-" "Java/1.5.0_21" 220 183
127.0.0.1 - - [21/Sep/2015:23:55:43 -0400] "GET /opensso/namingservice HTTP/1.1" 200 7 "-" "Java/1.5.0_21" 220 183
70.34.5.199 - - [21/Sep/2015:23:55:51 -0400] "GET /arcgis/rest/services/CombinedNomenclature/MapServer/export?f=image&bbox=-138.59986465149228%2C-60.3536942230938%2C-26.002123556792014%2C119.6463057769062&bboxSR=104903&size=720%2C1151&format=png&transparent=true&dpi=175&imageSR=104903&layers=hide%3A-1 HTTP/1.1" 200 10001 "-" "ArcGIS.Android-10.2.3/4.4.2/HEWLETT-PACKARD-HP-7-G2" 406 10292
70.34.5.199 - - [21/Sep/2015:23:55:52 -0400] "GET /arcgis/rest/services/CombinedNomenclature/MapServer/export?f=image&bbox=-119.2349269678036%2C-120.12726068703813%2C-6.637185873103334%2C59.87273931296187&bboxSR=104903&size=720%2C1151&format=png&transparent=true&dpi=175&imageSR=104903&layers=hide%3A-1 HTTP/1.1" 200 9640 "-" "ArcGIS.Android-10.2.3/4.4.2/HEWLETT-PACKARD-HP-7-G2" 406 9930
70.34.5.199 - - [21/Sep/2015:23:55:53 -0400] "GET /arcgis/rest/services/CombinedNomenclature/MapServer/export?f=image&bbox=-115.17453615402415%2C-75.12332813518103%2C-2.576795059323885%2C104.87667186481897&bboxSR=104903&size=720%2C1151&format=png&transparent=true&dpi=175&imageSR=104903&layers=hide%3A-1 HTTP/1.1" 200 9692 "-" "ArcGIS.Android-10.2.3/4.4.2/HEWLETT-PACKARD-HP-7-G2" 407 9981
70.34.5.199 - - [21/Sep/2015:23:56:05 -0400] "GET /arcgis/rest/services/CombinedNomenclature/MapServer/export?f=image&bbox=-115.17453615402415%2C-75.12332813518103%2C-2.576795059323885%2C104.87667186481897&bboxSR=104903&size=720%2C1151&format=png&transparent=true&dpi=175&imageSR=104903&layers=hide%3A-1 HTTP/1.1" 200 9692 "-" "ArcGIS.Android-10.2.3/4.4.2/HEWLETT-PACKARD-HP-7-G2" 407 9982
127.0.0.1 - - [21/Sep/2015:23:56:12 -0400] "GET /opensso/namingservice HTTP/1.1" 200 7 "-" "Java/1.5.0_21" 220 183
127.0.0.1 - - [21/Sep/2015:23:56:13 -0400] "GET /opensso/namingservice HTTP/1.1" 200 7 "-" "Java/1.5.0_21" 220 183
127.0.0.1 - - [21/Sep/2015:23:56:42 -0400] "GET /opensso/namingservice HTTP/1.1" 200 7 "-" "Java/1.5.0_21" 220 183
127.0.0.1 - - [21/Sep/2015:23:56:43 -0400] "GET /opensso/namingservice HTTP/1.1" 200 7 "-" "Java/1.5.0_21" 220 183
66.249.64.178 - - [21/Sep/2015:23:56:58 -0400] "GET /redmine/activity?from=2006-03-02&show_news=1 HTTP/1.1" 200 5361 "-" "Mozilla/5.0 (compatible; Googlebot/2.1; +http://www.google.com/bot.html)" 335 5923
70.34.5.199 - - [21/Sep/2015:23:56:57 -0400] "GET /arcgis/rest/services/CombinedNomenclature/MapServer/export?f=image&bbox=-142.17040100893124%2C22.54596059121465%2C-140.83806055302674%2C24.67585484780645&bboxSR=104903&size=720%2C1151&format=png&transparent=true&dpi=175&imageSR=104903&layers=hide%3A-1 HTTP/1.1" 200 3787 "-" "ArcGIS.Android-10.2.3/4.4.2/HEWLETT-PACKARD-HP-7-G2" 406 4076
70.34.5.199 - - [21/Sep/2015:23:57:03 -0400] "GET /arcgis/rest/services/CombinedNomenclature/MapServer/export?f=image&bbox=-143.52571009273765%2C20.711071805898563%2C-139.47334625454155%2C27.18024070709649&bboxSR=104903&size=721%2C1151&format=png&transparent=true&dpi=175&imageSR=104903&layers=hide%3A-1 HTTP/1.1" 200 5446 "-" "ArcGIS.Android-10.2.3/4.4.2/HEWLETT-PACKARD-HP-7-G2" 407 5735
70.34.5.199 - - [21/Sep/2015:23:57:04 -0400] "GET /arcgis/rest/services/CombinedNomenclature/MapServer/export?f=image&bbox=-149.69921819266813%2C15.299690145760374%2C-133.96033197942208%2C40.48190808695407&bboxSR=104903&size=720%2C1152&format=png&transparent=true&dpi=175&imageSR=104903&layers=hide%3A-1 HTTP/1.1" 200 9955 "-" "ArcGIS.Android-10.2.3/4.4.2/HEWLETT-PACKARD-HP-7-G2" 407 10244
127.0.0.1 - - [21/Sep/2015:23:57:12 -0400] "GET /opensso/namingservice HTTP/1.1" 200 7 "-" "Java/1.5.0_21" 220 183
127.0.0.1 - - [21/Sep/2015:23:57:13 -0400] "GET /opensso/namingservice HTTP/1.1" 200 7 "-" "Java/1.5.0_21" 220 183
100.43.91.4 - - [21/Sep/2015:23:57:24 -0400] "GET /redmine/activity?from=2014-08-30&show_issues=1 HTTP/1.1" 200 5616 "-" "Mozilla/5.0 (compatible; YandexBot/3.0; +http://yandex.com/bots)" 328 6178
70.34.5.199 - - [21/Sep/2015:23:57:39 -0400] "GET /arcgis/rest/services/ERGraticule/MapServer?f=json HTTP/1.1" 200 701 "-" "ArcGIS.Android-10.2.3/4.4.2/HEWLETT-PACKARD-HP-7-G2" 204 997
127.0.0.1 - - [21/Sep/2015:23:57:42 -0400] "GET /opensso/namingservice HTTP/1.1" 200 7 "-" "Java/1.5.0_21" 220 183
127.0.0.1 - - [21/Sep/2015:23:57:43 -0400] "GET /opensso/namingservice HTTP/1.1" 200 7 "-" "Java/1.5.0_21" 220 183
127.0.0.1 - - [21/Sep/2015:23:58:12 -0400] "GET /opensso/namingservice HTTP/1.1" 200 7 "-" "Java/1.5.0_21" 220 183
127.0.0.1 - - [21/Sep/2015:23:58:13 -0400] "GET /opensso/namingservice HTTP/1.1" 200 7 "-" "Java/1.5.0_21" 220 183
137.78.207.218 - - [21/Sep/2015:23:58:34 -0400] "HEAD /LMMPUI/LMMP_CLIENT/LMMP.html HTTP/1.1" 200 - "-" "curl/7.38.0" 110 274
127.0.0.1 - - [21/Sep/2015:23:58:42 -0400] "GET /opensso/namingservice HTTP/1.1" 200 7 "-" "Java/1.5.0_21" 220 183
127.0.0.1 - - [21/Sep/2015:23:58:43 -0400] "GET /opensso/namingservice HTTP/1.1" 200 7 "-" "Java/1.5.0_21" 220 183
127.0.0.1 - - [21/Sep/2015:23:59:12 -0400] "GET /opensso/namingservice HTTP/1.1" 200 7 "-" "Java/1.5.0_21" 220 183
127.0.0.1 - - [21/Sep/2015:23:59:13 -0400] "GET /opensso/namingservice HTTP/1.1" 200 7 "-" "Java/1.5.0_21" 220 183
70.34.5.199 - - [21/Sep/2015:23:59:17 -0400] "GET /arcgis/rest/services/ERGraticule/MapServer?f=json HTTP/1.1" 200 701 "-" "ArcGIS.Android-10.2.3/4.4.2/HEWLETT-PACKARD-HP-7-G2" 204 997
70.34.5.199 - - [21/Sep/2015:23:59:22 -0400] "GET /arcgis/rest/services/ERGraticule/MapServer/export?f=image&bbox=-143.7398338917293%2C26.220940017042125%2C-128.00094767848324%2C51.40315795823582&bboxSR=104903&size=720%2C1152&format=png&transparent=true&dpi=175&imageSR=104903&layers=hide%3A-1 HTTP/1.1" 200 6370 "-" "ArcGIS.Android-10.2.3/4.4.2/HEWLETT-PACKARD-HP-7-G2" 397 6659
70.34.5.199 - - [21/Sep/2015:23:59:22 -0400] "GET /arcgis/rest/services/CombinedNomenclature/MapServer/export?f=image&bbox=-143.7398338917293%2C26.220940017042125%2C-128.00094767848324%2C51.40315795823582&bboxSR=104903&size=720%2C1152&format=png&transparent=true&dpi=175&imageSR=104903&layers=hide%3A-1 HTTP/1.1" 200 12270 "-" "ArcGIS.Android-10.2.3/4.4.2/HEWLETT-PACKARD-HP-7-G2" 406 12560
127.0.0.1 - - [21/Sep/2015:23:59:42 -0400] "GET /opensso/namingservice HTTP/1.1" 200 7 "-" "Java/1.5.0_21" 220 183
127.0.0.1 - - [21/Sep/2015:23:59:43 -0400] "GET /opensso/namingservice HTTP/1.1" 200 7 "-" "Java/1.5.0_21" 220 183
70.34.5.199 - - [21/Sep/2015:23:59:59 -0400] "GET /arcgis/rest/services/ERGraticule/MapServer/export?f=image&bbox=-143.7398338917293%2C26.220940017042125%2C-128.00094767848324%2C51.40315795823582&bboxSR=104903&size=720%2C1152&format=png&transparent=true&dpi=175&imageSR=104903&layers=hide%3A-1 HTTP/1.1" 200 6370 "-" "ArcGIS.Android-10.2.3/4.4.2/HEWLETT-PACKARD-HP-7-G2" 397 6659
70.34.5.199 - - [21/Sep/2015:23:59:59 -0400] "GET /arcgis/rest/services/CombinedNomenclature/MapServer/export?f=image&bbox=-143.7398338917293%2C26.220940017042125%2C-128.00094767848324%2C51.40315795823582&bboxSR=104903&size=720%2C1152&format=png&transparent=true&dpi=175&imageSR=104903&layers=hide%3A-1 HTTP/1.1" 200 12270 "-" "ArcGIS.Android-10.2.3/4.4.2/HEWLETT-PACKARD-HP-7-G2" 406 12560
127.0.0.1 - - [22/Sep/2015:00:00:12 -0400] "GET /opensso/namingservice HTTP/1.1" 200 7 "-" "Java/1.5.0_21" 220 183
127.0.0.1 - - [22/Sep/2015:00:00:13 -0400] "GET /opensso/namingservice HTTP/1.1" 200 7 "-" "Java/1.5.0_21" 220 183
70.34.5.199 - - [22/Sep/2015:00:00:11 -0400] "GET /arcgis/rest/services/CombinedNomenclature/MapServer/export?f=image&bbox=-143.60885829162996%2C30.873392822442653%2C-127.84811251419883%2C56.05561076363635&bboxSR=104903&size=721%2C1152&format=png&transparent=true&dpi=175&imageSR=104903&layers=hide%3A-1 HTTP/1.1" 200 10851 "-" "ArcGIS.Android-10.2.3/4.4.2/HEWLETT-PACKARD-HP-7-G2" 407 11140
70.34.5.199 - - [22/Sep/2015:00:00:12 -0400] "GET /arcgis/rest/services/ERGraticule/MapServer/export?f=image&bbox=-143.60885829162996%2C30.873392822442653%2C-127.84811251419883%2C56.05561076363635&bboxSR=104903&size=721%2C1152&format=png&transparent=true&dpi=175&imageSR=104903&layers=hide%3A-1 HTTP/1.1" 200 6261 "-" "ArcGIS.Android-10.2.3/4.4.2/HEWLETT-PACKARD-HP-7-G2" 398 6550
70.34.5.199 - - [22/Sep/2015:00:00:39 -0400] "GET /opensso/UI/Login?module=Anonymous&org=appspub&goto=https://pub.lmmp.nasa.gov/LMMP/rest/dbxml/fgdc/html?label=LO_HRMR_Mosaic_Global_512ppd HTTP/1.1" 302 - "-" "Mozilla/5.0 (Linux; Android 4.4.2; HP 7 G2 Build/KVT49L) AppleWebKit/537.36 (KHTML, like Gecko) Version/4.0 Chrome/30.0.0.0 Safari/537.36" 552 978
70.34.5.199 - - [22/Sep/2015:00:00:39 -0400] "GET /opensso/UI/Login?module=Anonymous&org=appspub&goto=https://pub.lmmp.nasa.gov/LMMP/rest/dbxml/fgdc/abstract?label=LO_HRMR_Mosaic_Global_512ppd HTTP/1.1" 302 - "-" "Dalvik/1.6.0 (Linux; U; Android 4.4.2; HP 7 G2 Build/KVT49L)" 305 978
127.0.0.1 - - [22/Sep/2015:00:00:40 -0400] "POST /opensso/sessionservice HTTP/1.1" 200 2392 "-" "Java/1.5.0_21" 819 2570
127.0.0.1 - - [22/Sep/2015:00:00:40 -0400] "POST /opensso/sessionservice HTTP/1.1" 200 273 "-" "Java/1.5.0_21" 885 450
127.0.0.1 - - [22/Sep/2015:00:00:40 -0400] "POST /opensso/sessionservice HTTP/1.1" 200 2392 "-" "Java/1.5.0_21" 819 2570
127.0.0.1 - - [22/Sep/2015:00:00:40 -0400] "POST /opensso/sessionservice HTTP/1.1" 200 2348 "-" "Java/1.5.0_21" 819 2525
127.0.0.1 - - [22/Sep/2015:00:00:40 -0400] "POST /opensso/policyservice HTTP/1.1" 200 9465 "-" "Java/1.5.0_21" 1117 9650
127.0.0.1 - - [22/Sep/2015:00:00:40 -0400] "POST /opensso/jaxrpc/SMSObjectIF HTTP/1.1" 200 505 "-" "Java/1.5.0_21" 847 766
127.0.0.1 - - [22/Sep/2015:00:00:40 -0400] "POST /opensso/jaxrpc/DirectoryManagerIF HTTP/1.1" 200 1290 "-" "Java/1.5.0_21" 1362 1551
127.0.0.1 - - [22/Sep/2015:00:00:40 -0400] "POST /opensso/sessionservice HTTP/1.1" 200 273 "-" "Java/1.5.0_21" 885 450
127.0.0.1 - - [22/Sep/2015:00:00:40 -0400] "POST /opensso/policyservice HTTP/1.1" 200 9465 "-" "Java/1.5.0_21" 1117 9650
127.0.0.1 - - [22/Sep/2015:00:00:40 -0400] "POST /opensso/jaxrpc/SMSObjectIF HTTP/1.1" 200 505 "-" "Java/1.5.0_21" 847 766
127.0.0.1 - - [22/Sep/2015:00:00:40 -0400] "POST /opensso/jaxrpc/DirectoryManagerIF HTTP/1.1" 200 1290 "-" "Java/1.5.0_21" 1362 1551
127.0.0.1 - - [22/Sep/2015:00:00:40 -0400] "POST /opensso/policyservice HTTP/1.1" 200 9465 "-" "Java/1.5.0_21" 1113 9650
127.0.0.1 - - [22/Sep/2015:00:00:40 -0400] "POST /LMMP/rest/transform/fgdc/2html HTTP/1.1" 200 26006 "-" "Jakarta Commons-HttpClient/3.0.1" 27573 30015
70.34.5.199 - - [22/Sep/2015:00:00:40 -0400] "GET /LMMP/rest/dbxml/fgdc/html?label=LO_HRMR_Mosaic_Global_512ppd&iPlanetDirectoryPro=AQIC5wM2LY4SfcyTopm2uR2%2B%2BdxC3UbHA6VchCijH25aDpA%3D%40AAJTSQACMDE%3D%23 HTTP/1.1" 200 26005 "-" "Mozilla/5.0 (Linux; Android 4.4.2; HP 7 G2 Build/KVT49L) AppleWebKit/537.36 (KHTML, like Gecko) Version/4.0 Chrome/30.0.0.0 Safari/537.36" 1096 30873
70.34.5.199 - - [22/Sep/2015:00:00:41 -0400] "GET /favicon.ico HTTP/1.1" 404 209 "-" "Mozilla/5.0 (Linux; Android 4.4.2; HP 7 G2 Build/KVT49L) AppleWebKit/537.36 (KHTML, like Gecko) Version/4.0 Chrome/30.0.0.0 Safari/537.36" 538 522
127.0.0.1 - - [22/Sep/2015:00:00:42 -0400] "GET /opensso/namingservice HTTP/1.1" 200 7 "-" "Java/1.5.0_21" 220 183
127.0.0.1 - - [22/Sep/2015:00:00:43 -0400] "GET /opensso/namingservice HTTP/1.1" 200 7 "-" "Java/1.5.0_21" 220 182
66.249.64.178 - - [22/Sep/2015:00:00:45 -0400] "GET /redmine/activity?from=2006-04-01&show_news=1 HTTP/1.1" 200 5361 "-" "Mozilla/5.0 (compatible; Googlebot/2.1; +http://www.google.com/bot.html)" 335 5923
70.34.5.199 - - [22/Sep/2015:00:00:40 -0400] "GET /LMMP/rest/dbxml/fgdc/abstract?label=LO_HRMR_Mosaic_Global_512ppd&iPlanetDirectoryPro=AQIC5wM2LY4SfcxQKIJUMu4ceB25691Mrk5o2xWEo8n7PfY%3D%40AAJTSQACMDE%3D%23 HTTP/1.1" 200 746 "-" "Dalvik/1.6.0 (Linux; U; Android 4.4.2; HP 7 G2 Build/KVT49L)" 864 4878
127.0.0.1 - - [22/Sep/2015:00:01:12 -0400] "GET /opensso/namingservice HTTP/1.1" 200 7 "-" "Java/1.5.0_21" 220 183
127.0.0.1 - - [22/Sep/2015:00:01:13 -0400] "GET /opensso/namingservice HTTP/1.1" 200 7 "-" "Java/1.5.0_21" 220 183
70.34.5.199 - - [22/Sep/2015:00:01:17 -0400] "GET /arcgis/rest/services/ERGraticule/MapServer/export?f=image&bbox=-111.08571110944943%2C-177.58285455608672%2C111.08571821679446%2C177.58286093628374&bboxSR=104903&size=720%2C1151&format=png&transparent=true&dpi=175&imageSR=104903&layers=hide%3A-1 HTTP/1.1" 200 7205 "-" "ArcGIS.Android-10.2.3/4.4.2/HEWLETT-PACKARD-HP-7-G2" 399 7495
70.34.5.199 - - [22/Sep/2015:00:01:18 -0400] "GET /arcgis/rest/services/CombinedNomenclature/MapServer/export?f=image&bbox=-111.08571110944943%2C-177.58285455608672%2C111.08571821679446%2C177.58286093628374&bboxSR=104903&size=720%2C1151&format=png&transparent=true&dpi=175&imageSR=104903&layers=hide%3A-1 HTTP/1.1" 200 531 "-" "ArcGIS.Android-10.2.3/4.4.2/HEWLETT-PACKARD-HP-7-G2" 408 819
70.34.5.199 - - [22/Sep/2015:00:01:26 -0400] "GET /arcgis/rest/services/CombinedNomenclature/MapServer/export?f=image&bbox=-134.1964568631903%2C-189.60774229225336%2C87.9749724630536%2C165.5579732001171&bboxSR=104903&size=720%2C1151&format=png&transparent=true&dpi=175&imageSR=104903&layers=hide%3A-1 HTTP/1.1" 200 531 "-" "ArcGIS.Android-10.2.3/4.4.2/HEWLETT-PACKARD-HP-7-G2" 404 818
70.34.5.199 - - [22/Sep/2015:00:01:26 -0400] "GET /arcgis/rest/services/ERGraticule/MapServer/export?f=image&bbox=-134.1964568631903%2C-189.60774229225336%2C87.9749724630536%2C165.5579732001171&bboxSR=104903&size=720%2C1151&format=png&transparent=true&dpi=175&imageSR=104903&layers=hide%3A-1 HTTP/1.1" 200 7529 "-" "ArcGIS.Android-10.2.3/4.4.2/HEWLETT-PACKARD-HP-7-G2" 395 7818
70.34.5.199 - - [22/Sep/2015:00:01:28 -0400] "GET /arcgis/rest/services/CombinedNomenclature/MapServer/export?f=image&bbox=-164.08637604956112%2C-193.6160444822107%2C58.08505327668277%2C161.54967101015976&bboxSR=104903&size=720%2C1151&format=png&transparent=true&dpi=175&imageSR=104903&layers=hide%3A-1 HTTP/1.1" 200 531 "-" "ArcGIS.Android-10.2.3/4.4.2/HEWLETT-PACKARD-HP-7-G2" 406 818
70.34.5.199 - - [22/Sep/2015:00:01:28 -0400] "GET /arcgis/rest/services/ERGraticule/MapServer/export?f=image&bbox=-164.08637604956112%2C-193.6160444822107%2C58.08505327668277%2C161.54967101015976&bboxSR=104903&size=720%2C1151&format=png&transparent=true&dpi=175&imageSR=104903&layers=hide%3A-1 HTTP/1.1" 200 7962 "-" "ArcGIS.Android-10.2.3/4.4.2/HEWLETT-PACKARD-HP-7-G2" 397 8251
70.34.5.199 - - [22/Sep/2015:00:01:29 -0400] "GET /arcgis/rest/services/CombinedNomenclature/MapServer/export?f=image&bbox=-137.27789590825762%2C-151.37475527619833%2C84.89353341798628%2C203.79096021617212&bboxSR=104903&size=720%2C1151&format=png&transparent=true&dpi=175&imageSR=104903&layers=hide%3A-1 HTTP/1.1" 200 531 "-" "ArcGIS.Android-10.2.3/4.4.2/HEWLETT-PACKARD-HP-7-G2" 407 819
70.34.5.199 - - [22/Sep/2015:00:01:30 -0400] "GET /arcgis/rest/services/ERGraticule/MapServer/export?f=image&bbox=-137.27789590825762%2C-151.37475527619833%2C84.89353341798628%2C203.79096021617212&bboxSR=104903&size=720%2C1151&format=png&transparent=true&dpi=175&imageSR=104903&layers=hide%3A-1 HTTP/1.1" 200 7505 "-" "ArcGIS.Android-10.2.3/4.4.2/HEWLETT-PACKARD-HP-7-G2" 398 7793
127.0.0.1 - - [22/Sep/2015:00:01:42 -0400] "GET /opensso/namingservice HTTP/1.1" 200 7 "-" "Java/1.5.0_21" 220 183
127.0.0.1 - - [22/Sep/2015:00:01:43 -0400] "GET /opensso/namingservice HTTP/1.1" 200 7 "-" "Java/1.5.0_21" 220 183
100.43.91.4 - - [22/Sep/2015:00:02:11 -0400] "GET /redmine/activity?from=2012-09-15 HTTP/1.1" 200 5588 "-" "Mozilla/5.0 (compatible; YandexBot/3.0; +http://yandex.com/bots)" 314 6150
127.0.0.1 - - [22/Sep/2015:00:02:12 -0400] "GET /opensso/namingservice HTTP/1.1" 200 7 "-" "Java/1.5.0_21" 220 183
127.0.0.1 - - [22/Sep/2015:00:02:13 -0400] "GET /opensso/namingservice HTTP/1.1" 200 7 "-" "Java/1.5.0_21" 220 183
127.0.0.1 - - [22/Sep/2015:00:02:42 -0400] "GET /opensso/namingservice HTTP/1.1" 200 7 "-" "Java/1.5.0_21" 220 183
127.0.0.1 - - [22/Sep/2015:00:02:43 -0400] "GET /opensso/namingservice HTTP/1.1" 200 7 "-" "Java/1.5.0_21" 220 183
127.0.0.1 - - [22/Sep/2015:00:03:12 -0400] "GET /opensso/namingservice HTTP/1.1" 200 7 "-" "Java/1.5.0_21" 220 183
127.0.0.1 - - [22/Sep/2015:00:03:13 -0400] "GET /opensso/namingservice HTTP/1.1" 200 7 "-" "Java/1.5.0_21" 220 183
70.34.5.199 - - [22/Sep/2015:00:03:20 -0400] "GET /arcgis/rest/services/ERGraticule/MapServer/export?f=image&bbox=39.80379693667133%2C29.756481074397236%2C40.80620207400552%2C31.360329294131937&bboxSR=104903&size=720%2C1152&format=png&transparent=true&dpi=175&imageSR=104903&layers=hide%3A-1 HTTP/1.1" 200 3668 "-" "ArcGIS.Android-10.2.3/4.4.2/HEWLETT-PACKARD-HP-7-G2" 395 3956
70.34.5.199 - - [22/Sep/2015:00:03:20 -0400] "GET /arcgis/rest/services/CombinedNomenclature/MapServer/export?f=image&bbox=39.80379693667133%2C29.756481074397236%2C40.80620207400552%2C31.360329294131937&bboxSR=104903&size=720%2C1152&format=png&transparent=true&dpi=175&imageSR=104903&layers=hide%3A-1 HTTP/1.1" 200 4835 "-" "ArcGIS.Android-10.2.3/4.4.2/HEWLETT-PACKARD-HP-7-G2" 404 5125
137.78.207.218 - - [22/Sep/2015:00:03:34 -0400] "HEAD /LMMPUI/LMMP_CLIENT/LMMP.html HTTP/1.1" 200 - "-" "curl/7.38.0" 110 274
70.34.5.199 - - [22/Sep/2015:00:03:36 -0400] "GET /arcgis/rest/services/ERGraticule/MapServer/export?f=image&bbox=39.54578227905545%2C29.381171435083857%2C41.05739507919383%2C31.794300884403235&bboxSR=104903&size=721%2C1151&format=png&transparent=true&dpi=175&imageSR=104903&layers=hide%3A-1 HTTP/1.1" 200 3661 "-" "ArcGIS.Android-10.2.3/4.4.2/HEWLETT-PACKARD-HP-7-G2" 395 3949
70.34.5.199 - - [22/Sep/2015:00:03:37 -0400] "GET /arcgis/rest/services/ERGraticule/MapServer/export?f=image&bbox=39.17107537830014%2C28.849098285299103%2C41.41624699425335%2C32.441372870824246&bboxSR=104903&size=720%2C1152&format=png&transparent=true&dpi=175&imageSR=104903&layers=hide%3A-1 HTTP/1.1" 200 5521 "-" "ArcGIS.Android-10.2.3/4.4.2/HEWLETT-PACKARD-HP-7-G2" 395 5810
127.0.0.1 - - [22/Sep/2015:00:03:42 -0400] "GET /opensso/namingservice HTTP/1.1" 200 7 "-" "Java/1.5.0_21" 220 183
127.0.0.1 - - [22/Sep/2015:00:03:43 -0400] "GET /opensso/namingservice HTTP/1.1" 200 7 "-" "Java/1.5.0_21" 220 183
70.34.5.199 - - [22/Sep/2015:00:03:42 -0400] "GET /arcgis/rest/services/ERGraticule/MapServer/export?f=image&bbox=38.04789815726597%2C27.19735134229032%2C42.610914189445865%2C34.49817699377816&bboxSR=104903&size=720%2C1152&format=png&transparent=true&dpi=175&imageSR=104903&layers=hide%3A-1 HTTP/1.1" 200 5967 "-" "ArcGIS.Android-10.2.3/4.4.2/HEWLETT-PACKARD-HP-7-G2" 394 6256
70.34.5.199 - - [22/Sep/2015:00:03:43 -0400] "GET /arcgis/rest/services/ERGraticule/MapServer/export?f=image&bbox=35.959416509835286%2C24.195711026877408%2C40.52243254201518%2C31.496536678365242&bboxSR=104903&size=720%2C1152&format=png&transparent=true&dpi=175&imageSR=104903&layers=hide%3A-1 HTTP/1.1" 200 3868 "-" "ArcGIS.Android-10.2.3/4.4.2/HEWLETT-PACKARD-HP-7-G2" 396 4156
70.34.5.199 - - [22/Sep/2015:00:03:44 -0400] "GET /arcgis/rest/services/CombinedNomenclature/MapServer/export?f=image&bbox=32.932409305179576%2C26.998794713350858%2C37.49542533735947%2C34.299620364838695&bboxSR=104903&size=720%2C1152&format=png&transparent=true&dpi=175&imageSR=104903&layers=hide%3A-1 HTTP/1.1" 200 11330 "-" "ArcGIS.Android-10.2.3/4.4.2/HEWLETT-PACKARD-HP-7-G2" 405 11619
70.34.5.199 - - [22/Sep/2015:00:03:46 -0400] "GET /arcgis/rest/services/ERGraticule/MapServer/export?f=image&bbox=32.932409305179576%2C26.998794713350858%2C37.49542533735947%2C34.299620364838695&bboxSR=104903&size=720%2C1152&format=png&transparent=true&dpi=175&imageSR=104903&layers=hide%3A-1 HTTP/1.1" 200 6164 "-" "ArcGIS.Android-10.2.3/4.4.2/HEWLETT-PACKARD-HP-7-G2" 396 6453
70.34.5.199 - - [22/Sep/2015:00:03:38 -0400] "GET /arcgis/rest/services/ERGraticule/MapServer/export?f=image&bbox=38.68873326270814%2C28.165283366854958%2C41.91138841256574%2C33.30991038139879&bboxSR=104903&size=721%2C1151&format=png&transparent=true&dpi=175&imageSR=104903&layers=hide%3A-1 HTTP/1.1" 200 5944 "-" "ArcGIS.Android-10.2.3/4.4.2/HEWLETT-PACKARD-HP-7-G2" 394 6231
70.34.5.199 - - [22/Sep/2015:00:03:48 -0400] "GET /arcgis/rest/services/CombinedNomenclature/MapServer/export?f=image&bbox=32.22578147571686%2C31.92796588933162%2C36.78879750789675%2C39.22879154081946&bboxSR=104903&size=720%2C1152&format=png&transparent=true&dpi=175&imageSR=104903&layers=hide%3A-1 HTTP/1.1" 200 5764 "-" "ArcGIS.Android-10.2.3/4.4.2/HEWLETT-PACKARD-HP-7-G2" 402 6052
70.34.5.199 - - [22/Sep/2015:00:03:49 -0400] "GET /arcgis/rest/services/ERGraticule/MapServer/export?f=image&bbox=32.22578147571686%2C31.92796588933162%2C36.78879750789675%2C39.22879154081946&bboxSR=104903&size=720%2C1152&format=png&transparent=true&dpi=175&imageSR=104903&layers=hide%3A-1 HTTP/1.1" 200 5882 "-" "ArcGIS.Android-10.2.3/4.4.2/HEWLETT-PACKARD-HP-7-G2" 393 6171
127.0.0.1 - - [22/Sep/2015:00:04:12 -0400] "GET /opensso/namingservice HTTP/1.1" 200 7 "-" "Java/1.5.0_21" 220 183
127.0.0.1 - - [22/Sep/2015:00:04:13 -0400] "GET /opensso/namingservice HTTP/1.1" 200 7 "-" "Java/1.5.0_21" 220 183
66.249.64.178 - - [22/Sep/2015:00:04:16 -0400] "GET /redmine/issues/gantt?month=1&months=6&year=2039&zoom=3 HTTP/1.1" 200 51084 "-" "Mozilla/5.0 (compatible; Googlebot/2.1; +http://www.google.com/bot.html)" 345 51774
70.34.5.199 - - [22/Sep/2015:00:04:21 -0400] "GET /opensso/UI/Login?module=Anonymous&org=appspub&goto=null HTTP/1.1" 302 - "-" "Dalvik/1.6.0 (Linux; U; Android 4.4.2; HP 7 G2 Build/KVT49L)" 219 928
70.34.5.199 - - [22/Sep/2015:00:04:21 -0400] "GET /opensso/console?iPlanetDirectoryPro=AQIC5wM2LY4SfcyN5If09ToulzVEHf9YyexqfoG50lp4R7M%3D%40AAJTSQACMDE%3D%23 HTTP/1.1" 403 217 "-" "Dalvik/1.6.0 (Linux; U; Android 4.4.2; HP 7 G2 Build/KVT49L)" 270 401
66.249.64.178 - - [22/Sep/2015:00:04:32 -0400] "GET /redmine/issues/gantt?month=8&months=6&year=1690&zoom=4 HTTP/1.1" 200 51369 "-" "Mozilla/5.0 (compatible; Googlebot/2.1; +http://www.google.com/bot.html)" 345 52058
127.0.0.1 - - [22/Sep/2015:00:04:42 -0400] "GET /opensso/namingservice HTTP/1.1" 200 7 "-" "Java/1.5.0_21" 220 183
127.0.0.1 - - [22/Sep/2015:00:04:43 -0400] "GET /opensso/namingservice HTTP/1.1" 200 7 "-" "Java/1.5.0_21" 220 183
127.0.0.1 - - [22/Sep/2015:00:05:12 -0400] "GET /opensso/namingservice HTTP/1.1" 200 7 "-" "Java/1.5.0_21" 220 183
127.0.0.1 - - [22/Sep/2015:00:05:13 -0400] "GET /opensso/namingservice HTTP/1.1" 200 7 "-" "Java/1.5.0_21" 220 183
120.148.164.235 - - [22/Sep/2015:00:05:33 -0400] "GET /LMMPUI/LMMP_CLIENT/LMMP.html HTTP/1.1" 200 8973 "-" "Mozilla/5.0 (Macintosh; Intel Mac OS X 10_10_5) AppleWebKit/601.1.56 (KHTML, like Gecko)" 334 9303
120.148.164.235 - - [22/Sep/2015:00:05:34 -0400] "GET /favicon.ico HTTP/1.1" 404 209 "-" "Safari/10601.1.56 CFNetwork/720.5.7 Darwin/14.5.0 (x86_64)" 219 454
