127.0.0.1 - - [27/Sep/2014:02:43:09 -0400] "GET /opensso/namingservice HTTP/1.1" 200 7 "-" "Java/1.5.0_21" 220 183
66.249.64.139 - - [27/Sep/2014:02:43:17 -0400] "GET /redmine/issues/gantt?month=5&months=6&year=985&zoom=1 HTTP/1.1" 200 27526 "-" "Mozilla/5.0 (compatible; Googlebot/2.1; +http://www.google.com/bot.html)" 284 28215
127.0.0.1 - - [27/Sep/2014:02:43:20 -0400] "GET /opensso/namingservice HTTP/1.1" 200 7 "-" "Java/1.5.0_21" 220 183
127.0.0.1 - - [27/Sep/2014:02:43:39 -0400] "GET /opensso/namingservice HTTP/1.1" 200 7 "-" "Java/1.5.0_21" 220 183
127.0.0.1 - - [27/Sep/2014:02:43:50 -0400] "GET /opensso/namingservice HTTP/1.1" 200 7 "-" "Java/1.5.0_21" 220 183
127.0.0.1 - - [27/Sep/2014:02:44:09 -0400] "GET /opensso/namingservice HTTP/1.1" 200 7 "-" "Java/1.5.0_21" 220 183
127.0.0.1 - - [27/Sep/2014:02:44:20 -0400] "GET /opensso/namingservice HTTP/1.1" 200 7 "-" "Java/1.5.0_21" 220 183
127.0.0.1 - - [27/Sep/2014:02:44:39 -0400] "GET /opensso/namingservice HTTP/1.1" 200 7 "-" "Java/1.5.0_21" 220 183
127.0.0.1 - - [27/Sep/2014:02:44:50 -0400] "GET /opensso/namingservice HTTP/1.1" 200 7 "-" "Java/1.5.0_21" 220 183
127.0.0.1 - - [27/Sep/2014:02:45:09 -0400] "GET /opensso/namingservice HTTP/1.1" 200 7 "-" "Java/1.5.0_21" 220 183
127.0.0.1 - - [27/Sep/2014:02:45:20 -0400] "GET /opensso/namingservice HTTP/1.1" 200 7 "-" "Java/1.5.0_21" 220 183
127.0.0.1 - - [27/Sep/2014:02:45:39 -0400] "GET /opensso/namingservice HTTP/1.1" 200 7 "-" "Java/1.5.0_21" 220 183
127.0.0.1 - - [27/Sep/2014:02:45:50 -0400] "GET /opensso/namingservice HTTP/1.1" 200 7 "-" "Java/1.5.0_21" 220 183
127.0.0.1 - - [27/Sep/2014:02:46:09 -0400] "GET /opensso/namingservice HTTP/1.1" 200 7 "-" "Java/1.5.0_21" 220 183
192.99.149.88 - - [27/Sep/2014:02:46:14 -0400] "GET / HTTP/1.1" 302 237 "-" "Mozilla/5.0 (Windows NT 6.1; WOW64; Trident/7.0; rv:11.0) like Gecko" 220 543
127.0.0.1 - - [27/Sep/2014:02:46:20 -0400] "GET /opensso/namingservice HTTP/1.1" 200 7 "-" "Java/1.5.0_21" 220 183
127.0.0.1 - - [27/Sep/2014:02:46:39 -0400] "GET /opensso/namingservice HTTP/1.1" 200 7 "-" "Java/1.5.0_21" 220 183
127.0.0.1 - - [27/Sep/2014:02:46:50 -0400] "GET /opensso/namingservice HTTP/1.1" 200 7 "-" "Java/1.5.0_21" 220 183
66.249.64.139 - - [27/Sep/2014:02:47:04 -0400] "GET /redmine/issues/gantt?month=1&months=6&year=1084&zoom=4 HTTP/1.1" 200 51039 "-" "Mozilla/5.0 (compatible; Googlebot/2.1; +http://www.google.com/bot.html)" 285 51728
127.0.0.1 - - [27/Sep/2014:02:47:09 -0400] "GET /opensso/namingservice HTTP/1.1" 200 7 "-" "Java/1.5.0_21" 220 183
127.0.0.1 - - [27/Sep/2014:02:47:20 -0400] "GET /opensso/namingservice HTTP/1.1" 200 7 "-" "Java/1.5.0_21" 220 183
127.0.0.1 - - [27/Sep/2014:02:47:39 -0400] "GET /opensso/namingservice HTTP/1.1" 200 7 "-" "Java/1.5.0_21" 220 183
127.0.0.1 - - [27/Sep/2014:02:47:50 -0400] "GET /opensso/namingservice HTTP/1.1" 200 7 "-" "Java/1.5.0_21" 220 183
127.0.0.1 - - [27/Sep/2014:02:48:09 -0400] "GET /opensso/namingservice HTTP/1.1" 200 7 "-" "Java/1.5.0_21" 220 183
127.0.0.1 - - [27/Sep/2014:02:48:20 -0400] "GET /opensso/namingservice HTTP/1.1" 200 7 "-" "Java/1.5.0_21" 220 183
127.0.0.1 - - [27/Sep/2014:02:48:39 -0400] "GET /opensso/namingservice HTTP/1.1" 200 7 "-" "Java/1.5.0_21" 220 183
127.0.0.1 - - [27/Sep/2014:02:48:50 -0400] "GET /opensso/namingservice HTTP/1.1" 200 7 "-" "Java/1.5.0_21" 220 183
127.0.0.1 - - [27/Sep/2014:02:49:09 -0400] "GET /opensso/namingservice HTTP/1.1" 200 7 "-" "Java/1.5.0_21" 220 183
127.0.0.1 - - [27/Sep/2014:02:49:20 -0400] "GET /opensso/namingservice HTTP/1.1" 200 7 "-" "Java/1.5.0_21" 220 183
127.0.0.1 - - [27/Sep/2014:02:49:39 -0400] "GET /opensso/namingservice HTTP/1.1" 200 7 "-" "Java/1.5.0_21" 220 183
127.0.0.1 - - [27/Sep/2014:02:49:50 -0400] "GET /opensso/namingservice HTTP/1.1" 200 7 "-" "Java/1.5.0_21" 220 183
127.0.0.1 - - [27/Sep/2014:02:50:09 -0400] "GET /opensso/namingservice HTTP/1.1" 200 7 "-" "Java/1.5.0_21" 220 183
127.0.0.1 - - [27/Sep/2014:02:50:20 -0400] "GET /opensso/namingservice HTTP/1.1" 200 7 "-" "Java/1.5.0_21" 220 183
127.0.0.1 - - [27/Sep/2014:02:50:39 -0400] "GET /opensso/namingservice HTTP/1.1" 200 7 "-" "Java/1.5.0_21" 220 183
127.0.0.1 - - [27/Sep/2014:02:50:50 -0400] "GET /opensso/namingservice HTTP/1.1" 200 7 "-" "Java/1.5.0_21" 220 183
66.249.64.139 - - [27/Sep/2014:02:50:52 -0400] "GET /redmine/issues/gantt?month=11&months=6&year=2907&zoom=2 HTTP/1.1" 200 30901 "-" "Mozilla/5.0 (compatible; Googlebot/2.1; +http://www.google.com/bot.html)" 286 31590
127.0.0.1 - - [27/Sep/2014:02:51:09 -0400] "GET /opensso/namingservice HTTP/1.1" 200 7 "-" "Java/1.5.0_21" 220 183
127.0.0.1 - - [27/Sep/2014:02:51:20 -0400] "GET /opensso/namingservice HTTP/1.1" 200 7 "-" "Java/1.5.0_21" 220 183
127.0.0.1 - - [27/Sep/2014:02:51:39 -0400] "GET /opensso/namingservice HTTP/1.1" 200 7 "-" "Java/1.5.0_21" 220 183
127.0.0.1 - - [27/Sep/2014:02:51:50 -0400] "GET /opensso/namingservice HTTP/1.1" 200 7 "-" "Java/1.5.0_21" 220 183
127.0.0.1 - - [27/Sep/2014:02:52:09 -0400] "GET /opensso/namingservice HTTP/1.1" 200 7 "-" "Java/1.5.0_21" 220 183
127.0.0.1 - - [27/Sep/2014:02:52:20 -0400] "GET /opensso/namingservice HTTP/1.1" 200 7 "-" "Java/1.5.0_21" 220 183
127.0.0.1 - - [27/Sep/2014:02:52:39 -0400] "GET /opensso/namingservice HTTP/1.1" 200 7 "-" "Java/1.5.0_21" 220 183
127.0.0.1 - - [27/Sep/2014:02:52:50 -0400] "GET /opensso/namingservice HTTP/1.1" 200 7 "-" "Java/1.5.0_21" 220 183
127.0.0.1 - - [27/Sep/2014:02:53:09 -0400] "GET /opensso/namingservice HTTP/1.1" 200 7 "-" "Java/1.5.0_21" 220 183
127.0.0.1 - - [27/Sep/2014:02:53:20 -0400] "GET /opensso/namingservice HTTP/1.1" 200 7 "-" "Java/1.5.0_21" 220 183
127.0.0.1 - - [27/Sep/2014:02:53:39 -0400] "GET /opensso/namingservice HTTP/1.1" 200 7 "-" "Java/1.5.0_21" 220 183
127.0.0.1 - - [27/Sep/2014:02:53:50 -0400] "GET /opensso/namingservice HTTP/1.1" 200 7 "-" "Java/1.5.0_21" 220 183
127.0.0.1 - - [27/Sep/2014:02:54:09 -0400] "GET /opensso/namingservice HTTP/1.1" 200 7 "-" "Java/1.5.0_21" 220 183
127.0.0.1 - - [27/Sep/2014:02:54:20 -0400] "GET /opensso/namingservice HTTP/1.1" 200 7 "-" "Java/1.5.0_21" 220 183
127.0.0.1 - - [27/Sep/2014:02:54:39 -0400] "GET /opensso/namingservice HTTP/1.1" 200 7 "-" "Java/1.5.0_21" 220 183
127.0.0.1 - - [27/Sep/2014:02:54:50 -0400] "GET /opensso/namingservice HTTP/1.1" 200 7 "-" "Java/1.5.0_21" 220 183
66.249.64.131 - - [27/Sep/2014:02:54:51 -0400] "GET /redmine/issues/gantt?month=12&months=6&year=2906&zoom=1 HTTP/1.1" 200 27577 "-" "Mozilla/5.0 (compatible; Googlebot/2.1; +http://www.google.com/bot.html)" 286 28266
127.0.0.1 - - [27/Sep/2014:02:55:09 -0400] "GET /opensso/namingservice HTTP/1.1" 200 7 "-" "Java/1.5.0_21" 220 183
127.0.0.1 - - [27/Sep/2014:02:55:20 -0400] "GET /opensso/namingservice HTTP/1.1" 200 7 "-" "Java/1.5.0_21" 220 183
127.0.0.1 - - [27/Sep/2014:02:55:39 -0400] "GET /opensso/namingservice HTTP/1.1" 200 7 "-" "Java/1.5.0_21" 220 183
127.0.0.1 - - [27/Sep/2014:02:55:50 -0400] "GET /opensso/namingservice HTTP/1.1" 200 7 "-" "Java/1.5.0_21" 220 183
127.0.0.1 - - [27/Sep/2014:02:56:09 -0400] "GET /opensso/namingservice HTTP/1.1" 200 7 "-" "Java/1.5.0_21" 220 183
127.0.0.1 - - [27/Sep/2014:02:56:20 -0400] "GET /opensso/namingservice HTTP/1.1" 200 7 "-" "Java/1.5.0_21" 220 183
127.0.0.1 - - [27/Sep/2014:02:56:39 -0400] "GET /opensso/namingservice HTTP/1.1" 200 7 "-" "Java/1.5.0_21" 220 183
127.0.0.1 - - [27/Sep/2014:02:56:50 -0400] "GET /opensso/namingservice HTTP/1.1" 200 7 "-" "Java/1.5.0_21" 220 183
127.0.0.1 - - [27/Sep/2014:02:57:09 -0400] "GET /opensso/namingservice HTTP/1.1" 200 7 "-" "Java/1.5.0_21" 220 183
127.0.0.1 - - [27/Sep/2014:02:57:20 -0400] "GET /opensso/namingservice HTTP/1.1" 200 7 "-" "Java/1.5.0_21" 220 183
127.0.0.1 - - [27/Sep/2014:02:57:39 -0400] "GET /opensso/namingservice HTTP/1.1" 200 7 "-" "Java/1.5.0_21" 220 183
127.0.0.1 - - [27/Sep/2014:02:57:50 -0400] "GET /opensso/namingservice HTTP/1.1" 200 7 "-" "Java/1.5.0_21" 220 183
127.0.0.1 - - [27/Sep/2014:02:58:09 -0400] "GET /opensso/namingservice HTTP/1.1" 200 7 "-" "Java/1.5.0_21" 220 183
127.0.0.1 - - [27/Sep/2014:02:58:20 -0400] "POST /opensso/sessionservice HTTP/1.1" 200 2025 "-" "Java/1.5.0_21" 714 2203
127.0.0.1 - - [27/Sep/2014:02:58:20 -0400] "GET /opensso/identity//xml/read?name=TomcatApps3&attributes_names=realm&attributes_values_realm=%2Fappspub&attributes_names=objecttype&attributes_values_objecttype=Agent&admin=AQIC5wM2LY4Sfczb2X8A3edyV7QGQ%2FhAhh0hyvYomzA6bWs%3D%40AAJTSQACMDE%3D%23 HTTP/1.1" 200 13731 "-" "Java/1.5.0_21" 442 13915
127.0.0.1 - - [27/Sep/2014:02:58:20 -0400] "GET /opensso/namingservice HTTP/1.1" 200 7 "-" "Java/1.5.0_21" 220 182
66.249.64.139 - - [27/Sep/2014:02:58:26 -0400] "GET /redmine/issues/gantt?month=1&months=6&year=2009&zoom=4 HTTP/1.1" 200 51023 "-" "Mozilla/5.0 (compatible; Googlebot/2.1; +http://www.google.com/bot.html)" 285 51712
127.0.0.1 - - [27/Sep/2014:02:58:39 -0400] "GET /opensso/namingservice HTTP/1.1" 200 7 "-" "Java/1.5.0_21" 220 183
127.0.0.1 - - [27/Sep/2014:02:58:50 -0400] "GET /opensso/namingservice HTTP/1.1" 200 7 "-" "Java/1.5.0_21" 220 183
123.125.71.90 - - [27/Sep/2014:02:58:51 -0400] "GET / HTTP/1.1" 302 237 "-" "Mozilla/5.0 (compatible; Baiduspider/2.0; +http://www.baidu.com/search/spider.html)" 183 506
127.0.0.1 - - [27/Sep/2014:02:59:09 -0400] "GET /opensso/namingservice HTTP/1.1" 200 7 "-" "Java/1.5.0_21" 220 183
127.0.0.1 - - [27/Sep/2014:02:59:20 -0400] "GET /opensso/namingservice HTTP/1.1" 200 7 "-" "Java/1.5.0_21" 220 183
220.181.108.167 - - [27/Sep/2014:02:59:35 -0400] "GET / HTTP/1.1" 302 237 "-" "Mozilla/5.0 (compatible; Baiduspider/2.0; +http://www.baidu.com/search/spider.html)" 183 506
127.0.0.1 - - [27/Sep/2014:02:59:39 -0400] "GET /opensso/namingservice HTTP/1.1" 200 7 "-" "Java/1.5.0_21" 220 183
127.0.0.1 - - [27/Sep/2014:02:59:50 -0400] "GET /opensso/namingservice HTTP/1.1" 200 7 "-" "Java/1.5.0_21" 220 183
127.0.0.1 - - [27/Sep/2014:03:00:09 -0400] "GET /opensso/namingservice HTTP/1.1" 200 7 "-" "Java/1.5.0_21" 220 183
127.0.0.1 - - [27/Sep/2014:03:00:20 -0400] "GET /opensso/namingservice HTTP/1.1" 200 7 "-" "Java/1.5.0_21" 220 183
127.0.0.1 - - [27/Sep/2014:03:00:39 -0400] "GET /opensso/namingservice HTTP/1.1" 200 7 "-" "Java/1.5.0_21" 220 183
127.0.0.1 - - [27/Sep/2014:03:00:50 -0400] "GET /opensso/namingservice HTTP/1.1" 200 7 "-" "Java/1.5.0_21" 220 183
127.0.0.1 - - [27/Sep/2014:03:01:09 -0400] "GET /opensso/namingservice HTTP/1.1" 200 7 "-" "Java/1.5.0_21" 220 183
127.0.0.1 - - [27/Sep/2014:03:01:20 -0400] "GET /opensso/namingservice HTTP/1.1" 200 7 "-" "Java/1.5.0_21" 220 183
127.0.0.1 - - [27/Sep/2014:03:01:39 -0400] "GET /opensso/namingservice HTTP/1.1" 200 7 "-" "Java/1.5.0_21" 220 183
127.0.0.1 - - [27/Sep/2014:03:01:50 -0400] "GET /opensso/namingservice HTTP/1.1" 200 7 "-" "Java/1.5.0_21" 220 183
127.0.0.1 - - [27/Sep/2014:03:02:09 -0400] "GET /opensso/namingservice HTTP/1.1" 200 7 "-" "Java/1.5.0_21" 220 183
66.249.64.131 - - [27/Sep/2014:03:02:14 -0400] "GET /redmine/issues/gantt?month=3&months=6&year=1083&zoom=2 HTTP/1.1" 200 30887 "-" "Mozilla/5.0 (compatible; Googlebot/2.1; +http://www.google.com/bot.html)" 285 31576
127.0.0.1 - - [27/Sep/2014:03:02:20 -0400] "GET /opensso/namingservice HTTP/1.1" 200 7 "-" "Java/1.5.0_21" 220 183
202.46.61.24 - - [27/Sep/2014:03:02:25 -0400] "GET / HTTP/1.1" 302 237 "-" "Mozilla/4.0 (compatible; MSIE 7.0; Windows NT 6.0)" 150 506
127.0.0.1 - - [27/Sep/2014:03:02:39 -0400] "GET /opensso/namingservice HTTP/1.1" 200 7 "-" "Java/1.5.0_21" 220 183
127.0.0.1 - - [27/Sep/2014:03:02:50 -0400] "GET /opensso/namingservice HTTP/1.1" 200 7 "-" "Java/1.5.0_21" 220 183
127.0.0.1 - - [27/Sep/2014:03:03:09 -0400] "GET /opensso/namingservice HTTP/1.1" 200 7 "-" "Java/1.5.0_21" 220 183
127.0.0.1 - - [27/Sep/2014:03:03:20 -0400] "GET /opensso/namingservice HTTP/1.1" 200 7 "-" "Java/1.5.0_21" 220 183
119.63.193.130 - - [27/Sep/2014:03:03:28 -0400] "GET / HTTP/1.1" 302 237 "-" "Mozilla/4.0 (compatible; MSIE 7.0; Windows NT 6.0)" 150 506
127.0.0.1 - - [27/Sep/2014:03:03:39 -0400] "GET /opensso/namingservice HTTP/1.1" 200 7 "-" "Java/1.5.0_21" 220 183
127.0.0.1 - - [27/Sep/2014:03:03:50 -0400] "GET /opensso/namingservice HTTP/1.1" 200 7 "-" "Java/1.5.0_21" 220 183
127.0.0.1 - - [27/Sep/2014:03:04:09 -0400] "GET /opensso/namingservice HTTP/1.1" 200 7 "-" "Java/1.5.0_21" 220 183
127.0.0.1 - - [27/Sep/2014:03:04:20 -0400] "GET /opensso/namingservice HTTP/1.1" 200 7 "-" "Java/1.5.0_21" 220 183
127.0.0.1 - - [27/Sep/2014:03:04:39 -0400] "GET /opensso/namingservice HTTP/1.1" 200 7 "-" "Java/1.5.0_21" 220 183
127.0.0.1 - - [27/Sep/2014:03:04:50 -0400] "GET /opensso/namingservice HTTP/1.1" 200 7 "-" "Java/1.5.0_21" 220 183
127.0.0.1 - - [27/Sep/2014:03:05:09 -0400] "GET /opensso/namingservice HTTP/1.1" 200 7 "-" "Java/1.5.0_21" 220 183
127.0.0.1 - - [27/Sep/2014:03:05:20 -0400] "GET /opensso/namingservice HTTP/1.1" 200 7 "-" "Java/1.5.0_21" 220 183
127.0.0.1 - - [27/Sep/2014:03:05:39 -0400] "GET /opensso/namingservice HTTP/1.1" 200 7 "-" "Java/1.5.0_21" 220 183
127.0.0.1 - - [27/Sep/2014:03:05:50 -0400] "GET /opensso/namingservice HTTP/1.1" 200 7 "-" "Java/1.5.0_21" 220 183
66.249.64.131 - - [27/Sep/2014:03:06:01 -0400] "GET /redmine/issues/gantt?month=5&months=6&year=2021&zoom=1 HTTP/1.1" 200 27574 "-" "Mozilla/5.0 (compatible; Googlebot/2.1; +http://www.google.com/bot.html)" 285 28263
127.0.0.1 - - [27/Sep/2014:03:06:09 -0400] "GET /opensso/namingservice HTTP/1.1" 200 7 "-" "Java/1.5.0_21" 220 183
127.0.0.1 - - [27/Sep/2014:03:06:20 -0400] "GET /opensso/namingservice HTTP/1.1" 200 7 "-" "Java/1.5.0_21" 220 183
127.0.0.1 - - [27/Sep/2014:03:06:39 -0400] "GET /opensso/namingservice HTTP/1.1" 200 7 "-" "Java/1.5.0_21" 220 183
127.0.0.1 - - [27/Sep/2014:03:06:50 -0400] "GET /opensso/namingservice HTTP/1.1" 200 7 "-" "Java/1.5.0_21" 220 183
127.0.0.1 - - [27/Sep/2014:03:07:09 -0400] "GET /opensso/namingservice HTTP/1.1" 200 7 "-" "Java/1.5.0_21" 220 183
127.0.0.1 - - [27/Sep/2014:03:07:20 -0400] "GET /opensso/namingservice HTTP/1.1" 200 7 "-" "Java/1.5.0_21" 220 183
127.0.0.1 - - [27/Sep/2014:03:07:39 -0400] "GET /opensso/namingservice HTTP/1.1" 200 7 "-" "Java/1.5.0_21" 220 183
127.0.0.1 - - [27/Sep/2014:03:07:50 -0400] "GET /opensso/namingservice HTTP/1.1" 200 7 "-" "Java/1.5.0_21" 220 183
127.0.0.1 - - [27/Sep/2014:03:08:09 -0400] "GET /opensso/namingservice HTTP/1.1" 200 7 "-" "Java/1.5.0_21" 220 183
127.0.0.1 - - [27/Sep/2014:03:08:20 -0400] "GET /opensso/namingservice HTTP/1.1" 200 7 "-" "Java/1.5.0_21" 220 183
127.0.0.1 - - [27/Sep/2014:03:08:39 -0400] "GET /opensso/namingservice HTTP/1.1" 200 7 "-" "Java/1.5.0_21" 220 183
127.0.0.1 - - [27/Sep/2014:03:08:50 -0400] "GET /opensso/namingservice HTTP/1.1" 200 7 "-" "Java/1.5.0_21" 220 183
127.0.0.1 - - [27/Sep/2014:03:09:09 -0400] "GET /opensso/namingservice HTTP/1.1" 200 7 "-" "Java/1.5.0_21" 220 183
127.0.0.1 - - [27/Sep/2014:03:09:20 -0400] "GET /opensso/namingservice HTTP/1.1" 200 7 "-" "Java/1.5.0_21" 220 183
127.0.0.1 - - [27/Sep/2014:03:09:39 -0400] "GET /opensso/namingservice HTTP/1.1" 200 7 "-" "Java/1.5.0_21" 220 183
66.249.64.139 - - [27/Sep/2014:03:09:48 -0400] "GET /redmine/issues/gantt?month=8&months=6&year=985&zoom=1 HTTP/1.1" 200 27538 "-" "Mozilla/5.0 (compatible; Googlebot/2.1; +http://www.google.com/bot.html)" 284 28227
127.0.0.1 - - [27/Sep/2014:03:09:50 -0400] "GET /opensso/namingservice HTTP/1.1" 200 7 "-" "Java/1.5.0_21" 220 183
89.66.64.83 - - [27/Sep/2014:03:10:04 -0400] "GET /?q=node/add HTTP/1.1" 302 248 "http://drupal.zhonka.net/" "Mozilla/5.0 (Windows NT 6.2; WOW64) AppleWebKit/537.36 (KHTML, like Gecko) Chrome/27.0.1453.116 Safari/537.36" 429 565
89.66.64.83 - - [27/Sep/2014:03:10:04 -0400] "GET /LMMPUI/LMMP_CLIENT/LMMP.html?q=node/add HTTP/1.1" 200 8973 "http://drupal.zhonka.net/" "Mozilla/5.0 (Windows NT 6.2; WOW64) AppleWebKit/537.36 (KHTML, like Gecko) Chrome/27.0.1453.116 Safari/537.36" 457 9302
127.0.0.1 - - [27/Sep/2014:03:10:09 -0400] "GET /opensso/namingservice HTTP/1.1" 200 7 "-" "Java/1.5.0_21" 220 183
127.0.0.1 - - [27/Sep/2014:03:10:20 -0400] "GET /opensso/namingservice HTTP/1.1" 200 7 "-" "Java/1.5.0_21" 220 183
127.0.0.1 - - [27/Sep/2014:03:10:39 -0400] "GET /opensso/namingservice HTTP/1.1" 200 7 "-" "Java/1.5.0_21" 220 183
127.0.0.1 - - [27/Sep/2014:03:10:50 -0400] "GET /opensso/namingservice HTTP/1.1" 200 7 "-" "Java/1.5.0_21" 220 183
127.0.0.1 - - [27/Sep/2014:03:11:09 -0400] "GET /opensso/namingservice HTTP/1.1" 200 7 "-" "Java/1.5.0_21" 220 183
127.0.0.1 - - [27/Sep/2014:03:11:20 -0400] "GET /opensso/namingservice HTTP/1.1" 200 7 "-" "Java/1.5.0_21" 220 183
127.0.0.1 - - [27/Sep/2014:03:11:39 -0400] "GET /opensso/namingservice HTTP/1.1" 200 7 "-" "Java/1.5.0_21" 220 183
127.0.0.1 - - [27/Sep/2014:03:11:50 -0400] "GET /opensso/namingservice HTTP/1.1" 200 7 "-" "Java/1.5.0_21" 220 183
127.0.0.1 - - [27/Sep/2014:03:12:09 -0400] "GET /opensso/namingservice HTTP/1.1" 200 7 "-" "Java/1.5.0_21" 220 183
127.0.0.1 - - [27/Sep/2014:03:12:20 -0400] "GET /opensso/namingservice HTTP/1.1" 200 7 "-" "Java/1.5.0_21" 220 183
66.249.64.131 - - [27/Sep/2014:03:12:28 -0400] "GET /LMMPUI/LMMP_CLIENT/LMMP.html HTTP/1.1" 200 8973 "-" "Mozilla/5.0 (compatible; Googlebot/2.1; +http://www.google.com/bot.html)" 285 9303
127.0.0.1 - - [27/Sep/2014:03:12:39 -0400] "GET /opensso/namingservice HTTP/1.1" 200 7 "-" "Java/1.5.0_21" 220 183
127.0.0.1 - - [27/Sep/2014:03:12:50 -0400] "GET /opensso/namingservice HTTP/1.1" 200 7 "-" "Java/1.5.0_21" 220 183
127.0.0.1 - - [27/Sep/2014:03:13:09 -0400] "GET /opensso/namingservice HTTP/1.1" 200 7 "-" "Java/1.5.0_21" 220 183
127.0.0.1 - - [27/Sep/2014:03:13:20 -0400] "GET /opensso/namingservice HTTP/1.1" 200 7 "-" "Java/1.5.0_21" 220 183
66.249.64.135 - - [27/Sep/2014:03:13:36 -0400] "GET /redmine/issues/gantt?month=6&months=6&year=2907&zoom=2 HTTP/1.1" 200 30906 "-" "Mozilla/5.0 (compatible; Googlebot/2.1; +http://www.google.com/bot.html)" 285 31596
127.0.0.1 - - [27/Sep/2014:03:13:39 -0400] "GET /opensso/namingservice HTTP/1.1" 200 7 "-" "Java/1.5.0_21" 220 183
127.0.0.1 - - [27/Sep/2014:03:13:50 -0400] "GET /opensso/namingservice HTTP/1.1" 200 7 "-" "Java/1.5.0_21" 220 183
127.0.0.1 - - [27/Sep/2014:03:14:09 -0400] "GET /opensso/namingservice HTTP/1.1" 200 7 "-" "Java/1.5.0_21" 220 183
127.0.0.1 - - [27/Sep/2014:03:14:20 -0400] "GET /opensso/namingservice HTTP/1.1" 200 7 "-" "Java/1.5.0_21" 220 183
127.0.0.1 - - [27/Sep/2014:03:14:39 -0400] "GET /opensso/namingservice HTTP/1.1" 200 7 "-" "Java/1.5.0_21" 220 183
127.0.0.1 - - [27/Sep/2014:03:14:50 -0400] "GET /opensso/namingservice HTTP/1.1" 200 7 "-" "Java/1.5.0_21" 220 183
127.0.0.1 - - [27/Sep/2014:03:15:09 -0400] "GET /opensso/namingservice HTTP/1.1" 200 7 "-" "Java/1.5.0_21" 220 183
127.0.0.1 - - [27/Sep/2014:03:15:20 -0400] "GET /opensso/namingservice HTTP/1.1" 200 7 "-" "Java/1.5.0_21" 220 183
127.0.0.1 - - [27/Sep/2014:03:15:39 -0400] "GET /opensso/namingservice HTTP/1.1" 200 7 "-" "Java/1.5.0_21" 220 183
127.0.0.1 - - [27/Sep/2014:03:15:50 -0400] "GET /opensso/namingservice HTTP/1.1" 200 7 "-" "Java/1.5.0_21" 220 183
127.0.0.1 - - [27/Sep/2014:03:16:09 -0400] "GET /opensso/namingservice HTTP/1.1" 200 7 "-" "Java/1.5.0_21" 220 183
127.0.0.1 - - [27/Sep/2014:03:16:20 -0400] "GET /opensso/namingservice HTTP/1.1" 200 7 "-" "Java/1.5.0_21" 220 183
127.0.0.1 - - [27/Sep/2014:03:16:39 -0400] "GET /opensso/namingservice HTTP/1.1" 200 7 "-" "Java/1.5.0_21" 220 183
127.0.0.1 - - [27/Sep/2014:03:16:50 -0400] "GET /opensso/namingservice HTTP/1.1" 200 7 "-" "Java/1.5.0_21" 220 183
127.0.0.1 - - [27/Sep/2014:03:17:09 -0400] "GET /opensso/namingservice HTTP/1.1" 200 7 "-" "Java/1.5.0_21" 220 183
127.0.0.1 - - [27/Sep/2014:03:17:20 -0400] "GET /opensso/namingservice HTTP/1.1" 200 7 "-" "Java/1.5.0_21" 220 183
66.249.64.131 - - [27/Sep/2014:03:17:23 -0400] "GET /redmine/issues/gantt?month=11&months=6&year=984&zoom=2 HTTP/1.1" 200 30849 "-" "Mozilla/5.0 (compatible; Googlebot/2.1; +http://www.google.com/bot.html)" 285 31538
127.0.0.1 - - [27/Sep/2014:03:17:39 -0400] "GET /opensso/namingservice HTTP/1.1" 200 7 "-" "Java/1.5.0_21" 220 183
127.0.0.1 - - [27/Sep/2014:03:17:50 -0400] "GET /opensso/namingservice HTTP/1.1" 200 7 "-" "Java/1.5.0_21" 220 183
127.0.0.1 - - [27/Sep/2014:03:18:09 -0400] "GET /opensso/namingservice HTTP/1.1" 200 7 "-" "Java/1.5.0_21" 220 183
127.0.0.1 - - [27/Sep/2014:03:18:20 -0400] "GET /opensso/namingservice HTTP/1.1" 200 7 "-" "Java/1.5.0_21" 220 183
127.0.0.1 - - [27/Sep/2014:03:18:39 -0400] "GET /opensso/namingservice HTTP/1.1" 200 7 "-" "Java/1.5.0_21" 220 183
127.0.0.1 - - [27/Sep/2014:03:18:50 -0400] "GET /opensso/namingservice HTTP/1.1" 200 7 "-" "Java/1.5.0_21" 220 183
127.0.0.1 - - [27/Sep/2014:03:19:09 -0400] "GET /opensso/namingservice HTTP/1.1" 200 7 "-" "Java/1.5.0_21" 220 183
127.0.0.1 - - [27/Sep/2014:03:19:20 -0400] "GET /opensso/namingservice HTTP/1.1" 200 7 "-" "Java/1.5.0_21" 220 183
127.0.0.1 - - [27/Sep/2014:03:19:39 -0400] "GET /opensso/namingservice HTTP/1.1" 200 7 "-" "Java/1.5.0_21" 220 183
127.0.0.1 - - [27/Sep/2014:03:19:50 -0400] "GET /opensso/namingservice HTTP/1.1" 200 7 "-" "Java/1.5.0_21" 220 183
127.0.0.1 - - [27/Sep/2014:03:20:09 -0400] "GET /opensso/namingservice HTTP/1.1" 200 7 "-" "Java/1.5.0_21" 220 183
127.0.0.1 - - [27/Sep/2014:03:20:20 -0400] "GET /opensso/namingservice HTTP/1.1" 200 7 "-" "Java/1.5.0_21" 220 183
127.0.0.1 - - [27/Sep/2014:03:20:39 -0400] "GET /opensso/namingservice HTTP/1.1" 200 7 "-" "Java/1.5.0_21" 220 183
127.0.0.1 - - [27/Sep/2014:03:20:50 -0400] "GET /opensso/namingservice HTTP/1.1" 200 7 "-" "Java/1.5.0_21" 220 183
127.0.0.1 - - [27/Sep/2014:03:21:09 -0400] "GET /opensso/namingservice HTTP/1.1" 200 7 "-" "Java/1.5.0_21" 220 183
66.249.64.131 - - [27/Sep/2014:03:21:10 -0400] "GET /redmine/issues/gantt?month=9&months=6&year=2907&zoom=2 HTTP/1.1" 200 30905 "-" "Mozilla/5.0 (compatible; Googlebot/2.1; +http://www.google.com/bot.html)" 285 31594
127.0.0.1 - - [27/Sep/2014:03:21:20 -0400] "GET /opensso/namingservice HTTP/1.1" 200 7 "-" "Java/1.5.0_21" 220 183
127.0.0.1 - - [27/Sep/2014:03:21:39 -0400] "GET /opensso/namingservice HTTP/1.1" 200 7 "-" "Java/1.5.0_21" 220 183
127.0.0.1 - - [27/Sep/2014:03:21:50 -0400] "GET /opensso/namingservice HTTP/1.1" 200 7 "-" "Java/1.5.0_21" 220 183
127.0.0.1 - - [27/Sep/2014:03:22:09 -0400] "GET /opensso/namingservice HTTP/1.1" 200 7 "-" "Java/1.5.0_21" 220 183
127.0.0.1 - - [27/Sep/2014:03:22:20 -0400] "GET /opensso/namingservice HTTP/1.1" 200 7 "-" "Java/1.5.0_21" 220 183
127.0.0.1 - - [27/Sep/2014:03:22:39 -0400] "GET /opensso/namingservice HTTP/1.1" 200 7 "-" "Java/1.5.0_21" 220 183
127.0.0.1 - - [27/Sep/2014:03:22:50 -0400] "GET /opensso/namingservice HTTP/1.1" 200 7 "-" "Java/1.5.0_21" 220 183
127.0.0.1 - - [27/Sep/2014:03:23:09 -0400] "GET /opensso/namingservice HTTP/1.1" 200 7 "-" "Java/1.5.0_21" 220 183
127.0.0.1 - - [27/Sep/2014:03:23:20 -0400] "GET /opensso/namingservice HTTP/1.1" 200 7 "-" "Java/1.5.0_21" 220 183
127.0.0.1 - - [27/Sep/2014:03:23:39 -0400] "GET /opensso/namingservice HTTP/1.1" 200 7 "-" "Java/1.5.0_21" 220 183
127.0.0.1 - - [27/Sep/2014:03:23:50 -0400] "GET /opensso/namingservice HTTP/1.1" 200 7 "-" "Java/1.5.0_21" 220 183
127.0.0.1 - - [27/Sep/2014:03:24:09 -0400] "GET /opensso/namingservice HTTP/1.1" 200 7 "-" "Java/1.5.0_21" 220 183
127.0.0.1 - - [27/Sep/2014:03:24:20 -0400] "GET /opensso/namingservice HTTP/1.1" 200 7 "-" "Java/1.5.0_21" 220 183
127.0.0.1 - - [27/Sep/2014:03:24:39 -0400] "GET /opensso/namingservice HTTP/1.1" 200 7 "-" "Java/1.5.0_21" 220 183
127.0.0.1 - - [27/Sep/2014:03:24:50 -0400] "GET /opensso/namingservice HTTP/1.1" 200 7 "-" "Java/1.5.0_21" 220 183
66.249.64.135 - - [27/Sep/2014:03:25:01 -0400] "GET /redmine/issues/gantt?month=12&months=6&year=2020&zoom=4 HTTP/1.1" 200 51138 "-" "Mozilla/5.0 (compatible; Googlebot/2.1; +http://www.google.com/bot.html)" 286 51827
66.249.64.137 - - [27/Sep/2014:03:25:08 -0400] "GET /redmine/activity?from=2014-01-05&show_news=1 HTTP/1.1" 200 5361 "-" "Mozilla/5.0 (compatible; Googlebot/2.1; +http://www.google.com/bot.html)" 606 10012
127.0.0.1 - - [27/Sep/2014:03:25:09 -0400] "GET /opensso/namingservice HTTP/1.1" 200 7 "-" "Java/1.5.0_21" 220 183
127.0.0.1 - - [27/Sep/2014:03:25:20 -0400] "GET /opensso/namingservice HTTP/1.1" 200 7 "-" "Java/1.5.0_21" 220 183
127.0.0.1 - - [27/Sep/2014:03:25:39 -0400] "GET /opensso/namingservice HTTP/1.1" 200 7 "-" "Java/1.5.0_21" 220 183
127.0.0.1 - - [27/Sep/2014:03:25:50 -0400] "GET /opensso/namingservice HTTP/1.1" 200 7 "-" "Java/1.5.0_21" 220 183
127.0.0.1 - - [27/Sep/2014:03:26:09 -0400] "GET /opensso/namingservice HTTP/1.1" 200 7 "-" "Java/1.5.0_21" 220 183
127.0.0.1 - - [27/Sep/2014:03:26:20 -0400] "GET /opensso/namingservice HTTP/1.1" 200 7 "-" "Java/1.5.0_21" 220 183
127.0.0.1 - - [27/Sep/2014:03:26:39 -0400] "GET /opensso/namingservice HTTP/1.1" 200 7 "-" "Java/1.5.0_21" 220 183
127.0.0.1 - - [27/Sep/2014:03:26:50 -0400] "GET /opensso/namingservice HTTP/1.1" 200 7 "-" "Java/1.5.0_21" 220 183
127.0.0.1 - - [27/Sep/2014:03:27:09 -0400] "GET /opensso/namingservice HTTP/1.1" 200 7 "-" "Java/1.5.0_21" 220 183
127.0.0.1 - - [27/Sep/2014:03:27:20 -0400] "GET /opensso/namingservice HTTP/1.1" 200 7 "-" "Java/1.5.0_21" 220 183
127.0.0.1 - - [27/Sep/2014:03:27:39 -0400] "GET /opensso/namingservice HTTP/1.1" 200 7 "-" "Java/1.5.0_21" 220 183
127.0.0.1 - - [27/Sep/2014:03:27:50 -0400] "GET /opensso/namingservice HTTP/1.1" 200 7 "-" "Java/1.5.0_21" 220 183
127.0.0.1 - - [27/Sep/2014:03:28:09 -0400] "GET /opensso/namingservice HTTP/1.1" 200 7 "-" "Java/1.5.0_21" 220 183
127.0.0.1 - - [27/Sep/2014:03:28:20 -0400] "GET /opensso/namingservice HTTP/1.1" 200 7 "-" "Java/1.5.0_21" 220 183
127.0.0.1 - - [27/Sep/2014:03:28:39 -0400] "GET /opensso/namingservice HTTP/1.1" 200 7 "-" "Java/1.5.0_21" 220 183
127.0.0.1 - - [27/Sep/2014:03:28:50 -0400] "GET /opensso/namingservice HTTP/1.1" 200 7 "-" "Java/1.5.0_21" 220 183
127.0.0.1 - - [27/Sep/2014:03:29:09 -0400] "GET /opensso/namingservice HTTP/1.1" 200 7 "-" "Java/1.5.0_21" 220 183
127.0.0.1 - - [27/Sep/2014:03:29:20 -0400] "GET /opensso/namingservice HTTP/1.1" 200 7 "-" "Java/1.5.0_21" 220 183
127.0.0.1 - - [27/Sep/2014:03:29:39 -0400] "GET /opensso/namingservice HTTP/1.1" 200 7 "-" "Java/1.5.0_21" 220 183
66.249.64.135 - - [27/Sep/2014:03:29:43 -0400] "GET /redmine/issues/gantt?month=10&months=6&year=1083&zoom=2 HTTP/1.1" 200 30905 "-" "Mozilla/5.0 (compatible; Googlebot/2.1; +http://www.google.com/bot.html)" 286 31594
127.0.0.1 - - [27/Sep/2014:03:29:50 -0400] "GET /opensso/namingservice HTTP/1.1" 200 7 "-" "Java/1.5.0_21" 220 183
127.0.0.1 - - [27/Sep/2014:03:30:09 -0400] "POST /opensso/sessionservice HTTP/1.1" 200 2025 "-" "Java/1.5.0_21" 714 2203
127.0.0.1 - - [27/Sep/2014:03:30:09 -0400] "GET /opensso/identity//xml/read?name=TomcatApps1&attributes_names=realm&attributes_values_realm=%2Fappspub&attributes_names=objecttype&attributes_values_objecttype=Agent&admin=AQIC5wM2LY4SfcyjELMyyhgg1Q0qDzEyn15ptLtiTrQ8oqE%3D%40AAJTSQACMDE%3D%23 HTTP/1.1" 200 13608 "-" "Java/1.5.0_21" 440 13792
127.0.0.1 - - [27/Sep/2014:03:30:09 -0400] "GET /opensso/namingservice HTTP/1.1" 200 7 "-" "Java/1.5.0_21" 220 182
127.0.0.1 - - [27/Sep/2014:03:30:20 -0400] "GET /opensso/namingservice HTTP/1.1" 200 7 "-" "Java/1.5.0_21" 220 183
127.0.0.1 - - [27/Sep/2014:03:30:39 -0400] "GET /opensso/namingservice HTTP/1.1" 200 7 "-" "Java/1.5.0_21" 220 183
127.0.0.1 - - [27/Sep/2014:03:30:50 -0400] "GET /opensso/namingservice HTTP/1.1" 200 7 "-" "Java/1.5.0_21" 220 183
127.0.0.1 - - [27/Sep/2014:03:31:09 -0400] "GET /opensso/namingservice HTTP/1.1" 200 7 "-" "Java/1.5.0_21" 220 183
127.0.0.1 - - [27/Sep/2014:03:31:20 -0400] "GET /opensso/namingservice HTTP/1.1" 200 7 "-" "Java/1.5.0_21" 220 183
127.0.0.1 - - [27/Sep/2014:03:31:39 -0400] "GET /opensso/namingservice HTTP/1.1" 200 7 "-" "Java/1.5.0_21" 220 183
127.0.0.1 - - [27/Sep/2014:03:31:50 -0400] "GET /opensso/namingservice HTTP/1.1" 200 7 "-" "Java/1.5.0_21" 220 183
127.0.0.1 - - [27/Sep/2014:03:32:09 -0400] "GET /opensso/namingservice HTTP/1.1" 200 7 "-" "Java/1.5.0_21" 220 183
127.0.0.1 - - [27/Sep/2014:03:32:20 -0400] "GET /opensso/namingservice HTTP/1.1" 200 7 "-" "Java/1.5.0_21" 220 183
66.249.64.135 - - [27/Sep/2014:03:32:33 -0400] "GET /redmine/issues/gantt?month=5&months=6&year=2002&zoom=2 HTTP/1.1" 200 30899 "-" "Mozilla/5.0 (compatible; Googlebot/2.1; +http://www.google.com/bot.html)" 285 31588
127.0.0.1 - - [27/Sep/2014:03:32:39 -0400] "GET /opensso/namingservice HTTP/1.1" 200 7 "-" "Java/1.5.0_21" 220 183
127.0.0.1 - - [27/Sep/2014:03:32:50 -0400] "GET /opensso/namingservice HTTP/1.1" 200 7 "-" "Java/1.5.0_21" 220 183
127.0.0.1 - - [27/Sep/2014:03:33:09 -0400] "GET /opensso/namingservice HTTP/1.1" 200 7 "-" "Java/1.5.0_21" 220 183
127.0.0.1 - - [27/Sep/2014:03:33:20 -0400] "GET /opensso/namingservice HTTP/1.1" 200 7 "-" "Java/1.5.0_21" 220 183
127.0.0.1 - - [27/Sep/2014:03:33:39 -0400] "GET /opensso/namingservice HTTP/1.1" 200 7 "-" "Java/1.5.0_21" 220 183
127.0.0.1 - - [27/Sep/2014:03:33:50 -0400] "GET /opensso/namingservice HTTP/1.1" 200 7 "-" "Java/1.5.0_21" 220 183
127.0.0.1 - - [27/Sep/2014:03:34:09 -0400] "GET /opensso/namingservice HTTP/1.1" 200 7 "-" "Java/1.5.0_21" 220 183
127.0.0.1 - - [27/Sep/2014:03:34:20 -0400] "GET /opensso/namingservice HTTP/1.1" 200 7 "-" "Java/1.5.0_21" 220 183
127.0.0.1 - - [27/Sep/2014:03:34:39 -0400] "GET /opensso/namingservice HTTP/1.1" 200 7 "-" "Java/1.5.0_21" 220 183
127.0.0.1 - - [27/Sep/2014:03:34:50 -0400] "GET /opensso/namingservice HTTP/1.1" 200 7 "-" "Java/1.5.0_21" 220 183
127.0.0.1 - - [27/Sep/2014:03:35:09 -0400] "GET /opensso/namingservice HTTP/1.1" 200 7 "-" "Java/1.5.0_21" 220 183
127.0.0.1 - - [27/Sep/2014:03:35:20 -0400] "GET /opensso/namingservice HTTP/1.1" 200 7 "-" "Java/1.5.0_21" 220 183
127.0.0.1 - - [27/Sep/2014:03:35:39 -0400] "GET /opensso/namingservice HTTP/1.1" 200 7 "-" "Java/1.5.0_21" 220 183
127.0.0.1 - - [27/Sep/2014:03:35:50 -0400] "GET /opensso/namingservice HTTP/1.1" 200 7 "-" "Java/1.5.0_21" 220 183
127.0.0.1 - - [27/Sep/2014:03:36:09 -0400] "GET /opensso/namingservice HTTP/1.1" 200 7 "-" "Java/1.5.0_21" 220 183
127.0.0.1 - - [27/Sep/2014:03:36:20 -0400] "GET /opensso/namingservice HTTP/1.1" 200 7 "-" "Java/1.5.0_21" 220 183
66.249.64.139 - - [27/Sep/2014:03:36:20 -0400] "GET /redmine/issues/gantt?month=9&months=6&year=2907&zoom=4 HTTP/1.1" 200 51151 "-" "Mozilla/5.0 (compatible; Googlebot/2.1; +http://www.google.com/bot.html)" 285 51840
127.0.0.1 - - [27/Sep/2014:03:36:39 -0400] "GET /opensso/namingservice HTTP/1.1" 200 7 "-" "Java/1.5.0_21" 220 183
127.0.0.1 - - [27/Sep/2014:03:36:50 -0400] "GET /opensso/namingservice HTTP/1.1" 200 7 "-" "Java/1.5.0_21" 220 183
127.0.0.1 - - [27/Sep/2014:03:37:09 -0400] "GET /opensso/namingservice HTTP/1.1" 200 7 "-" "Java/1.5.0_21" 220 183
127.0.0.1 - - [27/Sep/2014:03:37:20 -0400] "GET /opensso/namingservice HTTP/1.1" 200 7 "-" "Java/1.5.0_21" 220 183
127.0.0.1 - - [27/Sep/2014:03:37:39 -0400] "GET /opensso/namingservice HTTP/1.1" 200 7 "-" "Java/1.5.0_21" 220 183
127.0.0.1 - - [27/Sep/2014:03:37:50 -0400] "GET /opensso/namingservice HTTP/1.1" 200 7 "-" "Java/1.5.0_21" 220 183
127.0.0.1 - - [27/Sep/2014:03:38:09 -0400] "GET /opensso/namingservice HTTP/1.1" 200 7 "-" "Java/1.5.0_21" 220 183
127.0.0.1 - - [27/Sep/2014:03:38:20 -0400] "GET /opensso/namingservice HTTP/1.1" 200 7 "-" "Java/1.5.0_21" 220 183
127.0.0.1 - - [27/Sep/2014:03:38:39 -0400] "GET /opensso/namingservice HTTP/1.1" 200 7 "-" "Java/1.5.0_21" 220 183
127.0.0.1 - - [27/Sep/2014:03:38:50 -0400] "GET /opensso/namingservice HTTP/1.1" 200 7 "-" "Java/1.5.0_21" 220 183
127.0.0.1 - - [27/Sep/2014:03:39:09 -0400] "GET /opensso/namingservice HTTP/1.1" 200 7 "-" "Java/1.5.0_21" 220 183
127.0.0.1 - - [27/Sep/2014:03:39:20 -0400] "GET /opensso/namingservice HTTP/1.1" 200 7 "-" "Java/1.5.0_21" 220 183
127.0.0.1 - - [27/Sep/2014:03:39:39 -0400] "GET /opensso/namingservice HTTP/1.1" 200 7 "-" "Java/1.5.0_21" 220 183
127.0.0.1 - - [27/Sep/2014:03:39:50 -0400] "GET /opensso/namingservice HTTP/1.1" 200 7 "-" "Java/1.5.0_21" 220 183
66.249.64.135 - - [27/Sep/2014:03:40:07 -0400] "GET /redmine/issues/gantt?month=3&months=6&year=2021&zoom=1 HTTP/1.1" 200 27562 "-" "Mozilla/5.0 (compatible; Googlebot/2.1; +http://www.google.com/bot.html)" 285 28251
127.0.0.1 - - [27/Sep/2014:03:40:09 -0400] "GET /opensso/namingservice HTTP/1.1" 200 7 "-" "Java/1.5.0_21" 220 183
127.0.0.1 - - [27/Sep/2014:03:40:20 -0400] "GET /opensso/namingservice HTTP/1.1" 200 7 "-" "Java/1.5.0_21" 220 183
127.0.0.1 - - [27/Sep/2014:03:40:39 -0400] "GET /opensso/namingservice HTTP/1.1" 200 7 "-" "Java/1.5.0_21" 220 183
127.0.0.1 - - [27/Sep/2014:03:40:50 -0400] "GET /opensso/namingservice HTTP/1.1" 200 7 "-" "Java/1.5.0_21" 220 183
127.0.0.1 - - [27/Sep/2014:03:41:09 -0400] "GET /opensso/namingservice HTTP/1.1" 200 7 "-" "Java/1.5.0_21" 220 183
127.0.0.1 - - [27/Sep/2014:03:41:20 -0400] "GET /opensso/namingservice HTTP/1.1" 200 7 "-" "Java/1.5.0_21" 220 183
127.0.0.1 - - [27/Sep/2014:03:41:39 -0400] "GET /opensso/namingservice HTTP/1.1" 200 7 "-" "Java/1.5.0_21" 220 183
127.0.0.1 - - [27/Sep/2014:03:41:50 -0400] "GET /opensso/namingservice HTTP/1.1" 200 7 "-" "Java/1.5.0_21" 220 183
127.0.0.1 - - [27/Sep/2014:03:42:09 -0400] "GET /opensso/namingservice HTTP/1.1" 200 7 "-" "Java/1.5.0_21" 220 183
127.0.0.1 - - [27/Sep/2014:03:42:20 -0400] "GET /opensso/namingservice HTTP/1.1" 200 7 "-" "Java/1.5.0_21" 220 183
127.0.0.1 - - [27/Sep/2014:03:42:39 -0400] "GET /opensso/namingservice HTTP/1.1" 200 7 "-" "Java/1.5.0_21" 220 183
127.0.0.1 - - [27/Sep/2014:03:42:50 -0400] "GET /opensso/namingservice HTTP/1.1" 200 7 "-" "Java/1.5.0_21" 220 183
127.0.0.1 - - [27/Sep/2014:03:43:09 -0400] "GET /opensso/namingservice HTTP/1.1" 200 7 "-" "Java/1.5.0_21" 220 183
127.0.0.1 - - [27/Sep/2014:03:43:20 -0400] "GET /opensso/namingservice HTTP/1.1" 200 7 "-" "Java/1.5.0_21" 220 183
127.0.0.1 - - [27/Sep/2014:03:43:39 -0400] "GET /opensso/namingservice HTTP/1.1" 200 7 "-" "Java/1.5.0_21" 220 183
127.0.0.1 - - [27/Sep/2014:03:43:50 -0400] "GET /opensso/namingservice HTTP/1.1" 200 7 "-" "Java/1.5.0_21" 220 183
127.0.0.1 - - [27/Sep/2014:03:44:09 -0400] "GET /opensso/namingservice HTTP/1.1" 200 7 "-" "Java/1.5.0_21" 220 183
127.0.0.1 - - [27/Sep/2014:03:44:20 -0400] "GET /opensso/namingservice HTTP/1.1" 200 7 "-" "Java/1.5.0_21" 220 183
127.0.0.1 - - [27/Sep/2014:03:44:39 -0400] "GET /opensso/namingservice HTTP/1.1" 200 7 "-" "Java/1.5.0_21" 220 183
127.0.0.1 - - [27/Sep/2014:03:44:50 -0400] "GET /opensso/namingservice HTTP/1.1" 200 7 "-" "Java/1.5.0_21" 220 183
66.249.64.131 - - [27/Sep/2014:03:44:55 -0400] "GET /redmine/issues/gantt?month=11&months=6&year=1083&zoom=4 HTTP/1.1" 200 51147 "-" "Mozilla/5.0 (compatible; Googlebot/2.1; +http://www.google.com/bot.html)" 286 51837
127.0.0.1 - - [27/Sep/2014:03:45:09 -0400] "GET /opensso/namingservice HTTP/1.1" 200 7 "-" "Java/1.5.0_21" 220 183
127.0.0.1 - - [27/Sep/2014:03:45:20 -0400] "GET /opensso/namingservice HTTP/1.1" 200 7 "-" "Java/1.5.0_21" 220 183
127.0.0.1 - - [27/Sep/2014:03:45:39 -0400] "GET /opensso/namingservice HTTP/1.1" 200 7 "-" "Java/1.5.0_21" 220 183
127.0.0.1 - - [27/Sep/2014:03:45:50 -0400] "GET /opensso/namingservice HTTP/1.1" 200 7 "-" "Java/1.5.0_21" 220 183
127.0.0.1 - - [27/Sep/2014:03:46:09 -0400] "GET /opensso/namingservice HTTP/1.1" 200 7 "-" "Java/1.5.0_21" 220 183
127.0.0.1 - - [27/Sep/2014:03:46:20 -0400] "GET /opensso/namingservice HTTP/1.1" 200 7 "-" "Java/1.5.0_21" 220 183
127.0.0.1 - - [27/Sep/2014:03:46:39 -0400] "GET /opensso/namingservice HTTP/1.1" 200 7 "-" "Java/1.5.0_21" 220 183
127.0.0.1 - - [27/Sep/2014:03:46:50 -0400] "GET /opensso/namingservice HTTP/1.1" 200 7 "-" "Java/1.5.0_21" 220 183
127.0.0.1 - - [27/Sep/2014:03:47:09 -0400] "GET /opensso/namingservice HTTP/1.1" 200 7 "-" "Java/1.5.0_21" 220 183
127.0.0.1 - - [27/Sep/2014:03:47:20 -0400] "GET /opensso/namingservice HTTP/1.1" 200 7 "-" "Java/1.5.0_21" 220 183
127.0.0.1 - - [27/Sep/2014:03:47:39 -0400] "GET /opensso/namingservice HTTP/1.1" 200 7 "-" "Java/1.5.0_21" 220 183
66.249.64.139 - - [27/Sep/2014:03:47:42 -0400] "GET /redmine/issues/gantt?month=8&months=6&year=1084&zoom=1 HTTP/1.1" 200 27586 "-" "Mozilla/5.0 (compatible; Googlebot/2.1; +http://www.google.com/bot.html)" 285 28275
127.0.0.1 - - [27/Sep/2014:03:47:50 -0400] "GET /opensso/namingservice HTTP/1.1" 200 7 "-" "Java/1.5.0_21" 220 183
127.0.0.1 - - [27/Sep/2014:03:48:09 -0400] "GET /opensso/namingservice HTTP/1.1" 200 7 "-" "Java/1.5.0_21" 220 183
127.0.0.1 - - [27/Sep/2014:03:48:20 -0400] "GET /opensso/namingservice HTTP/1.1" 200 7 "-" "Java/1.5.0_21" 220 183
127.0.0.1 - - [27/Sep/2014:03:48:39 -0400] "GET /opensso/namingservice HTTP/1.1" 200 7 "-" "Java/1.5.0_21" 220 183
127.0.0.1 - - [27/Sep/2014:03:48:50 -0400] "GET /opensso/namingservice HTTP/1.1" 200 7 "-" "Java/1.5.0_21" 220 183
127.0.0.1 - - [27/Sep/2014:03:49:09 -0400] "GET /opensso/namingservice HTTP/1.1" 200 7 "-" "Java/1.5.0_21" 220 183
127.0.0.1 - - [27/Sep/2014:03:49:20 -0400] "GET /opensso/namingservice HTTP/1.1" 200 7 "-" "Java/1.5.0_21" 220 183
62.210.167.213 - - [27/Sep/2014:03:49:25 -0400] "GET /redmine/projects/lmmpwiki/news HTTP/1.1" 200 15451 "-" "Mozilla/4.0 (compatible; MSIE 6.0; Windows NT 5.1; SV1)" 234 15978
62.210.167.213 - - [27/Sep/2014:03:49:25 -0400] "POST /redmine/projects/lmmpwiki/news HTTP/1.1" 302 185 "http://pub.lmmp.nasa.gov/redmine/projects/lmmpwiki/news" "Mozilla/4.0 (compatible; MSIE 6.0; Windows NT 5.1; SV1)" 860 785
127.0.0.1 - - [27/Sep/2014:03:49:39 -0400] "GET /opensso/namingservice HTTP/1.1" 200 7 "-" "Java/1.5.0_21" 220 183
127.0.0.1 - - [27/Sep/2014:03:49:50 -0400] "GET /opensso/namingservice HTTP/1.1" 200 7 "-" "Java/1.5.0_21" 220 183
127.0.0.1 - - [27/Sep/2014:03:50:09 -0400] "GET /opensso/namingservice HTTP/1.1" 200 7 "-" "Java/1.5.0_21" 220 183
127.0.0.1 - - [27/Sep/2014:03:50:20 -0400] "GET /opensso/namingservice HTTP/1.1" 200 7 "-" "Java/1.5.0_21" 220 183
127.0.0.1 - - [27/Sep/2014:03:50:39 -0400] "GET /opensso/namingservice HTTP/1.1" 200 7 "-" "Java/1.5.0_21" 220 183
127.0.0.1 - - [27/Sep/2014:03:50:50 -0400] "GET /opensso/namingservice HTTP/1.1" 200 7 "-" "Java/1.5.0_21" 220 183
127.0.0.1 - - [27/Sep/2014:03:51:09 -0400] "GET /opensso/namingservice HTTP/1.1" 200 7 "-" "Java/1.5.0_21" 220 183
127.0.0.1 - - [27/Sep/2014:03:51:20 -0400] "GET /opensso/namingservice HTTP/1.1" 200 7 "-" "Java/1.5.0_21" 220 183
66.249.64.131 - - [27/Sep/2014:03:51:29 -0400] "GET /redmine/issues/gantt?month=8&months=6&year=2008&zoom=1 HTTP/1.1" 200 27586 "-" "Mozilla/5.0 (compatible; Googlebot/2.1; +http://www.google.com/bot.html)" 285 28275
127.0.0.1 - - [27/Sep/2014:03:51:39 -0400] "GET /opensso/namingservice HTTP/1.1" 200 7 "-" "Java/1.5.0_21" 220 183
127.0.0.1 - - [27/Sep/2014:03:51:50 -0400] "GET /opensso/namingservice HTTP/1.1" 200 7 "-" "Java/1.5.0_21" 220 183
127.0.0.1 - - [27/Sep/2014:03:52:09 -0400] "GET /opensso/namingservice HTTP/1.1" 200 7 "-" "Java/1.5.0_21" 220 183
127.0.0.1 - - [27/Sep/2014:03:52:20 -0400] "GET /opensso/namingservice HTTP/1.1" 200 7 "-" "Java/1.5.0_21" 220 183
127.0.0.1 - - [27/Sep/2014:03:52:39 -0400] "GET /opensso/namingservice HTTP/1.1" 200 7 "-" "Java/1.5.0_21" 220 183
127.0.0.1 - - [27/Sep/2014:03:52:50 -0400] "GET /opensso/namingservice HTTP/1.1" 200 7 "-" "Java/1.5.0_21" 220 183
127.0.0.1 - - [27/Sep/2014:03:53:09 -0400] "GET /opensso/namingservice HTTP/1.1" 200 7 "-" "Java/1.5.0_21" 220 183
127.0.0.1 - - [27/Sep/2014:03:53:20 -0400] "GET /opensso/namingservice HTTP/1.1" 200 7 "-" "Java/1.5.0_21" 220 183
127.0.0.1 - - [27/Sep/2014:03:53:39 -0400] "GET /opensso/namingservice HTTP/1.1" 200 7 "-" "Java/1.5.0_21" 220 183
127.0.0.1 - - [27/Sep/2014:03:53:50 -0400] "GET /opensso/namingservice HTTP/1.1" 200 7 "-" "Java/1.5.0_21" 220 183
127.0.0.1 - - [27/Sep/2014:03:54:09 -0400] "GET /opensso/namingservice HTTP/1.1" 200 7 "-" "Java/1.5.0_21" 220 183
127.0.0.1 - - [27/Sep/2014:03:54:20 -0400] "GET /opensso/namingservice HTTP/1.1" 200 7 "-" "Java/1.5.0_21" 220 183
127.0.0.1 - - [27/Sep/2014:03:54:39 -0400] "GET /opensso/namingservice HTTP/1.1" 200 7 "-" "Java/1.5.0_21" 220 183
127.0.0.1 - - [27/Sep/2014:03:54:50 -0400] "GET /opensso/namingservice HTTP/1.1" 200 7 "-" "Java/1.5.0_21" 220 183
127.0.0.1 - - [27/Sep/2014:03:55:09 -0400] "GET /opensso/namingservice HTTP/1.1" 200 7 "-" "Java/1.5.0_21" 220 183
66.249.64.139 - - [27/Sep/2014:03:55:17 -0400] "GET /redmine/issues/gantt?month=7&months=6&year=2021&zoom=3 HTTP/1.1" 200 51430 "-" "Mozilla/5.0 (compatible; Googlebot/2.1; +http://www.google.com/bot.html)" 285 52119
127.0.0.1 - - [27/Sep/2014:03:55:20 -0400] "GET /opensso/namingservice HTTP/1.1" 200 7 "-" "Java/1.5.0_21" 220 183
127.0.0.1 - - [27/Sep/2014:03:55:39 -0400] "GET /opensso/namingservice HTTP/1.1" 200 7 "-" "Java/1.5.0_21" 220 183
127.0.0.1 - - [27/Sep/2014:03:55:50 -0400] "GET /opensso/namingservice HTTP/1.1" 200 7 "-" "Java/1.5.0_21" 220 183
127.0.0.1 - - [27/Sep/2014:03:56:09 -0400] "GET /opensso/namingservice HTTP/1.1" 200 7 "-" "Java/1.5.0_21" 220 183
127.0.0.1 - - [27/Sep/2014:03:56:20 -0400] "GET /opensso/namingservice HTTP/1.1" 200 7 "-" "Java/1.5.0_21" 220 183
127.0.0.1 - - [27/Sep/2014:03:56:39 -0400] "GET /opensso/namingservice HTTP/1.1" 200 7 "-" "Java/1.5.0_21" 220 183
127.0.0.1 - - [27/Sep/2014:03:56:50 -0400] "GET /opensso/namingservice HTTP/1.1" 200 7 "-" "Java/1.5.0_21" 220 183
127.0.0.1 - - [27/Sep/2014:03:57:09 -0400] "GET /opensso/namingservice HTTP/1.1" 200 7 "-" "Java/1.5.0_21" 220 183
127.0.0.1 - - [27/Sep/2014:03:57:20 -0400] "GET /opensso/namingservice HTTP/1.1" 200 7 "-" "Java/1.5.0_21" 220 183
157.55.39.155 - - [27/Sep/2014:03:57:36 -0400] "GET / HTTP/1.1" 302 237 "-" "Mozilla/5.0 (compatible; bingbot/2.0; +http://www.bing.com/bingbot.htm)" 272 543
127.0.0.1 - - [27/Sep/2014:03:57:39 -0400] "GET /opensso/namingservice HTTP/1.1" 200 7 "-" "Java/1.5.0_21" 220 183
127.0.0.1 - - [27/Sep/2014:03:57:50 -0400] "GET /opensso/namingservice HTTP/1.1" 200 7 "-" "Java/1.5.0_21" 220 183
127.0.0.1 - - [27/Sep/2014:03:58:09 -0400] "GET /opensso/namingservice HTTP/1.1" 200 7 "-" "Java/1.5.0_21" 220 183
127.0.0.1 - - [27/Sep/2014:03:58:20 -0400] "POST /opensso/sessionservice HTTP/1.1" 200 2025 "-" "Java/1.5.0_21" 714 2203
127.0.0.1 - - [27/Sep/2014:03:58:20 -0400] "GET /opensso/identity//xml/read?name=TomcatApps3&attributes_names=realm&attributes_values_realm=%2Fappspub&attributes_names=objecttype&attributes_values_objecttype=Agent&admin=AQIC5wM2LY4Sfczb2X8A3edyV7QGQ%2FhAhh0hyvYomzA6bWs%3D%40AAJTSQACMDE%3D%23 HTTP/1.1" 200 13731 "-" "Java/1.5.0_21" 442 13915
127.0.0.1 - - [27/Sep/2014:03:58:20 -0400] "GET /opensso/namingservice HTTP/1.1" 200 7 "-" "Java/1.5.0_21" 220 182
127.0.0.1 - - [27/Sep/2014:03:58:39 -0400] "GET /opensso/namingservice HTTP/1.1" 200 7 "-" "Java/1.5.0_21" 220 183
127.0.0.1 - - [27/Sep/2014:03:58:50 -0400] "GET /opensso/namingservice HTTP/1.1" 200 7 "-" "Java/1.5.0_21" 220 183
127.0.0.1 - - [27/Sep/2014:03:59:09 -0400] "GET /opensso/namingservice HTTP/1.1" 200 7 "-" "Java/1.5.0_21" 220 183
127.0.0.1 - - [27/Sep/2014:03:59:20 -0400] "GET /opensso/namingservice HTTP/1.1" 200 7 "-" "Java/1.5.0_21" 220 183
127.0.0.1 - - [27/Sep/2014:03:59:39 -0400] "GET /opensso/namingservice HTTP/1.1" 200 7 "-" "Java/1.5.0_21" 220 183
66.249.64.139 - - [27/Sep/2014:03:59:48 -0400] "GET /redmine/issues/gantt?month=7&months=6&year=2001&zoom=4 HTTP/1.1" 200 51500 "-" "Mozilla/5.0 (compatible; Googlebot/2.1; +http://www.google.com/bot.html)" 285 52189
127.0.0.1 - - [27/Sep/2014:03:59:50 -0400] "GET /opensso/namingservice HTTP/1.1" 200 7 "-" "Java/1.5.0_21" 220 183
127.0.0.1 - - [27/Sep/2014:04:00:09 -0400] "GET /opensso/namingservice HTTP/1.1" 200 7 "-" "Java/1.5.0_21" 220 183
127.0.0.1 - - [27/Sep/2014:04:00:20 -0400] "GET /opensso/namingservice HTTP/1.1" 200 7 "-" "Java/1.5.0_21" 220 183
127.0.0.1 - - [27/Sep/2014:04:00:39 -0400] "GET /opensso/namingservice HTTP/1.1" 200 7 "-" "Java/1.5.0_21" 220 183
127.0.0.1 - - [27/Sep/2014:04:00:50 -0400] "GET /opensso/namingservice HTTP/1.1" 200 7 "-" "Java/1.5.0_21" 220 183
127.0.0.1 - - [27/Sep/2014:04:01:09 -0400] "GET /opensso/namingservice HTTP/1.1" 200 7 "-" "Java/1.5.0_21" 220 183
127.0.0.1 - - [27/Sep/2014:04:01:20 -0400] "GET /opensso/namingservice HTTP/1.1" 200 7 "-" "Java/1.5.0_21" 220 183
127.0.0.1 - - [27/Sep/2014:04:01:39 -0400] "GET /opensso/namingservice HTTP/1.1" 200 7 "-" "Java/1.5.0_21" 220 183
127.0.0.1 - - [27/Sep/2014:04:01:50 -0400] "GET /opensso/namingservice HTTP/1.1" 200 7 "-" "Java/1.5.0_21" 220 183
127.0.0.1 - - [27/Sep/2014:04:02:09 -0400] "GET /opensso/namingservice HTTP/1.1" 200 7 "-" "Java/1.5.0_21" 220 183
127.0.0.1 - - [27/Sep/2014:04:02:20 -0400] "GET /opensso/namingservice HTTP/1.1" 200 7 "-" "Java/1.5.0_21" 220 183
127.0.0.1 - - [27/Sep/2014:04:02:39 -0400] "GET /opensso/namingservice HTTP/1.1" 200 7 "-" "Java/1.5.0_21" 220 183
127.0.0.1 - - [27/Sep/2014:04:02:50 -0400] "GET /opensso/namingservice HTTP/1.1" 200 7 "-" "Java/1.5.0_21" 220 183
66.249.64.131 - - [27/Sep/2014:04:02:52 -0400] "GET /redmine/issues/gantt?month=8&months=6&year=1083&zoom=3 HTTP/1.1" 200 51430 "-" "Mozilla/5.0 (compatible; Googlebot/2.1; +http://www.google.com/bot.html)" 285 52119
127.0.0.1 - - [27/Sep/2014:04:03:09 -0400] "GET /opensso/namingservice HTTP/1.1" 200 7 "-" "Java/1.5.0_21" 220 183
127.0.0.1 - - [27/Sep/2014:04:03:20 -0400] "GET /opensso/namingservice HTTP/1.1" 200 7 "-" "Java/1.5.0_21" 220 183
127.0.0.1 - - [27/Sep/2014:04:03:39 -0400] "GET /opensso/namingservice HTTP/1.1" 200 7 "-" "Java/1.5.0_21" 220 183
127.0.0.1 - - [27/Sep/2014:04:03:50 -0400] "GET /opensso/namingservice HTTP/1.1" 200 7 "-" "Java/1.5.0_21" 220 183
127.0.0.1 - - [27/Sep/2014:04:04:09 -0400] "GET /opensso/namingservice HTTP/1.1" 200 7 "-" "Java/1.5.0_21" 220 183
127.0.0.1 - - [27/Sep/2014:04:04:20 -0400] "GET /opensso/namingservice HTTP/1.1" 200 7 "-" "Java/1.5.0_21" 220 183
127.0.0.1 - - [27/Sep/2014:04:04:39 -0400] "GET /opensso/namingservice HTTP/1.1" 200 7 "-" "Java/1.5.0_21" 220 183
127.0.0.1 - - [27/Sep/2014:04:04:50 -0400] "GET /opensso/namingservice HTTP/1.1" 200 7 "-" "Java/1.5.0_21" 220 183
127.0.0.1 - - [27/Sep/2014:04:05:09 -0400] "GET /opensso/namingservice HTTP/1.1" 200 7 "-" "Java/1.5.0_21" 220 183
127.0.0.1 - - [27/Sep/2014:04:05:20 -0400] "GET /opensso/namingservice HTTP/1.1" 200 7 "-" "Java/1.5.0_21" 220 183
127.0.0.1 - - [27/Sep/2014:04:05:39 -0400] "GET /opensso/namingservice HTTP/1.1" 200 7 "-" "Java/1.5.0_21" 220 183
127.0.0.1 - - [27/Sep/2014:04:05:50 -0400] "GET /opensso/namingservice HTTP/1.1" 200 7 "-" "Java/1.5.0_21" 220 183
127.0.0.1 - - [27/Sep/2014:04:06:09 -0400] "GET /opensso/namingservice HTTP/1.1" 200 7 "-" "Java/1.5.0_21" 220 183
127.0.0.1 - - [27/Sep/2014:04:06:20 -0400] "GET /opensso/namingservice HTTP/1.1" 200 7 "-" "Java/1.5.0_21" 220 183
127.0.0.1 - - [27/Sep/2014:04:06:39 -0400] "GET /opensso/namingservice HTTP/1.1" 200 7 "-" "Java/1.5.0_21" 220 183
66.249.64.131 - - [27/Sep/2014:04:06:39 -0400] "GET /redmine/issues/gantt?month=2&months=6&year=2002&zoom=2 HTTP/1.1" 200 30884 "-" "Mozilla/5.0 (compatible; Googlebot/2.1; +http://www.google.com/bot.html)" 285 31573
127.0.0.1 - - [27/Sep/2014:04:06:50 -0400] "GET /opensso/namingservice HTTP/1.1" 200 7 "-" "Java/1.5.0_21" 220 183
192.99.149.88 - - [27/Sep/2014:04:06:52 -0400] "GET / HTTP/1.1" 302 237 "-" "Mozilla/5.0 (Windows NT 6.1; WOW64; Trident/7.0; rv:11.0) like Gecko" 220 543
127.0.0.1 - - [27/Sep/2014:04:07:09 -0400] "GET /opensso/namingservice HTTP/1.1" 200 7 "-" "Java/1.5.0_21" 220 183
127.0.0.1 - - [27/Sep/2014:04:07:20 -0400] "GET /opensso/namingservice HTTP/1.1" 200 7 "-" "Java/1.5.0_21" 220 183
127.0.0.1 - - [27/Sep/2014:04:07:39 -0400] "GET /opensso/namingservice HTTP/1.1" 200 7 "-" "Java/1.5.0_21" 220 183
127.0.0.1 - - [27/Sep/2014:04:07:50 -0400] "GET /opensso/namingservice HTTP/1.1" 200 7 "-" "Java/1.5.0_21" 220 183
127.0.0.1 - - [27/Sep/2014:04:08:09 -0400] "GET /opensso/namingservice HTTP/1.1" 200 7 "-" "Java/1.5.0_21" 220 183
127.0.0.1 - - [27/Sep/2014:04:08:20 -0400] "GET /opensso/namingservice HTTP/1.1" 200 7 "-" "Java/1.5.0_21" 220 183
127.0.0.1 - - [27/Sep/2014:04:08:39 -0400] "GET /opensso/namingservice HTTP/1.1" 200 7 "-" "Java/1.5.0_21" 220 183
127.0.0.1 - - [27/Sep/2014:04:08:50 -0400] "GET /opensso/namingservice HTTP/1.1" 200 7 "-" "Java/1.5.0_21" 220 183
220.181.108.165 - - [27/Sep/2014:04:08:55 -0400] "GET / HTTP/1.1" 302 237 "-" "Mozilla/5.0 (compatible; Baiduspider/2.0; +http://www.baidu.com/search/spider.html)" 183 506
127.0.0.1 - - [27/Sep/2014:04:09:09 -0400] "GET /opensso/namingservice HTTP/1.1" 200 7 "-" "Java/1.5.0_21" 220 183
127.0.0.1 - - [27/Sep/2014:04:09:20 -0400] "GET /opensso/namingservice HTTP/1.1" 200 7 "-" "Java/1.5.0_21" 220 183
127.0.0.1 - - [27/Sep/2014:04:09:39 -0400] "GET /opensso/namingservice HTTP/1.1" 200 7 "-" "Java/1.5.0_21" 220 183
127.0.0.1 - - [27/Sep/2014:04:09:50 -0400] "GET /opensso/namingservice HTTP/1.1" 200 7 "-" "Java/1.5.0_21" 220 183
127.0.0.1 - - [27/Sep/2014:04:10:09 -0400] "GET /opensso/namingservice HTTP/1.1" 200 7 "-" "Java/1.5.0_21" 220 183
127.0.0.1 - - [27/Sep/2014:04:10:20 -0400] "GET /opensso/namingservice HTTP/1.1" 200 7 "-" "Java/1.5.0_21" 220 183
66.249.64.131 - - [27/Sep/2014:04:10:26 -0400] "GET /redmine/issues/gantt?month=7&months=6&year=1084&zoom=1 HTTP/1.1" 200 27583 "-" "Mozilla/5.0 (compatible; Googlebot/2.1; +http://www.google.com/bot.html)" 285 28272
127.0.0.1 - - [27/Sep/2014:04:10:39 -0400] "GET /opensso/namingservice HTTP/1.1" 200 7 "-" "Java/1.5.0_21" 220 183
127.0.0.1 - - [27/Sep/2014:04:10:50 -0400] "GET /opensso/namingservice HTTP/1.1" 200 7 "-" "Java/1.5.0_21" 220 183
127.0.0.1 - - [27/Sep/2014:04:11:09 -0400] "GET /opensso/namingservice HTTP/1.1" 200 7 "-" "Java/1.5.0_21" 220 183
127.0.0.1 - - [27/Sep/2014:04:11:20 -0400] "GET /opensso/namingservice HTTP/1.1" 200 7 "-" "Java/1.5.0_21" 220 183
127.0.0.1 - - [27/Sep/2014:04:11:39 -0400] "GET /opensso/namingservice HTTP/1.1" 200 7 "-" "Java/1.5.0_21" 220 183
