66.249.66.163 - - [13/Feb/2016:23:39:19 -0500] "GET /redmine/issues/calendar?month=1&year=2133 HTTP/1.1" 200 27549 "-" "Mozilla/5.0 (compatible; Googlebot/2.1; +http://www.google.com/bot.html)" 332 28238
127.0.0.1 - - [13/Feb/2016:23:39:38 -0500] "GET /opensso/namingservice HTTP/1.1" 200 7 "-" "Java/1.5.0_21" 220 183
127.0.0.1 - - [13/Feb/2016:23:39:42 -0500] "GET /opensso/namingservice HTTP/1.1" 200 7 "-" "Java/1.5.0_21" 220 183
127.0.0.1 - - [13/Feb/2016:23:40:08 -0500] "GET /opensso/namingservice HTTP/1.1" 200 7 "-" "Java/1.5.0_21" 220 183
127.0.0.1 - - [13/Feb/2016:23:40:12 -0500] "GET /opensso/namingservice HTTP/1.1" 200 7 "-" "Java/1.5.0_21" 220 183
127.0.0.1 - - [13/Feb/2016:23:40:38 -0500] "GET /opensso/namingservice HTTP/1.1" 200 7 "-" "Java/1.5.0_21" 220 183
127.0.0.1 - - [13/Feb/2016:23:40:42 -0500] "GET /opensso/namingservice HTTP/1.1" 200 7 "-" "Java/1.5.0_21" 220 183
137.78.207.218 - - [13/Feb/2016:23:41:03 -0500] "HEAD /LMMPUI/LMMP_CLIENT/LMMP.html HTTP/1.1" 200 - "-" "curl/7.38.0" 110 274
127.0.0.1 - - [13/Feb/2016:23:41:08 -0500] "GET /opensso/namingservice HTTP/1.1" 200 7 "-" "Java/1.5.0_21" 220 183
127.0.0.1 - - [13/Feb/2016:23:41:12 -0500] "GET /opensso/namingservice HTTP/1.1" 200 7 "-" "Java/1.5.0_21" 220 183
127.0.0.1 - - [13/Feb/2016:23:41:38 -0500] "GET /opensso/namingservice HTTP/1.1" 200 7 "-" "Java/1.5.0_21" 220 183
123.30.175.203 - - [13/Feb/2016:23:41:38 -0500] "GET /robots.txt HTTP/1.1" 404 208 "-" "Mozilla/5.0 (compatible; coccoc/1.0; +http://help.coccoc.com/)" 280 416
127.0.0.1 - - [13/Feb/2016:23:41:42 -0500] "GET /opensso/namingservice HTTP/1.1" 200 7 "-" "Java/1.5.0_21" 220 183
123.30.175.199 - - [13/Feb/2016:23:41:42 -0500] "GET /lunarmapper/lm.html?host=pub HTTP/1.1" 200 6019 "-" "Mozilla/5.0 (compatible; coccoc/1.0; +http://help.coccoc.com/)" 298 6239
127.0.0.1 - - [13/Feb/2016:23:42:08 -0500] "GET /opensso/namingservice HTTP/1.1" 200 7 "-" "Java/1.5.0_21" 220 183
127.0.0.1 - - [13/Feb/2016:23:42:12 -0500] "GET /opensso/namingservice HTTP/1.1" 200 7 "-" "Java/1.5.0_21" 220 183
127.0.0.1 - - [13/Feb/2016:23:42:38 -0500] "GET /opensso/namingservice HTTP/1.1" 200 7 "-" "Java/1.5.0_21" 220 183
127.0.0.1 - - [13/Feb/2016:23:42:42 -0500] "GET /opensso/namingservice HTTP/1.1" 200 7 "-" "Java/1.5.0_21" 220 183
127.0.0.1 - - [13/Feb/2016:23:43:08 -0500] "GET /opensso/namingservice HTTP/1.1" 200 7 "-" "Java/1.5.0_21" 220 183
127.0.0.1 - - [13/Feb/2016:23:43:12 -0500] "GET /opensso/namingservice HTTP/1.1" 200 7 "-" "Java/1.5.0_21" 220 183
127.0.0.1 - - [13/Feb/2016:23:43:38 -0500] "GET /opensso/namingservice HTTP/1.1" 200 7 "-" "Java/1.5.0_21" 220 183
127.0.0.1 - - [13/Feb/2016:23:43:42 -0500] "GET /opensso/namingservice HTTP/1.1" 200 7 "-" "Java/1.5.0_21" 220 183
127.0.0.1 - - [13/Feb/2016:23:44:08 -0500] "GET /opensso/namingservice HTTP/1.1" 200 7 "-" "Java/1.5.0_21" 220 183
127.0.0.1 - - [13/Feb/2016:23:44:12 -0500] "GET /opensso/namingservice HTTP/1.1" 200 7 "-" "Java/1.5.0_21" 220 183
66.249.66.167 - - [13/Feb/2016:23:44:35 -0500] "GET /redmine/issues/calendar?month=2&year=2133 HTTP/1.1" 200 27105 "-" "Mozilla/5.0 (compatible; Googlebot/2.1; +http://www.google.com/bot.html)" 332 27794
127.0.0.1 - - [13/Feb/2016:23:44:38 -0500] "GET /opensso/namingservice HTTP/1.1" 200 7 "-" "Java/1.5.0_21" 220 183
127.0.0.1 - - [13/Feb/2016:23:44:42 -0500] "GET /opensso/namingservice HTTP/1.1" 200 7 "-" "Java/1.5.0_21" 220 183
127.0.0.1 - - [13/Feb/2016:23:45:08 -0500] "GET /opensso/namingservice HTTP/1.1" 200 7 "-" "Java/1.5.0_21" 220 183
127.0.0.1 - - [13/Feb/2016:23:45:12 -0500] "GET /opensso/namingservice HTTP/1.1" 200 7 "-" "Java/1.5.0_21" 220 183
127.0.0.1 - - [13/Feb/2016:23:45:38 -0500] "GET /opensso/namingservice HTTP/1.1" 200 7 "-" "Java/1.5.0_21" 220 183
127.0.0.1 - - [13/Feb/2016:23:45:42 -0500] "GET /opensso/namingservice HTTP/1.1" 200 7 "-" "Java/1.5.0_21" 220 183
137.78.207.218 - - [13/Feb/2016:23:46:03 -0500] "HEAD /LMMPUI/LMMP_CLIENT/LMMP.html HTTP/1.1" 200 - "-" "curl/7.38.0" 110 274
127.0.0.1 - - [13/Feb/2016:23:46:08 -0500] "GET /opensso/namingservice HTTP/1.1" 200 7 "-" "Java/1.5.0_21" 220 183
127.0.0.1 - - [13/Feb/2016:23:46:12 -0500] "GET /opensso/namingservice HTTP/1.1" 200 7 "-" "Java/1.5.0_21" 220 183
127.0.0.1 - - [13/Feb/2016:23:46:38 -0500] "GET /opensso/namingservice HTTP/1.1" 200 7 "-" "Java/1.5.0_21" 220 183
127.0.0.1 - - [13/Feb/2016:23:46:42 -0500] "GET /opensso/namingservice HTTP/1.1" 200 7 "-" "Java/1.5.0_21" 220 183
127.0.0.1 - - [13/Feb/2016:23:47:08 -0500] "GET /opensso/namingservice HTTP/1.1" 200 7 "-" "Java/1.5.0_21" 220 183
127.0.0.1 - - [13/Feb/2016:23:47:12 -0500] "GET /opensso/namingservice HTTP/1.1" 200 7 "-" "Java/1.5.0_21" 220 183
127.0.0.1 - - [13/Feb/2016:23:47:38 -0500] "GET /opensso/namingservice HTTP/1.1" 200 7 "-" "Java/1.5.0_21" 220 183
127.0.0.1 - - [13/Feb/2016:23:47:42 -0500] "GET /opensso/namingservice HTTP/1.1" 200 7 "-" "Java/1.5.0_21" 220 183
127.0.0.1 - - [13/Feb/2016:23:48:08 -0500] "GET /opensso/namingservice HTTP/1.1" 200 7 "-" "Java/1.5.0_21" 220 183
127.0.0.1 - - [13/Feb/2016:23:48:12 -0500] "GET /opensso/namingservice HTTP/1.1" 200 7 "-" "Java/1.5.0_21" 220 183
127.0.0.1 - - [13/Feb/2016:23:48:38 -0500] "GET /opensso/namingservice HTTP/1.1" 200 7 "-" "Java/1.5.0_21" 220 183
127.0.0.1 - - [13/Feb/2016:23:48:42 -0500] "GET /opensso/namingservice HTTP/1.1" 200 7 "-" "Java/1.5.0_21" 220 183
203.133.171.6 - - [13/Feb/2016:23:49:06 -0500] "GET /redmine/projects/lmmpwiki/activity?from=2011-11-07 HTTP/1.1" 200 5394 "-" "Mozilla/5.0 (compatible; MSIE or Firefox mutant;) Daum 4.1" 391 5956
127.0.0.1 - - [13/Feb/2016:23:49:08 -0500] "GET /opensso/namingservice HTTP/1.1" 200 7 "-" "Java/1.5.0_21" 220 183
127.0.0.1 - - [13/Feb/2016:23:49:12 -0500] "GET /opensso/namingservice HTTP/1.1" 200 7 "-" "Java/1.5.0_21" 220 183
66.249.66.167 - - [13/Feb/2016:23:49:19 -0500] "GET /redmine/issues/calendar?month=3&year=2133 HTTP/1.1" 200 27540 "-" "Mozilla/5.0 (compatible; Googlebot/2.1; +http://www.google.com/bot.html)" 332 28229
127.0.0.1 - - [13/Feb/2016:23:49:38 -0500] "GET /opensso/namingservice HTTP/1.1" 200 7 "-" "Java/1.5.0_21" 220 183
127.0.0.1 - - [13/Feb/2016:23:49:42 -0500] "GET /opensso/namingservice HTTP/1.1" 200 7 "-" "Java/1.5.0_21" 220 183
127.0.0.1 - - [13/Feb/2016:23:50:08 -0500] "GET /opensso/namingservice HTTP/1.1" 200 7 "-" "Java/1.5.0_21" 220 183
127.0.0.1 - - [13/Feb/2016:23:50:12 -0500] "GET /opensso/namingservice HTTP/1.1" 200 7 "-" "Java/1.5.0_21" 220 183
127.0.0.1 - - [13/Feb/2016:23:50:38 -0500] "GET /opensso/namingservice HTTP/1.1" 200 7 "-" "Java/1.5.0_21" 220 183
127.0.0.1 - - [13/Feb/2016:23:50:42 -0500] "GET /opensso/namingservice HTTP/1.1" 200 7 "-" "Java/1.5.0_21" 220 183
137.78.207.218 - - [13/Feb/2016:23:51:03 -0500] "HEAD /LMMPUI/LMMP_CLIENT/LMMP.html HTTP/1.1" 200 - "-" "curl/7.38.0" 110 274
127.0.0.1 - - [13/Feb/2016:23:51:08 -0500] "GET /opensso/namingservice HTTP/1.1" 200 7 "-" "Java/1.5.0_21" 220 183
127.0.0.1 - - [13/Feb/2016:23:51:12 -0500] "GET /opensso/namingservice HTTP/1.1" 200 7 "-" "Java/1.5.0_21" 220 183
127.0.0.1 - - [13/Feb/2016:23:51:38 -0500] "GET /opensso/namingservice HTTP/1.1" 200 7 "-" "Java/1.5.0_21" 220 183
127.0.0.1 - - [13/Feb/2016:23:51:42 -0500] "GET /opensso/namingservice HTTP/1.1" 200 7 "-" "Java/1.5.0_21" 220 183
207.46.13.30 - - [13/Feb/2016:23:51:47 -0500] "GET /LMMPUI/LMMP_CLIENT/LMMP.html HTTP/1.1" 200 9400 "-" "Mozilla/5.0 (compatible; bingbot/2.0; +http://www.bing.com/bingbot.htm)" 300 9730
207.46.13.186 - - [13/Feb/2016:23:51:56 -0500] "GET /LMMPUI/LMMP_CLIENT/history/history.js HTTP/1.1" 200 24650 "-" "Mozilla/5.0 (compatible; bingbot/2.0; +http://www.bing.com/bingbot.htm)" 277 24988
207.46.13.30 - - [13/Feb/2016:23:52:07 -0500] "GET /LMMPUI/LMMP_CLIENT/history/history.css HTTP/1.1" 200 365 "-" "Mozilla/5.0 (compatible; bingbot/2.0; +http://www.bing.com/bingbot.htm)" 278 692
127.0.0.1 - - [13/Feb/2016:23:52:08 -0500] "GET /opensso/namingservice HTTP/1.1" 200 7 "-" "Java/1.5.0_21" 220 183
127.0.0.1 - - [13/Feb/2016:23:52:12 -0500] "GET /opensso/namingservice HTTP/1.1" 200 7 "-" "Java/1.5.0_21" 220 183
207.46.13.186 - - [13/Feb/2016:23:52:12 -0500] "GET /LMMPUI/LMMP_CLIENT/LMMP_WB.swf HTTP/1.1" 200 972505 "-" "Mozilla/5.0 (compatible; bingbot/2.0; +http://www.bing.com/bingbot.htm)" 270 972859
207.46.13.186 - - [13/Feb/2016:23:52:15 -0500] "GET /LMMPUI/LMMP_CLIENT/history/history.js HTTP/1.1" 200 24650 "-" "Mozilla/5.0 (compatible; bingbot/2.0; +http://www.bing.com/bingbot.htm)" 277 24987
127.0.0.1 - - [13/Feb/2016:23:52:38 -0500] "GET /opensso/namingservice HTTP/1.1" 200 7 "-" "Java/1.5.0_21" 220 183
127.0.0.1 - - [13/Feb/2016:23:52:42 -0500] "GET /opensso/namingservice HTTP/1.1" 200 7 "-" "Java/1.5.0_21" 220 183
127.0.0.1 - - [13/Feb/2016:23:53:08 -0500] "GET /opensso/namingservice HTTP/1.1" 200 7 "-" "Java/1.5.0_21" 220 183
127.0.0.1 - - [13/Feb/2016:23:53:12 -0500] "GET /opensso/namingservice HTTP/1.1" 200 7 "-" "Java/1.5.0_21" 220 183
127.0.0.1 - - [13/Feb/2016:23:53:38 -0500] "GET /opensso/namingservice HTTP/1.1" 200 7 "-" "Java/1.5.0_21" 220 183
127.0.0.1 - - [13/Feb/2016:23:53:42 -0500] "GET /opensso/namingservice HTTP/1.1" 200 7 "-" "Java/1.5.0_21" 220 183
127.0.0.1 - - [13/Feb/2016:23:54:08 -0500] "GET /opensso/namingservice HTTP/1.1" 200 7 "-" "Java/1.5.0_21" 220 183
127.0.0.1 - - [13/Feb/2016:23:54:12 -0500] "GET /opensso/namingservice HTTP/1.1" 200 7 "-" "Java/1.5.0_21" 220 183
66.249.66.167 - - [13/Feb/2016:23:54:17 -0500] "GET /redmine/issues/calendar?month=4&year=2133 HTTP/1.1" 200 27536 "-" "Mozilla/5.0 (compatible; Googlebot/2.1; +http://www.google.com/bot.html)" 332 28225
127.0.0.1 - - [13/Feb/2016:23:54:38 -0500] "GET /opensso/namingservice HTTP/1.1" 200 7 "-" "Java/1.5.0_21" 220 183
127.0.0.1 - - [13/Feb/2016:23:54:42 -0500] "GET /opensso/namingservice HTTP/1.1" 200 7 "-" "Java/1.5.0_21" 220 183
72.24.5.186 - - [13/Feb/2016:23:54:55 -0500] "GET /arcgis/rest/services/CombinedNomenclature/MapServer?f=json HTTP/1.1" 502 481 "-" "ArcGIS.Android-10.2.3/5.1.1/TCL-5017B" 199 668
127.0.0.1 - - [13/Feb/2016:23:55:08 -0500] "GET /opensso/namingservice HTTP/1.1" 200 7 "-" "Java/1.5.0_21" 220 183
127.0.0.1 - - [13/Feb/2016:23:55:12 -0500] "GET /opensso/namingservice HTTP/1.1" 200 7 "-" "Java/1.5.0_21" 220 183
127.0.0.1 - - [13/Feb/2016:23:55:38 -0500] "GET /opensso/namingservice HTTP/1.1" 200 7 "-" "Java/1.5.0_21" 220 183
127.0.0.1 - - [13/Feb/2016:23:55:42 -0500] "GET /opensso/namingservice HTTP/1.1" 200 7 "-" "Java/1.5.0_21" 220 183
137.78.207.218 - - [13/Feb/2016:23:56:03 -0500] "HEAD /LMMPUI/LMMP_CLIENT/LMMP.html HTTP/1.1" 200 - "-" "curl/7.38.0" 110 274
127.0.0.1 - - [13/Feb/2016:23:56:08 -0500] "GET /opensso/namingservice HTTP/1.1" 200 7 "-" "Java/1.5.0_21" 220 183
127.0.0.1 - - [13/Feb/2016:23:56:12 -0500] "GET /opensso/namingservice HTTP/1.1" 200 7 "-" "Java/1.5.0_21" 220 183
127.0.0.1 - - [13/Feb/2016:23:56:38 -0500] "GET /opensso/namingservice HTTP/1.1" 200 7 "-" "Java/1.5.0_21" 220 183
127.0.0.1 - - [13/Feb/2016:23:56:42 -0500] "GET /opensso/namingservice HTTP/1.1" 200 7 "-" "Java/1.5.0_21" 220 183
127.0.0.1 - - [13/Feb/2016:23:57:08 -0500] "GET /opensso/namingservice HTTP/1.1" 200 7 "-" "Java/1.5.0_21" 220 183
127.0.0.1 - - [13/Feb/2016:23:57:12 -0500] "GET /opensso/namingservice HTTP/1.1" 200 7 "-" "Java/1.5.0_21" 220 183
127.0.0.1 - - [13/Feb/2016:23:57:38 -0500] "GET /opensso/namingservice HTTP/1.1" 200 7 "-" "Java/1.5.0_21" 220 183
127.0.0.1 - - [13/Feb/2016:23:57:42 -0500] "GET /opensso/namingservice HTTP/1.1" 200 7 "-" "Java/1.5.0_21" 220 183
127.0.0.1 - - [13/Feb/2016:23:58:08 -0500] "GET /opensso/namingservice HTTP/1.1" 200 7 "-" "Java/1.5.0_21" 220 183
127.0.0.1 - - [13/Feb/2016:23:58:12 -0500] "GET /opensso/namingservice HTTP/1.1" 200 7 "-" "Java/1.5.0_21" 220 183
127.0.0.1 - - [13/Feb/2016:23:58:38 -0500] "GET /opensso/namingservice HTTP/1.1" 200 7 "-" "Java/1.5.0_21" 220 183
127.0.0.1 - - [13/Feb/2016:23:58:42 -0500] "GET /opensso/namingservice HTTP/1.1" 200 7 "-" "Java/1.5.0_21" 220 183
127.0.0.1 - - [13/Feb/2016:23:59:08 -0500] "GET /opensso/namingservice HTTP/1.1" 200 7 "-" "Java/1.5.0_21" 220 183
127.0.0.1 - - [13/Feb/2016:23:59:12 -0500] "GET /opensso/namingservice HTTP/1.1" 200 7 "-" "Java/1.5.0_21" 220 183
68.180.228.178 - - [13/Feb/2016:23:59:18 -0500] "GET /redmine/projects/lmmpwiki/activity?from=2015-07-17 HTTP/1.1" 200 4829 "-" "Mozilla/5.0 (compatible; Yahoo! Slurp; http://help.yahoo.com/help/us/ysearch/slurp)" 277 5335
66.249.66.171 - - [13/Feb/2016:23:59:20 -0500] "GET /redmine/issues/calendar?month=5&year=2133 HTTP/1.1" 200 27965 "-" "Mozilla/5.0 (compatible; Googlebot/2.1; +http://www.google.com/bot.html)" 332 28654
127.0.0.1 - - [13/Feb/2016:23:59:38 -0500] "GET /opensso/namingservice HTTP/1.1" 200 7 "-" "Java/1.5.0_21" 220 183
127.0.0.1 - - [13/Feb/2016:23:59:42 -0500] "GET /opensso/namingservice HTTP/1.1" 200 7 "-" "Java/1.5.0_21" 220 183
127.0.0.1 - - [14/Feb/2016:00:00:08 -0500] "GET /opensso/namingservice HTTP/1.1" 200 7 "-" "Java/1.5.0_21" 220 183
127.0.0.1 - - [14/Feb/2016:00:00:12 -0500] "GET /opensso/namingservice HTTP/1.1" 200 7 "-" "Java/1.5.0_21" 220 183
127.0.0.1 - - [14/Feb/2016:00:00:38 -0500] "GET /opensso/namingservice HTTP/1.1" 200 7 "-" "Java/1.5.0_21" 220 183
127.0.0.1 - - [14/Feb/2016:00:00:42 -0500] "GET /opensso/namingservice HTTP/1.1" 200 7 "-" "Java/1.5.0_21" 220 183
137.78.207.218 - - [14/Feb/2016:00:01:03 -0500] "HEAD /LMMPUI/LMMP_CLIENT/LMMP.html HTTP/1.1" 200 - "-" "curl/7.38.0" 110 274
127.0.0.1 - - [14/Feb/2016:00:01:08 -0500] "GET /opensso/namingservice HTTP/1.1" 200 7 "-" "Java/1.5.0_21" 220 183
127.0.0.1 - - [14/Feb/2016:00:01:12 -0500] "GET /opensso/namingservice HTTP/1.1" 200 7 "-" "Java/1.5.0_21" 220 183
127.0.0.1 - - [14/Feb/2016:00:01:38 -0500] "GET /opensso/namingservice HTTP/1.1" 200 7 "-" "Java/1.5.0_21" 220 183
127.0.0.1 - - [14/Feb/2016:00:01:42 -0500] "GET /opensso/namingservice HTTP/1.1" 200 7 "-" "Java/1.5.0_21" 220 183
127.0.0.1 - - [14/Feb/2016:00:02:08 -0500] "GET /opensso/namingservice HTTP/1.1" 200 7 "-" "Java/1.5.0_21" 220 183
127.0.0.1 - - [14/Feb/2016:00:02:12 -0500] "GET /opensso/namingservice HTTP/1.1" 200 7 "-" "Java/1.5.0_21" 220 183
127.0.0.1 - - [14/Feb/2016:00:02:38 -0500] "GET /opensso/namingservice HTTP/1.1" 200 7 "-" "Java/1.5.0_21" 220 183
127.0.0.1 - - [14/Feb/2016:00:02:42 -0500] "GET /opensso/namingservice HTTP/1.1" 200 7 "-" "Java/1.5.0_21" 220 183
127.0.0.1 - - [14/Feb/2016:00:03:08 -0500] "GET /opensso/namingservice HTTP/1.1" 200 7 "-" "Java/1.5.0_21" 220 183
127.0.0.1 - - [14/Feb/2016:00:03:12 -0500] "GET /opensso/namingservice HTTP/1.1" 200 7 "-" "Java/1.5.0_21" 220 183
127.0.0.1 - - [14/Feb/2016:00:03:38 -0500] "GET /opensso/namingservice HTTP/1.1" 200 7 "-" "Java/1.5.0_21" 220 183
127.0.0.1 - - [14/Feb/2016:00:03:42 -0500] "GET /opensso/namingservice HTTP/1.1" 200 7 "-" "Java/1.5.0_21" 220 183
127.0.0.1 - - [14/Feb/2016:00:04:08 -0500] "GET /opensso/namingservice HTTP/1.1" 200 7 "-" "Java/1.5.0_21" 220 183
127.0.0.1 - - [14/Feb/2016:00:04:12 -0500] "GET /opensso/namingservice HTTP/1.1" 200 7 "-" "Java/1.5.0_21" 220 183
66.249.66.163 - - [14/Feb/2016:00:04:19 -0500] "GET /ArcGIS/rest/services/LRO_NAC_CratDen_26S265E_200cmp/MapServer?f=json&pretty=true HTTP/1.1" 200 665 "-" "Mozilla/5.0 (compatible; Googlebot/2.1; +http://www.google.com/bot.html)" 371 963
127.0.0.1 - - [14/Feb/2016:00:04:38 -0500] "GET /opensso/namingservice HTTP/1.1" 200 7 "-" "Java/1.5.0_21" 220 183
66.249.66.167 - - [14/Feb/2016:00:04:37 -0500] "GET /ArcGIS/rest/services/LRO_NAC_ClrRoughness_15m_60S200E_150cmp/MapServer/tile/3/8/1 HTTP/1.1" 200 1406 "-" "Mozilla/5.0 (compatible; Googlebot/2.1; +http://www.google.com/bot.html)" 372 1710
127.0.0.1 - - [14/Feb/2016:00:04:42 -0500] "GET /opensso/namingservice HTTP/1.1" 200 7 "-" "Java/1.5.0_21" 220 183
66.249.66.163 - - [14/Feb/2016:00:04:53 -0500] "GET /ArcGIS/rest/services/LRO_NAC_RockAbnd_73N350E_150cmp/MapServer?f=help HTTP/1.1" 302 178 "-" "Mozilla/5.0 (compatible; Googlebot/2.1; +http://www.google.com/bot.html)" 360 514
127.0.0.1 - - [14/Feb/2016:00:05:08 -0500] "GET /opensso/namingservice HTTP/1.1" 200 7 "-" "Java/1.5.0_21" 220 183
66.249.66.163 - - [14/Feb/2016:00:05:07 -0500] "GET /ArcGIS/rest/services/LRO_NAC_CratDen_60S200E_150cmp/MapServer/export?bbox=-160.699620735868,-60.6883974018758,-160.242829696436,-59.5860586951488 HTTP/1.1" 200 3686 "-" "Mozilla/5.0 (compatible; Googlebot/2.1; +http://www.google.com/bot.html)" 436 3942
127.0.0.1 - - [14/Feb/2016:00:05:12 -0500] "GET /opensso/namingservice HTTP/1.1" 200 7 "-" "Java/1.5.0_21" 220 183
66.249.66.163 - - [14/Feb/2016:00:05:20 -0500] "GET /ArcGIS/rest/services/Clem_Fe_Global_152ppd_V02/MapServer/export?bbox=-237.438696813166,-195.19621290176,130.559976260119,143.858744311829 HTTP/1.1" 200 3656 "-" "Mozilla/5.0 (compatible; Googlebot/2.1; +http://www.google.com/bot.html)" 428 3912
66.249.66.163 - - [14/Feb/2016:00:05:32 -0500] "GET /ArcGIS/rest/services/LRO_NAC_RockDen_00N234E_150cmp/MapServer/0 HTTP/1.1" 200 1934 "-" "Mozilla/5.0 (compatible; Googlebot/2.1; +http://www.google.com/bot.html)" 354 2206
127.0.0.1 - - [14/Feb/2016:00:05:38 -0500] "GET /opensso/namingservice HTTP/1.1" 200 7 "-" "Java/1.5.0_21" 220 183
127.0.0.1 - - [14/Feb/2016:00:05:42 -0500] "GET /opensso/namingservice HTTP/1.1" 200 7 "-" "Java/1.5.0_21" 220 183
74.82.47.4 - - [14/Feb/2016:00:05:45 -0500] "GET / HTTP/1.1" 302 235 "-" "-" 309 4373
66.249.66.163 - - [14/Feb/2016:00:05:45 -0500] "GET /ArcGIS/rest/services/LRO_NAC_Mosaic_32N292E_50cmp/MapServer/tile/14/6550/12703 HTTP/1.1" 200 876 "-" "Mozilla/5.0 (compatible; Googlebot/2.1; +http://www.google.com/bot.html)" 369 1179
66.249.66.163 - - [14/Feb/2016:00:06:02 -0500] "GET /ArcGIS/rest/services/LRO_NAC_CratDenHaz_06N120E_200cmp/MapServer?f=json&pretty=true HTTP/1.1" 200 665 "-" "Mozilla/5.0 (compatible; Googlebot/2.1; +http://www.google.com/bot.html)" 374 961
137.78.207.218 - - [14/Feb/2016:00:06:03 -0500] "HEAD /LMMPUI/LMMP_CLIENT/LMMP.html HTTP/1.1" 200 - "-" "curl/7.38.0" 110 274
127.0.0.1 - - [14/Feb/2016:00:06:08 -0500] "GET /opensso/namingservice HTTP/1.1" 200 7 "-" "Java/1.5.0_21" 220 183
127.0.0.1 - - [14/Feb/2016:00:06:12 -0500] "GET /opensso/namingservice HTTP/1.1" 200 7 "-" "Java/1.5.0_21" 220 183
66.249.66.163 - - [14/Feb/2016:00:06:18 -0500] "GET /ArcGIS/rest/services/SPolarGraticule/MapServer?f=json&pretty=true HTTP/1.1" 200 912 "-" "Mozilla/5.0 (compatible; Googlebot/2.1; +http://www.google.com/bot.html)" 356 1209
66.249.66.163 - - [14/Feb/2016:00:06:34 -0500] "GET /ArcGIS/rest/services/LRO_NAC_CratDen_16S041E_150cmp/MapServer?f=json&pretty=true HTTP/1.1" 200 667 "-" "Mozilla/5.0 (compatible; Googlebot/2.1; +http://www.google.com/bot.html)" 371 965
127.0.0.1 - - [14/Feb/2016:00:06:38 -0500] "GET /opensso/namingservice HTTP/1.1" 200 7 "-" "Java/1.5.0_21" 220 183
127.0.0.1 - - [14/Feb/2016:00:06:42 -0500] "GET /opensso/namingservice HTTP/1.1" 200 7 "-" "Java/1.5.0_21" 220 183
66.249.66.163 - - [14/Feb/2016:00:06:50 -0500] "GET /ArcGIS/rest/services/LRO_NAC_ClrRoughnessHaz_15m_60S200E_150cmp/MapServer?f=jsapi HTTP/1.1" 200 3072 "-" "Mozilla/5.0 (compatible; Googlebot/2.1; +http://www.google.com/bot.html)" 372 3346
127.0.0.1 - - [14/Feb/2016:00:07:08 -0500] "GET /opensso/namingservice HTTP/1.1" 200 7 "-" "Java/1.5.0_21" 220 183
66.249.66.163 - - [14/Feb/2016:00:07:06 -0500] "GET /ArcGIS/rest/services/LRO_NAC_ClrSlope_15m_00N234E_150cmp/ImageServer/exportImage?bbox=-125.974527770001,-0.560731245920629,-125.107176384613,0.769036059999992 HTTP/1.1" 200 4569 "-" "Mozilla/5.0 (compatible; Googlebot/2.1; +http://www.google.com/bot.html)" 449 4825
127.0.0.1 - - [14/Feb/2016:00:07:12 -0500] "GET /opensso/namingservice HTTP/1.1" 200 7 "-" "Java/1.5.0_21" 220 183
66.249.66.163 - - [14/Feb/2016:00:07:22 -0500] "GET /ArcGIS/rest/services/LRO_NAC_RockAbnd_25N311E_2mp/MapServer?f=nmf HTTP/1.1" 200 1264 "-" "Mozilla/5.0 (compatible; Googlebot/2.1; +http://www.google.com/bot.html)" 356 1631
127.0.0.1 - - [14/Feb/2016:00:07:38 -0500] "GET /opensso/namingservice HTTP/1.1" 200 7 "-" "Java/1.5.0_21" 220 183
66.249.66.163 - - [14/Feb/2016:00:07:37 -0500] "GET /ArcGIS/rest/services/LRO_NAC_CratDen_26S265E_200cmp/MapServer/export?bbox=-95.7302668662305,-26.8606419088178,-95.1259683091594,-25.430959956723 HTTP/1.1" 200 3684 "-" "Mozilla/5.0 (compatible; Googlebot/2.1; +http://www.google.com/bot.html)" 435 3940
127.0.0.1 - - [14/Feb/2016:00:07:42 -0500] "GET /opensso/namingservice HTTP/1.1" 200 7 "-" "Java/1.5.0_21" 220 183
66.249.66.163 - - [14/Feb/2016:00:07:53 -0500] "GET /ArcGIS/rest/services/LRO_NAC_ClrRoughnessHaz_15m_60S200E_150cmp/MapServer?f=json&callback=dojo.io.script.jsonp_dojoIoScript1._jsonpCallback HTTP/1.1" 200 1281 "http://pub.lmmp.nasa.gov/ArcGIS/rest/services/LRO_NAC_ClrRoughnessHaz_15m_60S200E_150cmp/MapServer?f=jsapi" "Mozilla/5.0 (compatible; Googlebot/2.1; +http://www.google.com/bot.html)" 491 1579
127.0.0.1 - - [14/Feb/2016:00:08:08 -0500] "GET /opensso/namingservice HTTP/1.1" 200 7 "-" "Java/1.5.0_21" 220 183
66.249.66.163 - - [14/Feb/2016:00:08:08 -0500] "GET /ArcGIS/rest/services/DefaultEqui/MapServer/tile/4/0/0 HTTP/1.1" 500 1208 "-" "Mozilla/5.0 (compatible; Googlebot/2.1; +http://www.google.com/bot.html)" 344 1431
127.0.0.1 - - [14/Feb/2016:00:08:12 -0500] "GET /opensso/namingservice HTTP/1.1" 200 7 "-" "Java/1.5.0_21" 220 183
66.249.66.163 - - [14/Feb/2016:00:08:23 -0500] "GET /redmine/projects/lmmpwiki/activity?from=1987-05-22&show_news=1 HTTP/1.1" 200 4917 "-" "Mozilla/5.0 (compatible; Googlebot/2.1; +http://www.google.com/bot.html)" 353 5479
127.0.0.1 - - [14/Feb/2016:00:08:38 -0500] "GET /opensso/namingservice HTTP/1.1" 200 7 "-" "Java/1.5.0_21" 220 183
66.249.66.163 - - [14/Feb/2016:00:08:38 -0500] "GET /redmine/issues/calendar?month=6&year=2133 HTTP/1.1" 200 27533 "-" "Mozilla/5.0 (compatible; Googlebot/2.1; +http://www.google.com/bot.html)" 332 28222
127.0.0.1 - - [14/Feb/2016:00:08:42 -0500] "GET /opensso/namingservice HTTP/1.1" 200 7 "-" "Java/1.5.0_21" 220 183
66.249.66.163 - - [14/Feb/2016:00:08:53 -0500] "GET /redmine/projects/lmmpwiki/activity?from=2009-03-05 HTTP/1.1" 200 4829 "-" "Mozilla/5.0 (compatible; Googlebot/2.1; +http://www.google.com/bot.html)" 341 5391
127.0.0.1 - - [14/Feb/2016:00:09:08 -0500] "GET /opensso/namingservice HTTP/1.1" 200 7 "-" "Java/1.5.0_21" 220 183
66.249.66.163 - - [14/Feb/2016:00:09:08 -0500] "GET /redmine/activity?from=1888-10-28&show_time_entries=1&user_id=1 HTTP/1.1" 200 5725 "-" "Mozilla/5.0 (compatible; Googlebot/2.1; +http://www.google.com/bot.html)" 353 6287
127.0.0.1 - - [14/Feb/2016:00:09:12 -0500] "GET /opensso/namingservice HTTP/1.1" 200 7 "-" "Java/1.5.0_21" 220 183
66.249.66.163 - - [14/Feb/2016:00:09:22 -0500] "GET /redmine/issues/gantt?month=5&months=6&year=1671&zoom=1 HTTP/1.1" 200 27574 "-" "Mozilla/5.0 (compatible; Googlebot/2.1; +http://www.google.com/bot.html)" 345 28263
66.249.66.163 - - [14/Feb/2016:00:09:37 -0500] "GET /redmine/activity?from=1956-12-23&show_news=1&user_id=1 HTTP/1.1" 200 5677 "-" "Mozilla/5.0 (compatible; Googlebot/2.1; +http://www.google.com/bot.html)" 345 6239
127.0.0.1 - - [14/Feb/2016:00:09:38 -0500] "GET /opensso/namingservice HTTP/1.1" 200 7 "-" "Java/1.5.0_21" 220 183
127.0.0.1 - - [14/Feb/2016:00:09:42 -0500] "GET /opensso/namingservice HTTP/1.1" 200 7 "-" "Java/1.5.0_21" 220 183
66.249.66.163 - - [14/Feb/2016:00:09:51 -0500] "GET /ArcGIS/rest/services/LRO_NAC_CratDen_60S200E_150cmp/MapServer/export?f=help HTTP/1.1" 302 175 "-" "Mozilla/5.0 (compatible; Googlebot/2.1; +http://www.google.com/bot.html)" 366 508
66.249.66.163 - - [14/Feb/2016:00:10:05 -0500] "GET /redmine/issues/calendar?month=7&year=2133 HTTP/1.1" 200 27540 "-" "Mozilla/5.0 (compatible; Googlebot/2.1; +http://www.google.com/bot.html)" 332 28229
127.0.0.1 - - [14/Feb/2016:00:10:08 -0500] "GET /opensso/namingservice HTTP/1.1" 200 7 "-" "Java/1.5.0_21" 220 183
127.0.0.1 - - [14/Feb/2016:00:10:12 -0500] "GET /opensso/namingservice HTTP/1.1" 200 7 "-" "Java/1.5.0_21" 220 183
66.249.66.163 - - [14/Feb/2016:00:10:19 -0500] "GET /ArcGIS/rest/services/LRO_NAC_RockDen_00N234E_150cmp/MapServer/0?f=help HTTP/1.1" 302 174 "-" "Mozilla/5.0 (compatible; Googlebot/2.1; +http://www.google.com/bot.html)" 361 506
66.249.66.163 - - [14/Feb/2016:00:10:33 -0500] "GET /ArcGIS/rest/services/LRO_NAC_ClrSlope_15m_00N234E_150cmp/ImageServer/exportImage?f=help HTTP/1.1" 302 180 "-" "Mozilla/5.0 (compatible; Googlebot/2.1; +http://www.google.com/bot.html)" 378 518
127.0.0.1 - - [14/Feb/2016:00:10:38 -0500] "GET /opensso/namingservice HTTP/1.1" 200 7 "-" "Java/1.5.0_21" 220 183
127.0.0.1 - - [14/Feb/2016:00:10:42 -0500] "GET /opensso/namingservice HTTP/1.1" 200 7 "-" "Java/1.5.0_21" 220 183
66.249.66.163 - - [14/Feb/2016:00:10:47 -0500] "GET /arcgis/SDK/REST/index.html?exportimage.html HTTP/1.1" 200 1019 "-" "Mozilla/5.0 (compatible; Googlebot/2.1; +http://www.google.com/bot.html)" 334 1354
137.78.207.218 - - [14/Feb/2016:00:11:04 -0500] "HEAD /LMMPUI/LMMP_CLIENT/LMMP.html HTTP/1.1" 200 - "-" "curl/7.38.0" 110 274
127.0.0.1 - - [14/Feb/2016:00:11:08 -0500] "GET /opensso/namingservice HTTP/1.1" 200 7 "-" "Java/1.5.0_21" 220 183
127.0.0.1 - - [14/Feb/2016:00:11:12 -0500] "GET /opensso/namingservice HTTP/1.1" 200 7 "-" "Java/1.5.0_21" 220 183
127.0.0.1 - - [14/Feb/2016:00:11:38 -0500] "GET /opensso/namingservice HTTP/1.1" 200 7 "-" "Java/1.5.0_21" 220 183
127.0.0.1 - - [14/Feb/2016:00:11:42 -0500] "GET /opensso/namingservice HTTP/1.1" 200 7 "-" "Java/1.5.0_21" 220 183
127.0.0.1 - - [14/Feb/2016:00:12:08 -0500] "GET /opensso/namingservice HTTP/1.1" 200 7 "-" "Java/1.5.0_21" 220 183
127.0.0.1 - - [14/Feb/2016:00:12:12 -0500] "GET /opensso/namingservice HTTP/1.1" 200 7 "-" "Java/1.5.0_21" 220 183
127.0.0.1 - - [14/Feb/2016:00:12:38 -0500] "GET /opensso/namingservice HTTP/1.1" 200 7 "-" "Java/1.5.0_21" 220 183
127.0.0.1 - - [14/Feb/2016:00:12:42 -0500] "GET /opensso/namingservice HTTP/1.1" 200 7 "-" "Java/1.5.0_21" 220 183
127.0.0.1 - - [14/Feb/2016:00:13:08 -0500] "GET /opensso/namingservice HTTP/1.1" 200 7 "-" "Java/1.5.0_21" 220 183
127.0.0.1 - - [14/Feb/2016:00:13:12 -0500] "GET /opensso/namingservice HTTP/1.1" 200 7 "-" "Java/1.5.0_21" 220 183
66.249.66.163 - - [14/Feb/2016:00:13:18 -0500] "GET /ArcGIS/rest/services/LRO_NAC_CratDen_26S265E_200cmp/MapServer/export?f=help HTTP/1.1" 302 175 "-" "Mozilla/5.0 (compatible; Googlebot/2.1; +http://www.google.com/bot.html)" 366 508
127.0.0.1 - - [14/Feb/2016:00:13:38 -0500] "GET /opensso/namingservice HTTP/1.1" 200 7 "-" "Java/1.5.0_21" 220 183
127.0.0.1 - - [14/Feb/2016:00:13:42 -0500] "GET /opensso/namingservice HTTP/1.1" 200 7 "-" "Java/1.5.0_21" 220 183
127.0.0.1 - - [14/Feb/2016:00:14:08 -0500] "GET /opensso/namingservice HTTP/1.1" 200 7 "-" "Java/1.5.0_21" 220 183
127.0.0.1 - - [14/Feb/2016:00:14:12 -0500] "GET /opensso/namingservice HTTP/1.1" 200 7 "-" "Java/1.5.0_21" 220 183
127.0.0.1 - - [14/Feb/2016:00:14:38 -0500] "GET /opensso/namingservice HTTP/1.1" 200 7 "-" "Java/1.5.0_21" 220 183
127.0.0.1 - - [14/Feb/2016:00:14:42 -0500] "GET /opensso/namingservice HTTP/1.1" 200 7 "-" "Java/1.5.0_21" 220 183
127.0.0.1 - - [14/Feb/2016:00:15:08 -0500] "GET /opensso/namingservice HTTP/1.1" 200 7 "-" "Java/1.5.0_21" 220 183
127.0.0.1 - - [14/Feb/2016:00:15:12 -0500] "GET /opensso/namingservice HTTP/1.1" 200 7 "-" "Java/1.5.0_21" 220 183
127.0.0.1 - - [14/Feb/2016:00:15:38 -0500] "GET /opensso/namingservice HTTP/1.1" 200 7 "-" "Java/1.5.0_21" 220 183
127.0.0.1 - - [14/Feb/2016:00:15:42 -0500] "GET /opensso/namingservice HTTP/1.1" 200 7 "-" "Java/1.5.0_21" 220 183
137.78.207.218 - - [14/Feb/2016:00:16:03 -0500] "HEAD /LMMPUI/LMMP_CLIENT/LMMP.html HTTP/1.1" 200 - "-" "curl/7.38.0" 110 274
127.0.0.1 - - [14/Feb/2016:00:16:08 -0500] "GET /opensso/namingservice HTTP/1.1" 200 7 "-" "Java/1.5.0_21" 220 183
127.0.0.1 - - [14/Feb/2016:00:16:12 -0500] "GET /opensso/namingservice HTTP/1.1" 200 7 "-" "Java/1.5.0_21" 220 183
203.133.169.213 - - [14/Feb/2016:00:16:32 -0500] "GET /robots.txt HTTP/1.1" 404 208 "-" "Mozilla/5.0 (compatible; MSIE or Firefox mutant;) Daum 4.1" 351 453
203.133.169.213 - - [14/Feb/2016:00:16:33 -0500] "GET /LMMPUI/LMMP_CLIENT/LMMP.html HTTP/1.1" 200 9400 "-" "Mozilla/5.0 (compatible; MSIE or Firefox mutant;) Daum 4.1" 369 9730
181.72.201.15 - - [14/Feb/2016:00:16:35 -0500] "GET /arcgis/rest/services/CombinedNomenclature/MapServer?f=json HTTP/1.1" 200 810 "-" "ArcGIS.Android-10.2.3/4.1.2/LENOVO-IDEATABA1000-F" 211 1107
127.0.0.1 - - [14/Feb/2016:00:16:38 -0500] "GET /opensso/namingservice HTTP/1.1" 200 7 "-" "Java/1.5.0_21" 220 183
127.0.0.1 - - [14/Feb/2016:00:16:42 -0500] "GET /opensso/namingservice HTTP/1.1" 200 7 "-" "Java/1.5.0_21" 220 183
66.249.66.171 - - [14/Feb/2016:00:17:05 -0500] "GET /redmine/activity?from=1888-09-28&show_time_entries=1&user_id=1 HTTP/1.1" 200 5725 "-" "Mozilla/5.0 (compatible; Googlebot/2.1; +http://www.google.com/bot.html)" 353 6287
127.0.0.1 - - [14/Feb/2016:00:17:08 -0500] "GET /opensso/namingservice HTTP/1.1" 200 7 "-" "Java/1.5.0_21" 220 183
127.0.0.1 - - [14/Feb/2016:00:17:12 -0500] "GET /opensso/namingservice HTTP/1.1" 200 7 "-" "Java/1.5.0_21" 220 183
181.72.201.15 - - [14/Feb/2016:00:17:36 -0500] "GET /arcgis/rest/services/CombinedNomenclature/MapServer?f=json HTTP/1.1" 200 810 "-" "ArcGIS.Android-10.2.3/4.1.2/LENOVO-IDEATABA1000-F" 211 1107
127.0.0.1 - - [14/Feb/2016:00:17:38 -0500] "GET /opensso/namingservice HTTP/1.1" 200 7 "-" "Java/1.5.0_21" 220 183
127.0.0.1 - - [14/Feb/2016:00:17:42 -0500] "GET /opensso/namingservice HTTP/1.1" 200 7 "-" "Java/1.5.0_21" 220 183
127.0.0.1 - - [14/Feb/2016:00:18:08 -0500] "GET /opensso/namingservice HTTP/1.1" 200 7 "-" "Java/1.5.0_21" 220 183
127.0.0.1 - - [14/Feb/2016:00:18:12 -0500] "GET /opensso/namingservice HTTP/1.1" 200 7 "-" "Java/1.5.0_21" 220 183
127.0.0.1 - - [14/Feb/2016:00:18:38 -0500] "GET /opensso/namingservice HTTP/1.1" 200 7 "-" "Java/1.5.0_21" 220 183
127.0.0.1 - - [14/Feb/2016:00:18:42 -0500] "GET /opensso/namingservice HTTP/1.1" 200 7 "-" "Java/1.5.0_21" 220 183
127.0.0.1 - - [14/Feb/2016:00:19:08 -0500] "GET /opensso/namingservice HTTP/1.1" 200 7 "-" "Java/1.5.0_21" 220 183
127.0.0.1 - - [14/Feb/2016:00:19:12 -0500] "GET /opensso/namingservice HTTP/1.1" 200 7 "-" "Java/1.5.0_21" 220 183
127.0.0.1 - - [14/Feb/2016:00:19:38 -0500] "GET /opensso/namingservice HTTP/1.1" 200 7 "-" "Java/1.5.0_21" 220 183
127.0.0.1 - - [14/Feb/2016:00:19:42 -0500] "GET /opensso/namingservice HTTP/1.1" 200 7 "-" "Java/1.5.0_21" 220 183
127.0.0.1 - - [14/Feb/2016:00:20:08 -0500] "GET /opensso/namingservice HTTP/1.1" 200 7 "-" "Java/1.5.0_21" 220 183
127.0.0.1 - - [14/Feb/2016:00:20:12 -0500] "GET /opensso/namingservice HTTP/1.1" 200 7 "-" "Java/1.5.0_21" 220 183
127.0.0.1 - - [14/Feb/2016:00:20:38 -0500] "GET /opensso/namingservice HTTP/1.1" 200 7 "-" "Java/1.5.0_21" 220 183
127.0.0.1 - - [14/Feb/2016:00:20:42 -0500] "GET /opensso/namingservice HTTP/1.1" 200 7 "-" "Java/1.5.0_21" 220 183
66.249.66.171 - - [14/Feb/2016:00:20:52 -0500] "GET /redmine/activity?from=1888-08-29&show_time_entries=1&user_id=1 HTTP/1.1" 200 5725 "-" "Mozilla/5.0 (compatible; Googlebot/2.1; +http://www.google.com/bot.html)" 353 6287
137.78.207.218 - - [14/Feb/2016:00:21:03 -0500] "HEAD /LMMPUI/LMMP_CLIENT/LMMP.html HTTP/1.1" 200 - "-" "curl/7.38.0" 110 274
127.0.0.1 - - [14/Feb/2016:00:21:08 -0500] "GET /opensso/namingservice HTTP/1.1" 200 7 "-" "Java/1.5.0_21" 220 183
127.0.0.1 - - [14/Feb/2016:00:21:12 -0500] "GET /opensso/namingservice HTTP/1.1" 200 7 "-" "Java/1.5.0_21" 220 183
127.0.0.1 - - [14/Feb/2016:00:21:38 -0500] "GET /opensso/namingservice HTTP/1.1" 200 7 "-" "Java/1.5.0_21" 220 183
127.0.0.1 - - [14/Feb/2016:00:21:42 -0500] "GET /opensso/namingservice HTTP/1.1" 200 7 "-" "Java/1.5.0_21" 220 183
127.0.0.1 - - [14/Feb/2016:00:22:08 -0500] "GET /opensso/namingservice HTTP/1.1" 200 7 "-" "Java/1.5.0_21" 220 183
127.0.0.1 - - [14/Feb/2016:00:22:12 -0500] "GET /opensso/namingservice HTTP/1.1" 200 7 "-" "Java/1.5.0_21" 220 183
127.0.0.1 - - [14/Feb/2016:00:22:38 -0500] "GET /opensso/namingservice HTTP/1.1" 200 7 "-" "Java/1.5.0_21" 220 183
127.0.0.1 - - [14/Feb/2016:00:22:42 -0500] "GET /opensso/namingservice HTTP/1.1" 200 7 "-" "Java/1.5.0_21" 220 183
127.0.0.1 - - [14/Feb/2016:00:23:08 -0500] "GET /opensso/namingservice HTTP/1.1" 200 7 "-" "Java/1.5.0_21" 220 183
127.0.0.1 - - [14/Feb/2016:00:23:12 -0500] "GET /opensso/namingservice HTTP/1.1" 200 7 "-" "Java/1.5.0_21" 220 183
127.0.0.1 - - [14/Feb/2016:00:23:38 -0500] "GET /opensso/namingservice HTTP/1.1" 200 7 "-" "Java/1.5.0_21" 220 183
127.0.0.1 - - [14/Feb/2016:00:23:42 -0500] "GET /opensso/namingservice HTTP/1.1" 200 7 "-" "Java/1.5.0_21" 220 183
127.0.0.1 - - [14/Feb/2016:00:24:08 -0500] "GET /opensso/namingservice HTTP/1.1" 200 7 "-" "Java/1.5.0_21" 220 183
127.0.0.1 - - [14/Feb/2016:00:24:12 -0500] "GET /opensso/namingservice HTTP/1.1" 200 7 "-" "Java/1.5.0_21" 220 183
127.0.0.1 - - [14/Feb/2016:00:24:38 -0500] "GET /opensso/namingservice HTTP/1.1" 200 7 "-" "Java/1.5.0_21" 220 183
66.249.66.163 - - [14/Feb/2016:00:24:39 -0500] "GET /redmine/activity?from=1888-07-30&show_time_entries=1&user_id=1 HTTP/1.1" 200 5725 "-" "Mozilla/5.0 (compatible; Googlebot/2.1; +http://www.google.com/bot.html)" 353 6287
127.0.0.1 - - [14/Feb/2016:00:24:42 -0500] "POST /opensso/sessionservice HTTP/1.1" 200 2025 "-" "Java/1.5.0_21" 714 2203
127.0.0.1 - - [14/Feb/2016:00:24:42 -0500] "GET /opensso/identity//xml/read?name=TomcatApps1&attributes_names=realm&attributes_values_realm=%2Fappspub&attributes_names=objecttype&attributes_values_objecttype=Agent&admin=AQIC5wM2LY4SfcyRautyD4RKpwbzv6XrE24fIq8LDPQGnm0%3D%40AAJTSQACMDE%3D%23 HTTP/1.1" 200 13607 "-" "Java/1.5.0_21" 440 13791
127.0.0.1 - - [14/Feb/2016:00:24:42 -0500] "GET /opensso/namingservice HTTP/1.1" 200 7 "-" "Java/1.5.0_21" 220 182
127.0.0.1 - - [14/Feb/2016:00:25:08 -0500] "GET /opensso/namingservice HTTP/1.1" 200 7 "-" "Java/1.5.0_21" 220 183
127.0.0.1 - - [14/Feb/2016:00:25:12 -0500] "GET /opensso/namingservice HTTP/1.1" 200 7 "-" "Java/1.5.0_21" 220 183
127.0.0.1 - - [14/Feb/2016:00:25:38 -0500] "GET /opensso/namingservice HTTP/1.1" 200 7 "-" "Java/1.5.0_21" 220 183
127.0.0.1 - - [14/Feb/2016:00:25:42 -0500] "GET /opensso/namingservice HTTP/1.1" 200 7 "-" "Java/1.5.0_21" 220 183
137.78.207.218 - - [14/Feb/2016:00:26:03 -0500] "HEAD /LMMPUI/LMMP_CLIENT/LMMP.html HTTP/1.1" 200 - "-" "curl/7.38.0" 110 274
127.0.0.1 - - [14/Feb/2016:00:26:08 -0500] "GET /opensso/namingservice HTTP/1.1" 200 7 "-" "Java/1.5.0_21" 220 183
203.133.171.6 - - [14/Feb/2016:00:26:09 -0500] "GET /redmine/issues/gantt HTTP/1.1" 200 30982 "-" "Mozilla/5.0 (compatible; MSIE or Firefox mutant;) Daum 4.1" 361 31671
127.0.0.1 - - [14/Feb/2016:00:26:12 -0500] "GET /opensso/namingservice HTTP/1.1" 200 7 "-" "Java/1.5.0_21" 220 183
127.0.0.1 - - [14/Feb/2016:00:26:38 -0500] "GET /opensso/namingservice HTTP/1.1" 200 7 "-" "Java/1.5.0_21" 220 183
127.0.0.1 - - [14/Feb/2016:00:26:42 -0500] "GET /opensso/namingservice HTTP/1.1" 200 7 "-" "Java/1.5.0_21" 220 183
127.0.0.1 - - [14/Feb/2016:00:27:08 -0500] "GET /opensso/namingservice HTTP/1.1" 200 7 "-" "Java/1.5.0_21" 220 183
127.0.0.1 - - [14/Feb/2016:00:27:12 -0500] "GET /opensso/namingservice HTTP/1.1" 200 7 "-" "Java/1.5.0_21" 220 183
127.0.0.1 - - [14/Feb/2016:00:27:38 -0500] "POST /opensso/sessionservice HTTP/1.1" 200 2024 "-" "Java/1.5.0_21" 713 2202
127.0.0.1 - - [14/Feb/2016:00:27:38 -0500] "GET /opensso/identity//xml/read?name=TomcatApps3&attributes_names=realm&attributes_values_realm=%2Fappspub&attributes_names=objecttype&attributes_values_objecttype=Agent&admin=AQIC5wM2LY4SfcxFHMEgfz%2F0a%2F0SRg5r9KAv7HKM0NfvSsI%3D%40AAJTSQACMDE%3D%23 HTTP/1.1" 200 13732 "-" "Java/1.5.0_21" 444 13916
127.0.0.1 - - [14/Feb/2016:00:27:38 -0500] "GET /opensso/namingservice HTTP/1.1" 200 7 "-" "Java/1.5.0_21" 220 182
127.0.0.1 - - [14/Feb/2016:00:27:42 -0500] "GET /opensso/namingservice HTTP/1.1" 200 7 "-" "Java/1.5.0_21" 220 183
127.0.0.1 - - [14/Feb/2016:00:28:08 -0500] "GET /opensso/namingservice HTTP/1.1" 200 7 "-" "Java/1.5.0_21" 220 183
127.0.0.1 - - [14/Feb/2016:00:28:12 -0500] "GET /opensso/namingservice HTTP/1.1" 200 7 "-" "Java/1.5.0_21" 220 183
127.0.0.1 - - [14/Feb/2016:00:28:38 -0500] "GET /opensso/namingservice HTTP/1.1" 200 7 "-" "Java/1.5.0_21" 220 183
127.0.0.1 - - [14/Feb/2016:00:28:42 -0500] "GET /opensso/namingservice HTTP/1.1" 200 7 "-" "Java/1.5.0_21" 220 183
127.0.0.1 - - [14/Feb/2016:00:29:08 -0500] "GET /opensso/namingservice HTTP/1.1" 200 7 "-" "Java/1.5.0_21" 220 183
127.0.0.1 - - [14/Feb/2016:00:29:12 -0500] "GET /opensso/namingservice HTTP/1.1" 200 7 "-" "Java/1.5.0_21" 220 183
66.249.66.163 - - [14/Feb/2016:00:29:35 -0500] "GET /redmine/activity?from=1888-06-30&show_time_entries=1&user_id=1 HTTP/1.1" 200 5725 "-" "Mozilla/5.0 (compatible; Googlebot/2.1; +http://www.google.com/bot.html)" 353 6287
127.0.0.1 - - [14/Feb/2016:00:29:38 -0500] "GET /opensso/namingservice HTTP/1.1" 200 7 "-" "Java/1.5.0_21" 220 183
127.0.0.1 - - [14/Feb/2016:00:29:42 -0500] "GET /opensso/namingservice HTTP/1.1" 200 7 "-" "Java/1.5.0_21" 220 183
127.0.0.1 - - [14/Feb/2016:00:30:08 -0500] "GET /opensso/namingservice HTTP/1.1" 200 7 "-" "Java/1.5.0_21" 220 183
127.0.0.1 - - [14/Feb/2016:00:30:12 -0500] "GET /opensso/namingservice HTTP/1.1" 200 7 "-" "Java/1.5.0_21" 220 183
127.0.0.1 - - [14/Feb/2016:00:30:38 -0500] "GET /opensso/namingservice HTTP/1.1" 200 7 "-" "Java/1.5.0_21" 220 183
127.0.0.1 - - [14/Feb/2016:00:30:42 -0500] "GET /opensso/namingservice HTTP/1.1" 200 7 "-" "Java/1.5.0_21" 220 183
137.78.207.218 - - [14/Feb/2016:00:31:03 -0500] "HEAD /LMMPUI/LMMP_CLIENT/LMMP.html HTTP/1.1" 200 - "-" "curl/7.38.0" 110 274
127.0.0.1 - - [14/Feb/2016:00:31:08 -0500] "GET /opensso/namingservice HTTP/1.1" 200 7 "-" "Java/1.5.0_21" 220 183
127.0.0.1 - - [14/Feb/2016:00:31:12 -0500] "GET /opensso/namingservice HTTP/1.1" 200 7 "-" "Java/1.5.0_21" 220 183
127.0.0.1 - - [14/Feb/2016:00:31:38 -0500] "GET /opensso/namingservice HTTP/1.1" 200 7 "-" "Java/1.5.0_21" 220 183
127.0.0.1 - - [14/Feb/2016:00:31:42 -0500] "GET /opensso/namingservice HTTP/1.1" 200 7 "-" "Java/1.5.0_21" 220 183
127.0.0.1 - - [14/Feb/2016:00:32:08 -0500] "GET /opensso/namingservice HTTP/1.1" 200 7 "-" "Java/1.5.0_21" 220 183
127.0.0.1 - - [14/Feb/2016:00:32:12 -0500] "GET /opensso/namingservice HTTP/1.1" 200 7 "-" "Java/1.5.0_21" 220 183
127.0.0.1 - - [14/Feb/2016:00:32:38 -0500] "GET /opensso/namingservice HTTP/1.1" 200 7 "-" "Java/1.5.0_21" 220 183
127.0.0.1 - - [14/Feb/2016:00:32:42 -0500] "GET /opensso/namingservice HTTP/1.1" 200 7 "-" "Java/1.5.0_21" 220 183
127.0.0.1 - - [14/Feb/2016:00:33:08 -0500] "GET /opensso/namingservice HTTP/1.1" 200 7 "-" "Java/1.5.0_21" 220 183
127.0.0.1 - - [14/Feb/2016:00:33:12 -0500] "GET /opensso/namingservice HTTP/1.1" 200 7 "-" "Java/1.5.0_21" 220 183
127.0.0.1 - - [14/Feb/2016:00:33:38 -0500] "GET /opensso/namingservice HTTP/1.1" 200 7 "-" "Java/1.5.0_21" 220 183
127.0.0.1 - - [14/Feb/2016:00:33:42 -0500] "GET /opensso/namingservice HTTP/1.1" 200 7 "-" "Java/1.5.0_21" 220 183
172.58.105.52 - - [14/Feb/2016:00:33:53 -0500] "GET /arcgis/rest/services/CombinedNomenclature/MapServer?f=json HTTP/1.1" 200 810 "-" "ArcGIS.Android-10.2.3/5.1.1/LGE-LGMS345" 201 1107
172.58.105.52 - - [14/Feb/2016:00:33:54 -0500] "GET /arcgis/rest/services/CombinedNomenclature/MapServer?f=json HTTP/1.1" 200 810 "-" "ArcGIS.Android-10.2.3/5.1.1/LGE-LGMS345" 201 1107
127.0.0.1 - - [14/Feb/2016:00:34:08 -0500] "GET /opensso/namingservice HTTP/1.1" 200 7 "-" "Java/1.5.0_21" 220 183
127.0.0.1 - - [14/Feb/2016:00:34:12 -0500] "GET /opensso/namingservice HTTP/1.1" 200 7 "-" "Java/1.5.0_21" 220 183
66.249.66.167 - - [14/Feb/2016:00:34:34 -0500] "GET /redmine/activity?from=1888-05-31&show_time_entries=1&user_id=1 HTTP/1.1" 200 5725 "-" "Mozilla/5.0 (compatible; Googlebot/2.1; +http://www.google.com/bot.html)" 353 6287
172.58.105.52 - - [14/Feb/2016:00:34:36 -0500] "GET /opensso/UI/Login?module=Anonymous&org=appspub&goto=http://pub.lmmp.nasa.gov/LMMP/rest/dbxml/fgdc/legend/stream?label=Clem_UVVIS_3ClrRatio_Global_152ppd HTTP/1.1" 302 - "-" "Dalvik/2.1.0 (Linux; U; Android 5.1.1; LGMS345 Build/LMY47V)" 315 992
127.0.0.1 - - [14/Feb/2016:00:34:36 -0500] "POST /opensso/sessionservice HTTP/1.1" 200 2410 "-" "Java/1.5.0_21" 818 2588
127.0.0.1 - - [14/Feb/2016:00:34:36 -0500] "POST /opensso/sessionservice HTTP/1.1" 200 272 "-" "Java/1.5.0_21" 884 449
127.0.0.1 - - [14/Feb/2016:00:34:36 -0500] "POST /opensso/sessionservice HTTP/1.1" 200 2341 "-" "Java/1.5.0_21" 818 2518
127.0.0.1 - - [14/Feb/2016:00:34:36 -0500] "POST /opensso/policyservice HTTP/1.1" 200 9462 "-" "Java/1.5.0_21" 1118 9647
127.0.0.1 - - [14/Feb/2016:00:34:36 -0500] "POST /opensso/jaxrpc/SMSObjectIF HTTP/1.1" 200 505 "-" "Java/1.5.0_21" 847 766
127.0.0.1 - - [14/Feb/2016:00:34:36 -0500] "POST /opensso/jaxrpc/DirectoryManagerIF HTTP/1.1" 200 1290 "-" "Java/1.5.0_21" 1366 1551
127.0.0.1 - - [14/Feb/2016:00:34:36 -0500] "POST /opensso/jaxrpc/SMSObjectIF HTTP/1.1" 200 505 "-" "Java/1.5.0_21" 847 766
127.0.0.1 - - [14/Feb/2016:00:34:36 -0500] "POST /opensso/jaxrpc/DirectoryManagerIF HTTP/1.1" 200 1290 "-" "Java/1.5.0_21" 1366 1551
172.58.105.52 - - [14/Feb/2016:00:34:36 -0500] "GET /LMMP/rest/dbxml/fgdc/legend/stream?label=Clem_UVVIS_3ClrRatio_Global_152ppd&iPlanetDirectoryPro=AQIC5wM2LY4SfcxqVx1AI2%2B%2F5NGAeE4NorAGtBVf9Q3EVqU%3D%40AAJTSQACMDE%3D%23 HTTP/1.1" 200 1532 "-" "Dalvik/2.1.0 (Linux; U; Android 5.1.1; LGMS345 Build/LMY47V)" 334 1840
127.0.0.1 - - [14/Feb/2016:00:34:38 -0500] "GET /opensso/namingservice HTTP/1.1" 200 7 "-" "Java/1.5.0_21" 220 182
127.0.0.1 - - [14/Feb/2016:00:34:42 -0500] "GET /opensso/namingservice HTTP/1.1" 200 7 "-" "Java/1.5.0_21" 220 183
127.0.0.1 - - [14/Feb/2016:00:35:08 -0500] "GET /opensso/namingservice HTTP/1.1" 200 7 "-" "Java/1.5.0_21" 220 183
127.0.0.1 - - [14/Feb/2016:00:35:12 -0500] "GET /opensso/namingservice HTTP/1.1" 200 7 "-" "Java/1.5.0_21" 220 183
127.0.0.1 - - [14/Feb/2016:00:35:38 -0500] "GET /opensso/namingservice HTTP/1.1" 200 7 "-" "Java/1.5.0_21" 220 183
127.0.0.1 - - [14/Feb/2016:00:35:42 -0500] "GET /opensso/namingservice HTTP/1.1" 200 7 "-" "Java/1.5.0_21" 220 183
137.78.207.218 - - [14/Feb/2016:00:36:03 -0500] "HEAD /LMMPUI/LMMP_CLIENT/LMMP.html HTTP/1.1" 200 - "-" "curl/7.38.0" 110 274
127.0.0.1 - - [14/Feb/2016:00:36:08 -0500] "GET /opensso/namingservice HTTP/1.1" 200 7 "-" "Java/1.5.0_21" 220 183
127.0.0.1 - - [14/Feb/2016:00:36:12 -0500] "GET /opensso/namingservice HTTP/1.1" 200 7 "-" "Java/1.5.0_21" 220 183
127.0.0.1 - - [14/Feb/2016:00:36:38 -0500] "GET /opensso/namingservice HTTP/1.1" 200 7 "-" "Java/1.5.0_21" 220 183
127.0.0.1 - - [14/Feb/2016:00:36:42 -0500] "GET /opensso/namingservice HTTP/1.1" 200 7 "-" "Java/1.5.0_21" 220 183
127.0.0.1 - - [14/Feb/2016:00:37:08 -0500] "GET /opensso/namingservice HTTP/1.1" 200 7 "-" "Java/1.5.0_21" 220 183
127.0.0.1 - - [14/Feb/2016:00:37:12 -0500] "GET /opensso/namingservice HTTP/1.1" 200 7 "-" "Java/1.5.0_21" 220 183
127.0.0.1 - - [14/Feb/2016:00:37:38 -0500] "GET /opensso/namingservice HTTP/1.1" 200 7 "-" "Java/1.5.0_21" 220 183
172.58.105.52 - - [14/Feb/2016:00:37:41 -0500] "GET /opensso/UI/Login?module=Anonymous&org=appspub&goto=https://pub.lmmp.nasa.gov/LMMP/rest/dbxml/fgdc/legend/stream?label=LRO_NAC_Slope_36N320E_2mp HTTP/1.1" 302 - "-" "Dalvik/2.1.0 (Linux; U; Android 5.1.1; LGMS345 Build/LMY47V)" 307 980
172.58.105.52 - - [14/Feb/2016:00:37:40 -0500] "GET /arcgis/rest/services/CombinedNomenclature/MapServer/export?f=image&bbox=-97.07727305708748%2C-46.881818341096604%2C97.20647217077392%2C47.08548327237884&bboxSR=104903&size=765%2C370&format=png&transparent=true&dpi=213&imageSR=104903&layers=hide%3A-1 HTTP/1.1" 200 267 "-" "ArcGIS.Android-10.2.3/5.1.1/LGE-LGMS345" 392 555
127.0.0.1 - - [14/Feb/2016:00:37:41 -0500] "POST /opensso/sessionservice HTTP/1.1" 200 2399 "-" "Java/1.5.0_21" 818 2577
127.0.0.1 - - [14/Feb/2016:00:37:41 -0500] "POST /opensso/sessionservice HTTP/1.1" 200 272 "-" "Java/1.5.0_21" 884 449
127.0.0.1 - - [14/Feb/2016:00:37:41 -0500] "POST /opensso/sessionservice HTTP/1.1" 200 2412 "-" "Java/1.5.0_21" 818 2589
127.0.0.1 - - [14/Feb/2016:00:37:41 -0500] "POST /opensso/policyservice HTTP/1.1" 200 9464 "-" "Java/1.5.0_21" 1120 9649
127.0.0.1 - - [14/Feb/2016:00:37:41 -0500] "POST /opensso/jaxrpc/SMSObjectIF HTTP/1.1" 200 505 "-" "Java/1.5.0_21" 847 766
127.0.0.1 - - [14/Feb/2016:00:37:41 -0500] "POST /opensso/jaxrpc/DirectoryManagerIF HTTP/1.1" 200 1290 "-" "Java/1.5.0_21" 1362 1551
127.0.0.1 - - [14/Feb/2016:00:37:41 -0500] "POST /opensso/jaxrpc/SMSObjectIF HTTP/1.1" 200 505 "-" "Java/1.5.0_21" 847 766
127.0.0.1 - - [14/Feb/2016:00:37:41 -0500] "POST /opensso/jaxrpc/DirectoryManagerIF HTTP/1.1" 200 1290 "-" "Java/1.5.0_21" 1362 1551
172.58.105.52 - - [14/Feb/2016:00:37:41 -0500] "GET /LMMP/rest/dbxml/fgdc/legend/stream?label=LRO_NAC_Slope_36N320E_2mp&iPlanetDirectoryPro=AQIC5wM2LY4SfcxTXZZHsZyex30Z0VL4Ihsc6N5Jkzz2XSk%3D%40AAJTSQACMDE%3D%23 HTTP/1.1" 200 7512 "-" "Dalvik/2.1.0 (Linux; U; Android 5.1.1; LGMS345 Build/LMY47V)" 752 11949
127.0.0.1 - - [14/Feb/2016:00:37:42 -0500] "GET /opensso/namingservice HTTP/1.1" 200 7 "-" "Java/1.5.0_21" 220 183
172.58.105.52 - - [14/Feb/2016:00:37:42 -0500] "GET /opensso/UI/Login?module=Anonymous&org=appspub&goto=https://pub.lmmp.nasa.gov/LMMP/rest/dbxml/fgdc/legend/stream?label=LRO_NAC_Slope_36N320E_2mp HTTP/1.1" 302 - "-" "Dalvik/2.1.0 (Linux; U; Android 5.1.1; LGMS345 Build/LMY47V)" 307 983
127.0.0.1 - - [14/Feb/2016:00:37:42 -0500] "POST /opensso/sessionservice HTTP/1.1" 200 2403 "-" "Java/1.5.0_21" 818 2580
127.0.0.1 - - [14/Feb/2016:00:37:42 -0500] "POST /opensso/sessionservice HTTP/1.1" 200 272 "-" "Java/1.5.0_21" 884 449
127.0.0.1 - - [14/Feb/2016:00:37:42 -0500] "POST /opensso/policyservice HTTP/1.1" 200 9464 "-" "Java/1.5.0_21" 1120 9649
127.0.0.1 - - [14/Feb/2016:00:37:42 -0500] "POST /opensso/jaxrpc/SMSObjectIF HTTP/1.1" 200 505 "-" "Java/1.5.0_21" 847 766
127.0.0.1 - - [14/Feb/2016:00:37:42 -0500] "POST /opensso/jaxrpc/DirectoryManagerIF HTTP/1.1" 200 1290 "-" "Java/1.5.0_21" 1362 1551
127.0.0.1 - - [14/Feb/2016:00:37:42 -0500] "POST /opensso/jaxrpc/SMSObjectIF HTTP/1.1" 200 505 "-" "Java/1.5.0_21" 847 766
127.0.0.1 - - [14/Feb/2016:00:37:42 -0500] "POST /opensso/jaxrpc/DirectoryManagerIF HTTP/1.1" 200 1290 "-" "Java/1.5.0_21" 1362 1551
172.58.105.52 - - [14/Feb/2016:00:37:42 -0500] "GET /LMMP/rest/dbxml/fgdc/legend/stream?label=LRO_NAC_Slope_36N320E_2mp&iPlanetDirectoryPro=AQIC5wM2LY4SfcyZrcPWME%2B3CTQpa9vxgH%2B58KiVFy1NzAI%3D%40AAJTSQACMDE%3D%23 HTTP/1.1" 200 7512 "-" "Dalvik/2.1.0 (Linux; U; Android 5.1.1; LGMS345 Build/LMY47V)" 394 7898
127.0.0.1 - - [14/Feb/2016:00:38:08 -0500] "GET /opensso/namingservice HTTP/1.1" 200 7 "-" "Java/1.5.0_21" 220 183
127.0.0.1 - - [14/Feb/2016:00:38:12 -0500] "GET /opensso/namingservice HTTP/1.1" 200 7 "-" "Java/1.5.0_21" 220 183
172.58.105.52 - - [14/Feb/2016:00:38:31 -0500] "GET /opensso/UI/Login?module=Anonymous&org=appspub&goto=https://pub.lmmp.nasa.gov/LMMP/rest/dbxml/fgdc/abstract?label=LRO_NAC_ClrConf_17S173E_150cmp HTTP/1.1" 302 - "-" "Dalvik/2.1.0 (Linux; U; Android 5.1.1; LGMS345 Build/LMY47V)" 307 982
127.0.0.1 - - [14/Feb/2016:00:38:31 -0500] "POST /opensso/sessionservice HTTP/1.1" 200 2399 "-" "Java/1.5.0_21" 818 2577
127.0.0.1 - - [14/Feb/2016:00:38:31 -0500] "POST /opensso/sessionservice HTTP/1.1" 200 272 "-" "Java/1.5.0_21" 884 449
127.0.0.1 - - [14/Feb/2016:00:38:31 -0500] "POST /opensso/policyservice HTTP/1.1" 200 9464 "-" "Java/1.5.0_21" 1120 9649
127.0.0.1 - - [14/Feb/2016:00:38:31 -0500] "POST /opensso/jaxrpc/SMSObjectIF HTTP/1.1" 200 505 "-" "Java/1.5.0_21" 847 766
127.0.0.1 - - [14/Feb/2016:00:38:31 -0500] "POST /opensso/jaxrpc/DirectoryManagerIF HTTP/1.1" 200 1290 "-" "Java/1.5.0_21" 1362 1551
127.0.0.1 - - [14/Feb/2016:00:38:38 -0500] "GET /opensso/namingservice HTTP/1.1" 200 7 "-" "Java/1.5.0_21" 220 183
172.58.105.52 - - [14/Feb/2016:00:38:31 -0500] "GET /LMMP/rest/dbxml/fgdc/abstract?label=LRO_NAC_ClrConf_17S173E_150cmp&iPlanetDirectoryPro=AQIC5wM2LY4SfcyTzy8e1kzsV6yVlQMffmdIQCoGoycpK%2BA%3D%40AAJTSQACMDE%3D%23 HTTP/1.1" 200 951 "-" "Dalvik/2.1.0 (Linux; U; Android 5.1.1; LGMS345 Build/LMY47V)" 970 1594
127.0.0.1 - - [14/Feb/2016:00:38:42 -0500] "GET /opensso/namingservice HTTP/1.1" 200 7 "-" "Java/1.5.0_21" 220 183
203.133.171.6 - - [14/Feb/2016:00:38:49 -0500] "GET /redmine/activity?from=2011-10-08&user_id=1 HTTP/1.1" 200 5769 "-" "Mozilla/5.0 (compatible; MSIE or Firefox mutant;) Daum 4.1" 383 6331
127.0.0.1 - - [14/Feb/2016:00:39:08 -0500] "GET /opensso/namingservice HTTP/1.1" 200 7 "-" "Java/1.5.0_21" 220 183
127.0.0.1 - - [14/Feb/2016:00:39:12 -0500] "GET /opensso/namingservice HTTP/1.1" 200 7 "-" "Java/1.5.0_21" 220 183
66.249.66.163 - - [14/Feb/2016:00:39:36 -0500] "GET /redmine/activity?from=1888-05-01&show_time_entries=1&user_id=1 HTTP/1.1" 200 5725 "-" "Mozilla/5.0 (compatible; Googlebot/2.1; +http://www.google.com/bot.html)" 353 6287
127.0.0.1 - - [14/Feb/2016:00:39:38 -0500] "GET /opensso/namingservice HTTP/1.1" 200 7 "-" "Java/1.5.0_21" 220 183
127.0.0.1 - - [14/Feb/2016:00:39:42 -0500] "GET /opensso/namingservice HTTP/1.1" 200 7 "-" "Java/1.5.0_21" 220 183
127.0.0.1 - - [14/Feb/2016:00:40:08 -0500] "GET /opensso/namingservice HTTP/1.1" 200 7 "-" "Java/1.5.0_21" 220 183
127.0.0.1 - - [14/Feb/2016:00:40:12 -0500] "GET /opensso/namingservice HTTP/1.1" 200 7 "-" "Java/1.5.0_21" 220 183
127.0.0.1 - - [14/Feb/2016:00:40:38 -0500] "GET /opensso/namingservice HTTP/1.1" 200 7 "-" "Java/1.5.0_21" 220 183
127.0.0.1 - - [14/Feb/2016:00:40:42 -0500] "GET /opensso/namingservice HTTP/1.1" 200 7 "-" "Java/1.5.0_21" 220 183
141.8.143.162 - - [14/Feb/2016:00:40:47 -0500] "GET / HTTP/1.1" 302 237 "-" "Mozilla/5.0 (compatible; YandexBot/3.0; +http://yandex.com/bots)" 282 543
100.43.91.4 - - [14/Feb/2016:00:40:50 -0500] "GET /LMMPUI/LMMP_CLIENT/LMMP.html HTTP/1.1" 200 9400 "-" "Mozilla/5.0 (compatible; YandexBot/3.0; +http://yandex.com/bots)" 310 9730
