66.249.64.131 - - [20/Oct/2014:00:38:38 -0400] "GET /redmine/activity?from=2011-06-25&show_news=1&user_id=1 HTTP/1.1" 503 323 "-" "Mozilla/5.0 (compatible; Googlebot/2.1; +http://www.google.com/bot.html)" 358 493
127.0.0.1 - - [20/Oct/2014:00:38:44 -0400] "GET /opensso/namingservice HTTP/1.1" 200 7 "-" "Java/1.5.0_21" 220 183
66.249.64.139 - - [20/Oct/2014:00:38:48 -0400] "GET /redmine/stylesheets/jstoolbar.css?1296684278 HTTP/1.1" 503 323 "http://pub.lmmp.nasa.gov/redmine/projects/lmmpwiki/activity?from=1878-05-16&show_news=1" "Mozilla/5.0 (compatible; Googlebot/2.1; +http://www.google.com/bot.html)" 622 493
127.0.0.1 - - [20/Oct/2014:00:38:54 -0400] "GET /opensso/namingservice HTTP/1.1" 200 7 "-" "Java/1.5.0_21" 220 183
66.249.64.131 - - [20/Oct/2014:00:38:58 -0400] "GET /redmine/themes/basecamp/stylesheets/application.css?1296725292 HTTP/1.1" 503 323 "http://pub.lmmp.nasa.gov/redmine/projects/lmmpwiki/activity?from=1878-05-16&show_news=1" "Mozilla/5.0 (compatible; Googlebot/2.1; +http://www.google.com/bot.html)" 640 493
127.0.0.1 - - [20/Oct/2014:00:39:14 -0400] "GET /opensso/namingservice HTTP/1.1" 200 7 "-" "Java/1.5.0_21" 220 183
127.0.0.1 - - [20/Oct/2014:00:39:24 -0400] "GET /opensso/namingservice HTTP/1.1" 200 7 "-" "Java/1.5.0_21" 220 183
127.0.0.1 - - [20/Oct/2014:00:39:44 -0400] "GET /opensso/namingservice HTTP/1.1" 200 7 "-" "Java/1.5.0_21" 220 183
66.249.64.139 - - [20/Oct/2014:00:39:47 -0400] "GET /redmine/attachments/402/ILIADS_Release1_Public_UsersGuide.pdf HTTP/1.1" 503 323 "-" "DoCoMo/2.0 N905i(c100;TB;W24H16) (compatible; Googlebot-Mobile/2.1; +http://www.google.com/bot.html)" 345 493
127.0.0.1 - - [20/Oct/2014:00:39:54 -0400] "GET /opensso/namingservice HTTP/1.1" 200 7 "-" "Java/1.5.0_21" 220 183
127.0.0.1 - - [20/Oct/2014:00:40:14 -0400] "GET /opensso/namingservice HTTP/1.1" 200 7 "-" "Java/1.5.0_21" 220 183
127.0.0.1 - - [20/Oct/2014:00:40:24 -0400] "GET /opensso/namingservice HTTP/1.1" 200 7 "-" "Java/1.5.0_21" 220 183
127.0.0.1 - - [20/Oct/2014:00:40:40 -0400] "POST /opensso/sessionservice HTTP/1.1" 200 2339 "-" "Java/1.5.0_21" 815 2517
127.0.0.1 - - [20/Oct/2014:00:40:40 -0400] "POST /opensso/sessionservice HTTP/1.1" 200 269 "-" "Java/1.5.0_21" 881 446
127.0.0.1 - - [20/Oct/2014:00:40:40 -0400] "POST /opensso/sessionservice HTTP/1.1" 200 2340 "-" "Java/1.5.0_21" 815 2517
127.0.0.1 - - [20/Oct/2014:00:40:40 -0400] "POST /opensso/policyservice HTTP/1.1" 200 7691 "-" "Java/1.5.0_21" 1119 7869
127.0.0.1 - - [20/Oct/2014:00:40:40 -0400] "POST /opensso/jaxrpc/SMSObjectIF HTTP/1.1" 200 505 "-" "Java/1.5.0_21" 847 766
127.0.0.1 - - [20/Oct/2014:00:40:40 -0400] "POST /opensso/jaxrpc/DirectoryManagerIF HTTP/1.1" 200 1290 "-" "Java/1.5.0_21" 1362 1551
127.0.0.1 - - [20/Oct/2014:00:40:41 -0400] "POST /opensso/jaxrpc/SMSObjectIF HTTP/1.1" 200 505 "-" "Java/1.5.0_21" 847 766
127.0.0.1 - - [20/Oct/2014:00:40:41 -0400] "POST /opensso/jaxrpc/DirectoryManagerIF HTTP/1.1" 200 1290 "-" "Java/1.5.0_21" 1362 1551
94.197.120.221 - - [20/Oct/2014:00:40:40 -0400] "GET /LMMP/rest/dbxml/fgdc/legend/stream?label=LRO_NAC_Gray_19S070E_150cmp HTTP/1.1" 200 4508 "-" "Moon%20Tours/1.0.0 CFNetwork/711.0.6 Darwin/14.0.0" 823 8876
127.0.0.1 - - [20/Oct/2014:00:40:44 -0400] "GET /opensso/namingservice HTTP/1.1" 200 7 "-" "Java/1.5.0_21" 220 183
127.0.0.1 - - [20/Oct/2014:00:40:54 -0400] "GET /opensso/namingservice HTTP/1.1" 200 7 "-" "Java/1.5.0_21" 220 183
127.0.0.1 - - [20/Oct/2014:00:41:14 -0400] "GET /opensso/namingservice HTTP/1.1" 200 7 "-" "Java/1.5.0_21" 220 183
127.0.0.1 - - [20/Oct/2014:00:41:24 -0400] "GET /opensso/namingservice HTTP/1.1" 200 7 "-" "Java/1.5.0_21" 220 183
127.0.0.1 - - [20/Oct/2014:00:41:44 -0400] "GET /opensso/namingservice HTTP/1.1" 200 7 "-" "Java/1.5.0_21" 220 183
127.0.0.1 - - [20/Oct/2014:00:41:54 -0400] "GET /opensso/namingservice HTTP/1.1" 200 7 "-" "Java/1.5.0_21" 220 183
127.0.0.1 - - [20/Oct/2014:00:42:07 -0400] "POST /opensso/jaxrpc/SMSObjectIF HTTP/1.1" 200 505 "-" "Java/1.5.0_21" 847 767
127.0.0.1 - - [20/Oct/2014:00:42:07 -0400] "POST /opensso/jaxrpc/DirectoryManagerIF HTTP/1.1" 200 1290 "-" "Java/1.5.0_21" 1362 1551
127.0.0.1 - - [20/Oct/2014:00:42:07 -0400] "POST /opensso/jaxrpc/SMSObjectIF HTTP/1.1" 200 505 "-" "Java/1.5.0_21" 847 766
127.0.0.1 - - [20/Oct/2014:00:42:07 -0400] "POST /opensso/jaxrpc/DirectoryManagerIF HTTP/1.1" 200 1290 "-" "Java/1.5.0_21" 1362 1551
94.197.120.221 - - [20/Oct/2014:00:42:07 -0400] "GET /LMMP/rest/dbxml/fgdc/legend/stream?label=LRO_NAC_Gray_36N320E_2mp HTTP/1.1" 200 9699 "-" "Moon%20Tours/1.0.0 CFNetwork/711.0.6 Darwin/14.0.0" 828 10777
127.0.0.1 - - [20/Oct/2014:00:42:07 -0400] "POST /opensso/jaxrpc/SMSObjectIF HTTP/1.1" 200 505 "-" "Java/1.5.0_21" 847 766
127.0.0.1 - - [20/Oct/2014:00:42:07 -0400] "POST /opensso/jaxrpc/DirectoryManagerIF HTTP/1.1" 200 1290 "-" "Java/1.5.0_21" 1362 1551
127.0.0.1 - - [20/Oct/2014:00:42:08 -0400] "POST /opensso/jaxrpc/SMSObjectIF HTTP/1.1" 200 505 "-" "Java/1.5.0_21" 847 766
127.0.0.1 - - [20/Oct/2014:00:42:08 -0400] "POST /opensso/jaxrpc/DirectoryManagerIF HTTP/1.1" 200 1290 "-" "Java/1.5.0_21" 1362 1551
94.197.120.221 - - [20/Oct/2014:00:42:07 -0400] "GET /LMMP/rest/dbxml/fgdc/legend/stream?label=LRO_NAC_Slope_36N320E_2mp HTTP/1.1" 200 7512 "-" "Moon%20Tours/1.0.0 CFNetwork/711.0.6 Darwin/14.0.0" 824 8091
127.0.0.1 - - [20/Oct/2014:00:42:14 -0400] "GET /opensso/namingservice HTTP/1.1" 200 7 "-" "Java/1.5.0_21" 220 183
127.0.0.1 - - [20/Oct/2014:00:42:24 -0400] "GET /opensso/namingservice HTTP/1.1" 200 7 "-" "Java/1.5.0_21" 220 183
127.0.0.1 - - [20/Oct/2014:00:42:44 -0400] "GET /opensso/namingservice HTTP/1.1" 200 7 "-" "Java/1.5.0_21" 220 183
127.0.0.1 - - [20/Oct/2014:00:42:54 -0400] "GET /opensso/namingservice HTTP/1.1" 200 7 "-" "Java/1.5.0_21" 220 183
127.0.0.1 - - [20/Oct/2014:00:42:56 -0400] "POST /opensso/jaxrpc/SMSObjectIF HTTP/1.1" 200 505 "-" "Java/1.5.0_21" 847 767
127.0.0.1 - - [20/Oct/2014:00:42:56 -0400] "POST /opensso/jaxrpc/DirectoryManagerIF HTTP/1.1" 200 1290 "-" "Java/1.5.0_21" 1362 1551
127.0.0.1 - - [20/Oct/2014:00:42:56 -0400] "POST /opensso/jaxrpc/SMSObjectIF HTTP/1.1" 200 505 "-" "Java/1.5.0_21" 847 766
127.0.0.1 - - [20/Oct/2014:00:42:56 -0400] "POST /opensso/jaxrpc/DirectoryManagerIF HTTP/1.1" 200 1290 "-" "Java/1.5.0_21" 1362 1551
94.197.120.221 - - [20/Oct/2014:00:42:56 -0400] "GET /LMMP/rest/dbxml/fgdc/legend/stream?label=LRO_NAC_Gray_43S349E_150cmp HTTP/1.1" 200 4536 "-" "Moon%20Tours/1.0.0 CFNetwork/711.0.6 Darwin/14.0.0" 828 5115
127.0.0.1 - - [20/Oct/2014:00:42:56 -0400] "POST /opensso/jaxrpc/SMSObjectIF HTTP/1.1" 200 505 "-" "Java/1.5.0_21" 847 766
127.0.0.1 - - [20/Oct/2014:00:42:56 -0400] "POST /opensso/jaxrpc/DirectoryManagerIF HTTP/1.1" 200 1290 "-" "Java/1.5.0_21" 1362 1551
127.0.0.1 - - [20/Oct/2014:00:42:57 -0400] "POST /opensso/jaxrpc/SMSObjectIF HTTP/1.1" 200 505 "-" "Java/1.5.0_21" 847 766
127.0.0.1 - - [20/Oct/2014:00:42:57 -0400] "POST /opensso/jaxrpc/DirectoryManagerIF HTTP/1.1" 200 1290 "-" "Java/1.5.0_21" 1362 1551
94.197.120.221 - - [20/Oct/2014:00:42:56 -0400] "GET /LMMP/rest/dbxml/fgdc/legend/stream?label=LRO_NAC_ClrShade_43S349E_150cmp HTTP/1.1" 200 4060 "-" "Moon%20Tours/1.0.0 CFNetwork/711.0.6 Darwin/14.0.0" 840 4635
127.0.0.1 - - [20/Oct/2014:00:43:14 -0400] "GET /opensso/namingservice HTTP/1.1" 200 7 "-" "Java/1.5.0_21" 220 183
202.46.53.94 - - [20/Oct/2014:00:43:21 -0400] "GET /redmine/issues/gantt?month=1&months=6&year=2015&zoom=2 HTTP/1.1" 503 323 "-" "Mozilla/5.0 (Windows; U; Windows NT 5.1; zh-CN; rv:1.9.1.2) Firefox/3.5.2" 269 493
127.0.0.1 - - [20/Oct/2014:00:43:24 -0400] "GET /opensso/namingservice HTTP/1.1" 200 7 "-" "Java/1.5.0_21" 220 183
94.197.120.221 - - [20/Oct/2014:00:43:37 -0400] "GET /arcgis/rest/services/CombinedNomenclature/MapServer/find?returnGeometry=true&contains=true&layers=0&searchFields=LABEL&searchText=Apol&f=json HTTP/1.1" 502 491 "arcgisios" "ArcGISiOS-2.3.2/8.0.2/iPhone4,1" 451 678
94.197.120.221 - - [20/Oct/2014:00:43:31 -0400] "GET /arcgis/rest/services/CombinedNomenclature/MapServer/find?returnGeometry=true&contains=true&layers=0&searchFields=LABEL&searchText=A&f=json HTTP/1.1" 200 152785 "arcgisios" "ArcGISiOS-2.3.2/8.0.2/iPhone4,1" 448 153127
94.197.120.221 - - [20/Oct/2014:00:43:37 -0400] "GET /arcgis/rest/services/CombinedNomenclature/MapServer/find?returnGeometry=true&contains=true&layers=0&searchFields=LABEL&searchText=Apo&f=json HTTP/1.1" 200 3912 "arcgisios" "ArcGISiOS-2.3.2/8.0.2/iPhone4,1" 450 4250
94.197.120.221 - - [20/Oct/2014:00:43:38 -0400] "GET /arcgis/rest/services/CombinedNomenclature/MapServer/find?returnGeometry=true&contains=true&layers=0&searchFields=LABEL&searchText=Apoll&f=json HTTP/1.1" 200 3537 "arcgisios" "ArcGISiOS-2.3.2/8.0.2/iPhone4,1" 452 3874
94.197.120.221 - - [20/Oct/2014:00:43:39 -0400] "GET /arcgis/rest/services/CombinedNomenclature/MapServer/find?returnGeometry=true&contains=true&layers=0&searchFields=LABEL&searchText=Apollo&f=json HTTP/1.1" 200 3537 "arcgisios" "ArcGISiOS-2.3.2/8.0.2/iPhone4,1" 453 3874
127.0.0.1 - - [20/Oct/2014:00:43:44 -0400] "GET /opensso/namingservice HTTP/1.1" 200 7 "-" "Java/1.5.0_21" 220 183
94.197.120.221 - - [20/Oct/2014:00:43:31 -0400] "GET /arcgis/rest/services/CombinedNomenclature/MapServer/find?returnGeometry=true&contains=true&layers=0&searchFields=LABEL&searchText=Ap&f=json HTTP/1.1" 200 18837 "arcgisios" "ArcGISiOS-2.3.2/8.0.2/iPhone4,1" 449 19176
127.0.0.1 - - [20/Oct/2014:00:43:54 -0400] "GET /opensso/namingservice HTTP/1.1" 200 7 "-" "Java/1.5.0_21" 220 183
127.0.0.1 - - [20/Oct/2014:00:44:14 -0400] "GET /opensso/namingservice HTTP/1.1" 200 7 "-" "Java/1.5.0_21" 220 183
127.0.0.1 - - [20/Oct/2014:00:44:24 -0400] "GET /opensso/namingservice HTTP/1.1" 200 7 "-" "Java/1.5.0_21" 220 183
127.0.0.1 - - [20/Oct/2014:00:44:44 -0400] "GET /opensso/namingservice HTTP/1.1" 200 7 "-" "Java/1.5.0_21" 220 183
127.0.0.1 - - [20/Oct/2014:00:44:54 -0400] "GET /opensso/namingservice HTTP/1.1" 200 7 "-" "Java/1.5.0_21" 220 183
127.0.0.1 - - [20/Oct/2014:00:45:14 -0400] "GET /opensso/namingservice HTTP/1.1" 200 7 "-" "Java/1.5.0_21" 220 183
127.0.0.1 - - [20/Oct/2014:00:45:24 -0400] "GET /opensso/namingservice HTTP/1.1" 200 7 "-" "Java/1.5.0_21" 220 183
127.0.0.1 - - [20/Oct/2014:00:45:44 -0400] "GET /opensso/namingservice HTTP/1.1" 200 7 "-" "Java/1.5.0_21" 220 183
127.0.0.1 - - [20/Oct/2014:00:45:54 -0400] "GET /opensso/namingservice HTTP/1.1" 200 7 "-" "Java/1.5.0_21" 220 183
127.0.0.1 - - [20/Oct/2014:00:46:14 -0400] "GET /opensso/namingservice HTTP/1.1" 200 7 "-" "Java/1.5.0_21" 220 183
127.0.0.1 - - [20/Oct/2014:00:46:24 -0400] "GET /opensso/namingservice HTTP/1.1" 200 7 "-" "Java/1.5.0_21" 220 183
127.0.0.1 - - [20/Oct/2014:00:46:44 -0400] "GET /opensso/namingservice HTTP/1.1" 200 7 "-" "Java/1.5.0_21" 220 183
127.0.0.1 - - [20/Oct/2014:00:46:54 -0400] "GET /opensso/namingservice HTTP/1.1" 200 7 "-" "Java/1.5.0_21" 220 183
127.0.0.1 - - [20/Oct/2014:00:47:14 -0400] "GET /opensso/namingservice HTTP/1.1" 200 7 "-" "Java/1.5.0_21" 220 183
127.0.0.1 - - [20/Oct/2014:00:47:24 -0400] "GET /opensso/namingservice HTTP/1.1" 200 7 "-" "Java/1.5.0_21" 220 183
127.0.0.1 - - [20/Oct/2014:00:47:44 -0400] "GET /opensso/namingservice HTTP/1.1" 200 7 "-" "Java/1.5.0_21" 220 183
127.0.0.1 - - [20/Oct/2014:00:47:54 -0400] "GET /opensso/namingservice HTTP/1.1" 200 7 "-" "Java/1.5.0_21" 220 183
67.170.193.95 - - [20/Oct/2014:00:48:06 -0400] "GET /LMMPUI/LMMP_CLIENT/LMMP.html HTTP/1.1" 200 8973 "http://sservi.nasa.gov/lunar-data-resources/" "Mozilla/5.0 (Windows NT 6.0; rv:32.0) Gecko/20100101 Firefox/32.0" 1203 9303
67.170.193.95 - - [20/Oct/2014:00:48:07 -0400] "GET /LMMPUI/LMMP_CLIENT/history/history.css HTTP/1.1" 200 365 "http://pub.lmmp.nasa.gov/LMMPUI/LMMP_CLIENT/LMMP.html" "Mozilla/5.0 (Windows NT 6.0; rv:32.0) Gecko/20100101 Firefox/32.0" 1177 691
67.170.193.95 - - [20/Oct/2014:00:48:07 -0400] "GET /LMMPUI/LMMP_CLIENT/swfobject.js HTTP/1.1" 200 25574 "http://pub.lmmp.nasa.gov/LMMPUI/LMMP_CLIENT/LMMP.html" "Mozilla/5.0 (Windows NT 6.0; rv:32.0) Gecko/20100101 Firefox/32.0" 1155 25912
67.170.193.95 - - [20/Oct/2014:00:48:07 -0400] "GET /LMMPUI/LMMP_CLIENT/history/history.js HTTP/1.1" 200 24650 "http://pub.lmmp.nasa.gov/LMMPUI/LMMP_CLIENT/LMMP.html" "Mozilla/5.0 (Windows NT 6.0; rv:32.0) Gecko/20100101 Firefox/32.0" 1161 24988
127.0.0.1 - - [20/Oct/2014:00:48:14 -0400] "GET /opensso/namingservice HTTP/1.1" 200 7 "-" "Java/1.5.0_21" 220 183
127.0.0.1 - - [20/Oct/2014:00:48:24 -0400] "GET /opensso/namingservice HTTP/1.1" 200 7 "-" "Java/1.5.0_21" 220 183
67.170.193.95 - - [20/Oct/2014:00:48:09 -0400] "GET /LMMPUI/LMMP_CLIENT/LMMP_WB.swf HTTP/1.1" 200 966328 "http://pub.lmmp.nasa.gov/LMMPUI/LMMP_CLIENT/LMMP.html" "Mozilla/5.0 (Windows NT 6.0; rv:32.0) Gecko/20100101 Firefox/32.0" 1214 966681
67.170.193.95 - - [20/Oct/2014:00:48:40 -0400] "GET /favicon.ico HTTP/1.1" 404 209 "-" "Mozilla/5.0 (Windows NT 6.0; rv:32.0) Gecko/20100101 Firefox/32.0" 1101 453
67.170.193.95 - - [20/Oct/2014:00:48:40 -0400] "GET /favicon.ico HTTP/1.1" 404 209 "-" "Mozilla/5.0 (Windows NT 6.0; rv:32.0) Gecko/20100101 Firefox/32.0" 1131 453
67.170.193.95 - - [20/Oct/2014:00:48:41 -0400] "GET /LMMPUI/LMMP_CLIENT/assets/image/background.jpg HTTP/1.1" 200 69719 "http://pub.lmmp.nasa.gov/LMMPUI/LMMP_CLIENT/LMMP_WB.swf" "Mozilla/5.0 (Windows NT 6.0; rv:32.0) Gecko/20100101 Firefox/32.0" 1232 70051
127.0.0.1 - - [20/Oct/2014:00:48:44 -0400] "GET /opensso/namingservice HTTP/1.1" 200 7 "-" "Java/1.5.0_21" 220 183
67.170.193.95 - - [20/Oct/2014:00:48:45 -0400] "GET /LMMPUI/LMMP_CLIENT/assets/image/space.jpg HTTP/1.1" 200 25415 "http://pub.lmmp.nasa.gov/LMMPUI/LMMP_CLIENT/LMMP_WB.swf" "Mozilla/5.0 (Windows NT 6.0; rv:32.0) Gecko/20100101 Firefox/32.0" 1227 25747
67.170.193.95 - - [20/Oct/2014:00:48:46 -0400] "GET /LMMPUI/LMMP_CLIENT/config/config.xml?1413780523222 HTTP/1.1" 200 11871 "http://pub.lmmp.nasa.gov/LMMPUI/LMMP_CLIENT/LMMP_WB.swf" "Mozilla/5.0 (Windows NT 6.0; rv:32.0) Gecko/20100101 Firefox/32.0" 1236 12208
67.170.193.95 - - [20/Oct/2014:00:48:46 -0400] "GET /LMMPUI/LMMP_CLIENT/config/ldap.xml HTTP/1.1" 200 492 "http://pub.lmmp.nasa.gov/LMMPUI/LMMP_CLIENT/LMMP_WB.swf" "Mozilla/5.0 (Windows NT 6.0; rv:32.0) Gecko/20100101 Firefox/32.0" 1220 826
67.170.193.95 - - [20/Oct/2014:00:48:46 -0400] "GET /LMMPUI/LMMP_CLIENT/config/helpLinks.xml HTTP/1.1" 200 796 "http://pub.lmmp.nasa.gov/LMMPUI/LMMP_CLIENT/LMMP_WB.swf" "Mozilla/5.0 (Windows NT 6.0; rv:32.0) Gecko/20100101 Firefox/32.0" 1225 1130
67.170.193.95 - - [20/Oct/2014:00:48:46 -0400] "GET /LMMPUI/LMMP_CLIENT/homepage/features.xml?v=1413780523454 HTTP/1.1" 200 1611 "http://pub.lmmp.nasa.gov/LMMPUI/LMMP_CLIENT/LMMP_WB.swf" "Mozilla/5.0 (Windows NT 6.0; rv:32.0) Gecko/20100101 Firefox/32.0" 1242 1947
127.0.0.1 - - [20/Oct/2014:00:48:47 -0400] "POST /opensso/sessionservice HTTP/1.1" 200 2015 "-" "Java/1.5.0_21" 710 2193
127.0.0.1 - - [20/Oct/2014:00:48:47 -0400] "GET /openssorest/token/localldap HTTP/1.1" 200 62 "-" "Java/1.5.0_21" 277 239
67.170.193.95 - - [20/Oct/2014:00:48:47 -0400] "GET /LMMPUI/rest/proxy/proxyService?cs=bG1tcGd1ZXN0fGd1ZXN0bG1tcHxodHRwOi8vcHViLmxtbXAubmFzYS5nb3Yvb3BlbnNzb3Jlc3QvdG9rZW4vbG9jYWxsZGFw HTTP/1.1" 200 63 "http://pub.lmmp.nasa.gov/LMMPUI/LMMP_CLIENT/LMMP_WB.swf" "Mozilla/5.0 (Windows NT 6.0; rv:32.0) Gecko/20100101 Firefox/32.0" 1316 238
67.170.193.95 - - [20/Oct/2014:00:48:48 -0400] "POST /openssorest/token/localldap HTTP/1.1" 200 62 "http://pub.lmmp.nasa.gov/LMMPUI/LMMP_CLIENT/LMMP_WB.swf/[[DYNAMIC]]/19" "Mozilla/5.0 (Windows NT 6.0; rv:32.0) Gecko/20100101 Firefox/32.0" 1360 238
67.170.193.95 - - [20/Oct/2014:00:48:48 -0400] "GET /opensso/identity/isTokenValid?iPlanetDirectoryPro=AQIC5wM2LY4Sfcz2Nz%2F%2FrtOTwkIWHcwfF1ZSI6m9d1aCKZA%3D%40AAJTSQACMDE%3D%23 HTTP/1.1" 200 13 "http://pub.lmmp.nasa.gov/LMMPUI/LMMP_CLIENT/LMMP_WB.swf" "Mozilla/5.0 (Windows NT 6.0; rv:32.0) Gecko/20100101 Firefox/32.0" 1396 170
67.170.193.95 - - [20/Oct/2014:00:48:48 -0400] "GET /opensso/identity/isTokenValid?iPlanetDirectoryPro=AQIC5wM2LY4Sfcz2Nz%2F%2FrtOTwkIWHcwfF1ZSI6m9d1aCKZA%3D%40AAJTSQACMDE%3D%23 HTTP/1.1" 200 13 "http://pub.lmmp.nasa.gov/LMMPUI/LMMP_CLIENT/LMMP_WB.swf" "Mozilla/5.0 (Windows NT 6.0; rv:32.0) Gecko/20100101 Firefox/32.0" 1396 170
67.170.193.95 - - [20/Oct/2014:00:48:49 -0400] "GET /opensso/identity/attributes?iPlanetDirectoryPro=AQIC5wM2LY4Sfcz2Nz%2F%2FrtOTwkIWHcwfF1ZSI6m9d1aCKZA%3D%40AAJTSQACMDE%3D%23 HTTP/1.1" 200 981 "http://pub.lmmp.nasa.gov/LMMPUI/LMMP_CLIENT/LMMP_WB.swf" "Mozilla/5.0 (Windows NT 6.0; rv:32.0) Gecko/20100101 Firefox/32.0" 1394 1139
127.0.0.1 - - [20/Oct/2014:00:48:49 -0400] "POST /opensso/sessionservice HTTP/1.1" 200 2012 "-" "Java/1.5.0_21" 815 2190
127.0.0.1 - - [20/Oct/2014:00:48:49 -0400] "POST /opensso/policyservice HTTP/1.1" 200 7689 "-" "Java/1.5.0_21" 1115 7867
127.0.0.1 - - [20/Oct/2014:00:48:49 -0400] "POST /opensso/jaxrpc/SMSObjectIF HTTP/1.1" 200 505 "-" "Java/1.5.0_21" 847 766
127.0.0.1 - - [20/Oct/2014:00:48:49 -0400] "POST /opensso/jaxrpc/DirectoryManagerIF HTTP/1.1" 200 1290 "-" "Java/1.5.0_21" 1370 1551
67.170.193.95 - - [20/Oct/2014:00:48:49 -0400] "GET /LMMP/rest/dbxml/resources?iPlanetDirectoryPro=AQIC5wM2LY4Sfcz2Nz%2F%2FrtOTwkIWHcwfF1ZSI6m9d1aCKZA%3D%40AAJTSQACMDE%3D%23 HTTP/1.1" 200 2827 "http://pub.lmmp.nasa.gov/LMMPUI/LMMP_CLIENT/LMMP_WB.swf" "Mozilla/5.0 (Windows NT 6.0; rv:32.0) Gecko/20100101 Firefox/32.0" 1392 3079
67.170.193.95 - - [20/Oct/2014:00:48:49 -0400] "GET /LMMPUI/LMMP_CLIENT/assets/image/NASA_logo.png HTTP/1.1" 200 14512 "http://pub.lmmp.nasa.gov/LMMPUI/LMMP_CLIENT/LMMP_WB.swf" "Mozilla/5.0 (Windows NT 6.0; rv:32.0) Gecko/20100101 Firefox/32.0" 1231 14844
67.170.193.95 - - [20/Oct/2014:00:48:49 -0400] "GET /opensso/identity/isTokenValid?iPlanetDirectoryPro=AQIC5wM2LY4Sfcz2Nz%2F%2FrtOTwkIWHcwfF1ZSI6m9d1aCKZA%3D%40AAJTSQACMDE%3D%23 HTTP/1.1" 200 13 "http://pub.lmmp.nasa.gov/LMMPUI/LMMP_CLIENT/LMMP_WB.swf" "Mozilla/5.0 (Windows NT 6.0; rv:32.0) Gecko/20100101 Firefox/32.0" 1396 170
67.170.193.95 - - [20/Oct/2014:00:48:50 -0400] "GET /opensso/identity/isTokenValid?iPlanetDirectoryPro=AQIC5wM2LY4Sfcz2Nz%2F%2FrtOTwkIWHcwfF1ZSI6m9d1aCKZA%3D%40AAJTSQACMDE%3D%23 HTTP/1.1" 200 13 "http://pub.lmmp.nasa.gov/LMMPUI/LMMP_CLIENT/LMMP_WB.swf" "Mozilla/5.0 (Windows NT 6.0; rv:32.0) Gecko/20100101 Firefox/32.0" 1396 170
67.170.193.95 - - [20/Oct/2014:00:48:50 -0400] "GET /opensso/identity/isTokenValid?iPlanetDirectoryPro=AQIC5wM2LY4Sfcz2Nz%2F%2FrtOTwkIWHcwfF1ZSI6m9d1aCKZA%3D%40AAJTSQACMDE%3D%23 HTTP/1.1" 200 13 "http://pub.lmmp.nasa.gov/LMMPUI/LMMP_CLIENT/LMMP_WB.swf" "Mozilla/5.0 (Windows NT 6.0; rv:32.0) Gecko/20100101 Firefox/32.0" 1396 170
67.170.193.95 - - [20/Oct/2014:00:48:50 -0400] "GET /LMMPUI/LMMP_CLIENT/config/basemap.xml?iPlanetDirectoryPro=AQIC5wM2LY4Sfcz2Nz%2F%2FrtOTwkIWHcwfF1ZSI6m9d1aCKZA%3D%40AAJTSQACMDE%3D%23 HTTP/1.1" 200 232 "http://pub.lmmp.nasa.gov/LMMPUI/LMMP_CLIENT/LMMP_WB.swf" "Mozilla/5.0 (Windows NT 6.0; rv:32.0) Gecko/20100101 Firefox/32.0" 1404 565
67.170.193.95 - - [20/Oct/2014:00:48:50 -0400] "GET /LMMPUI/LMMP_CLIENT/config/npBasemap.xml?iPlanetDirectoryPro=AQIC5wM2LY4Sfcz2Nz%2F%2FrtOTwkIWHcwfF1ZSI6m9d1aCKZA%3D%40AAJTSQACMDE%3D%23 HTTP/1.1" 200 178 "http://pub.lmmp.nasa.gov/LMMPUI/LMMP_CLIENT/LMMP_WB.swf" "Mozilla/5.0 (Windows NT 6.0; rv:32.0) Gecko/20100101 Firefox/32.0" 1406 511
67.170.193.95 - - [20/Oct/2014:00:48:50 -0400] "GET /LMMPUI/LMMP_CLIENT/config/spBasemap.xml?iPlanetDirectoryPro=AQIC5wM2LY4Sfcz2Nz%2F%2FrtOTwkIWHcwfF1ZSI6m9d1aCKZA%3D%40AAJTSQACMDE%3D%23 HTTP/1.1" 200 178 "http://pub.lmmp.nasa.gov/LMMPUI/LMMP_CLIENT/LMMP_WB.swf" "Mozilla/5.0 (Windows NT 6.0; rv:32.0) Gecko/20100101 Firefox/32.0" 1406 511
67.170.193.95 - - [20/Oct/2014:00:48:51 -0400] "GET /opensso/identity/isTokenValid?iPlanetDirectoryPro=AQIC5wM2LY4Sfcz2Nz%2F%2FrtOTwkIWHcwfF1ZSI6m9d1aCKZA%3D%40AAJTSQACMDE%3D%23 HTTP/1.1" 200 13 "http://pub.lmmp.nasa.gov/LMMPUI/LMMP_CLIENT/LMMP_WB.swf" "Mozilla/5.0 (Windows NT 6.0; rv:32.0) Gecko/20100101 Firefox/32.0" 1396 170
67.170.193.95 - - [20/Oct/2014:00:48:51 -0400] "GET /opensso/identity/isTokenValid?iPlanetDirectoryPro=AQIC5wM2LY4Sfcz2Nz%2F%2FrtOTwkIWHcwfF1ZSI6m9d1aCKZA%3D%40AAJTSQACMDE%3D%23 HTTP/1.1" 200 13 "http://pub.lmmp.nasa.gov/LMMPUI/LMMP_CLIENT/LMMP_WB.swf" "Mozilla/5.0 (Windows NT 6.0; rv:32.0) Gecko/20100101 Firefox/32.0" 1396 170
67.170.193.95 - - [20/Oct/2014:00:48:51 -0400] "GET /opensso/identity/isTokenValid?iPlanetDirectoryPro=AQIC5wM2LY4Sfcz2Nz%2F%2FrtOTwkIWHcwfF1ZSI6m9d1aCKZA%3D%40AAJTSQACMDE%3D%23 HTTP/1.1" 200 13 "http://pub.lmmp.nasa.gov/LMMPUI/LMMP_CLIENT/LMMP_WB.swf" "Mozilla/5.0 (Windows NT 6.0; rv:32.0) Gecko/20100101 Firefox/32.0" 1396 170
127.0.0.1 - - [20/Oct/2014:00:48:51 -0400] "POST /opensso/jaxrpc/SMSObjectIF HTTP/1.1" 200 505 "-" "Java/1.5.0_21" 847 766
127.0.0.1 - - [20/Oct/2014:00:48:51 -0400] "POST /opensso/jaxrpc/SMSObjectIF HTTP/1.1" 200 505 "-" "Java/1.5.0_21" 847 767
127.0.0.1 - - [20/Oct/2014:00:48:51 -0400] "POST /opensso/jaxrpc/DirectoryManagerIF HTTP/1.1" 200 1290 "-" "Java/1.5.0_21" 1370 1551
127.0.0.1 - - [20/Oct/2014:00:48:51 -0400] "POST /opensso/jaxrpc/DirectoryManagerIF HTTP/1.1" 200 1290 "-" "Java/1.5.0_21" 1370 1551
127.0.0.1 - - [20/Oct/2014:00:48:51 -0400] "POST /opensso/jaxrpc/SMSObjectIF HTTP/1.1" 200 505 "-" "Java/1.5.0_21" 847 766
127.0.0.1 - - [20/Oct/2014:00:48:51 -0400] "POST /opensso/jaxrpc/DirectoryManagerIF HTTP/1.1" 200 1290 "-" "Java/1.5.0_21" 1370 1551
67.170.193.95 - - [20/Oct/2014:00:48:51 -0400] "GET /LMMP/rest/dbxml/layers?proj=IAU2000:30118&visOnly=true&sort=Mission%2Ctitle&iPlanetDirectoryPro=AQIC5wM2LY4Sfcz2Nz%2F%2FrtOTwkIWHcwfF1ZSI6m9d1aCKZA%3D%40AAJTSQACMDE%3D%23 HTTP/1.1" 200 44040 "http://pub.lmmp.nasa.gov/LMMPUI/LMMP_CLIENT/LMMP_WB.swf" "Mozilla/5.0 (Windows NT 6.0; rv:32.0) Gecko/20100101 Firefox/32.0" 1495 44328
67.170.193.95 - - [20/Oct/2014:00:48:51 -0400] "GET /LMMP/rest/dbxml/layers?proj=IAU2000:30120&visOnly=true&sort=Mission%2Ctitle&iPlanetDirectoryPro=AQIC5wM2LY4Sfcz2Nz%2F%2FrtOTwkIWHcwfF1ZSI6m9d1aCKZA%3D%40AAJTSQACMDE%3D%23 HTTP/1.1" 200 55891 "http://pub.lmmp.nasa.gov/LMMPUI/LMMP_CLIENT/LMMP_WB.swf" "Mozilla/5.0 (Windows NT 6.0; rv:32.0) Gecko/20100101 Firefox/32.0" 1495 56188
127.0.0.1 - - [20/Oct/2014:00:48:54 -0400] "GET /opensso/namingservice HTTP/1.1" 200 7 "-" "Java/1.5.0_21" 220 182
67.170.193.95 - - [20/Oct/2014:00:48:54 -0400] "GET /opensso/identity/isTokenValid?iPlanetDirectoryPro=AQIC5wM2LY4Sfcz2Nz%2F%2FrtOTwkIWHcwfF1ZSI6m9d1aCKZA%3D%40AAJTSQACMDE%3D%23 HTTP/1.1" 200 13 "http://pub.lmmp.nasa.gov/LMMPUI/LMMP_CLIENT/LMMP_WB.swf" "Mozilla/5.0 (Windows NT 6.0; rv:32.0) Gecko/20100101 Firefox/32.0" 1396 170
67.170.193.95 - - [20/Oct/2014:00:48:54 -0400] "GET /opensso/identity/isTokenValid?iPlanetDirectoryPro=AQIC5wM2LY4Sfcz2Nz%2F%2FrtOTwkIWHcwfF1ZSI6m9d1aCKZA%3D%40AAJTSQACMDE%3D%23 HTTP/1.1" 200 13 "http://pub.lmmp.nasa.gov/LMMPUI/LMMP_CLIENT/LMMP_WB.swf" "Mozilla/5.0 (Windows NT 6.0; rv:32.0) Gecko/20100101 Firefox/32.0" 1396 170
127.0.0.1 - - [20/Oct/2014:00:48:54 -0400] "POST /opensso/jaxrpc/SMSObjectIF HTTP/1.1" 200 505 "-" "Java/1.5.0_21" 847 767
127.0.0.1 - - [20/Oct/2014:00:48:54 -0400] "POST /opensso/jaxrpc/SMSObjectIF HTTP/1.1" 200 505 "-" "Java/1.5.0_21" 847 766
127.0.0.1 - - [20/Oct/2014:00:48:54 -0400] "POST /opensso/jaxrpc/DirectoryManagerIF HTTP/1.1" 200 1290 "-" "Java/1.5.0_21" 1370 1551
127.0.0.1 - - [20/Oct/2014:00:48:54 -0400] "POST /opensso/jaxrpc/DirectoryManagerIF HTTP/1.1" 200 1290 "-" "Java/1.5.0_21" 1370 1551
67.170.193.95 - - [20/Oct/2014:00:48:54 -0400] "GET /LMMP/rest/dbxml/layers/int?proj=IAU2000:30120&sort=Mission%2Ctitle&iPlanetDirectoryPro=AQIC5wM2LY4Sfcz2Nz%2F%2FrtOTwkIWHcwfF1ZSI6m9d1aCKZA%3D%40AAJTSQACMDE%3D%23 HTTP/1.1" 200 10 "http://pub.lmmp.nasa.gov/LMMPUI/LMMP_CLIENT/LMMP_WB.swf" "Mozilla/5.0 (Windows NT 6.0; rv:32.0) Gecko/20100101 Firefox/32.0" 1486 256
67.170.193.95 - - [20/Oct/2014:00:48:54 -0400] "GET /LMMP/rest/dbxml/layers/int?proj=IAU2000:30118&sort=Mission%2Ctitle&iPlanetDirectoryPro=AQIC5wM2LY4Sfcz2Nz%2F%2FrtOTwkIWHcwfF1ZSI6m9d1aCKZA%3D%40AAJTSQACMDE%3D%23 HTTP/1.1" 200 8134 "http://pub.lmmp.nasa.gov/LMMPUI/LMMP_CLIENT/LMMP_WB.swf" "Mozilla/5.0 (Windows NT 6.0; rv:32.0) Gecko/20100101 Firefox/32.0" 1486 8383
67.170.193.95 - - [20/Oct/2014:00:48:51 -0400] "GET /LMMP/rest/dbxml/layers?proj=IAU2000:30100&visOnly=true&sort=Mission%2Ctitle&iPlanetDirectoryPro=AQIC5wM2LY4Sfcz2Nz%2F%2FrtOTwkIWHcwfF1ZSI6m9d1aCKZA%3D%40AAJTSQACMDE%3D%23 HTTP/1.1" 200 831579 "http://pub.lmmp.nasa.gov/LMMPUI/LMMP_CLIENT/LMMP_WB.swf" "Mozilla/5.0 (Windows NT 6.0; rv:32.0) Gecko/20100101 Firefox/32.0" 1495 832636
67.170.193.95 - - [20/Oct/2014:00:49:05 -0400] "GET /opensso/identity/isTokenValid?iPlanetDirectoryPro=AQIC5wM2LY4Sfcz2Nz%2F%2FrtOTwkIWHcwfF1ZSI6m9d1aCKZA%3D%40AAJTSQACMDE%3D%23 HTTP/1.1" 200 13 "http://pub.lmmp.nasa.gov/LMMPUI/LMMP_CLIENT/LMMP_WB.swf" "Mozilla/5.0 (Windows NT 6.0; rv:32.0) Gecko/20100101 Firefox/32.0" 1396 170
127.0.0.1 - - [20/Oct/2014:00:49:05 -0400] "POST /opensso/jaxrpc/SMSObjectIF HTTP/1.1" 200 505 "-" "Java/1.5.0_21" 847 767
127.0.0.1 - - [20/Oct/2014:00:49:05 -0400] "POST /opensso/jaxrpc/DirectoryManagerIF HTTP/1.1" 200 1290 "-" "Java/1.5.0_21" 1370 1551
67.170.193.95 - - [20/Oct/2014:00:49:05 -0400] "GET /LMMP/rest/dbxml/layers/int?proj=IAU2000:30100&sort=Mission%2Ctitle&iPlanetDirectoryPro=AQIC5wM2LY4Sfcz2Nz%2F%2FrtOTwkIWHcwfF1ZSI6m9d1aCKZA%3D%40AAJTSQACMDE%3D%23 HTTP/1.1" 200 349346 "http://pub.lmmp.nasa.gov/LMMPUI/LMMP_CLIENT/LMMP_WB.swf" "Mozilla/5.0 (Windows NT 6.0; rv:32.0) Gecko/20100101 Firefox/32.0" 1486 349931
127.0.0.1 - - [20/Oct/2014:00:49:14 -0400] "GET /opensso/namingservice HTTP/1.1" 200 7 "-" "Java/1.5.0_21" 220 183
67.170.193.95 - - [20/Oct/2014:00:49:14 -0400] "GET /opensso/identity/isTokenValid?iPlanetDirectoryPro=AQIC5wM2LY4Sfcz2Nz%2F%2FrtOTwkIWHcwfF1ZSI6m9d1aCKZA%3D%40AAJTSQACMDE%3D%23 HTTP/1.1" 200 13 "http://pub.lmmp.nasa.gov/LMMPUI/LMMP_CLIENT/LMMP_WB.swf" "Mozilla/5.0 (Windows NT 6.0; rv:32.0) Gecko/20100101 Firefox/32.0" 1396 170
67.170.193.95 - - [20/Oct/2014:00:49:14 -0400] "GET /LMMPUI/LMMP_CLIENT/sampleData/emptyLayer.xml?iPlanetDirectoryPro=AQIC5wM2LY4Sfcz2Nz%2F%2FrtOTwkIWHcwfF1ZSI6m9d1aCKZA%3D%40AAJTSQACMDE%3D%23 HTTP/1.1" 200 19 "http://pub.lmmp.nasa.gov/LMMPUI/LMMP_CLIENT/LMMP_WB.swf" "Mozilla/5.0 (Windows NT 6.0; rv:32.0) Gecko/20100101 Firefox/32.0" 1411 350
67.170.193.95 - - [20/Oct/2014:00:49:16 -0400] "GET /opensso/identity/isTokenValid?iPlanetDirectoryPro=AQIC5wM2LY4Sfcz2Nz%2F%2FrtOTwkIWHcwfF1ZSI6m9d1aCKZA%3D%40AAJTSQACMDE%3D%23 HTTP/1.1" 200 13 "http://pub.lmmp.nasa.gov/LMMPUI/LMMP_CLIENT/LMMP_WB.swf" "Mozilla/5.0 (Windows NT 6.0; rv:32.0) Gecko/20100101 Firefox/32.0" 1396 170
67.170.193.95 - - [20/Oct/2014:00:49:16 -0400] "GET /opensso/identity/isTokenValid?iPlanetDirectoryPro=AQIC5wM2LY4Sfcz2Nz%2F%2FrtOTwkIWHcwfF1ZSI6m9d1aCKZA%3D%40AAJTSQACMDE%3D%23 HTTP/1.1" 200 13 "http://pub.lmmp.nasa.gov/LMMPUI/LMMP_CLIENT/LMMP_WB.swf" "Mozilla/5.0 (Windows NT 6.0; rv:32.0) Gecko/20100101 Firefox/32.0" 1396 170
67.170.193.95 - - [20/Oct/2014:00:49:16 -0400] "GET /LMMPUI/LMMP_CLIENT/sampleData/nomenclature.xml HTTP/1.1" 200 1725 "http://pub.lmmp.nasa.gov/LMMPUI/LMMP_CLIENT/LMMP_WB.swf" "Mozilla/5.0 (Windows NT 6.0; rv:32.0) Gecko/20100101 Firefox/32.0" 1318 2061
67.170.193.95 - - [20/Oct/2014:00:49:16 -0400] "GET /LMMPUI/LMMP_CLIENT/sampleData/graticule.xml HTTP/1.1" 200 1234 "http://pub.lmmp.nasa.gov/LMMPUI/LMMP_CLIENT/LMMP_WB.swf" "Mozilla/5.0 (Windows NT 6.0; rv:32.0) Gecko/20100101 Firefox/32.0" 1315 1570
67.170.193.95 - - [20/Oct/2014:00:49:16 -0400] "GET /LMMPUI/LMMP_CLIENT/config/searchResultFields.xml HTTP/1.1" 200 1711 "http://pub.lmmp.nasa.gov/LMMPUI/LMMP_CLIENT/LMMP_WB.swf" "Mozilla/5.0 (Windows NT 6.0; rv:32.0) Gecko/20100101 Firefox/32.0" 1320 2047
67.170.193.95 - - [20/Oct/2014:00:49:16 -0400] "GET /LMMPUI/LMMP_CLIENT/config/nomenclatureType.xml HTTP/1.1" 200 691 "http://pub.lmmp.nasa.gov/LMMPUI/LMMP_CLIENT/LMMP_WB.swf" "Mozilla/5.0 (Windows NT 6.0; rv:32.0) Gecko/20100101 Firefox/32.0" 1318 1025
67.170.193.95 - - [20/Oct/2014:00:49:16 -0400] "GET /LMMP/rest/auxmd/types?iPlanetDirectoryPro=AQIC5wM2LY4Sfcz2Nz%2F%2FrtOTwkIWHcwfF1ZSI6m9d1aCKZA%3D%40AAJTSQACMDE%3D%23 HTTP/1.1" 200 119 "http://pub.lmmp.nasa.gov/LMMPUI/LMMP_CLIENT/LMMP_WB.swf" "Mozilla/5.0 (Windows NT 6.0; rv:32.0) Gecko/20100101 Firefox/32.0" 1441 294
67.170.193.95 - - [20/Oct/2014:00:49:16 -0400] "GET /LMMP/rest/auxmd/acl?iPlanetDirectoryPro=AQIC5wM2LY4Sfcz2Nz%2F%2FrtOTwkIWHcwfF1ZSI6m9d1aCKZA%3D%40AAJTSQACMDE%3D%23 HTTP/1.1" 200 1468 "http://pub.lmmp.nasa.gov/LMMPUI/LMMP_CLIENT/LMMP_WB.swf" "Mozilla/5.0 (Windows NT 6.0; rv:32.0) Gecko/20100101 Firefox/32.0" 1439 1644
67.170.193.95 - - [20/Oct/2014:00:49:17 -0400] "GET /opensso/identity/isTokenValid?iPlanetDirectoryPro=AQIC5wM2LY4Sfcz2Nz%2F%2FrtOTwkIWHcwfF1ZSI6m9d1aCKZA%3D%40AAJTSQACMDE%3D%23 HTTP/1.1" 200 13 "http://pub.lmmp.nasa.gov/LMMPUI/LMMP_CLIENT/LMMP_WB.swf" "Mozilla/5.0 (Windows NT 6.0; rv:32.0) Gecko/20100101 Firefox/32.0" 1396 170
67.170.193.95 - - [20/Oct/2014:00:49:17 -0400] "GET /opensso/identity/isTokenValid?iPlanetDirectoryPro=AQIC5wM2LY4Sfcz2Nz%2F%2FrtOTwkIWHcwfF1ZSI6m9d1aCKZA%3D%40AAJTSQACMDE%3D%23 HTTP/1.1" 200 13 "http://pub.lmmp.nasa.gov/LMMPUI/LMMP_CLIENT/LMMP_WB.swf" "Mozilla/5.0 (Windows NT 6.0; rv:32.0) Gecko/20100101 Firefox/32.0" 1396 170
67.170.193.95 - - [20/Oct/2014:00:49:17 -0400] "GET /opensso/identity/isTokenValid?iPlanetDirectoryPro=AQIC5wM2LY4Sfcz2Nz%2F%2FrtOTwkIWHcwfF1ZSI6m9d1aCKZA%3D%40AAJTSQACMDE%3D%23 HTTP/1.1" 200 13 "http://pub.lmmp.nasa.gov/LMMPUI/LMMP_CLIENT/LMMP_WB.swf" "Mozilla/5.0 (Windows NT 6.0; rv:32.0) Gecko/20100101 Firefox/32.0" 1396 170
67.170.193.95 - - [20/Oct/2014:00:49:17 -0400] "GET /opensso/identity/isTokenValid?iPlanetDirectoryPro=AQIC5wM2LY4Sfcz2Nz%2F%2FrtOTwkIWHcwfF1ZSI6m9d1aCKZA%3D%40AAJTSQACMDE%3D%23 HTTP/1.1" 200 13 "http://pub.lmmp.nasa.gov/LMMPUI/LMMP_CLIENT/LMMP_WB.swf" "Mozilla/5.0 (Windows NT 6.0; rv:32.0) Gecko/20100101 Firefox/32.0" 1396 170
67.170.193.95 - - [20/Oct/2014:00:49:17 -0400] "GET /opensso/identity/isTokenValid?iPlanetDirectoryPro=AQIC5wM2LY4Sfcz2Nz%2F%2FrtOTwkIWHcwfF1ZSI6m9d1aCKZA%3D%40AAJTSQACMDE%3D%23 HTTP/1.1" 200 13 "http://pub.lmmp.nasa.gov/LMMPUI/LMMP_CLIENT/LMMP_WB.swf" "Mozilla/5.0 (Windows NT 6.0; rv:32.0) Gecko/20100101 Firefox/32.0" 1396 170
67.170.193.95 - - [20/Oct/2014:00:49:17 -0400] "GET /LMMP/rest/auxmd/create?iPlanetDirectoryPro=AQIC5wM2LY4Sfcz2Nz%2F%2FrtOTwkIWHcwfF1ZSI6m9d1aCKZA%3D%40AAJTSQACMDE%3D%23&mdType=layer HTTP/1.1" 200 173 "http://pub.lmmp.nasa.gov/LMMPUI/LMMP_CLIENT/LMMP_WB.swf" "Mozilla/5.0 (Windows NT 6.0; rv:32.0) Gecko/20100101 Firefox/32.0" 1455 348
67.170.193.95 - - [20/Oct/2014:00:49:17 -0400] "GET /LMMP/rest/auxmd/create?iPlanetDirectoryPro=AQIC5wM2LY4Sfcz2Nz%2F%2FrtOTwkIWHcwfF1ZSI6m9d1aCKZA%3D%40AAJTSQACMDE%3D%23&mdType=point HTTP/1.1" 200 319 "http://pub.lmmp.nasa.gov/LMMPUI/LMMP_CLIENT/LMMP_WB.swf" "Mozilla/5.0 (Windows NT 6.0; rv:32.0) Gecko/20100101 Firefox/32.0" 1455 495
67.170.193.95 - - [20/Oct/2014:00:49:17 -0400] "GET /LMMP/rest/auxmd/create?iPlanetDirectoryPro=AQIC5wM2LY4Sfcz2Nz%2F%2FrtOTwkIWHcwfF1ZSI6m9d1aCKZA%3D%40AAJTSQACMDE%3D%23&mdType=bounding HTTP/1.1" 200 513 "http://pub.lmmp.nasa.gov/LMMPUI/LMMP_CLIENT/LMMP_WB.swf" "Mozilla/5.0 (Windows NT 6.0; rv:32.0) Gecko/20100101 Firefox/32.0" 1458 689
67.170.193.95 - - [20/Oct/2014:00:49:18 -0400] "GET /LMMP/rest/auxmd/create?iPlanetDirectoryPro=AQIC5wM2LY4Sfcz2Nz%2F%2FrtOTwkIWHcwfF1ZSI6m9d1aCKZA%3D%40AAJTSQACMDE%3D%23&mdType=polyo HTTP/1.1" 200 38 "http://pub.lmmp.nasa.gov/LMMPUI/LMMP_CLIENT/LMMP_WB.swf" "Mozilla/5.0 (Windows NT 6.0; rv:32.0) Gecko/20100101 Firefox/32.0" 1455 213
67.170.193.95 - - [20/Oct/2014:00:49:18 -0400] "GET /LMMP/rest/auxmd/create?iPlanetDirectoryPro=AQIC5wM2LY4Sfcz2Nz%2F%2FrtOTwkIWHcwfF1ZSI6m9d1aCKZA%3D%40AAJTSQACMDE%3D%23&mdType=polyx HTTP/1.1" 200 38 "http://pub.lmmp.nasa.gov/LMMPUI/LMMP_CLIENT/LMMP_WB.swf" "Mozilla/5.0 (Windows NT 6.0; rv:32.0) Gecko/20100101 Firefox/32.0" 1455 213
67.170.193.95 - - [20/Oct/2014:00:49:19 -0400] "GET /LMMPUI/LMMP_CLIENT/assets/system/complete.png HTTP/1.1" 200 272 "http://pub.lmmp.nasa.gov/LMMPUI/LMMP_CLIENT/LMMP_WB.swf" "Mozilla/5.0 (Windows NT 6.0; rv:32.0) Gecko/20100101 Firefox/32.0" 1317 599
67.170.193.95 - - [20/Oct/2014:00:49:19 -0400] "GET /LMMPUI/LMMP_CLIENT/assets/menu/upload.png HTTP/1.1" 200 11528 "http://pub.lmmp.nasa.gov/LMMPUI/LMMP_CLIENT/LMMP_WB.swf" "Mozilla/5.0 (Windows NT 6.0; rv:32.0) Gecko/20100101 Firefox/32.0" 1313 11859
67.170.193.95 - - [20/Oct/2014:00:49:19 -0400] "GET /LMMPUI/LMMP_CLIENT/assets/menu/search.png HTTP/1.1" 200 15244 "http://pub.lmmp.nasa.gov/LMMPUI/LMMP_CLIENT/LMMP_WB.swf" "Mozilla/5.0 (Windows NT 6.0; rv:32.0) Gecko/20100101 Firefox/32.0" 1313 15575
67.170.193.95 - - [20/Oct/2014:00:49:19 -0400] "GET /LMMPUI/LMMP_CLIENT/assets/menu/layers.png HTTP/1.1" 200 15248 "http://pub.lmmp.nasa.gov/LMMPUI/LMMP_CLIENT/LMMP_WB.swf" "Mozilla/5.0 (Windows NT 6.0; rv:32.0) Gecko/20100101 Firefox/32.0" 1313 15579
67.170.193.95 - - [20/Oct/2014:00:49:19 -0400] "GET /LMMPUI/LMMP_CLIENT/assets/menu/fullextent.png HTTP/1.1" 200 15565 "http://pub.lmmp.nasa.gov/LMMPUI/LMMP_CLIENT/LMMP_WB.swf" "Mozilla/5.0 (Windows NT 6.0; rv:32.0) Gecko/20100101 Firefox/32.0" 1317 15896
67.170.193.95 - - [20/Oct/2014:00:49:19 -0400] "GET /LMMPUI/LMMP_CLIENT/assets/menu/fullscreen.png HTTP/1.1" 200 6741 "http://pub.lmmp.nasa.gov/LMMPUI/LMMP_CLIENT/LMMP_WB.swf" "Mozilla/5.0 (Windows NT 6.0; rv:32.0) Gecko/20100101 Firefox/32.0" 1317 7070
67.170.193.95 - - [20/Oct/2014:00:49:19 -0400] "GET /LMMPUI/LMMP_CLIENT/assets/menu/info.png HTTP/1.1" 200 9601 "http://pub.lmmp.nasa.gov/LMMPUI/LMMP_CLIENT/LMMP_WB.swf" "Mozilla/5.0 (Windows NT 6.0; rv:32.0) Gecko/20100101 Firefox/32.0" 1311 9931
67.170.193.95 - - [20/Oct/2014:00:49:19 -0400] "GET /LMMPUI/LMMP_CLIENT/assets/menu/link.png HTTP/1.1" 200 11578 "http://pub.lmmp.nasa.gov/LMMPUI/LMMP_CLIENT/LMMP_WB.swf" "Mozilla/5.0 (Windows NT 6.0; rv:32.0) Gecko/20100101 Firefox/32.0" 1311 11909
67.170.193.95 - - [20/Oct/2014:00:49:19 -0400] "GET /LMMPUI/LMMP_CLIENT/assets/system/i_expand3.png HTTP/1.1" 200 1686 "http://pub.lmmp.nasa.gov/LMMPUI/LMMP_CLIENT/LMMP_WB.swf" "Mozilla/5.0 (Windows NT 6.0; rv:32.0) Gecko/20100101 Firefox/32.0" 1318 2015
67.170.193.95 - - [20/Oct/2014:00:49:19 -0400] "GET /LMMPUI/LMMP_CLIENT/assets/system/nameSearch.png HTTP/1.1" 200 1475 "http://pub.lmmp.nasa.gov/LMMPUI/LMMP_CLIENT/LMMP_WB.swf" "Mozilla/5.0 (Windows NT 6.0; rv:32.0) Gecko/20100101 Firefox/32.0" 1319 1804
67.170.193.95 - - [20/Oct/2014:00:49:20 -0400] "GET /LMMPUI/LMMP_CLIENT/assets/system/w_closeCircle.png HTTP/1.1" 200 1612 "http://pub.lmmp.nasa.gov/LMMPUI/LMMP_CLIENT/LMMP_WB.swf" "Mozilla/5.0 (Windows NT 6.0; rv:32.0) Gecko/20100101 Firefox/32.0" 1322 1941
67.170.193.95 - - [20/Oct/2014:00:49:20 -0400] "GET /LMMPUI/LMMP_CLIENT/assets/system/plus.png HTTP/1.1" 200 1567 "http://pub.lmmp.nasa.gov/LMMPUI/LMMP_CLIENT/LMMP_WB.swf" "Mozilla/5.0 (Windows NT 6.0; rv:32.0) Gecko/20100101 Firefox/32.0" 1313 1896
67.170.193.95 - - [20/Oct/2014:00:49:20 -0400] "GET /LMMPUI/LMMP_CLIENT/assets/system/minus.png HTTP/1.1" 200 1277 "http://pub.lmmp.nasa.gov/LMMPUI/LMMP_CLIENT/LMMP_WB.swf" "Mozilla/5.0 (Windows NT 6.0; rv:32.0) Gecko/20100101 Firefox/32.0" 1314 1606
67.170.193.95 - - [20/Oct/2014:00:49:20 -0400] "GET /LMMPUI/LMMP_CLIENT/assets/proto/wiki.png HTTP/1.1" 200 13450 "http://pub.lmmp.nasa.gov/LMMPUI/LMMP_CLIENT/LMMP_WB.swf" "Mozilla/5.0 (Windows NT 6.0; rv:32.0) Gecko/20100101 Firefox/32.0" 1312 13781
67.170.193.95 - - [20/Oct/2014:00:49:20 -0400] "GET /LMMPUI/LMMP_CLIENT/assets/image/MoonTourLogo.jpg HTTP/1.1" 200 3967 "http://pub.lmmp.nasa.gov/LMMPUI/LMMP_CLIENT/LMMP_WB.swf" "Mozilla/5.0 (Windows NT 6.0; rv:32.0) Gecko/20100101 Firefox/32.0" 1320 4297
67.170.193.95 - - [20/Oct/2014:00:49:20 -0400] "GET /LMMPUI/LMMP_CLIENT/assets/proto/survey.png HTTP/1.1" 200 7637 "http://pub.lmmp.nasa.gov/LMMPUI/LMMP_CLIENT/LMMP_WB.swf" "Mozilla/5.0 (Windows NT 6.0; rv:32.0) Gecko/20100101 Firefox/32.0" 1314 7966
67.170.193.95 - - [20/Oct/2014:00:49:20 -0400] "GET /LMMPUI/LMMP_CLIENT/assets/image/badge_appstore-lrg.png HTTP/1.1" 200 3394 "http://pub.lmmp.nasa.gov/LMMPUI/LMMP_CLIENT/LMMP_WB.swf" "Mozilla/5.0 (Windows NT 6.0; rv:32.0) Gecko/20100101 Firefox/32.0" 1326 3723
67.170.193.95 - - [20/Oct/2014:00:49:20 -0400] "GET /LMMPUI/LMMP_CLIENT/assets/proto/gallery.png HTTP/1.1" 200 18089 "http://pub.lmmp.nasa.gov/LMMPUI/LMMP_CLIENT/LMMP_WB.swf" "Mozilla/5.0 (Windows NT 6.0; rv:32.0) Gecko/20100101 Firefox/32.0" 1315 18420
67.170.193.95 - - [20/Oct/2014:00:49:23 -0400] "GET /LMMPUI/LMMP_CLIENT/homepage/data.xml?v=1413780560327 HTTP/1.1" 200 3907 "http://pub.lmmp.nasa.gov/LMMPUI/LMMP_CLIENT/LMMP_WB.swf" "Mozilla/5.0 (Windows NT 6.0; rv:32.0) Gecko/20100101 Firefox/32.0" 1324 4242
67.170.193.95 - - [20/Oct/2014:00:49:23 -0400] "GET /LMMPUI/LMMP_CLIENT/assets/proto/gruithuisen.jpg HTTP/1.1" 200 62986 "http://pub.lmmp.nasa.gov/LMMPUI/LMMP_CLIENT/LMMP_WB.swf" "Mozilla/5.0 (Windows NT 6.0; rv:32.0) Gecko/20100101 Firefox/32.0" 1319 63318
127.0.0.1 - - [20/Oct/2014:00:49:24 -0400] "GET /opensso/namingservice HTTP/1.1" 200 7 "-" "Java/1.5.0_21" 220 183
67.170.193.95 - - [20/Oct/2014:00:49:23 -0400] "GET /LMMPUI/LMMP_CLIENT/assets/proto/mariusHills.jpg HTTP/1.1" 200 61059 "http://pub.lmmp.nasa.gov/LMMPUI/LMMP_CLIENT/LMMP_WB.swf" "Mozilla/5.0 (Windows NT 6.0; rv:32.0) Gecko/20100101 Firefox/32.0" 1319 61391
67.170.193.95 - - [20/Oct/2014:00:49:23 -0400] "GET /LMMPUI/LMMP_CLIENT/assets/proto/inaDCaldera.jpg HTTP/1.1" 200 74885 "http://pub.lmmp.nasa.gov/LMMPUI/LMMP_CLIENT/LMMP_WB.swf" "Mozilla/5.0 (Windows NT 6.0; rv:32.0) Gecko/20100101 Firefox/32.0" 1319 75217
67.170.193.95 - - [20/Oct/2014:00:49:27 -0400] "GET /LMMPUI/LMMP_CLIENT/homepage/features.xml?v=1413780564433 HTTP/1.1" 200 1611 "http://pub.lmmp.nasa.gov/LMMPUI/LMMP_CLIENT/LMMP_WB.swf" "Mozilla/5.0 (Windows NT 6.0; rv:32.0) Gecko/20100101 Firefox/32.0" 1328 1946
67.170.193.95 - - [20/Oct/2014:00:49:27 -0400] "GET /LMMPUI/LMMP_CLIENT/config/config.xml?1413780564282 HTTP/1.1" 200 11871 "http://pub.lmmp.nasa.gov/LMMPUI/LMMP_CLIENT/LMMP_WB.swf" "Mozilla/5.0 (Windows NT 6.0; rv:32.0) Gecko/20100101 Firefox/32.0" 1322 12208
127.0.0.1 - - [20/Oct/2014:00:49:27 -0400] "GET /openssorest/token/localldap HTTP/1.1" 200 62 "-" "Java/1.5.0_21" 277 239
67.170.193.95 - - [20/Oct/2014:00:49:27 -0400] "GET /LMMPUI/rest/proxy/proxyService?cs=bG1tcGd1ZXN0fGd1ZXN0bG1tcHxodHRwOi8vcHViLmxtbXAubmFzYS5nb3Yvb3BlbnNzb3Jlc3QvdG9rZW4vbG9jYWxsZGFw HTTP/1.1" 200 63 "http://pub.lmmp.nasa.gov/LMMPUI/LMMP_CLIENT/LMMP_WB.swf" "Mozilla/5.0 (Windows NT 6.0; rv:32.0) Gecko/20100101 Firefox/32.0" 1402 238
67.170.193.95 - - [20/Oct/2014:00:49:27 -0400] "POST /openssorest/token/localldap HTTP/1.1" 200 62 "http://pub.lmmp.nasa.gov/LMMPUI/LMMP_CLIENT/LMMP_WB.swf/[[DYNAMIC]]/10" "Mozilla/5.0 (Windows NT 6.0; rv:32.0) Gecko/20100101 Firefox/32.0" 1446 238
67.170.193.95 - - [20/Oct/2014:00:49:28 -0400] "GET /opensso/identity/isTokenValid?iPlanetDirectoryPro=AQIC5wM2LY4Sfcz2Nz%2F%2FrtOTwkIWHcwfF1ZSI6m9d1aCKZA%3D%40AAJTSQACMDE%3D%23 HTTP/1.1" 200 13 "http://pub.lmmp.nasa.gov/LMMPUI/LMMP_CLIENT/LMMP_WB.swf" "Mozilla/5.0 (Windows NT 6.0; rv:32.0) Gecko/20100101 Firefox/32.0" 1396 170
67.170.193.95 - - [20/Oct/2014:00:49:28 -0400] "GET /opensso/identity/isTokenValid?iPlanetDirectoryPro=AQIC5wM2LY4Sfcz2Nz%2F%2FrtOTwkIWHcwfF1ZSI6m9d1aCKZA%3D%40AAJTSQACMDE%3D%23 HTTP/1.1" 200 13 "http://pub.lmmp.nasa.gov/LMMPUI/LMMP_CLIENT/LMMP_WB.swf" "Mozilla/5.0 (Windows NT 6.0; rv:32.0) Gecko/20100101 Firefox/32.0" 1396 170
67.170.193.95 - - [20/Oct/2014:00:49:28 -0400] "GET /opensso/identity/attributes?iPlanetDirectoryPro=AQIC5wM2LY4Sfcz2Nz%2F%2FrtOTwkIWHcwfF1ZSI6m9d1aCKZA%3D%40AAJTSQACMDE%3D%23 HTTP/1.1" 200 981 "http://pub.lmmp.nasa.gov/LMMPUI/LMMP_CLIENT/LMMP_WB.swf" "Mozilla/5.0 (Windows NT 6.0; rv:32.0) Gecko/20100101 Firefox/32.0" 1394 1139
127.0.0.1 - - [20/Oct/2014:00:49:28 -0400] "POST /opensso/jaxrpc/SMSObjectIF HTTP/1.1" 200 505 "-" "Java/1.5.0_21" 847 767
67.170.193.95 - - [20/Oct/2014:00:49:28 -0400] "GET /LMMP/rest/dbxml/resources?iPlanetDirectoryPro=AQIC5wM2LY4Sfcz2Nz%2F%2FrtOTwkIWHcwfF1ZSI6m9d1aCKZA%3D%40AAJTSQACMDE%3D%23 HTTP/1.1" 200 2827 "http://pub.lmmp.nasa.gov/LMMPUI/LMMP_CLIENT/LMMP_WB.swf" "Mozilla/5.0 (Windows NT 6.0; rv:32.0) Gecko/20100101 Firefox/32.0" 1445 3002
127.0.0.1 - - [20/Oct/2014:00:49:28 -0400] "POST /opensso/jaxrpc/DirectoryManagerIF HTTP/1.1" 200 1290 "-" "Java/1.5.0_21" 1370 1551
67.170.193.95 - - [20/Oct/2014:00:49:28 -0400] "GET /opensso/identity/isTokenValid?iPlanetDirectoryPro=AQIC5wM2LY4Sfcz2Nz%2F%2FrtOTwkIWHcwfF1ZSI6m9d1aCKZA%3D%40AAJTSQACMDE%3D%23 HTTP/1.1" 200 13 "http://pub.lmmp.nasa.gov/LMMPUI/LMMP_CLIENT/LMMP_WB.swf" "Mozilla/5.0 (Windows NT 6.0; rv:32.0) Gecko/20100101 Firefox/32.0" 1396 170
67.170.193.95 - - [20/Oct/2014:00:49:28 -0400] "GET /opensso/identity/isTokenValid?iPlanetDirectoryPro=AQIC5wM2LY4Sfcz2Nz%2F%2FrtOTwkIWHcwfF1ZSI6m9d1aCKZA%3D%40AAJTSQACMDE%3D%23 HTTP/1.1" 200 13 "http://pub.lmmp.nasa.gov/LMMPUI/LMMP_CLIENT/LMMP_WB.swf" "Mozilla/5.0 (Windows NT 6.0; rv:32.0) Gecko/20100101 Firefox/32.0" 1396 170
67.170.193.95 - - [20/Oct/2014:00:49:28 -0400] "GET /opensso/identity/isTokenValid?iPlanetDirectoryPro=AQIC5wM2LY4Sfcz2Nz%2F%2FrtOTwkIWHcwfF1ZSI6m9d1aCKZA%3D%40AAJTSQACMDE%3D%23 HTTP/1.1" 200 13 "http://pub.lmmp.nasa.gov/LMMPUI/LMMP_CLIENT/LMMP_WB.swf" "Mozilla/5.0 (Windows NT 6.0; rv:32.0) Gecko/20100101 Firefox/32.0" 1396 170
67.170.193.95 - - [20/Oct/2014:00:49:28 -0400] "GET /opensso/identity/isTokenValid?iPlanetDirectoryPro=AQIC5wM2LY4Sfcz2Nz%2F%2FrtOTwkIWHcwfF1ZSI6m9d1aCKZA%3D%40AAJTSQACMDE%3D%23 HTTP/1.1" 200 13 "http://pub.lmmp.nasa.gov/LMMPUI/LMMP_CLIENT/LMMP_WB.swf" "Mozilla/5.0 (Windows NT 6.0; rv:32.0) Gecko/20100101 Firefox/32.0" 1396 170
67.170.193.95 - - [20/Oct/2014:00:49:28 -0400] "GET /opensso/identity/isTokenValid?iPlanetDirectoryPro=AQIC5wM2LY4Sfcz2Nz%2F%2FrtOTwkIWHcwfF1ZSI6m9d1aCKZA%3D%40AAJTSQACMDE%3D%23 HTTP/1.1" 200 13 "http://pub.lmmp.nasa.gov/LMMPUI/LMMP_CLIENT/LMMP_WB.swf" "Mozilla/5.0 (Windows NT 6.0; rv:32.0) Gecko/20100101 Firefox/32.0" 1396 170
67.170.193.95 - - [20/Oct/2014:00:49:29 -0400] "GET /opensso/identity/isTokenValid?iPlanetDirectoryPro=AQIC5wM2LY4Sfcz2Nz%2F%2FrtOTwkIWHcwfF1ZSI6m9d1aCKZA%3D%40AAJTSQACMDE%3D%23 HTTP/1.1" 200 13 "http://pub.lmmp.nasa.gov/LMMPUI/LMMP_CLIENT/LMMP_WB.swf" "Mozilla/5.0 (Windows NT 6.0; rv:32.0) Gecko/20100101 Firefox/32.0" 1396 170
67.170.193.95 - - [20/Oct/2014:00:49:29 -0400] "GET /opensso/identity/isTokenValid?iPlanetDirectoryPro=AQIC5wM2LY4Sfcz2Nz%2F%2FrtOTwkIWHcwfF1ZSI6m9d1aCKZA%3D%40AAJTSQACMDE%3D%23 HTTP/1.1" 200 13 "http://pub.lmmp.nasa.gov/LMMPUI/LMMP_CLIENT/LMMP_WB.swf" "Mozilla/5.0 (Windows NT 6.0; rv:32.0) Gecko/20100101 Firefox/32.0" 1396 170
67.170.193.95 - - [20/Oct/2014:00:49:29 -0400] "GET /opensso/identity/isTokenValid?iPlanetDirectoryPro=AQIC5wM2LY4Sfcz2Nz%2F%2FrtOTwkIWHcwfF1ZSI6m9d1aCKZA%3D%40AAJTSQACMDE%3D%23 HTTP/1.1" 200 13 "http://pub.lmmp.nasa.gov/LMMPUI/LMMP_CLIENT/LMMP_WB.swf" "Mozilla/5.0 (Windows NT 6.0; rv:32.0) Gecko/20100101 Firefox/32.0" 1396 170
67.170.193.95 - - [20/Oct/2014:00:49:29 -0400] "GET /opensso/identity/isTokenValid?iPlanetDirectoryPro=AQIC5wM2LY4Sfcz2Nz%2F%2FrtOTwkIWHcwfF1ZSI6m9d1aCKZA%3D%40AAJTSQACMDE%3D%23 HTTP/1.1" 200 13 "http://pub.lmmp.nasa.gov/LMMPUI/LMMP_CLIENT/LMMP_WB.swf" "Mozilla/5.0 (Windows NT 6.0; rv:32.0) Gecko/20100101 Firefox/32.0" 1396 170
67.170.193.95 - - [20/Oct/2014:00:49:30 -0400] "GET /opensso/identity/isTokenValid?iPlanetDirectoryPro=AQIC5wM2LY4Sfcz2Nz%2F%2FrtOTwkIWHcwfF1ZSI6m9d1aCKZA%3D%40AAJTSQACMDE%3D%23 HTTP/1.1" 200 13 "http://pub.lmmp.nasa.gov/LMMPUI/LMMP_CLIENT/LMMP_WB.swf" "Mozilla/5.0 (Windows NT 6.0; rv:32.0) Gecko/20100101 Firefox/32.0" 1396 170
67.170.193.95 - - [20/Oct/2014:00:49:32 -0400] "GET /opensso/identity/isTokenValid?iPlanetDirectoryPro=AQIC5wM2LY4Sfcz2Nz%2F%2FrtOTwkIWHcwfF1ZSI6m9d1aCKZA%3D%40AAJTSQACMDE%3D%23 HTTP/1.1" 200 13 "http://pub.lmmp.nasa.gov/LMMPUI/LMMP_CLIENT/LMMP_WB.swf" "Mozilla/5.0 (Windows NT 6.0; rv:32.0) Gecko/20100101 Firefox/32.0" 1396 170
67.170.193.95 - - [20/Oct/2014:00:49:32 -0400] "GET /opensso/identity/isTokenValid?iPlanetDirectoryPro=AQIC5wM2LY4Sfcz2Nz%2F%2FrtOTwkIWHcwfF1ZSI6m9d1aCKZA%3D%40AAJTSQACMDE%3D%23 HTTP/1.1" 200 13 "http://pub.lmmp.nasa.gov/LMMPUI/LMMP_CLIENT/LMMP_WB.swf" "Mozilla/5.0 (Windows NT 6.0; rv:32.0) Gecko/20100101 Firefox/32.0" 1396 170
67.170.193.95 - - [20/Oct/2014:00:49:32 -0400] "GET /LMMP/rest/auxmd/types?iPlanetDirectoryPro=AQIC5wM2LY4Sfcz2Nz%2F%2FrtOTwkIWHcwfF1ZSI6m9d1aCKZA%3D%40AAJTSQACMDE%3D%23 HTTP/1.1" 200 119 "http://pub.lmmp.nasa.gov/LMMPUI/LMMP_CLIENT/LMMP_WB.swf" "Mozilla/5.0 (Windows NT 6.0; rv:32.0) Gecko/20100101 Firefox/32.0" 1441 294
67.170.193.95 - - [20/Oct/2014:00:49:32 -0400] "GET /LMMP/rest/auxmd/acl?iPlanetDirectoryPro=AQIC5wM2LY4Sfcz2Nz%2F%2FrtOTwkIWHcwfF1ZSI6m9d1aCKZA%3D%40AAJTSQACMDE%3D%23 HTTP/1.1" 200 1468 "http://pub.lmmp.nasa.gov/LMMPUI/LMMP_CLIENT/LMMP_WB.swf" "Mozilla/5.0 (Windows NT 6.0; rv:32.0) Gecko/20100101 Firefox/32.0" 1439 1644
67.170.193.95 - - [20/Oct/2014:00:49:32 -0400] "GET /opensso/identity/isTokenValid?iPlanetDirectoryPro=AQIC5wM2LY4Sfcz2Nz%2F%2FrtOTwkIWHcwfF1ZSI6m9d1aCKZA%3D%40AAJTSQACMDE%3D%23 HTTP/1.1" 200 13 "http://pub.lmmp.nasa.gov/LMMPUI/LMMP_CLIENT/LMMP_WB.swf" "Mozilla/5.0 (Windows NT 6.0; rv:32.0) Gecko/20100101 Firefox/32.0" 1396 170
67.170.193.95 - - [20/Oct/2014:00:49:32 -0400] "GET /opensso/identity/isTokenValid?iPlanetDirectoryPro=AQIC5wM2LY4Sfcz2Nz%2F%2FrtOTwkIWHcwfF1ZSI6m9d1aCKZA%3D%40AAJTSQACMDE%3D%23 HTTP/1.1" 200 13 "http://pub.lmmp.nasa.gov/LMMPUI/LMMP_CLIENT/LMMP_WB.swf" "Mozilla/5.0 (Windows NT 6.0; rv:32.0) Gecko/20100101 Firefox/32.0" 1396 170
67.170.193.95 - - [20/Oct/2014:00:49:32 -0400] "GET /LMMP/rest/auxmd/create?mdType=layer&iPlanetDirectoryPro=AQIC5wM2LY4Sfcz2Nz%2F%2FrtOTwkIWHcwfF1ZSI6m9d1aCKZA%3D%40AAJTSQACMDE%3D%23 HTTP/1.1" 200 173 "http://pub.lmmp.nasa.gov/LMMPUI/LMMP_CLIENT/LMMP_WB.swf" "Mozilla/5.0 (Windows NT 6.0; rv:32.0) Gecko/20100101 Firefox/32.0" 1455 348
67.170.193.95 - - [20/Oct/2014:00:49:32 -0400] "GET /opensso/identity/isTokenValid?iPlanetDirectoryPro=AQIC5wM2LY4Sfcz2Nz%2F%2FrtOTwkIWHcwfF1ZSI6m9d1aCKZA%3D%40AAJTSQACMDE%3D%23 HTTP/1.1" 200 13 "http://pub.lmmp.nasa.gov/LMMPUI/LMMP_CLIENT/LMMP_WB.swf" "Mozilla/5.0 (Windows NT 6.0; rv:32.0) Gecko/20100101 Firefox/32.0" 1396 170
67.170.193.95 - - [20/Oct/2014:00:49:32 -0400] "GET /opensso/identity/isTokenValid?iPlanetDirectoryPro=AQIC5wM2LY4Sfcz2Nz%2F%2FrtOTwkIWHcwfF1ZSI6m9d1aCKZA%3D%40AAJTSQACMDE%3D%23 HTTP/1.1" 200 13 "http://pub.lmmp.nasa.gov/LMMPUI/LMMP_CLIENT/LMMP_WB.swf" "Mozilla/5.0 (Windows NT 6.0; rv:32.0) Gecko/20100101 Firefox/32.0" 1396 170
67.170.193.95 - - [20/Oct/2014:00:49:32 -0400] "GET /LMMP/rest/auxmd/create?mdType=point&iPlanetDirectoryPro=AQIC5wM2LY4Sfcz2Nz%2F%2FrtOTwkIWHcwfF1ZSI6m9d1aCKZA%3D%40AAJTSQACMDE%3D%23 HTTP/1.1" 200 319 "http://pub.lmmp.nasa.gov/LMMPUI/LMMP_CLIENT/LMMP_WB.swf" "Mozilla/5.0 (Windows NT 6.0; rv:32.0) Gecko/20100101 Firefox/32.0" 1455 496
67.170.193.95 - - [20/Oct/2014:00:49:32 -0400] "GET /LMMP/rest/auxmd/create?mdType=bounding&iPlanetDirectoryPro=AQIC5wM2LY4Sfcz2Nz%2F%2FrtOTwkIWHcwfF1ZSI6m9d1aCKZA%3D%40AAJTSQACMDE%3D%23 HTTP/1.1" 200 513 "http://pub.lmmp.nasa.gov/LMMPUI/LMMP_CLIENT/LMMP_WB.swf" "Mozilla/5.0 (Windows NT 6.0; rv:32.0) Gecko/20100101 Firefox/32.0" 1458 689
67.170.193.95 - - [20/Oct/2014:00:49:33 -0400] "GET /opensso/identity/isTokenValid?iPlanetDirectoryPro=AQIC5wM2LY4Sfcz2Nz%2F%2FrtOTwkIWHcwfF1ZSI6m9d1aCKZA%3D%40AAJTSQACMDE%3D%23 HTTP/1.1" 200 13 "http://pub.lmmp.nasa.gov/LMMPUI/LMMP_CLIENT/LMMP_WB.swf" "Mozilla/5.0 (Windows NT 6.0; rv:32.0) Gecko/20100101 Firefox/32.0" 1396 170
67.170.193.95 - - [20/Oct/2014:00:49:33 -0400] "GET /LMMP/rest/auxmd/create?mdType=polyo&iPlanetDirectoryPro=AQIC5wM2LY4Sfcz2Nz%2F%2FrtOTwkIWHcwfF1ZSI6m9d1aCKZA%3D%40AAJTSQACMDE%3D%23 HTTP/1.1" 200 38 "http://pub.lmmp.nasa.gov/LMMPUI/LMMP_CLIENT/LMMP_WB.swf" "Mozilla/5.0 (Windows NT 6.0; rv:32.0) Gecko/20100101 Firefox/32.0" 1455 213
67.170.193.95 - - [20/Oct/2014:00:49:33 -0400] "GET /LMMP/rest/auxmd/create?mdType=polyx&iPlanetDirectoryPro=AQIC5wM2LY4Sfcz2Nz%2F%2FrtOTwkIWHcwfF1ZSI6m9d1aCKZA%3D%40AAJTSQACMDE%3D%23 HTTP/1.1" 200 38 "http://pub.lmmp.nasa.gov/LMMPUI/LMMP_CLIENT/LMMP_WB.swf" "Mozilla/5.0 (Windows NT 6.0; rv:32.0) Gecko/20100101 Firefox/32.0" 1455 213
67.170.193.95 - - [20/Oct/2014:00:49:36 -0400] "GET /LMMPUI/LMMP_CLIENT/homepage/data.xml?v=1413780572206 HTTP/1.1" 200 3907 "http://pub.lmmp.nasa.gov/LMMPUI/LMMP_CLIENT/LMMP_WB.swf" "Mozilla/5.0 (Windows NT 6.0; rv:32.0) Gecko/20100101 Firefox/32.0" 1324 4242
127.0.0.1 - - [20/Oct/2014:00:49:44 -0400] "GET /opensso/namingservice HTTP/1.1" 200 7 "-" "Java/1.5.0_21" 220 183
127.0.0.1 - - [20/Oct/2014:00:49:54 -0400] "GET /opensso/namingservice HTTP/1.1" 200 7 "-" "Java/1.5.0_21" 220 183
127.0.0.1 - - [20/Oct/2014:00:50:14 -0400] "GET /opensso/namingservice HTTP/1.1" 200 7 "-" "Java/1.5.0_21" 220 183
127.0.0.1 - - [20/Oct/2014:00:50:24 -0400] "GET /opensso/namingservice HTTP/1.1" 200 7 "-" "Java/1.5.0_21" 220 183
127.0.0.1 - - [20/Oct/2014:00:50:44 -0400] "GET /opensso/namingservice HTTP/1.1" 200 7 "-" "Java/1.5.0_21" 220 183
127.0.0.1 - - [20/Oct/2014:00:50:54 -0400] "GET /opensso/namingservice HTTP/1.1" 200 7 "-" "Java/1.5.0_21" 220 183
127.0.0.1 - - [20/Oct/2014:00:51:14 -0400] "GET /opensso/namingservice HTTP/1.1" 200 7 "-" "Java/1.5.0_21" 220 183
127.0.0.1 - - [20/Oct/2014:00:51:24 -0400] "GET /opensso/namingservice HTTP/1.1" 200 7 "-" "Java/1.5.0_21" 220 183
127.0.0.1 - - [20/Oct/2014:00:51:44 -0400] "GET /opensso/namingservice HTTP/1.1" 200 7 "-" "Java/1.5.0_21" 220 183
127.0.0.1 - - [20/Oct/2014:00:51:54 -0400] "GET /opensso/namingservice HTTP/1.1" 200 7 "-" "Java/1.5.0_21" 220 183
