127.0.0.1 - - [16/Nov/2015:19:42:43 -0500] "GET /opensso/namingservice HTTP/1.1" 200 7 "-" "Java/1.5.0_21" 220 183
127.0.0.1 - - [16/Nov/2015:19:43:12 -0500] "GET /opensso/namingservice HTTP/1.1" 200 7 "-" "Java/1.5.0_21" 220 183
127.0.0.1 - - [16/Nov/2015:19:43:13 -0500] "GET /opensso/namingservice HTTP/1.1" 200 7 "-" "Java/1.5.0_21" 220 183
127.0.0.1 - - [16/Nov/2015:19:43:42 -0500] "GET /opensso/namingservice HTTP/1.1" 200 7 "-" "Java/1.5.0_21" 220 183
127.0.0.1 - - [16/Nov/2015:19:43:43 -0500] "GET /opensso/namingservice HTTP/1.1" 200 7 "-" "Java/1.5.0_21" 220 183
123.125.71.89 - - [16/Nov/2015:19:44:03 -0500] "GET / HTTP/1.1" 302 237 "-" "Mozilla/5.0 (Windows NT 5.1; rv:6.0.2) Gecko/20100101 Firefox/6.0.2" 179 506
127.0.0.1 - - [16/Nov/2015:19:44:12 -0500] "GET /opensso/namingservice HTTP/1.1" 200 7 "-" "Java/1.5.0_21" 220 183
127.0.0.1 - - [16/Nov/2015:19:44:13 -0500] "GET /opensso/namingservice HTTP/1.1" 200 7 "-" "Java/1.5.0_21" 220 183
127.0.0.1 - - [16/Nov/2015:19:44:42 -0500] "GET /opensso/namingservice HTTP/1.1" 200 7 "-" "Java/1.5.0_21" 220 183
127.0.0.1 - - [16/Nov/2015:19:44:43 -0500] "GET /opensso/namingservice HTTP/1.1" 200 7 "-" "Java/1.5.0_21" 220 183
137.78.207.218 - - [16/Nov/2015:19:45:07 -0500] "HEAD /LMMPUI/LMMP_CLIENT/LMMP.html HTTP/1.1" 200 - "-" "curl/7.38.0" 110 274
66.249.67.206 - - [16/Nov/2015:19:45:11 -0500] "GET /redmine/issues/gantt?month=3&months=6&year=1696&zoom=2 HTTP/1.1" 200 30889 "-" "Mozilla/5.0 (compatible; Googlebot/2.1; +http://www.google.com/bot.html)" 345 31578
127.0.0.1 - - [16/Nov/2015:19:45:12 -0500] "GET /opensso/namingservice HTTP/1.1" 200 7 "-" "Java/1.5.0_21" 220 183
127.0.0.1 - - [16/Nov/2015:19:45:13 -0500] "GET /opensso/namingservice HTTP/1.1" 200 7 "-" "Java/1.5.0_21" 220 183
172.91.244.75 - - [16/Nov/2015:19:45:29 -0500] "GET /lmmpmobile/config-1.0.json HTTP/1.1" 200 1338 "-" "Moon%20Tours/1.0.0 CFNetwork/672.1.15 Darwin/14.0.0" 218 1666
172.91.244.75 - - [16/Nov/2015:19:45:30 -0500] "GET /opensso/identity/isTokenValid HTTP/1.1" 200 14 "-" "Moon%20Tours/1.0.0 CFNetwork/672.1.15 Darwin/14.0.0" 230 172
172.91.244.75 - - [16/Nov/2015:19:45:35 -0500] "GET /opensso/UI/Login?module=Anonymous&org=appspub&goto=http%3A%2F%2Fpub.lmmp.nasa.gov%2Flmmpmobile%2Frefresh HTTP/1.1" 302 - "-" "Moon%20Tours/1.0.0 CFNetwork/672.1.15 Darwin/14.0.0" 305 937
172.91.244.75 - - [16/Nov/2015:19:45:35 -0500] "GET /lmmpmobile/refresh?iPlanetDirectoryPro=AQIC5wM2LY4SfcwSfaNW9h1cF%2FLS%2Fw2krNpH%2Fd08Gdt0aCw%3D%40AAJTSQACMDE%3D%23 HTTP/1.1" 200 - "-" "Moon%20Tours/1.0.0 CFNetwork/672.1.15 Darwin/14.0.0" 425 316
172.91.244.75 - - [16/Nov/2015:19:45:35 -0500] "GET /arcgis/rest/services/CombinedNomenclature/MapServer?f=json HTTP/1.1" 304 - "arcgisios" "ArcGISiOS-2.3.2/7.1.2/iPhone3,3" 286 149
172.91.244.75 - - [16/Nov/2015:19:45:36 -0500] "GET /arcgis/rest/services/ERGraticule/MapServer?f=json HTTP/1.1" 304 - "arcgisios" "ArcGISiOS-2.3.2/7.1.2/iPhone3,3" 276 149
127.0.0.1 - - [16/Nov/2015:19:45:42 -0500] "GET /opensso/namingservice HTTP/1.1" 200 7 "-" "Java/1.5.0_21" 220 183
127.0.0.1 - - [16/Nov/2015:19:45:43 -0500] "GET /opensso/namingservice HTTP/1.1" 200 7 "-" "Java/1.5.0_21" 220 183
127.0.0.1 - - [16/Nov/2015:19:46:12 -0500] "GET /opensso/namingservice HTTP/1.1" 200 7 "-" "Java/1.5.0_21" 220 183
127.0.0.1 - - [16/Nov/2015:19:46:13 -0500] "GET /opensso/namingservice HTTP/1.1" 200 7 "-" "Java/1.5.0_21" 220 183
127.0.0.1 - - [16/Nov/2015:19:46:42 -0500] "GET /opensso/namingservice HTTP/1.1" 200 7 "-" "Java/1.5.0_21" 220 183
127.0.0.1 - - [16/Nov/2015:19:46:43 -0500] "GET /opensso/namingservice HTTP/1.1" 200 7 "-" "Java/1.5.0_21" 220 183
127.0.0.1 - - [16/Nov/2015:19:47:12 -0500] "GET /opensso/namingservice HTTP/1.1" 200 7 "-" "Java/1.5.0_21" 220 183
127.0.0.1 - - [16/Nov/2015:19:47:13 -0500] "GET /opensso/namingservice HTTP/1.1" 200 7 "-" "Java/1.5.0_21" 220 183
123.125.71.112 - - [16/Nov/2015:19:47:31 -0500] "GET /LMMPUI/LMMP_CLIENT/LMMP.html HTTP/1.1" 200 9400 "-" "Mozilla/5.0 (Windows NT 5.1; rv:6.0.2) Gecko/20100101 Firefox/6.0.2" 207 9693
127.0.0.1 - - [16/Nov/2015:19:47:42 -0500] "GET /opensso/namingservice HTTP/1.1" 200 7 "-" "Java/1.5.0_21" 220 183
127.0.0.1 - - [16/Nov/2015:19:47:43 -0500] "GET /opensso/namingservice HTTP/1.1" 200 7 "-" "Java/1.5.0_21" 220 183
127.0.0.1 - - [16/Nov/2015:19:48:12 -0500] "GET /opensso/namingservice HTTP/1.1" 200 7 "-" "Java/1.5.0_21" 220 183
127.0.0.1 - - [16/Nov/2015:19:48:13 -0500] "GET /opensso/namingservice HTTP/1.1" 200 7 "-" "Java/1.5.0_21" 220 183
86.137.181.19 - - [16/Nov/2015:19:48:25 -0500] "GET /opensso/identity/isTokenValid HTTP/1.1" 200 13 "-" "Moon%20Tours/1.0.0 CFNetwork/758.1.6 Darwin/15.0.0" 338 171
127.0.0.1 - - [16/Nov/2015:19:48:42 -0500] "GET /opensso/namingservice HTTP/1.1" 200 7 "-" "Java/1.5.0_21" 220 183
127.0.0.1 - - [16/Nov/2015:19:48:43 -0500] "GET /opensso/namingservice HTTP/1.1" 200 7 "-" "Java/1.5.0_21" 220 183
66.249.66.97 - - [16/Nov/2015:19:48:58 -0500] "GET /redmine/activity?from=1985-06-23&show_news=1&user_id=1 HTTP/1.1" 200 5677 "-" "Mozilla/5.0 (compatible; Googlebot/2.1; +http://www.google.com/bot.html)" 659 10328
127.0.0.1 - - [16/Nov/2015:19:49:12 -0500] "GET /opensso/namingservice HTTP/1.1" 200 7 "-" "Java/1.5.0_21" 220 183
127.0.0.1 - - [16/Nov/2015:19:49:13 -0500] "GET /opensso/namingservice HTTP/1.1" 200 7 "-" "Java/1.5.0_21" 220 183
127.0.0.1 - - [16/Nov/2015:19:49:42 -0500] "GET /opensso/namingservice HTTP/1.1" 200 7 "-" "Java/1.5.0_21" 220 183
127.0.0.1 - - [16/Nov/2015:19:49:43 -0500] "GET /opensso/namingservice HTTP/1.1" 200 7 "-" "Java/1.5.0_21" 220 183
137.78.207.218 - - [16/Nov/2015:19:50:08 -0500] "HEAD /LMMPUI/LMMP_CLIENT/LMMP.html HTTP/1.1" 200 - "-" "curl/7.38.0" 110 274
127.0.0.1 - - [16/Nov/2015:19:50:12 -0500] "GET /opensso/namingservice HTTP/1.1" 200 7 "-" "Java/1.5.0_21" 220 183
127.0.0.1 - - [16/Nov/2015:19:50:13 -0500] "GET /opensso/namingservice HTTP/1.1" 200 7 "-" "Java/1.5.0_21" 220 183
127.0.0.1 - - [16/Nov/2015:19:50:42 -0500] "GET /opensso/namingservice HTTP/1.1" 200 7 "-" "Java/1.5.0_21" 220 183
127.0.0.1 - - [16/Nov/2015:19:50:43 -0500] "GET /opensso/namingservice HTTP/1.1" 200 7 "-" "Java/1.5.0_21" 220 183
127.0.0.1 - - [16/Nov/2015:19:51:12 -0500] "GET /opensso/namingservice HTTP/1.1" 200 7 "-" "Java/1.5.0_21" 220 183
127.0.0.1 - - [16/Nov/2015:19:51:13 -0500] "GET /opensso/namingservice HTTP/1.1" 200 7 "-" "Java/1.5.0_21" 220 183
127.0.0.1 - - [16/Nov/2015:19:51:42 -0500] "GET /opensso/namingservice HTTP/1.1" 200 7 "-" "Java/1.5.0_21" 220 183
127.0.0.1 - - [16/Nov/2015:19:51:43 -0500] "GET /opensso/namingservice HTTP/1.1" 200 7 "-" "Java/1.5.0_21" 220 183
220.181.108.180 - - [16/Nov/2015:19:51:57 -0500] "GET / HTTP/1.1" 302 237 "-" "Mozilla/5.0 (Windows NT 5.1; rv:6.0.2) Gecko/20100101 Firefox/6.0.2" 179 506
127.0.0.1 - - [16/Nov/2015:19:52:12 -0500] "GET /opensso/namingservice HTTP/1.1" 200 7 "-" "Java/1.5.0_21" 220 183
127.0.0.1 - - [16/Nov/2015:19:52:13 -0500] "GET /opensso/namingservice HTTP/1.1" 200 7 "-" "Java/1.5.0_21" 220 183
127.0.0.1 - - [16/Nov/2015:19:52:42 -0500] "GET /opensso/namingservice HTTP/1.1" 200 7 "-" "Java/1.5.0_21" 220 183
127.0.0.1 - - [16/Nov/2015:19:52:43 -0500] "GET /opensso/namingservice HTTP/1.1" 200 7 "-" "Java/1.5.0_21" 220 183
66.249.66.101 - - [16/Nov/2015:19:52:45 -0500] "GET /redmine/activity?from=1985-05-24&show_news=1&user_id=1 HTTP/1.1" 200 5677 "-" "Mozilla/5.0 (compatible; Googlebot/2.1; +http://www.google.com/bot.html)" 659 10328
127.0.0.1 - - [16/Nov/2015:19:53:12 -0500] "GET /opensso/namingservice HTTP/1.1" 200 7 "-" "Java/1.5.0_21" 220 183
127.0.0.1 - - [16/Nov/2015:19:53:13 -0500] "GET /opensso/namingservice HTTP/1.1" 200 7 "-" "Java/1.5.0_21" 220 183
127.0.0.1 - - [16/Nov/2015:19:53:42 -0500] "GET /opensso/namingservice HTTP/1.1" 200 7 "-" "Java/1.5.0_21" 220 183
127.0.0.1 - - [16/Nov/2015:19:53:43 -0500] "GET /opensso/namingservice HTTP/1.1" 200 7 "-" "Java/1.5.0_21" 220 183
127.0.0.1 - - [16/Nov/2015:19:54:12 -0500] "GET /opensso/namingservice HTTP/1.1" 200 7 "-" "Java/1.5.0_21" 220 183
127.0.0.1 - - [16/Nov/2015:19:54:13 -0500] "GET /opensso/namingservice HTTP/1.1" 200 7 "-" "Java/1.5.0_21" 220 183
66.206.234.144 - - [16/Nov/2015:19:54:20 -0500] "GET /lmmpmobile/config-1.0.json HTTP/1.1" 200 1338 "-" "Moon%20Tours/1.0.0 CFNetwork/758.0.2 Darwin/15.0.0" 217 1666
66.206.234.144 - - [16/Nov/2015:19:54:20 -0500] "GET /opensso/identity/isTokenValid HTTP/1.1" 200 14 "-" "Moon%20Tours/1.0.0 CFNetwork/758.0.2 Darwin/15.0.0" 229 172
66.206.234.144 - - [16/Nov/2015:19:54:20 -0500] "GET /opensso/UI/Login?module=Anonymous&org=appspub&goto=http%3A%2F%2Fpub.lmmp.nasa.gov%2Flmmpmobile%2Frefresh HTTP/1.1" 302 - "-" "Moon%20Tours/1.0.0 CFNetwork/758.0.2 Darwin/15.0.0" 304 932
66.206.234.144 - - [16/Nov/2015:19:54:20 -0500] "GET /lmmpmobile/refresh?iPlanetDirectoryPro=AQIC5wM2LY4SfcyyDLueXi2gWFPyZgp62JzDk0%2FF9aQyzd8%3D%40AAJTSQACMDE%3D%23 HTTP/1.1" 200 - "-" "Moon%20Tours/1.0.0 CFNetwork/758.0.2 Darwin/15.0.0" 420 316
127.0.0.1 - - [16/Nov/2015:19:54:42 -0500] "GET /opensso/namingservice HTTP/1.1" 200 7 "-" "Java/1.5.0_21" 220 183
127.0.0.1 - - [16/Nov/2015:19:54:43 -0500] "GET /opensso/namingservice HTTP/1.1" 200 7 "-" "Java/1.5.0_21" 220 183
137.78.207.218 - - [16/Nov/2015:19:55:07 -0500] "HEAD /LMMPUI/LMMP_CLIENT/LMMP.html HTTP/1.1" 200 - "-" "curl/7.38.0" 110 274
127.0.0.1 - - [16/Nov/2015:19:55:12 -0500] "GET /opensso/namingservice HTTP/1.1" 200 7 "-" "Java/1.5.0_21" 220 183
127.0.0.1 - - [16/Nov/2015:19:55:13 -0500] "GET /opensso/namingservice HTTP/1.1" 200 7 "-" "Java/1.5.0_21" 220 183
220.181.108.177 - - [16/Nov/2015:19:55:37 -0500] "GET /LMMPUI/LMMP_CLIENT/LMMP.html HTTP/1.1" 200 9400 "-" "Mozilla/5.0 (Windows NT 5.1; rv:6.0.2) Gecko/20100101 Firefox/6.0.2" 207 9693
127.0.0.1 - - [16/Nov/2015:19:55:42 -0500] "GET /opensso/namingservice HTTP/1.1" 200 7 "-" "Java/1.5.0_21" 220 183
127.0.0.1 - - [16/Nov/2015:19:55:43 -0500] "GET /opensso/namingservice HTTP/1.1" 200 7 "-" "Java/1.5.0_21" 220 183
127.0.0.1 - - [16/Nov/2015:19:56:12 -0500] "GET /opensso/namingservice HTTP/1.1" 200 7 "-" "Java/1.5.0_21" 220 183
127.0.0.1 - - [16/Nov/2015:19:56:13 -0500] "GET /opensso/namingservice HTTP/1.1" 200 7 "-" "Java/1.5.0_21" 220 183
66.249.66.99 - - [16/Nov/2015:19:56:32 -0500] "GET /redmine/activity?from=1985-04-24&show_news=1&user_id=1 HTTP/1.1" 200 5677 "-" "Mozilla/5.0 (compatible; Googlebot/2.1; +http://www.google.com/bot.html)" 659 10328
127.0.0.1 - - [16/Nov/2015:19:56:42 -0500] "GET /opensso/namingservice HTTP/1.1" 200 7 "-" "Java/1.5.0_21" 220 183
127.0.0.1 - - [16/Nov/2015:19:56:43 -0500] "GET /opensso/namingservice HTTP/1.1" 200 7 "-" "Java/1.5.0_21" 220 183
127.0.0.1 - - [16/Nov/2015:19:57:12 -0500] "GET /opensso/namingservice HTTP/1.1" 200 7 "-" "Java/1.5.0_21" 220 183
127.0.0.1 - - [16/Nov/2015:19:57:13 -0500] "GET /opensso/namingservice HTTP/1.1" 200 7 "-" "Java/1.5.0_21" 220 183
127.0.0.1 - - [16/Nov/2015:19:57:42 -0500] "GET /opensso/namingservice HTTP/1.1" 200 7 "-" "Java/1.5.0_21" 220 183
127.0.0.1 - - [16/Nov/2015:19:57:43 -0500] "GET /opensso/namingservice HTTP/1.1" 200 7 "-" "Java/1.5.0_21" 220 183
127.0.0.1 - - [16/Nov/2015:19:58:12 -0500] "GET /opensso/namingservice HTTP/1.1" 200 7 "-" "Java/1.5.0_21" 220 183
127.0.0.1 - - [16/Nov/2015:19:58:13 -0500] "GET /opensso/namingservice HTTP/1.1" 200 7 "-" "Java/1.5.0_21" 220 183
127.0.0.1 - - [16/Nov/2015:19:58:42 -0500] "GET /opensso/namingservice HTTP/1.1" 200 7 "-" "Java/1.5.0_21" 220 183
127.0.0.1 - - [16/Nov/2015:19:58:43 -0500] "GET /opensso/namingservice HTTP/1.1" 200 7 "-" "Java/1.5.0_21" 220 183
127.0.0.1 - - [16/Nov/2015:19:59:12 -0500] "GET /opensso/namingservice HTTP/1.1" 200 7 "-" "Java/1.5.0_21" 220 183
127.0.0.1 - - [16/Nov/2015:19:59:13 -0500] "GET /opensso/namingservice HTTP/1.1" 200 7 "-" "Java/1.5.0_21" 220 183
127.0.0.1 - - [16/Nov/2015:19:59:42 -0500] "GET /opensso/namingservice HTTP/1.1" 200 7 "-" "Java/1.5.0_21" 220 183
127.0.0.1 - - [16/Nov/2015:19:59:43 -0500] "GET /opensso/namingservice HTTP/1.1" 200 7 "-" "Java/1.5.0_21" 220 183
137.78.207.218 - - [16/Nov/2015:20:00:08 -0500] "HEAD /LMMPUI/LMMP_CLIENT/LMMP.html HTTP/1.1" 200 - "-" "curl/7.38.0" 110 274
127.0.0.1 - - [16/Nov/2015:20:00:12 -0500] "GET /opensso/namingservice HTTP/1.1" 200 7 "-" "Java/1.5.0_21" 220 183
127.0.0.1 - - [16/Nov/2015:20:00:13 -0500] "GET /opensso/namingservice HTTP/1.1" 200 7 "-" "Java/1.5.0_21" 220 183
66.249.66.97 - - [16/Nov/2015:20:00:19 -0500] "GET /redmine/activity?from=1985-03-25&show_news=1&user_id=1 HTTP/1.1" 200 5677 "-" "Mozilla/5.0 (compatible; Googlebot/2.1; +http://www.google.com/bot.html)" 659 10329
127.0.0.1 - - [16/Nov/2015:20:00:42 -0500] "GET /opensso/namingservice HTTP/1.1" 200 7 "-" "Java/1.5.0_21" 220 183
127.0.0.1 - - [16/Nov/2015:20:00:43 -0500] "GET /opensso/namingservice HTTP/1.1" 200 7 "-" "Java/1.5.0_21" 220 183
127.0.0.1 - - [16/Nov/2015:20:01:12 -0500] "GET /opensso/namingservice HTTP/1.1" 200 7 "-" "Java/1.5.0_21" 220 183
127.0.0.1 - - [16/Nov/2015:20:01:13 -0500] "GET /opensso/namingservice HTTP/1.1" 200 7 "-" "Java/1.5.0_21" 220 183
127.0.0.1 - - [16/Nov/2015:20:01:42 -0500] "GET /opensso/namingservice HTTP/1.1" 200 7 "-" "Java/1.5.0_21" 220 183
127.0.0.1 - - [16/Nov/2015:20:01:43 -0500] "GET /opensso/namingservice HTTP/1.1" 200 7 "-" "Java/1.5.0_21" 220 183
127.0.0.1 - - [16/Nov/2015:20:02:12 -0500] "GET /opensso/namingservice HTTP/1.1" 200 7 "-" "Java/1.5.0_21" 220 183
127.0.0.1 - - [16/Nov/2015:20:02:13 -0500] "GET /opensso/namingservice HTTP/1.1" 200 7 "-" "Java/1.5.0_21" 220 183
127.0.0.1 - - [16/Nov/2015:20:02:42 -0500] "GET /opensso/namingservice HTTP/1.1" 200 7 "-" "Java/1.5.0_21" 220 183
127.0.0.1 - - [16/Nov/2015:20:02:43 -0500] "GET /opensso/namingservice HTTP/1.1" 200 7 "-" "Java/1.5.0_21" 220 183
127.0.0.1 - - [16/Nov/2015:20:03:12 -0500] "GET /opensso/namingservice HTTP/1.1" 200 7 "-" "Java/1.5.0_21" 220 183
127.0.0.1 - - [16/Nov/2015:20:03:13 -0500] "GET /opensso/namingservice HTTP/1.1" 200 7 "-" "Java/1.5.0_21" 220 183
127.0.0.1 - - [16/Nov/2015:20:03:42 -0500] "GET /opensso/namingservice HTTP/1.1" 200 7 "-" "Java/1.5.0_21" 220 183
127.0.0.1 - - [16/Nov/2015:20:03:43 -0500] "GET /opensso/namingservice HTTP/1.1" 200 7 "-" "Java/1.5.0_21" 220 183
66.249.67.214 - - [16/Nov/2015:20:04:06 -0500] "GET /redmine/issues/gantt?month=9&months=6&year=2300&zoom=2 HTTP/1.1" 200 30902 "-" "Mozilla/5.0 (compatible; Googlebot/2.1; +http://www.google.com/bot.html)" 345 31591
127.0.0.1 - - [16/Nov/2015:20:04:12 -0500] "GET /opensso/namingservice HTTP/1.1" 200 7 "-" "Java/1.5.0_21" 220 183
127.0.0.1 - - [16/Nov/2015:20:04:13 -0500] "GET /opensso/namingservice HTTP/1.1" 200 7 "-" "Java/1.5.0_21" 220 183
189.148.109.118 - - [16/Nov/2015:20:04:15 -0500] "GET /lmmpmobile/config-1.0.json HTTP/1.1" 200 1338 "-" "Moon%20Tours/1.0.0 CFNetwork/758.1.6 Darwin/15.0.0" 217 1666
189.148.109.118 - - [16/Nov/2015:20:04:15 -0500] "GET /opensso/identity/isTokenValid HTTP/1.1" 200 14 "-" "Moon%20Tours/1.0.0 CFNetwork/758.1.6 Darwin/15.0.0" 229 172
189.148.109.118 - - [16/Nov/2015:20:04:15 -0500] "GET /opensso/UI/Login?module=Anonymous&org=appspub&goto=http%3A%2F%2Fpub.lmmp.nasa.gov%2Flmmpmobile%2Frefresh HTTP/1.1" 302 - "-" "Moon%20Tours/1.0.0 CFNetwork/758.1.6 Darwin/15.0.0" 304 932
189.148.109.118 - - [16/Nov/2015:20:04:16 -0500] "GET /lmmpmobile/refresh?iPlanetDirectoryPro=AQIC5wM2LY4Sfcwkh1tQyY3sfLG4xxZJzpN%2B2OeebGArvLI%3D%40AAJTSQACMDE%3D%23 HTTP/1.1" 200 - "-" "Moon%20Tours/1.0.0 CFNetwork/758.1.6 Darwin/15.0.0" 420 316
189.148.109.118 - - [16/Nov/2015:20:04:16 -0500] "GET /arcgis/rest/services/ERGraticule/MapServer?f=json HTTP/1.1" 200 697 "arcgisios" "ArcGISiOS-2.3.2/9.1/iPad4,7" 355 992
189.148.109.118 - - [16/Nov/2015:20:04:16 -0500] "GET /arcgis/rest/services/CombinedNomenclature/MapServer?f=json HTTP/1.1" 200 806 "arcgisios" "ArcGISiOS-2.3.2/9.1/iPad4,7" 364 1102
127.0.0.1 - - [16/Nov/2015:20:04:42 -0500] "GET /opensso/namingservice HTTP/1.1" 200 7 "-" "Java/1.5.0_21" 220 183
127.0.0.1 - - [16/Nov/2015:20:04:43 -0500] "GET /opensso/namingservice HTTP/1.1" 200 7 "-" "Java/1.5.0_21" 220 183
137.78.207.218 - - [16/Nov/2015:20:05:08 -0500] "HEAD /LMMPUI/LMMP_CLIENT/LMMP.html HTTP/1.1" 200 - "-" "curl/7.38.0" 110 274
127.0.0.1 - - [16/Nov/2015:20:05:12 -0500] "GET /opensso/namingservice HTTP/1.1" 200 7 "-" "Java/1.5.0_21" 220 183
127.0.0.1 - - [16/Nov/2015:20:05:13 -0500] "GET /opensso/namingservice HTTP/1.1" 200 7 "-" "Java/1.5.0_21" 220 183
127.0.0.1 - - [16/Nov/2015:20:05:42 -0500] "GET /opensso/namingservice HTTP/1.1" 200 7 "-" "Java/1.5.0_21" 220 183
127.0.0.1 - - [16/Nov/2015:20:05:43 -0500] "GET /opensso/namingservice HTTP/1.1" 200 7 "-" "Java/1.5.0_21" 220 183
127.0.0.1 - - [16/Nov/2015:20:06:12 -0500] "GET /opensso/namingservice HTTP/1.1" 200 7 "-" "Java/1.5.0_21" 220 183
127.0.0.1 - - [16/Nov/2015:20:06:13 -0500] "GET /opensso/namingservice HTTP/1.1" 200 7 "-" "Java/1.5.0_21" 220 183
127.0.0.1 - - [16/Nov/2015:20:06:42 -0500] "GET /opensso/namingservice HTTP/1.1" 200 7 "-" "Java/1.5.0_21" 220 183
127.0.0.1 - - [16/Nov/2015:20:06:43 -0500] "GET /opensso/namingservice HTTP/1.1" 200 7 "-" "Java/1.5.0_21" 220 183
127.0.0.1 - - [16/Nov/2015:20:07:12 -0500] "GET /opensso/namingservice HTTP/1.1" 200 7 "-" "Java/1.5.0_21" 220 183
127.0.0.1 - - [16/Nov/2015:20:07:13 -0500] "GET /opensso/namingservice HTTP/1.1" 200 7 "-" "Java/1.5.0_21" 220 183
127.0.0.1 - - [16/Nov/2015:20:07:42 -0500] "GET /opensso/namingservice HTTP/1.1" 200 7 "-" "Java/1.5.0_21" 220 183
127.0.0.1 - - [16/Nov/2015:20:07:43 -0500] "GET /opensso/namingservice HTTP/1.1" 200 7 "-" "Java/1.5.0_21" 220 183
66.249.66.99 - - [16/Nov/2015:20:07:53 -0500] "GET /redmine/activity?from=1985-02-23&show_news=1&user_id=1 HTTP/1.1" 200 5677 "-" "Mozilla/5.0 (compatible; Googlebot/2.1; +http://www.google.com/bot.html)" 659 10328
127.0.0.1 - - [16/Nov/2015:20:08:12 -0500] "GET /opensso/namingservice HTTP/1.1" 200 7 "-" "Java/1.5.0_21" 220 183
127.0.0.1 - - [16/Nov/2015:20:08:13 -0500] "GET /opensso/namingservice HTTP/1.1" 200 7 "-" "Java/1.5.0_21" 220 183
127.0.0.1 - - [16/Nov/2015:20:08:42 -0500] "GET /opensso/namingservice HTTP/1.1" 200 7 "-" "Java/1.5.0_21" 220 183
127.0.0.1 - - [16/Nov/2015:20:08:43 -0500] "GET /opensso/namingservice HTTP/1.1" 200 7 "-" "Java/1.5.0_21" 220 183
127.0.0.1 - - [16/Nov/2015:20:09:12 -0500] "GET /opensso/namingservice HTTP/1.1" 200 7 "-" "Java/1.5.0_21" 220 183
127.0.0.1 - - [16/Nov/2015:20:09:13 -0500] "GET /opensso/namingservice HTTP/1.1" 200 7 "-" "Java/1.5.0_21" 220 183
127.0.0.1 - - [16/Nov/2015:20:09:42 -0500] "GET /opensso/namingservice HTTP/1.1" 200 7 "-" "Java/1.5.0_21" 220 183
127.0.0.1 - - [16/Nov/2015:20:09:43 -0500] "GET /opensso/namingservice HTTP/1.1" 200 7 "-" "Java/1.5.0_21" 220 183
137.78.207.218 - - [16/Nov/2015:20:10:08 -0500] "HEAD /LMMPUI/LMMP_CLIENT/LMMP.html HTTP/1.1" 200 - "-" "curl/7.38.0" 110 274
127.0.0.1 - - [16/Nov/2015:20:10:12 -0500] "GET /opensso/namingservice HTTP/1.1" 200 7 "-" "Java/1.5.0_21" 220 183
127.0.0.1 - - [16/Nov/2015:20:10:13 -0500] "GET /opensso/namingservice HTTP/1.1" 200 7 "-" "Java/1.5.0_21" 220 183
127.0.0.1 - - [16/Nov/2015:20:10:42 -0500] "GET /opensso/namingservice HTTP/1.1" 200 7 "-" "Java/1.5.0_21" 220 183
127.0.0.1 - - [16/Nov/2015:20:10:43 -0500] "GET /opensso/namingservice HTTP/1.1" 200 7 "-" "Java/1.5.0_21" 220 183
127.0.0.1 - - [16/Nov/2015:20:11:12 -0500] "GET /opensso/namingservice HTTP/1.1" 200 7 "-" "Java/1.5.0_21" 220 183
127.0.0.1 - - [16/Nov/2015:20:11:13 -0500] "GET /opensso/namingservice HTTP/1.1" 200 7 "-" "Java/1.5.0_21" 220 183
66.249.66.101 - - [16/Nov/2015:20:11:40 -0500] "GET /redmine/activity?from=1985-01-24&show_news=1&user_id=1 HTTP/1.1" 200 5677 "-" "Mozilla/5.0 (compatible; Googlebot/2.1; +http://www.google.com/bot.html)" 659 10328
127.0.0.1 - - [16/Nov/2015:20:11:42 -0500] "GET /opensso/namingservice HTTP/1.1" 200 7 "-" "Java/1.5.0_21" 220 183
127.0.0.1 - - [16/Nov/2015:20:11:43 -0500] "GET /opensso/namingservice HTTP/1.1" 200 7 "-" "Java/1.5.0_21" 220 183
127.0.0.1 - - [16/Nov/2015:20:12:12 -0500] "GET /opensso/namingservice HTTP/1.1" 200 7 "-" "Java/1.5.0_21" 220 183
127.0.0.1 - - [16/Nov/2015:20:12:13 -0500] "GET /opensso/namingservice HTTP/1.1" 200 7 "-" "Java/1.5.0_21" 220 183
127.0.0.1 - - [16/Nov/2015:20:12:42 -0500] "GET /opensso/namingservice HTTP/1.1" 200 7 "-" "Java/1.5.0_21" 220 183
127.0.0.1 - - [16/Nov/2015:20:12:43 -0500] "GET /opensso/namingservice HTTP/1.1" 200 7 "-" "Java/1.5.0_21" 220 183
127.0.0.1 - - [16/Nov/2015:20:13:12 -0500] "GET /opensso/namingservice HTTP/1.1" 200 7 "-" "Java/1.5.0_21" 220 183
127.0.0.1 - - [16/Nov/2015:20:13:13 -0500] "GET /opensso/namingservice HTTP/1.1" 200 7 "-" "Java/1.5.0_21" 220 183
127.0.0.1 - - [16/Nov/2015:20:13:42 -0500] "GET /opensso/namingservice HTTP/1.1" 200 7 "-" "Java/1.5.0_21" 220 183
127.0.0.1 - - [16/Nov/2015:20:13:43 -0500] "GET /opensso/namingservice HTTP/1.1" 200 7 "-" "Java/1.5.0_21" 220 183
127.0.0.1 - - [16/Nov/2015:20:14:12 -0500] "GET /opensso/namingservice HTTP/1.1" 200 7 "-" "Java/1.5.0_21" 220 183
127.0.0.1 - - [16/Nov/2015:20:14:13 -0500] "GET /opensso/namingservice HTTP/1.1" 200 7 "-" "Java/1.5.0_21" 220 183
127.0.0.1 - - [16/Nov/2015:20:14:42 -0500] "GET /opensso/namingservice HTTP/1.1" 200 7 "-" "Java/1.5.0_21" 220 183
127.0.0.1 - - [16/Nov/2015:20:14:43 -0500] "GET /opensso/namingservice HTTP/1.1" 200 7 "-" "Java/1.5.0_21" 220 183
137.78.207.218 - - [16/Nov/2015:20:15:08 -0500] "HEAD /LMMPUI/LMMP_CLIENT/LMMP.html HTTP/1.1" 200 - "-" "curl/7.38.0" 110 274
127.0.0.1 - - [16/Nov/2015:20:15:12 -0500] "GET /opensso/namingservice HTTP/1.1" 200 7 "-" "Java/1.5.0_21" 220 183
127.0.0.1 - - [16/Nov/2015:20:15:13 -0500] "GET /opensso/namingservice HTTP/1.1" 200 7 "-" "Java/1.5.0_21" 220 183
66.249.66.97 - - [16/Nov/2015:20:15:27 -0500] "GET /redmine/activity?from=1984-12-25&show_news=1&user_id=1 HTTP/1.1" 200 5677 "-" "Mozilla/5.0 (compatible; Googlebot/2.1; +http://www.google.com/bot.html)" 659 10328
127.0.0.1 - - [16/Nov/2015:20:15:42 -0500] "GET /opensso/namingservice HTTP/1.1" 200 7 "-" "Java/1.5.0_21" 220 183
127.0.0.1 - - [16/Nov/2015:20:15:43 -0500] "GET /opensso/namingservice HTTP/1.1" 200 7 "-" "Java/1.5.0_21" 220 183
127.0.0.1 - - [16/Nov/2015:20:16:12 -0500] "GET /opensso/namingservice HTTP/1.1" 200 7 "-" "Java/1.5.0_21" 220 183
127.0.0.1 - - [16/Nov/2015:20:16:13 -0500] "POST /opensso/sessionservice HTTP/1.1" 200 2025 "-" "Java/1.5.0_21" 714 2203
127.0.0.1 - - [16/Nov/2015:20:16:13 -0500] "GET /opensso/identity//xml/read?name=TomcatApps3&attributes_names=realm&attributes_values_realm=%2Fappspub&attributes_names=objecttype&attributes_values_objecttype=Agent&admin=AQIC5wM2LY4Sfcwfuin4GF3PcpsYz2%2Bb0KEYXSwMUvZPjqA%3D%40AAJTSQACMDE%3D%23 HTTP/1.1" 200 13732 "-" "Java/1.5.0_21" 442 13916
127.0.0.1 - - [16/Nov/2015:20:16:13 -0500] "GET /opensso/namingservice HTTP/1.1" 200 7 "-" "Java/1.5.0_21" 220 182
127.0.0.1 - - [16/Nov/2015:20:16:42 -0500] "GET /opensso/namingservice HTTP/1.1" 200 7 "-" "Java/1.5.0_21" 220 183
127.0.0.1 - - [16/Nov/2015:20:16:43 -0500] "GET /opensso/namingservice HTTP/1.1" 200 7 "-" "Java/1.5.0_21" 220 183
127.0.0.1 - - [16/Nov/2015:20:17:12 -0500] "GET /opensso/namingservice HTTP/1.1" 200 7 "-" "Java/1.5.0_21" 220 183
127.0.0.1 - - [16/Nov/2015:20:17:13 -0500] "GET /opensso/namingservice HTTP/1.1" 200 7 "-" "Java/1.5.0_21" 220 183
127.0.0.1 - - [16/Nov/2015:20:17:42 -0500] "GET /opensso/namingservice HTTP/1.1" 200 7 "-" "Java/1.5.0_21" 220 183
127.0.0.1 - - [16/Nov/2015:20:17:43 -0500] "GET /opensso/namingservice HTTP/1.1" 200 7 "-" "Java/1.5.0_21" 220 183
127.0.0.1 - - [16/Nov/2015:20:18:12 -0500] "GET /opensso/namingservice HTTP/1.1" 200 7 "-" "Java/1.5.0_21" 220 183
127.0.0.1 - - [16/Nov/2015:20:18:13 -0500] "GET /opensso/namingservice HTTP/1.1" 200 7 "-" "Java/1.5.0_21" 220 183
127.0.0.1 - - [16/Nov/2015:20:18:42 -0500] "GET /opensso/namingservice HTTP/1.1" 200 7 "-" "Java/1.5.0_21" 220 183
127.0.0.1 - - [16/Nov/2015:20:18:43 -0500] "GET /opensso/namingservice HTTP/1.1" 200 7 "-" "Java/1.5.0_21" 220 183
127.0.0.1 - - [16/Nov/2015:20:19:12 -0500] "GET /opensso/namingservice HTTP/1.1" 200 7 "-" "Java/1.5.0_21" 220 183
127.0.0.1 - - [16/Nov/2015:20:19:13 -0500] "GET /opensso/namingservice HTTP/1.1" 200 7 "-" "Java/1.5.0_21" 220 183
66.249.67.206 - - [16/Nov/2015:20:19:14 -0500] "GET /redmine/issues/gantt?month=3&months=6&year=1238&zoom=2 HTTP/1.1" 200 30902 "-" "Mozilla/5.0 (compatible; Googlebot/2.1; +http://www.google.com/bot.html)" 345 31591
93.174.93.218 - - [16/Nov/2015:20:19:31 -0500] "GET http://httpheader.net HTTP/1.1" 302 234 "-" "Mozilla/5.0 (Windows; U; Windows NT 6.1; en-US; rv:1.9.2.28) Gecko/20120306 Firefox/3.6.28 (.NET CLR 3.5.30729)" 444 481
93.174.93.218 - - [16/Nov/2015:20:19:31 -0500] "GET http://httpheader.net/LMMPUI/LMMP_CLIENT/LMMP.html HTTP/1.1" 200 9400 "http://httpheader.net" "Mozilla/5.0 (Windows; U; Windows NT 6.1; en-US; rv:1.9.2.28) Gecko/20120306 Firefox/3.6.28 (.NET CLR 3.5.30729)" 505 9674
127.0.0.1 - - [16/Nov/2015:20:19:42 -0500] "GET /opensso/namingservice HTTP/1.1" 200 7 "-" "Java/1.5.0_21" 220 183
127.0.0.1 - - [16/Nov/2015:20:19:43 -0500] "GET /opensso/namingservice HTTP/1.1" 200 7 "-" "Java/1.5.0_21" 220 183
137.78.207.218 - - [16/Nov/2015:20:20:08 -0500] "HEAD /LMMPUI/LMMP_CLIENT/LMMP.html HTTP/1.1" 200 - "-" "curl/7.38.0" 110 274
127.0.0.1 - - [16/Nov/2015:20:20:12 -0500] "GET /opensso/namingservice HTTP/1.1" 200 7 "-" "Java/1.5.0_21" 220 183
127.0.0.1 - - [16/Nov/2015:20:20:13 -0500] "GET /opensso/namingservice HTTP/1.1" 200 7 "-" "Java/1.5.0_21" 220 183
157.55.39.117 - - [16/Nov/2015:20:20:14 -0500] "GET /redmine/projects/lmmpwiki/news.atom HTTP/1.1" 200 13366 "-" "Mozilla/5.0 (compatible; bingbot/2.0; +http://www.bing.com/bingbot.htm)" 275 13858
127.0.0.1 - - [16/Nov/2015:20:20:42 -0500] "GET /opensso/namingservice HTTP/1.1" 200 7 "-" "Java/1.5.0_21" 220 183
127.0.0.1 - - [16/Nov/2015:20:20:43 -0500] "GET /opensso/namingservice HTTP/1.1" 200 7 "-" "Java/1.5.0_21" 220 183
69.236.76.217 - - [16/Nov/2015:20:20:56 -0500] "GET /opensso/identity/isTokenValid HTTP/1.1" 200 14 "-" "Moon%20Tours/1.0.0 CFNetwork/711.3.18 Darwin/14.0.0" 339 172
69.236.76.217 - - [16/Nov/2015:20:20:56 -0500] "GET /opensso/UI/Login?module=Anonymous&org=appspub&goto=http%3A%2F%2Fpub.lmmp.nasa.gov%2Flmmpmobile%2Frefresh HTTP/1.1" 302 - "-" "Moon%20Tours/1.0.0 CFNetwork/711.3.18 Darwin/14.0.0" 414 936
69.236.76.217 - - [16/Nov/2015:20:20:56 -0500] "GET /lmmpmobile/refresh?iPlanetDirectoryPro=AQIC5wM2LY4SfcxfQjNzzyOxxw6S%2Fc2dDfHf4%2F9r%2BddEoOk%3D%40AAJTSQACMDE%3D%23 HTTP/1.1" 200 - "-" "Moon%20Tours/1.0.0 CFNetwork/711.3.18 Darwin/14.0.0" 425 316
127.0.0.1 - - [16/Nov/2015:20:21:12 -0500] "GET /opensso/namingservice HTTP/1.1" 200 7 "-" "Java/1.5.0_21" 220 183
127.0.0.1 - - [16/Nov/2015:20:21:13 -0500] "GET /opensso/namingservice HTTP/1.1" 200 7 "-" "Java/1.5.0_21" 220 183
127.0.0.1 - - [16/Nov/2015:20:21:42 -0500] "GET /opensso/namingservice HTTP/1.1" 200 7 "-" "Java/1.5.0_21" 220 183
127.0.0.1 - - [16/Nov/2015:20:21:43 -0500] "GET /opensso/namingservice HTTP/1.1" 200 7 "-" "Java/1.5.0_21" 220 183
69.236.76.217 - - [16/Nov/2015:20:21:43 -0500] "GET /arcgis/rest/services/CombinedNomenclature/MapServer/export?bboxSR=104903&dpi=132&size=1024,748&transparent=true&format=png&bbox=30.01669270,-17.50531436,53.39756432,-0.42631830&f=image&imageSR=104903 HTTP/1.1" 200 11131 "arcgisios" "ArcGISiOS-2.3.2/8.3/iPad3,1" 505 11420
69.236.76.217 - - [16/Nov/2015:20:21:53 -0500] "GET /arcgis/rest/services/CombinedNomenclature/MapServer/export?bboxSR=104903&dpi=132&size=1024,748&transparent=true&format=png&bbox=38.54979712,-10.74964403,44.08359569,-6.70737711&f=image&imageSR=104903 HTTP/1.1" 200 8039 "arcgisios" "ArcGISiOS-2.3.2/8.3/iPad3,1" 505 8329
69.236.76.217 - - [16/Nov/2015:20:21:44 -0500] "GET /arcgis/rest/services/CombinedNomenclature/MapServer/export?bboxSR=104903&dpi=132&size=1024,748&transparent=true&format=png&bbox=40.58212851,-9.78759367,42.83212851,-8.14403898&f=image&imageSR=104903 HTTP/1.1" 200 3791 "arcgisios" "ArcGISiOS-2.3.2/8.3/iPad3,1" 504 4080
69.236.76.217 - - [16/Nov/2015:20:21:57 -0500] "GET /arcgis/rest/services/CombinedNomenclature/MapServer/export?bboxSR=104903&dpi=132&size=1024,748&transparent=true&format=png&bbox=33.70279417,-13.04689569,45.99632174,-4.06685797&f=image&imageSR=104903 HTTP/1.1" 200 10550 "arcgisios" "ArcGISiOS-2.3.2/8.3/iPad3,1" 505 10838
69.236.76.217 - - [16/Nov/2015:20:22:01 -0500] "GET /arcgis/rest/services/CombinedNomenclature/MapServer/export?bboxSR=104903&dpi=132&size=1024,748&transparent=true&format=png&bbox=35.67926886,-12.90369864,47.97279643,-3.92366093&f=image&imageSR=104903 HTTP/1.1" 200 8669 "arcgisios" "ArcGISiOS-2.3.2/8.3/iPad3,1" 505 8958
69.236.76.217 - - [16/Nov/2015:20:22:04 -0500] "GET /arcgis/rest/services/CombinedNomenclature/MapServer/export?bboxSR=104903&dpi=132&size=1024,748&transparent=true&format=png&bbox=29.48698785,-15.78949067,51.46127230,0.26203742&f=image&imageSR=104903 HTTP/1.1" 200 9424 "arcgisios" "ArcGISiOS-2.3.2/8.3/iPad3,1" 504 9713
69.236.76.217 - - [16/Nov/2015:20:22:10 -0500] "GET /arcgis/rest/services/CombinedNomenclature/MapServer/export?bboxSR=104903&dpi=132&size=1024,748&transparent=true&format=png&bbox=31.60189171,-17.03529442,53.57617616,-0.98376632&f=image&imageSR=104903 HTTP/1.1" 200 10414 "arcgisios" "ArcGISiOS-2.3.2/8.3/iPad3,1" 505 10704
127.0.0.1 - - [16/Nov/2015:20:22:12 -0500] "GET /opensso/namingservice HTTP/1.1" 200 7 "-" "Java/1.5.0_21" 220 183
127.0.0.1 - - [16/Nov/2015:20:22:13 -0500] "GET /opensso/namingservice HTTP/1.1" 200 7 "-" "Java/1.5.0_21" 220 183
69.236.76.217 - - [16/Nov/2015:20:22:28 -0500] "GET /arcgis/rest/services/CombinedNomenclature/MapServer/export?bboxSR=104903&dpi=132&size=1024,748&transparent=true&format=png&bbox=25.58327119,-21.19386365,58.12215018,2.57477062&f=image&imageSR=104903 HTTP/1.1" 200 16733 "arcgisios" "ArcGISiOS-2.3.2/8.3/iPad3,1" 504 17022
127.0.0.1 - - [16/Nov/2015:20:22:42 -0500] "GET /opensso/namingservice HTTP/1.1" 200 7 "-" "Java/1.5.0_21" 220 183
127.0.0.1 - - [16/Nov/2015:20:22:43 -0500] "GET /opensso/namingservice HTTP/1.1" 200 7 "-" "Java/1.5.0_21" 220 183
66.249.66.99 - - [16/Nov/2015:20:23:01 -0500] "GET /redmine/activity?from=1984-11-25&show_news=1&user_id=1 HTTP/1.1" 200 5677 "-" "Mozilla/5.0 (compatible; Googlebot/2.1; +http://www.google.com/bot.html)" 659 10328
127.0.0.1 - - [16/Nov/2015:20:23:12 -0500] "GET /opensso/namingservice HTTP/1.1" 200 7 "-" "Java/1.5.0_21" 220 183
127.0.0.1 - - [16/Nov/2015:20:23:13 -0500] "GET /opensso/namingservice HTTP/1.1" 200 7 "-" "Java/1.5.0_21" 220 183
127.0.0.1 - - [16/Nov/2015:20:23:42 -0500] "GET /opensso/namingservice HTTP/1.1" 200 7 "-" "Java/1.5.0_21" 220 183
127.0.0.1 - - [16/Nov/2015:20:23:43 -0500] "GET /opensso/namingservice HTTP/1.1" 200 7 "-" "Java/1.5.0_21" 220 183
127.0.0.1 - - [16/Nov/2015:20:24:12 -0500] "GET /opensso/namingservice HTTP/1.1" 200 7 "-" "Java/1.5.0_21" 220 183
127.0.0.1 - - [16/Nov/2015:20:24:13 -0500] "GET /opensso/namingservice HTTP/1.1" 200 7 "-" "Java/1.5.0_21" 220 183
127.0.0.1 - - [16/Nov/2015:20:24:42 -0500] "POST /opensso/sessionservice HTTP/1.1" 200 2025 "-" "Java/1.5.0_21" 714 2203
127.0.0.1 - - [16/Nov/2015:20:24:42 -0500] "GET /opensso/identity//xml/read?name=TomcatApps1&attributes_names=realm&attributes_values_realm=%2Fappspub&attributes_names=objecttype&attributes_values_objecttype=Agent&admin=AQIC5wM2LY4SfcyRautyD4RKpwbzv6XrE24fIq8LDPQGnm0%3D%40AAJTSQACMDE%3D%23 HTTP/1.1" 200 13607 "-" "Java/1.5.0_21" 440 13791
127.0.0.1 - - [16/Nov/2015:20:24:42 -0500] "GET /opensso/namingservice HTTP/1.1" 200 7 "-" "Java/1.5.0_21" 220 182
127.0.0.1 - - [16/Nov/2015:20:24:43 -0500] "GET /opensso/namingservice HTTP/1.1" 200 7 "-" "Java/1.5.0_21" 220 183
137.78.207.218 - - [16/Nov/2015:20:25:07 -0500] "HEAD /LMMPUI/LMMP_CLIENT/LMMP.html HTTP/1.1" 200 - "-" "curl/7.38.0" 110 274
127.0.0.1 - - [16/Nov/2015:20:25:12 -0500] "GET /opensso/namingservice HTTP/1.1" 200 7 "-" "Java/1.5.0_21" 220 183
127.0.0.1 - - [16/Nov/2015:20:25:13 -0500] "GET /opensso/namingservice HTTP/1.1" 200 7 "-" "Java/1.5.0_21" 220 183
69.236.76.217 - - [16/Nov/2015:20:25:27 -0500] "GET /opensso/identity/isTokenValid HTTP/1.1" 200 13 "-" "Moon%20Tours/1.0.0 CFNetwork/711.3.18 Darwin/14.0.0" 339 171
127.0.0.1 - - [16/Nov/2015:20:25:42 -0500] "GET /opensso/namingservice HTTP/1.1" 200 7 "-" "Java/1.5.0_21" 220 183
127.0.0.1 - - [16/Nov/2015:20:25:43 -0500] "GET /opensso/namingservice HTTP/1.1" 200 7 "-" "Java/1.5.0_21" 220 183
127.0.0.1 - - [16/Nov/2015:20:26:12 -0500] "GET /opensso/namingservice HTTP/1.1" 200 7 "-" "Java/1.5.0_21" 220 183
127.0.0.1 - - [16/Nov/2015:20:26:13 -0500] "GET /opensso/namingservice HTTP/1.1" 200 7 "-" "Java/1.5.0_21" 220 183
127.0.0.1 - - [16/Nov/2015:20:26:42 -0500] "GET /opensso/namingservice HTTP/1.1" 200 7 "-" "Java/1.5.0_21" 220 183
127.0.0.1 - - [16/Nov/2015:20:26:43 -0500] "GET /opensso/namingservice HTTP/1.1" 200 7 "-" "Java/1.5.0_21" 220 183
66.249.66.99 - - [16/Nov/2015:20:26:48 -0500] "GET /redmine/activity?from=1984-10-26&show_news=1&user_id=1 HTTP/1.1" 200 5677 "-" "Mozilla/5.0 (compatible; Googlebot/2.1; +http://www.google.com/bot.html)" 659 10328
127.0.0.1 - - [16/Nov/2015:20:27:12 -0500] "GET /opensso/namingservice HTTP/1.1" 200 7 "-" "Java/1.5.0_21" 220 183
127.0.0.1 - - [16/Nov/2015:20:27:13 -0500] "GET /opensso/namingservice HTTP/1.1" 200 7 "-" "Java/1.5.0_21" 220 183
127.0.0.1 - - [16/Nov/2015:20:27:42 -0500] "GET /opensso/namingservice HTTP/1.1" 200 7 "-" "Java/1.5.0_21" 220 183
127.0.0.1 - - [16/Nov/2015:20:27:43 -0500] "GET /opensso/namingservice HTTP/1.1" 200 7 "-" "Java/1.5.0_21" 220 183
127.0.0.1 - - [16/Nov/2015:20:28:12 -0500] "GET /opensso/namingservice HTTP/1.1" 200 7 "-" "Java/1.5.0_21" 220 183
127.0.0.1 - - [16/Nov/2015:20:28:13 -0500] "GET /opensso/namingservice HTTP/1.1" 200 7 "-" "Java/1.5.0_21" 220 183
127.0.0.1 - - [16/Nov/2015:20:28:42 -0500] "GET /opensso/namingservice HTTP/1.1" 200 7 "-" "Java/1.5.0_21" 220 183
127.0.0.1 - - [16/Nov/2015:20:28:43 -0500] "GET /opensso/namingservice HTTP/1.1" 200 7 "-" "Java/1.5.0_21" 220 183
127.0.0.1 - - [16/Nov/2015:20:29:12 -0500] "GET /opensso/namingservice HTTP/1.1" 200 7 "-" "Java/1.5.0_21" 220 183
127.0.0.1 - - [16/Nov/2015:20:29:13 -0500] "GET /opensso/namingservice HTTP/1.1" 200 7 "-" "Java/1.5.0_21" 220 183
127.0.0.1 - - [16/Nov/2015:20:29:42 -0500] "GET /opensso/namingservice HTTP/1.1" 200 7 "-" "Java/1.5.0_21" 220 183
127.0.0.1 - - [16/Nov/2015:20:29:43 -0500] "GET /opensso/namingservice HTTP/1.1" 200 7 "-" "Java/1.5.0_21" 220 183
137.79.243.35 - - [16/Nov/2015:20:29:45 -0500] "GET /LMMPUI/LMMP_CLIENT/LMMP.html HTTP/1.1" 200 9400 "-" "Mozilla/5.0 (Windows NT 6.3; WOW64; rv:42.0) Gecko/20100101 Firefox/42.0" 667 9730
137.79.243.35 - - [16/Nov/2015:20:29:46 -0500] "GET /LMMPUI/LMMP_CLIENT/history/history.css HTTP/1.1" 200 365 "http://pub.lmmp.nasa.gov/LMMPUI/LMMP_CLIENT/LMMP.html" "Mozilla/5.0 (Windows NT 6.3; WOW64; rv:42.0) Gecko/20100101 Firefox/42.0" 696 691
137.79.243.35 - - [16/Nov/2015:20:29:46 -0500] "GET /LMMPUI/LMMP_CLIENT/history/history.js HTTP/1.1" 200 24650 "http://pub.lmmp.nasa.gov/LMMPUI/LMMP_CLIENT/LMMP.html" "Mozilla/5.0 (Windows NT 6.3; WOW64; rv:42.0) Gecko/20100101 Firefox/42.0" 680 24988
137.79.243.35 - - [16/Nov/2015:20:29:46 -0500] "GET /LMMPUI/LMMP_CLIENT/swfobject.js HTTP/1.1" 200 25574 "http://pub.lmmp.nasa.gov/LMMPUI/LMMP_CLIENT/LMMP.html" "Mozilla/5.0 (Windows NT 6.3; WOW64; rv:42.0) Gecko/20100101 Firefox/42.0" 674 25912
137.79.243.35 - - [16/Nov/2015:20:29:50 -0500] "GET /LMMPUI/LMMP_CLIENT/LMMP_WB.swf HTTP/1.1" 200 972505 "http://pub.lmmp.nasa.gov/LMMPUI/LMMP_CLIENT/LMMP.html" "Mozilla/5.0 (Windows NT 6.3; WOW64; rv:42.0) Gecko/20100101 Firefox/42.0" 733 972858
137.79.243.35 - - [16/Nov/2015:20:30:00 -0500] "GET /favicon.ico HTTP/1.1" 404 209 "-" "Mozilla/5.0 (Windows NT 6.3; WOW64; rv:42.0) Gecko/20100101 Firefox/42.0" 658 454
137.79.243.35 - - [16/Nov/2015:20:30:00 -0500] "GET /favicon.ico HTTP/1.1" 404 209 "-" "Mozilla/5.0 (Windows NT 6.3; WOW64; rv:42.0) Gecko/20100101 Firefox/42.0" 658 453
137.79.243.35 - - [16/Nov/2015:20:30:01 -0500] "GET /LMMPUI/LMMP_CLIENT/assets/image/background.jpg HTTP/1.1" 200 69719 "http://pub.lmmp.nasa.gov/LMMPUI/LMMP_CLIENT/LMMP_WB.swf" "Mozilla/5.0 (Windows NT 6.3; WOW64; rv:42.0) Gecko/20100101 Firefox/42.0" 759 70051
137.79.243.35 - - [16/Nov/2015:20:30:03 -0500] "GET /LMMPUI/LMMP_CLIENT/assets/image/space.jpg HTTP/1.1" 200 25415 "http://pub.lmmp.nasa.gov/LMMPUI/LMMP_CLIENT/LMMP_WB.swf" "Mozilla/5.0 (Windows NT 6.3; WOW64; rv:42.0) Gecko/20100101 Firefox/42.0" 754 25747
137.79.243.35 - - [16/Nov/2015:20:30:03 -0500] "GET /LMMPUI/LMMP_CLIENT/config/config.xml?1447723809226 HTTP/1.1" 200 12261 "http://pub.lmmp.nasa.gov/LMMPUI/LMMP_CLIENT/LMMP_WB.swf" "Mozilla/5.0 (Windows NT 6.3; WOW64; rv:42.0) Gecko/20100101 Firefox/42.0" 763 12598
137.79.243.35 - - [16/Nov/2015:20:30:03 -0500] "GET /LMMPUI/LMMP_CLIENT/config/ldap.xml HTTP/1.1" 200 492 "http://pub.lmmp.nasa.gov/LMMPUI/LMMP_CLIENT/LMMP_WB.swf" "Mozilla/5.0 (Windows NT 6.3; WOW64; rv:42.0) Gecko/20100101 Firefox/42.0" 747 826
137.79.243.35 - - [16/Nov/2015:20:30:03 -0500] "GET /LMMPUI/LMMP_CLIENT/config/helpLinks.xml HTTP/1.1" 200 927 "http://pub.lmmp.nasa.gov/LMMPUI/LMMP_CLIENT/LMMP_WB.swf" "Mozilla/5.0 (Windows NT 6.3; WOW64; rv:42.0) Gecko/20100101 Firefox/42.0" 752 1261
137.79.243.35 - - [16/Nov/2015:20:30:03 -0500] "GET /LMMPUI/LMMP_CLIENT/assets/image/NASA_logo.png HTTP/1.1" 200 14512 "http://pub.lmmp.nasa.gov/LMMPUI/LMMP_CLIENT/LMMP_WB.swf" "Mozilla/5.0 (Windows NT 6.3; WOW64; rv:42.0) Gecko/20100101 Firefox/42.0" 758 14844
137.79.243.35 - - [16/Nov/2015:20:30:03 -0500] "GET /LMMPUI/LMMP_CLIENT/homepage/features.xml?v=1447723809562 HTTP/1.1" 200 1611 "http://pub.lmmp.nasa.gov/LMMPUI/LMMP_CLIENT/LMMP_WB.swf" "Mozilla/5.0 (Windows NT 6.3; WOW64; rv:42.0) Gecko/20100101 Firefox/42.0" 769 1947
127.0.0.1 - - [16/Nov/2015:20:30:04 -0500] "POST /opensso/sessionservice HTTP/1.1" 200 2019 "-" "Java/1.5.0_21" 714 2197
127.0.0.1 - - [16/Nov/2015:20:30:04 -0500] "GET /openssorest/token/localldap HTTP/1.1" 200 62 "-" "Java/1.5.0_21" 277 239
137.79.243.35 - - [16/Nov/2015:20:30:04 -0500] "GET /LMMPUI/rest/proxy/proxyService?cs=bG1tcGd1ZXN0fGd1ZXN0bG1tcHxodHRwOi8vcHViLmxtbXAubmFzYS5nb3Yvb3BlbnNzb3Jlc3QvdG9rZW4vbG9jYWxsZGFw HTTP/1.1" 200 63 "http://pub.lmmp.nasa.gov/LMMPUI/LMMP_CLIENT/LMMP_WB.swf" "Mozilla/5.0 (Windows NT 6.3; WOW64; rv:42.0) Gecko/20100101 Firefox/42.0" 843 238
127.0.0.1 - - [16/Nov/2015:20:30:04 -0500] "POST /opensso/sessionservice HTTP/1.1" 200 415 "-" "Java/1.5.0_21" 819 592
137.79.243.35 - - [16/Nov/2015:20:30:04 -0500] "POST /openssorest/token/localldap HTTP/1.1" 200 62 "http://pub.lmmp.nasa.gov/LMMPUI/LMMP_CLIENT/LMMP_WB.swf/[[DYNAMIC]]/10" "Mozilla/5.0 (Windows NT 6.3; WOW64; rv:42.0) Gecko/20100101 Firefox/42.0" 887 397
137.79.243.35 - - [16/Nov/2015:20:30:04 -0500] "GET /opensso/identity/isTokenValid?iPlanetDirectoryPro=AQIC5wM2LY4SfcywUu72ujD7vob%2BJqaiYkO68443Zvp0Zeg%3D%40AAJTSQACMDE%3D%23 HTTP/1.1" 200 13 "http://pub.lmmp.nasa.gov/LMMPUI/LMMP_CLIENT/LMMP_WB.swf" "Mozilla/5.0 (Windows NT 6.3; WOW64; rv:42.0) Gecko/20100101 Firefox/42.0" 835 170
137.79.243.35 - - [16/Nov/2015:20:30:04 -0500] "GET /opensso/identity/isTokenValid?iPlanetDirectoryPro=AQIC5wM2LY4SfcywUu72ujD7vob%2BJqaiYkO68443Zvp0Zeg%3D%40AAJTSQACMDE%3D%23 HTTP/1.1" 200 13 "http://pub.lmmp.nasa.gov/LMMPUI/LMMP_CLIENT/LMMP_WB.swf" "Mozilla/5.0 (Windows NT 6.3; WOW64; rv:42.0) Gecko/20100101 Firefox/42.0" 835 170
137.79.243.35 - - [16/Nov/2015:20:30:05 -0500] "GET /opensso/identity/attributes?iPlanetDirectoryPro=AQIC5wM2LY4SfcywUu72ujD7vob%2BJqaiYkO68443Zvp0Zeg%3D%40AAJTSQACMDE%3D%23 HTTP/1.1" 200 981 "http://pub.lmmp.nasa.gov/LMMPUI/LMMP_CLIENT/LMMP_WB.swf" "Mozilla/5.0 (Windows NT 6.3; WOW64; rv:42.0) Gecko/20100101 Firefox/42.0" 833 1139
127.0.0.1 - - [16/Nov/2015:20:30:05 -0500] "POST /opensso/sessionservice HTTP/1.1" 200 2016 "-" "Java/1.5.0_21" 819 2194
127.0.0.1 - - [16/Nov/2015:20:30:05 -0500] "POST /opensso/policyservice HTTP/1.1" 200 9463 "-" "Java/1.5.0_21" 1119 9648
127.0.0.1 - - [16/Nov/2015:20:30:05 -0500] "POST /opensso/jaxrpc/SMSObjectIF HTTP/1.1" 200 505 "-" "Java/1.5.0_21" 847 766
127.0.0.1 - - [16/Nov/2015:20:30:05 -0500] "POST /opensso/jaxrpc/DirectoryManagerIF HTTP/1.1" 200 1290 "-" "Java/1.5.0_21" 1362 1551
137.79.243.35 - - [16/Nov/2015:20:30:05 -0500] "GET /LMMP/rest/dbxml/resources?iPlanetDirectoryPro=AQIC5wM2LY4SfcywUu72ujD7vob%2BJqaiYkO68443Zvp0Zeg%3D%40AAJTSQACMDE%3D%23 HTTP/1.1" 200 2827 "http://pub.lmmp.nasa.gov/LMMPUI/LMMP_CLIENT/LMMP_WB.swf" "Mozilla/5.0 (Windows NT 6.3; WOW64; rv:42.0) Gecko/20100101 Firefox/42.0" 831 3079
137.79.243.35 - - [16/Nov/2015:20:30:05 -0500] "GET /opensso/identity/isTokenValid?iPlanetDirectoryPro=AQIC5wM2LY4SfcywUu72ujD7vob%2BJqaiYkO68443Zvp0Zeg%3D%40AAJTSQACMDE%3D%23 HTTP/1.1" 200 13 "http://pub.lmmp.nasa.gov/LMMPUI/LMMP_CLIENT/LMMP_WB.swf" "Mozilla/5.0 (Windows NT 6.3; WOW64; rv:42.0) Gecko/20100101 Firefox/42.0" 835 170
137.79.243.35 - - [16/Nov/2015:20:30:05 -0500] "GET /opensso/identity/isTokenValid?iPlanetDirectoryPro=AQIC5wM2LY4SfcywUu72ujD7vob%2BJqaiYkO68443Zvp0Zeg%3D%40AAJTSQACMDE%3D%23 HTTP/1.1" 200 13 "http://pub.lmmp.nasa.gov/LMMPUI/LMMP_CLIENT/LMMP_WB.swf" "Mozilla/5.0 (Windows NT 6.3; WOW64; rv:42.0) Gecko/20100101 Firefox/42.0" 835 170
137.79.243.35 - - [16/Nov/2015:20:30:06 -0500] "GET /LMMPUI/LMMP_CLIENT/config/basemap.xml?iPlanetDirectoryPro=AQIC5wM2LY4SfcywUu72ujD7vob%2BJqaiYkO68443Zvp0Zeg%3D%40AAJTSQACMDE%3D%23 HTTP/1.1" 200 232 "http://pub.lmmp.nasa.gov/LMMPUI/LMMP_CLIENT/LMMP_WB.swf" "Mozilla/5.0 (Windows NT 6.3; WOW64; rv:42.0) Gecko/20100101 Firefox/42.0" 843 565
137.79.243.35 - - [16/Nov/2015:20:30:06 -0500] "GET /opensso/identity/isTokenValid?iPlanetDirectoryPro=AQIC5wM2LY4SfcywUu72ujD7vob%2BJqaiYkO68443Zvp0Zeg%3D%40AAJTSQACMDE%3D%23 HTTP/1.1" 200 13 "http://pub.lmmp.nasa.gov/LMMPUI/LMMP_CLIENT/LMMP_WB.swf" "Mozilla/5.0 (Windows NT 6.3; WOW64; rv:42.0) Gecko/20100101 Firefox/42.0" 835 170
137.79.243.35 - - [16/Nov/2015:20:30:06 -0500] "GET /LMMPUI/LMMP_CLIENT/config/npBasemap.xml?iPlanetDirectoryPro=AQIC5wM2LY4SfcywUu72ujD7vob%2BJqaiYkO68443Zvp0Zeg%3D%40AAJTSQACMDE%3D%23 HTTP/1.1" 200 178 "http://pub.lmmp.nasa.gov/LMMPUI/LMMP_CLIENT/LMMP_WB.swf" "Mozilla/5.0 (Windows NT 6.3; WOW64; rv:42.0) Gecko/20100101 Firefox/42.0" 845 511
137.79.243.35 - - [16/Nov/2015:20:30:06 -0500] "GET /LMMPUI/LMMP_CLIENT/config/spBasemap.xml?iPlanetDirectoryPro=AQIC5wM2LY4SfcywUu72ujD7vob%2BJqaiYkO68443Zvp0Zeg%3D%40AAJTSQACMDE%3D%23 HTTP/1.1" 200 178 "http://pub.lmmp.nasa.gov/LMMPUI/LMMP_CLIENT/LMMP_WB.swf" "Mozilla/5.0 (Windows NT 6.3; WOW64; rv:42.0) Gecko/20100101 Firefox/42.0" 845 511
137.79.243.35 - - [16/Nov/2015:20:30:06 -0500] "GET /opensso/identity/isTokenValid?iPlanetDirectoryPro=AQIC5wM2LY4SfcywUu72ujD7vob%2BJqaiYkO68443Zvp0Zeg%3D%40AAJTSQACMDE%3D%23 HTTP/1.1" 200 13 "http://pub.lmmp.nasa.gov/LMMPUI/LMMP_CLIENT/LMMP_WB.swf" "Mozilla/5.0 (Windows NT 6.3; WOW64; rv:42.0) Gecko/20100101 Firefox/42.0" 835 170
137.79.243.35 - - [16/Nov/2015:20:30:06 -0500] "GET /opensso/identity/isTokenValid?iPlanetDirectoryPro=AQIC5wM2LY4SfcywUu72ujD7vob%2BJqaiYkO68443Zvp0Zeg%3D%40AAJTSQACMDE%3D%23 HTTP/1.1" 200 13 "http://pub.lmmp.nasa.gov/LMMPUI/LMMP_CLIENT/LMMP_WB.swf" "Mozilla/5.0 (Windows NT 6.3; WOW64; rv:42.0) Gecko/20100101 Firefox/42.0" 835 170
127.0.0.1 - - [16/Nov/2015:20:30:06 -0500] "POST /opensso/jaxrpc/SMSObjectIF HTTP/1.1" 200 505 "-" "Java/1.5.0_21" 847 766
127.0.0.1 - - [16/Nov/2015:20:30:06 -0500] "POST /opensso/jaxrpc/DirectoryManagerIF HTTP/1.1" 200 1290 "-" "Java/1.5.0_21" 1362 1551
137.79.243.35 - - [16/Nov/2015:20:30:07 -0500] "GET /opensso/identity/isTokenValid?iPlanetDirectoryPro=AQIC5wM2LY4SfcywUu72ujD7vob%2BJqaiYkO68443Zvp0Zeg%3D%40AAJTSQACMDE%3D%23 HTTP/1.1" 200 13 "http://pub.lmmp.nasa.gov/LMMPUI/LMMP_CLIENT/LMMP_WB.swf" "Mozilla/5.0 (Windows NT 6.3; WOW64; rv:42.0) Gecko/20100101 Firefox/42.0" 835 170
127.0.0.1 - - [16/Nov/2015:20:30:07 -0500] "POST /opensso/jaxrpc/SMSObjectIF HTTP/1.1" 200 505 "-" "Java/1.5.0_21" 847 766
127.0.0.1 - - [16/Nov/2015:20:30:07 -0500] "POST /opensso/jaxrpc/DirectoryManagerIF HTTP/1.1" 200 1290 "-" "Java/1.5.0_21" 1362 1551
127.0.0.1 - - [16/Nov/2015:20:30:07 -0500] "POST /opensso/jaxrpc/SMSObjectIF HTTP/1.1" 200 505 "-" "Java/1.5.0_21" 847 766
127.0.0.1 - - [16/Nov/2015:20:30:07 -0500] "POST /opensso/jaxrpc/DirectoryManagerIF HTTP/1.1" 200 1290 "-" "Java/1.5.0_21" 1362 1551
137.79.243.35 - - [16/Nov/2015:20:30:06 -0500] "GET /LMMP/rest/dbxml/layers?proj=IAU2000:30118&visOnly=true&iPlanetDirectoryPro=AQIC5wM2LY4SfcywUu72ujD7vob%2BJqaiYkO68443Zvp0Zeg%3D%40AAJTSQACMDE%3D%23&sort=Mission%2Ctitle HTTP/1.1" 200 44040 "http://pub.lmmp.nasa.gov/LMMPUI/LMMP_CLIENT/LMMP_WB.swf" "Mozilla/5.0 (Windows NT 6.3; WOW64; rv:42.0) Gecko/20100101 Firefox/42.0" 934 44328
137.79.243.35 - - [16/Nov/2015:20:30:07 -0500] "GET /LMMP/rest/dbxml/layers?proj=IAU2000:30120&visOnly=true&iPlanetDirectoryPro=AQIC5wM2LY4SfcywUu72ujD7vob%2BJqaiYkO68443Zvp0Zeg%3D%40AAJTSQACMDE%3D%23&sort=Mission%2Ctitle HTTP/1.1" 200 46095 "http://pub.lmmp.nasa.gov/LMMPUI/LMMP_CLIENT/LMMP_WB.swf" "Mozilla/5.0 (Windows NT 6.3; WOW64; rv:42.0) Gecko/20100101 Firefox/42.0" 934 46384
137.78.207.218 - - [16/Nov/2015:20:30:08 -0500] "HEAD /LMMPUI/LMMP_CLIENT/LMMP.html HTTP/1.1" 200 - "-" "curl/7.38.0" 110 274
137.79.243.35 - - [16/Nov/2015:20:30:09 -0500] "GET /opensso/identity/isTokenValid?iPlanetDirectoryPro=AQIC5wM2LY4SfcywUu72ujD7vob%2BJqaiYkO68443Zvp0Zeg%3D%40AAJTSQACMDE%3D%23 HTTP/1.1" 200 13 "http://pub.lmmp.nasa.gov/LMMPUI/LMMP_CLIENT/LMMP_WB.swf" "Mozilla/5.0 (Windows NT 6.3; WOW64; rv:42.0) Gecko/20100101 Firefox/42.0" 835 170
127.0.0.1 - - [16/Nov/2015:20:30:09 -0500] "POST /opensso/jaxrpc/SMSObjectIF HTTP/1.1" 200 505 "-" "Java/1.5.0_21" 847 766
127.0.0.1 - - [16/Nov/2015:20:30:09 -0500] "POST /opensso/jaxrpc/DirectoryManagerIF HTTP/1.1" 200 1290 "-" "Java/1.5.0_21" 1362 1551
137.79.243.35 - - [16/Nov/2015:20:30:09 -0500] "GET /LMMP/rest/dbxml/layers/int?proj=IAU2000:30120&iPlanetDirectoryPro=AQIC5wM2LY4SfcywUu72ujD7vob%2BJqaiYkO68443Zvp0Zeg%3D%40AAJTSQACMDE%3D%23&sort=Mission%2Ctitle HTTP/1.1" 200 10832 "http://pub.lmmp.nasa.gov/LMMPUI/LMMP_CLIENT/LMMP_WB.swf" "Mozilla/5.0 (Windows NT 6.3; WOW64; rv:42.0) Gecko/20100101 Firefox/42.0" 925 11088
137.79.243.35 - - [16/Nov/2015:20:30:10 -0500] "GET /opensso/identity/isTokenValid?iPlanetDirectoryPro=AQIC5wM2LY4SfcywUu72ujD7vob%2BJqaiYkO68443Zvp0Zeg%3D%40AAJTSQACMDE%3D%23 HTTP/1.1" 200 13 "http://pub.lmmp.nasa.gov/LMMPUI/LMMP_CLIENT/LMMP_WB.swf" "Mozilla/5.0 (Windows NT 6.3; WOW64; rv:42.0) Gecko/20100101 Firefox/42.0" 835 170
127.0.0.1 - - [16/Nov/2015:20:30:10 -0500] "POST /opensso/jaxrpc/SMSObjectIF HTTP/1.1" 200 505 "-" "Java/1.5.0_21" 847 766
127.0.0.1 - - [16/Nov/2015:20:30:10 -0500] "POST /opensso/jaxrpc/DirectoryManagerIF HTTP/1.1" 200 1290 "-" "Java/1.5.0_21" 1362 1551
137.79.243.35 - - [16/Nov/2015:20:30:10 -0500] "GET /LMMP/rest/dbxml/layers/int?proj=IAU2000:30118&iPlanetDirectoryPro=AQIC5wM2LY4SfcywUu72ujD7vob%2BJqaiYkO68443Zvp0Zeg%3D%40AAJTSQACMDE%3D%23&sort=Mission%2Ctitle HTTP/1.1" 200 9742 "http://pub.lmmp.nasa.gov/LMMPUI/LMMP_CLIENT/LMMP_WB.swf" "Mozilla/5.0 (Windows NT 6.3; WOW64; rv:42.0) Gecko/20100101 Firefox/42.0" 925 9998
127.0.0.1 - - [16/Nov/2015:20:30:12 -0500] "GET /opensso/namingservice HTTP/1.1" 200 7 "-" "Java/1.5.0_21" 220 183
127.0.0.1 - - [16/Nov/2015:20:30:13 -0500] "GET /opensso/namingservice HTTP/1.1" 200 7 "-" "Java/1.5.0_21" 220 182
137.79.243.35 - - [16/Nov/2015:20:30:07 -0500] "GET /LMMP/rest/dbxml/layers?proj=IAU2000:30100&visOnly=true&iPlanetDirectoryPro=AQIC5wM2LY4SfcywUu72ujD7vob%2BJqaiYkO68443Zvp0Zeg%3D%40AAJTSQACMDE%3D%23&sort=Mission%2Ctitle HTTP/1.1" 200 831579 "http://pub.lmmp.nasa.gov/LMMPUI/LMMP_CLIENT/LMMP_WB.swf" "Mozilla/5.0 (Windows NT 6.3; WOW64; rv:42.0) Gecko/20100101 Firefox/42.0" 934 832636
137.79.243.35 - - [16/Nov/2015:20:30:18 -0500] "GET /opensso/identity/isTokenValid?iPlanetDirectoryPro=AQIC5wM2LY4SfcywUu72ujD7vob%2BJqaiYkO68443Zvp0Zeg%3D%40AAJTSQACMDE%3D%23 HTTP/1.1" 200 13 "http://pub.lmmp.nasa.gov/LMMPUI/LMMP_CLIENT/LMMP_WB.swf" "Mozilla/5.0 (Windows NT 6.3; WOW64; rv:42.0) Gecko/20100101 Firefox/42.0" 835 170
127.0.0.1 - - [16/Nov/2015:20:30:18 -0500] "POST /opensso/jaxrpc/SMSObjectIF HTTP/1.1" 200 505 "-" "Java/1.5.0_21" 847 767
127.0.0.1 - - [16/Nov/2015:20:30:18 -0500] "POST /opensso/jaxrpc/DirectoryManagerIF HTTP/1.1" 200 1290 "-" "Java/1.5.0_21" 1362 1551
137.79.243.35 - - [16/Nov/2015:20:30:18 -0500] "GET /LMMP/rest/dbxml/layers/int?proj=IAU2000:30100&iPlanetDirectoryPro=AQIC5wM2LY4SfcywUu72ujD7vob%2BJqaiYkO68443Zvp0Zeg%3D%40AAJTSQACMDE%3D%23&sort=Mission%2Ctitle HTTP/1.1" 200 349706 "http://pub.lmmp.nasa.gov/LMMPUI/LMMP_CLIENT/LMMP_WB.swf" "Mozilla/5.0 (Windows NT 6.3; WOW64; rv:42.0) Gecko/20100101 Firefox/42.0" 925 350291
137.79.243.35 - - [16/Nov/2015:20:30:23 -0500] "GET /opensso/identity/isTokenValid?iPlanetDirectoryPro=AQIC5wM2LY4SfcywUu72ujD7vob%2BJqaiYkO68443Zvp0Zeg%3D%40AAJTSQACMDE%3D%23 HTTP/1.1" 200 13 "http://pub.lmmp.nasa.gov/LMMPUI/LMMP_CLIENT/LMMP_WB.swf" "Mozilla/5.0 (Windows NT 6.3; WOW64; rv:42.0) Gecko/20100101 Firefox/42.0" 835 170
137.79.243.35 - - [16/Nov/2015:20:30:23 -0500] "GET /LMMPUI/LMMP_CLIENT/sampleData/emptyLayer.xml?iPlanetDirectoryPro=AQIC5wM2LY4SfcywUu72ujD7vob%2BJqaiYkO68443Zvp0Zeg%3D%40AAJTSQACMDE%3D%23 HTTP/1.1" 200 19 "http://pub.lmmp.nasa.gov/LMMPUI/LMMP_CLIENT/LMMP_WB.swf" "Mozilla/5.0 (Windows NT 6.3; WOW64; rv:42.0) Gecko/20100101 Firefox/42.0" 850 350
137.79.243.35 - - [16/Nov/2015:20:30:24 -0500] "GET /opensso/identity/isTokenValid?iPlanetDirectoryPro=AQIC5wM2LY4SfcywUu72ujD7vob%2BJqaiYkO68443Zvp0Zeg%3D%40AAJTSQACMDE%3D%23 HTTP/1.1" 200 13 "http://pub.lmmp.nasa.gov/LMMPUI/LMMP_CLIENT/LMMP_WB.swf" "Mozilla/5.0 (Windows NT 6.3; WOW64; rv:42.0) Gecko/20100101 Firefox/42.0" 835 170
