63.135.255.252 - - [14/Dec/2015:19:36:29 -0500] "GET /arcgis/rest/services/CombinedNomenclature/MapServer/export?f=image&bbox=-64.4742479896295%2C-24.01139774872299%2C-11.094075822242132%2C52.94085979164618&bboxSR=104903&size=428%2C617&format=png&transparent=true&dpi=213&imageSR=104903&layers=hide%3A-1 HTTP/1.1" 200 5093 "-" "ArcGIS.Android-10.2.3/4.1.2/MOTOROLA-XT890" 395 5381
63.135.255.252 - - [14/Dec/2015:19:36:31 -0500] "GET /arcgis/rest/services/CombinedNomenclature/MapServer/export?f=image&bbox=-52.384199251495495%2C-8.5768987466301%2C-25.694112259642655%2C29.899231332746538&bboxSR=104903&size=428%2C617&format=png&transparent=true&dpi=213&imageSR=104903&layers=hide%3A-1 HTTP/1.1" 200 5953 "-" "ArcGIS.Android-10.2.3/4.1.2/MOTOROLA-XT890" 396 6242
63.135.255.252 - - [14/Dec/2015:19:36:33 -0500] "GET /arcgis/rest/services/CombinedNomenclature/MapServer/export?f=image&bbox=-66.74218092800083%2C-24.33735697928%2C-13.098350042213916%2C52.99498801261376&bboxSR=104903&size=428%2C617&format=png&transparent=true&dpi=213&imageSR=104903&layers=hide%3A-1 HTTP/1.1" 200 5114 "-" "ArcGIS.Android-10.2.3/4.1.2/MOTOROLA-XT890" 393 5403
63.135.255.252 - - [14/Dec/2015:19:36:35 -0500] "GET /arcgis/rest/services/CombinedNomenclature/MapServer/export?f=image&bbox=-159.59016955779157%2C-110.14381347437988%2C-50.749135515490465%2C46.76020055389064&bboxSR=104903&size=428%2C617&format=png&transparent=true&dpi=213&imageSR=104903&layers=hide%3A-1 HTTP/1.1" 200 257 "-" "ArcGIS.Android-10.2.3/4.1.2/MOTOROLA-XT890" 398 544
63.135.255.252 - - [14/Dec/2015:19:36:37 -0500] "GET /arcgis/rest/services/CombinedNomenclature/MapServer/export?f=image&bbox=-99.69343195668897%2C-60.57046009368611%2C9.147602085612135%2C96.33355393458442&bboxSR=104903&size=428%2C617&format=png&transparent=true&dpi=213&imageSR=104903&layers=hide%3A-1 HTTP/1.1" 200 257 "-" "ArcGIS.Android-10.2.3/4.1.2/MOTOROLA-XT890" 394 543
63.135.255.252 - - [14/Dec/2015:19:36:38 -0500] "GET /arcgis/rest/services/CombinedNomenclature/MapServer/export?f=image&bbox=-234.40298525945803%2C-57.14149596034565%2C-125.56195121715693%2C99.76251806792487&bboxSR=104903&size=428%2C617&format=png&transparent=true&dpi=213&imageSR=104903&layers=hide%3A-1 HTTP/1.1" 200 257 "-" "ArcGIS.Android-10.2.3/4.1.2/MOTOROLA-XT890" 397 544
63.135.255.252 - - [14/Dec/2015:19:36:39 -0500] "GET /arcgis/rest/services/CombinedNomenclature/MapServer/export?f=image&bbox=-182.54466111777242%2C-23.71715028941874%2C-73.70362707547132%2C133.1868637388518&bboxSR=104903&size=428%2C617&format=png&transparent=true&dpi=213&imageSR=104903&layers=hide%3A-1 HTTP/1.1" 200 257 "-" "ArcGIS.Android-10.2.3/4.1.2/MOTOROLA-XT890" 396 545
127.0.0.1 - - [14/Dec/2015:19:36:42 -0500] "GET /opensso/namingservice HTTP/1.1" 200 7 "-" "Java/1.5.0_21" 220 183
127.0.0.1 - - [14/Dec/2015:19:36:43 -0500] "GET /opensso/namingservice HTTP/1.1" 200 7 "-" "Java/1.5.0_21" 220 183
63.135.255.252 - - [14/Dec/2015:19:36:46 -0500] "GET /arcgis/rest/services/CombinedNomenclature/MapServer?f=json HTTP/1.1" 200 807 "-" "ArcGIS.Android-10.2.3/4.1.2/MOTOROLA-XT890" 204 1103
63.135.255.252 - - [14/Dec/2015:19:36:46 -0500] "GET /arcgis/rest/services/CombinedNomenclature/MapServer/export?f=image&bbox=-182.54466111777242%2C-23.717150289418747%2C-73.70362707547132%2C133.18686373885177&bboxSR=104903&size=428%2C617&format=png&transparent=true&dpi=213&imageSR=104903&layers=hide%3A-1 HTTP/1.1" 200 257 "-" "ArcGIS.Android-10.2.3/4.1.2/MOTOROLA-XT890" 398 546
63.135.255.252 - - [14/Dec/2015:19:36:58 -0500] "GET /arcgis/rest/services/CombinedNomenclature/MapServer/export?f=image&bbox=15.494599280597415%2C-8.985126641536342%2C15.507787122902164%2C-8.96611519597085&bboxSR=104903&size=428%2C617&format=png&transparent=true&dpi=213&imageSR=104903&layers=hide%3A-1 HTTP/1.1" 200 257 "-" "ArcGIS.Android-10.2.3/4.1.2/MOTOROLA-XT890" 395 545
63.135.255.252 - - [14/Dec/2015:19:37:06 -0500] "GET /arcgis/rest/services/CombinedNomenclature/MapServer/export?f=image&bbox=15.499275883899212%2C-8.976101600211917%2C15.502597448970418%2C-8.971313269256465&bboxSR=104903&size=428%2C617&format=png&transparent=true&dpi=213&imageSR=104903&layers=hide%3A-1 HTTP/1.1" 200 257 "-" "ArcGIS.Android-10.2.3/4.1.2/MOTOROLA-XT890" 396 545
127.0.0.1 - - [14/Dec/2015:19:37:12 -0500] "GET /opensso/namingservice HTTP/1.1" 200 7 "-" "Java/1.5.0_21" 220 183
127.0.0.1 - - [14/Dec/2015:19:37:13 -0500] "GET /opensso/namingservice HTTP/1.1" 200 7 "-" "Java/1.5.0_21" 220 183
63.135.255.252 - - [14/Dec/2015:19:37:17 -0500] "GET /arcgis/rest/services/CombinedNomenclature/MapServer/export?f=image&bbox=15.499275883899212%2C-8.976101600211917%2C15.502597448970418%2C-8.971313269256465&bboxSR=104903&size=428%2C617&format=png&transparent=true&dpi=213&imageSR=104903&layers=hide%3A-1 HTTP/1.1" 200 257 "-" "ArcGIS.Android-10.2.3/4.1.2/MOTOROLA-XT890" 396 545
63.135.255.252 - - [14/Dec/2015:19:37:19 -0500] "GET /arcgis/rest/services/CombinedNomenclature/MapServer/export?f=image&bbox=15.494632939931725%2C-8.981362883475612%2C15.505433104201225%2C-8.965793487788037&bboxSR=104903&size=428%2C617&format=png&transparent=true&dpi=213&imageSR=104903&layers=hide%3A-1 HTTP/1.1" 200 257 "-" "ArcGIS.Android-10.2.3/4.1.2/MOTOROLA-XT890" 396 543
63.135.255.252 - - [14/Dec/2015:19:37:20 -0500] "GET /arcgis/rest/services/CombinedNomenclature/MapServer/export?f=image&bbox=15.481828751290523%2C-8.993487350312376%2C15.513069651872708%2C-8.948450818398339&bboxSR=104903&size=428%2C617&format=png&transparent=true&dpi=213&imageSR=104903&layers=hide%3A-1 HTTP/1.1" 200 257 "-" "ArcGIS.Android-10.2.3/4.1.2/MOTOROLA-XT890" 396 544
63.135.255.252 - - [14/Dec/2015:19:37:21 -0500] "GET /arcgis/rest/services/CombinedNomenclature/MapServer/export?f=image&bbox=15.433727345443607%2C-9.040117973634327%2C15.541640584560175%2C-8.884551458365817&bboxSR=104903&size=428%2C617&format=png&transparent=true&dpi=213&imageSR=104903&layers=hide%3A-1 HTTP/1.1" 200 4640 "-" "ArcGIS.Android-10.2.3/4.1.2/MOTOROLA-XT890" 396 4928
63.135.255.252 - - [14/Dec/2015:19:37:29 -0500] "GET /arcgis/rest/services/CombinedNomenclature/MapServer/export?f=image&bbox=15.479451886377914%2C-9.03853286961164%2C15.587365125494482%2C-8.882966354343129&bboxSR=104903&size=428%2C617&format=png&transparent=true&dpi=213&imageSR=104903&layers=hide%3A-1 HTTP/1.1" 200 3546 "-" "ArcGIS.Android-10.2.3/4.1.2/MOTOROLA-XT890" 395 3835
63.135.255.252 - - [14/Dec/2015:19:37:30 -0500] "GET /arcgis/rest/services/CombinedNomenclature/MapServer/export?f=image&bbox=15.31007288724216%2C-9.215844538994626%2C15.685183022255027%2C-8.675089975202715&bboxSR=104903&size=428%2C617&format=png&transparent=true&dpi=213&imageSR=104903&layers=hide%3A-1 HTTP/1.1" 200 9404 "-" "ArcGIS.Android-10.2.3/4.1.2/MOTOROLA-XT890" 395 9692
63.135.255.252 - - [14/Dec/2015:19:37:38 -0500] "GET /arcgis/rest/services/CombinedNomenclature/MapServer/export?f=image&bbox=14.847722887868535%2C-9.668246902488892%2C15.930233273315704%2C-8.107712071131642&bboxSR=104903&size=428%2C617&format=png&transparent=true&dpi=213&imageSR=104903&layers=hide%3A-1 HTTP/1.1" 200 7967 "-" "ArcGIS.Android-10.2.3/4.1.2/MOTOROLA-XT890" 396 8256
63.135.255.252 - - [14/Dec/2015:19:37:39 -0500] "GET /arcgis/rest/services/CombinedNomenclature/MapServer/export?f=image&bbox=15.127245960403052%2C-9.416306257905799%2C15.66850139968798%2C-8.636038486787106&bboxSR=104903&size=428%2C617&format=png&transparent=true&dpi=213&imageSR=104903&layers=hide%3A-1 HTTP/1.1" 200 9136 "-" "ArcGIS.Android-10.2.3/4.1.2/MOTOROLA-XT890" 395 9424
63.135.255.252 - - [14/Dec/2015:19:37:40 -0500] "GET /arcgis/rest/services/CombinedNomenclature/MapServer/export?f=image&bbox=15.276664812521503%2C-9.264171588696483%2C15.547401127222159%2C-8.873881153719134&bboxSR=104903&size=428%2C617&format=png&transparent=true&dpi=213&imageSR=104903&layers=hide%3A-1 HTTP/1.1" 200 7332 "-" "ArcGIS.Android-10.2.3/4.1.2/MOTOROLA-XT890" 396 7620
127.0.0.1 - - [14/Dec/2015:19:37:42 -0500] "GET /opensso/namingservice HTTP/1.1" 200 7 "-" "Java/1.5.0_21" 220 183
127.0.0.1 - - [14/Dec/2015:19:37:43 -0500] "GET /opensso/namingservice HTTP/1.1" 200 7 "-" "Java/1.5.0_21" 220 183
63.135.255.252 - - [14/Dec/2015:19:37:52 -0500] "GET /opensso/UI/Login?module=Anonymous&org=appspub&goto=https://pub.lmmp.nasa.gov/LMMP/rest/dbxml/fgdc/legend/stream?label=LRO_NAC_ClrShade_43S349E_150cmp HTTP/1.1" 302 - "-" "Dalvik/1.6.0 (Linux; U; Android 4.1.2; XT890 Build/9.8.2I-50_SML-28)" 321 988
127.0.0.1 - - [14/Dec/2015:19:37:53 -0500] "POST /opensso/sessionservice HTTP/1.1" 200 2410 "-" "Java/1.5.0_21" 819 2588
127.0.0.1 - - [14/Dec/2015:19:37:53 -0500] "POST /opensso/sessionservice HTTP/1.1" 200 273 "-" "Java/1.5.0_21" 885 450
127.0.0.1 - - [14/Dec/2015:19:37:53 -0500] "POST /opensso/sessionservice HTTP/1.1" 200 2397 "-" "Java/1.5.0_21" 819 2574
127.0.0.1 - - [14/Dec/2015:19:37:53 -0500] "POST /opensso/policyservice HTTP/1.1" 200 9465 "-" "Java/1.5.0_21" 1123 9650
127.0.0.1 - - [14/Dec/2015:19:37:53 -0500] "POST /opensso/jaxrpc/SMSObjectIF HTTP/1.1" 200 505 "-" "Java/1.5.0_21" 847 766
127.0.0.1 - - [14/Dec/2015:19:37:53 -0500] "POST /opensso/jaxrpc/DirectoryManagerIF HTTP/1.1" 200 1290 "-" "Java/1.5.0_21" 1366 1551
127.0.0.1 - - [14/Dec/2015:19:37:53 -0500] "POST /opensso/jaxrpc/SMSObjectIF HTTP/1.1" 200 505 "-" "Java/1.5.0_21" 847 766
127.0.0.1 - - [14/Dec/2015:19:37:53 -0500] "POST /opensso/jaxrpc/DirectoryManagerIF HTTP/1.1" 200 1290 "-" "Java/1.5.0_21" 1366 1551
63.135.255.252 - - [14/Dec/2015:19:37:53 -0500] "GET /LMMP/rest/dbxml/fgdc/legend/stream?label=LRO_NAC_ClrShade_43S349E_150cmp&iPlanetDirectoryPro=AQIC5wM2LY4SfczzR0KQ6xCedUtaQiW%2F01AmBMn9pE2W7fA%3D%40AAJTSQACMDE%3D%23 HTTP/1.1" 200 4060 "-" "Dalvik/1.6.0 (Linux; U; Android 4.1.2; XT890 Build/9.8.2I-50_SML-28)" 882 8110
63.135.255.252 - - [14/Dec/2015:19:37:53 -0500] "GET /opensso/UI/Login?module=Anonymous&org=appspub&goto=https://pub.lmmp.nasa.gov/LMMP/rest/dbxml/fgdc/legend/stream?label=LRO_NAC_ClrShade_43S349E_150cmp HTTP/1.1" 302 - "-" "Dalvik/1.6.0 (Linux; U; Android 4.1.2; XT890 Build/9.8.2I-50_SML-28)" 321 987
127.0.0.1 - - [14/Dec/2015:19:37:53 -0500] "POST /opensso/sessionservice HTTP/1.1" 200 2410 "-" "Java/1.5.0_21" 819 2587
127.0.0.1 - - [14/Dec/2015:19:37:53 -0500] "POST /opensso/sessionservice HTTP/1.1" 200 273 "-" "Java/1.5.0_21" 885 450
127.0.0.1 - - [14/Dec/2015:19:37:53 -0500] "POST /opensso/policyservice HTTP/1.1" 200 9465 "-" "Java/1.5.0_21" 1123 9650
127.0.0.1 - - [14/Dec/2015:19:37:53 -0500] "POST /opensso/jaxrpc/SMSObjectIF HTTP/1.1" 200 505 "-" "Java/1.5.0_21" 847 766
127.0.0.1 - - [14/Dec/2015:19:37:54 -0500] "POST /opensso/jaxrpc/DirectoryManagerIF HTTP/1.1" 200 1290 "-" "Java/1.5.0_21" 1362 1551
127.0.0.1 - - [14/Dec/2015:19:37:54 -0500] "POST /opensso/jaxrpc/SMSObjectIF HTTP/1.1" 200 505 "-" "Java/1.5.0_21" 847 766
127.0.0.1 - - [14/Dec/2015:19:37:54 -0500] "POST /opensso/jaxrpc/DirectoryManagerIF HTTP/1.1" 200 1290 "-" "Java/1.5.0_21" 1362 1551
63.135.255.252 - - [14/Dec/2015:19:37:53 -0500] "GET /LMMP/rest/dbxml/fgdc/legend/stream?label=LRO_NAC_ClrShade_43S349E_150cmp&iPlanetDirectoryPro=AQIC5wM2LY4SfcxPAl88rZYH%2B8gWAkNzh2Pi3suHubXlQkw%3D%40AAJTSQACMDE%3D%23 HTTP/1.1" 200 4060 "-" "Dalvik/1.6.0 (Linux; U; Android 4.1.2; XT890 Build/9.8.2I-50_SML-28)" 358 4418
63.135.255.252 - - [14/Dec/2015:19:37:54 -0500] "GET /arcgis/rest/services/CombinedNomenclature/MapServer/export?f=image&bbox=-11.542175152110447%2C-43.463040033565015%2C-11.299411398049761%2C-43.113074528295286&bboxSR=104903&size=428%2C617&format=png&transparent=true&dpi=213&imageSR=104903&layers=hide%3A-1 HTTP/1.1" 200 2256 "-" "ArcGIS.Android-10.2.3/4.1.2/MOTOROLA-XT890" 400 2546
127.0.0.1 - - [14/Dec/2015:19:38:12 -0500] "GET /opensso/namingservice HTTP/1.1" 200 7 "-" "Java/1.5.0_21" 220 183
127.0.0.1 - - [14/Dec/2015:19:38:13 -0500] "GET /opensso/namingservice HTTP/1.1" 200 7 "-" "Java/1.5.0_21" 220 183
63.135.255.252 - - [14/Dec/2015:19:38:14 -0500] "GET /arcgis/rest/services/CombinedNomenclature/MapServer/export?f=image&bbox=-11.898781927356072%2C-43.81415299016325%2C-11.133522455553614%2C-42.71096351796204&bboxSR=104903&size=428%2C617&format=png&transparent=true&dpi=213&imageSR=104903&layers=hide%3A-1 HTTP/1.1" 200 3486 "-" "ArcGIS.Android-10.2.3/4.1.2/MOTOROLA-XT890" 398 3775
66.249.64.223 - - [14/Dec/2015:19:38:22 -0500] "GET /redmine/issues/gantt?month=3&months=6&year=1931&zoom=3 HTTP/1.1" 200 51534 "-" "Mozilla/5.0 (compatible; Googlebot/2.1; +http://www.google.com/bot.html)" 345 52223
63.135.255.252 - - [14/Dec/2015:19:38:24 -0500] "GET /arcgis/rest/services/CombinedNomenclature/MapServer/export?f=image&bbox=-12.210689058965514%2C-44.09638432681577%2C-11.445429587163055%2C-42.993194854614565&bboxSR=104903&size=428%2C617&format=png&transparent=true&dpi=213&imageSR=104903&layers=hide%3A-1 HTTP/1.1" 200 257 "-" "ArcGIS.Android-10.2.3/4.1.2/MOTOROLA-XT890" 399 544
63.135.255.252 - - [14/Dec/2015:19:38:26 -0500] "GET /arcgis/rest/services/CombinedNomenclature/MapServer/export?f=image&bbox=-12.739342896455456%2C-44.24853957244855%2C-11.974083424652996%2C-43.14535010024734&bboxSR=104903&size=428%2C617&format=png&transparent=true&dpi=213&imageSR=104903&layers=hide%3A-1 HTTP/1.1" 200 257 "-" "ArcGIS.Android-10.2.3/4.1.2/MOTOROLA-XT890" 398 544
63.135.255.252 - - [14/Dec/2015:19:38:27 -0500] "GET /arcgis/rest/services/CombinedNomenclature/MapServer/export?f=image&bbox=-13.069607429861883%2C-44.538075720167356%2C-12.304347958059424%2C-43.43488624796615&bboxSR=104903&size=428%2C617&format=png&transparent=true&dpi=213&imageSR=104903&layers=hide%3A-1 HTTP/1.1" 200 257 "-" "ArcGIS.Android-10.2.3/4.1.2/MOTOROLA-XT890" 399 545
63.135.255.252 - - [14/Dec/2015:19:38:29 -0500] "GET /arcgis/rest/services/CombinedNomenclature/MapServer/export?f=image&bbox=-14.132412559438764%2C-45.68348292286244%2C-11.702667432009454%2C-42.18078959663841&bboxSR=104903&size=428%2C617&format=png&transparent=true&dpi=213&imageSR=104903&layers=hide%3A-1 HTTP/1.1" 200 257 "-" "ArcGIS.Android-10.2.3/4.1.2/MOTOROLA-XT890" 398 545
63.135.255.252 - - [14/Dec/2015:19:38:34 -0500] "GET /arcgis/rest/services/CombinedNomenclature/MapServer/export?f=image&bbox=-14.375546000441625%2C-45.040398265901004%2C-11.945800873012315%2C-41.53770493967698&bboxSR=104903&size=428%2C617&format=png&transparent=true&dpi=213&imageSR=104903&layers=hide%3A-1 HTTP/1.1" 200 257 "-" "ArcGIS.Android-10.2.3/4.1.2/MOTOROLA-XT890" 399 543
63.135.255.252 - - [14/Dec/2015:19:38:35 -0500] "GET /arcgis/rest/services/CombinedNomenclature/MapServer/export?f=image&bbox=-13.880341164161562%2C-45.479938969242546%2C-11.450596036732252%2C-41.97724564301852&bboxSR=104903&size=428%2C617&format=png&transparent=true&dpi=213&imageSR=104903&layers=hide%3A-1 HTTP/1.1" 200 257 "-" "ArcGIS.Android-10.2.3/4.1.2/MOTOROLA-XT890" 399 543
63.135.255.252 - - [14/Dec/2015:19:38:36 -0500] "GET /arcgis/rest/services/CombinedNomenclature/MapServer/export?f=image&bbox=-15.09482215549472%2C-47.22969121231143%2C-10.235332294554865%2C-40.22430512773225&bboxSR=104903&size=428%2C617&format=png&transparent=true&dpi=213&imageSR=104903&layers=hide%3A-1 HTTP/1.1" 200 4051 "-" "ArcGIS.Android-10.2.3/4.1.2/MOTOROLA-XT890" 397 4339
63.135.255.252 - - [14/Dec/2015:19:38:37 -0500] "GET /arcgis/rest/services/CombinedNomenclature/MapServer/export?f=image&bbox=-12.566393193539083%2C-44.56065422709974%2C-11.801133721736623%2C-43.45746475489853&bboxSR=104903&size=428%2C617&format=png&transparent=true&dpi=213&imageSR=104903&layers=hide%3A-1 HTTP/1.1" 200 257 "-" "ArcGIS.Android-10.2.3/4.1.2/MOTOROLA-XT890" 398 545
63.135.255.252 - - [14/Dec/2015:19:38:40 -0500] "GET /arcgis/rest/services/CombinedNomenclature/MapServer/export?f=image&bbox=-20.472093733504533%2C-53.46077978344645%2C-6.933521496291194%2C-33.943725880734696&bboxSR=104903&size=428%2C617&format=png&transparent=true&dpi=213&imageSR=104903&layers=hide%3A-1 HTTP/1.1" 200 2840 "-" "ArcGIS.Android-10.2.3/4.1.2/MOTOROLA-XT890" 398 3127
127.0.0.1 - - [14/Dec/2015:19:38:42 -0500] "GET /opensso/namingservice HTTP/1.1" 200 7 "-" "Java/1.5.0_21" 220 183
127.0.0.1 - - [14/Dec/2015:19:38:43 -0500] "GET /opensso/namingservice HTTP/1.1" 200 7 "-" "Java/1.5.0_21" 220 183
63.135.255.252 - - [14/Dec/2015:19:38:44 -0500] "GET /arcgis/rest/services/CombinedNomenclature/MapServer/export?f=image&bbox=-13.96932841780399%2C-50.38103918011616%2C-0.4307561805906506%2C-30.86398527740441&bboxSR=104903&size=428%2C617&format=png&transparent=true&dpi=213&imageSR=104903&layers=hide%3A-1 HTTP/1.1" 200 4648 "-" "ArcGIS.Android-10.2.3/4.1.2/MOTOROLA-XT890" 397 4937
63.135.255.252 - - [14/Dec/2015:19:38:45 -0500] "GET /arcgis/rest/services/CombinedNomenclature/MapServer/export?f=image&bbox=-7.423827361917411%2C-43.2050786830696%2C6.114744875295928%2C-23.68802478035785&bboxSR=104903&size=428%2C617&format=png&transparent=true&dpi=213&imageSR=104903&layers=hide%3A-1 HTTP/1.1" 200 5649 "-" "ArcGIS.Android-10.2.3/4.1.2/MOTOROLA-XT890" 394 5937
63.135.255.252 - - [14/Dec/2015:19:38:46 -0500] "GET /arcgis/rest/services/CombinedNomenclature/MapServer/export?f=image&bbox=-3.881670645235002%2C-33.88856035361974%2C9.656901591978336%2C-14.371506450907987&bboxSR=104903&size=428%2C617&format=png&transparent=true&dpi=213&imageSR=104903&layers=hide%3A-1 HTTP/1.1" 200 4246 "-" "ArcGIS.Android-10.2.3/4.1.2/MOTOROLA-XT890" 396 4535
63.135.255.252 - - [14/Dec/2015:19:38:46 -0500] "GET /arcgis/rest/services/CombinedNomenclature/MapServer/export?f=image&bbox=0.49802183118327736%2C-26.568887898676564%2C14.036594068396617%2C-7.051833995964813&bboxSR=104903&size=428%2C617&format=png&transparent=true&dpi=213&imageSR=104903&layers=hide%3A-1 HTTP/1.1" 200 2707 "-" "ArcGIS.Android-10.2.3/4.1.2/MOTOROLA-XT890" 398 2994
63.135.255.252 - - [14/Dec/2015:19:38:47 -0500] "GET /arcgis/rest/services/CombinedNomenclature/MapServer/export?f=image&bbox=6.6606550788174115%2C-16.566621294831506%2C20.19922731603075%2C2.950432607880245&bboxSR=104903&size=428%2C617&format=png&transparent=true&dpi=213&imageSR=104903&layers=hide%3A-1 HTTP/1.1" 200 2589 "-" "ArcGIS.Android-10.2.3/4.1.2/MOTOROLA-XT890" 395 2876
63.135.255.252 - - [14/Dec/2015:19:38:49 -0500] "GET /arcgis/rest/services/CombinedNomenclature/MapServer/export?f=image&bbox=18.08967035936118%2C17.245226624258443%2C31.628242596574516%2C36.762280526970194&bboxSR=104903&size=428%2C617&format=png&transparent=true&dpi=213&imageSR=104903&layers=hide%3A-1 HTTP/1.1" 200 8264 "-" "ArcGIS.Android-10.2.3/4.1.2/MOTOROLA-XT890" 395 8553
63.135.255.252 - - [14/Dec/2015:19:38:51 -0500] "GET /arcgis/rest/services/CombinedNomenclature/MapServer/export?f=image&bbox=-6.420476501695134%2C-6.159119160066581%2C45.003851079946955%2C67.97361476019783&bboxSR=104903&size=428%2C617&format=png&transparent=true&dpi=213&imageSR=104903&layers=hide%3A-1 HTTP/1.1" 200 5492 "-" "ArcGIS.Android-10.2.3/4.1.2/MOTOROLA-XT890" 395 5778
63.135.255.252 - - [14/Dec/2015:19:38:52 -0500] "GET /arcgis/rest/services/CombinedNomenclature/MapServer/export?f=image&bbox=-45.24206209484673%2C-44.663532675119654%2C63.59897194745437%2C112.24048135315087&bboxSR=104903&size=428%2C617&format=png&transparent=true&dpi=213&imageSR=104903&layers=hide%3A-1 HTTP/1.1" 200 257 "-" "ArcGIS.Android-10.2.3/4.1.2/MOTOROLA-XT890" 396 543
63.135.255.252 - - [14/Dec/2015:19:38:53 -0500] "GET /arcgis/rest/services/CombinedNomenclature/MapServer/export?f=image&bbox=-65.69630948243595%2C-110.87272133289751%2C43.14472455986515%2C46.03129269537301&bboxSR=104903&size=428%2C617&format=png&transparent=true&dpi=213&imageSR=104903&layers=hide%3A-1 HTTP/1.1" 200 257 "-" "ArcGIS.Android-10.2.3/4.1.2/MOTOROLA-XT890" 395 543
63.135.255.252 - - [14/Dec/2015:19:38:55 -0500] "GET /arcgis/rest/services/CombinedNomenclature/MapServer/export?f=image&bbox=-128.75101587159673%2C-134.42734537259244%2C-19.90998182929563%2C22.476668655678083&bboxSR=104903&size=428%2C617&format=png&transparent=true&dpi=213&imageSR=104903&layers=hide%3A-1 HTTP/1.1" 200 257 "-" "ArcGIS.Android-10.2.3/4.1.2/MOTOROLA-XT890" 398 543
63.135.255.252 - - [14/Dec/2015:19:38:57 -0500] "GET /arcgis/rest/services/CombinedNomenclature/MapServer/export?f=image&bbox=-202.74099586768148%2C-62.19033036609282%2C-93.89996182538037%2C94.7136836621777&bboxSR=104903&size=428%2C617&format=png&transparent=true&dpi=213&imageSR=104903&layers=hide%3A-1 HTTP/1.1" 200 257 "-" "ArcGIS.Android-10.2.3/4.1.2/MOTOROLA-XT890" 395 544
127.0.0.1 - - [14/Dec/2015:19:39:12 -0500] "GET /opensso/namingservice HTTP/1.1" 200 7 "-" "Java/1.5.0_21" 220 183
127.0.0.1 - - [14/Dec/2015:19:39:13 -0500] "GET /opensso/namingservice HTTP/1.1" 200 7 "-" "Java/1.5.0_21" 220 183
63.135.255.252 - - [14/Dec/2015:19:39:14 -0500] "GET /arcgis/rest/services/CombinedNomenclature/MapServer/export?f=image&bbox=128.64221129828687%2C-20.10928418986333%2C128.76547825714283%2C-19.931583924409765&bboxSR=104903&size=428%2C617&format=png&transparent=true&dpi=213&imageSR=104903&layers=hide%3A-1 HTTP/1.1" 200 257 "-" "ArcGIS.Android-10.2.3/4.1.2/MOTOROLA-XT890" 397 545
63.135.255.252 - - [14/Dec/2015:19:39:32 -0500] "GET /arcgis/rest/services/CombinedNomenclature/MapServer/export?f=image&bbox=128.64221129828687%2C-20.10928418986333%2C128.76547825714283%2C-19.931583924409765&bboxSR=104903&size=428%2C617&format=png&transparent=true&dpi=213&imageSR=104903&layers=hide%3A-1 HTTP/1.1" 200 257 "-" "ArcGIS.Android-10.2.3/4.1.2/MOTOROLA-XT890" 397 545
63.135.255.252 - - [14/Dec/2015:19:39:36 -0500] "GET /opensso/UI/Login?module=Anonymous&org=appspub&goto=https://pub.lmmp.nasa.gov/LMMP/rest/dbxml/fgdc/legend/stream?label=LRO_LOLA_Gray_Global_128ppd_v04 HTTP/1.1" 302 - "-" "Dalvik/1.6.0 (Linux; U; Android 4.1.2; XT890 Build/9.8.2I-50_SML-28)" 321 988
127.0.0.1 - - [14/Dec/2015:19:39:37 -0500] "POST /opensso/sessionservice HTTP/1.1" 200 2410 "-" "Java/1.5.0_21" 819 2588
127.0.0.1 - - [14/Dec/2015:19:39:37 -0500] "POST /opensso/sessionservice HTTP/1.1" 200 273 "-" "Java/1.5.0_21" 885 450
127.0.0.1 - - [14/Dec/2015:19:39:37 -0500] "POST /opensso/policyservice HTTP/1.1" 200 9465 "-" "Java/1.5.0_21" 1123 9650
127.0.0.1 - - [14/Dec/2015:19:39:37 -0500] "POST /opensso/jaxrpc/SMSObjectIF HTTP/1.1" 200 505 "-" "Java/1.5.0_21" 847 766
127.0.0.1 - - [14/Dec/2015:19:39:37 -0500] "POST /opensso/jaxrpc/DirectoryManagerIF HTTP/1.1" 200 1290 "-" "Java/1.5.0_21" 1362 1551
127.0.0.1 - - [14/Dec/2015:19:39:37 -0500] "POST /opensso/jaxrpc/SMSObjectIF HTTP/1.1" 200 505 "-" "Java/1.5.0_21" 847 766
127.0.0.1 - - [14/Dec/2015:19:39:37 -0500] "POST /opensso/jaxrpc/DirectoryManagerIF HTTP/1.1" 200 1290 "-" "Java/1.5.0_21" 1362 1551
63.135.255.252 - - [14/Dec/2015:19:39:37 -0500] "GET /LMMP/rest/dbxml/fgdc/legend/stream?label=LRO_LOLA_Gray_Global_128ppd_v04&iPlanetDirectoryPro=AQIC5wM2LY4SfcyWM%2BsR4LEVEdTc52s0EwFWDhzTEkaYngA%3D%40AAJTSQACMDE%3D%23 HTTP/1.1" 200 4585 "-" "Dalvik/1.6.0 (Linux; U; Android 4.1.2; XT890 Build/9.8.2I-50_SML-28)" 855 5073
127.0.0.1 - - [14/Dec/2015:19:39:42 -0500] "GET /opensso/namingservice HTTP/1.1" 200 7 "-" "Java/1.5.0_21" 220 183
127.0.0.1 - - [14/Dec/2015:19:39:43 -0500] "GET /opensso/namingservice HTTP/1.1" 200 7 "-" "Java/1.5.0_21" 220 183
127.0.0.1 - - [14/Dec/2015:19:40:12 -0500] "GET /opensso/namingservice HTTP/1.1" 200 7 "-" "Java/1.5.0_21" 220 183
127.0.0.1 - - [14/Dec/2015:19:40:13 -0500] "GET /opensso/namingservice HTTP/1.1" 200 7 "-" "Java/1.5.0_21" 220 183
137.78.207.218 - - [14/Dec/2015:19:40:28 -0500] "HEAD /LMMPUI/LMMP_CLIENT/LMMP.html HTTP/1.1" 200 - "-" "curl/7.38.0" 110 274
127.0.0.1 - - [14/Dec/2015:19:40:42 -0500] "GET /opensso/namingservice HTTP/1.1" 200 7 "-" "Java/1.5.0_21" 220 183
127.0.0.1 - - [14/Dec/2015:19:40:43 -0500] "GET /opensso/namingservice HTTP/1.1" 200 7 "-" "Java/1.5.0_21" 220 183
101.182.8.164 - - [14/Dec/2015:19:41:08 -0500] "GET /LMMPUI/LMMP_CLIENT/LMMP.html HTTP/1.1" 200 9400 "-" "Mozilla/5.0 (Macintosh; Intel Mac OS X 10_11_1) AppleWebKit/601.2.7 (KHTML, like Gecko)" 333 9730
101.182.8.164 - - [14/Dec/2015:19:41:09 -0500] "GET /favicon.ico HTTP/1.1" 404 209 "-" "Safari/11601.2.7.2 CFNetwork/760.1.2 Darwin/15.0.0 (x86_64)" 220 454
101.182.8.164 - - [14/Dec/2015:19:41:09 -0500] "GET /apple-touch-icon-precomposed.png HTTP/1.1" 404 230 "-" "Safari/11601.2.7.2 CFNetwork/760.1.2 Darwin/15.0.0 (x86_64)" 241 475
101.182.8.164 - - [14/Dec/2015:19:41:09 -0500] "GET /apple-touch-icon.png HTTP/1.1" 404 218 "-" "Safari/11601.2.7.2 CFNetwork/760.1.2 Darwin/15.0.0 (x86_64)" 229 462
101.182.8.164 - - [14/Dec/2015:19:41:10 -0500] "GET /apple-touch-icon-precomposed.png HTTP/1.1" 404 230 "-" "Safari/11601.2.7.2 CFNetwork/760.1.2 Darwin/15.0.0 (x86_64)" 241 474
101.182.8.164 - - [14/Dec/2015:19:41:10 -0500] "GET /apple-touch-icon.png HTTP/1.1" 404 218 "-" "Safari/11601.2.7.2 CFNetwork/760.1.2 Darwin/15.0.0 (x86_64)" 229 462
127.0.0.1 - - [14/Dec/2015:19:41:12 -0500] "GET /opensso/namingservice HTTP/1.1" 200 7 "-" "Java/1.5.0_21" 220 183
127.0.0.1 - - [14/Dec/2015:19:41:13 -0500] "GET /opensso/namingservice HTTP/1.1" 200 7 "-" "Java/1.5.0_21" 220 183
127.0.0.1 - - [14/Dec/2015:19:41:42 -0500] "GET /opensso/namingservice HTTP/1.1" 200 7 "-" "Java/1.5.0_21" 220 183
127.0.0.1 - - [14/Dec/2015:19:41:43 -0500] "GET /opensso/namingservice HTTP/1.1" 200 7 "-" "Java/1.5.0_21" 220 183
66.249.64.223 - - [14/Dec/2015:19:42:09 -0500] "GET /redmine/issues/gantt?month=5&months=6&year=2515&zoom=2 HTTP/1.1" 200 30899 "-" "Mozilla/5.0 (compatible; Googlebot/2.1; +http://www.google.com/bot.html)" 345 31588
127.0.0.1 - - [14/Dec/2015:19:42:12 -0500] "GET /opensso/namingservice HTTP/1.1" 200 7 "-" "Java/1.5.0_21" 220 183
127.0.0.1 - - [14/Dec/2015:19:42:13 -0500] "GET /opensso/namingservice HTTP/1.1" 200 7 "-" "Java/1.5.0_21" 220 183
127.0.0.1 - - [14/Dec/2015:19:42:42 -0500] "GET /opensso/namingservice HTTP/1.1" 200 7 "-" "Java/1.5.0_21" 220 183
127.0.0.1 - - [14/Dec/2015:19:42:43 -0500] "GET /opensso/namingservice HTTP/1.1" 200 7 "-" "Java/1.5.0_21" 220 183
127.0.0.1 - - [14/Dec/2015:19:43:12 -0500] "GET /opensso/namingservice HTTP/1.1" 200 7 "-" "Java/1.5.0_21" 220 183
127.0.0.1 - - [14/Dec/2015:19:43:13 -0500] "GET /opensso/namingservice HTTP/1.1" 200 7 "-" "Java/1.5.0_21" 220 183
127.0.0.1 - - [14/Dec/2015:19:43:42 -0500] "GET /opensso/namingservice HTTP/1.1" 200 7 "-" "Java/1.5.0_21" 220 183
127.0.0.1 - - [14/Dec/2015:19:43:43 -0500] "GET /opensso/namingservice HTTP/1.1" 200 7 "-" "Java/1.5.0_21" 220 183
127.0.0.1 - - [14/Dec/2015:19:44:12 -0500] "GET /opensso/namingservice HTTP/1.1" 200 7 "-" "Java/1.5.0_21" 220 183
127.0.0.1 - - [14/Dec/2015:19:44:13 -0500] "GET /opensso/namingservice HTTP/1.1" 200 7 "-" "Java/1.5.0_21" 220 183
127.0.0.1 - - [14/Dec/2015:19:44:42 -0500] "GET /opensso/namingservice HTTP/1.1" 200 7 "-" "Java/1.5.0_21" 220 183
127.0.0.1 - - [14/Dec/2015:19:44:43 -0500] "GET /opensso/namingservice HTTP/1.1" 200 7 "-" "Java/1.5.0_21" 220 183
127.0.0.1 - - [14/Dec/2015:19:45:12 -0500] "GET /opensso/namingservice HTTP/1.1" 200 7 "-" "Java/1.5.0_21" 220 183
127.0.0.1 - - [14/Dec/2015:19:45:13 -0500] "GET /opensso/namingservice HTTP/1.1" 200 7 "-" "Java/1.5.0_21" 220 183
137.78.207.218 - - [14/Dec/2015:19:45:28 -0500] "HEAD /LMMPUI/LMMP_CLIENT/LMMP.html HTTP/1.1" 200 - "-" "curl/7.38.0" 110 274
127.0.0.1 - - [14/Dec/2015:19:45:42 -0500] "GET /opensso/namingservice HTTP/1.1" 200 7 "-" "Java/1.5.0_21" 220 183
127.0.0.1 - - [14/Dec/2015:19:45:43 -0500] "GET /opensso/namingservice HTTP/1.1" 200 7 "-" "Java/1.5.0_21" 220 183
66.249.64.228 - - [14/Dec/2015:19:45:56 -0500] "GET /redmine/issues/gantt?month=6&months=6&year=2098&zoom=1 HTTP/1.1" 200 27581 "-" "Mozilla/5.0 (compatible; Googlebot/2.1; +http://www.google.com/bot.html)" 345 28270
127.0.0.1 - - [14/Dec/2015:19:46:12 -0500] "GET /opensso/namingservice HTTP/1.1" 200 7 "-" "Java/1.5.0_21" 220 183
127.0.0.1 - - [14/Dec/2015:19:46:13 -0500] "GET /opensso/namingservice HTTP/1.1" 200 7 "-" "Java/1.5.0_21" 220 183
127.0.0.1 - - [14/Dec/2015:19:46:42 -0500] "GET /opensso/namingservice HTTP/1.1" 200 7 "-" "Java/1.5.0_21" 220 183
127.0.0.1 - - [14/Dec/2015:19:46:43 -0500] "GET /opensso/namingservice HTTP/1.1" 200 7 "-" "Java/1.5.0_21" 220 183
127.0.0.1 - - [14/Dec/2015:19:47:12 -0500] "GET /opensso/namingservice HTTP/1.1" 200 7 "-" "Java/1.5.0_21" 220 183
127.0.0.1 - - [14/Dec/2015:19:47:13 -0500] "GET /opensso/namingservice HTTP/1.1" 200 7 "-" "Java/1.5.0_21" 220 183
127.0.0.1 - - [14/Dec/2015:19:47:42 -0500] "GET /opensso/namingservice HTTP/1.1" 200 7 "-" "Java/1.5.0_21" 220 183
127.0.0.1 - - [14/Dec/2015:19:47:43 -0500] "GET /opensso/namingservice HTTP/1.1" 200 7 "-" "Java/1.5.0_21" 220 183
127.0.0.1 - - [14/Dec/2015:19:48:12 -0500] "GET /opensso/namingservice HTTP/1.1" 200 7 "-" "Java/1.5.0_21" 220 183
127.0.0.1 - - [14/Dec/2015:19:48:13 -0500] "GET /opensso/namingservice HTTP/1.1" 200 7 "-" "Java/1.5.0_21" 220 183
127.0.0.1 - - [14/Dec/2015:19:48:42 -0500] "GET /opensso/namingservice HTTP/1.1" 200 7 "-" "Java/1.5.0_21" 220 183
127.0.0.1 - - [14/Dec/2015:19:48:43 -0500] "GET /opensso/namingservice HTTP/1.1" 200 7 "-" "Java/1.5.0_21" 220 183
127.0.0.1 - - [14/Dec/2015:19:49:12 -0500] "GET /opensso/namingservice HTTP/1.1" 200 7 "-" "Java/1.5.0_21" 220 183
127.0.0.1 - - [14/Dec/2015:19:49:13 -0500] "GET /opensso/namingservice HTTP/1.1" 200 7 "-" "Java/1.5.0_21" 220 183
127.0.0.1 - - [14/Dec/2015:19:49:42 -0500] "GET /opensso/namingservice HTTP/1.1" 200 7 "-" "Java/1.5.0_21" 220 183
127.0.0.1 - - [14/Dec/2015:19:49:43 -0500] "GET /opensso/namingservice HTTP/1.1" 200 7 "-" "Java/1.5.0_21" 220 183
66.249.64.36 - - [14/Dec/2015:19:49:43 -0500] "GET /redmine/issues/gantt?month=12&months=6&year=1578&zoom=3 HTTP/1.1" 200 51111 "-" "Mozilla/5.0 (compatible; Googlebot/2.1; +http://www.google.com/bot.html)" 660 56039
127.0.0.1 - - [14/Dec/2015:19:50:12 -0500] "GET /opensso/namingservice HTTP/1.1" 200 7 "-" "Java/1.5.0_21" 220 183
127.0.0.1 - - [14/Dec/2015:19:50:13 -0500] "GET /opensso/namingservice HTTP/1.1" 200 7 "-" "Java/1.5.0_21" 220 183
137.78.207.218 - - [14/Dec/2015:19:50:28 -0500] "HEAD /LMMPUI/LMMP_CLIENT/LMMP.html HTTP/1.1" 200 - "-" "curl/7.38.0" 110 274
123.125.71.113 - - [14/Dec/2015:19:50:36 -0500] "GET / HTTP/1.1" 302 237 "-" "Mozilla/5.0 (Windows NT 5.1; rv:6.0.2) Gecko/20100101 Firefox/6.0.2" 179 506
127.0.0.1 - - [14/Dec/2015:19:50:42 -0500] "GET /opensso/namingservice HTTP/1.1" 200 7 "-" "Java/1.5.0_21" 220 183
127.0.0.1 - - [14/Dec/2015:19:50:43 -0500] "GET /opensso/namingservice HTTP/1.1" 200 7 "-" "Java/1.5.0_21" 220 183
127.0.0.1 - - [14/Dec/2015:19:51:12 -0500] "GET /opensso/namingservice HTTP/1.1" 200 7 "-" "Java/1.5.0_21" 220 183
127.0.0.1 - - [14/Dec/2015:19:51:13 -0500] "GET /opensso/namingservice HTTP/1.1" 200 7 "-" "Java/1.5.0_21" 220 183
127.0.0.1 - - [14/Dec/2015:19:51:42 -0500] "GET /opensso/namingservice HTTP/1.1" 200 7 "-" "Java/1.5.0_21" 220 183
127.0.0.1 - - [14/Dec/2015:19:51:43 -0500] "GET /opensso/namingservice HTTP/1.1" 200 7 "-" "Java/1.5.0_21" 220 183
127.0.0.1 - - [14/Dec/2015:19:52:12 -0500] "GET /opensso/namingservice HTTP/1.1" 200 7 "-" "Java/1.5.0_21" 220 183
127.0.0.1 - - [14/Dec/2015:19:52:13 -0500] "GET /opensso/namingservice HTTP/1.1" 200 7 "-" "Java/1.5.0_21" 220 183
127.0.0.1 - - [14/Dec/2015:19:52:42 -0500] "GET /opensso/namingservice HTTP/1.1" 200 7 "-" "Java/1.5.0_21" 220 183
127.0.0.1 - - [14/Dec/2015:19:52:43 -0500] "GET /opensso/namingservice HTTP/1.1" 200 7 "-" "Java/1.5.0_21" 220 183
127.0.0.1 - - [14/Dec/2015:19:53:12 -0500] "GET /opensso/namingservice HTTP/1.1" 200 7 "-" "Java/1.5.0_21" 220 183
127.0.0.1 - - [14/Dec/2015:19:53:13 -0500] "GET /opensso/namingservice HTTP/1.1" 200 7 "-" "Java/1.5.0_21" 220 183
220.181.108.161 - - [14/Dec/2015:19:53:26 -0500] "GET / HTTP/1.1" 302 237 "-" "Mozilla/5.0 (Windows NT 5.1; rv:6.0.2) Gecko/20100101 Firefox/6.0.2" 179 506
220.181.108.162 - - [14/Dec/2015:19:53:27 -0500] "GET /LMMPUI/LMMP_CLIENT/LMMP.html HTTP/1.1" 200 9400 "-" "Mozilla/5.0 (Windows NT 5.1; rv:6.0.2) Gecko/20100101 Firefox/6.0.2" 207 9693
66.249.64.223 - - [14/Dec/2015:19:53:30 -0500] "GET /redmine/issues/gantt?month=10&months=6&year=2849&zoom=1 HTTP/1.1" 200 27588 "-" "Mozilla/5.0 (compatible; Googlebot/2.1; +http://www.google.com/bot.html)" 346 28277
127.0.0.1 - - [14/Dec/2015:19:53:42 -0500] "GET /opensso/namingservice HTTP/1.1" 200 7 "-" "Java/1.5.0_21" 220 183
127.0.0.1 - - [14/Dec/2015:19:53:43 -0500] "GET /opensso/namingservice HTTP/1.1" 200 7 "-" "Java/1.5.0_21" 220 183
127.0.0.1 - - [14/Dec/2015:19:54:12 -0500] "GET /opensso/namingservice HTTP/1.1" 200 7 "-" "Java/1.5.0_21" 220 183
127.0.0.1 - - [14/Dec/2015:19:54:13 -0500] "GET /opensso/namingservice HTTP/1.1" 200 7 "-" "Java/1.5.0_21" 220 183
127.0.0.1 - - [14/Dec/2015:19:54:42 -0500] "GET /opensso/namingservice HTTP/1.1" 200 7 "-" "Java/1.5.0_21" 220 183
127.0.0.1 - - [14/Dec/2015:19:54:43 -0500] "GET /opensso/namingservice HTTP/1.1" 200 7 "-" "Java/1.5.0_21" 220 183
123.125.71.74 - - [14/Dec/2015:19:54:59 -0500] "GET /LMMPUI/LMMP_CLIENT/LMMP.html HTTP/1.1" 200 9400 "-" "Mozilla/5.0 (Windows NT 5.1; rv:6.0.2) Gecko/20100101 Firefox/6.0.2" 207 9693
127.0.0.1 - - [14/Dec/2015:19:55:12 -0500] "GET /opensso/namingservice HTTP/1.1" 200 7 "-" "Java/1.5.0_21" 220 183
127.0.0.1 - - [14/Dec/2015:19:55:13 -0500] "GET /opensso/namingservice HTTP/1.1" 200 7 "-" "Java/1.5.0_21" 220 183
137.78.207.218 - - [14/Dec/2015:19:55:28 -0500] "HEAD /LMMPUI/LMMP_CLIENT/LMMP.html HTTP/1.1" 200 - "-" "curl/7.38.0" 110 274
127.0.0.1 - - [14/Dec/2015:19:55:42 -0500] "GET /opensso/namingservice HTTP/1.1" 200 7 "-" "Java/1.5.0_21" 220 183
127.0.0.1 - - [14/Dec/2015:19:55:43 -0500] "GET /opensso/namingservice HTTP/1.1" 200 7 "-" "Java/1.5.0_21" 220 183
127.0.0.1 - - [14/Dec/2015:19:56:12 -0500] "GET /opensso/namingservice HTTP/1.1" 200 7 "-" "Java/1.5.0_21" 220 183
127.0.0.1 - - [14/Dec/2015:19:56:13 -0500] "GET /opensso/namingservice HTTP/1.1" 200 7 "-" "Java/1.5.0_21" 220 183
127.0.0.1 - - [14/Dec/2015:19:56:42 -0500] "GET /opensso/namingservice HTTP/1.1" 200 7 "-" "Java/1.5.0_21" 220 183
127.0.0.1 - - [14/Dec/2015:19:56:43 -0500] "GET /opensso/namingservice HTTP/1.1" 200 7 "-" "Java/1.5.0_21" 220 183
127.0.0.1 - - [14/Dec/2015:19:57:12 -0500] "GET /opensso/namingservice HTTP/1.1" 200 7 "-" "Java/1.5.0_21" 220 183
127.0.0.1 - - [14/Dec/2015:19:57:13 -0500] "GET /opensso/namingservice HTTP/1.1" 200 7 "-" "Java/1.5.0_21" 220 183
66.249.64.228 - - [14/Dec/2015:19:57:17 -0500] "GET /redmine/issues/gantt?month=1&months=6&year=1930&zoom=1 HTTP/1.1" 200 27567 "-" "Mozilla/5.0 (compatible; Googlebot/2.1; +http://www.google.com/bot.html)" 345 28256
127.0.0.1 - - [14/Dec/2015:19:57:42 -0500] "GET /opensso/namingservice HTTP/1.1" 200 7 "-" "Java/1.5.0_21" 220 183
127.0.0.1 - - [14/Dec/2015:19:57:43 -0500] "GET /opensso/namingservice HTTP/1.1" 200 7 "-" "Java/1.5.0_21" 220 183
127.0.0.1 - - [14/Dec/2015:19:58:12 -0500] "GET /opensso/namingservice HTTP/1.1" 200 7 "-" "Java/1.5.0_21" 220 183
127.0.0.1 - - [14/Dec/2015:19:58:13 -0500] "GET /opensso/namingservice HTTP/1.1" 200 7 "-" "Java/1.5.0_21" 220 183
127.0.0.1 - - [14/Dec/2015:19:58:42 -0500] "GET /opensso/namingservice HTTP/1.1" 200 7 "-" "Java/1.5.0_21" 220 183
127.0.0.1 - - [14/Dec/2015:19:58:43 -0500] "GET /opensso/namingservice HTTP/1.1" 200 7 "-" "Java/1.5.0_21" 220 183
127.0.0.1 - - [14/Dec/2015:19:59:12 -0500] "GET /opensso/namingservice HTTP/1.1" 200 7 "-" "Java/1.5.0_21" 220 183
127.0.0.1 - - [14/Dec/2015:19:59:13 -0500] "GET /opensso/namingservice HTTP/1.1" 200 7 "-" "Java/1.5.0_21" 220 183
127.0.0.1 - - [14/Dec/2015:19:59:42 -0500] "GET /opensso/namingservice HTTP/1.1" 200 7 "-" "Java/1.5.0_21" 220 183
127.0.0.1 - - [14/Dec/2015:19:59:43 -0500] "GET /opensso/namingservice HTTP/1.1" 200 7 "-" "Java/1.5.0_21" 220 183
127.0.0.1 - - [14/Dec/2015:20:00:12 -0500] "GET /opensso/namingservice HTTP/1.1" 200 7 "-" "Java/1.5.0_21" 220 183
127.0.0.1 - - [14/Dec/2015:20:00:13 -0500] "GET /opensso/namingservice HTTP/1.1" 200 7 "-" "Java/1.5.0_21" 220 183
137.78.207.218 - - [14/Dec/2015:20:00:28 -0500] "HEAD /LMMPUI/LMMP_CLIENT/LMMP.html HTTP/1.1" 200 - "-" "curl/7.38.0" 110 274
127.0.0.1 - - [14/Dec/2015:20:00:42 -0500] "GET /opensso/namingservice HTTP/1.1" 200 7 "-" "Java/1.5.0_21" 220 183
127.0.0.1 - - [14/Dec/2015:20:00:43 -0500] "GET /opensso/namingservice HTTP/1.1" 200 7 "-" "Java/1.5.0_21" 220 183
66.249.64.223 - - [14/Dec/2015:20:01:04 -0500] "GET /redmine/issues/gantt?month=3&months=6&year=2333&zoom=2 HTTP/1.1" 200 30887 "-" "Mozilla/5.0 (compatible; Googlebot/2.1; +http://www.google.com/bot.html)" 345 31576
127.0.0.1 - - [14/Dec/2015:20:01:12 -0500] "GET /opensso/namingservice HTTP/1.1" 200 7 "-" "Java/1.5.0_21" 220 183
127.0.0.1 - - [14/Dec/2015:20:01:13 -0500] "GET /opensso/namingservice HTTP/1.1" 200 7 "-" "Java/1.5.0_21" 220 183
66.249.64.26 - - [14/Dec/2015:20:01:14 -0500] "GET /redmine/screencast/player.swf?videoPath=/redmine/screencast/resultstable.f4v&posterPath=/redmine/screencast/resultstable.png&skinPath=/redmine/screencast/com/skin/skin.swf HTTP/1.1" 200 81937 "-" "Googlebot-Video/1.0" 663 86559
127.0.0.1 - - [14/Dec/2015:20:01:42 -0500] "GET /opensso/namingservice HTTP/1.1" 200 7 "-" "Java/1.5.0_21" 220 183
127.0.0.1 - - [14/Dec/2015:20:01:43 -0500] "GET /opensso/namingservice HTTP/1.1" 200 7 "-" "Java/1.5.0_21" 220 183
127.0.0.1 - - [14/Dec/2015:20:02:12 -0500] "GET /opensso/namingservice HTTP/1.1" 200 7 "-" "Java/1.5.0_21" 220 183
127.0.0.1 - - [14/Dec/2015:20:02:13 -0500] "GET /opensso/namingservice HTTP/1.1" 200 7 "-" "Java/1.5.0_21" 220 183
127.0.0.1 - - [14/Dec/2015:20:02:42 -0500] "GET /opensso/namingservice HTTP/1.1" 200 7 "-" "Java/1.5.0_21" 220 183
127.0.0.1 - - [14/Dec/2015:20:02:43 -0500] "GET /opensso/namingservice HTTP/1.1" 200 7 "-" "Java/1.5.0_21" 220 183
127.0.0.1 - - [14/Dec/2015:20:03:12 -0500] "GET /opensso/namingservice HTTP/1.1" 200 7 "-" "Java/1.5.0_21" 220 183
127.0.0.1 - - [14/Dec/2015:20:03:13 -0500] "GET /opensso/namingservice HTTP/1.1" 200 7 "-" "Java/1.5.0_21" 220 183
127.0.0.1 - - [14/Dec/2015:20:03:42 -0500] "GET /opensso/namingservice HTTP/1.1" 200 7 "-" "Java/1.5.0_21" 220 183
127.0.0.1 - - [14/Dec/2015:20:03:43 -0500] "GET /opensso/namingservice HTTP/1.1" 200 7 "-" "Java/1.5.0_21" 220 183
127.0.0.1 - - [14/Dec/2015:20:04:12 -0500] "GET /opensso/namingservice HTTP/1.1" 200 7 "-" "Java/1.5.0_21" 220 183
127.0.0.1 - - [14/Dec/2015:20:04:13 -0500] "GET /opensso/namingservice HTTP/1.1" 200 7 "-" "Java/1.5.0_21" 220 183
127.0.0.1 - - [14/Dec/2015:20:04:42 -0500] "GET /opensso/namingservice HTTP/1.1" 200 7 "-" "Java/1.5.0_21" 220 183
127.0.0.1 - - [14/Dec/2015:20:04:43 -0500] "GET /opensso/namingservice HTTP/1.1" 200 7 "-" "Java/1.5.0_21" 220 183
66.249.64.228 - - [14/Dec/2015:20:04:51 -0500] "GET /redmine/issues/gantt?month=7&months=6&year=2097&zoom=3 HTTP/1.1" 200 51447 "-" "Mozilla/5.0 (compatible; Googlebot/2.1; +http://www.google.com/bot.html)" 345 52136
176.241.11.211 - - [14/Dec/2015:20:04:38 -0500] "GET /arcgis/rest/services/CombinedNomenclature/MapServer?f=json HTTP/1.1" 200 801 "-" "ArcGIS.Android-10.2.3/4.4.4/SAMSUNG-SM-A500FU" 207 1099
176.241.11.211 - - [14/Dec/2015:20:05:02 -0500] "GET /arcgis/rest/services/CombinedNomenclature/MapServer/export?f=image&bbox=-15.152097133569526%2C6.364864904698649%2C-6.429866499957486%2C20.102378152637613&bboxSR=104903&size=520%2C819&format=png&transparent=true&dpi=213&imageSR=104903&layers=hide%3A-1 HTTP/1.1" 200 4901 "-" "ArcGIS.Android-10.2.3/4.4.4/SAMSUNG-SM-A500FU" 399 5191
127.0.0.1 - - [14/Dec/2015:20:05:12 -0500] "GET /opensso/namingservice HTTP/1.1" 200 7 "-" "Java/1.5.0_21" 220 183
127.0.0.1 - - [14/Dec/2015:20:05:13 -0500] "GET /opensso/namingservice HTTP/1.1" 200 7 "-" "Java/1.5.0_21" 220 183
137.78.207.218 - - [14/Dec/2015:20:05:28 -0500] "HEAD /LMMPUI/LMMP_CLIENT/LMMP.html HTTP/1.1" 200 - "-" "curl/7.38.0" 110 274
127.0.0.1 - - [14/Dec/2015:20:05:42 -0500] "GET /opensso/namingservice HTTP/1.1" 200 7 "-" "Java/1.5.0_21" 220 183
127.0.0.1 - - [14/Dec/2015:20:05:43 -0500] "GET /opensso/namingservice HTTP/1.1" 200 7 "-" "Java/1.5.0_21" 220 183
127.0.0.1 - - [14/Dec/2015:20:06:12 -0500] "GET /opensso/namingservice HTTP/1.1" 200 7 "-" "Java/1.5.0_21" 220 183
127.0.0.1 - - [14/Dec/2015:20:06:13 -0500] "GET /opensso/namingservice HTTP/1.1" 200 7 "-" "Java/1.5.0_21" 220 183
127.0.0.1 - - [14/Dec/2015:20:06:42 -0500] "GET /opensso/namingservice HTTP/1.1" 200 7 "-" "Java/1.5.0_21" 220 183
127.0.0.1 - - [14/Dec/2015:20:06:43 -0500] "GET /opensso/namingservice HTTP/1.1" 200 7 "-" "Java/1.5.0_21" 220 183
127.0.0.1 - - [14/Dec/2015:20:07:12 -0500] "GET /opensso/namingservice HTTP/1.1" 200 7 "-" "Java/1.5.0_21" 220 183
127.0.0.1 - - [14/Dec/2015:20:07:13 -0500] "GET /opensso/namingservice HTTP/1.1" 200 7 "-" "Java/1.5.0_21" 220 183
127.0.0.1 - - [14/Dec/2015:20:07:42 -0500] "GET /opensso/namingservice HTTP/1.1" 200 7 "-" "Java/1.5.0_21" 220 183
127.0.0.1 - - [14/Dec/2015:20:07:43 -0500] "GET /opensso/namingservice HTTP/1.1" 200 7 "-" "Java/1.5.0_21" 220 183
127.0.0.1 - - [14/Dec/2015:20:08:12 -0500] "GET /opensso/namingservice HTTP/1.1" 200 7 "-" "Java/1.5.0_21" 220 183
127.0.0.1 - - [14/Dec/2015:20:08:13 -0500] "GET /opensso/namingservice HTTP/1.1" 200 7 "-" "Java/1.5.0_21" 220 183
66.249.64.36 - - [14/Dec/2015:20:08:38 -0500] "GET /redmine/issues/gantt?month=10&months=6&year=1579&zoom=2 HTTP/1.1" 200 30906 "-" "Mozilla/5.0 (compatible; Googlebot/2.1; +http://www.google.com/bot.html)" 660 35760
127.0.0.1 - - [14/Dec/2015:20:08:42 -0500] "GET /opensso/namingservice HTTP/1.1" 200 7 "-" "Java/1.5.0_21" 220 183
127.0.0.1 - - [14/Dec/2015:20:08:43 -0500] "GET /opensso/namingservice HTTP/1.1" 200 7 "-" "Java/1.5.0_21" 220 183
127.0.0.1 - - [14/Dec/2015:20:09:12 -0500] "GET /opensso/namingservice HTTP/1.1" 200 7 "-" "Java/1.5.0_21" 220 183
127.0.0.1 - - [14/Dec/2015:20:09:13 -0500] "GET /opensso/namingservice HTTP/1.1" 200 7 "-" "Java/1.5.0_21" 220 183
127.0.0.1 - - [14/Dec/2015:20:09:42 -0500] "GET /opensso/namingservice HTTP/1.1" 200 7 "-" "Java/1.5.0_21" 220 183
127.0.0.1 - - [14/Dec/2015:20:09:43 -0500] "GET /opensso/namingservice HTTP/1.1" 200 7 "-" "Java/1.5.0_21" 220 183
127.0.0.1 - - [14/Dec/2015:20:10:12 -0500] "GET /opensso/namingservice HTTP/1.1" 200 7 "-" "Java/1.5.0_21" 220 183
127.0.0.1 - - [14/Dec/2015:20:10:13 -0500] "GET /opensso/namingservice HTTP/1.1" 200 7 "-" "Java/1.5.0_21" 220 183
137.78.207.218 - - [14/Dec/2015:20:10:28 -0500] "HEAD /LMMPUI/LMMP_CLIENT/LMMP.html HTTP/1.1" 200 - "-" "curl/7.38.0" 110 274
127.0.0.1 - - [14/Dec/2015:20:10:42 -0500] "GET /opensso/namingservice HTTP/1.1" 200 7 "-" "Java/1.5.0_21" 220 183
127.0.0.1 - - [14/Dec/2015:20:10:43 -0500] "GET /opensso/namingservice HTTP/1.1" 200 7 "-" "Java/1.5.0_21" 220 183
127.0.0.1 - - [14/Dec/2015:20:11:12 -0500] "GET /opensso/namingservice HTTP/1.1" 200 7 "-" "Java/1.5.0_21" 220 183
127.0.0.1 - - [14/Dec/2015:20:11:13 -0500] "GET /opensso/namingservice HTTP/1.1" 200 7 "-" "Java/1.5.0_21" 220 183
127.0.0.1 - - [14/Dec/2015:20:11:42 -0500] "GET /opensso/namingservice HTTP/1.1" 200 7 "-" "Java/1.5.0_21" 220 183
127.0.0.1 - - [14/Dec/2015:20:11:43 -0500] "GET /opensso/namingservice HTTP/1.1" 200 7 "-" "Java/1.5.0_21" 220 183
127.0.0.1 - - [14/Dec/2015:20:12:12 -0500] "GET /opensso/namingservice HTTP/1.1" 200 7 "-" "Java/1.5.0_21" 220 183
127.0.0.1 - - [14/Dec/2015:20:12:13 -0500] "GET /opensso/namingservice HTTP/1.1" 200 7 "-" "Java/1.5.0_21" 220 183
66.249.64.223 - - [14/Dec/2015:20:12:25 -0500] "GET /redmine/issues/gantt?month=12&months=6&year=2849&zoom=3 HTTP/1.1" 200 51201 "-" "Mozilla/5.0 (compatible; Googlebot/2.1; +http://www.google.com/bot.html)" 346 51890
127.0.0.1 - - [14/Dec/2015:20:12:42 -0500] "GET /opensso/namingservice HTTP/1.1" 200 7 "-" "Java/1.5.0_21" 220 183
127.0.0.1 - - [14/Dec/2015:20:12:43 -0500] "GET /opensso/namingservice HTTP/1.1" 200 7 "-" "Java/1.5.0_21" 220 183
127.0.0.1 - - [14/Dec/2015:20:13:12 -0500] "GET /opensso/namingservice HTTP/1.1" 200 7 "-" "Java/1.5.0_21" 220 183
127.0.0.1 - - [14/Dec/2015:20:13:13 -0500] "GET /opensso/namingservice HTTP/1.1" 200 7 "-" "Java/1.5.0_21" 220 183
127.0.0.1 - - [14/Dec/2015:20:13:42 -0500] "GET /opensso/namingservice HTTP/1.1" 200 7 "-" "Java/1.5.0_21" 220 183
127.0.0.1 - - [14/Dec/2015:20:13:43 -0500] "GET /opensso/namingservice HTTP/1.1" 200 7 "-" "Java/1.5.0_21" 220 183
127.0.0.1 - - [14/Dec/2015:20:14:12 -0500] "GET /opensso/namingservice HTTP/1.1" 200 7 "-" "Java/1.5.0_21" 220 183
127.0.0.1 - - [14/Dec/2015:20:14:13 -0500] "GET /opensso/namingservice HTTP/1.1" 200 7 "-" "Java/1.5.0_21" 220 183
127.0.0.1 - - [14/Dec/2015:20:14:42 -0500] "GET /opensso/namingservice HTTP/1.1" 200 7 "-" "Java/1.5.0_21" 220 183
127.0.0.1 - - [14/Dec/2015:20:14:43 -0500] "GET /opensso/namingservice HTTP/1.1" 200 7 "-" "Java/1.5.0_21" 220 183
127.0.0.1 - - [14/Dec/2015:20:15:12 -0500] "GET /opensso/namingservice HTTP/1.1" 200 7 "-" "Java/1.5.0_21" 220 183
127.0.0.1 - - [14/Dec/2015:20:15:13 -0500] "GET /opensso/namingservice HTTP/1.1" 200 7 "-" "Java/1.5.0_21" 220 183
137.78.207.218 - - [14/Dec/2015:20:15:28 -0500] "HEAD /LMMPUI/LMMP_CLIENT/LMMP.html HTTP/1.1" 200 - "-" "curl/7.38.0" 110 274
127.0.0.1 - - [14/Dec/2015:20:15:42 -0500] "GET /opensso/namingservice HTTP/1.1" 200 7 "-" "Java/1.5.0_21" 220 183
127.0.0.1 - - [14/Dec/2015:20:15:43 -0500] "GET /opensso/namingservice HTTP/1.1" 200 7 "-" "Java/1.5.0_21" 220 183
127.0.0.1 - - [14/Dec/2015:20:16:12 -0500] "GET /opensso/namingservice HTTP/1.1" 200 7 "-" "Java/1.5.0_21" 220 183
66.249.64.218 - - [14/Dec/2015:20:16:12 -0500] "GET /redmine/issues/gantt?month=9&months=6&year=2792&zoom=2 HTTP/1.1" 200 30796 "-" "Mozilla/5.0 (compatible; Googlebot/2.1; +http://www.google.com/bot.html)" 345 31485
127.0.0.1 - - [14/Dec/2015:20:16:13 -0500] "POST /opensso/sessionservice HTTP/1.1" 200 2025 "-" "Java/1.5.0_21" 714 2203
127.0.0.1 - - [14/Dec/2015:20:16:13 -0500] "GET /opensso/identity//xml/read?name=TomcatApps3&attributes_names=realm&attributes_values_realm=%2Fappspub&attributes_names=objecttype&attributes_values_objecttype=Agent&admin=AQIC5wM2LY4Sfcwfuin4GF3PcpsYz2%2Bb0KEYXSwMUvZPjqA%3D%40AAJTSQACMDE%3D%23 HTTP/1.1" 200 13732 "-" "Java/1.5.0_21" 442 13916
127.0.0.1 - - [14/Dec/2015:20:16:13 -0500] "GET /opensso/namingservice HTTP/1.1" 200 7 "-" "Java/1.5.0_21" 220 182
127.0.0.1 - - [14/Dec/2015:20:16:42 -0500] "GET /opensso/namingservice HTTP/1.1" 200 7 "-" "Java/1.5.0_21" 220 183
127.0.0.1 - - [14/Dec/2015:20:16:43 -0500] "GET /opensso/namingservice HTTP/1.1" 200 7 "-" "Java/1.5.0_21" 220 183
127.0.0.1 - - [14/Dec/2015:20:17:12 -0500] "GET /opensso/namingservice HTTP/1.1" 200 7 "-" "Java/1.5.0_21" 220 183
127.0.0.1 - - [14/Dec/2015:20:17:13 -0500] "GET /opensso/namingservice HTTP/1.1" 200 7 "-" "Java/1.5.0_21" 220 183
127.0.0.1 - - [14/Dec/2015:20:17:42 -0500] "GET /opensso/namingservice HTTP/1.1" 200 7 "-" "Java/1.5.0_21" 220 183
127.0.0.1 - - [14/Dec/2015:20:17:43 -0500] "GET /opensso/namingservice HTTP/1.1" 200 7 "-" "Java/1.5.0_21" 220 183
127.0.0.1 - - [14/Dec/2015:20:18:12 -0500] "GET /opensso/namingservice HTTP/1.1" 200 7 "-" "Java/1.5.0_21" 220 183
127.0.0.1 - - [14/Dec/2015:20:18:13 -0500] "GET /opensso/namingservice HTTP/1.1" 200 7 "-" "Java/1.5.0_21" 220 183
127.0.0.1 - - [14/Dec/2015:20:18:42 -0500] "GET /opensso/namingservice HTTP/1.1" 200 7 "-" "Java/1.5.0_21" 220 183
127.0.0.1 - - [14/Dec/2015:20:18:43 -0500] "GET /opensso/namingservice HTTP/1.1" 200 7 "-" "Java/1.5.0_21" 220 183
127.0.0.1 - - [14/Dec/2015:20:19:12 -0500] "GET /opensso/namingservice HTTP/1.1" 200 7 "-" "Java/1.5.0_21" 220 183
127.0.0.1 - - [14/Dec/2015:20:19:13 -0500] "GET /opensso/namingservice HTTP/1.1" 200 7 "-" "Java/1.5.0_21" 220 183
127.0.0.1 - - [14/Dec/2015:20:19:42 -0500] "GET /opensso/namingservice HTTP/1.1" 200 7 "-" "Java/1.5.0_21" 220 183
127.0.0.1 - - [14/Dec/2015:20:19:43 -0500] "GET /opensso/namingservice HTTP/1.1" 200 7 "-" "Java/1.5.0_21" 220 183
66.249.64.223 - - [14/Dec/2015:20:19:59 -0500] "GET /redmine/issues/gantt?month=2&months=6&year=2252&zoom=4 HTTP/1.1" 200 51132 "-" "Mozilla/5.0 (compatible; Googlebot/2.1; +http://www.google.com/bot.html)" 345 51821
127.0.0.1 - - [14/Dec/2015:20:20:12 -0500] "GET /opensso/namingservice HTTP/1.1" 200 7 "-" "Java/1.5.0_21" 220 183
127.0.0.1 - - [14/Dec/2015:20:20:13 -0500] "GET /opensso/namingservice HTTP/1.1" 200 7 "-" "Java/1.5.0_21" 220 183
137.78.207.218 - - [14/Dec/2015:20:20:28 -0500] "HEAD /LMMPUI/LMMP_CLIENT/LMMP.html HTTP/1.1" 200 - "-" "curl/7.38.0" 110 274
127.0.0.1 - - [14/Dec/2015:20:20:42 -0500] "GET /opensso/namingservice HTTP/1.1" 200 7 "-" "Java/1.5.0_21" 220 183
127.0.0.1 - - [14/Dec/2015:20:20:43 -0500] "GET /opensso/namingservice HTTP/1.1" 200 7 "-" "Java/1.5.0_21" 220 183
127.0.0.1 - - [14/Dec/2015:20:21:12 -0500] "GET /opensso/namingservice HTTP/1.1" 200 7 "-" "Java/1.5.0_21" 220 183
127.0.0.1 - - [14/Dec/2015:20:21:13 -0500] "GET /opensso/namingservice HTTP/1.1" 200 7 "-" "Java/1.5.0_21" 220 183
127.0.0.1 - - [14/Dec/2015:20:21:42 -0500] "GET /opensso/namingservice HTTP/1.1" 200 7 "-" "Java/1.5.0_21" 220 183
127.0.0.1 - - [14/Dec/2015:20:21:43 -0500] "GET /opensso/namingservice HTTP/1.1" 200 7 "-" "Java/1.5.0_21" 220 183
127.0.0.1 - - [14/Dec/2015:20:22:12 -0500] "GET /opensso/namingservice HTTP/1.1" 200 7 "-" "Java/1.5.0_21" 220 183
127.0.0.1 - - [14/Dec/2015:20:22:13 -0500] "GET /opensso/namingservice HTTP/1.1" 200 7 "-" "Java/1.5.0_21" 220 183
127.0.0.1 - - [14/Dec/2015:20:22:42 -0500] "GET /opensso/namingservice HTTP/1.1" 200 7 "-" "Java/1.5.0_21" 220 183
127.0.0.1 - - [14/Dec/2015:20:22:43 -0500] "GET /opensso/namingservice HTTP/1.1" 200 7 "-" "Java/1.5.0_21" 220 183
176.253.182.54 - - [14/Dec/2015:20:23:10 -0500] "GET /arcgis/rest/services/CombinedNomenclature/MapServer?f=json HTTP/1.1" 200 801 "-" "ArcGIS.Android-10.2.3/4.2.2/TESCO-HUDL-HT7S3" 206 1099
127.0.0.1 - - [14/Dec/2015:20:23:12 -0500] "GET /opensso/namingservice HTTP/1.1" 200 7 "-" "Java/1.5.0_21" 220 183
127.0.0.1 - - [14/Dec/2015:20:23:13 -0500] "GET /opensso/namingservice HTTP/1.1" 200 7 "-" "Java/1.5.0_21" 220 183
