127.0.0.1 - - [22/Jun/2015:22:37:12 -0400] "GET /opensso/namingservice HTTP/1.1" 200 7 "-" "Java/1.5.0_21" 220 183
127.0.0.1 - - [22/Jun/2015:22:37:13 -0400] "GET /opensso/namingservice HTTP/1.1" 200 7 "-" "Java/1.5.0_21" 220 183
137.78.207.218 - - [22/Jun/2015:22:37:16 -0400] "HEAD /LMMPUI/LMMP_CLIENT/LMMP.html HTTP/1.1" 200 - "-" "curl/7.38.0" 110 274
137.78.207.218 - - [22/Jun/2015:22:37:16 -0400] "HEAD /LMMPUI/LMMP_CLIENT/LMMP.html HTTP/1.1" 200 - "-" "curl/7.38.0" 110 274
127.0.0.1 - - [22/Jun/2015:22:37:42 -0400] "GET /opensso/namingservice HTTP/1.1" 200 7 "-" "Java/1.5.0_21" 220 183
127.0.0.1 - - [22/Jun/2015:22:37:43 -0400] "GET /opensso/namingservice HTTP/1.1" 200 7 "-" "Java/1.5.0_21" 220 183
127.0.0.1 - - [22/Jun/2015:22:38:12 -0400] "GET /opensso/namingservice HTTP/1.1" 200 7 "-" "Java/1.5.0_21" 220 183
127.0.0.1 - - [22/Jun/2015:22:38:13 -0400] "GET /opensso/namingservice HTTP/1.1" 200 7 "-" "Java/1.5.0_21" 220 183
66.249.67.97 - - [22/Jun/2015:22:38:34 -0400] "GET /redmine/projects/lmmpwiki/activity?from=1962-06-06 HTTP/1.1" 200 4829 "-" "Mozilla/5.0 (compatible; Googlebot/2.1; +http://www.google.com/bot.html)" 341 5391
127.0.0.1 - - [22/Jun/2015:22:38:42 -0400] "GET /opensso/namingservice HTTP/1.1" 200 7 "-" "Java/1.5.0_21" 220 183
127.0.0.1 - - [22/Jun/2015:22:38:43 -0400] "GET /opensso/namingservice HTTP/1.1" 200 7 "-" "Java/1.5.0_21" 220 183
127.0.0.1 - - [22/Jun/2015:22:39:12 -0400] "GET /opensso/namingservice HTTP/1.1" 200 7 "-" "Java/1.5.0_21" 220 183
127.0.0.1 - - [22/Jun/2015:22:39:13 -0400] "GET /opensso/namingservice HTTP/1.1" 200 7 "-" "Java/1.5.0_21" 220 183
74.82.47.2 - - [22/Jun/2015:22:39:21 -0400] "GET / HTTP/1.1" 302 235 "-" "-" 354 4391
127.0.0.1 - - [22/Jun/2015:22:39:42 -0400] "GET /opensso/namingservice HTTP/1.1" 200 7 "-" "Java/1.5.0_21" 220 183
127.0.0.1 - - [22/Jun/2015:22:39:43 -0400] "GET /opensso/namingservice HTTP/1.1" 200 7 "-" "Java/1.5.0_21" 220 183
127.0.0.1 - - [22/Jun/2015:22:40:12 -0400] "GET /opensso/namingservice HTTP/1.1" 200 7 "-" "Java/1.5.0_21" 220 183
127.0.0.1 - - [22/Jun/2015:22:40:13 -0400] "GET /opensso/namingservice HTTP/1.1" 200 7 "-" "Java/1.5.0_21" 220 183
70.211.138.28 - - [22/Jun/2015:22:40:20 -0400] "GET /opensso/identity/isTokenValid HTTP/1.1" 200 13 "-" "Moon%20Tours/1.0.0 CFNetwork/672.1.14 Darwin/14.0.0" 339 171
127.0.0.1 - - [22/Jun/2015:22:40:42 -0400] "GET /opensso/namingservice HTTP/1.1" 200 7 "-" "Java/1.5.0_21" 220 183
127.0.0.1 - - [22/Jun/2015:22:40:43 -0400] "GET /opensso/namingservice HTTP/1.1" 200 7 "-" "Java/1.5.0_21" 220 183
127.0.0.1 - - [22/Jun/2015:22:41:12 -0400] "GET /opensso/namingservice HTTP/1.1" 200 7 "-" "Java/1.5.0_21" 220 183
127.0.0.1 - - [22/Jun/2015:22:41:13 -0400] "GET /opensso/namingservice HTTP/1.1" 200 7 "-" "Java/1.5.0_21" 220 183
180.76.15.23 - - [22/Jun/2015:22:41:31 -0400] "GET / HTTP/1.1" 302 237 "-" "Mozilla/5.0 (compatible; Baiduspider/2.0; +http://www.baidu.com/search/spider.html)" 183 506
127.0.0.1 - - [22/Jun/2015:22:41:42 -0400] "GET /opensso/namingservice HTTP/1.1" 200 7 "-" "Java/1.5.0_21" 220 183
127.0.0.1 - - [22/Jun/2015:22:41:43 -0400] "GET /opensso/namingservice HTTP/1.1" 200 7 "-" "Java/1.5.0_21" 220 183
127.0.0.1 - - [22/Jun/2015:22:42:12 -0400] "GET /opensso/namingservice HTTP/1.1" 200 7 "-" "Java/1.5.0_21" 220 183
127.0.0.1 - - [22/Jun/2015:22:42:13 -0400] "GET /opensso/namingservice HTTP/1.1" 200 7 "-" "Java/1.5.0_21" 220 183
137.78.207.218 - - [22/Jun/2015:22:42:17 -0400] "HEAD /LMMPUI/LMMP_CLIENT/LMMP.html HTTP/1.1" 200 - "-" "curl/7.38.0" 110 274
137.78.207.218 - - [22/Jun/2015:22:42:17 -0400] "HEAD /LMMPUI/LMMP_CLIENT/LMMP.html HTTP/1.1" 200 - "-" "curl/7.38.0" 110 274
66.249.67.85 - - [22/Jun/2015:22:42:21 -0400] "GET /redmine/projects/lmmpwiki/activity?from=1916-09-10 HTTP/1.1" 200 4829 "-" "Mozilla/5.0 (compatible; Googlebot/2.1; +http://www.google.com/bot.html)" 341 5391
180.76.15.5 - - [22/Jun/2015:22:42:30 -0400] "GET / HTTP/1.1" 302 237 "-" "Mozilla/5.0 (compatible; Baiduspider/2.0; +http://www.baidu.com/search/spider.html)" 183 506
127.0.0.1 - - [22/Jun/2015:22:42:42 -0400] "GET /opensso/namingservice HTTP/1.1" 200 7 "-" "Java/1.5.0_21" 220 183
127.0.0.1 - - [22/Jun/2015:22:42:43 -0400] "GET /opensso/namingservice HTTP/1.1" 200 7 "-" "Java/1.5.0_21" 220 183
127.0.0.1 - - [22/Jun/2015:22:43:12 -0400] "GET /opensso/namingservice HTTP/1.1" 200 7 "-" "Java/1.5.0_21" 220 183
127.0.0.1 - - [22/Jun/2015:22:43:13 -0400] "GET /opensso/namingservice HTTP/1.1" 200 7 "-" "Java/1.5.0_21" 220 183
127.0.0.1 - - [22/Jun/2015:22:43:42 -0400] "GET /opensso/namingservice HTTP/1.1" 200 7 "-" "Java/1.5.0_21" 220 183
127.0.0.1 - - [22/Jun/2015:22:43:43 -0400] "GET /opensso/namingservice HTTP/1.1" 200 7 "-" "Java/1.5.0_21" 220 183
127.0.0.1 - - [22/Jun/2015:22:44:12 -0400] "GET /opensso/namingservice HTTP/1.1" 200 7 "-" "Java/1.5.0_21" 220 183
127.0.0.1 - - [22/Jun/2015:22:44:13 -0400] "GET /opensso/namingservice HTTP/1.1" 200 7 "-" "Java/1.5.0_21" 220 183
127.0.0.1 - - [22/Jun/2015:22:44:42 -0400] "GET /opensso/namingservice HTTP/1.1" 200 7 "-" "Java/1.5.0_21" 220 183
127.0.0.1 - - [22/Jun/2015:22:44:43 -0400] "GET /opensso/namingservice HTTP/1.1" 200 7 "-" "Java/1.5.0_21" 220 183
127.0.0.1 - - [22/Jun/2015:22:45:12 -0400] "GET /opensso/namingservice HTTP/1.1" 200 7 "-" "Java/1.5.0_21" 220 183
127.0.0.1 - - [22/Jun/2015:22:45:13 -0400] "GET /opensso/namingservice HTTP/1.1" 200 7 "-" "Java/1.5.0_21" 220 183
127.0.0.1 - - [22/Jun/2015:22:45:42 -0400] "GET /opensso/namingservice HTTP/1.1" 200 7 "-" "Java/1.5.0_21" 220 183
127.0.0.1 - - [22/Jun/2015:22:45:43 -0400] "GET /opensso/namingservice HTTP/1.1" 200 7 "-" "Java/1.5.0_21" 220 183
66.249.67.97 - - [22/Jun/2015:22:46:08 -0400] "GET /redmine/activity?from=1896-09-30&show_news=1&user_id=1 HTTP/1.1" 200 5677 "-" "Mozilla/5.0 (compatible; Googlebot/2.1; +http://www.google.com/bot.html)" 345 6239
127.0.0.1 - - [22/Jun/2015:22:46:12 -0400] "GET /opensso/namingservice HTTP/1.1" 200 7 "-" "Java/1.5.0_21" 220 183
127.0.0.1 - - [22/Jun/2015:22:46:13 -0400] "GET /opensso/namingservice HTTP/1.1" 200 7 "-" "Java/1.5.0_21" 220 183
127.0.0.1 - - [22/Jun/2015:22:46:42 -0400] "GET /opensso/namingservice HTTP/1.1" 200 7 "-" "Java/1.5.0_21" 220 183
127.0.0.1 - - [22/Jun/2015:22:46:43 -0400] "GET /opensso/namingservice HTTP/1.1" 200 7 "-" "Java/1.5.0_21" 220 183
127.0.0.1 - - [22/Jun/2015:22:47:12 -0400] "GET /opensso/namingservice HTTP/1.1" 200 7 "-" "Java/1.5.0_21" 220 183
127.0.0.1 - - [22/Jun/2015:22:47:13 -0400] "GET /opensso/namingservice HTTP/1.1" 200 7 "-" "Java/1.5.0_21" 220 183
137.78.207.218 - - [22/Jun/2015:22:47:16 -0400] "HEAD /LMMPUI/LMMP_CLIENT/LMMP.html HTTP/1.1" 200 - "-" "curl/7.38.0" 110 274
137.78.207.218 - - [22/Jun/2015:22:47:16 -0400] "HEAD /LMMPUI/LMMP_CLIENT/LMMP.html HTTP/1.1" 200 - "-" "curl/7.38.0" 110 274
127.0.0.1 - - [22/Jun/2015:22:47:42 -0400] "GET /opensso/namingservice HTTP/1.1" 200 7 "-" "Java/1.5.0_21" 220 183
127.0.0.1 - - [22/Jun/2015:22:47:43 -0400] "GET /opensso/namingservice HTTP/1.1" 200 7 "-" "Java/1.5.0_21" 220 183
127.0.0.1 - - [22/Jun/2015:22:48:12 -0400] "GET /opensso/namingservice HTTP/1.1" 200 7 "-" "Java/1.5.0_21" 220 183
127.0.0.1 - - [22/Jun/2015:22:48:13 -0400] "GET /opensso/namingservice HTTP/1.1" 200 7 "-" "Java/1.5.0_21" 220 183
127.0.0.1 - - [22/Jun/2015:22:48:42 -0400] "GET /opensso/namingservice HTTP/1.1" 200 7 "-" "Java/1.5.0_21" 220 183
127.0.0.1 - - [22/Jun/2015:22:48:43 -0400] "GET /opensso/namingservice HTTP/1.1" 200 7 "-" "Java/1.5.0_21" 220 183
127.0.0.1 - - [22/Jun/2015:22:49:12 -0400] "GET /opensso/namingservice HTTP/1.1" 200 7 "-" "Java/1.5.0_21" 220 183
127.0.0.1 - - [22/Jun/2015:22:49:13 -0400] "GET /opensso/namingservice HTTP/1.1" 200 7 "-" "Java/1.5.0_21" 220 183
127.0.0.1 - - [22/Jun/2015:22:49:42 -0400] "GET /opensso/namingservice HTTP/1.1" 200 7 "-" "Java/1.5.0_21" 220 183
127.0.0.1 - - [22/Jun/2015:22:49:43 -0400] "GET /opensso/namingservice HTTP/1.1" 200 7 "-" "Java/1.5.0_21" 220 183
66.249.67.85 - - [22/Jun/2015:22:49:55 -0400] "GET /redmine/projects/lmmpwiki/activity?from=1930-05-25 HTTP/1.1" 200 4829 "-" "Mozilla/5.0 (compatible; Googlebot/2.1; +http://www.google.com/bot.html)" 341 5391
127.0.0.1 - - [22/Jun/2015:22:50:12 -0400] "GET /opensso/namingservice HTTP/1.1" 200 7 "-" "Java/1.5.0_21" 220 183
127.0.0.1 - - [22/Jun/2015:22:50:13 -0400] "GET /opensso/namingservice HTTP/1.1" 200 7 "-" "Java/1.5.0_21" 220 183
127.0.0.1 - - [22/Jun/2015:22:50:42 -0400] "GET /opensso/namingservice HTTP/1.1" 200 7 "-" "Java/1.5.0_21" 220 183
127.0.0.1 - - [22/Jun/2015:22:50:43 -0400] "GET /opensso/namingservice HTTP/1.1" 200 7 "-" "Java/1.5.0_21" 220 183
127.0.0.1 - - [22/Jun/2015:22:51:12 -0400] "GET /opensso/namingservice HTTP/1.1" 200 7 "-" "Java/1.5.0_21" 220 183
127.0.0.1 - - [22/Jun/2015:22:51:13 -0400] "GET /opensso/namingservice HTTP/1.1" 200 7 "-" "Java/1.5.0_21" 220 183
127.0.0.1 - - [22/Jun/2015:22:51:42 -0400] "GET /opensso/namingservice HTTP/1.1" 200 7 "-" "Java/1.5.0_21" 220 183
127.0.0.1 - - [22/Jun/2015:22:51:43 -0400] "GET /opensso/namingservice HTTP/1.1" 200 7 "-" "Java/1.5.0_21" 220 183
127.0.0.1 - - [22/Jun/2015:22:52:12 -0400] "GET /opensso/namingservice HTTP/1.1" 200 7 "-" "Java/1.5.0_21" 220 183
127.0.0.1 - - [22/Jun/2015:22:52:13 -0400] "GET /opensso/namingservice HTTP/1.1" 200 7 "-" "Java/1.5.0_21" 220 183
137.78.207.218 - - [22/Jun/2015:22:52:17 -0400] "HEAD /LMMPUI/LMMP_CLIENT/LMMP.html HTTP/1.1" 200 - "-" "curl/7.38.0" 110 274
137.78.207.218 - - [22/Jun/2015:22:52:17 -0400] "HEAD /LMMPUI/LMMP_CLIENT/LMMP.html HTTP/1.1" 200 - "-" "curl/7.38.0" 110 274
127.0.0.1 - - [22/Jun/2015:22:52:42 -0400] "GET /opensso/namingservice HTTP/1.1" 200 7 "-" "Java/1.5.0_21" 220 183
127.0.0.1 - - [22/Jun/2015:22:52:43 -0400] "GET /opensso/namingservice HTTP/1.1" 200 7 "-" "Java/1.5.0_21" 220 183
127.0.0.1 - - [22/Jun/2015:22:53:12 -0400] "GET /opensso/namingservice HTTP/1.1" 200 7 "-" "Java/1.5.0_21" 220 183
127.0.0.1 - - [22/Jun/2015:22:53:13 -0400] "GET /opensso/namingservice HTTP/1.1" 200 7 "-" "Java/1.5.0_21" 220 183
127.0.0.1 - - [22/Jun/2015:22:53:42 -0400] "GET /opensso/namingservice HTTP/1.1" 200 7 "-" "Java/1.5.0_21" 220 183
127.0.0.1 - - [22/Jun/2015:22:53:43 -0400] "GET /opensso/namingservice HTTP/1.1" 200 7 "-" "Java/1.5.0_21" 220 183
66.249.67.97 - - [22/Jun/2015:22:53:45 -0400] "GET /redmine/projects/lmmpwiki/activity?from=1984-09-15&show_news=1 HTTP/1.1" 200 4917 "-" "Mozilla/5.0 (compatible; Googlebot/2.1; +http://www.google.com/bot.html)" 353 5479
127.0.0.1 - - [22/Jun/2015:22:54:12 -0400] "GET /opensso/namingservice HTTP/1.1" 200 7 "-" "Java/1.5.0_21" 220 183
127.0.0.1 - - [22/Jun/2015:22:54:13 -0400] "GET /opensso/namingservice HTTP/1.1" 200 7 "-" "Java/1.5.0_21" 220 183
127.0.0.1 - - [22/Jun/2015:22:54:42 -0400] "GET /opensso/namingservice HTTP/1.1" 200 7 "-" "Java/1.5.0_21" 220 183
127.0.0.1 - - [22/Jun/2015:22:54:43 -0400] "GET /opensso/namingservice HTTP/1.1" 200 7 "-" "Java/1.5.0_21" 220 183
100.43.85.27 - - [22/Jun/2015:22:54:50 -0400] "GET /redmine/projects/lmmpwiki/wiki/CraterSearch HTTP/1.1" 200 8404 "-" "Mozilla/5.0 (compatible; YandexBot/3.0; +http://yandex.com/bots)" 325 8884
127.0.0.1 - - [22/Jun/2015:22:55:12 -0400] "GET /opensso/namingservice HTTP/1.1" 200 7 "-" "Java/1.5.0_21" 220 183
127.0.0.1 - - [22/Jun/2015:22:55:13 -0400] "GET /opensso/namingservice HTTP/1.1" 200 7 "-" "Java/1.5.0_21" 220 183
127.0.0.1 - - [22/Jun/2015:22:55:42 -0400] "GET /opensso/namingservice HTTP/1.1" 200 7 "-" "Java/1.5.0_21" 220 183
127.0.0.1 - - [22/Jun/2015:22:55:43 -0400] "GET /opensso/namingservice HTTP/1.1" 200 7 "-" "Java/1.5.0_21" 220 183
127.0.0.1 - - [22/Jun/2015:22:56:12 -0400] "GET /opensso/namingservice HTTP/1.1" 200 7 "-" "Java/1.5.0_21" 220 183
127.0.0.1 - - [22/Jun/2015:22:56:13 -0400] "GET /opensso/namingservice HTTP/1.1" 200 7 "-" "Java/1.5.0_21" 220 183
127.0.0.1 - - [22/Jun/2015:22:56:42 -0400] "GET /opensso/namingservice HTTP/1.1" 200 7 "-" "Java/1.5.0_21" 220 183
127.0.0.1 - - [22/Jun/2015:22:56:43 -0400] "GET /opensso/namingservice HTTP/1.1" 200 7 "-" "Java/1.5.0_21" 220 183
127.0.0.1 - - [22/Jun/2015:22:57:12 -0400] "GET /opensso/namingservice HTTP/1.1" 200 7 "-" "Java/1.5.0_21" 220 183
127.0.0.1 - - [22/Jun/2015:22:57:13 -0400] "GET /opensso/namingservice HTTP/1.1" 200 7 "-" "Java/1.5.0_21" 220 183
137.78.207.218 - - [22/Jun/2015:22:57:16 -0400] "HEAD /LMMPUI/LMMP_CLIENT/LMMP.html HTTP/1.1" 200 - "-" "curl/7.38.0" 110 274
137.78.207.218 - - [22/Jun/2015:22:57:16 -0400] "HEAD /LMMPUI/LMMP_CLIENT/LMMP.html HTTP/1.1" 200 - "-" "curl/7.38.0" 110 274
127.0.0.1 - - [22/Jun/2015:22:57:42 -0400] "GET /opensso/namingservice HTTP/1.1" 200 7 "-" "Java/1.5.0_21" 220 183
127.0.0.1 - - [22/Jun/2015:22:57:43 -0400] "GET /opensso/namingservice HTTP/1.1" 200 7 "-" "Java/1.5.0_21" 220 183
66.249.67.91 - - [22/Jun/2015:22:57:46 -0400] "GET /redmine/projects/lmmpwiki/activity?from=1900-03-02&show_news=1 HTTP/1.1" 200 4917 "-" "Mozilla/5.0 (compatible; Googlebot/2.1; +http://www.google.com/bot.html)" 353 5479
127.0.0.1 - - [22/Jun/2015:22:58:12 -0400] "GET /opensso/namingservice HTTP/1.1" 200 7 "-" "Java/1.5.0_21" 220 183
127.0.0.1 - - [22/Jun/2015:22:58:13 -0400] "GET /opensso/namingservice HTTP/1.1" 200 7 "-" "Java/1.5.0_21" 220 183
127.0.0.1 - - [22/Jun/2015:22:58:42 -0400] "GET /opensso/namingservice HTTP/1.1" 200 7 "-" "Java/1.5.0_21" 220 183
127.0.0.1 - - [22/Jun/2015:22:58:43 -0400] "GET /opensso/namingservice HTTP/1.1" 200 7 "-" "Java/1.5.0_21" 220 183
127.0.0.1 - - [22/Jun/2015:22:59:12 -0400] "GET /opensso/namingservice HTTP/1.1" 200 7 "-" "Java/1.5.0_21" 220 183
127.0.0.1 - - [22/Jun/2015:22:59:13 -0400] "GET /opensso/namingservice HTTP/1.1" 200 7 "-" "Java/1.5.0_21" 220 183
127.0.0.1 - - [22/Jun/2015:22:59:42 -0400] "GET /opensso/namingservice HTTP/1.1" 200 7 "-" "Java/1.5.0_21" 220 183
127.0.0.1 - - [22/Jun/2015:22:59:43 -0400] "GET /opensso/namingservice HTTP/1.1" 200 7 "-" "Java/1.5.0_21" 220 183
93.174.93.218 - - [22/Jun/2015:22:59:52 -0400] "GET http://httpheader.net HTTP/1.1" 302 234 "-" "Mozilla/5.0 (Windows; U; Windows NT 6.1; en-US; rv:1.9.2.28) Gecko/20120306 Firefox/3.6.28 (.NET CLR 3.5.30729)" 444 481
93.174.93.218 - - [22/Jun/2015:22:59:52 -0400] "GET http://httpheader.net/LMMPUI/LMMP_CLIENT/LMMP.html HTTP/1.1" 200 8973 "http://httpheader.net" "Mozilla/5.0 (Windows; U; Windows NT 6.1; en-US; rv:1.9.2.28) Gecko/20120306 Firefox/3.6.28 (.NET CLR 3.5.30729)" 505 9247
127.0.0.1 - - [22/Jun/2015:23:00:12 -0400] "GET /opensso/namingservice HTTP/1.1" 200 7 "-" "Java/1.5.0_21" 220 183
127.0.0.1 - - [22/Jun/2015:23:00:13 -0400] "GET /opensso/namingservice HTTP/1.1" 200 7 "-" "Java/1.5.0_21" 220 183
127.0.0.1 - - [22/Jun/2015:23:00:42 -0400] "GET /opensso/namingservice HTTP/1.1" 200 7 "-" "Java/1.5.0_21" 220 183
127.0.0.1 - - [22/Jun/2015:23:00:43 -0400] "GET /opensso/namingservice HTTP/1.1" 200 7 "-" "Java/1.5.0_21" 220 183
127.0.0.1 - - [22/Jun/2015:23:01:12 -0400] "GET /opensso/namingservice HTTP/1.1" 200 7 "-" "Java/1.5.0_21" 220 183
127.0.0.1 - - [22/Jun/2015:23:01:13 -0400] "GET /opensso/namingservice HTTP/1.1" 200 7 "-" "Java/1.5.0_21" 220 183
66.249.67.91 - - [22/Jun/2015:23:01:17 -0400] "GET /redmine/projects/lmmpwiki/activity?from=1865-05-26 HTTP/1.1" 200 4829 "-" "Mozilla/5.0 (compatible; Googlebot/2.1; +http://www.google.com/bot.html)" 341 5391
127.0.0.1 - - [22/Jun/2015:23:01:42 -0400] "GET /opensso/namingservice HTTP/1.1" 200 7 "-" "Java/1.5.0_21" 220 183
127.0.0.1 - - [22/Jun/2015:23:01:43 -0400] "GET /opensso/namingservice HTTP/1.1" 200 7 "-" "Java/1.5.0_21" 220 183
127.0.0.1 - - [22/Jun/2015:23:02:12 -0400] "GET /opensso/namingservice HTTP/1.1" 200 7 "-" "Java/1.5.0_21" 220 183
127.0.0.1 - - [22/Jun/2015:23:02:13 -0400] "GET /opensso/namingservice HTTP/1.1" 200 7 "-" "Java/1.5.0_21" 220 183
137.78.207.218 - - [22/Jun/2015:23:02:16 -0400] "HEAD /LMMPUI/LMMP_CLIENT/LMMP.html HTTP/1.1" 200 - "-" "curl/7.38.0" 110 274
137.78.207.218 - - [22/Jun/2015:23:02:16 -0400] "HEAD /LMMPUI/LMMP_CLIENT/LMMP.html HTTP/1.1" 200 - "-" "curl/7.38.0" 110 274
127.0.0.1 - - [22/Jun/2015:23:02:42 -0400] "GET /opensso/namingservice HTTP/1.1" 200 7 "-" "Java/1.5.0_21" 220 183
127.0.0.1 - - [22/Jun/2015:23:02:43 -0400] "GET /opensso/namingservice HTTP/1.1" 200 7 "-" "Java/1.5.0_21" 220 183
127.0.0.1 - - [22/Jun/2015:23:03:12 -0400] "GET /opensso/namingservice HTTP/1.1" 200 7 "-" "Java/1.5.0_21" 220 183
127.0.0.1 - - [22/Jun/2015:23:03:13 -0400] "GET /opensso/namingservice HTTP/1.1" 200 7 "-" "Java/1.5.0_21" 220 183
123.125.71.50 - - [22/Jun/2015:23:03:35 -0400] "GET / HTTP/1.1" 302 237 "-" "Mozilla/5.0 (Windows NT 5.1; rv:6.0.2) Gecko/20100101 Firefox/6.0.2" 179 506
127.0.0.1 - - [22/Jun/2015:23:03:42 -0400] "GET /opensso/namingservice HTTP/1.1" 200 7 "-" "Java/1.5.0_21" 220 183
127.0.0.1 - - [22/Jun/2015:23:03:43 -0400] "GET /opensso/namingservice HTTP/1.1" 200 7 "-" "Java/1.5.0_21" 220 183
127.0.0.1 - - [22/Jun/2015:23:04:12 -0400] "GET /opensso/namingservice HTTP/1.1" 200 7 "-" "Java/1.5.0_21" 220 183
127.0.0.1 - - [22/Jun/2015:23:04:13 -0400] "GET /opensso/namingservice HTTP/1.1" 200 7 "-" "Java/1.5.0_21" 220 183
127.0.0.1 - - [22/Jun/2015:23:04:42 -0400] "GET /opensso/namingservice HTTP/1.1" 200 7 "-" "Java/1.5.0_21" 220 183
127.0.0.1 - - [22/Jun/2015:23:04:43 -0400] "GET /opensso/namingservice HTTP/1.1" 200 7 "-" "Java/1.5.0_21" 220 183
66.249.67.97 - - [22/Jun/2015:23:05:04 -0400] "GET /redmine/projects/lmmpwiki/activity?from=1909-11-09 HTTP/1.1" 200 4829 "-" "Mozilla/5.0 (compatible; Googlebot/2.1; +http://www.google.com/bot.html)" 341 5391
123.125.71.49 - - [22/Jun/2015:23:05:10 -0400] "GET /LMMPUI/LMMP_CLIENT/LMMP.html HTTP/1.1" 200 8973 "-" "Mozilla/5.0 (Windows NT 5.1; rv:6.0.2) Gecko/20100101 Firefox/6.0.2" 207 9266
127.0.0.1 - - [22/Jun/2015:23:05:12 -0400] "GET /opensso/namingservice HTTP/1.1" 200 7 "-" "Java/1.5.0_21" 220 183
127.0.0.1 - - [22/Jun/2015:23:05:13 -0400] "GET /opensso/namingservice HTTP/1.1" 200 7 "-" "Java/1.5.0_21" 220 183
127.0.0.1 - - [22/Jun/2015:23:05:42 -0400] "GET /opensso/namingservice HTTP/1.1" 200 7 "-" "Java/1.5.0_21" 220 183
127.0.0.1 - - [22/Jun/2015:23:05:43 -0400] "GET /opensso/namingservice HTTP/1.1" 200 7 "-" "Java/1.5.0_21" 220 183
127.0.0.1 - - [22/Jun/2015:23:06:12 -0400] "GET /opensso/namingservice HTTP/1.1" 200 7 "-" "Java/1.5.0_21" 220 183
127.0.0.1 - - [22/Jun/2015:23:06:13 -0400] "GET /opensso/namingservice HTTP/1.1" 200 7 "-" "Java/1.5.0_21" 220 183
127.0.0.1 - - [22/Jun/2015:23:06:42 -0400] "GET /opensso/namingservice HTTP/1.1" 200 7 "-" "Java/1.5.0_21" 220 183
127.0.0.1 - - [22/Jun/2015:23:06:43 -0400] "GET /opensso/namingservice HTTP/1.1" 200 7 "-" "Java/1.5.0_21" 220 183
127.0.0.1 - - [22/Jun/2015:23:07:12 -0400] "GET /opensso/namingservice HTTP/1.1" 200 7 "-" "Java/1.5.0_21" 220 183
127.0.0.1 - - [22/Jun/2015:23:07:13 -0400] "GET /opensso/namingservice HTTP/1.1" 200 7 "-" "Java/1.5.0_21" 220 183
220.181.108.176 - - [22/Jun/2015:23:07:16 -0400] "GET / HTTP/1.1" 302 237 "-" "Mozilla/5.0 (Windows NT 5.1; rv:6.0.2) Gecko/20100101 Firefox/6.0.2" 179 506
137.78.207.218 - - [22/Jun/2015:23:07:16 -0400] "HEAD /LMMPUI/LMMP_CLIENT/LMMP.html HTTP/1.1" 200 - "-" "curl/7.38.0" 110 274
137.78.207.218 - - [22/Jun/2015:23:07:16 -0400] "HEAD /LMMPUI/LMMP_CLIENT/LMMP.html HTTP/1.1" 200 - "-" "curl/7.38.0" 110 274
127.0.0.1 - - [22/Jun/2015:23:07:42 -0400] "GET /opensso/namingservice HTTP/1.1" 200 7 "-" "Java/1.5.0_21" 220 183
127.0.0.1 - - [22/Jun/2015:23:07:43 -0400] "GET /opensso/namingservice HTTP/1.1" 200 7 "-" "Java/1.5.0_21" 220 183
127.0.0.1 - - [22/Jun/2015:23:08:12 -0400] "GET /opensso/namingservice HTTP/1.1" 200 7 "-" "Java/1.5.0_21" 220 183
127.0.0.1 - - [22/Jun/2015:23:08:13 -0400] "GET /opensso/namingservice HTTP/1.1" 200 7 "-" "Java/1.5.0_21" 220 183
66.249.67.11 - - [22/Jun/2015:23:08:16 -0400] "GET /redmine/activity?from=2012-01-21&show_files=1&user_id=1 HTTP/1.1" 200 5683 "-" "Mozilla/5.0 (compatible; Googlebot/2.1; +http://www.google.com/bot.html)" 719 10334
127.0.0.1 - - [22/Jun/2015:23:08:42 -0400] "GET /opensso/namingservice HTTP/1.1" 200 7 "-" "Java/1.5.0_21" 220 183
127.0.0.1 - - [22/Jun/2015:23:08:43 -0400] "GET /opensso/namingservice HTTP/1.1" 200 7 "-" "Java/1.5.0_21" 220 183
66.249.67.85 - - [22/Jun/2015:23:08:51 -0400] "GET /redmine/projects/lmmpwiki/activity?from=1940-01-09 HTTP/1.1" 200 4829 "-" "Mozilla/5.0 (compatible; Googlebot/2.1; +http://www.google.com/bot.html)" 341 5391
220.181.108.178 - - [22/Jun/2015:23:09:07 -0400] "GET /LMMPUI/LMMP_CLIENT/LMMP.html HTTP/1.1" 200 8973 "-" "Mozilla/5.0 (Windows NT 5.1; rv:6.0.2) Gecko/20100101 Firefox/6.0.2" 207 9266
127.0.0.1 - - [22/Jun/2015:23:09:12 -0400] "GET /opensso/namingservice HTTP/1.1" 200 7 "-" "Java/1.5.0_21" 220 183
127.0.0.1 - - [22/Jun/2015:23:09:13 -0400] "GET /opensso/namingservice HTTP/1.1" 200 7 "-" "Java/1.5.0_21" 220 183
127.0.0.1 - - [22/Jun/2015:23:09:42 -0400] "GET /opensso/namingservice HTTP/1.1" 200 7 "-" "Java/1.5.0_21" 220 183
127.0.0.1 - - [22/Jun/2015:23:09:43 -0400] "GET /opensso/namingservice HTTP/1.1" 200 7 "-" "Java/1.5.0_21" 220 183
127.0.0.1 - - [22/Jun/2015:23:10:12 -0400] "GET /opensso/namingservice HTTP/1.1" 200 7 "-" "Java/1.5.0_21" 220 183
127.0.0.1 - - [22/Jun/2015:23:10:13 -0400] "GET /opensso/namingservice HTTP/1.1" 200 7 "-" "Java/1.5.0_21" 220 183
127.0.0.1 - - [22/Jun/2015:23:10:42 -0400] "GET /opensso/namingservice HTTP/1.1" 200 7 "-" "Java/1.5.0_21" 220 183
127.0.0.1 - - [22/Jun/2015:23:10:43 -0400] "GET /opensso/namingservice HTTP/1.1" 200 7 "-" "Java/1.5.0_21" 220 183
127.0.0.1 - - [22/Jun/2015:23:11:12 -0400] "GET /opensso/namingservice HTTP/1.1" 200 7 "-" "Java/1.5.0_21" 220 183
127.0.0.1 - - [22/Jun/2015:23:11:13 -0400] "GET /opensso/namingservice HTTP/1.1" 200 7 "-" "Java/1.5.0_21" 220 183
127.0.0.1 - - [22/Jun/2015:23:11:42 -0400] "GET /opensso/namingservice HTTP/1.1" 200 7 "-" "Java/1.5.0_21" 220 183
127.0.0.1 - - [22/Jun/2015:23:11:43 -0400] "GET /opensso/namingservice HTTP/1.1" 200 7 "-" "Java/1.5.0_21" 220 183
127.0.0.1 - - [22/Jun/2015:23:12:12 -0400] "GET /opensso/namingservice HTTP/1.1" 200 7 "-" "Java/1.5.0_21" 220 183
127.0.0.1 - - [22/Jun/2015:23:12:13 -0400] "GET /opensso/namingservice HTTP/1.1" 200 7 "-" "Java/1.5.0_21" 220 183
137.78.207.218 - - [22/Jun/2015:23:12:16 -0400] "HEAD /LMMPUI/LMMP_CLIENT/LMMP.html HTTP/1.1" 200 - "-" "curl/7.38.0" 110 274
137.78.207.218 - - [22/Jun/2015:23:12:16 -0400] "HEAD /LMMPUI/LMMP_CLIENT/LMMP.html HTTP/1.1" 200 - "-" "curl/7.38.0" 110 274
127.0.0.1 - - [22/Jun/2015:23:12:42 -0400] "GET /opensso/namingservice HTTP/1.1" 200 7 "-" "Java/1.5.0_21" 220 183
127.0.0.1 - - [22/Jun/2015:23:12:43 -0400] "GET /opensso/namingservice HTTP/1.1" 200 7 "-" "Java/1.5.0_21" 220 183
66.249.67.85 - - [22/Jun/2015:23:12:52 -0400] "GET /redmine/projects/lmmpwiki/activity?from=1918-11-26 HTTP/1.1" 200 4829 "-" "Mozilla/5.0 (compatible; Googlebot/2.1; +http://www.google.com/bot.html)" 341 5391
127.0.0.1 - - [22/Jun/2015:23:13:12 -0400] "GET /opensso/namingservice HTTP/1.1" 200 7 "-" "Java/1.5.0_21" 220 183
127.0.0.1 - - [22/Jun/2015:23:13:13 -0400] "GET /opensso/namingservice HTTP/1.1" 200 7 "-" "Java/1.5.0_21" 220 183
127.0.0.1 - - [22/Jun/2015:23:13:42 -0400] "GET /opensso/namingservice HTTP/1.1" 200 7 "-" "Java/1.5.0_21" 220 183
127.0.0.1 - - [22/Jun/2015:23:13:43 -0400] "GET /opensso/namingservice HTTP/1.1" 200 7 "-" "Java/1.5.0_21" 220 183
127.0.0.1 - - [22/Jun/2015:23:14:12 -0400] "GET /opensso/namingservice HTTP/1.1" 200 7 "-" "Java/1.5.0_21" 220 183
127.0.0.1 - - [22/Jun/2015:23:14:13 -0400] "GET /opensso/namingservice HTTP/1.1" 200 7 "-" "Java/1.5.0_21" 220 183
127.0.0.1 - - [22/Jun/2015:23:14:42 -0400] "GET /opensso/namingservice HTTP/1.1" 200 7 "-" "Java/1.5.0_21" 220 183
127.0.0.1 - - [22/Jun/2015:23:14:43 -0400] "GET /opensso/namingservice HTTP/1.1" 200 7 "-" "Java/1.5.0_21" 220 183
127.0.0.1 - - [22/Jun/2015:23:15:12 -0400] "GET /opensso/namingservice HTTP/1.1" 200 7 "-" "Java/1.5.0_21" 220 183
127.0.0.1 - - [22/Jun/2015:23:15:13 -0400] "GET /opensso/namingservice HTTP/1.1" 200 7 "-" "Java/1.5.0_21" 220 183
127.0.0.1 - - [22/Jun/2015:23:15:42 -0400] "GET /opensso/namingservice HTTP/1.1" 200 7 "-" "Java/1.5.0_21" 220 183
127.0.0.1 - - [22/Jun/2015:23:15:43 -0400] "GET /opensso/namingservice HTTP/1.1" 200 7 "-" "Java/1.5.0_21" 220 183
127.0.0.1 - - [22/Jun/2015:23:16:12 -0400] "GET /opensso/namingservice HTTP/1.1" 200 7 "-" "Java/1.5.0_21" 220 183
127.0.0.1 - - [22/Jun/2015:23:16:13 -0400] "POST /opensso/sessionservice HTTP/1.1" 200 2025 "-" "Java/1.5.0_21" 714 2203
127.0.0.1 - - [22/Jun/2015:23:16:13 -0400] "GET /opensso/identity//xml/read?name=TomcatApps3&attributes_names=realm&attributes_values_realm=%2Fappspub&attributes_names=objecttype&attributes_values_objecttype=Agent&admin=AQIC5wM2LY4Sfcwfuin4GF3PcpsYz2%2Bb0KEYXSwMUvZPjqA%3D%40AAJTSQACMDE%3D%23 HTTP/1.1" 200 13732 "-" "Java/1.5.0_21" 442 13916
127.0.0.1 - - [22/Jun/2015:23:16:13 -0400] "GET /opensso/namingservice HTTP/1.1" 200 7 "-" "Java/1.5.0_21" 220 182
66.249.67.97 - - [22/Jun/2015:23:16:25 -0400] "GET /redmine/projects/lmmpwiki/activity?from=1979-07-07 HTTP/1.1" 200 4829 "-" "Mozilla/5.0 (compatible; Googlebot/2.1; +http://www.google.com/bot.html)" 341 5391
127.0.0.1 - - [22/Jun/2015:23:16:42 -0400] "GET /opensso/namingservice HTTP/1.1" 200 7 "-" "Java/1.5.0_21" 220 183
127.0.0.1 - - [22/Jun/2015:23:16:43 -0400] "GET /opensso/namingservice HTTP/1.1" 200 7 "-" "Java/1.5.0_21" 220 183
127.0.0.1 - - [22/Jun/2015:23:17:12 -0400] "GET /opensso/namingservice HTTP/1.1" 200 7 "-" "Java/1.5.0_21" 220 183
127.0.0.1 - - [22/Jun/2015:23:17:13 -0400] "GET /opensso/namingservice HTTP/1.1" 200 7 "-" "Java/1.5.0_21" 220 183
137.78.207.218 - - [22/Jun/2015:23:17:16 -0400] "HEAD /LMMPUI/LMMP_CLIENT/LMMP.html HTTP/1.1" 200 - "-" "curl/7.38.0" 110 274
137.78.207.218 - - [22/Jun/2015:23:17:16 -0400] "HEAD /LMMPUI/LMMP_CLIENT/LMMP.html HTTP/1.1" 200 - "-" "curl/7.38.0" 110 274
100.43.85.27 - - [22/Jun/2015:23:17:40 -0400] "GET /redmine/projects/lmmpwiki/wiki/Map_Linking HTTP/1.1" 200 8519 "-" "Mozilla/5.0 (compatible; YandexBot/3.0; +http://yandex.com/bots)" 324 8999
127.0.0.1 - - [22/Jun/2015:23:17:42 -0400] "GET /opensso/namingservice HTTP/1.1" 200 7 "-" "Java/1.5.0_21" 220 183
127.0.0.1 - - [22/Jun/2015:23:17:43 -0400] "GET /opensso/namingservice HTTP/1.1" 200 7 "-" "Java/1.5.0_21" 220 183
127.0.0.1 - - [22/Jun/2015:23:18:12 -0400] "GET /opensso/namingservice HTTP/1.1" 200 7 "-" "Java/1.5.0_21" 220 183
127.0.0.1 - - [22/Jun/2015:23:18:13 -0400] "GET /opensso/namingservice HTTP/1.1" 200 7 "-" "Java/1.5.0_21" 220 183
127.0.0.1 - - [22/Jun/2015:23:18:42 -0400] "GET /opensso/namingservice HTTP/1.1" 200 7 "-" "Java/1.5.0_21" 220 183
127.0.0.1 - - [22/Jun/2015:23:18:43 -0400] "GET /opensso/namingservice HTTP/1.1" 200 7 "-" "Java/1.5.0_21" 220 183
127.0.0.1 - - [22/Jun/2015:23:19:12 -0400] "GET /opensso/namingservice HTTP/1.1" 200 7 "-" "Java/1.5.0_21" 220 183
127.0.0.1 - - [22/Jun/2015:23:19:13 -0400] "GET /opensso/namingservice HTTP/1.1" 200 7 "-" "Java/1.5.0_21" 220 183
127.0.0.1 - - [22/Jun/2015:23:19:42 -0400] "GET /opensso/namingservice HTTP/1.1" 200 7 "-" "Java/1.5.0_21" 220 183
127.0.0.1 - - [22/Jun/2015:23:19:43 -0400] "GET /opensso/namingservice HTTP/1.1" 200 7 "-" "Java/1.5.0_21" 220 183
127.0.0.1 - - [22/Jun/2015:23:20:12 -0400] "GET /opensso/namingservice HTTP/1.1" 200 7 "-" "Java/1.5.0_21" 220 183
66.249.67.85 - - [22/Jun/2015:23:20:12 -0400] "GET /redmine/projects/lmmpwiki/activity?from=2005-12-01 HTTP/1.1" 200 4829 "-" "Mozilla/5.0 (compatible; Googlebot/2.1; +http://www.google.com/bot.html)" 341 5391
127.0.0.1 - - [22/Jun/2015:23:20:13 -0400] "GET /opensso/namingservice HTTP/1.1" 200 7 "-" "Java/1.5.0_21" 220 183
127.0.0.1 - - [22/Jun/2015:23:20:42 -0400] "GET /opensso/namingservice HTTP/1.1" 200 7 "-" "Java/1.5.0_21" 220 183
127.0.0.1 - - [22/Jun/2015:23:20:43 -0400] "GET /opensso/namingservice HTTP/1.1" 200 7 "-" "Java/1.5.0_21" 220 183
127.0.0.1 - - [22/Jun/2015:23:21:12 -0400] "GET /opensso/namingservice HTTP/1.1" 200 7 "-" "Java/1.5.0_21" 220 183
127.0.0.1 - - [22/Jun/2015:23:21:13 -0400] "GET /opensso/namingservice HTTP/1.1" 200 7 "-" "Java/1.5.0_21" 220 183
127.0.0.1 - - [22/Jun/2015:23:21:42 -0400] "GET /opensso/namingservice HTTP/1.1" 200 7 "-" "Java/1.5.0_21" 220 183
127.0.0.1 - - [22/Jun/2015:23:21:43 -0400] "GET /opensso/namingservice HTTP/1.1" 200 7 "-" "Java/1.5.0_21" 220 183
127.0.0.1 - - [22/Jun/2015:23:22:12 -0400] "GET /opensso/namingservice HTTP/1.1" 200 7 "-" "Java/1.5.0_21" 220 183
127.0.0.1 - - [22/Jun/2015:23:22:13 -0400] "GET /opensso/namingservice HTTP/1.1" 200 7 "-" "Java/1.5.0_21" 220 183
137.78.207.218 - - [22/Jun/2015:23:22:17 -0400] "HEAD /LMMPUI/LMMP_CLIENT/LMMP.html HTTP/1.1" 200 - "-" "curl/7.38.0" 110 274
137.78.207.218 - - [22/Jun/2015:23:22:17 -0400] "HEAD /LMMPUI/LMMP_CLIENT/LMMP.html HTTP/1.1" 200 - "-" "curl/7.38.0" 110 274
127.0.0.1 - - [22/Jun/2015:23:22:42 -0400] "GET /opensso/namingservice HTTP/1.1" 200 7 "-" "Java/1.5.0_21" 220 183
127.0.0.1 - - [22/Jun/2015:23:22:43 -0400] "GET /opensso/namingservice HTTP/1.1" 200 7 "-" "Java/1.5.0_21" 220 183
127.0.0.1 - - [22/Jun/2015:23:23:12 -0400] "GET /opensso/namingservice HTTP/1.1" 200 7 "-" "Java/1.5.0_21" 220 183
127.0.0.1 - - [22/Jun/2015:23:23:13 -0400] "GET /opensso/namingservice HTTP/1.1" 200 7 "-" "Java/1.5.0_21" 220 183
127.0.0.1 - - [22/Jun/2015:23:23:42 -0400] "GET /opensso/namingservice HTTP/1.1" 200 7 "-" "Java/1.5.0_21" 220 183
127.0.0.1 - - [22/Jun/2015:23:23:43 -0400] "GET /opensso/namingservice HTTP/1.1" 200 7 "-" "Java/1.5.0_21" 220 183
66.249.67.91 - - [22/Jun/2015:23:23:59 -0400] "GET /redmine/projects/lmmpwiki/activity?from=1995-04-14 HTTP/1.1" 200 4829 "-" "Mozilla/5.0 (compatible; Googlebot/2.1; +http://www.google.com/bot.html)" 341 5391
127.0.0.1 - - [22/Jun/2015:23:24:12 -0400] "GET /opensso/namingservice HTTP/1.1" 200 7 "-" "Java/1.5.0_21" 220 183
127.0.0.1 - - [22/Jun/2015:23:24:13 -0400] "GET /opensso/namingservice HTTP/1.1" 200 7 "-" "Java/1.5.0_21" 220 183
127.0.0.1 - - [22/Jun/2015:23:24:42 -0400] "POST /opensso/sessionservice HTTP/1.1" 200 2024 "-" "Java/1.5.0_21" 713 2202
127.0.0.1 - - [22/Jun/2015:23:24:42 -0400] "GET /opensso/identity//xml/read?name=TomcatApps1&attributes_names=realm&attributes_values_realm=%2Fappspub&attributes_names=objecttype&attributes_values_objecttype=Agent&admin=AQIC5wM2LY4SfcyRautyD4RKpwbzv6XrE24fIq8LDPQGnm0%3D%40AAJTSQACMDE%3D%23 HTTP/1.1" 200 13607 "-" "Java/1.5.0_21" 440 13791
127.0.0.1 - - [22/Jun/2015:23:24:42 -0400] "GET /opensso/namingservice HTTP/1.1" 200 7 "-" "Java/1.5.0_21" 220 182
127.0.0.1 - - [22/Jun/2015:23:24:43 -0400] "GET /opensso/namingservice HTTP/1.1" 200 7 "-" "Java/1.5.0_21" 220 183
127.0.0.1 - - [22/Jun/2015:23:25:12 -0400] "GET /opensso/namingservice HTTP/1.1" 200 7 "-" "Java/1.5.0_21" 220 183
127.0.0.1 - - [22/Jun/2015:23:25:13 -0400] "GET /opensso/namingservice HTTP/1.1" 200 7 "-" "Java/1.5.0_21" 220 183
127.0.0.1 - - [22/Jun/2015:23:25:42 -0400] "GET /opensso/namingservice HTTP/1.1" 200 7 "-" "Java/1.5.0_21" 220 183
127.0.0.1 - - [22/Jun/2015:23:25:43 -0400] "GET /opensso/namingservice HTTP/1.1" 200 7 "-" "Java/1.5.0_21" 220 183
127.0.0.1 - - [22/Jun/2015:23:26:12 -0400] "GET /opensso/namingservice HTTP/1.1" 200 7 "-" "Java/1.5.0_21" 220 183
127.0.0.1 - - [22/Jun/2015:23:26:13 -0400] "GET /opensso/namingservice HTTP/1.1" 200 7 "-" "Java/1.5.0_21" 220 183
127.0.0.1 - - [22/Jun/2015:23:26:42 -0400] "GET /opensso/namingservice HTTP/1.1" 200 7 "-" "Java/1.5.0_21" 220 183
127.0.0.1 - - [22/Jun/2015:23:26:43 -0400] "GET /opensso/namingservice HTTP/1.1" 200 7 "-" "Java/1.5.0_21" 220 183
127.0.0.1 - - [22/Jun/2015:23:27:12 -0400] "GET /opensso/namingservice HTTP/1.1" 200 7 "-" "Java/1.5.0_21" 220 183
127.0.0.1 - - [22/Jun/2015:23:27:13 -0400] "GET /opensso/namingservice HTTP/1.1" 200 7 "-" "Java/1.5.0_21" 220 183
137.78.207.218 - - [22/Jun/2015:23:27:16 -0400] "HEAD /LMMPUI/LMMP_CLIENT/LMMP.html HTTP/1.1" 200 - "-" "curl/7.38.0" 110 274
137.78.207.218 - - [22/Jun/2015:23:27:16 -0400] "HEAD /LMMPUI/LMMP_CLIENT/LMMP.html HTTP/1.1" 200 - "-" "curl/7.38.0" 110 274
127.0.0.1 - - [22/Jun/2015:23:27:42 -0400] "GET /opensso/namingservice HTTP/1.1" 200 7 "-" "Java/1.5.0_21" 220 183
127.0.0.1 - - [22/Jun/2015:23:27:43 -0400] "GET /opensso/namingservice HTTP/1.1" 200 7 "-" "Java/1.5.0_21" 220 183
127.0.0.1 - - [22/Jun/2015:23:28:12 -0400] "GET /opensso/namingservice HTTP/1.1" 200 7 "-" "Java/1.5.0_21" 220 183
127.0.0.1 - - [22/Jun/2015:23:28:13 -0400] "GET /opensso/namingservice HTTP/1.1" 200 7 "-" "Java/1.5.0_21" 220 183
66.249.67.91 - - [22/Jun/2015:23:28:19 -0400] "GET /redmine/projects/lmmpwiki/activity?from=1957-01-19 HTTP/1.1" 200 4829 "-" "Mozilla/5.0 (compatible; Googlebot/2.1; +http://www.google.com/bot.html)" 341 5391
127.0.0.1 - - [22/Jun/2015:23:28:42 -0400] "GET /opensso/namingservice HTTP/1.1" 200 7 "-" "Java/1.5.0_21" 220 183
127.0.0.1 - - [22/Jun/2015:23:28:43 -0400] "GET /opensso/namingservice HTTP/1.1" 200 7 "-" "Java/1.5.0_21" 220 183
127.0.0.1 - - [22/Jun/2015:23:29:12 -0400] "GET /opensso/namingservice HTTP/1.1" 200 7 "-" "Java/1.5.0_21" 220 183
127.0.0.1 - - [22/Jun/2015:23:29:13 -0400] "GET /opensso/namingservice HTTP/1.1" 200 7 "-" "Java/1.5.0_21" 220 183
127.0.0.1 - - [22/Jun/2015:23:29:42 -0400] "GET /opensso/namingservice HTTP/1.1" 200 7 "-" "Java/1.5.0_21" 220 183
127.0.0.1 - - [22/Jun/2015:23:29:43 -0400] "GET /opensso/namingservice HTTP/1.1" 200 7 "-" "Java/1.5.0_21" 220 183
76.231.205.10 - - [22/Jun/2015:23:29:53 -0400] "GET /opensso/identity/isTokenValid HTTP/1.1" 200 14 "-" "Moon%20Tours/1.0.0 CFNetwork/711.3.18 Darwin/14.0.0" 230 172
76.231.205.10 - - [22/Jun/2015:23:29:54 -0400] "GET /lmmpmobile/config-1.0.json HTTP/1.1" 200 1338 "-" "Moon%20Tours/1.0.0 CFNetwork/711.3.18 Darwin/14.0.0" 218 1666
76.231.205.10 - - [22/Jun/2015:23:29:54 -0400] "GET /opensso/UI/Login?module=Anonymous&org=appspub&goto=http%3A%2F%2Fpub.lmmp.nasa.gov%2Flmmpmobile%2Frefresh HTTP/1.1" 302 - "-" "Moon%20Tours/1.0.0 CFNetwork/711.3.18 Darwin/14.0.0" 305 930
76.231.205.10 - - [22/Jun/2015:23:29:54 -0400] "GET /lmmpmobile/refresh?iPlanetDirectoryPro=AQIC5wM2LY4SfczA6EgbJA4QLfWcL6se9EZegLyqwJ8nHxk%3D%40AAJTSQACMDE%3D%23 HTTP/1.1" 200 - "-" "Moon%20Tours/1.0.0 CFNetwork/711.3.18 Darwin/14.0.0" 419 316
127.0.0.1 - - [22/Jun/2015:23:30:12 -0400] "GET /opensso/namingservice HTTP/1.1" 200 7 "-" "Java/1.5.0_21" 220 183
127.0.0.1 - - [22/Jun/2015:23:30:13 -0400] "GET /opensso/namingservice HTTP/1.1" 200 7 "-" "Java/1.5.0_21" 220 183
76.231.205.10 - - [22/Jun/2015:23:30:13 -0400] "GET /opensso/identity/isTokenValid HTTP/1.1" 200 13 "-" "Moon%20Tours/1.0.0 CFNetwork/711.3.18 Darwin/14.0.0" 339 171
76.231.205.10 - - [22/Jun/2015:23:29:54 -0400] "GET /arcgis/rest/services/ERGraticule/MapServer?f=json HTTP/1.1" 200 702 "arcgisios" "ArcGISiOS-2.3.2/8.3/iPhone7,2" 357 999
76.231.205.10 - - [22/Jun/2015:23:29:54 -0400] "GET /arcgis/rest/services/CombinedNomenclature/MapServer?f=json HTTP/1.1" 200 811 "arcgisios" "ArcGISiOS-2.3.2/8.3/iPhone7,2" 366 1108
127.0.0.1 - - [22/Jun/2015:23:30:42 -0400] "GET /opensso/namingservice HTTP/1.1" 200 7 "-" "Java/1.5.0_21" 220 183
127.0.0.1 - - [22/Jun/2015:23:30:43 -0400] "GET /opensso/namingservice HTTP/1.1" 200 7 "-" "Java/1.5.0_21" 220 183
127.0.0.1 - - [22/Jun/2015:23:31:12 -0400] "GET /opensso/namingservice HTTP/1.1" 200 7 "-" "Java/1.5.0_21" 220 183
127.0.0.1 - - [22/Jun/2015:23:31:13 -0400] "GET /opensso/namingservice HTTP/1.1" 200 7 "-" "Java/1.5.0_21" 220 183
66.249.67.85 - - [22/Jun/2015:23:31:33 -0400] "GET /redmine/projects/lmmpwiki/activity?from=1894-11-24&show_news=1 HTTP/1.1" 200 4917 "-" "Mozilla/5.0 (compatible; Googlebot/2.1; +http://www.google.com/bot.html)" 353 5479
127.0.0.1 - - [22/Jun/2015:23:31:42 -0400] "GET /opensso/namingservice HTTP/1.1" 200 7 "-" "Java/1.5.0_21" 220 183
127.0.0.1 - - [22/Jun/2015:23:31:43 -0400] "GET /opensso/namingservice HTTP/1.1" 200 7 "-" "Java/1.5.0_21" 220 183
127.0.0.1 - - [22/Jun/2015:23:32:12 -0400] "GET /opensso/namingservice HTTP/1.1" 200 7 "-" "Java/1.5.0_21" 220 183
127.0.0.1 - - [22/Jun/2015:23:32:13 -0400] "GET /opensso/namingservice HTTP/1.1" 200 7 "-" "Java/1.5.0_21" 220 183
137.78.207.218 - - [22/Jun/2015:23:32:17 -0400] "HEAD /LMMPUI/LMMP_CLIENT/LMMP.html HTTP/1.1" 200 - "-" "curl/7.38.0" 110 274
137.78.207.218 - - [22/Jun/2015:23:32:17 -0400] "HEAD /LMMPUI/LMMP_CLIENT/LMMP.html HTTP/1.1" 200 - "-" "curl/7.38.0" 110 274
127.0.0.1 - - [22/Jun/2015:23:32:42 -0400] "GET /opensso/namingservice HTTP/1.1" 200 7 "-" "Java/1.5.0_21" 220 183
127.0.0.1 - - [22/Jun/2015:23:32:43 -0400] "GET /opensso/namingservice HTTP/1.1" 200 7 "-" "Java/1.5.0_21" 220 183
127.0.0.1 - - [22/Jun/2015:23:33:12 -0400] "GET /opensso/namingservice HTTP/1.1" 200 7 "-" "Java/1.5.0_21" 220 183
127.0.0.1 - - [22/Jun/2015:23:33:13 -0400] "GET /opensso/namingservice HTTP/1.1" 200 7 "-" "Java/1.5.0_21" 220 183
180.76.15.29 - - [22/Jun/2015:23:33:24 -0400] "GET / HTTP/1.1" 302 237 "-" "Mozilla/5.0 (compatible; Baiduspider/2.0; +http://www.baidu.com/search/spider.html)" 183 506
127.0.0.1 - - [22/Jun/2015:23:33:42 -0400] "GET /opensso/namingservice HTTP/1.1" 200 7 "-" "Java/1.5.0_21" 220 183
127.0.0.1 - - [22/Jun/2015:23:33:43 -0400] "GET /opensso/namingservice HTTP/1.1" 200 7 "-" "Java/1.5.0_21" 220 183
180.76.15.139 - - [22/Jun/2015:23:34:03 -0400] "GET / HTTP/1.1" 302 237 "-" "Mozilla/5.0 (compatible; Baiduspider/2.0; +http://www.baidu.com/search/spider.html)" 183 506
127.0.0.1 - - [22/Jun/2015:23:34:12 -0400] "GET /opensso/namingservice HTTP/1.1" 200 7 "-" "Java/1.5.0_21" 220 183
127.0.0.1 - - [22/Jun/2015:23:34:13 -0400] "GET /opensso/namingservice HTTP/1.1" 200 7 "-" "Java/1.5.0_21" 220 183
127.0.0.1 - - [22/Jun/2015:23:34:42 -0400] "GET /opensso/namingservice HTTP/1.1" 200 7 "-" "Java/1.5.0_21" 220 183
127.0.0.1 - - [22/Jun/2015:23:34:43 -0400] "GET /opensso/namingservice HTTP/1.1" 200 7 "-" "Java/1.5.0_21" 220 183
127.0.0.1 - - [22/Jun/2015:23:35:12 -0400] "GET /opensso/namingservice HTTP/1.1" 200 7 "-" "Java/1.5.0_21" 220 183
127.0.0.1 - - [22/Jun/2015:23:35:13 -0400] "GET /opensso/namingservice HTTP/1.1" 200 7 "-" "Java/1.5.0_21" 220 183
66.249.67.97 - - [22/Jun/2015:23:35:20 -0400] "GET /redmine/projects/lmmpwiki/activity?from=2002-06-10 HTTP/1.1" 200 4829 "-" "Mozilla/5.0 (compatible; Googlebot/2.1; +http://www.google.com/bot.html)" 341 5391
127.0.0.1 - - [22/Jun/2015:23:35:42 -0400] "GET /opensso/namingservice HTTP/1.1" 200 7 "-" "Java/1.5.0_21" 220 183
127.0.0.1 - - [22/Jun/2015:23:35:43 -0400] "GET /opensso/namingservice HTTP/1.1" 200 7 "-" "Java/1.5.0_21" 220 183
127.0.0.1 - - [22/Jun/2015:23:36:12 -0400] "GET /opensso/namingservice HTTP/1.1" 200 7 "-" "Java/1.5.0_21" 220 183
127.0.0.1 - - [22/Jun/2015:23:36:13 -0400] "GET /opensso/namingservice HTTP/1.1" 200 7 "-" "Java/1.5.0_21" 220 183
127.0.0.1 - - [22/Jun/2015:23:36:42 -0400] "GET /opensso/namingservice HTTP/1.1" 200 7 "-" "Java/1.5.0_21" 220 183
127.0.0.1 - - [22/Jun/2015:23:36:43 -0400] "GET /opensso/namingservice HTTP/1.1" 200 7 "-" "Java/1.5.0_21" 220 183
127.0.0.1 - - [22/Jun/2015:23:37:12 -0400] "GET /opensso/namingservice HTTP/1.1" 200 7 "-" "Java/1.5.0_21" 220 183
127.0.0.1 - - [22/Jun/2015:23:37:13 -0400] "GET /opensso/namingservice HTTP/1.1" 200 7 "-" "Java/1.5.0_21" 220 183
137.78.207.218 - - [22/Jun/2015:23:37:16 -0400] "HEAD /LMMPUI/LMMP_CLIENT/LMMP.html HTTP/1.1" 200 - "-" "curl/7.38.0" 110 274
137.78.207.218 - - [22/Jun/2015:23:37:16 -0400] "HEAD /LMMPUI/LMMP_CLIENT/LMMP.html HTTP/1.1" 200 - "-" "curl/7.38.0" 110 274
127.0.0.1 - - [22/Jun/2015:23:37:42 -0400] "GET /opensso/namingservice HTTP/1.1" 200 7 "-" "Java/1.5.0_21" 220 183
127.0.0.1 - - [22/Jun/2015:23:37:43 -0400] "GET /opensso/namingservice HTTP/1.1" 200 7 "-" "Java/1.5.0_21" 220 183
127.0.0.1 - - [22/Jun/2015:23:38:12 -0400] "GET /opensso/namingservice HTTP/1.1" 200 7 "-" "Java/1.5.0_21" 220 183
127.0.0.1 - - [22/Jun/2015:23:38:13 -0400] "GET /opensso/namingservice HTTP/1.1" 200 7 "-" "Java/1.5.0_21" 220 183
127.0.0.1 - - [22/Jun/2015:23:38:42 -0400] "GET /opensso/namingservice HTTP/1.1" 200 7 "-" "Java/1.5.0_21" 220 183
127.0.0.1 - - [22/Jun/2015:23:38:43 -0400] "GET /opensso/namingservice HTTP/1.1" 200 7 "-" "Java/1.5.0_21" 220 183
66.249.67.97 - - [22/Jun/2015:23:39:07 -0400] "GET /redmine/activity?from=1896-05-03&show_news=1&user_id=1 HTTP/1.1" 200 5677 "-" "Mozilla/5.0 (compatible; Googlebot/2.1; +http://www.google.com/bot.html)" 345 6240
127.0.0.1 - - [22/Jun/2015:23:39:12 -0400] "GET /opensso/namingservice HTTP/1.1" 200 7 "-" "Java/1.5.0_21" 220 183
127.0.0.1 - - [22/Jun/2015:23:39:13 -0400] "GET /opensso/namingservice HTTP/1.1" 200 7 "-" "Java/1.5.0_21" 220 183
127.0.0.1 - - [22/Jun/2015:23:39:42 -0400] "GET /opensso/namingservice HTTP/1.1" 200 7 "-" "Java/1.5.0_21" 220 183
127.0.0.1 - - [22/Jun/2015:23:39:43 -0400] "GET /opensso/namingservice HTTP/1.1" 200 7 "-" "Java/1.5.0_21" 220 183
127.0.0.1 - - [22/Jun/2015:23:40:12 -0400] "GET /opensso/namingservice HTTP/1.1" 200 7 "-" "Java/1.5.0_21" 220 183
127.0.0.1 - - [22/Jun/2015:23:40:13 -0400] "GET /opensso/namingservice HTTP/1.1" 200 7 "-" "Java/1.5.0_21" 220 183
100.43.85.27 - - [22/Jun/2015:23:40:31 -0400] "GET /redmine/attachments/download/415 HTTP/1.1" 200 5164 "-" "Mozilla/5.0 (compatible; YandexImages/3.0; +http://yandex.com/bots)" 367 5645
127.0.0.1 - - [22/Jun/2015:23:40:42 -0400] "GET /opensso/namingservice HTTP/1.1" 200 7 "-" "Java/1.5.0_21" 220 183
127.0.0.1 - - [22/Jun/2015:23:40:43 -0400] "GET /opensso/namingservice HTTP/1.1" 200 7 "-" "Java/1.5.0_21" 220 183
127.0.0.1 - - [22/Jun/2015:23:41:12 -0400] "GET /opensso/namingservice HTTP/1.1" 200 7 "-" "Java/1.5.0_21" 220 183
127.0.0.1 - - [22/Jun/2015:23:41:13 -0400] "GET /opensso/namingservice HTTP/1.1" 200 7 "-" "Java/1.5.0_21" 220 183
127.0.0.1 - - [22/Jun/2015:23:41:42 -0400] "GET /opensso/namingservice HTTP/1.1" 200 7 "-" "Java/1.5.0_21" 220 183
127.0.0.1 - - [22/Jun/2015:23:41:43 -0400] "GET /opensso/namingservice HTTP/1.1" 200 7 "-" "Java/1.5.0_21" 220 183
127.0.0.1 - - [22/Jun/2015:23:42:12 -0400] "GET /opensso/namingservice HTTP/1.1" 200 7 "-" "Java/1.5.0_21" 220 183
127.0.0.1 - - [22/Jun/2015:23:42:13 -0400] "GET /opensso/namingservice HTTP/1.1" 200 7 "-" "Java/1.5.0_21" 220 183
137.78.207.218 - - [22/Jun/2015:23:42:17 -0400] "HEAD /LMMPUI/LMMP_CLIENT/LMMP.html HTTP/1.1" 200 - "-" "curl/7.38.0" 110 274
137.78.207.218 - - [22/Jun/2015:23:42:17 -0400] "HEAD /LMMPUI/LMMP_CLIENT/LMMP.html HTTP/1.1" 200 - "-" "curl/7.38.0" 110 274
127.0.0.1 - - [22/Jun/2015:23:42:42 -0400] "GET /opensso/namingservice HTTP/1.1" 200 7 "-" "Java/1.5.0_21" 220 183
127.0.0.1 - - [22/Jun/2015:23:42:43 -0400] "GET /opensso/namingservice HTTP/1.1" 200 7 "-" "Java/1.5.0_21" 220 183
66.249.67.97 - - [22/Jun/2015:23:43:01 -0400] "GET /redmine/projects/lmmpwiki/activity?from=1927-11-30&show_news=1 HTTP/1.1" 200 4917 "-" "Mozilla/5.0 (compatible; Googlebot/2.1; +http://www.google.com/bot.html)" 353 5479
127.0.0.1 - - [22/Jun/2015:23:43:12 -0400] "GET /opensso/namingservice HTTP/1.1" 200 7 "-" "Java/1.5.0_21" 220 183
127.0.0.1 - - [22/Jun/2015:23:43:13 -0400] "GET /opensso/namingservice HTTP/1.1" 200 7 "-" "Java/1.5.0_21" 220 183
127.0.0.1 - - [22/Jun/2015:23:43:42 -0400] "GET /opensso/namingservice HTTP/1.1" 200 7 "-" "Java/1.5.0_21" 220 183
127.0.0.1 - - [22/Jun/2015:23:43:43 -0400] "GET /opensso/namingservice HTTP/1.1" 200 7 "-" "Java/1.5.0_21" 220 183
127.0.0.1 - - [22/Jun/2015:23:44:12 -0400] "GET /opensso/namingservice HTTP/1.1" 200 7 "-" "Java/1.5.0_21" 220 183
127.0.0.1 - - [22/Jun/2015:23:44:13 -0400] "GET /opensso/namingservice HTTP/1.1" 200 7 "-" "Java/1.5.0_21" 220 183
127.0.0.1 - - [22/Jun/2015:23:44:42 -0400] "GET /opensso/namingservice HTTP/1.1" 200 7 "-" "Java/1.5.0_21" 220 183
127.0.0.1 - - [22/Jun/2015:23:44:43 -0400] "GET /opensso/namingservice HTTP/1.1" 200 7 "-" "Java/1.5.0_21" 220 183
127.0.0.1 - - [22/Jun/2015:23:45:12 -0400] "GET /opensso/namingservice HTTP/1.1" 200 7 "-" "Java/1.5.0_21" 220 183
127.0.0.1 - - [22/Jun/2015:23:45:13 -0400] "GET /opensso/namingservice HTTP/1.1" 200 7 "-" "Java/1.5.0_21" 220 183
66.249.67.105 - - [22/Jun/2015:23:45:29 -0400] "GET /olyblog/olympias-mud-bay-race-pictures-warning-naked-people HTTP/1.1" 404 257 "-" "Mozilla/5.0 (compatible; Googlebot/2.1; +http://www.google.com/bot.html)" 350 502
127.0.0.1 - - [22/Jun/2015:23:45:42 -0400] "GET /opensso/namingservice HTTP/1.1" 200 7 "-" "Java/1.5.0_21" 220 183
127.0.0.1 - - [22/Jun/2015:23:45:43 -0400] "GET /opensso/namingservice HTTP/1.1" 200 7 "-" "Java/1.5.0_21" 220 183
127.0.0.1 - - [22/Jun/2015:23:46:12 -0400] "GET /opensso/namingservice HTTP/1.1" 200 7 "-" "Java/1.5.0_21" 220 183
127.0.0.1 - - [22/Jun/2015:23:46:13 -0400] "GET /opensso/namingservice HTTP/1.1" 200 7 "-" "Java/1.5.0_21" 220 183
66.249.67.91 - - [22/Jun/2015:23:46:41 -0400] "GET /redmine/projects/lmmpwiki/activity?from=1896-08-11 HTTP/1.1" 200 4829 "-" "Mozilla/5.0 (compatible; Googlebot/2.1; +http://www.google.com/bot.html)" 341 5391
127.0.0.1 - - [22/Jun/2015:23:46:42 -0400] "GET /opensso/namingservice HTTP/1.1" 200 7 "-" "Java/1.5.0_21" 220 183
127.0.0.1 - - [22/Jun/2015:23:46:43 -0400] "GET /opensso/namingservice HTTP/1.1" 200 7 "-" "Java/1.5.0_21" 220 183
127.0.0.1 - - [22/Jun/2015:23:47:12 -0400] "GET /opensso/namingservice HTTP/1.1" 200 7 "-" "Java/1.5.0_21" 220 183
127.0.0.1 - - [22/Jun/2015:23:47:13 -0400] "GET /opensso/namingservice HTTP/1.1" 200 7 "-" "Java/1.5.0_21" 220 183
137.78.207.218 - - [22/Jun/2015:23:47:16 -0400] "HEAD /LMMPUI/LMMP_CLIENT/LMMP.html HTTP/1.1" 200 - "-" "curl/7.38.0" 110 274
137.78.207.218 - - [22/Jun/2015:23:47:16 -0400] "HEAD /LMMPUI/LMMP_CLIENT/LMMP.html HTTP/1.1" 200 - "-" "curl/7.38.0" 110 274
127.0.0.1 - - [22/Jun/2015:23:47:42 -0400] "GET /opensso/namingservice HTTP/1.1" 200 7 "-" "Java/1.5.0_21" 220 183
127.0.0.1 - - [22/Jun/2015:23:47:43 -0400] "GET /opensso/namingservice HTTP/1.1" 200 7 "-" "Java/1.5.0_21" 220 183
127.0.0.1 - - [22/Jun/2015:23:48:12 -0400] "GET /opensso/namingservice HTTP/1.1" 200 7 "-" "Java/1.5.0_21" 220 183
127.0.0.1 - - [22/Jun/2015:23:48:13 -0400] "GET /opensso/namingservice HTTP/1.1" 200 7 "-" "Java/1.5.0_21" 220 183
127.0.0.1 - - [22/Jun/2015:23:48:42 -0400] "GET /opensso/namingservice HTTP/1.1" 200 7 "-" "Java/1.5.0_21" 220 183
127.0.0.1 - - [22/Jun/2015:23:48:43 -0400] "GET /opensso/namingservice HTTP/1.1" 200 7 "-" "Java/1.5.0_21" 220 183
127.0.0.1 - - [22/Jun/2015:23:49:12 -0400] "GET /opensso/namingservice HTTP/1.1" 200 7 "-" "Java/1.5.0_21" 220 183
127.0.0.1 - - [22/Jun/2015:23:49:13 -0400] "GET /opensso/namingservice HTTP/1.1" 200 7 "-" "Java/1.5.0_21" 220 183
127.0.0.1 - - [22/Jun/2015:23:49:42 -0400] "GET /opensso/namingservice HTTP/1.1" 200 7 "-" "Java/1.5.0_21" 220 183
127.0.0.1 - - [22/Jun/2015:23:49:43 -0400] "GET /opensso/namingservice HTTP/1.1" 200 7 "-" "Java/1.5.0_21" 220 183
127.0.0.1 - - [22/Jun/2015:23:50:12 -0400] "GET /opensso/namingservice HTTP/1.1" 200 7 "-" "Java/1.5.0_21" 220 183
127.0.0.1 - - [22/Jun/2015:23:50:13 -0400] "GET /opensso/namingservice HTTP/1.1" 200 7 "-" "Java/1.5.0_21" 220 183
66.249.67.85 - - [22/Jun/2015:23:50:28 -0400] "GET /redmine/activity?from=1776-05-29 HTTP/1.1" 200 5345 "-" "Mozilla/5.0 (compatible; Googlebot/2.1; +http://www.google.com/bot.html)" 323 5907
127.0.0.1 - - [22/Jun/2015:23:50:42 -0400] "GET /opensso/namingservice HTTP/1.1" 200 7 "-" "Java/1.5.0_21" 220 183
127.0.0.1 - - [22/Jun/2015:23:50:43 -0400] "GET /opensso/namingservice HTTP/1.1" 200 7 "-" "Java/1.5.0_21" 220 183
127.0.0.1 - - [22/Jun/2015:23:51:12 -0400] "GET /opensso/namingservice HTTP/1.1" 200 7 "-" "Java/1.5.0_21" 220 183
127.0.0.1 - - [22/Jun/2015:23:51:13 -0400] "GET /opensso/namingservice HTTP/1.1" 200 7 "-" "Java/1.5.0_21" 220 183
127.0.0.1 - - [22/Jun/2015:23:51:42 -0400] "GET /opensso/namingservice HTTP/1.1" 200 7 "-" "Java/1.5.0_21" 220 183
127.0.0.1 - - [22/Jun/2015:23:51:43 -0400] "GET /opensso/namingservice HTTP/1.1" 200 7 "-" "Java/1.5.0_21" 220 183
50.171.237.207 - - [22/Jun/2015:23:51:43 -0400] "GET /opensso/UI/Login?module=Anonymous&org=appspub&goto=https://pub.lmmp.nasa.gov/LMMP/rest/dbxml/fgdc/legend/stream?label=LRO_LOLA_Coverage_Global_128ppd_v04 HTTP/1.1" 302 - "-" "Dalvik/2.1.0 (Linux; U; Android 5.1.1; Nexus 7 Build/LMY47V)" 317 994
127.0.0.1 - - [22/Jun/2015:23:51:43 -0400] "POST /opensso/sessionservice HTTP/1.1" 200 2416 "-" "Java/1.5.0_21" 819 2594
127.0.0.1 - - [22/Jun/2015:23:51:43 -0400] "POST /opensso/sessionservice HTTP/1.1" 200 273 "-" "Java/1.5.0_21" 885 450
127.0.0.1 - - [22/Jun/2015:23:51:43 -0400] "POST /opensso/sessionservice HTTP/1.1" 200 2348 "-" "Java/1.5.0_21" 819 2525
127.0.0.1 - - [22/Jun/2015:23:51:43 -0400] "POST /opensso/policyservice HTTP/1.1" 200 9464 "-" "Java/1.5.0_21" 1122 9649
127.0.0.1 - - [22/Jun/2015:23:51:43 -0400] "POST /opensso/jaxrpc/SMSObjectIF HTTP/1.1" 200 505 "-" "Java/1.5.0_21" 847 766
127.0.0.1 - - [22/Jun/2015:23:51:43 -0400] "POST /opensso/jaxrpc/DirectoryManagerIF HTTP/1.1" 200 1290 "-" "Java/1.5.0_21" 1370 1551
127.0.0.1 - - [22/Jun/2015:23:51:43 -0400] "POST /opensso/jaxrpc/SMSObjectIF HTTP/1.1" 200 505 "-" "Java/1.5.0_21" 847 766
127.0.0.1 - - [22/Jun/2015:23:51:43 -0400] "POST /opensso/jaxrpc/DirectoryManagerIF HTTP/1.1" 200 1290 "-" "Java/1.5.0_21" 1370 1551
50.171.237.207 - - [22/Jun/2015:23:51:43 -0400] "GET /LMMP/rest/dbxml/fgdc/legend/stream?label=LRO_LOLA_Coverage_Global_128ppd_v04&iPlanetDirectoryPro=AQIC5wM2LY4SfcyClyS%2FabE5HYoQZOIFropyE%2FEBHY9k7HQ%3D%40AAJTSQACMDE%3D%23 HTTP/1.1" 200 3320 "-" "Dalvik/2.1.0 (Linux; U; Android 5.1.1; Nexus 7 Build/LMY47V)" 768 7757
50.171.237.207 - - [22/Jun/2015:23:52:10 -0400] "GET /opensso/UI/Login?module=Anonymous&org=appspub&goto=https://pub.lmmp.nasa.gov/LMMP/rest/dbxml/fgdc/legend/stream?label=Apollo17_MetricCam_ClrShade_Global_1024ppd HTTP/1.1" 302 - "-" "Dalvik/2.1.0 (Linux; U; Android 5.1.1; Nexus 7 Build/LMY47V)" 324 999
127.0.0.1 - - [22/Jun/2015:23:52:10 -0400] "POST /opensso/sessionservice HTTP/1.1" 200 2421 "-" "Java/1.5.0_21" 819 2599
