66.249.64.26 - - [08/Feb/2016:21:24:21 -0500] "GET /redmine/activity?from=1997-09-11&show_messages=1&user_id=1 HTTP/1.1" 200 5701 "-" "Mozilla/5.0 (compatible; Googlebot/2.1; +http://www.google.com/bot.html)" 663 10352
127.0.0.1 - - [08/Feb/2016:21:24:38 -0500] "GET /opensso/namingservice HTTP/1.1" 200 7 "-" "Java/1.5.0_21" 220 183
127.0.0.1 - - [08/Feb/2016:21:24:42 -0500] "POST /opensso/sessionservice HTTP/1.1" 200 2025 "-" "Java/1.5.0_21" 714 2203
127.0.0.1 - - [08/Feb/2016:21:24:42 -0500] "GET /opensso/identity//xml/read?name=TomcatApps1&attributes_names=realm&attributes_values_realm=%2Fappspub&attributes_names=objecttype&attributes_values_objecttype=Agent&admin=AQIC5wM2LY4SfcyRautyD4RKpwbzv6XrE24fIq8LDPQGnm0%3D%40AAJTSQACMDE%3D%23 HTTP/1.1" 200 13607 "-" "Java/1.5.0_21" 440 13791
127.0.0.1 - - [08/Feb/2016:21:24:42 -0500] "GET /opensso/namingservice HTTP/1.1" 200 7 "-" "Java/1.5.0_21" 220 182
127.0.0.1 - - [08/Feb/2016:21:25:08 -0500] "GET /opensso/namingservice HTTP/1.1" 200 7 "-" "Java/1.5.0_21" 220 183
127.0.0.1 - - [08/Feb/2016:21:25:12 -0500] "GET /opensso/namingservice HTTP/1.1" 200 7 "-" "Java/1.5.0_21" 220 183
127.0.0.1 - - [08/Feb/2016:21:25:38 -0500] "GET /opensso/namingservice HTTP/1.1" 200 7 "-" "Java/1.5.0_21" 220 183
127.0.0.1 - - [08/Feb/2016:21:25:42 -0500] "GET /opensso/namingservice HTTP/1.1" 200 7 "-" "Java/1.5.0_21" 220 183
137.78.207.218 - - [08/Feb/2016:21:26:03 -0500] "HEAD /LMMPUI/LMMP_CLIENT/LMMP.html HTTP/1.1" 200 - "-" "curl/7.38.0" 110 274
127.0.0.1 - - [08/Feb/2016:21:26:08 -0500] "GET /opensso/namingservice HTTP/1.1" 200 7 "-" "Java/1.5.0_21" 220 183
127.0.0.1 - - [08/Feb/2016:21:26:12 -0500] "GET /opensso/namingservice HTTP/1.1" 200 7 "-" "Java/1.5.0_21" 220 183
127.0.0.1 - - [08/Feb/2016:21:26:38 -0500] "GET /opensso/namingservice HTTP/1.1" 200 7 "-" "Java/1.5.0_21" 220 183
127.0.0.1 - - [08/Feb/2016:21:26:42 -0500] "GET /opensso/namingservice HTTP/1.1" 200 7 "-" "Java/1.5.0_21" 220 183
127.0.0.1 - - [08/Feb/2016:21:27:08 -0500] "GET /opensso/namingservice HTTP/1.1" 200 7 "-" "Java/1.5.0_21" 220 183
127.0.0.1 - - [08/Feb/2016:21:27:12 -0500] "GET /opensso/namingservice HTTP/1.1" 200 7 "-" "Java/1.5.0_21" 220 183
127.0.0.1 - - [08/Feb/2016:21:27:38 -0500] "POST /opensso/sessionservice HTTP/1.1" 200 2024 "-" "Java/1.5.0_21" 713 2202
127.0.0.1 - - [08/Feb/2016:21:27:38 -0500] "GET /opensso/identity//xml/read?name=TomcatApps3&attributes_names=realm&attributes_values_realm=%2Fappspub&attributes_names=objecttype&attributes_values_objecttype=Agent&admin=AQIC5wM2LY4SfcxFHMEgfz%2F0a%2F0SRg5r9KAv7HKM0NfvSsI%3D%40AAJTSQACMDE%3D%23 HTTP/1.1" 200 13732 "-" "Java/1.5.0_21" 444 13916
127.0.0.1 - - [08/Feb/2016:21:27:38 -0500] "GET /opensso/namingservice HTTP/1.1" 200 7 "-" "Java/1.5.0_21" 220 182
127.0.0.1 - - [08/Feb/2016:21:27:42 -0500] "GET /opensso/namingservice HTTP/1.1" 200 7 "-" "Java/1.5.0_21" 220 183
127.0.0.1 - - [08/Feb/2016:21:28:08 -0500] "GET /opensso/namingservice HTTP/1.1" 200 7 "-" "Java/1.5.0_21" 220 183
127.0.0.1 - - [08/Feb/2016:21:28:12 -0500] "GET /opensso/namingservice HTTP/1.1" 200 7 "-" "Java/1.5.0_21" 220 183
127.0.0.1 - - [08/Feb/2016:21:28:38 -0500] "GET /opensso/namingservice HTTP/1.1" 200 7 "-" "Java/1.5.0_21" 220 183
127.0.0.1 - - [08/Feb/2016:21:28:42 -0500] "GET /opensso/namingservice HTTP/1.1" 200 7 "-" "Java/1.5.0_21" 220 183
127.0.0.1 - - [08/Feb/2016:21:29:08 -0500] "GET /opensso/namingservice HTTP/1.1" 200 7 "-" "Java/1.5.0_21" 220 183
212.174.132.126 - - [08/Feb/2016:21:29:08 -0500] "GET /arcgis/rest/services/CombinedNomenclature/MapServer/export?f=image&bbox=-62.46786632390746%2C-90.0%2C62.61251162229239%2C90.1638520801994&bboxSR=104903&size=520%2C749&format=png&transparent=true&dpi=213&imageSR=104903&layers=hide%3A-1 HTTP/1.1" 200 318 "-" "ArcGIS.Android-10.2.3/4.4.2/VESTEL-VSP250G" 380 606
127.0.0.1 - - [08/Feb/2016:21:29:12 -0500] "GET /opensso/namingservice HTTP/1.1" 200 7 "-" "Java/1.5.0_21" 220 183
66.249.64.36 - - [08/Feb/2016:21:29:20 -0500] "GET /redmine/activity?from=1997-10-11&show_messages=1&user_id=1 HTTP/1.1" 200 5701 "-" "Mozilla/5.0 (compatible; Googlebot/2.1; +http://www.google.com/bot.html)" 663 10352
66.249.64.218 - - [08/Feb/2016:21:29:36 -0500] "GET /redmine/projects/lmmpwiki/activity?from=1978-06-05&show_news=1 HTTP/1.1" 200 4917 "-" "Mozilla/5.0 (compatible; Googlebot/2.1; +http://www.google.com/bot.html)" 353 5479
127.0.0.1 - - [08/Feb/2016:21:29:38 -0500] "GET /opensso/namingservice HTTP/1.1" 200 7 "-" "Java/1.5.0_21" 220 183
127.0.0.1 - - [08/Feb/2016:21:29:42 -0500] "GET /opensso/namingservice HTTP/1.1" 200 7 "-" "Java/1.5.0_21" 220 183
66.249.64.218 - - [08/Feb/2016:21:29:52 -0500] "GET /redmine/activity?from=1969-02-01&show_news=1&user_id=1 HTTP/1.1" 200 5677 "-" "Mozilla/5.0 (compatible; Googlebot/2.1; +http://www.google.com/bot.html)" 345 6239
127.0.0.1 - - [08/Feb/2016:21:30:08 -0500] "GET /opensso/namingservice HTTP/1.1" 200 7 "-" "Java/1.5.0_21" 220 183
127.0.0.1 - - [08/Feb/2016:21:30:12 -0500] "GET /opensso/namingservice HTTP/1.1" 200 7 "-" "Java/1.5.0_21" 220 183
127.0.0.1 - - [08/Feb/2016:21:30:38 -0500] "GET /opensso/namingservice HTTP/1.1" 200 7 "-" "Java/1.5.0_21" 220 183
127.0.0.1 - - [08/Feb/2016:21:30:42 -0500] "GET /opensso/namingservice HTTP/1.1" 200 7 "-" "Java/1.5.0_21" 220 183
137.78.207.218 - - [08/Feb/2016:21:31:03 -0500] "HEAD /LMMPUI/LMMP_CLIENT/LMMP.html HTTP/1.1" 200 - "-" "curl/7.38.0" 110 274
127.0.0.1 - - [08/Feb/2016:21:31:08 -0500] "GET /opensso/namingservice HTTP/1.1" 200 7 "-" "Java/1.5.0_21" 220 183
127.0.0.1 - - [08/Feb/2016:21:31:12 -0500] "GET /opensso/namingservice HTTP/1.1" 200 7 "-" "Java/1.5.0_21" 220 183
174.49.73.68 - - [08/Feb/2016:21:31:12 -0500] "GET /redmine/issues/gantt?month=9&months=6&year=2140&zoom=2 HTTP/1.0" 200 30904 "-" "Mozilla/5.0 (Windows NT 10.0; WOW64; Trident/7.0; rv:11.0) like Gecko" 241 31556
174.49.73.68 - - [08/Feb/2016:21:31:19 -0500] "GET /redmine/issues/gantt?month=4&months=6&year=2132&zoom=4 HTTP/1.0" 200 51250 "-" "Mozilla/5.0 (Windows NT 10.0; WOW64; Trident/7.0; rv:11.0) like Gecko" 721 56256
174.49.73.68 - - [08/Feb/2016:21:31:22 -0500] "GET /redmine/issues/gantt?month=9&months=6&year=1915&zoom=4 HTTP/1.0" 200 51151 "-" "Mozilla/5.0 (Windows NT 10.0; WOW64; Trident/7.0; rv:11.0) like Gecko" 721 56144
174.49.73.68 - - [08/Feb/2016:21:31:25 -0500] "GET /redmine/issues/gantt?month=5&months=6&year=2141&zoom=3 HTTP/1.0" 200 51438 "-" "Mozilla/5.0 (Windows NT 10.0; WOW64; Trident/7.0; rv:11.0) like Gecko" 241 52090
174.49.73.68 - - [08/Feb/2016:21:31:28 -0500] "GET /redmine/issues/gantt?month=6&months=6&year=1915&zoom=4 HTTP/1.0" 200 51261 "-" "Mozilla/5.0 (Windows NT 10.0; WOW64; Trident/7.0; rv:11.0) like Gecko" 721 56256
174.49.73.68 - - [08/Feb/2016:21:31:35 -0500] "GET /redmine/issues/gantt?month=3&months=6&year=2141&zoom=4 HTTP/1.0" 200 51350 "-" "Mozilla/5.0 (Windows NT 10.0; WOW64; Trident/7.0; rv:11.0) like Gecko" 241 52002
127.0.0.1 - - [08/Feb/2016:21:31:38 -0500] "GET /opensso/namingservice HTTP/1.1" 200 7 "-" "Java/1.5.0_21" 220 183
174.49.73.68 - - [08/Feb/2016:21:31:41 -0500] "GET /redmine/issues/gantt?month=6&months=6&year=2132&zoom=4 HTTP/1.0" 200 51281 "-" "Mozilla/5.0 (Windows NT 10.0; WOW64; Trident/7.0; rv:11.0) like Gecko" 721 56288
127.0.0.1 - - [08/Feb/2016:21:31:42 -0500] "GET /opensso/namingservice HTTP/1.1" 200 7 "-" "Java/1.5.0_21" 220 183
174.49.73.68 - - [08/Feb/2016:21:31:43 -0500] "GET /redmine/issues/gantt?month=7&months=6&year=2140&zoom=3 HTTP/1.0" 200 51449 "-" "Mozilla/5.0 (Windows NT 10.0; WOW64; Trident/7.0; rv:11.0) like Gecko" 241 52101
174.49.73.68 - - [08/Feb/2016:21:31:45 -0500] "GET /redmine/issues/gantt?month=10&months=6&year=2140&zoom=1 HTTP/1.0" 200 27588 "-" "Mozilla/5.0 (Windows NT 10.0; WOW64; Trident/7.0; rv:11.0) like Gecko" 242 28240
174.49.73.68 - - [08/Feb/2016:21:31:47 -0500] "GET /redmine/issues/gantt?month=7&months=6&year=1915&zoom=4 HTTP/1.0" 200 51371 "-" "Mozilla/5.0 (Windows NT 10.0; WOW64; Trident/7.0; rv:11.0) like Gecko" 721 56368
174.49.73.68 - - [08/Feb/2016:21:31:48 -0500] "GET /redmine/issues/gantt?month=3&months=6&year=2141&zoom=3 HTTP/1.0" 200 51409 "-" "Mozilla/5.0 (Windows NT 10.0; WOW64; Trident/7.0; rv:11.0) like Gecko" 241 52061
174.49.73.68 - - [08/Feb/2016:21:31:50 -0500] "GET /redmine/issues/gantt?month=11&months=6&year=2140&zoom=2 HTTP/1.0" 200 30793 "-" "Mozilla/5.0 (Windows NT 10.0; WOW64; Trident/7.0; rv:11.0) like Gecko" 242 31445
212.174.132.126 - - [08/Feb/2016:21:31:50 -0500] "GET /arcgis/rest/services/CombinedNomenclature/MapServer/export?f=image&bbox=-62.46786632390746%2C-90.0%2C62.61251162229239%2C90.1638520801994&bboxSR=104903&size=520%2C749&format=png&transparent=true&dpi=213&imageSR=104903&layers=hide%3A-1 HTTP/1.1" 200 318 "-" "ArcGIS.Android-10.2.3/4.4.2/VESTEL-VSP250G" 380 606
127.0.0.1 - - [08/Feb/2016:21:32:08 -0500] "GET /opensso/namingservice HTTP/1.1" 200 7 "-" "Java/1.5.0_21" 220 183
174.49.73.68 - - [08/Feb/2016:21:31:58 -0500] "GET /redmine/issues/gantt?month=12&months=6&year=1915&zoom=1 HTTP/1.0" 200 27577 "-" "Mozilla/5.0 (Windows NT 10.0; WOW64; Trident/7.0; rv:11.0) like Gecko" 721 32465
127.0.0.1 - - [08/Feb/2016:21:32:12 -0500] "GET /opensso/namingservice HTTP/1.1" 200 7 "-" "Java/1.5.0_21" 220 183
174.49.73.68 - - [08/Feb/2016:21:32:27 -0500] "GET /redmine/issues/gantt?month=5&months=6&year=1915&zoom=4 HTTP/1.0" 200 51401 "-" "Mozilla/5.0 (Windows NT 10.0; WOW64; Trident/7.0; rv:11.0) like Gecko" 721 56400
174.49.73.68 - - [08/Feb/2016:21:32:31 -0500] "GET /redmine/issues/gantt?month=1&months=6&year=2131&zoom=2 HTTP/1.0" 200 30791 "-" "Mozilla/5.0 (Windows NT 10.0; WOW64; Trident/7.0; rv:11.0) like Gecko" 721 35681
174.49.73.68 - - [08/Feb/2016:21:32:32 -0500] "GET /redmine/issues/gantt?month=11&months=6&year=1915&zoom=1 HTTP/1.0" 200 27584 "-" "Mozilla/5.0 (Windows NT 10.0; WOW64; Trident/7.0; rv:11.0) like Gecko" 242 28236
174.49.73.68 - - [08/Feb/2016:21:32:35 -0500] "GET /redmine/issues/gantt?month=12&months=6&year=2130&zoom=2 HTTP/1.0" 200 30894 "-" "Mozilla/5.0 (Windows NT 10.0; WOW64; Trident/7.0; rv:11.0) like Gecko" 721 35777
127.0.0.1 - - [08/Feb/2016:21:32:38 -0500] "GET /opensso/namingservice HTTP/1.1" 200 7 "-" "Java/1.5.0_21" 220 183
174.49.73.68 - - [08/Feb/2016:21:32:38 -0500] "GET /redmine/issues/gantt?month=3&months=6&year=1916&zoom=1 HTTP/1.0" 200 27562 "-" "Mozilla/5.0 (Windows NT 10.0; WOW64; Trident/7.0; rv:11.0) like Gecko" 241 28214
174.49.73.68 - - [08/Feb/2016:21:32:38 -0500] "GET /redmine/issues/gantt?month=9&months=6&year=2140&zoom=1 HTTP/1.0" 200 27588 "-" "Mozilla/5.0 (Windows NT 10.0; WOW64; Trident/7.0; rv:11.0) like Gecko" 241 28240
212.174.132.126 - - [08/Feb/2016:21:32:39 -0500] "GET /arcgis/rest/services/CombinedNomenclature/MapServer?f=json HTTP/1.1" 200 810 "-" "ArcGIS.Android-10.2.3/4.4.2/VESTEL-VSP250G" 204 1108
127.0.0.1 - - [08/Feb/2016:21:32:42 -0500] "GET /opensso/namingservice HTTP/1.1" 200 7 "-" "Java/1.5.0_21" 220 183
174.49.73.68 - - [08/Feb/2016:21:32:54 -0500] "GET /redmine/issues/gantt?month=5&months=6&year=2132&zoom=4 HTTP/1.0" 200 51362 "-" "Mozilla/5.0 (Windows NT 10.0; WOW64; Trident/7.0; rv:11.0) like Gecko" 721 56368
212.174.132.126 - - [08/Feb/2016:21:33:01 -0500] "GET /arcgis/rest/services/CombinedNomenclature/MapServer?f=json HTTP/1.1" 200 810 "-" "ArcGIS.Android-10.2.3/4.4.2/VESTEL-VSP250G" 204 1108
127.0.0.1 - - [08/Feb/2016:21:33:08 -0500] "GET /opensso/namingservice HTTP/1.1" 200 7 "-" "Java/1.5.0_21" 220 183
127.0.0.1 - - [08/Feb/2016:21:33:12 -0500] "GET /opensso/namingservice HTTP/1.1" 200 7 "-" "Java/1.5.0_21" 220 183
212.174.132.126 - - [08/Feb/2016:21:33:12 -0500] "GET /arcgis/rest/services/CombinedNomenclature/MapServer?f=json HTTP/1.1" 200 810 "-" "ArcGIS.Android-10.2.3/4.4.2/VESTEL-VSP250G" 204 1108
127.0.0.1 - - [08/Feb/2016:21:33:38 -0500] "GET /opensso/namingservice HTTP/1.1" 200 7 "-" "Java/1.5.0_21" 220 183
127.0.0.1 - - [08/Feb/2016:21:33:42 -0500] "GET /opensso/namingservice HTTP/1.1" 200 7 "-" "Java/1.5.0_21" 220 183
127.0.0.1 - - [08/Feb/2016:21:34:08 -0500] "GET /opensso/namingservice HTTP/1.1" 200 7 "-" "Java/1.5.0_21" 220 183
127.0.0.1 - - [08/Feb/2016:21:34:12 -0500] "GET /opensso/namingservice HTTP/1.1" 200 7 "-" "Java/1.5.0_21" 220 183
66.249.64.223 - - [08/Feb/2016:21:34:18 -0500] "GET /redmine/activity?from=1969-01-02&show_news=1&user_id=1 HTTP/1.1" 200 5677 "-" "Mozilla/5.0 (compatible; Googlebot/2.1; +http://www.google.com/bot.html)" 345 6239
66.249.64.223 - - [08/Feb/2016:21:34:19 -0500] "GET /redmine/projects/lmmpwiki/activity?from=1978-05-06&show_news=1 HTTP/1.1" 200 4917 "-" "Mozilla/5.0 (compatible; Googlebot/2.1; +http://www.google.com/bot.html)" 353 5478
66.249.64.26 - - [08/Feb/2016:21:34:20 -0500] "GET /redmine/activity?from=1997-11-10&show_messages=1&user_id=1 HTTP/1.1" 200 5701 "-" "Mozilla/5.0 (compatible; Googlebot/2.1; +http://www.google.com/bot.html)" 663 10352
127.0.0.1 - - [08/Feb/2016:21:34:38 -0500] "GET /opensso/namingservice HTTP/1.1" 200 7 "-" "Java/1.5.0_21" 220 183
127.0.0.1 - - [08/Feb/2016:21:34:42 -0500] "GET /opensso/namingservice HTTP/1.1" 200 7 "-" "Java/1.5.0_21" 220 183
127.0.0.1 - - [08/Feb/2016:21:35:08 -0500] "GET /opensso/namingservice HTTP/1.1" 200 7 "-" "Java/1.5.0_21" 220 183
127.0.0.1 - - [08/Feb/2016:21:35:12 -0500] "GET /opensso/namingservice HTTP/1.1" 200 7 "-" "Java/1.5.0_21" 220 183
127.0.0.1 - - [08/Feb/2016:21:35:38 -0500] "GET /opensso/namingservice HTTP/1.1" 200 7 "-" "Java/1.5.0_21" 220 183
127.0.0.1 - - [08/Feb/2016:21:35:42 -0500] "GET /opensso/namingservice HTTP/1.1" 200 7 "-" "Java/1.5.0_21" 220 183
180.76.15.139 - - [08/Feb/2016:21:35:43 -0500] "GET / HTTP/1.1" 302 237 "-" "Mozilla/5.0 (compatible; Baiduspider/2.0; +http://www.baidu.com/search/spider.html)" 183 506
137.78.207.218 - - [08/Feb/2016:21:36:03 -0500] "HEAD /LMMPUI/LMMP_CLIENT/LMMP.html HTTP/1.1" 200 - "-" "curl/7.38.0" 110 274
127.0.0.1 - - [08/Feb/2016:21:36:08 -0500] "GET /opensso/namingservice HTTP/1.1" 200 7 "-" "Java/1.5.0_21" 220 183
127.0.0.1 - - [08/Feb/2016:21:36:12 -0500] "GET /opensso/namingservice HTTP/1.1" 200 7 "-" "Java/1.5.0_21" 220 183
176.83.37.161 - - [08/Feb/2016:21:36:31 -0500] "GET /arcgis/rest/services/CombinedNomenclature/MapServer?f=json HTTP/1.1" 200 810 "-" "ArcGIS.Android-10.2.3/5.1.1/SAMSUNG-SM-N910F" 236 1108
157.55.39.5 - - [08/Feb/2016:21:36:33 -0500] "GET / HTTP/1.1" 302 237 "-" "Mozilla/5.0 (compatible; bingbot/2.0; +http://www.bing.com/bingbot.htm)" 272 543
180.76.15.28 - - [08/Feb/2016:21:36:35 -0500] "GET / HTTP/1.1" 302 237 "-" "Mozilla/5.0 (compatible; Baiduspider/2.0; +http://www.baidu.com/search/spider.html)" 183 506
127.0.0.1 - - [08/Feb/2016:21:36:38 -0500] "GET /opensso/namingservice HTTP/1.1" 200 7 "-" "Java/1.5.0_21" 220 183
127.0.0.1 - - [08/Feb/2016:21:36:42 -0500] "GET /opensso/namingservice HTTP/1.1" 200 7 "-" "Java/1.5.0_21" 220 183
127.0.0.1 - - [08/Feb/2016:21:37:08 -0500] "GET /opensso/namingservice HTTP/1.1" 200 7 "-" "Java/1.5.0_21" 220 183
127.0.0.1 - - [08/Feb/2016:21:37:12 -0500] "GET /opensso/namingservice HTTP/1.1" 200 7 "-" "Java/1.5.0_21" 220 183
127.0.0.1 - - [08/Feb/2016:21:37:38 -0500] "GET /opensso/namingservice HTTP/1.1" 200 7 "-" "Java/1.5.0_21" 220 183
127.0.0.1 - - [08/Feb/2016:21:37:42 -0500] "GET /opensso/namingservice HTTP/1.1" 200 7 "-" "Java/1.5.0_21" 220 183
207.46.13.119 - - [08/Feb/2016:21:37:45 -0500] "GET /robots.txt HTTP/1.1" 404 208 "-" "Mozilla/5.0 (compatible; bingbot/2.0; +http://www.bing.com/bingbot.htm)" 640 4553
207.46.13.119 - - [08/Feb/2016:21:37:49 -0500] "GET / HTTP/1.1" 302 238 "-" "Mozilla/5.0 (compatible; bingbot/2.0; +http://www.bing.com/bingbot.htm)" 640 4649
127.0.0.1 - - [08/Feb/2016:21:38:08 -0500] "GET /opensso/namingservice HTTP/1.1" 200 7 "-" "Java/1.5.0_21" 220 183
127.0.0.1 - - [08/Feb/2016:21:38:12 -0500] "GET /opensso/namingservice HTTP/1.1" 200 7 "-" "Java/1.5.0_21" 220 183
127.0.0.1 - - [08/Feb/2016:21:38:38 -0500] "GET /opensso/namingservice HTTP/1.1" 200 7 "-" "Java/1.5.0_21" 220 183
127.0.0.1 - - [08/Feb/2016:21:38:42 -0500] "GET /opensso/namingservice HTTP/1.1" 200 7 "-" "Java/1.5.0_21" 220 183
127.0.0.1 - - [08/Feb/2016:21:39:08 -0500] "GET /opensso/namingservice HTTP/1.1" 200 7 "-" "Java/1.5.0_21" 220 183
127.0.0.1 - - [08/Feb/2016:21:39:12 -0500] "GET /opensso/namingservice HTTP/1.1" 200 7 "-" "Java/1.5.0_21" 220 183
127.0.0.1 - - [08/Feb/2016:21:39:38 -0500] "GET /opensso/namingservice HTTP/1.1" 200 7 "-" "Java/1.5.0_21" 220 183
127.0.0.1 - - [08/Feb/2016:21:39:42 -0500] "GET /opensso/namingservice HTTP/1.1" 200 7 "-" "Java/1.5.0_21" 220 183
127.0.0.1 - - [08/Feb/2016:21:40:08 -0500] "GET /opensso/namingservice HTTP/1.1" 200 7 "-" "Java/1.5.0_21" 220 183
127.0.0.1 - - [08/Feb/2016:21:40:12 -0500] "GET /opensso/namingservice HTTP/1.1" 200 7 "-" "Java/1.5.0_21" 220 183
127.0.0.1 - - [08/Feb/2016:21:40:38 -0500] "GET /opensso/namingservice HTTP/1.1" 200 7 "-" "Java/1.5.0_21" 220 183
127.0.0.1 - - [08/Feb/2016:21:40:42 -0500] "GET /opensso/namingservice HTTP/1.1" 200 7 "-" "Java/1.5.0_21" 220 183
66.249.64.228 - - [08/Feb/2016:21:40:58 -0500] "GET /redmine/projects/lmmpwiki/activity?from=1978-04-06&show_news=1 HTTP/1.1" 200 4917 "-" "Mozilla/5.0 (compatible; Googlebot/2.1; +http://www.google.com/bot.html)" 353 5479
66.249.64.218 - - [08/Feb/2016:21:40:59 -0500] "GET /redmine/activity?from=1968-12-03&show_news=1&user_id=1 HTTP/1.1" 200 5677 "-" "Mozilla/5.0 (compatible; Googlebot/2.1; +http://www.google.com/bot.html)" 345 6239
137.78.207.218 - - [08/Feb/2016:21:41:03 -0500] "HEAD /LMMPUI/LMMP_CLIENT/LMMP.html HTTP/1.1" 200 - "-" "curl/7.38.0" 110 274
127.0.0.1 - - [08/Feb/2016:21:41:08 -0500] "GET /opensso/namingservice HTTP/1.1" 200 7 "-" "Java/1.5.0_21" 220 183
127.0.0.1 - - [08/Feb/2016:21:41:12 -0500] "GET /opensso/namingservice HTTP/1.1" 200 7 "-" "Java/1.5.0_21" 220 183
127.0.0.1 - - [08/Feb/2016:21:41:38 -0500] "GET /opensso/namingservice HTTP/1.1" 200 7 "-" "Java/1.5.0_21" 220 183
127.0.0.1 - - [08/Feb/2016:21:41:42 -0500] "GET /opensso/namingservice HTTP/1.1" 200 7 "-" "Java/1.5.0_21" 220 183
127.0.0.1 - - [08/Feb/2016:21:42:08 -0500] "GET /opensso/namingservice HTTP/1.1" 200 7 "-" "Java/1.5.0_21" 220 183
127.0.0.1 - - [08/Feb/2016:21:42:12 -0500] "GET /opensso/namingservice HTTP/1.1" 200 7 "-" "Java/1.5.0_21" 220 183
127.0.0.1 - - [08/Feb/2016:21:42:38 -0500] "GET /opensso/namingservice HTTP/1.1" 200 7 "-" "Java/1.5.0_21" 220 183
127.0.0.1 - - [08/Feb/2016:21:42:42 -0500] "GET /opensso/namingservice HTTP/1.1" 200 7 "-" "Java/1.5.0_21" 220 183
127.0.0.1 - - [08/Feb/2016:21:43:08 -0500] "GET /opensso/namingservice HTTP/1.1" 200 7 "-" "Java/1.5.0_21" 220 183
127.0.0.1 - - [08/Feb/2016:21:43:12 -0500] "GET /opensso/namingservice HTTP/1.1" 200 7 "-" "Java/1.5.0_21" 220 183
174.49.73.68 - - [08/Feb/2016:21:43:24 -0500] "GET /redmine/issues/gantt?month=11&months=6&year=2132&zoom=4 HTTP/1.0" 200 51039 "-" "Mozilla/5.0 (Windows NT 10.0; WOW64; Trident/7.0; rv:11.0) like Gecko" 721 56032
127.0.0.1 - - [08/Feb/2016:21:43:38 -0500] "GET /opensso/namingservice HTTP/1.1" 200 7 "-" "Java/1.5.0_21" 220 183
127.0.0.1 - - [08/Feb/2016:21:43:42 -0500] "GET /opensso/namingservice HTTP/1.1" 200 7 "-" "Java/1.5.0_21" 220 183
127.0.0.1 - - [08/Feb/2016:21:44:08 -0500] "GET /opensso/namingservice HTTP/1.1" 200 7 "-" "Java/1.5.0_21" 220 183
127.0.0.1 - - [08/Feb/2016:21:44:12 -0500] "GET /opensso/namingservice HTTP/1.1" 200 7 "-" "Java/1.5.0_21" 220 183
66.249.64.218 - - [08/Feb/2016:21:44:33 -0500] "GET /redmine/projects/lmmpwiki/activity?from=1978-03-07&show_news=1 HTTP/1.1" 200 4917 "-" "Mozilla/5.0 (compatible; Googlebot/2.1; +http://www.google.com/bot.html)" 353 5479
66.249.64.218 - - [08/Feb/2016:21:44:34 -0500] "GET /redmine/activity?from=1968-11-03&show_news=1&user_id=1 HTTP/1.1" 200 5677 "-" "Mozilla/5.0 (compatible; Googlebot/2.1; +http://www.google.com/bot.html)" 345 6238
127.0.0.1 - - [08/Feb/2016:21:44:38 -0500] "GET /opensso/namingservice HTTP/1.1" 200 7 "-" "Java/1.5.0_21" 220 183
127.0.0.1 - - [08/Feb/2016:21:44:42 -0500] "GET /opensso/namingservice HTTP/1.1" 200 7 "-" "Java/1.5.0_21" 220 183
127.0.0.1 - - [08/Feb/2016:21:45:08 -0500] "GET /opensso/namingservice HTTP/1.1" 200 7 "-" "Java/1.5.0_21" 220 183
127.0.0.1 - - [08/Feb/2016:21:45:12 -0500] "GET /opensso/namingservice HTTP/1.1" 200 7 "-" "Java/1.5.0_21" 220 183
127.0.0.1 - - [08/Feb/2016:21:45:38 -0500] "GET /opensso/namingservice HTTP/1.1" 200 7 "-" "Java/1.5.0_21" 220 183
127.0.0.1 - - [08/Feb/2016:21:45:42 -0500] "GET /opensso/namingservice HTTP/1.1" 200 7 "-" "Java/1.5.0_21" 220 183
137.78.207.218 - - [08/Feb/2016:21:46:03 -0500] "HEAD /LMMPUI/LMMP_CLIENT/LMMP.html HTTP/1.1" 200 - "-" "curl/7.38.0" 110 274
127.0.0.1 - - [08/Feb/2016:21:46:08 -0500] "GET /opensso/namingservice HTTP/1.1" 200 7 "-" "Java/1.5.0_21" 220 183
127.0.0.1 - - [08/Feb/2016:21:46:12 -0500] "GET /opensso/namingservice HTTP/1.1" 200 7 "-" "Java/1.5.0_21" 220 183
127.0.0.1 - - [08/Feb/2016:21:46:38 -0500] "GET /opensso/namingservice HTTP/1.1" 200 7 "-" "Java/1.5.0_21" 220 183
127.0.0.1 - - [08/Feb/2016:21:46:42 -0500] "GET /opensso/namingservice HTTP/1.1" 200 7 "-" "Java/1.5.0_21" 220 183
127.0.0.1 - - [08/Feb/2016:21:47:08 -0500] "GET /opensso/namingservice HTTP/1.1" 200 7 "-" "Java/1.5.0_21" 220 183
127.0.0.1 - - [08/Feb/2016:21:47:12 -0500] "GET /opensso/namingservice HTTP/1.1" 200 7 "-" "Java/1.5.0_21" 220 183
127.0.0.1 - - [08/Feb/2016:21:47:38 -0500] "GET /opensso/namingservice HTTP/1.1" 200 7 "-" "Java/1.5.0_21" 220 183
174.49.73.68 - - [08/Feb/2016:21:47:38 -0500] "GET /redmine/issues/gantt?month=10&months=6&year=2141&zoom=3 HTTP/1.0" 200 51212 "-" "Mozilla/5.0 (Windows NT 10.0; WOW64; Trident/7.0; rv:11.0) like Gecko" 242 51864
127.0.0.1 - - [08/Feb/2016:21:47:42 -0500] "GET /opensso/namingservice HTTP/1.1" 200 7 "-" "Java/1.5.0_21" 220 183
127.0.0.1 - - [08/Feb/2016:21:48:08 -0500] "GET /opensso/namingservice HTTP/1.1" 200 7 "-" "Java/1.5.0_21" 220 183
127.0.0.1 - - [08/Feb/2016:21:48:12 -0500] "GET /opensso/namingservice HTTP/1.1" 200 7 "-" "Java/1.5.0_21" 220 183
127.0.0.1 - - [08/Feb/2016:21:48:38 -0500] "GET /opensso/namingservice HTTP/1.1" 200 7 "-" "Java/1.5.0_21" 220 183
127.0.0.1 - - [08/Feb/2016:21:48:42 -0500] "GET /opensso/namingservice HTTP/1.1" 200 7 "-" "Java/1.5.0_21" 220 183
127.0.0.1 - - [08/Feb/2016:21:49:08 -0500] "GET /opensso/namingservice HTTP/1.1" 200 7 "-" "Java/1.5.0_21" 220 183
127.0.0.1 - - [08/Feb/2016:21:49:12 -0500] "GET /opensso/namingservice HTTP/1.1" 200 7 "-" "Java/1.5.0_21" 220 183
66.249.64.228 - - [08/Feb/2016:21:49:34 -0500] "GET /redmine/projects/lmmpwiki/activity?from=1978-02-05&show_news=1 HTTP/1.1" 200 4917 "-" "Mozilla/5.0 (compatible; Googlebot/2.1; +http://www.google.com/bot.html)" 353 5479
127.0.0.1 - - [08/Feb/2016:21:49:38 -0500] "GET /opensso/namingservice HTTP/1.1" 200 7 "-" "Java/1.5.0_21" 220 183
127.0.0.1 - - [08/Feb/2016:21:49:42 -0500] "GET /opensso/namingservice HTTP/1.1" 200 7 "-" "Java/1.5.0_21" 220 183
66.249.64.218 - - [08/Feb/2016:21:49:50 -0500] "GET /redmine/activity?from=1968-10-04&show_news=1&user_id=1 HTTP/1.1" 200 5677 "-" "Mozilla/5.0 (compatible; Googlebot/2.1; +http://www.google.com/bot.html)" 345 6239
127.0.0.1 - - [08/Feb/2016:21:50:08 -0500] "GET /opensso/namingservice HTTP/1.1" 200 7 "-" "Java/1.5.0_21" 220 183
127.0.0.1 - - [08/Feb/2016:21:50:12 -0500] "GET /opensso/namingservice HTTP/1.1" 200 7 "-" "Java/1.5.0_21" 220 183
127.0.0.1 - - [08/Feb/2016:21:50:38 -0500] "GET /opensso/namingservice HTTP/1.1" 200 7 "-" "Java/1.5.0_21" 220 183
127.0.0.1 - - [08/Feb/2016:21:50:42 -0500] "GET /opensso/namingservice HTTP/1.1" 200 7 "-" "Java/1.5.0_21" 220 183
137.78.207.218 - - [08/Feb/2016:21:51:03 -0500] "HEAD /LMMPUI/LMMP_CLIENT/LMMP.html HTTP/1.1" 200 - "-" "curl/7.38.0" 110 274
127.0.0.1 - - [08/Feb/2016:21:51:08 -0500] "GET /opensso/namingservice HTTP/1.1" 200 7 "-" "Java/1.5.0_21" 220 183
127.0.0.1 - - [08/Feb/2016:21:51:12 -0500] "GET /opensso/namingservice HTTP/1.1" 200 7 "-" "Java/1.5.0_21" 220 183
174.49.73.68 - - [08/Feb/2016:21:51:25 -0500] "GET /robots.txt HTTP/1.0" 404 208 "-" "Mozilla/5.0 (Windows NT 10.0; WOW64; Trident/7.0; rv:11.0) like Gecko" 197 416
174.49.73.68 - - [08/Feb/2016:21:51:28 -0500] "GET /redmine/issues/gantt?month=9&months=6&year=2141&zoom=4 HTTP/1.0" 200 51043 "-" "Mozilla/5.0 (Windows NT 10.0; WOW64; Trident/7.0; rv:11.0) like Gecko" 241 51695
174.49.73.68 - - [08/Feb/2016:21:51:30 -0500] "GET /redmine/issues/gantt?month=9&months=6&year=2141&zoom=3 HTTP/1.0" 200 51105 "-" "Mozilla/5.0 (Windows NT 10.0; WOW64; Trident/7.0; rv:11.0) like Gecko" 241 51757
174.49.73.68 - - [08/Feb/2016:21:51:31 -0500] "GET /robots.txt HTTP/1.0" 404 208 "-" "Mozilla/5.0 (Windows NT 10.0; WOW64; Trident/7.0; rv:11.0) like Gecko" 673 4546
174.49.73.68 - - [08/Feb/2016:21:51:35 -0500] "GET /redmine/issues/gantt?month=9&months=6&year=2132&zoom=4 HTTP/1.0" 200 50932 "-" "Mozilla/5.0 (Windows NT 10.0; WOW64; Trident/7.0; rv:11.0) like Gecko" 721 55936
127.0.0.1 - - [08/Feb/2016:21:51:38 -0500] "GET /opensso/namingservice HTTP/1.1" 200 7 "-" "Java/1.5.0_21" 220 183
174.49.73.68 - - [08/Feb/2016:21:51:39 -0500] "GET /redmine/issues/gantt?month=3&months=6&year=2131&zoom=2 HTTP/1.0" 200 30889 "-" "Mozilla/5.0 (Windows NT 10.0; WOW64; Trident/7.0; rv:11.0) like Gecko" 721 35777
174.49.73.68 - - [08/Feb/2016:21:51:40 -0500] "GET /redmine/issues/gantt?month=7&months=6&year=2141&zoom=3 HTTP/1.0" 200 51468 "-" "Mozilla/5.0 (Windows NT 10.0; WOW64; Trident/7.0; rv:11.0) like Gecko" 241 52120
174.49.73.68 - - [08/Feb/2016:21:51:41 -0500] "GET /redmine/issues/gantt?month=5&months=6&year=2141&zoom=2 HTTP/1.0" 200 30915 "-" "Mozilla/5.0 (Windows NT 10.0; WOW64; Trident/7.0; rv:11.0) like Gecko" 241 31567
127.0.0.1 - - [08/Feb/2016:21:51:42 -0500] "GET /opensso/namingservice HTTP/1.1" 200 7 "-" "Java/1.5.0_21" 220 183
174.49.73.68 - - [08/Feb/2016:21:51:43 -0500] "GET /redmine/issues/gantt?month=11&months=6&year=2141&zoom=3 HTTP/1.0" 200 51100 "-" "Mozilla/5.0 (Windows NT 10.0; WOW64; Trident/7.0; rv:11.0) like Gecko" 242 51752
174.49.73.68 - - [08/Feb/2016:21:51:49 -0500] "GET /redmine/issues/gantt?month=3&months=6&year=2141&zoom=2 HTTP/1.0" 200 30887 "-" "Mozilla/5.0 (Windows NT 10.0; WOW64; Trident/7.0; rv:11.0) like Gecko" 241 31539
174.49.73.68 - - [08/Feb/2016:21:51:50 -0500] "GET /redmine/issues/gantt?month=7&months=6&year=2141&zoom=4 HTTP/1.0" 200 51410 "-" "Mozilla/5.0 (Windows NT 10.0; WOW64; Trident/7.0; rv:11.0) like Gecko" 241 52062
174.49.73.68 - - [08/Feb/2016:21:51:52 -0500] "GET /redmine/issues/gantt?month=5&months=6&year=2141&zoom=4 HTTP/1.0" 200 51382 "-" "Mozilla/5.0 (Windows NT 10.0; WOW64; Trident/7.0; rv:11.0) like Gecko" 241 52034
174.49.73.68 - - [08/Feb/2016:21:51:53 -0500] "GET /redmine/issues/gantt?month=7&months=6&year=2140&zoom=2 HTTP/1.0" 200 30909 "-" "Mozilla/5.0 (Windows NT 10.0; WOW64; Trident/7.0; rv:11.0) like Gecko" 241 31561
174.49.73.68 - - [08/Feb/2016:21:51:58 -0500] "GET /redmine/issues/gantt?month=7&months=6&year=2132&zoom=4 HTTP/1.0" 200 51370 "-" "Mozilla/5.0 (Windows NT 10.0; WOW64; Trident/7.0; rv:11.0) like Gecko" 721 56368
174.49.73.68 - - [08/Feb/2016:21:52:01 -0500] "GET /redmine/issues/gantt?month=8&months=6&year=1915&zoom=4 HTTP/1.0" 200 51499 "-" "Mozilla/5.0 (Windows NT 10.0; WOW64; Trident/7.0; rv:11.0) like Gecko" 721 56496
174.49.73.68 - - [08/Feb/2016:21:52:04 -0500] "GET /redmine/issues/gantt?month=10&months=6&year=2130&zoom=1 HTTP/1.0" 200 27588 "-" "Mozilla/5.0 (Windows NT 10.0; WOW64; Trident/7.0; rv:11.0) like Gecko" 721 32481
174.49.73.68 - - [08/Feb/2016:21:52:05 -0500] "GET /redmine/issues/gantt?month=6&months=6&year=2140&zoom=4 HTTP/1.0" 200 51261 "-" "Mozilla/5.0 (Windows NT 10.0; WOW64; Trident/7.0; rv:11.0) like Gecko" 241 51913
174.49.73.68 - - [08/Feb/2016:21:52:06 -0500] "GET /redmine/issues/gantt?month=12&months=6&year=2131&zoom=3 HTTP/1.0" 200 51329 "-" "Mozilla/5.0 (Windows NT 10.0; WOW64; Trident/7.0; rv:11.0) like Gecko" 721 56336
127.0.0.1 - - [08/Feb/2016:21:52:08 -0500] "GET /opensso/namingservice HTTP/1.1" 200 7 "-" "Java/1.5.0_21" 220 183
174.49.73.68 - - [08/Feb/2016:21:52:08 -0500] "GET /redmine/issues/gantt?month=3&months=6&year=2141&zoom=1 HTTP/1.0" 200 27562 "-" "Mozilla/5.0 (Windows NT 10.0; WOW64; Trident/7.0; rv:11.0) like Gecko" 241 28214
174.49.73.68 - - [08/Feb/2016:21:52:10 -0500] "GET /redmine/issues/gantt?month=8&months=6&year=2132&zoom=4 HTTP/1.0" 200 51388 "-" "Mozilla/5.0 (Windows NT 10.0; WOW64; Trident/7.0; rv:11.0) like Gecko" 721 56384
127.0.0.1 - - [08/Feb/2016:21:52:12 -0500] "GET /opensso/namingservice HTTP/1.1" 200 7 "-" "Java/1.5.0_21" 220 183
174.49.73.68 - - [08/Feb/2016:21:52:14 -0500] "GET /redmine/issues/gantt?month=9&months=6&year=1916&zoom=1 HTTP/1.0" 200 27588 "-" "Mozilla/5.0 (Windows NT 10.0; WOW64; Trident/7.0; rv:11.0) like Gecko" 241 28240
174.49.73.68 - - [08/Feb/2016:21:52:16 -0500] "GET /redmine/issues/gantt?month=7&months=6&year=2140&zoom=1 HTTP/1.0" 200 27583 "-" "Mozilla/5.0 (Windows NT 10.0; WOW64; Trident/7.0; rv:11.0) like Gecko" 241 28235
174.49.73.68 - - [08/Feb/2016:21:52:19 -0500] "GET /redmine/issues/gantt?month=5&months=6&year=2140&zoom=1 HTTP/1.0" 200 27574 "-" "Mozilla/5.0 (Windows NT 10.0; WOW64; Trident/7.0; rv:11.0) like Gecko" 241 28226
174.49.73.68 - - [08/Feb/2016:21:52:20 -0500] "GET /redmine/issues/gantt?month=6&months=6&year=2141&zoom=3 HTTP/1.0" 200 51321 "-" "Mozilla/5.0 (Windows NT 10.0; WOW64; Trident/7.0; rv:11.0) like Gecko" 241 51973
174.49.73.68 - - [08/Feb/2016:21:52:24 -0500] "GET /redmine/issues/gantt?month=10&months=6&year=2140&zoom=2 HTTP/1.0" 200 30905 "-" "Mozilla/5.0 (Windows NT 10.0; WOW64; Trident/7.0; rv:11.0) like Gecko" 242 31557
174.49.73.68 - - [08/Feb/2016:21:52:26 -0500] "GET /redmine/issues/gantt?month=5&months=6&year=2141&zoom=1 HTTP/1.0" 200 27574 "-" "Mozilla/5.0 (Windows NT 10.0; WOW64; Trident/7.0; rv:11.0) like Gecko" 241 28226
217.69.133.226 - - [08/Feb/2016:21:52:28 -0500] "GET /robots.txt HTTP/1.0" 404 208 "-" "Mozilla/5.0 (compatible; Linux x86_64; Mail.RU_Bot/2.0; +http://go.mail.ru/help/robots)" 251 416
217.69.133.223 - - [08/Feb/2016:21:52:30 -0500] "GET /redmine/activity?from=2015-06-09&show_news=1 HTTP/1.1" 200 5604 "-" "Mozilla/5.0 (compatible; Linux x86_64; Mail.RU_Bot/2.0; +http://go.mail.ru/help/robots)" 368 6129
174.49.73.68 - - [08/Feb/2016:21:52:34 -0500] "GET /redmine/issues/gantt?month=3&months=6&year=1918&zoom=4 HTTP/1.0" 200 51369 "-" "Mozilla/5.0 (Windows NT 10.0; WOW64; Trident/7.0; rv:11.0) like Gecko" 721 56368
174.49.73.68 - - [08/Feb/2016:21:52:35 -0500] "GET /redmine/issues/gantt?month=4&months=6&year=2138&zoom=1 HTTP/1.0" 200 27570 "-" "Mozilla/5.0 (Windows NT 10.0; WOW64; Trident/7.0; rv:11.0) like Gecko" 241 28222
174.49.73.68 - - [08/Feb/2016:21:52:36 -0500] "GET /redmine/issues/gantt?month=6&months=6&year=2140&zoom=3 HTTP/1.0" 200 51321 "-" "Mozilla/5.0 (Windows NT 10.0; WOW64; Trident/7.0; rv:11.0) like Gecko" 241 51973
127.0.0.1 - - [08/Feb/2016:21:52:38 -0500] "GET /opensso/namingservice HTTP/1.1" 200 7 "-" "Java/1.5.0_21" 220 183
127.0.0.1 - - [08/Feb/2016:21:52:42 -0500] "GET /opensso/namingservice HTTP/1.1" 200 7 "-" "Java/1.5.0_21" 220 183
174.49.73.68 - - [08/Feb/2016:21:52:52 -0500] "GET /redmine/issues/gantt?month=10&months=6&year=2139&zoom=4 HTTP/1.0" 200 51259 "-" "Mozilla/5.0 (Windows NT 10.0; WOW64; Trident/7.0; rv:11.0) like Gecko" 242 51911
127.0.0.1 - - [08/Feb/2016:21:53:08 -0500] "GET /opensso/namingservice HTTP/1.1" 200 7 "-" "Java/1.5.0_21" 220 183
127.0.0.1 - - [08/Feb/2016:21:53:12 -0500] "GET /opensso/namingservice HTTP/1.1" 200 7 "-" "Java/1.5.0_21" 220 183
127.0.0.1 - - [08/Feb/2016:21:53:38 -0500] "GET /opensso/namingservice HTTP/1.1" 200 7 "-" "Java/1.5.0_21" 220 183
127.0.0.1 - - [08/Feb/2016:21:53:42 -0500] "GET /opensso/namingservice HTTP/1.1" 200 7 "-" "Java/1.5.0_21" 220 183
127.0.0.1 - - [08/Feb/2016:21:54:08 -0500] "GET /opensso/namingservice HTTP/1.1" 200 7 "-" "Java/1.5.0_21" 220 183
127.0.0.1 - - [08/Feb/2016:21:54:12 -0500] "GET /opensso/namingservice HTTP/1.1" 200 7 "-" "Java/1.5.0_21" 220 183
66.249.64.228 - - [08/Feb/2016:21:54:19 -0500] "GET /redmine/projects/lmmpwiki/activity?from=1978-01-06&show_news=1 HTTP/1.1" 200 4917 "-" "Mozilla/5.0 (compatible; Googlebot/2.1; +http://www.google.com/bot.html)" 353 5479
152.83.70.68 - - [08/Feb/2016:21:54:22 -0500] "GET /LMMPUI/LMMP_CLIENT/LMMP.html HTTP/1.1" 200 9400 "-" "Mozilla/5.0 (Macintosh; Intel Mac OS X 10_11_3) AppleWebKit/601.4.4 (KHTML, like Gecko)" 333 9730
66.249.64.218 - - [08/Feb/2016:21:54:23 -0500] "GET /redmine/activity?from=1968-09-04&show_news=1&user_id=1 HTTP/1.1" 200 5677 "-" "Mozilla/5.0 (compatible; Googlebot/2.1; +http://www.google.com/bot.html)" 345 6239
152.83.70.68 - - [08/Feb/2016:21:54:23 -0500] "GET /apple-touch-icon-precomposed.png HTTP/1.1" 404 230 "-" "Safari/11601.4.4 CFNetwork/760.2.6 Darwin/15.3.0 (x86_64)" 388 475
152.83.70.68 - - [08/Feb/2016:21:54:23 -0500] "GET /favicon.ico HTTP/1.1" 404 209 "-" "Safari/11601.4.4 CFNetwork/760.2.6 Darwin/15.3.0 (x86_64)" 367 454
152.83.70.68 - - [08/Feb/2016:21:54:23 -0500] "GET /apple-touch-icon.png HTTP/1.1" 404 218 "-" "Safari/11601.4.4 CFNetwork/760.2.6 Darwin/15.3.0 (x86_64)" 376 462
152.83.70.68 - - [08/Feb/2016:21:54:24 -0500] "GET /apple-touch-icon-precomposed.png HTTP/1.1" 404 230 "-" "Safari/11601.4.4 CFNetwork/760.2.6 Darwin/15.3.0 (x86_64)" 388 474
152.83.70.68 - - [08/Feb/2016:21:54:24 -0500] "GET /apple-touch-icon.png HTTP/1.1" 404 218 "-" "Safari/11601.4.4 CFNetwork/760.2.6 Darwin/15.3.0 (x86_64)" 376 462
127.0.0.1 - - [08/Feb/2016:21:54:38 -0500] "GET /opensso/namingservice HTTP/1.1" 200 7 "-" "Java/1.5.0_21" 220 183
127.0.0.1 - - [08/Feb/2016:21:54:42 -0500] "GET /opensso/namingservice HTTP/1.1" 200 7 "-" "Java/1.5.0_21" 220 183
127.0.0.1 - - [08/Feb/2016:21:55:08 -0500] "GET /opensso/namingservice HTTP/1.1" 200 7 "-" "Java/1.5.0_21" 220 183
127.0.0.1 - - [08/Feb/2016:21:55:12 -0500] "GET /opensso/namingservice HTTP/1.1" 200 7 "-" "Java/1.5.0_21" 220 183
66.87.118.119 - - [08/Feb/2016:21:55:31 -0500] "GET /arcgis/rest/services/CombinedNomenclature/MapServer?f=json HTTP/1.1" 200 810 "-" "ArcGIS.Android-10.2.3/5.1.1/SAMSUNG-SM-N910P" 236 1108
127.0.0.1 - - [08/Feb/2016:21:55:38 -0500] "GET /opensso/namingservice HTTP/1.1" 200 7 "-" "Java/1.5.0_21" 220 183
127.0.0.1 - - [08/Feb/2016:21:55:42 -0500] "GET /opensso/namingservice HTTP/1.1" 200 7 "-" "Java/1.5.0_21" 220 183
137.78.207.218 - - [08/Feb/2016:21:56:03 -0500] "HEAD /LMMPUI/LMMP_CLIENT/LMMP.html HTTP/1.1" 200 - "-" "curl/7.38.0" 110 274
127.0.0.1 - - [08/Feb/2016:21:56:08 -0500] "GET /opensso/namingservice HTTP/1.1" 200 7 "-" "Java/1.5.0_21" 220 183
127.0.0.1 - - [08/Feb/2016:21:56:12 -0500] "GET /opensso/namingservice HTTP/1.1" 200 7 "-" "Java/1.5.0_21" 220 183
127.0.0.1 - - [08/Feb/2016:21:56:38 -0500] "GET /opensso/namingservice HTTP/1.1" 200 7 "-" "Java/1.5.0_21" 220 183
127.0.0.1 - - [08/Feb/2016:21:56:42 -0500] "GET /opensso/namingservice HTTP/1.1" 200 7 "-" "Java/1.5.0_21" 220 183
127.0.0.1 - - [08/Feb/2016:21:57:08 -0500] "GET /opensso/namingservice HTTP/1.1" 200 7 "-" "Java/1.5.0_21" 220 183
127.0.0.1 - - [08/Feb/2016:21:57:12 -0500] "GET /opensso/namingservice HTTP/1.1" 200 7 "-" "Java/1.5.0_21" 220 183
127.0.0.1 - - [08/Feb/2016:21:57:38 -0500] "GET /opensso/namingservice HTTP/1.1" 200 7 "-" "Java/1.5.0_21" 220 183
127.0.0.1 - - [08/Feb/2016:21:57:42 -0500] "GET /opensso/namingservice HTTP/1.1" 200 7 "-" "Java/1.5.0_21" 220 183
127.0.0.1 - - [08/Feb/2016:21:58:08 -0500] "GET /opensso/namingservice HTTP/1.1" 200 7 "-" "Java/1.5.0_21" 220 183
127.0.0.1 - - [08/Feb/2016:21:58:12 -0500] "GET /opensso/namingservice HTTP/1.1" 200 7 "-" "Java/1.5.0_21" 220 183
127.0.0.1 - - [08/Feb/2016:21:58:38 -0500] "GET /opensso/namingservice HTTP/1.1" 200 7 "-" "Java/1.5.0_21" 220 183
127.0.0.1 - - [08/Feb/2016:21:58:42 -0500] "GET /opensso/namingservice HTTP/1.1" 200 7 "-" "Java/1.5.0_21" 220 183
127.0.0.1 - - [08/Feb/2016:21:59:08 -0500] "GET /opensso/namingservice HTTP/1.1" 200 7 "-" "Java/1.5.0_21" 220 183
127.0.0.1 - - [08/Feb/2016:21:59:12 -0500] "GET /opensso/namingservice HTTP/1.1" 200 7 "-" "Java/1.5.0_21" 220 183
66.249.64.228 - - [08/Feb/2016:21:59:19 -0500] "GET /redmine/activity?from=1968-08-05&show_news=1&user_id=1 HTTP/1.1" 200 5677 "-" "Mozilla/5.0 (compatible; Googlebot/2.1; +http://www.google.com/bot.html)" 345 6239
66.249.64.223 - - [08/Feb/2016:21:59:35 -0500] "GET /redmine/projects/lmmpwiki/activity?from=1977-12-07&show_news=1 HTTP/1.1" 200 4917 "-" "Mozilla/5.0 (compatible; Googlebot/2.1; +http://www.google.com/bot.html)" 353 5479
127.0.0.1 - - [08/Feb/2016:21:59:38 -0500] "GET /opensso/namingservice HTTP/1.1" 200 7 "-" "Java/1.5.0_21" 220 183
127.0.0.1 - - [08/Feb/2016:21:59:42 -0500] "GET /opensso/namingservice HTTP/1.1" 200 7 "-" "Java/1.5.0_21" 220 183
157.55.39.5 - - [08/Feb/2016:21:59:56 -0500] "GET / HTTP/1.1" 302 237 "-" "Mozilla/5.0 (compatible; bingbot/2.0; +http://www.bing.com/bingbot.htm)" 272 543
127.0.0.1 - - [08/Feb/2016:22:00:08 -0500] "GET /opensso/namingservice HTTP/1.1" 200 7 "-" "Java/1.5.0_21" 220 183
127.0.0.1 - - [08/Feb/2016:22:00:12 -0500] "GET /opensso/namingservice HTTP/1.1" 200 7 "-" "Java/1.5.0_21" 220 183
127.0.0.1 - - [08/Feb/2016:22:00:38 -0500] "GET /opensso/namingservice HTTP/1.1" 200 7 "-" "Java/1.5.0_21" 220 183
127.0.0.1 - - [08/Feb/2016:22:00:42 -0500] "GET /opensso/namingservice HTTP/1.1" 200 7 "-" "Java/1.5.0_21" 220 183
207.46.13.119 - - [08/Feb/2016:22:00:44 -0500] "GET / HTTP/1.1" 302 238 "-" "Mozilla/5.0 (compatible; bingbot/2.0; +http://www.bing.com/bingbot.htm)" 640 4649
137.78.207.218 - - [08/Feb/2016:22:01:03 -0500] "HEAD /LMMPUI/LMMP_CLIENT/LMMP.html HTTP/1.1" 200 - "-" "curl/7.38.0" 110 274
127.0.0.1 - - [08/Feb/2016:22:01:08 -0500] "GET /opensso/namingservice HTTP/1.1" 200 7 "-" "Java/1.5.0_21" 220 183
127.0.0.1 - - [08/Feb/2016:22:01:12 -0500] "GET /opensso/namingservice HTTP/1.1" 200 7 "-" "Java/1.5.0_21" 220 183
127.0.0.1 - - [08/Feb/2016:22:01:38 -0500] "GET /opensso/namingservice HTTP/1.1" 200 7 "-" "Java/1.5.0_21" 220 183
127.0.0.1 - - [08/Feb/2016:22:01:42 -0500] "GET /opensso/namingservice HTTP/1.1" 200 7 "-" "Java/1.5.0_21" 220 183
127.0.0.1 - - [08/Feb/2016:22:02:08 -0500] "GET /opensso/namingservice HTTP/1.1" 200 7 "-" "Java/1.5.0_21" 220 183
127.0.0.1 - - [08/Feb/2016:22:02:12 -0500] "GET /opensso/namingservice HTTP/1.1" 200 7 "-" "Java/1.5.0_21" 220 183
127.0.0.1 - - [08/Feb/2016:22:02:38 -0500] "GET /opensso/namingservice HTTP/1.1" 200 7 "-" "Java/1.5.0_21" 220 183
127.0.0.1 - - [08/Feb/2016:22:02:42 -0500] "GET /opensso/namingservice HTTP/1.1" 200 7 "-" "Java/1.5.0_21" 220 183
127.0.0.1 - - [08/Feb/2016:22:03:08 -0500] "GET /opensso/namingservice HTTP/1.1" 200 7 "-" "Java/1.5.0_21" 220 183
127.0.0.1 - - [08/Feb/2016:22:03:12 -0500] "GET /opensso/namingservice HTTP/1.1" 200 7 "-" "Java/1.5.0_21" 220 183
127.0.0.1 - - [08/Feb/2016:22:03:38 -0500] "GET /opensso/namingservice HTTP/1.1" 200 7 "-" "Java/1.5.0_21" 220 183
127.0.0.1 - - [08/Feb/2016:22:03:42 -0500] "GET /opensso/namingservice HTTP/1.1" 200 7 "-" "Java/1.5.0_21" 220 183
174.49.73.68 - - [08/Feb/2016:22:03:49 -0500] "GET /redmine/issues/gantt?month=2&months=6&year=2142&zoom=4 HTTP/1.0" 200 51024 "-" "Mozilla/5.0 (Windows NT 10.0; WOW64; Trident/7.0; rv:11.0) like Gecko" 241 51676
127.0.0.1 - - [08/Feb/2016:22:04:08 -0500] "GET /opensso/namingservice HTTP/1.1" 200 7 "-" "Java/1.5.0_21" 220 183
127.0.0.1 - - [08/Feb/2016:22:04:12 -0500] "GET /opensso/namingservice HTTP/1.1" 200 7 "-" "Java/1.5.0_21" 220 183
66.249.64.218 - - [08/Feb/2016:22:04:18 -0500] "GET /redmine/activity?from=1968-07-06&show_news=1&user_id=1 HTTP/1.1" 200 5677 "-" "Mozilla/5.0 (compatible; Googlebot/2.1; +http://www.google.com/bot.html)" 345 6239
66.249.64.223 - - [08/Feb/2016:22:04:19 -0500] "GET /redmine/projects/lmmpwiki/activity?from=1977-11-07&show_news=1 HTTP/1.1" 200 4917 "-" "Mozilla/5.0 (compatible; Googlebot/2.1; +http://www.google.com/bot.html)" 353 5479
127.0.0.1 - - [08/Feb/2016:22:04:38 -0500] "GET /opensso/namingservice HTTP/1.1" 200 7 "-" "Java/1.5.0_21" 220 183
127.0.0.1 - - [08/Feb/2016:22:04:42 -0500] "GET /opensso/namingservice HTTP/1.1" 200 7 "-" "Java/1.5.0_21" 220 183
127.0.0.1 - - [08/Feb/2016:22:05:08 -0500] "GET /opensso/namingservice HTTP/1.1" 200 7 "-" "Java/1.5.0_21" 220 183
127.0.0.1 - - [08/Feb/2016:22:05:12 -0500] "GET /opensso/namingservice HTTP/1.1" 200 7 "-" "Java/1.5.0_21" 220 183
127.0.0.1 - - [08/Feb/2016:22:05:38 -0500] "GET /opensso/namingservice HTTP/1.1" 200 7 "-" "Java/1.5.0_21" 220 183
127.0.0.1 - - [08/Feb/2016:22:05:42 -0500] "GET /opensso/namingservice HTTP/1.1" 200 7 "-" "Java/1.5.0_21" 220 183
137.78.207.218 - - [08/Feb/2016:22:06:03 -0500] "HEAD /LMMPUI/LMMP_CLIENT/LMMP.html HTTP/1.1" 200 - "-" "curl/7.38.0" 110 274
127.0.0.1 - - [08/Feb/2016:22:06:08 -0500] "GET /opensso/namingservice HTTP/1.1" 200 7 "-" "Java/1.5.0_21" 220 183
127.0.0.1 - - [08/Feb/2016:22:06:12 -0500] "GET /opensso/namingservice HTTP/1.1" 200 7 "-" "Java/1.5.0_21" 220 183
127.0.0.1 - - [08/Feb/2016:22:06:38 -0500] "GET /opensso/namingservice HTTP/1.1" 200 7 "-" "Java/1.5.0_21" 220 183
127.0.0.1 - - [08/Feb/2016:22:06:42 -0500] "GET /opensso/namingservice HTTP/1.1" 200 7 "-" "Java/1.5.0_21" 220 183
127.0.0.1 - - [08/Feb/2016:22:07:08 -0500] "GET /opensso/namingservice HTTP/1.1" 200 7 "-" "Java/1.5.0_21" 220 183
127.0.0.1 - - [08/Feb/2016:22:07:12 -0500] "GET /opensso/namingservice HTTP/1.1" 200 7 "-" "Java/1.5.0_21" 220 183
127.0.0.1 - - [08/Feb/2016:22:07:38 -0500] "GET /opensso/namingservice HTTP/1.1" 200 7 "-" "Java/1.5.0_21" 220 183
127.0.0.1 - - [08/Feb/2016:22:07:42 -0500] "GET /opensso/namingservice HTTP/1.1" 200 7 "-" "Java/1.5.0_21" 220 183
127.0.0.1 - - [08/Feb/2016:22:08:08 -0500] "GET /opensso/namingservice HTTP/1.1" 200 7 "-" "Java/1.5.0_21" 220 183
127.0.0.1 - - [08/Feb/2016:22:08:12 -0500] "GET /opensso/namingservice HTTP/1.1" 200 7 "-" "Java/1.5.0_21" 220 183
127.0.0.1 - - [08/Feb/2016:22:08:38 -0500] "GET /opensso/namingservice HTTP/1.1" 200 7 "-" "Java/1.5.0_21" 220 183
127.0.0.1 - - [08/Feb/2016:22:08:42 -0500] "GET /opensso/namingservice HTTP/1.1" 200 7 "-" "Java/1.5.0_21" 220 183
127.0.0.1 - - [08/Feb/2016:22:09:08 -0500] "GET /opensso/namingservice HTTP/1.1" 200 7 "-" "Java/1.5.0_21" 220 183
127.0.0.1 - - [08/Feb/2016:22:09:12 -0500] "GET /opensso/namingservice HTTP/1.1" 200 7 "-" "Java/1.5.0_21" 220 183
127.0.0.1 - - [08/Feb/2016:22:09:38 -0500] "GET /opensso/namingservice HTTP/1.1" 200 7 "-" "Java/1.5.0_21" 220 183
127.0.0.1 - - [08/Feb/2016:22:09:42 -0500] "GET /opensso/namingservice HTTP/1.1" 200 7 "-" "Java/1.5.0_21" 220 183
66.249.64.218 - - [08/Feb/2016:22:09:42 -0500] "GET /redmine/activity?from=1968-06-06&show_news=1&user_id=1 HTTP/1.1" 200 5677 "-" "Mozilla/5.0 (compatible; Googlebot/2.1; +http://www.google.com/bot.html)" 345 6239
66.249.64.223 - - [08/Feb/2016:22:09:43 -0500] "GET /redmine/projects/lmmpwiki/activity?from=1977-10-08&show_news=1 HTTP/1.1" 200 4917 "-" "Mozilla/5.0 (compatible; Googlebot/2.1; +http://www.google.com/bot.html)" 353 5479
127.0.0.1 - - [08/Feb/2016:22:10:08 -0500] "GET /opensso/namingservice HTTP/1.1" 200 7 "-" "Java/1.5.0_21" 220 183
127.0.0.1 - - [08/Feb/2016:22:10:12 -0500] "GET /opensso/namingservice HTTP/1.1" 200 7 "-" "Java/1.5.0_21" 220 183
127.0.0.1 - - [08/Feb/2016:22:10:38 -0500] "GET /opensso/namingservice HTTP/1.1" 200 7 "-" "Java/1.5.0_21" 220 183
127.0.0.1 - - [08/Feb/2016:22:10:42 -0500] "GET /opensso/namingservice HTTP/1.1" 200 7 "-" "Java/1.5.0_21" 220 183
137.78.207.218 - - [08/Feb/2016:22:11:03 -0500] "HEAD /LMMPUI/LMMP_CLIENT/LMMP.html HTTP/1.1" 200 - "-" "curl/7.38.0" 110 274
127.0.0.1 - - [08/Feb/2016:22:11:08 -0500] "GET /opensso/namingservice HTTP/1.1" 200 7 "-" "Java/1.5.0_21" 220 183
157.55.39.5 - - [08/Feb/2016:22:11:08 -0500] "GET / HTTP/1.1" 302 237 "-" "Mozilla/5.0 (compatible; bingbot/2.0; +http://www.bing.com/bingbot.htm)" 272 543
127.0.0.1 - - [08/Feb/2016:22:11:12 -0500] "GET /opensso/namingservice HTTP/1.1" 200 7 "-" "Java/1.5.0_21" 220 183
127.0.0.1 - - [08/Feb/2016:22:11:38 -0500] "GET /opensso/namingservice HTTP/1.1" 200 7 "-" "Java/1.5.0_21" 220 183
127.0.0.1 - - [08/Feb/2016:22:11:42 -0500] "GET /opensso/namingservice HTTP/1.1" 200 7 "-" "Java/1.5.0_21" 220 183
127.0.0.1 - - [08/Feb/2016:22:12:08 -0500] "GET /opensso/namingservice HTTP/1.1" 200 7 "-" "Java/1.5.0_21" 220 183
127.0.0.1 - - [08/Feb/2016:22:12:12 -0500] "GET /opensso/namingservice HTTP/1.1" 200 7 "-" "Java/1.5.0_21" 220 183
127.0.0.1 - - [08/Feb/2016:22:12:38 -0500] "GET /opensso/namingservice HTTP/1.1" 200 7 "-" "Java/1.5.0_21" 220 183
127.0.0.1 - - [08/Feb/2016:22:12:42 -0500] "GET /opensso/namingservice HTTP/1.1" 200 7 "-" "Java/1.5.0_21" 220 183
127.0.0.1 - - [08/Feb/2016:22:13:08 -0500] "GET /opensso/namingservice HTTP/1.1" 200 7 "-" "Java/1.5.0_21" 220 183
127.0.0.1 - - [08/Feb/2016:22:13:12 -0500] "GET /opensso/namingservice HTTP/1.1" 200 7 "-" "Java/1.5.0_21" 220 183
127.0.0.1 - - [08/Feb/2016:22:13:38 -0500] "GET /opensso/namingservice HTTP/1.1" 200 7 "-" "Java/1.5.0_21" 220 183
127.0.0.1 - - [08/Feb/2016:22:13:42 -0500] "GET /opensso/namingservice HTTP/1.1" 200 7 "-" "Java/1.5.0_21" 220 183
127.0.0.1 - - [08/Feb/2016:22:14:08 -0500] "GET /opensso/namingservice HTTP/1.1" 200 7 "-" "Java/1.5.0_21" 220 183
127.0.0.1 - - [08/Feb/2016:22:14:12 -0500] "GET /opensso/namingservice HTTP/1.1" 200 7 "-" "Java/1.5.0_21" 220 183
66.249.64.223 - - [08/Feb/2016:22:14:20 -0500] "GET /redmine/projects/lmmpwiki/activity?from=1977-09-08&show_news=1 HTTP/1.1" 200 4917 "-" "Mozilla/5.0 (compatible; Googlebot/2.1; +http://www.google.com/bot.html)" 353 5479
66.249.64.223 - - [08/Feb/2016:22:14:21 -0500] "GET /redmine/activity?from=1968-05-07&show_news=1&user_id=1 HTTP/1.1" 200 5677 "-" "Mozilla/5.0 (compatible; Googlebot/2.1; +http://www.google.com/bot.html)" 345 6238
127.0.0.1 - - [08/Feb/2016:22:14:38 -0500] "GET /opensso/namingservice HTTP/1.1" 200 7 "-" "Java/1.5.0_21" 220 183
127.0.0.1 - - [08/Feb/2016:22:14:42 -0500] "GET /opensso/namingservice HTTP/1.1" 200 7 "-" "Java/1.5.0_21" 220 183
127.0.0.1 - - [08/Feb/2016:22:15:08 -0500] "GET /opensso/namingservice HTTP/1.1" 200 7 "-" "Java/1.5.0_21" 220 183
127.0.0.1 - - [08/Feb/2016:22:15:12 -0500] "GET /opensso/namingservice HTTP/1.1" 200 7 "-" "Java/1.5.0_21" 220 183
127.0.0.1 - - [08/Feb/2016:22:15:38 -0500] "GET /opensso/namingservice HTTP/1.1" 200 7 "-" "Java/1.5.0_21" 220 183
127.0.0.1 - - [08/Feb/2016:22:15:42 -0500] "GET /opensso/namingservice HTTP/1.1" 200 7 "-" "Java/1.5.0_21" 220 183
137.78.207.218 - - [08/Feb/2016:22:16:03 -0500] "HEAD /LMMPUI/LMMP_CLIENT/LMMP.html HTTP/1.1" 200 - "-" "curl/7.38.0" 110 274
127.0.0.1 - - [08/Feb/2016:22:16:08 -0500] "GET /opensso/namingservice HTTP/1.1" 200 7 "-" "Java/1.5.0_21" 220 183
127.0.0.1 - - [08/Feb/2016:22:16:12 -0500] "GET /opensso/namingservice HTTP/1.1" 200 7 "-" "Java/1.5.0_21" 220 183
68.180.228.178 - - [08/Feb/2016:22:16:22 -0500] "GET /redmine/projects.atom HTTP/1.1" 304 - "-" "Mozilla/5.0 (compatible; Yahoo! Slurp; http://help.yahoo.com/help/us/ysearch/slurp)" 686 4429
127.0.0.1 - - [08/Feb/2016:22:16:38 -0500] "GET /opensso/namingservice HTTP/1.1" 200 7 "-" "Java/1.5.0_21" 220 183
127.0.0.1 - - [08/Feb/2016:22:16:42 -0500] "GET /opensso/namingservice HTTP/1.1" 200 7 "-" "Java/1.5.0_21" 220 183
127.0.0.1 - - [08/Feb/2016:22:17:08 -0500] "GET /opensso/namingservice HTTP/1.1" 200 7 "-" "Java/1.5.0_21" 220 183
127.0.0.1 - - [08/Feb/2016:22:17:12 -0500] "GET /opensso/namingservice HTTP/1.1" 200 7 "-" "Java/1.5.0_21" 220 183
127.0.0.1 - - [08/Feb/2016:22:17:38 -0500] "GET /opensso/namingservice HTTP/1.1" 200 7 "-" "Java/1.5.0_21" 220 183
127.0.0.1 - - [08/Feb/2016:22:17:42 -0500] "GET /opensso/namingservice HTTP/1.1" 200 7 "-" "Java/1.5.0_21" 220 183
127.0.0.1 - - [08/Feb/2016:22:18:08 -0500] "GET /opensso/namingservice HTTP/1.1" 200 7 "-" "Java/1.5.0_21" 220 183
127.0.0.1 - - [08/Feb/2016:22:18:12 -0500] "GET /opensso/namingservice HTTP/1.1" 200 7 "-" "Java/1.5.0_21" 220 183
127.0.0.1 - - [08/Feb/2016:22:18:38 -0500] "GET /opensso/namingservice HTTP/1.1" 200 7 "-" "Java/1.5.0_21" 220 183
127.0.0.1 - - [08/Feb/2016:22:18:42 -0500] "GET /opensso/namingservice HTTP/1.1" 200 7 "-" "Java/1.5.0_21" 220 183
127.0.0.1 - - [08/Feb/2016:22:19:08 -0500] "GET /opensso/namingservice HTTP/1.1" 200 7 "-" "Java/1.5.0_21" 220 183
127.0.0.1 - - [08/Feb/2016:22:19:12 -0500] "GET /opensso/namingservice HTTP/1.1" 200 7 "-" "Java/1.5.0_21" 220 183
66.249.64.228 - - [08/Feb/2016:22:19:21 -0500] "GET /redmine/activity?from=1968-04-07&show_news=1&user_id=1 HTTP/1.1" 200 5677 "-" "Mozilla/5.0 (compatible; Googlebot/2.1; +http://www.google.com/bot.html)" 345 6239
66.249.64.223 - - [08/Feb/2016:22:19:22 -0500] "GET /redmine/projects/lmmpwiki/activity?from=1977-08-09&show_news=1 HTTP/1.1" 200 4917 "-" "Mozilla/5.0 (compatible; Googlebot/2.1; +http://www.google.com/bot.html)" 353 5479
127.0.0.1 - - [08/Feb/2016:22:19:38 -0500] "GET /opensso/namingservice HTTP/1.1" 200 7 "-" "Java/1.5.0_21" 220 183
127.0.0.1 - - [08/Feb/2016:22:19:42 -0500] "GET /opensso/namingservice HTTP/1.1" 200 7 "-" "Java/1.5.0_21" 220 183
127.0.0.1 - - [08/Feb/2016:22:20:08 -0500] "GET /opensso/namingservice HTTP/1.1" 200 7 "-" "Java/1.5.0_21" 220 183
127.0.0.1 - - [08/Feb/2016:22:20:12 -0500] "GET /opensso/namingservice HTTP/1.1" 200 7 "-" "Java/1.5.0_21" 220 183
127.0.0.1 - - [08/Feb/2016:22:20:38 -0500] "GET /opensso/namingservice HTTP/1.1" 200 7 "-" "Java/1.5.0_21" 220 183
127.0.0.1 - - [08/Feb/2016:22:20:42 -0500] "GET /opensso/namingservice HTTP/1.1" 200 7 "-" "Java/1.5.0_21" 220 183
137.78.207.218 - - [08/Feb/2016:22:21:03 -0500] "HEAD /LMMPUI/LMMP_CLIENT/LMMP.html HTTP/1.1" 200 - "-" "curl/7.38.0" 110 274
127.0.0.1 - - [08/Feb/2016:22:21:08 -0500] "GET /opensso/namingservice HTTP/1.1" 200 7 "-" "Java/1.5.0_21" 220 183
127.0.0.1 - - [08/Feb/2016:22:21:12 -0500] "GET /opensso/namingservice HTTP/1.1" 200 7 "-" "Java/1.5.0_21" 220 183
