127.0.0.1 - - [19/Feb/2016:02:46:08 -0500] "GET /opensso/namingservice HTTP/1.1" 200 7 "-" "Java/1.5.0_21" 220 183
127.0.0.1 - - [19/Feb/2016:02:46:12 -0500] "GET /opensso/namingservice HTTP/1.1" 200 7 "-" "Java/1.5.0_21" 220 183
127.0.0.1 - - [19/Feb/2016:02:46:38 -0500] "GET /opensso/namingservice HTTP/1.1" 200 7 "-" "Java/1.5.0_21" 220 183
127.0.0.1 - - [19/Feb/2016:02:46:42 -0500] "GET /opensso/namingservice HTTP/1.1" 200 7 "-" "Java/1.5.0_21" 220 183
127.0.0.1 - - [19/Feb/2016:02:47:08 -0500] "GET /opensso/namingservice HTTP/1.1" 200 7 "-" "Java/1.5.0_21" 220 183
127.0.0.1 - - [19/Feb/2016:02:47:12 -0500] "GET /opensso/namingservice HTTP/1.1" 200 7 "-" "Java/1.5.0_21" 220 183
127.0.0.1 - - [19/Feb/2016:02:47:38 -0500] "GET /opensso/namingservice HTTP/1.1" 200 7 "-" "Java/1.5.0_21" 220 183
127.0.0.1 - - [19/Feb/2016:02:47:42 -0500] "GET /opensso/namingservice HTTP/1.1" 200 7 "-" "Java/1.5.0_21" 220 183
127.0.0.1 - - [19/Feb/2016:02:48:08 -0500] "GET /opensso/namingservice HTTP/1.1" 200 7 "-" "Java/1.5.0_21" 220 183
127.0.0.1 - - [19/Feb/2016:02:48:12 -0500] "GET /opensso/namingservice HTTP/1.1" 200 7 "-" "Java/1.5.0_21" 220 183
127.0.0.1 - - [19/Feb/2016:02:48:38 -0500] "GET /opensso/namingservice HTTP/1.1" 200 7 "-" "Java/1.5.0_21" 220 183
127.0.0.1 - - [19/Feb/2016:02:48:42 -0500] "GET /opensso/namingservice HTTP/1.1" 200 7 "-" "Java/1.5.0_21" 220 183
127.0.0.1 - - [19/Feb/2016:02:49:08 -0500] "GET /opensso/namingservice HTTP/1.1" 200 7 "-" "Java/1.5.0_21" 220 183
127.0.0.1 - - [19/Feb/2016:02:49:12 -0500] "GET /opensso/namingservice HTTP/1.1" 200 7 "-" "Java/1.5.0_21" 220 183
66.249.66.171 - - [19/Feb/2016:02:49:18 -0500] "GET /redmine/activity?from=2000-05-13&show_files=1&user_id=1 HTTP/1.1" 200 5683 "-" "Mozilla/5.0 (compatible; Googlebot/2.1; +http://www.google.com/bot.html)" 346 6245
66.249.66.163 - - [19/Feb/2016:02:49:19 -0500] "GET /redmine/activity?from=2010-09-25&show_issues=1&user_id=1 HTTP/1.1" 200 5689 "-" "Mozilla/5.0 (compatible; Googlebot/2.1; +http://www.google.com/bot.html)" 347 6251
66.249.66.163 - - [19/Feb/2016:02:49:19 -0500] "GET /redmine/projects/lmmpwiki/activity?from=1921-08-12 HTTP/1.1" 200 4829 "-" "Mozilla/5.0 (compatible; Googlebot/2.1; +http://www.google.com/bot.html)" 341 5390
66.249.66.167 - - [19/Feb/2016:02:49:20 -0500] "GET /redmine/issues/calendar?month=6&year=2145 HTTP/1.1" 200 27534 "-" "Mozilla/5.0 (compatible; Googlebot/2.1; +http://www.google.com/bot.html)" 332 28223
66.249.66.167 - - [19/Feb/2016:02:49:34 -0500] "GET /redmine/projects/lmmpwiki/activity?from=2015-04-19&show_news=1 HTTP/1.1" 200 4917 "-" "Mozilla/5.0 (compatible; Googlebot/2.1; +http://www.google.com/bot.html)" 353 5479
127.0.0.1 - - [19/Feb/2016:02:49:38 -0500] "GET /opensso/namingservice HTTP/1.1" 200 7 "-" "Java/1.5.0_21" 220 183
127.0.0.1 - - [19/Feb/2016:02:49:42 -0500] "GET /opensso/namingservice HTTP/1.1" 200 7 "-" "Java/1.5.0_21" 220 183
127.0.0.1 - - [19/Feb/2016:02:50:08 -0500] "GET /opensso/namingservice HTTP/1.1" 200 7 "-" "Java/1.5.0_21" 220 183
127.0.0.1 - - [19/Feb/2016:02:50:12 -0500] "GET /opensso/namingservice HTTP/1.1" 200 7 "-" "Java/1.5.0_21" 220 183
127.0.0.1 - - [19/Feb/2016:02:50:38 -0500] "GET /opensso/namingservice HTTP/1.1" 200 7 "-" "Java/1.5.0_21" 220 183
127.0.0.1 - - [19/Feb/2016:02:50:42 -0500] "GET /opensso/namingservice HTTP/1.1" 200 7 "-" "Java/1.5.0_21" 220 183
137.78.207.218 - - [19/Feb/2016:02:51:07 -0500] "HEAD /LMMPUI/LMMP_CLIENT/LMMP.html HTTP/1.1" 200 - "-" "curl/7.38.0" 110 274
127.0.0.1 - - [19/Feb/2016:02:51:08 -0500] "GET /opensso/namingservice HTTP/1.1" 200 7 "-" "Java/1.5.0_21" 220 183
127.0.0.1 - - [19/Feb/2016:02:51:12 -0500] "GET /opensso/namingservice HTTP/1.1" 200 7 "-" "Java/1.5.0_21" 220 183
127.0.0.1 - - [19/Feb/2016:02:51:38 -0500] "GET /opensso/namingservice HTTP/1.1" 200 7 "-" "Java/1.5.0_21" 220 183
127.0.0.1 - - [19/Feb/2016:02:51:42 -0500] "GET /opensso/namingservice HTTP/1.1" 200 7 "-" "Java/1.5.0_21" 220 183
127.0.0.1 - - [19/Feb/2016:02:52:08 -0500] "GET /opensso/namingservice HTTP/1.1" 200 7 "-" "Java/1.5.0_21" 220 183
127.0.0.1 - - [19/Feb/2016:02:52:12 -0500] "GET /opensso/namingservice HTTP/1.1" 200 7 "-" "Java/1.5.0_21" 220 183
127.0.0.1 - - [19/Feb/2016:02:52:38 -0500] "GET /opensso/namingservice HTTP/1.1" 200 7 "-" "Java/1.5.0_21" 220 183
127.0.0.1 - - [19/Feb/2016:02:52:42 -0500] "GET /opensso/namingservice HTTP/1.1" 200 7 "-" "Java/1.5.0_21" 220 183
127.0.0.1 - - [19/Feb/2016:02:53:08 -0500] "GET /opensso/namingservice HTTP/1.1" 200 7 "-" "Java/1.5.0_21" 220 183
127.0.0.1 - - [19/Feb/2016:02:53:12 -0500] "GET /opensso/namingservice HTTP/1.1" 200 7 "-" "Java/1.5.0_21" 220 183
127.0.0.1 - - [19/Feb/2016:02:53:38 -0500] "GET /opensso/namingservice HTTP/1.1" 200 7 "-" "Java/1.5.0_21" 220 183
127.0.0.1 - - [19/Feb/2016:02:53:42 -0500] "GET /opensso/namingservice HTTP/1.1" 200 7 "-" "Java/1.5.0_21" 220 183
127.0.0.1 - - [19/Feb/2016:02:54:08 -0500] "GET /opensso/namingservice HTTP/1.1" 200 7 "-" "Java/1.5.0_21" 220 183
127.0.0.1 - - [19/Feb/2016:02:54:12 -0500] "GET /opensso/namingservice HTTP/1.1" 200 7 "-" "Java/1.5.0_21" 220 183
66.249.66.171 - - [19/Feb/2016:02:54:18 -0500] "GET /redmine/activity?from=2010-10-25&show_issues=1&user_id=1 HTTP/1.1" 200 5689 "-" "Mozilla/5.0 (compatible; Googlebot/2.1; +http://www.google.com/bot.html)" 347 6251
66.249.66.171 - - [19/Feb/2016:02:54:19 -0500] "GET /redmine/projects/lmmpwiki/activity?from=1921-07-13 HTTP/1.1" 200 4829 "-" "Mozilla/5.0 (compatible; Googlebot/2.1; +http://www.google.com/bot.html)" 341 5390
66.249.66.163 - - [19/Feb/2016:02:54:19 -0500] "GET /redmine/issues/calendar?month=7&year=2145 HTTP/1.1" 200 27541 "-" "Mozilla/5.0 (compatible; Googlebot/2.1; +http://www.google.com/bot.html)" 332 28230
66.249.66.163 - - [19/Feb/2016:02:54:34 -0500] "GET /redmine/activity?from=2000-06-12&show_files=1&user_id=1 HTTP/1.1" 200 5683 "-" "Mozilla/5.0 (compatible; Googlebot/2.1; +http://www.google.com/bot.html)" 346 6245
66.249.66.163 - - [19/Feb/2016:02:54:34 -0500] "GET /redmine/projects/lmmpwiki/activity?from=2015-03-20&show_news=1 HTTP/1.1" 200 4917 "-" "Mozilla/5.0 (compatible; Googlebot/2.1; +http://www.google.com/bot.html)" 353 5478
127.0.0.1 - - [19/Feb/2016:02:54:38 -0500] "GET /opensso/namingservice HTTP/1.1" 200 7 "-" "Java/1.5.0_21" 220 183
127.0.0.1 - - [19/Feb/2016:02:54:42 -0500] "GET /opensso/namingservice HTTP/1.1" 200 7 "-" "Java/1.5.0_21" 220 183
127.0.0.1 - - [19/Feb/2016:02:55:08 -0500] "GET /opensso/namingservice HTTP/1.1" 200 7 "-" "Java/1.5.0_21" 220 183
127.0.0.1 - - [19/Feb/2016:02:55:12 -0500] "GET /opensso/namingservice HTTP/1.1" 200 7 "-" "Java/1.5.0_21" 220 183
127.0.0.1 - - [19/Feb/2016:02:55:38 -0500] "GET /opensso/namingservice HTTP/1.1" 200 7 "-" "Java/1.5.0_21" 220 183
127.0.0.1 - - [19/Feb/2016:02:55:42 -0500] "GET /opensso/namingservice HTTP/1.1" 200 7 "-" "Java/1.5.0_21" 220 183
137.78.207.218 - - [19/Feb/2016:02:56:06 -0500] "HEAD /LMMPUI/LMMP_CLIENT/LMMP.html HTTP/1.1" 200 - "-" "curl/7.38.0" 110 274
127.0.0.1 - - [19/Feb/2016:02:56:08 -0500] "GET /opensso/namingservice HTTP/1.1" 200 7 "-" "Java/1.5.0_21" 220 183
127.0.0.1 - - [19/Feb/2016:02:56:12 -0500] "GET /opensso/namingservice HTTP/1.1" 200 7 "-" "Java/1.5.0_21" 220 183
127.0.0.1 - - [19/Feb/2016:02:56:38 -0500] "GET /opensso/namingservice HTTP/1.1" 200 7 "-" "Java/1.5.0_21" 220 183
127.0.0.1 - - [19/Feb/2016:02:56:42 -0500] "GET /opensso/namingservice HTTP/1.1" 200 7 "-" "Java/1.5.0_21" 220 183
127.0.0.1 - - [19/Feb/2016:02:57:08 -0500] "GET /opensso/namingservice HTTP/1.1" 200 7 "-" "Java/1.5.0_21" 220 183
127.0.0.1 - - [19/Feb/2016:02:57:12 -0500] "GET /opensso/namingservice HTTP/1.1" 200 7 "-" "Java/1.5.0_21" 220 183
66.249.66.163 - - [19/Feb/2016:02:57:25 -0500] "GET /redmine/stylesheets/jstoolbar.css?1296684278 HTTP/1.1" 200 1937 "http://pub.lmmp.nasa.gov/redmine/activity?from=2010-10-25&show_issues=1&user_id=1" "Mozilla/5.0 (compatible; Googlebot/2.1; +http://www.google.com/bot.html)" 607 2170
66.249.66.167 - - [19/Feb/2016:02:57:26 -0500] "GET /redmine/themes/basecamp/stylesheets/application.css?1296725292 HTTP/1.1" 200 6116 "http://pub.lmmp.nasa.gov/redmine/activity?from=2010-10-25&show_issues=1&user_id=1" "Mozilla/5.0 (compatible; Googlebot/2.1; +http://www.google.com/bot.html)" 625 6350
66.249.66.167 - - [19/Feb/2016:02:57:27 -0500] "GET /redmine/stylesheets/application.css HTTP/1.1" 200 35743 "http://pub.lmmp.nasa.gov/redmine/activity?from=2010-10-25&show_issues=1&user_id=1" "Mozilla/5.0 (compatible; Googlebot/2.1; +http://www.google.com/bot.html)" 598 35977
127.0.0.1 - - [19/Feb/2016:02:57:38 -0500] "GET /opensso/namingservice HTTP/1.1" 200 7 "-" "Java/1.5.0_21" 220 183
127.0.0.1 - - [19/Feb/2016:02:57:42 -0500] "GET /opensso/namingservice HTTP/1.1" 200 7 "-" "Java/1.5.0_21" 220 183
127.0.0.1 - - [19/Feb/2016:02:58:08 -0500] "GET /opensso/namingservice HTTP/1.1" 200 7 "-" "Java/1.5.0_21" 220 183
127.0.0.1 - - [19/Feb/2016:02:58:12 -0500] "GET /opensso/namingservice HTTP/1.1" 200 7 "-" "Java/1.5.0_21" 220 183
127.0.0.1 - - [19/Feb/2016:02:58:38 -0500] "GET /opensso/namingservice HTTP/1.1" 200 7 "-" "Java/1.5.0_21" 220 183
127.0.0.1 - - [19/Feb/2016:02:58:42 -0500] "GET /opensso/namingservice HTTP/1.1" 200 7 "-" "Java/1.5.0_21" 220 183
127.0.0.1 - - [19/Feb/2016:02:59:08 -0500] "GET /opensso/namingservice HTTP/1.1" 200 7 "-" "Java/1.5.0_21" 220 183
127.0.0.1 - - [19/Feb/2016:02:59:12 -0500] "GET /opensso/namingservice HTTP/1.1" 200 7 "-" "Java/1.5.0_21" 220 183
66.249.66.167 - - [19/Feb/2016:02:59:18 -0500] "GET /redmine/projects/lmmpwiki/activity?from=2015-02-18&show_news=1 HTTP/1.1" 200 4917 "-" "Mozilla/5.0 (compatible; Googlebot/2.1; +http://www.google.com/bot.html)" 353 5479
66.249.66.163 - - [19/Feb/2016:02:59:18 -0500] "GET /redmine/activity?from=2000-07-12&show_files=1&user_id=1 HTTP/1.1" 200 5683 "-" "Mozilla/5.0 (compatible; Googlebot/2.1; +http://www.google.com/bot.html)" 346 6245
66.249.66.167 - - [19/Feb/2016:02:59:19 -0500] "GET /redmine/activity?from=2010-11-24&show_issues=1&user_id=1 HTTP/1.1" 200 5689 "-" "Mozilla/5.0 (compatible; Googlebot/2.1; +http://www.google.com/bot.html)" 347 6250
66.249.66.163 - - [19/Feb/2016:02:59:20 -0500] "GET /redmine/projects/lmmpwiki/activity?from=1921-06-13 HTTP/1.1" 200 4829 "-" "Mozilla/5.0 (compatible; Googlebot/2.1; +http://www.google.com/bot.html)" 341 5390
66.249.66.163 - - [19/Feb/2016:02:59:20 -0500] "GET /redmine/issues/calendar?month=8&year=2145 HTTP/1.1" 200 27540 "-" "Mozilla/5.0 (compatible; Googlebot/2.1; +http://www.google.com/bot.html)" 332 28228
127.0.0.1 - - [19/Feb/2016:02:59:38 -0500] "GET /opensso/namingservice HTTP/1.1" 200 7 "-" "Java/1.5.0_21" 220 183
127.0.0.1 - - [19/Feb/2016:02:59:42 -0500] "GET /opensso/namingservice HTTP/1.1" 200 7 "-" "Java/1.5.0_21" 220 183
127.0.0.1 - - [19/Feb/2016:03:00:08 -0500] "GET /opensso/namingservice HTTP/1.1" 200 7 "-" "Java/1.5.0_21" 220 183
127.0.0.1 - - [19/Feb/2016:03:00:12 -0500] "GET /opensso/namingservice HTTP/1.1" 200 7 "-" "Java/1.5.0_21" 220 183
127.0.0.1 - - [19/Feb/2016:03:00:38 -0500] "GET /opensso/namingservice HTTP/1.1" 200 7 "-" "Java/1.5.0_21" 220 183
127.0.0.1 - - [19/Feb/2016:03:00:42 -0500] "GET /opensso/namingservice HTTP/1.1" 200 7 "-" "Java/1.5.0_21" 220 183
137.78.207.218 - - [19/Feb/2016:03:01:07 -0500] "HEAD /LMMPUI/LMMP_CLIENT/LMMP.html HTTP/1.1" 200 - "-" "curl/7.38.0" 110 274
127.0.0.1 - - [19/Feb/2016:03:01:08 -0500] "GET /opensso/namingservice HTTP/1.1" 200 7 "-" "Java/1.5.0_21" 220 183
127.0.0.1 - - [19/Feb/2016:03:01:12 -0500] "GET /opensso/namingservice HTTP/1.1" 200 7 "-" "Java/1.5.0_21" 220 183
127.0.0.1 - - [19/Feb/2016:03:01:38 -0500] "GET /opensso/namingservice HTTP/1.1" 200 7 "-" "Java/1.5.0_21" 220 183
127.0.0.1 - - [19/Feb/2016:03:01:42 -0500] "GET /opensso/namingservice HTTP/1.1" 200 7 "-" "Java/1.5.0_21" 220 183
127.0.0.1 - - [19/Feb/2016:03:02:08 -0500] "GET /opensso/namingservice HTTP/1.1" 200 7 "-" "Java/1.5.0_21" 220 183
127.0.0.1 - - [19/Feb/2016:03:02:12 -0500] "GET /opensso/namingservice HTTP/1.1" 200 7 "-" "Java/1.5.0_21" 220 183
127.0.0.1 - - [19/Feb/2016:03:02:38 -0500] "GET /opensso/namingservice HTTP/1.1" 200 7 "-" "Java/1.5.0_21" 220 183
127.0.0.1 - - [19/Feb/2016:03:02:42 -0500] "GET /opensso/namingservice HTTP/1.1" 200 7 "-" "Java/1.5.0_21" 220 183
127.0.0.1 - - [19/Feb/2016:03:03:08 -0500] "GET /opensso/namingservice HTTP/1.1" 200 7 "-" "Java/1.5.0_21" 220 183
127.0.0.1 - - [19/Feb/2016:03:03:12 -0500] "GET /opensso/namingservice HTTP/1.1" 200 7 "-" "Java/1.5.0_21" 220 183
127.0.0.1 - - [19/Feb/2016:03:03:38 -0500] "GET /opensso/namingservice HTTP/1.1" 200 7 "-" "Java/1.5.0_21" 220 183
127.0.0.1 - - [19/Feb/2016:03:03:42 -0500] "GET /opensso/namingservice HTTP/1.1" 200 7 "-" "Java/1.5.0_21" 220 183
127.0.0.1 - - [19/Feb/2016:03:04:08 -0500] "GET /opensso/namingservice HTTP/1.1" 200 7 "-" "Java/1.5.0_21" 220 183
127.0.0.1 - - [19/Feb/2016:03:04:12 -0500] "GET /opensso/namingservice HTTP/1.1" 200 7 "-" "Java/1.5.0_21" 220 183
66.249.66.171 - - [19/Feb/2016:03:04:19 -0500] "GET /redmine/projects/lmmpwiki/activity?from=2015-01-19&show_news=1 HTTP/1.1" 200 4917 "-" "Mozilla/5.0 (compatible; Googlebot/2.1; +http://www.google.com/bot.html)" 353 5479
66.249.66.171 - - [19/Feb/2016:03:04:20 -0500] "GET /redmine/activity?from=2000-08-11&show_files=1&user_id=1 HTTP/1.1" 200 5683 "-" "Mozilla/5.0 (compatible; Googlebot/2.1; +http://www.google.com/bot.html)" 346 6244
66.249.66.163 - - [19/Feb/2016:03:04:21 -0500] "GET /redmine/activity?from=2010-12-24&show_issues=1&user_id=1 HTTP/1.1" 200 5689 "-" "Mozilla/5.0 (compatible; Googlebot/2.1; +http://www.google.com/bot.html)" 347 6251
66.249.66.167 - - [19/Feb/2016:03:04:21 -0500] "GET /redmine/projects/lmmpwiki/activity?from=1921-05-14 HTTP/1.1" 200 4829 "-" "Mozilla/5.0 (compatible; Googlebot/2.1; +http://www.google.com/bot.html)" 341 5391
66.249.66.163 - - [19/Feb/2016:03:04:22 -0500] "GET /redmine/issues/calendar?month=9&year=2145 HTTP/1.1" 200 27543 "-" "Mozilla/5.0 (compatible; Googlebot/2.1; +http://www.google.com/bot.html)" 332 28231
127.0.0.1 - - [19/Feb/2016:03:04:38 -0500] "GET /opensso/namingservice HTTP/1.1" 200 7 "-" "Java/1.5.0_21" 220 183
127.0.0.1 - - [19/Feb/2016:03:04:42 -0500] "GET /opensso/namingservice HTTP/1.1" 200 7 "-" "Java/1.5.0_21" 220 183
127.0.0.1 - - [19/Feb/2016:03:05:08 -0500] "GET /opensso/namingservice HTTP/1.1" 200 7 "-" "Java/1.5.0_21" 220 183
127.0.0.1 - - [19/Feb/2016:03:05:12 -0500] "GET /opensso/namingservice HTTP/1.1" 200 7 "-" "Java/1.5.0_21" 220 183
127.0.0.1 - - [19/Feb/2016:03:05:38 -0500] "GET /opensso/namingservice HTTP/1.1" 200 7 "-" "Java/1.5.0_21" 220 183
127.0.0.1 - - [19/Feb/2016:03:05:42 -0500] "GET /opensso/namingservice HTTP/1.1" 200 7 "-" "Java/1.5.0_21" 220 183
137.78.207.218 - - [19/Feb/2016:03:06:06 -0500] "HEAD /LMMPUI/LMMP_CLIENT/LMMP.html HTTP/1.1" 200 - "-" "curl/7.38.0" 110 274
127.0.0.1 - - [19/Feb/2016:03:06:08 -0500] "GET /opensso/namingservice HTTP/1.1" 200 7 "-" "Java/1.5.0_21" 220 183
127.0.0.1 - - [19/Feb/2016:03:06:12 -0500] "GET /opensso/namingservice HTTP/1.1" 200 7 "-" "Java/1.5.0_21" 220 183
141.212.122.160 - - [19/Feb/2016:03:06:33 -0500] "GET / HTTP/1.1" 302 234 "-" "Mozilla/5.0 zgrab/0.x" 75 481
141.212.122.160 - - [19/Feb/2016:03:06:33 -0500] "GET /LMMPUI/LMMP_CLIENT/LMMP.html HTTP/1.1" 200 9400 "-" "Mozilla/5.0 zgrab/0.x" 103 9674
127.0.0.1 - - [19/Feb/2016:03:06:38 -0500] "GET /opensso/namingservice HTTP/1.1" 200 7 "-" "Java/1.5.0_21" 220 183
127.0.0.1 - - [19/Feb/2016:03:06:42 -0500] "GET /opensso/namingservice HTTP/1.1" 200 7 "-" "Java/1.5.0_21" 220 183
127.0.0.1 - - [19/Feb/2016:03:07:08 -0500] "GET /opensso/namingservice HTTP/1.1" 200 7 "-" "Java/1.5.0_21" 220 183
127.0.0.1 - - [19/Feb/2016:03:07:12 -0500] "GET /opensso/namingservice HTTP/1.1" 200 7 "-" "Java/1.5.0_21" 220 183
127.0.0.1 - - [19/Feb/2016:03:07:38 -0500] "GET /opensso/namingservice HTTP/1.1" 200 7 "-" "Java/1.5.0_21" 220 183
127.0.0.1 - - [19/Feb/2016:03:07:42 -0500] "GET /opensso/namingservice HTTP/1.1" 200 7 "-" "Java/1.5.0_21" 220 183
127.0.0.1 - - [19/Feb/2016:03:08:08 -0500] "GET /opensso/namingservice HTTP/1.1" 200 7 "-" "Java/1.5.0_21" 220 183
127.0.0.1 - - [19/Feb/2016:03:08:12 -0500] "GET /opensso/namingservice HTTP/1.1" 200 7 "-" "Java/1.5.0_21" 220 183
127.0.0.1 - - [19/Feb/2016:03:08:38 -0500] "GET /opensso/namingservice HTTP/1.1" 200 7 "-" "Java/1.5.0_21" 220 183
127.0.0.1 - - [19/Feb/2016:03:08:42 -0500] "GET /opensso/namingservice HTTP/1.1" 200 7 "-" "Java/1.5.0_21" 220 183
127.0.0.1 - - [19/Feb/2016:03:09:08 -0500] "GET /opensso/namingservice HTTP/1.1" 200 7 "-" "Java/1.5.0_21" 220 183
127.0.0.1 - - [19/Feb/2016:03:09:12 -0500] "GET /opensso/namingservice HTTP/1.1" 200 7 "-" "Java/1.5.0_21" 220 183
66.249.66.171 - - [19/Feb/2016:03:09:18 -0500] "GET /redmine/projects/lmmpwiki/activity?from=1921-04-14 HTTP/1.1" 200 4829 "-" "Mozilla/5.0 (compatible; Googlebot/2.1; +http://www.google.com/bot.html)" 341 5391
66.249.66.163 - - [19/Feb/2016:03:09:19 -0500] "GET /redmine/activity?from=2011-01-23&show_issues=1&user_id=1 HTTP/1.1" 200 5689 "-" "Mozilla/5.0 (compatible; Googlebot/2.1; +http://www.google.com/bot.html)" 347 6251
66.249.66.163 - - [19/Feb/2016:03:09:20 -0500] "GET /redmine/activity?from=2000-09-10&show_files=1&user_id=1 HTTP/1.1" 200 5683 "-" "Mozilla/5.0 (compatible; Googlebot/2.1; +http://www.google.com/bot.html)" 346 6244
66.249.66.171 - - [19/Feb/2016:03:09:20 -0500] "GET /redmine/projects/lmmpwiki/activity?from=2014-12-20&show_news=1 HTTP/1.1" 200 4917 "-" "Mozilla/5.0 (compatible; Googlebot/2.1; +http://www.google.com/bot.html)" 353 5478
66.249.66.171 - - [19/Feb/2016:03:09:21 -0500] "GET /redmine/issues/calendar?month=10&year=2145 HTTP/1.1" 200 27975 "-" "Mozilla/5.0 (compatible; Googlebot/2.1; +http://www.google.com/bot.html)" 333 28663
127.0.0.1 - - [19/Feb/2016:03:09:38 -0500] "GET /opensso/namingservice HTTP/1.1" 200 7 "-" "Java/1.5.0_21" 220 183
127.0.0.1 - - [19/Feb/2016:03:09:42 -0500] "GET /opensso/namingservice HTTP/1.1" 200 7 "-" "Java/1.5.0_21" 220 183
127.0.0.1 - - [19/Feb/2016:03:10:08 -0500] "GET /opensso/namingservice HTTP/1.1" 200 7 "-" "Java/1.5.0_21" 220 183
127.0.0.1 - - [19/Feb/2016:03:10:12 -0500] "GET /opensso/namingservice HTTP/1.1" 200 7 "-" "Java/1.5.0_21" 220 183
127.0.0.1 - - [19/Feb/2016:03:10:38 -0500] "GET /opensso/namingservice HTTP/1.1" 200 7 "-" "Java/1.5.0_21" 220 183
127.0.0.1 - - [19/Feb/2016:03:10:42 -0500] "GET /opensso/namingservice HTTP/1.1" 200 7 "-" "Java/1.5.0_21" 220 183
137.78.207.218 - - [19/Feb/2016:03:11:07 -0500] "HEAD /LMMPUI/LMMP_CLIENT/LMMP.html HTTP/1.1" 200 - "-" "curl/7.38.0" 110 274
127.0.0.1 - - [19/Feb/2016:03:11:08 -0500] "GET /opensso/namingservice HTTP/1.1" 200 7 "-" "Java/1.5.0_21" 220 183
127.0.0.1 - - [19/Feb/2016:03:11:12 -0500] "GET /opensso/namingservice HTTP/1.1" 200 7 "-" "Java/1.5.0_21" 220 183
127.0.0.1 - - [19/Feb/2016:03:11:38 -0500] "GET /opensso/namingservice HTTP/1.1" 200 7 "-" "Java/1.5.0_21" 220 183
127.0.0.1 - - [19/Feb/2016:03:11:42 -0500] "GET /opensso/namingservice HTTP/1.1" 200 7 "-" "Java/1.5.0_21" 220 183
127.0.0.1 - - [19/Feb/2016:03:12:08 -0500] "GET /opensso/namingservice HTTP/1.1" 200 7 "-" "Java/1.5.0_21" 220 183
127.0.0.1 - - [19/Feb/2016:03:12:12 -0500] "GET /opensso/namingservice HTTP/1.1" 200 7 "-" "Java/1.5.0_21" 220 183
127.0.0.1 - - [19/Feb/2016:03:12:38 -0500] "GET /opensso/namingservice HTTP/1.1" 200 7 "-" "Java/1.5.0_21" 220 183
127.0.0.1 - - [19/Feb/2016:03:12:42 -0500] "GET /opensso/namingservice HTTP/1.1" 200 7 "-" "Java/1.5.0_21" 220 183
127.0.0.1 - - [19/Feb/2016:03:13:08 -0500] "GET /opensso/namingservice HTTP/1.1" 200 7 "-" "Java/1.5.0_21" 220 183
127.0.0.1 - - [19/Feb/2016:03:13:12 -0500] "GET /opensso/namingservice HTTP/1.1" 200 7 "-" "Java/1.5.0_21" 220 183
127.0.0.1 - - [19/Feb/2016:03:13:38 -0500] "GET /opensso/namingservice HTTP/1.1" 200 7 "-" "Java/1.5.0_21" 220 183
127.0.0.1 - - [19/Feb/2016:03:13:42 -0500] "GET /opensso/namingservice HTTP/1.1" 200 7 "-" "Java/1.5.0_21" 220 183
127.0.0.1 - - [19/Feb/2016:03:14:08 -0500] "GET /opensso/namingservice HTTP/1.1" 200 7 "-" "Java/1.5.0_21" 220 183
127.0.0.1 - - [19/Feb/2016:03:14:12 -0500] "GET /opensso/namingservice HTTP/1.1" 200 7 "-" "Java/1.5.0_21" 220 183
66.249.66.163 - - [19/Feb/2016:03:14:19 -0500] "GET /redmine/activity?from=2011-02-22&show_issues=1&user_id=1 HTTP/1.1" 200 5689 "-" "Mozilla/5.0 (compatible; Googlebot/2.1; +http://www.google.com/bot.html)" 347 6251
66.249.66.163 - - [19/Feb/2016:03:14:20 -0500] "GET /redmine/activity?from=2000-10-10&show_files=1&user_id=1 HTTP/1.1" 200 5683 "-" "Mozilla/5.0 (compatible; Googlebot/2.1; +http://www.google.com/bot.html)" 346 6244
66.249.66.167 - - [19/Feb/2016:03:14:20 -0500] "GET /redmine/projects/lmmpwiki/activity?from=2014-11-20&show_news=1 HTTP/1.1" 200 4917 "-" "Mozilla/5.0 (compatible; Googlebot/2.1; +http://www.google.com/bot.html)" 353 5479
66.249.66.167 - - [19/Feb/2016:03:14:21 -0500] "GET /redmine/issues/calendar?month=11&year=2145 HTTP/1.1" 200 27545 "-" "Mozilla/5.0 (compatible; Googlebot/2.1; +http://www.google.com/bot.html)" 333 28233
66.249.66.167 - - [19/Feb/2016:03:14:21 -0500] "GET /redmine/projects/lmmpwiki/activity?from=1921-03-15 HTTP/1.1" 200 4829 "-" "Mozilla/5.0 (compatible; Googlebot/2.1; +http://www.google.com/bot.html)" 341 5390
127.0.0.1 - - [19/Feb/2016:03:14:38 -0500] "GET /opensso/namingservice HTTP/1.1" 200 7 "-" "Java/1.5.0_21" 220 183
127.0.0.1 - - [19/Feb/2016:03:14:42 -0500] "GET /opensso/namingservice HTTP/1.1" 200 7 "-" "Java/1.5.0_21" 220 183
127.0.0.1 - - [19/Feb/2016:03:15:08 -0500] "GET /opensso/namingservice HTTP/1.1" 200 7 "-" "Java/1.5.0_21" 220 183
127.0.0.1 - - [19/Feb/2016:03:15:12 -0500] "GET /opensso/namingservice HTTP/1.1" 200 7 "-" "Java/1.5.0_21" 220 183
127.0.0.1 - - [19/Feb/2016:03:15:38 -0500] "GET /opensso/namingservice HTTP/1.1" 200 7 "-" "Java/1.5.0_21" 220 183
127.0.0.1 - - [19/Feb/2016:03:15:42 -0500] "GET /opensso/namingservice HTTP/1.1" 200 7 "-" "Java/1.5.0_21" 220 183
137.78.207.218 - - [19/Feb/2016:03:16:06 -0500] "HEAD /LMMPUI/LMMP_CLIENT/LMMP.html HTTP/1.1" 200 - "-" "curl/7.38.0" 110 274
127.0.0.1 - - [19/Feb/2016:03:16:08 -0500] "GET /opensso/namingservice HTTP/1.1" 200 7 "-" "Java/1.5.0_21" 220 183
127.0.0.1 - - [19/Feb/2016:03:16:12 -0500] "GET /opensso/namingservice HTTP/1.1" 200 7 "-" "Java/1.5.0_21" 220 183
127.0.0.1 - - [19/Feb/2016:03:16:38 -0500] "GET /opensso/namingservice HTTP/1.1" 200 7 "-" "Java/1.5.0_21" 220 183
127.0.0.1 - - [19/Feb/2016:03:16:42 -0500] "GET /opensso/namingservice HTTP/1.1" 200 7 "-" "Java/1.5.0_21" 220 183
127.0.0.1 - - [19/Feb/2016:03:17:08 -0500] "GET /opensso/namingservice HTTP/1.1" 200 7 "-" "Java/1.5.0_21" 220 183
127.0.0.1 - - [19/Feb/2016:03:17:12 -0500] "GET /opensso/namingservice HTTP/1.1" 200 7 "-" "Java/1.5.0_21" 220 183
127.0.0.1 - - [19/Feb/2016:03:17:38 -0500] "GET /opensso/namingservice HTTP/1.1" 200 7 "-" "Java/1.5.0_21" 220 183
127.0.0.1 - - [19/Feb/2016:03:17:42 -0500] "GET /opensso/namingservice HTTP/1.1" 200 7 "-" "Java/1.5.0_21" 220 183
127.0.0.1 - - [19/Feb/2016:03:18:08 -0500] "GET /opensso/namingservice HTTP/1.1" 200 7 "-" "Java/1.5.0_21" 220 183
127.0.0.1 - - [19/Feb/2016:03:18:12 -0500] "GET /opensso/namingservice HTTP/1.1" 200 7 "-" "Java/1.5.0_21" 220 183
127.0.0.1 - - [19/Feb/2016:03:18:38 -0500] "GET /opensso/namingservice HTTP/1.1" 200 7 "-" "Java/1.5.0_21" 220 183
127.0.0.1 - - [19/Feb/2016:03:18:42 -0500] "GET /opensso/namingservice HTTP/1.1" 200 7 "-" "Java/1.5.0_21" 220 183
127.0.0.1 - - [19/Feb/2016:03:19:08 -0500] "GET /opensso/namingservice HTTP/1.1" 200 7 "-" "Java/1.5.0_21" 220 183
127.0.0.1 - - [19/Feb/2016:03:19:12 -0500] "GET /opensso/namingservice HTTP/1.1" 200 7 "-" "Java/1.5.0_21" 220 183
66.249.66.171 - - [19/Feb/2016:03:19:19 -0500] "GET /redmine/activity?from=2011-03-24&show_issues=1&user_id=1 HTTP/1.1" 200 5689 "-" "Mozilla/5.0 (compatible; Googlebot/2.1; +http://www.google.com/bot.html)" 347 6251
66.249.66.171 - - [19/Feb/2016:03:19:20 -0500] "GET /redmine/projects/lmmpwiki/activity?from=1921-02-13 HTTP/1.1" 200 4829 "-" "Mozilla/5.0 (compatible; Googlebot/2.1; +http://www.google.com/bot.html)" 341 5390
66.249.66.167 - - [19/Feb/2016:03:19:21 -0500] "GET /redmine/activity?from=2000-11-09&show_files=1&user_id=1 HTTP/1.1" 200 5683 "-" "Mozilla/5.0 (compatible; Googlebot/2.1; +http://www.google.com/bot.html)" 346 6245
66.249.66.163 - - [19/Feb/2016:03:19:21 -0500] "GET /redmine/projects/lmmpwiki/activity?from=2014-10-21&show_news=1 HTTP/1.1" 200 4917 "-" "Mozilla/5.0 (compatible; Googlebot/2.1; +http://www.google.com/bot.html)" 353 5479
66.249.66.163 - - [19/Feb/2016:03:19:22 -0500] "GET /redmine/issues/calendar?month=12&year=2145 HTTP/1.1" 200 27552 "-" "Mozilla/5.0 (compatible; Googlebot/2.1; +http://www.google.com/bot.html)" 333 28240
127.0.0.1 - - [19/Feb/2016:03:19:38 -0500] "GET /opensso/namingservice HTTP/1.1" 200 7 "-" "Java/1.5.0_21" 220 183
127.0.0.1 - - [19/Feb/2016:03:19:42 -0500] "GET /opensso/namingservice HTTP/1.1" 200 7 "-" "Java/1.5.0_21" 220 183
127.0.0.1 - - [19/Feb/2016:03:20:08 -0500] "GET /opensso/namingservice HTTP/1.1" 200 7 "-" "Java/1.5.0_21" 220 183
127.0.0.1 - - [19/Feb/2016:03:20:12 -0500] "GET /opensso/namingservice HTTP/1.1" 200 7 "-" "Java/1.5.0_21" 220 183
127.0.0.1 - - [19/Feb/2016:03:20:38 -0500] "GET /opensso/namingservice HTTP/1.1" 200 7 "-" "Java/1.5.0_21" 220 183
127.0.0.1 - - [19/Feb/2016:03:20:42 -0500] "GET /opensso/namingservice HTTP/1.1" 200 7 "-" "Java/1.5.0_21" 220 183
137.78.207.218 - - [19/Feb/2016:03:21:07 -0500] "HEAD /LMMPUI/LMMP_CLIENT/LMMP.html HTTP/1.1" 200 - "-" "curl/7.38.0" 110 274
127.0.0.1 - - [19/Feb/2016:03:21:08 -0500] "GET /opensso/namingservice HTTP/1.1" 200 7 "-" "Java/1.5.0_21" 220 183
127.0.0.1 - - [19/Feb/2016:03:21:12 -0500] "GET /opensso/namingservice HTTP/1.1" 200 7 "-" "Java/1.5.0_21" 220 183
127.0.0.1 - - [19/Feb/2016:03:21:38 -0500] "GET /opensso/namingservice HTTP/1.1" 200 7 "-" "Java/1.5.0_21" 220 183
127.0.0.1 - - [19/Feb/2016:03:21:42 -0500] "GET /opensso/namingservice HTTP/1.1" 200 7 "-" "Java/1.5.0_21" 220 183
127.0.0.1 - - [19/Feb/2016:03:22:08 -0500] "GET /opensso/namingservice HTTP/1.1" 200 7 "-" "Java/1.5.0_21" 220 183
127.0.0.1 - - [19/Feb/2016:03:22:12 -0500] "GET /opensso/namingservice HTTP/1.1" 200 7 "-" "Java/1.5.0_21" 220 183
127.0.0.1 - - [19/Feb/2016:03:22:38 -0500] "GET /opensso/namingservice HTTP/1.1" 200 7 "-" "Java/1.5.0_21" 220 183
127.0.0.1 - - [19/Feb/2016:03:22:42 -0500] "GET /opensso/namingservice HTTP/1.1" 200 7 "-" "Java/1.5.0_21" 220 183
207.46.13.59 - - [19/Feb/2016:03:22:50 -0500] "GET /robots.txt HTTP/1.1" 404 208 "-" "Mozilla/5.0 (compatible; bingbot/2.0; +http://www.bing.com/bingbot.htm)" 269 453
207.46.13.59 - - [19/Feb/2016:03:22:55 -0500] "GET /olyblog/event/2008/10/31 HTTP/1.1" 404 222 "-" "Mozilla/5.0 (compatible; bingbot/2.0; +http://www.bing.com/bingbot.htm)" 296 467
127.0.0.1 - - [19/Feb/2016:03:23:08 -0500] "GET /opensso/namingservice HTTP/1.1" 200 7 "-" "Java/1.5.0_21" 220 183
127.0.0.1 - - [19/Feb/2016:03:23:12 -0500] "GET /opensso/namingservice HTTP/1.1" 200 7 "-" "Java/1.5.0_21" 220 183
127.0.0.1 - - [19/Feb/2016:03:23:38 -0500] "GET /opensso/namingservice HTTP/1.1" 200 7 "-" "Java/1.5.0_21" 220 183
127.0.0.1 - - [19/Feb/2016:03:23:42 -0500] "GET /opensso/namingservice HTTP/1.1" 200 7 "-" "Java/1.5.0_21" 220 183
127.0.0.1 - - [19/Feb/2016:03:24:08 -0500] "GET /opensso/namingservice HTTP/1.1" 200 7 "-" "Java/1.5.0_21" 220 183
127.0.0.1 - - [19/Feb/2016:03:24:12 -0500] "GET /opensso/namingservice HTTP/1.1" 200 7 "-" "Java/1.5.0_21" 220 183
66.249.66.167 - - [19/Feb/2016:03:24:19 -0500] "GET /redmine/activity?from=2011-04-23&show_issues=1&user_id=1 HTTP/1.1" 200 5689 "-" "Mozilla/5.0 (compatible; Googlebot/2.1; +http://www.google.com/bot.html)" 347 6251
66.249.66.167 - - [19/Feb/2016:03:24:20 -0500] "GET /redmine/projects/lmmpwiki/activity?from=1921-01-14 HTTP/1.1" 200 4829 "-" "Mozilla/5.0 (compatible; Googlebot/2.1; +http://www.google.com/bot.html)" 341 5390
66.249.66.167 - - [19/Feb/2016:03:24:20 -0500] "GET /redmine/activity?from=2000-12-09&show_files=1&user_id=1 HTTP/1.1" 200 5683 "-" "Mozilla/5.0 (compatible; Googlebot/2.1; +http://www.google.com/bot.html)" 346 6244
66.249.66.171 - - [19/Feb/2016:03:24:21 -0500] "GET /redmine/projects/lmmpwiki/activity?from=2014-09-21&show_news=1 HTTP/1.1" 200 4917 "-" "Mozilla/5.0 (compatible; Googlebot/2.1; +http://www.google.com/bot.html)" 353 5479
66.249.66.167 - - [19/Feb/2016:03:24:22 -0500] "GET /redmine/issues/calendar?month=1&year=2146 HTTP/1.1" 200 27975 "-" "Mozilla/5.0 (compatible; Googlebot/2.1; +http://www.google.com/bot.html)" 332 28663
127.0.0.1 - - [19/Feb/2016:03:24:38 -0500] "GET /opensso/namingservice HTTP/1.1" 200 7 "-" "Java/1.5.0_21" 220 183
127.0.0.1 - - [19/Feb/2016:03:24:42 -0500] "POST /opensso/sessionservice HTTP/1.1" 200 2025 "-" "Java/1.5.0_21" 714 2203
127.0.0.1 - - [19/Feb/2016:03:24:42 -0500] "GET /opensso/identity//xml/read?name=TomcatApps1&attributes_names=realm&attributes_values_realm=%2Fappspub&attributes_names=objecttype&attributes_values_objecttype=Agent&admin=AQIC5wM2LY4SfcyRautyD4RKpwbzv6XrE24fIq8LDPQGnm0%3D%40AAJTSQACMDE%3D%23 HTTP/1.1" 200 13607 "-" "Java/1.5.0_21" 440 13791
127.0.0.1 - - [19/Feb/2016:03:24:42 -0500] "GET /opensso/namingservice HTTP/1.1" 200 7 "-" "Java/1.5.0_21" 220 182
127.0.0.1 - - [19/Feb/2016:03:25:08 -0500] "GET /opensso/namingservice HTTP/1.1" 200 7 "-" "Java/1.5.0_21" 220 183
127.0.0.1 - - [19/Feb/2016:03:25:12 -0500] "GET /opensso/namingservice HTTP/1.1" 200 7 "-" "Java/1.5.0_21" 220 183
127.0.0.1 - - [19/Feb/2016:03:25:38 -0500] "GET /opensso/namingservice HTTP/1.1" 200 7 "-" "Java/1.5.0_21" 220 183
127.0.0.1 - - [19/Feb/2016:03:25:42 -0500] "GET /opensso/namingservice HTTP/1.1" 200 7 "-" "Java/1.5.0_21" 220 183
137.78.207.218 - - [19/Feb/2016:03:26:06 -0500] "HEAD /LMMPUI/LMMP_CLIENT/LMMP.html HTTP/1.1" 200 - "-" "curl/7.38.0" 110 274
127.0.0.1 - - [19/Feb/2016:03:26:08 -0500] "GET /opensso/namingservice HTTP/1.1" 200 7 "-" "Java/1.5.0_21" 220 183
127.0.0.1 - - [19/Feb/2016:03:26:12 -0500] "GET /opensso/namingservice HTTP/1.1" 200 7 "-" "Java/1.5.0_21" 220 183
134.196.242.60 - - [19/Feb/2016:03:26:28 -0500] "GET /lmmpmobile/config-1.0.json HTTP/1.1" 200 1338 "-" "Moon%20Tours/1.0.0 CFNetwork/758.2.8 Darwin/15.0.0" 250 1666
134.196.242.60 - - [19/Feb/2016:03:26:28 -0500] "GET /opensso/identity/isTokenValid HTTP/1.1" 200 14 "-" "Moon%20Tours/1.0.0 CFNetwork/758.2.8 Darwin/15.0.0" 229 172
134.196.242.60 - - [19/Feb/2016:03:26:29 -0500] "GET /opensso/UI/Login?module=Anonymous&org=appspub&goto=http%3A%2F%2Fpub.lmmp.nasa.gov%2Flmmpmobile%2Frefresh HTTP/1.1" 302 - "-" "Moon%20Tours/1.0.0 CFNetwork/758.2.8 Darwin/15.0.0" 304 934
134.196.242.60 - - [19/Feb/2016:03:26:30 -0500] "GET /lmmpmobile/refresh?iPlanetDirectoryPro=AQIC5wM2LY4SfcxvlU%2By20fjpk%2FcktnIrcTCnoVofp2yZWE%3D%40AAJTSQACMDE%3D%23 HTTP/1.1" 200 - "-" "Moon%20Tours/1.0.0 CFNetwork/758.2.8 Darwin/15.0.0" 422 317
134.196.242.60 - - [19/Feb/2016:03:26:31 -0500] "GET /lmmpmobile/pages/about-1.0.2.html HTTP/1.1" 200 2716 "-" "Moon%20Tours/1.0.0 CFNetwork/758.2.8 Darwin/15.0.0" 333 3037
134.196.242.60 - - [19/Feb/2016:03:26:31 -0500] "GET /lmmpmobile/bookmarks-1.0.2.json HTTP/1.1" 200 11401 "-" "Moon%20Tours/1.0.0 CFNetwork/758.2.8 Darwin/15.0.0" 364 11731
134.196.242.60 - - [19/Feb/2016:03:26:31 -0500] "GET /lmmpmobile/pages/help-1.0.2.html HTTP/1.1" 200 6781 "-" "Moon%20Tours/1.0.0 CFNetwork/758.2.8 Darwin/15.0.0" 332 7103
134.196.242.60 - - [19/Feb/2016:03:26:32 -0500] "GET /lmmpmobile/pages/glossary-1.0.2.html HTTP/1.1" 200 4306 "-" "Moon%20Tours/1.0.0 CFNetwork/758.2.8 Darwin/15.0.0" 336 4628
127.0.0.1 - - [19/Feb/2016:03:26:38 -0500] "GET /opensso/namingservice HTTP/1.1" 200 7 "-" "Java/1.5.0_21" 220 183
127.0.0.1 - - [19/Feb/2016:03:26:42 -0500] "GET /opensso/namingservice HTTP/1.1" 200 7 "-" "Java/1.5.0_21" 220 183
134.196.242.60 - - [19/Feb/2016:03:26:37 -0500] "GET /arcgis/rest/services/ERGraticule/MapServer?f=json HTTP/1.1" 200 701 "arcgisios" "ArcGISiOS-2.3.2/9.2.1/iPad2,2" 357 997
134.196.242.60 - - [19/Feb/2016:03:26:36 -0500] "GET /arcgis/rest/services/CombinedNomenclature/MapServer?f=json HTTP/1.1" 200 810 "arcgisios" "ArcGISiOS-2.3.2/9.2.1/iPad2,2" 366 1105
127.0.0.1 - - [19/Feb/2016:03:27:08 -0500] "GET /opensso/namingservice HTTP/1.1" 200 7 "-" "Java/1.5.0_21" 220 183
127.0.0.1 - - [19/Feb/2016:03:27:12 -0500] "GET /opensso/namingservice HTTP/1.1" 200 7 "-" "Java/1.5.0_21" 220 183
127.0.0.1 - - [19/Feb/2016:03:27:38 -0500] "POST /opensso/sessionservice HTTP/1.1" 200 2025 "-" "Java/1.5.0_21" 714 2203
127.0.0.1 - - [19/Feb/2016:03:27:38 -0500] "GET /opensso/identity//xml/read?name=TomcatApps3&attributes_names=realm&attributes_values_realm=%2Fappspub&attributes_names=objecttype&attributes_values_objecttype=Agent&admin=AQIC5wM2LY4SfcxFHMEgfz%2F0a%2F0SRg5r9KAv7HKM0NfvSsI%3D%40AAJTSQACMDE%3D%23 HTTP/1.1" 200 13732 "-" "Java/1.5.0_21" 444 13916
127.0.0.1 - - [19/Feb/2016:03:27:38 -0500] "GET /opensso/namingservice HTTP/1.1" 200 7 "-" "Java/1.5.0_21" 220 182
127.0.0.1 - - [19/Feb/2016:03:27:42 -0500] "GET /opensso/namingservice HTTP/1.1" 200 7 "-" "Java/1.5.0_21" 220 183
127.0.0.1 - - [19/Feb/2016:03:28:08 -0500] "GET /opensso/namingservice HTTP/1.1" 200 7 "-" "Java/1.5.0_21" 220 183
127.0.0.1 - - [19/Feb/2016:03:28:12 -0500] "GET /opensso/namingservice HTTP/1.1" 200 7 "-" "Java/1.5.0_21" 220 183
127.0.0.1 - - [19/Feb/2016:03:28:38 -0500] "GET /opensso/namingservice HTTP/1.1" 200 7 "-" "Java/1.5.0_21" 220 183
127.0.0.1 - - [19/Feb/2016:03:28:42 -0500] "GET /opensso/namingservice HTTP/1.1" 200 7 "-" "Java/1.5.0_21" 220 183
66.249.66.163 - - [19/Feb/2016:03:28:43 -0500] "GET /9PPBsZstXqv9LXKzEmZwYFeHwr3nA+5iy7CLFbv0io= HTTP/1.1" 404 241 "-" "Mozilla/5.0 (compatible; Googlebot/2.1; +http://www.google.com/bot.html)" 334 486
127.0.0.1 - - [19/Feb/2016:03:29:08 -0500] "GET /opensso/namingservice HTTP/1.1" 200 7 "-" "Java/1.5.0_21" 220 183
127.0.0.1 - - [19/Feb/2016:03:29:12 -0500] "GET /opensso/namingservice HTTP/1.1" 200 7 "-" "Java/1.5.0_21" 220 183
66.249.66.171 - - [19/Feb/2016:03:29:18 -0500] "GET /redmine/projects/lmmpwiki/activity?from=1920-12-15 HTTP/1.1" 200 4829 "-" "Mozilla/5.0 (compatible; Googlebot/2.1; +http://www.google.com/bot.html)" 341 5391
66.249.66.163 - - [19/Feb/2016:03:29:19 -0500] "GET /redmine/projects/lmmpwiki/activity?from=2014-08-22&show_news=1 HTTP/1.1" 200 4917 "-" "Mozilla/5.0 (compatible; Googlebot/2.1; +http://www.google.com/bot.html)" 353 5479
66.249.66.167 - - [19/Feb/2016:03:29:19 -0500] "GET /redmine/activity?from=2001-01-08&show_files=1&user_id=1 HTTP/1.1" 200 5683 "-" "Mozilla/5.0 (compatible; Googlebot/2.1; +http://www.google.com/bot.html)" 346 6245
66.249.66.163 - - [19/Feb/2016:03:29:20 -0500] "GET /redmine/issues/calendar?month=2&year=2146 HTTP/1.1" 200 27530 "-" "Mozilla/5.0 (compatible; Googlebot/2.1; +http://www.google.com/bot.html)" 332 28218
66.249.66.171 - - [19/Feb/2016:03:29:20 -0500] "GET /redmine/activity?from=2011-05-23&show_issues=1&user_id=1 HTTP/1.1" 200 5689 "-" "Mozilla/5.0 (compatible; Googlebot/2.1; +http://www.google.com/bot.html)" 347 6250
127.0.0.1 - - [19/Feb/2016:03:29:38 -0500] "GET /opensso/namingservice HTTP/1.1" 200 7 "-" "Java/1.5.0_21" 220 183
127.0.0.1 - - [19/Feb/2016:03:29:42 -0500] "GET /opensso/namingservice HTTP/1.1" 200 7 "-" "Java/1.5.0_21" 220 183
127.0.0.1 - - [19/Feb/2016:03:30:08 -0500] "GET /opensso/namingservice HTTP/1.1" 200 7 "-" "Java/1.5.0_21" 220 183
127.0.0.1 - - [19/Feb/2016:03:30:12 -0500] "GET /opensso/namingservice HTTP/1.1" 200 7 "-" "Java/1.5.0_21" 220 183
127.0.0.1 - - [19/Feb/2016:03:30:38 -0500] "GET /opensso/namingservice HTTP/1.1" 200 7 "-" "Java/1.5.0_21" 220 183
127.0.0.1 - - [19/Feb/2016:03:30:42 -0500] "GET /opensso/namingservice HTTP/1.1" 200 7 "-" "Java/1.5.0_21" 220 183
137.78.207.218 - - [19/Feb/2016:03:31:06 -0500] "HEAD /LMMPUI/LMMP_CLIENT/LMMP.html HTTP/1.1" 200 - "-" "curl/7.38.0" 110 274
127.0.0.1 - - [19/Feb/2016:03:31:08 -0500] "GET /opensso/namingservice HTTP/1.1" 200 7 "-" "Java/1.5.0_21" 220 183
127.0.0.1 - - [19/Feb/2016:03:31:12 -0500] "GET /opensso/namingservice HTTP/1.1" 200 7 "-" "Java/1.5.0_21" 220 183
127.0.0.1 - - [19/Feb/2016:03:31:38 -0500] "GET /opensso/namingservice HTTP/1.1" 200 7 "-" "Java/1.5.0_21" 220 183
127.0.0.1 - - [19/Feb/2016:03:31:42 -0500] "GET /opensso/namingservice HTTP/1.1" 200 7 "-" "Java/1.5.0_21" 220 183
141.8.143.187 - - [19/Feb/2016:03:31:51 -0500] "GET /redmine/projects/lmmpwiki/activity?from=2015-09-27 HTTP/1.1" 200 5047 "-" "Mozilla/5.0 (compatible; YandexBot/3.0; +http://yandex.com/bots)" 332 5609
127.0.0.1 - - [19/Feb/2016:03:32:08 -0500] "GET /opensso/namingservice HTTP/1.1" 200 7 "-" "Java/1.5.0_21" 220 183
127.0.0.1 - - [19/Feb/2016:03:32:12 -0500] "GET /opensso/namingservice HTTP/1.1" 200 7 "-" "Java/1.5.0_21" 220 183
127.0.0.1 - - [19/Feb/2016:03:32:38 -0500] "GET /opensso/namingservice HTTP/1.1" 200 7 "-" "Java/1.5.0_21" 220 183
127.0.0.1 - - [19/Feb/2016:03:32:42 -0500] "GET /opensso/namingservice HTTP/1.1" 200 7 "-" "Java/1.5.0_21" 220 183
127.0.0.1 - - [19/Feb/2016:03:33:08 -0500] "GET /opensso/namingservice HTTP/1.1" 200 7 "-" "Java/1.5.0_21" 220 183
127.0.0.1 - - [19/Feb/2016:03:33:12 -0500] "GET /opensso/namingservice HTTP/1.1" 200 7 "-" "Java/1.5.0_21" 220 183
127.0.0.1 - - [19/Feb/2016:03:33:38 -0500] "GET /opensso/namingservice HTTP/1.1" 200 7 "-" "Java/1.5.0_21" 220 183
127.0.0.1 - - [19/Feb/2016:03:33:42 -0500] "GET /opensso/namingservice HTTP/1.1" 200 7 "-" "Java/1.5.0_21" 220 183
127.0.0.1 - - [19/Feb/2016:03:34:08 -0500] "GET /opensso/namingservice HTTP/1.1" 200 7 "-" "Java/1.5.0_21" 220 183
127.0.0.1 - - [19/Feb/2016:03:34:12 -0500] "GET /opensso/namingservice HTTP/1.1" 200 7 "-" "Java/1.5.0_21" 220 183
66.249.66.167 - - [19/Feb/2016:03:34:18 -0500] "GET /redmine/projects/lmmpwiki/activity?from=2014-07-23&show_news=1 HTTP/1.1" 200 4917 "-" "Mozilla/5.0 (compatible; Googlebot/2.1; +http://www.google.com/bot.html)" 353 5479
66.249.66.163 - - [19/Feb/2016:03:34:19 -0500] "GET /redmine/activity?from=2001-02-07&show_files=1&user_id=1 HTTP/1.1" 200 5683 "-" "Mozilla/5.0 (compatible; Googlebot/2.1; +http://www.google.com/bot.html)" 346 6245
66.249.66.167 - - [19/Feb/2016:03:34:19 -0500] "GET /redmine/issues/calendar?month=3&year=2146 HTTP/1.1" 200 27541 "-" "Mozilla/5.0 (compatible; Googlebot/2.1; +http://www.google.com/bot.html)" 332 28229
66.249.66.167 - - [19/Feb/2016:03:34:20 -0500] "GET /redmine/activity?from=2011-06-22&show_issues=1&user_id=1 HTTP/1.1" 200 5689 "-" "Mozilla/5.0 (compatible; Googlebot/2.1; +http://www.google.com/bot.html)" 347 6250
66.249.66.163 - - [19/Feb/2016:03:34:34 -0500] "GET /redmine/projects/lmmpwiki/activity?from=1920-11-15 HTTP/1.1" 200 4829 "-" "Mozilla/5.0 (compatible; Googlebot/2.1; +http://www.google.com/bot.html)" 341 5391
127.0.0.1 - - [19/Feb/2016:03:34:38 -0500] "GET /opensso/namingservice HTTP/1.1" 200 7 "-" "Java/1.5.0_21" 220 183
127.0.0.1 - - [19/Feb/2016:03:34:42 -0500] "GET /opensso/namingservice HTTP/1.1" 200 7 "-" "Java/1.5.0_21" 220 183
127.0.0.1 - - [19/Feb/2016:03:35:08 -0500] "GET /opensso/namingservice HTTP/1.1" 200 7 "-" "Java/1.5.0_21" 220 183
127.0.0.1 - - [19/Feb/2016:03:35:12 -0500] "GET /opensso/namingservice HTTP/1.1" 200 7 "-" "Java/1.5.0_21" 220 183
127.0.0.1 - - [19/Feb/2016:03:35:38 -0500] "GET /opensso/namingservice HTTP/1.1" 200 7 "-" "Java/1.5.0_21" 220 183
127.0.0.1 - - [19/Feb/2016:03:35:42 -0500] "GET /opensso/namingservice HTTP/1.1" 200 7 "-" "Java/1.5.0_21" 220 183
137.78.207.218 - - [19/Feb/2016:03:36:07 -0500] "HEAD /LMMPUI/LMMP_CLIENT/LMMP.html HTTP/1.1" 200 - "-" "curl/7.38.0" 110 274
127.0.0.1 - - [19/Feb/2016:03:36:08 -0500] "GET /opensso/namingservice HTTP/1.1" 200 7 "-" "Java/1.5.0_21" 220 183
127.0.0.1 - - [19/Feb/2016:03:36:12 -0500] "GET /opensso/namingservice HTTP/1.1" 200 7 "-" "Java/1.5.0_21" 220 183
127.0.0.1 - - [19/Feb/2016:03:36:38 -0500] "GET /opensso/namingservice HTTP/1.1" 200 7 "-" "Java/1.5.0_21" 220 183
127.0.0.1 - - [19/Feb/2016:03:36:42 -0500] "GET /opensso/namingservice HTTP/1.1" 200 7 "-" "Java/1.5.0_21" 220 183
180.76.15.34 - - [19/Feb/2016:03:36:45 -0500] "GET / HTTP/1.1" 302 237 "-" "Mozilla/5.0 (compatible; Baiduspider/2.0; +http://www.baidu.com/search/spider.html)" 183 506
134.196.242.60 - - [19/Feb/2016:03:37:05 -0500] "GET /opensso/UI/Login?module=Anonymous&org=appspub&goto=http%3A%2F%2Fpub.lmmp.nasa.gov%2Flmmpmobile%2Frefresh HTTP/1.1" 302 - "-" "Moon%20Tours/1.0.0 CFNetwork/758.2.8 Darwin/15.0.0" 304 933
134.196.242.60 - - [19/Feb/2016:03:37:07 -0500] "GET /lmmpmobile/refresh?iPlanetDirectoryPro=AQIC5wM2LY4SfcyHYGaYZyk4jDQEB%2BCtuAn6GEts6g4rwBg%3D%40AAJTSQACMDE%3D%23 HTTP/1.1" 200 - "-" "Moon%20Tours/1.0.0 CFNetwork/758.2.8 Darwin/15.0.0" 420 317
127.0.0.1 - - [19/Feb/2016:03:37:08 -0500] "GET /opensso/namingservice HTTP/1.1" 200 7 "-" "Java/1.5.0_21" 220 183
127.0.0.1 - - [19/Feb/2016:03:37:12 -0500] "GET /opensso/namingservice HTTP/1.1" 200 7 "-" "Java/1.5.0_21" 220 183
134.196.242.60 - - [19/Feb/2016:03:37:25 -0500] "GET /opensso/UI/Login?module=Anonymous&org=appspub&goto=http%3A%2F%2Fpub.lmmp.nasa.gov%2Flmmpmobile%2Frefresh HTTP/1.1" 302 - "-" "Moon%20Tours/1.0.0 CFNetwork/758.2.8 Darwin/15.0.0" 413 390
134.196.242.60 - - [19/Feb/2016:03:37:26 -0500] "GET /lmmpmobile/refresh HTTP/1.1" 200 - "-" "Moon%20Tours/1.0.0 CFNetwork/758.2.8 Darwin/15.0.0" 327 317
134.196.242.60 - - [19/Feb/2016:03:37:35 -0500] "GET /opensso/UI/Login?module=Anonymous&org=appspub&goto=http%3A%2F%2Fpub.lmmp.nasa.gov%2Flmmpmobile%2Frefresh HTTP/1.1" 302 - "-" "Moon%20Tours/1.0.0 CFNetwork/758.2.8 Darwin/15.0.0" 413 390
134.196.242.60 - - [19/Feb/2016:03:37:35 -0500] "GET /lmmpmobile/refresh HTTP/1.1" 200 - "-" "Moon%20Tours/1.0.0 CFNetwork/758.2.8 Darwin/15.0.0" 327 317
127.0.0.1 - - [19/Feb/2016:03:37:38 -0500] "GET /opensso/namingservice HTTP/1.1" 200 7 "-" "Java/1.5.0_21" 220 183
180.76.15.161 - - [19/Feb/2016:03:37:38 -0500] "GET / HTTP/1.1" 302 237 "-" "Mozilla/5.0 (compatible; Baiduspider/2.0; +http://www.baidu.com/search/spider.html)" 183 506
127.0.0.1 - - [19/Feb/2016:03:37:42 -0500] "GET /opensso/namingservice HTTP/1.1" 200 7 "-" "Java/1.5.0_21" 220 183
127.0.0.1 - - [19/Feb/2016:03:38:08 -0500] "GET /opensso/namingservice HTTP/1.1" 200 7 "-" "Java/1.5.0_21" 220 183
127.0.0.1 - - [19/Feb/2016:03:38:12 -0500] "GET /opensso/namingservice HTTP/1.1" 200 7 "-" "Java/1.5.0_21" 220 183
127.0.0.1 - - [19/Feb/2016:03:38:38 -0500] "GET /opensso/namingservice HTTP/1.1" 200 7 "-" "Java/1.5.0_21" 220 183
127.0.0.1 - - [19/Feb/2016:03:38:42 -0500] "GET /opensso/namingservice HTTP/1.1" 200 7 "-" "Java/1.5.0_21" 220 183
127.0.0.1 - - [19/Feb/2016:03:39:08 -0500] "GET /opensso/namingservice HTTP/1.1" 200 7 "-" "Java/1.5.0_21" 220 183
127.0.0.1 - - [19/Feb/2016:03:39:12 -0500] "GET /opensso/namingservice HTTP/1.1" 200 7 "-" "Java/1.5.0_21" 220 183
66.249.66.171 - - [19/Feb/2016:03:39:18 -0500] "GET /redmine/activity?from=2011-07-22&show_issues=1&user_id=1 HTTP/1.1" 200 5689 "-" "Mozilla/5.0 (compatible; Googlebot/2.1; +http://www.google.com/bot.html)" 347 6251
66.249.66.167 - - [19/Feb/2016:03:39:19 -0500] "GET /redmine/issues/calendar?month=4&year=2146 HTTP/1.1" 200 27538 "-" "Mozilla/5.0 (compatible; Googlebot/2.1; +http://www.google.com/bot.html)" 332 28227
66.249.66.167 - - [19/Feb/2016:03:39:19 -0500] "GET /redmine/activity?from=2001-03-09&show_files=1&user_id=1 HTTP/1.1" 200 5683 "-" "Mozilla/5.0 (compatible; Googlebot/2.1; +http://www.google.com/bot.html)" 346 6244
66.249.66.167 - - [19/Feb/2016:03:39:20 -0500] "GET /redmine/projects/lmmpwiki/activity?from=2014-06-23&show_news=1 HTTP/1.1" 200 4917 "-" "Mozilla/5.0 (compatible; Googlebot/2.1; +http://www.google.com/bot.html)" 353 5478
66.249.66.171 - - [19/Feb/2016:03:39:21 -0500] "GET /redmine/projects/lmmpwiki/activity?from=1920-10-16 HTTP/1.1" 200 4829 "-" "Mozilla/5.0 (compatible; Googlebot/2.1; +http://www.google.com/bot.html)" 341 5390
127.0.0.1 - - [19/Feb/2016:03:39:38 -0500] "GET /opensso/namingservice HTTP/1.1" 200 7 "-" "Java/1.5.0_21" 220 183
127.0.0.1 - - [19/Feb/2016:03:39:42 -0500] "GET /opensso/namingservice HTTP/1.1" 200 7 "-" "Java/1.5.0_21" 220 183
127.0.0.1 - - [19/Feb/2016:03:40:08 -0500] "GET /opensso/namingservice HTTP/1.1" 200 7 "-" "Java/1.5.0_21" 220 183
127.0.0.1 - - [19/Feb/2016:03:40:12 -0500] "GET /opensso/namingservice HTTP/1.1" 200 7 "-" "Java/1.5.0_21" 220 183
127.0.0.1 - - [19/Feb/2016:03:40:38 -0500] "GET /opensso/namingservice HTTP/1.1" 200 7 "-" "Java/1.5.0_21" 220 183
127.0.0.1 - - [19/Feb/2016:03:40:42 -0500] "GET /opensso/namingservice HTTP/1.1" 200 7 "-" "Java/1.5.0_21" 220 183
137.78.207.218 - - [19/Feb/2016:03:41:06 -0500] "HEAD /LMMPUI/LMMP_CLIENT/LMMP.html HTTP/1.1" 200 - "-" "curl/7.38.0" 110 274
127.0.0.1 - - [19/Feb/2016:03:41:08 -0500] "GET /opensso/namingservice HTTP/1.1" 200 7 "-" "Java/1.5.0_21" 220 183
127.0.0.1 - - [19/Feb/2016:03:41:12 -0500] "GET /opensso/namingservice HTTP/1.1" 200 7 "-" "Java/1.5.0_21" 220 183
127.0.0.1 - - [19/Feb/2016:03:41:38 -0500] "GET /opensso/namingservice HTTP/1.1" 200 7 "-" "Java/1.5.0_21" 220 183
127.0.0.1 - - [19/Feb/2016:03:41:42 -0500] "GET /opensso/namingservice HTTP/1.1" 200 7 "-" "Java/1.5.0_21" 220 183
127.0.0.1 - - [19/Feb/2016:03:42:08 -0500] "GET /opensso/namingservice HTTP/1.1" 200 7 "-" "Java/1.5.0_21" 220 183
127.0.0.1 - - [19/Feb/2016:03:42:12 -0500] "GET /opensso/namingservice HTTP/1.1" 200 7 "-" "Java/1.5.0_21" 220 183
127.0.0.1 - - [19/Feb/2016:03:42:38 -0500] "GET /opensso/namingservice HTTP/1.1" 200 7 "-" "Java/1.5.0_21" 220 183
127.0.0.1 - - [19/Feb/2016:03:42:42 -0500] "GET /opensso/namingservice HTTP/1.1" 200 7 "-" "Java/1.5.0_21" 220 183
127.0.0.1 - - [19/Feb/2016:03:43:08 -0500] "GET /opensso/namingservice HTTP/1.1" 200 7 "-" "Java/1.5.0_21" 220 183
127.0.0.1 - - [19/Feb/2016:03:43:12 -0500] "GET /opensso/namingservice HTTP/1.1" 200 7 "-" "Java/1.5.0_21" 220 183
127.0.0.1 - - [19/Feb/2016:03:43:38 -0500] "GET /opensso/namingservice HTTP/1.1" 200 7 "-" "Java/1.5.0_21" 220 183
127.0.0.1 - - [19/Feb/2016:03:43:42 -0500] "GET /opensso/namingservice HTTP/1.1" 200 7 "-" "Java/1.5.0_21" 220 183
127.0.0.1 - - [19/Feb/2016:03:44:08 -0500] "GET /opensso/namingservice HTTP/1.1" 200 7 "-" "Java/1.5.0_21" 220 183
127.0.0.1 - - [19/Feb/2016:03:44:12 -0500] "GET /opensso/namingservice HTTP/1.1" 200 7 "-" "Java/1.5.0_21" 220 183
66.249.66.171 - - [19/Feb/2016:03:44:18 -0500] "GET /redmine/activity?from=2011-08-21&show_issues=1&user_id=1 HTTP/1.1" 200 5689 "-" "Mozilla/5.0 (compatible; Googlebot/2.1; +http://www.google.com/bot.html)" 347 6251
66.249.66.171 - - [19/Feb/2016:03:44:19 -0500] "GET /redmine/issues/calendar?month=5&year=2146 HTTP/1.1" 200 27536 "-" "Mozilla/5.0 (compatible; Googlebot/2.1; +http://www.google.com/bot.html)" 332 28224
66.249.66.171 - - [19/Feb/2016:03:44:19 -0500] "GET /redmine/activity?from=2001-04-08&show_files=1&user_id=1 HTTP/1.1" 200 5683 "-" "Mozilla/5.0 (compatible; Googlebot/2.1; +http://www.google.com/bot.html)" 346 6244
66.249.66.167 - - [19/Feb/2016:03:44:20 -0500] "GET /redmine/projects/lmmpwiki/activity?from=2014-05-24&show_news=1 HTTP/1.1" 200 4917 "-" "Mozilla/5.0 (compatible; Googlebot/2.1; +http://www.google.com/bot.html)" 353 5479
66.249.66.167 - - [19/Feb/2016:03:44:20 -0500] "GET /redmine/projects/lmmpwiki/activity?from=1920-09-16 HTTP/1.1" 200 4829 "-" "Mozilla/5.0 (compatible; Googlebot/2.1; +http://www.google.com/bot.html)" 341 5390
127.0.0.1 - - [19/Feb/2016:03:44:38 -0500] "GET /opensso/namingservice HTTP/1.1" 200 7 "-" "Java/1.5.0_21" 220 183
127.0.0.1 - - [19/Feb/2016:03:44:42 -0500] "GET /opensso/namingservice HTTP/1.1" 200 7 "-" "Java/1.5.0_21" 220 183
127.0.0.1 - - [19/Feb/2016:03:45:08 -0500] "GET /opensso/namingservice HTTP/1.1" 200 7 "-" "Java/1.5.0_21" 220 183
127.0.0.1 - - [19/Feb/2016:03:45:12 -0500] "GET /opensso/namingservice HTTP/1.1" 200 7 "-" "Java/1.5.0_21" 220 183
127.0.0.1 - - [19/Feb/2016:03:45:38 -0500] "GET /opensso/namingservice HTTP/1.1" 200 7 "-" "Java/1.5.0_21" 220 183
127.0.0.1 - - [19/Feb/2016:03:45:42 -0500] "GET /opensso/namingservice HTTP/1.1" 200 7 "-" "Java/1.5.0_21" 220 183
137.78.207.218 - - [19/Feb/2016:03:46:06 -0500] "HEAD /LMMPUI/LMMP_CLIENT/LMMP.html HTTP/1.1" 200 - "-" "curl/7.38.0" 110 274
127.0.0.1 - - [19/Feb/2016:03:46:08 -0500] "GET /opensso/namingservice HTTP/1.1" 200 7 "-" "Java/1.5.0_21" 220 183
127.0.0.1 - - [19/Feb/2016:03:46:12 -0500] "GET /opensso/namingservice HTTP/1.1" 200 7 "-" "Java/1.5.0_21" 220 183
127.0.0.1 - - [19/Feb/2016:03:46:38 -0500] "GET /opensso/namingservice HTTP/1.1" 200 7 "-" "Java/1.5.0_21" 220 183
127.0.0.1 - - [19/Feb/2016:03:46:42 -0500] "GET /opensso/namingservice HTTP/1.1" 200 7 "-" "Java/1.5.0_21" 220 183
127.0.0.1 - - [19/Feb/2016:03:47:08 -0500] "GET /opensso/namingservice HTTP/1.1" 200 7 "-" "Java/1.5.0_21" 220 183
127.0.0.1 - - [19/Feb/2016:03:47:12 -0500] "GET /opensso/namingservice HTTP/1.1" 200 7 "-" "Java/1.5.0_21" 220 183
127.0.0.1 - - [19/Feb/2016:03:47:38 -0500] "GET /opensso/namingservice HTTP/1.1" 200 7 "-" "Java/1.5.0_21" 220 183
127.0.0.1 - - [19/Feb/2016:03:47:42 -0500] "GET /opensso/namingservice HTTP/1.1" 200 7 "-" "Java/1.5.0_21" 220 183
157.55.39.106 - - [19/Feb/2016:03:47:55 -0500] "GET /robots.txt HTTP/1.1" 404 208 "-" "Mozilla/5.0 (compatible; bingbot/2.0; +http://www.bing.com/bingbot.htm)" 269 453
157.55.39.106 - - [19/Feb/2016:03:48:02 -0500] "GET /LMMPUI/LMMP_CLIENT/LMMP.html HTTP/1.1" 200 9400 "-" "Mozilla/5.0 (iPhone; CPU iPhone OS 7_0 like Mac OS X) AppleWebKit/537.51.1 (KHTML, like Gecko) Version/7.0 Mobile/11A465 Safari/9537.53 (compatible; bingbot/2.0;  http://www.bing.com/bingbot.htm)" 424 9730
127.0.0.1 - - [19/Feb/2016:03:48:08 -0500] "GET /opensso/namingservice HTTP/1.1" 200 7 "-" "Java/1.5.0_21" 220 183
127.0.0.1 - - [19/Feb/2016:03:48:12 -0500] "GET /opensso/namingservice HTTP/1.1" 200 7 "-" "Java/1.5.0_21" 220 183
127.0.0.1 - - [19/Feb/2016:03:48:38 -0500] "GET /opensso/namingservice HTTP/1.1" 200 7 "-" "Java/1.5.0_21" 220 183
