203.247.180.221 - - [26/Jul/2015:22:52:32 -0400] "GET /LMMP/rest/auxmd/acl?iPlanetDirectoryPro=AQIC5wM2LY4SfcxrxvZ6sPIdFbW8rbzxhbuqDFmRgPFNMbU%3D%40AAJTSQACMDE%3D%23 HTTP/1.1" 200 1468 "http://pub.lmmp.nasa.gov/LMMPUI/LMMP_CLIENT/LMMP.html" "Mozilla/5.0 (Windows NT 6.1; WOW64) AppleWebKit/537.36 (KHTML, like Gecko) Chrome/44.0.2403.107 Safari/537.36" 682 1644
203.247.180.221 - - [26/Jul/2015:22:52:32 -0400] "GET /opensso/identity/isTokenValid?iPlanetDirectoryPro=AQIC5wM2LY4SfcxrxvZ6sPIdFbW8rbzxhbuqDFmRgPFNMbU%3D%40AAJTSQACMDE%3D%23 HTTP/1.1" 200 13 "http://pub.lmmp.nasa.gov/LMMPUI/LMMP_CLIENT/LMMP.html" "Mozilla/5.0 (Windows NT 6.1; WOW64) AppleWebKit/537.36 (KHTML, like Gecko) Chrome/44.0.2403.107 Safari/537.36" 639 170
203.247.180.221 - - [26/Jul/2015:22:52:32 -0400] "GET /opensso/identity/isTokenValid?iPlanetDirectoryPro=AQIC5wM2LY4SfcxrxvZ6sPIdFbW8rbzxhbuqDFmRgPFNMbU%3D%40AAJTSQACMDE%3D%23 HTTP/1.1" 200 13 "http://pub.lmmp.nasa.gov/LMMPUI/LMMP_CLIENT/LMMP.html" "Mozilla/5.0 (Windows NT 6.1; WOW64) AppleWebKit/537.36 (KHTML, like Gecko) Chrome/44.0.2403.107 Safari/537.36" 639 170
203.247.180.221 - - [26/Jul/2015:22:52:32 -0400] "GET /LMMP/rest/auxmd/create?mdType=layer&iPlanetDirectoryPro=AQIC5wM2LY4SfcxrxvZ6sPIdFbW8rbzxhbuqDFmRgPFNMbU%3D%40AAJTSQACMDE%3D%23 HTTP/1.1" 200 173 "http://pub.lmmp.nasa.gov/LMMPUI/LMMP_CLIENT/LMMP.html" "Mozilla/5.0 (Windows NT 6.1; WOW64) AppleWebKit/537.36 (KHTML, like Gecko) Chrome/44.0.2403.107 Safari/537.36" 698 348
203.247.180.221 - - [26/Jul/2015:22:52:33 -0400] "GET /opensso/identity/isTokenValid?iPlanetDirectoryPro=AQIC5wM2LY4SfcxrxvZ6sPIdFbW8rbzxhbuqDFmRgPFNMbU%3D%40AAJTSQACMDE%3D%23 HTTP/1.1" 200 13 "http://pub.lmmp.nasa.gov/LMMPUI/LMMP_CLIENT/LMMP.html" "Mozilla/5.0 (Windows NT 6.1; WOW64) AppleWebKit/537.36 (KHTML, like Gecko) Chrome/44.0.2403.107 Safari/537.36" 639 170
203.247.180.221 - - [26/Jul/2015:22:52:33 -0400] "GET /LMMP/rest/auxmd/create?mdType=point&iPlanetDirectoryPro=AQIC5wM2LY4SfcxrxvZ6sPIdFbW8rbzxhbuqDFmRgPFNMbU%3D%40AAJTSQACMDE%3D%23 HTTP/1.1" 200 319 "http://pub.lmmp.nasa.gov/LMMPUI/LMMP_CLIENT/LMMP.html" "Mozilla/5.0 (Windows NT 6.1; WOW64) AppleWebKit/537.36 (KHTML, like Gecko) Chrome/44.0.2403.107 Safari/537.36" 698 495
203.247.180.221 - - [26/Jul/2015:22:52:33 -0400] "GET /opensso/identity/isTokenValid?iPlanetDirectoryPro=AQIC5wM2LY4SfcxrxvZ6sPIdFbW8rbzxhbuqDFmRgPFNMbU%3D%40AAJTSQACMDE%3D%23 HTTP/1.1" 200 13 "http://pub.lmmp.nasa.gov/LMMPUI/LMMP_CLIENT/LMMP.html" "Mozilla/5.0 (Windows NT 6.1; WOW64) AppleWebKit/537.36 (KHTML, like Gecko) Chrome/44.0.2403.107 Safari/537.36" 639 170
203.247.180.221 - - [26/Jul/2015:22:52:33 -0400] "GET /LMMP/rest/auxmd/create?mdType=bounding&iPlanetDirectoryPro=AQIC5wM2LY4SfcxrxvZ6sPIdFbW8rbzxhbuqDFmRgPFNMbU%3D%40AAJTSQACMDE%3D%23 HTTP/1.1" 200 513 "http://pub.lmmp.nasa.gov/LMMPUI/LMMP_CLIENT/LMMP.html" "Mozilla/5.0 (Windows NT 6.1; WOW64) AppleWebKit/537.36 (KHTML, like Gecko) Chrome/44.0.2403.107 Safari/537.36" 701 690
203.247.180.221 - - [26/Jul/2015:22:52:33 -0400] "GET /opensso/identity/isTokenValid?iPlanetDirectoryPro=AQIC5wM2LY4SfcxrxvZ6sPIdFbW8rbzxhbuqDFmRgPFNMbU%3D%40AAJTSQACMDE%3D%23 HTTP/1.1" 200 13 "http://pub.lmmp.nasa.gov/LMMPUI/LMMP_CLIENT/LMMP.html" "Mozilla/5.0 (Windows NT 6.1; WOW64) AppleWebKit/537.36 (KHTML, like Gecko) Chrome/44.0.2403.107 Safari/537.36" 639 170
203.247.180.221 - - [26/Jul/2015:22:52:33 -0400] "GET /LMMP/rest/auxmd/create?mdType=polyo&iPlanetDirectoryPro=AQIC5wM2LY4SfcxrxvZ6sPIdFbW8rbzxhbuqDFmRgPFNMbU%3D%40AAJTSQACMDE%3D%23 HTTP/1.1" 200 38 "http://pub.lmmp.nasa.gov/LMMPUI/LMMP_CLIENT/LMMP.html" "Mozilla/5.0 (Windows NT 6.1; WOW64) AppleWebKit/537.36 (KHTML, like Gecko) Chrome/44.0.2403.107 Safari/537.36" 698 213
203.247.180.221 - - [26/Jul/2015:22:52:33 -0400] "GET /LMMP/rest/auxmd/create?mdType=polyx&iPlanetDirectoryPro=AQIC5wM2LY4SfcxrxvZ6sPIdFbW8rbzxhbuqDFmRgPFNMbU%3D%40AAJTSQACMDE%3D%23 HTTP/1.1" 200 38 "http://pub.lmmp.nasa.gov/LMMPUI/LMMP_CLIENT/LMMP.html" "Mozilla/5.0 (Windows NT 6.1; WOW64) AppleWebKit/537.36 (KHTML, like Gecko) Chrome/44.0.2403.107 Safari/537.36" 698 213
203.247.180.221 - - [26/Jul/2015:22:52:35 -0400] "GET /LMMPUI/LMMP_CLIENT/homepage/data.xml?v=1437965576268 HTTP/1.1" 200 3907 "http://pub.lmmp.nasa.gov/LMMPUI/LMMP_CLIENT/LMMP.html" "Mozilla/5.0 (Windows NT 6.1; WOW64) AppleWebKit/537.36 (KHTML, like Gecko) Chrome/44.0.2403.107 Safari/537.36" 571 4242
203.247.180.221 - - [26/Jul/2015:22:52:41 -0400] "GET /opensso/identity/isTokenValid?iPlanetDirectoryPro=AQIC5wM2LY4SfcxrxvZ6sPIdFbW8rbzxhbuqDFmRgPFNMbU%3D%40AAJTSQACMDE%3D%23 HTTP/1.1" 200 13 "http://pub.lmmp.nasa.gov/LMMPUI/LMMP_CLIENT/LMMP.html" "Mozilla/5.0 (Windows NT 6.1; WOW64) AppleWebKit/537.36 (KHTML, like Gecko) Chrome/44.0.2403.107 Safari/537.36" 639 171
203.247.180.221 - - [26/Jul/2015:22:52:41 -0400] "GET /opensso/identity/isTokenValid?iPlanetDirectoryPro=AQIC5wM2LY4SfcxrxvZ6sPIdFbW8rbzxhbuqDFmRgPFNMbU%3D%40AAJTSQACMDE%3D%23 HTTP/1.1" 200 13 "http://pub.lmmp.nasa.gov/LMMPUI/LMMP_CLIENT/LMMP.html" "Mozilla/5.0 (Windows NT 6.1; WOW64) AppleWebKit/537.36 (KHTML, like Gecko) Chrome/44.0.2403.107 Safari/537.36" 639 170
127.0.0.1 - - [26/Jul/2015:22:52:41 -0400] "POST /opensso/jaxrpc/SMSObjectIF HTTP/1.1" 200 505 "-" "Java/1.5.0_21" 847 767
127.0.0.1 - - [26/Jul/2015:22:52:41 -0400] "POST /opensso/jaxrpc/DirectoryManagerIF HTTP/1.1" 200 1290 "-" "Java/1.5.0_21" 1362 1551
203.247.180.221 - - [26/Jul/2015:22:52:41 -0400] "GET /opensso/identity/isTokenValid?iPlanetDirectoryPro=AQIC5wM2LY4SfcxrxvZ6sPIdFbW8rbzxhbuqDFmRgPFNMbU%3D%40AAJTSQACMDE%3D%23 HTTP/1.1" 200 13 "http://pub.lmmp.nasa.gov/LMMPUI/LMMP_CLIENT/LMMP.html" "Mozilla/5.0 (Windows NT 6.1; WOW64) AppleWebKit/537.36 (KHTML, like Gecko) Chrome/44.0.2403.107 Safari/537.36" 639 170
203.247.180.221 - - [26/Jul/2015:22:52:41 -0400] "GET /LMMP/rest/dbxml/aux/find?xPath=/auxmd[%20(contains(upper-case(//title),%20upper-case(%22apollo%22))%20or%20%20upper-case(//originator)%20=%20upper-case(%22apollo%22)%20)]&iPlanetDirectoryPro=AQIC5wM2LY4SfcxrxvZ6sPIdFbW8rbzxhbuqDFmRgPFNMbU%3D%40AAJTSQACMDE%3D%23 HTTP/1.1" 200 - "http://pub.lmmp.nasa.gov/LMMPUI/LMMP_CLIENT/LMMP.html" "Mozilla/5.0 (Windows NT 6.1; WOW64) AppleWebKit/537.36 (KHTML, like Gecko) Chrome/44.0.2403.107 Safari/537.36" 833 155
127.0.0.1 - - [26/Jul/2015:22:52:42 -0400] "GET /opensso/namingservice HTTP/1.1" 200 7 "-" "Java/1.5.0_21" 220 183
127.0.0.1 - - [26/Jul/2015:22:52:42 -0400] "POST /opensso/jaxrpc/SMSObjectIF HTTP/1.1" 200 505 "-" "Java/1.5.0_21" 847 766
127.0.0.1 - - [26/Jul/2015:22:52:42 -0400] "POST /opensso/jaxrpc/DirectoryManagerIF HTTP/1.1" 200 707 "-" "Java/1.5.0_21" 1215 968
203.247.180.221 - - [26/Jul/2015:22:52:42 -0400] "GET /opensso/identity/isTokenValid?iPlanetDirectoryPro=AQIC5wM2LY4SfcxrxvZ6sPIdFbW8rbzxhbuqDFmRgPFNMbU%3D%40AAJTSQACMDE%3D%23 HTTP/1.1" 200 13 "http://pub.lmmp.nasa.gov/LMMPUI/LMMP_CLIENT/LMMP.html" "Mozilla/5.0 (Windows NT 6.1; WOW64) AppleWebKit/537.36 (KHTML, like Gecko) Chrome/44.0.2403.107 Safari/537.36" 639 170
203.247.180.221 - - [26/Jul/2015:22:52:42 -0400] "GET /solr/pds/select?indent=off&fl=%2A%2Cscore&start=0&rows=100&iPlanetDirectoryPro=AQIC5wM2LY4SfcxrxvZ6sPIdFbW8rbzxhbuqDFmRgPFNMbU%3D%40AAJTSQACMDE%3D%23&sort=score%20desc%2Cproductname%20asc&wt=json&version=2%2E2&q=%28apollo%29 HTTP/1.1" 200 334 "http://pub.lmmp.nasa.gov/LMMPUI/LMMP_CLIENT/LMMP.html" "Mozilla/5.0 (Windows NT 6.1; WOW64) AppleWebKit/537.36 (KHTML, like Gecko) Chrome/44.0.2403.107 Safari/537.36" 743 583
137.78.207.218 - - [26/Jul/2015:22:52:42 -0400] "HEAD /LMMPUI/LMMP_CLIENT/LMMP.html HTTP/1.1" 200 - "-" "curl/7.38.0" 110 274
203.247.180.221 - - [26/Jul/2015:22:52:42 -0400] "GET /opensso/identity/isTokenValid?iPlanetDirectoryPro=AQIC5wM2LY4SfcxrxvZ6sPIdFbW8rbzxhbuqDFmRgPFNMbU%3D%40AAJTSQACMDE%3D%23 HTTP/1.1" 200 13 "http://pub.lmmp.nasa.gov/LMMPUI/LMMP_CLIENT/LMMP.html" "Mozilla/5.0 (Windows NT 6.1; WOW64) AppleWebKit/537.36 (KHTML, like Gecko) Chrome/44.0.2403.107 Safari/537.36" 639 170
203.247.180.221 - - [26/Jul/2015:22:52:42 -0400] "GET /opensso/identity/isTokenValid?iPlanetDirectoryPro=AQIC5wM2LY4SfcxrxvZ6sPIdFbW8rbzxhbuqDFmRgPFNMbU%3D%40AAJTSQACMDE%3D%23 HTTP/1.1" 200 13 "http://pub.lmmp.nasa.gov/LMMPUI/LMMP_CLIENT/LMMP.html" "Mozilla/5.0 (Windows NT 6.1; WOW64) AppleWebKit/537.36 (KHTML, like Gecko) Chrome/44.0.2403.107 Safari/537.36" 639 170
127.0.0.1 - - [26/Jul/2015:22:52:42 -0400] "POST /opensso/jaxrpc/SMSObjectIF HTTP/1.1" 200 505 "-" "Java/1.5.0_21" 847 766
127.0.0.1 - - [26/Jul/2015:22:52:42 -0400] "POST /opensso/jaxrpc/DirectoryManagerIF HTTP/1.1" 200 1290 "-" "Java/1.5.0_21" 1362 1551
203.247.180.221 - - [26/Jul/2015:22:52:42 -0400] "GET /LMMP/rest/dbxml/aux/find?xPath=/auxmd[%20(contains(upper-case(//title),%20upper-case(%22apollo%22))%20or%20%20upper-case(//originator)%20=%20upper-case(%22apollo%22)%20)]&iPlanetDirectoryPro=AQIC5wM2LY4SfcxrxvZ6sPIdFbW8rbzxhbuqDFmRgPFNMbU%3D%40AAJTSQACMDE%3D%23 HTTP/1.1" 200 - "http://pub.lmmp.nasa.gov/LMMPUI/LMMP_CLIENT/LMMP.html" "Mozilla/5.0 (Windows NT 6.1; WOW64) AppleWebKit/537.36 (KHTML, like Gecko) Chrome/44.0.2403.107 Safari/537.36" 833 154
203.247.180.221 - - [26/Jul/2015:22:52:42 -0400] "GET /solr/pds/select?indent=off&fl=%2A%2Cscore&start=0&rows=100&iPlanetDirectoryPro=AQIC5wM2LY4SfcxrxvZ6sPIdFbW8rbzxhbuqDFmRgPFNMbU%3D%40AAJTSQACMDE%3D%23&sort=score%20desc%2Cproductname%20asc&wt=json&version=2%2E2&q=%28apollo%29 HTTP/1.1" 200 334 "http://pub.lmmp.nasa.gov/LMMPUI/LMMP_CLIENT/LMMP.html" "Mozilla/5.0 (Windows NT 6.1; WOW64) AppleWebKit/537.36 (KHTML, like Gecko) Chrome/44.0.2403.107 Safari/537.36" 796 506
127.0.0.1 - - [26/Jul/2015:22:52:43 -0400] "GET /opensso/namingservice HTTP/1.1" 200 7 "-" "Java/1.5.0_21" 220 182
203.247.180.221 - - [26/Jul/2015:22:52:42 -0400] "GET /lmmp-services/solr/proxy?indent=off&fl=%2A&start=0&rows=100&iPlanetDirectoryPro=AQIC5wM2LY4SfcxrxvZ6sPIdFbW8rbzxhbuqDFmRgPFNMbU%3D%40AAJTSQACMDE%3D%23&sort=score%20desc%2C%20s%5Ftitle%20asc&wt=json&version=2%2E2&q=%28apollo%29 HTTP/1.1" 200 193792 "http://pub.lmmp.nasa.gov/LMMPUI/LMMP_CLIENT/LMMP.html" "Mozilla/5.0 (Windows NT 6.1; WOW64) AppleWebKit/537.36 (KHTML, like Gecko) Chrome/44.0.2403.107 Safari/537.36" 745 194339
203.247.180.221 - - [26/Jul/2015:22:52:46 -0400] "GET /opensso/identity/isTokenValid?iPlanetDirectoryPro=AQIC5wM2LY4SfcxrxvZ6sPIdFbW8rbzxhbuqDFmRgPFNMbU%3D%40AAJTSQACMDE%3D%23 HTTP/1.1" 200 13 "http://pub.lmmp.nasa.gov/LMMPUI/LMMP_CLIENT/LMMP.html" "Mozilla/5.0 (Windows NT 6.1; WOW64) AppleWebKit/537.36 (KHTML, like Gecko) Chrome/44.0.2403.107 Safari/537.36" 639 170
203.247.180.221 - - [26/Jul/2015:22:52:47 -0400] "GET /opensso/identity/isTokenValid?iPlanetDirectoryPro=AQIC5wM2LY4SfcxrxvZ6sPIdFbW8rbzxhbuqDFmRgPFNMbU%3D%40AAJTSQACMDE%3D%23 HTTP/1.1" 200 13 "http://pub.lmmp.nasa.gov/LMMPUI/LMMP_CLIENT/LMMP.html" "Mozilla/5.0 (Windows NT 6.1; WOW64) AppleWebKit/537.36 (KHTML, like Gecko) Chrome/44.0.2403.107 Safari/537.36" 639 170
127.0.0.1 - - [26/Jul/2015:22:52:47 -0400] "POST /opensso/jaxrpc/SMSObjectIF HTTP/1.1" 200 505 "-" "Java/1.5.0_21" 847 767
127.0.0.1 - - [26/Jul/2015:22:52:47 -0400] "POST /opensso/jaxrpc/DirectoryManagerIF HTTP/1.1" 200 1290 "-" "Java/1.5.0_21" 1362 1551
203.247.180.221 - - [26/Jul/2015:22:52:47 -0400] "GET /LMMP/rest/dbxml/aux/find?xPath=/auxmd[%20(contains(upper-case(//title),%20upper-case(%22apollo%20landing%22))%20or%20%20upper-case(//originator)%20=%20upper-case(%22apollo%20landing%22)%20)]&iPlanetDirectoryPro=AQIC5wM2LY4SfcxrxvZ6sPIdFbW8rbzxhbuqDFmRgPFNMbU%3D%40AAJTSQACMDE%3D%23 HTTP/1.1" 200 - "http://pub.lmmp.nasa.gov/LMMPUI/LMMP_CLIENT/LMMP.html" "Mozilla/5.0 (Windows NT 6.1; WOW64) AppleWebKit/537.36 (KHTML, like Gecko) Chrome/44.0.2403.107 Safari/537.36" 853 154
203.247.180.221 - - [26/Jul/2015:22:52:47 -0400] "GET /opensso/identity/isTokenValid?iPlanetDirectoryPro=AQIC5wM2LY4SfcxrxvZ6sPIdFbW8rbzxhbuqDFmRgPFNMbU%3D%40AAJTSQACMDE%3D%23 HTTP/1.1" 200 13 "http://pub.lmmp.nasa.gov/LMMPUI/LMMP_CLIENT/LMMP.html" "Mozilla/5.0 (Windows NT 6.1; WOW64) AppleWebKit/537.36 (KHTML, like Gecko) Chrome/44.0.2403.107 Safari/537.36" 639 170
127.0.0.1 - - [26/Jul/2015:22:52:47 -0400] "POST /opensso/jaxrpc/SMSObjectIF HTTP/1.1" 200 505 "-" "Java/1.5.0_21" 847 766
127.0.0.1 - - [26/Jul/2015:22:52:47 -0400] "POST /opensso/jaxrpc/DirectoryManagerIF HTTP/1.1" 200 707 "-" "Java/1.5.0_21" 1215 968
203.247.180.221 - - [26/Jul/2015:22:52:47 -0400] "GET /opensso/identity/isTokenValid?iPlanetDirectoryPro=AQIC5wM2LY4SfcxrxvZ6sPIdFbW8rbzxhbuqDFmRgPFNMbU%3D%40AAJTSQACMDE%3D%23 HTTP/1.1" 200 13 "http://pub.lmmp.nasa.gov/LMMPUI/LMMP_CLIENT/LMMP.html" "Mozilla/5.0 (Windows NT 6.1; WOW64) AppleWebKit/537.36 (KHTML, like Gecko) Chrome/44.0.2403.107 Safari/537.36" 639 170
203.247.180.221 - - [26/Jul/2015:22:52:47 -0400] "GET /solr/pds/select?indent=off&fl=%2A%2Cscore&start=0&rows=100&iPlanetDirectoryPro=AQIC5wM2LY4SfcxrxvZ6sPIdFbW8rbzxhbuqDFmRgPFNMbU%3D%40AAJTSQACMDE%3D%23&sort=score%20desc%2Cproductname%20asc&wt=json&version=2%2E2&q=%28apollo%20landing%29 HTTP/1.1" 200 342 "http://pub.lmmp.nasa.gov/LMMPUI/LMMP_CLIENT/LMMP.html" "Mozilla/5.0 (Windows NT 6.1; WOW64) AppleWebKit/537.36 (KHTML, like Gecko) Chrome/44.0.2403.107 Safari/537.36" 806 514
203.247.180.221 - - [26/Jul/2015:22:52:47 -0400] "GET /opensso/identity/isTokenValid?iPlanetDirectoryPro=AQIC5wM2LY4SfcxrxvZ6sPIdFbW8rbzxhbuqDFmRgPFNMbU%3D%40AAJTSQACMDE%3D%23 HTTP/1.1" 200 13 "http://pub.lmmp.nasa.gov/LMMPUI/LMMP_CLIENT/LMMP.html" "Mozilla/5.0 (Windows NT 6.1; WOW64) AppleWebKit/537.36 (KHTML, like Gecko) Chrome/44.0.2403.107 Safari/537.36" 639 170
127.0.0.1 - - [26/Jul/2015:22:52:47 -0400] "POST /opensso/jaxrpc/SMSObjectIF HTTP/1.1" 200 505 "-" "Java/1.5.0_21" 847 766
127.0.0.1 - - [26/Jul/2015:22:52:47 -0400] "POST /opensso/jaxrpc/DirectoryManagerIF HTTP/1.1" 200 1290 "-" "Java/1.5.0_21" 1362 1551
203.247.180.221 - - [26/Jul/2015:22:52:47 -0400] "GET /LMMP/rest/dbxml/aux/find?xPath=/auxmd[%20(contains(upper-case(//title),%20upper-case(%22apollo%20landing%22))%20or%20%20upper-case(//originator)%20=%20upper-case(%22apollo%20landing%22)%20)]&iPlanetDirectoryPro=AQIC5wM2LY4SfcxrxvZ6sPIdFbW8rbzxhbuqDFmRgPFNMbU%3D%40AAJTSQACMDE%3D%23 HTTP/1.1" 200 - "http://pub.lmmp.nasa.gov/LMMPUI/LMMP_CLIENT/LMMP.html" "Mozilla/5.0 (Windows NT 6.1; WOW64) AppleWebKit/537.36 (KHTML, like Gecko) Chrome/44.0.2403.107 Safari/537.36" 853 154
203.247.180.221 - - [26/Jul/2015:22:52:47 -0400] "GET /opensso/identity/isTokenValid?iPlanetDirectoryPro=AQIC5wM2LY4SfcxrxvZ6sPIdFbW8rbzxhbuqDFmRgPFNMbU%3D%40AAJTSQACMDE%3D%23 HTTP/1.1" 200 13 "http://pub.lmmp.nasa.gov/LMMPUI/LMMP_CLIENT/LMMP.html" "Mozilla/5.0 (Windows NT 6.1; WOW64) AppleWebKit/537.36 (KHTML, like Gecko) Chrome/44.0.2403.107 Safari/537.36" 639 170
203.247.180.221 - - [26/Jul/2015:22:52:48 -0400] "GET /solr/pds/select?indent=off&fl=%2A%2Cscore&start=0&rows=100&iPlanetDirectoryPro=AQIC5wM2LY4SfcxrxvZ6sPIdFbW8rbzxhbuqDFmRgPFNMbU%3D%40AAJTSQACMDE%3D%23&sort=score%20desc%2Cproductname%20asc&wt=json&version=2%2E2&q=%28apollo%20landing%29 HTTP/1.1" 200 342 "http://pub.lmmp.nasa.gov/LMMPUI/LMMP_CLIENT/LMMP.html" "Mozilla/5.0 (Windows NT 6.1; WOW64) AppleWebKit/537.36 (KHTML, like Gecko) Chrome/44.0.2403.107 Safari/537.36" 806 514
203.247.180.221 - - [26/Jul/2015:22:52:47 -0400] "GET /lmmp-services/solr/proxy?indent=off&fl=%2A&start=0&rows=100&iPlanetDirectoryPro=AQIC5wM2LY4SfcxrxvZ6sPIdFbW8rbzxhbuqDFmRgPFNMbU%3D%40AAJTSQACMDE%3D%23&sort=score%20desc%2C%20s%5Ftitle%20asc&wt=json&version=2%2E2&q=%28apollo%20landing%29 HTTP/1.1" 200 193497 "http://pub.lmmp.nasa.gov/LMMPUI/LMMP_CLIENT/LMMP.html" "Mozilla/5.0 (Windows NT 6.1; WOW64) AppleWebKit/537.36 (KHTML, like Gecko) Chrome/44.0.2403.107 Safari/537.36" 808 193957
203.247.180.221 - - [26/Jul/2015:22:52:54 -0400] "GET /opensso/identity/isTokenValid?iPlanetDirectoryPro=AQIC5wM2LY4SfcxrxvZ6sPIdFbW8rbzxhbuqDFmRgPFNMbU%3D%40AAJTSQACMDE%3D%23 HTTP/1.1" 200 13 "http://pub.lmmp.nasa.gov/LMMPUI/LMMP_CLIENT/LMMP.html" "Mozilla/5.0 (Windows NT 6.1; WOW64) AppleWebKit/537.36 (KHTML, like Gecko) Chrome/44.0.2403.107 Safari/537.36" 639 171
203.247.180.221 - - [26/Jul/2015:22:52:55 -0400] "GET /opensso/identity/isTokenValid?iPlanetDirectoryPro=AQIC5wM2LY4SfcxrxvZ6sPIdFbW8rbzxhbuqDFmRgPFNMbU%3D%40AAJTSQACMDE%3D%23 HTTP/1.1" 200 13 "http://pub.lmmp.nasa.gov/LMMPUI/LMMP_CLIENT/LMMP.html" "Mozilla/5.0 (Windows NT 6.1; WOW64) AppleWebKit/537.36 (KHTML, like Gecko) Chrome/44.0.2403.107 Safari/537.36" 639 170
127.0.0.1 - - [26/Jul/2015:22:52:55 -0400] "POST /opensso/jaxrpc/SMSObjectIF HTTP/1.1" 200 505 "-" "Java/1.5.0_21" 847 767
203.247.180.221 - - [26/Jul/2015:22:52:55 -0400] "GET /opensso/identity/isTokenValid?iPlanetDirectoryPro=AQIC5wM2LY4SfcxrxvZ6sPIdFbW8rbzxhbuqDFmRgPFNMbU%3D%40AAJTSQACMDE%3D%23 HTTP/1.1" 200 13 "http://pub.lmmp.nasa.gov/LMMPUI/LMMP_CLIENT/LMMP.html" "Mozilla/5.0 (Windows NT 6.1; WOW64) AppleWebKit/537.36 (KHTML, like Gecko) Chrome/44.0.2403.107 Safari/537.36" 639 171
127.0.0.1 - - [26/Jul/2015:22:52:55 -0400] "POST /opensso/jaxrpc/DirectoryManagerIF HTTP/1.1" 200 1290 "-" "Java/1.5.0_21" 1362 1551
203.247.180.221 - - [26/Jul/2015:22:52:55 -0400] "GET /LMMP/rest/dbxml/aux/find?xPath=/auxmd[%20(contains(upper-case(//title),%20upper-case(%22landing%22))%20or%20%20upper-case(//originator)%20=%20upper-case(%22landing%22)%20)]&iPlanetDirectoryPro=AQIC5wM2LY4SfcxrxvZ6sPIdFbW8rbzxhbuqDFmRgPFNMbU%3D%40AAJTSQACMDE%3D%23 HTTP/1.1" 200 - "http://pub.lmmp.nasa.gov/LMMPUI/LMMP_CLIENT/LMMP.html" "Mozilla/5.0 (Windows NT 6.1; WOW64) AppleWebKit/537.36 (KHTML, like Gecko) Chrome/44.0.2403.107 Safari/537.36" 835 154
127.0.0.1 - - [26/Jul/2015:22:52:55 -0400] "POST /opensso/jaxrpc/SMSObjectIF HTTP/1.1" 200 505 "-" "Java/1.5.0_21" 847 766
127.0.0.1 - - [26/Jul/2015:22:52:55 -0400] "POST /opensso/jaxrpc/DirectoryManagerIF HTTP/1.1" 200 707 "-" "Java/1.5.0_21" 1215 968
203.247.180.221 - - [26/Jul/2015:22:52:55 -0400] "GET /opensso/identity/isTokenValid?iPlanetDirectoryPro=AQIC5wM2LY4SfcxrxvZ6sPIdFbW8rbzxhbuqDFmRgPFNMbU%3D%40AAJTSQACMDE%3D%23 HTTP/1.1" 200 13 "http://pub.lmmp.nasa.gov/LMMPUI/LMMP_CLIENT/LMMP.html" "Mozilla/5.0 (Windows NT 6.1; WOW64) AppleWebKit/537.36 (KHTML, like Gecko) Chrome/44.0.2403.107 Safari/537.36" 639 170
203.247.180.221 - - [26/Jul/2015:22:52:55 -0400] "GET /solr/pds/select?indent=off&fl=%2A%2Cscore&start=0&rows=100&iPlanetDirectoryPro=AQIC5wM2LY4SfcxrxvZ6sPIdFbW8rbzxhbuqDFmRgPFNMbU%3D%40AAJTSQACMDE%3D%23&sort=score%20desc%2Cproductname%20asc&wt=json&version=2%2E2&q=%28landing%29 HTTP/1.1" 200 335 "http://pub.lmmp.nasa.gov/LMMPUI/LMMP_CLIENT/LMMP.html" "Mozilla/5.0 (Windows NT 6.1; WOW64) AppleWebKit/537.36 (KHTML, like Gecko) Chrome/44.0.2403.107 Safari/537.36" 797 507
203.247.180.221 - - [26/Jul/2015:22:52:55 -0400] "GET /opensso/identity/isTokenValid?iPlanetDirectoryPro=AQIC5wM2LY4SfcxrxvZ6sPIdFbW8rbzxhbuqDFmRgPFNMbU%3D%40AAJTSQACMDE%3D%23 HTTP/1.1" 200 13 "http://pub.lmmp.nasa.gov/LMMPUI/LMMP_CLIENT/LMMP.html" "Mozilla/5.0 (Windows NT 6.1; WOW64) AppleWebKit/537.36 (KHTML, like Gecko) Chrome/44.0.2403.107 Safari/537.36" 639 170
127.0.0.1 - - [26/Jul/2015:22:52:55 -0400] "POST /opensso/jaxrpc/SMSObjectIF HTTP/1.1" 200 505 "-" "Java/1.5.0_21" 847 766
127.0.0.1 - - [26/Jul/2015:22:52:55 -0400] "POST /opensso/jaxrpc/DirectoryManagerIF HTTP/1.1" 200 1290 "-" "Java/1.5.0_21" 1362 1551
203.247.180.221 - - [26/Jul/2015:22:52:55 -0400] "GET /LMMP/rest/dbxml/aux/find?xPath=/auxmd[%20(contains(upper-case(//title),%20upper-case(%22landing%22))%20or%20%20upper-case(//originator)%20=%20upper-case(%22landing%22)%20)]&iPlanetDirectoryPro=AQIC5wM2LY4SfcxrxvZ6sPIdFbW8rbzxhbuqDFmRgPFNMbU%3D%40AAJTSQACMDE%3D%23 HTTP/1.1" 200 - "http://pub.lmmp.nasa.gov/LMMPUI/LMMP_CLIENT/LMMP.html" "Mozilla/5.0 (Windows NT 6.1; WOW64) AppleWebKit/537.36 (KHTML, like Gecko) Chrome/44.0.2403.107 Safari/537.36" 835 155
203.247.180.221 - - [26/Jul/2015:22:52:56 -0400] "GET /opensso/identity/isTokenValid?iPlanetDirectoryPro=AQIC5wM2LY4SfcxrxvZ6sPIdFbW8rbzxhbuqDFmRgPFNMbU%3D%40AAJTSQACMDE%3D%23 HTTP/1.1" 200 13 "http://pub.lmmp.nasa.gov/LMMPUI/LMMP_CLIENT/LMMP.html" "Mozilla/5.0 (Windows NT 6.1; WOW64) AppleWebKit/537.36 (KHTML, like Gecko) Chrome/44.0.2403.107 Safari/537.36" 639 170
203.247.180.221 - - [26/Jul/2015:22:52:56 -0400] "GET /solr/pds/select?indent=off&fl=%2A%2Cscore&start=0&rows=100&iPlanetDirectoryPro=AQIC5wM2LY4SfcxrxvZ6sPIdFbW8rbzxhbuqDFmRgPFNMbU%3D%40AAJTSQACMDE%3D%23&sort=score%20desc%2Cproductname%20asc&wt=json&version=2%2E2&q=%28landing%29 HTTP/1.1" 200 335 "http://pub.lmmp.nasa.gov/LMMPUI/LMMP_CLIENT/LMMP.html" "Mozilla/5.0 (Windows NT 6.1; WOW64) AppleWebKit/537.36 (KHTML, like Gecko) Chrome/44.0.2403.107 Safari/537.36" 797 507
203.247.180.221 - - [26/Jul/2015:22:52:55 -0400] "GET /lmmp-services/solr/proxy?indent=off&fl=%2A&start=0&rows=100&iPlanetDirectoryPro=AQIC5wM2LY4SfcxrxvZ6sPIdFbW8rbzxhbuqDFmRgPFNMbU%3D%40AAJTSQACMDE%3D%23&sort=score%20desc%2C%20s%5Ftitle%20asc&wt=json&version=2%2E2&q=%28landing%29 HTTP/1.1" 200 194601 "http://pub.lmmp.nasa.gov/LMMPUI/LMMP_CLIENT/LMMP.html" "Mozilla/5.0 (Windows NT 6.1; WOW64) AppleWebKit/537.36 (KHTML, like Gecko) Chrome/44.0.2403.107 Safari/537.36" 799 195062
203.247.180.176 - - [26/Jul/2015:22:53:08 -0400] "GET /LMMPUI/LMMP_CLIENT/LMMP.html HTTP/1.1" 304 - "-" "Mozilla/5.0 (Windows NT 6.1; WOW64) AppleWebKit/537.36 (KHTML, like Gecko) Chrome/44.0.2403.89 Safari/537.36" 612 225
203.247.180.176 - - [26/Jul/2015:22:53:11 -0400] "GET /LMMPUI/LMMP_CLIENT/config/config.xml?1437965612627 HTTP/1.1" 200 12261 "http://pub.lmmp.nasa.gov/LMMPUI/LMMP_CLIENT/LMMP.html" "Mozilla/5.0 (Windows NT 6.1; WOW64) AppleWebKit/537.36 (KHTML, like Gecko) Chrome/44.0.2403.89 Safari/537.36" 547 12598
203.247.180.176 - - [26/Jul/2015:22:53:11 -0400] "GET /LMMPUI/LMMP_CLIENT/homepage/features.xml?v=1437965612821 HTTP/1.1" 200 1611 "http://pub.lmmp.nasa.gov/LMMPUI/LMMP_CLIENT/LMMP.html" "Mozilla/5.0 (Windows NT 6.1; WOW64) AppleWebKit/537.36 (KHTML, like Gecko) Chrome/44.0.2403.89 Safari/537.36" 553 1947
127.0.0.1 - - [26/Jul/2015:22:53:12 -0400] "GET /opensso/namingservice HTTP/1.1" 200 7 "-" "Java/1.5.0_21" 220 183
127.0.0.1 - - [26/Jul/2015:22:53:12 -0400] "GET /openssorest/token/localldap HTTP/1.1" 200 62 "-" "Java/1.5.0_21" 277 239
203.247.180.176 - - [26/Jul/2015:22:53:12 -0400] "GET /LMMPUI/rest/proxy/proxyService?cs=bG1tcGd1ZXN0fGd1ZXN0bG1tcHxodHRwOi8vcHViLmxtbXAubmFzYS5nb3Yvb3BlbnNzb3Jlc3QvdG9rZW4vbG9jYWxsZGFw HTTP/1.1" 200 63 "http://pub.lmmp.nasa.gov/LMMPUI/LMMP_CLIENT/LMMP.html" "Mozilla/5.0 (Windows NT 6.1; WOW64) AppleWebKit/537.36 (KHTML, like Gecko) Chrome/44.0.2403.89 Safari/537.36" 627 238
203.247.180.176 - - [26/Jul/2015:22:53:12 -0400] "POST /openssorest/token/localldap HTTP/1.1" 200 62 "http://pub.lmmp.nasa.gov/LMMPUI/LMMP_CLIENT/LMMP_WB.swf/[[DYNAMIC]]/10" "Mozilla/5.0 (Windows NT 6.1; WOW64) AppleWebKit/537.36 (KHTML, like Gecko) Chrome/44.0.2403.89 Safari/537.36" 701 238
127.0.0.1 - - [26/Jul/2015:22:53:13 -0400] "GET /opensso/namingservice HTTP/1.1" 200 7 "-" "Java/1.5.0_21" 220 183
203.247.180.176 - - [26/Jul/2015:22:53:13 -0400] "GET /opensso/identity/isTokenValid?iPlanetDirectoryPro=AQIC5wM2LY4SfcxrxvZ6sPIdFbW8rbzxhbuqDFmRgPFNMbU%3D%40AAJTSQACMDE%3D%23 HTTP/1.1" 200 13 "http://pub.lmmp.nasa.gov/LMMPUI/LMMP_CLIENT/LMMP.html" "Mozilla/5.0 (Windows NT 6.1; WOW64) AppleWebKit/537.36 (KHTML, like Gecko) Chrome/44.0.2403.89 Safari/537.36" 617 170
203.247.180.176 - - [26/Jul/2015:22:53:13 -0400] "GET /opensso/identity/isTokenValid?iPlanetDirectoryPro=AQIC5wM2LY4SfcxrxvZ6sPIdFbW8rbzxhbuqDFmRgPFNMbU%3D%40AAJTSQACMDE%3D%23 HTTP/1.1" 200 13 "http://pub.lmmp.nasa.gov/LMMPUI/LMMP_CLIENT/LMMP.html" "Mozilla/5.0 (Windows NT 6.1; WOW64) AppleWebKit/537.36 (KHTML, like Gecko) Chrome/44.0.2403.89 Safari/537.36" 617 170
203.247.180.176 - - [26/Jul/2015:22:53:13 -0400] "GET /opensso/identity/attributes?iPlanetDirectoryPro=AQIC5wM2LY4SfcxrxvZ6sPIdFbW8rbzxhbuqDFmRgPFNMbU%3D%40AAJTSQACMDE%3D%23 HTTP/1.1" 200 981 "http://pub.lmmp.nasa.gov/LMMPUI/LMMP_CLIENT/LMMP.html" "Mozilla/5.0 (Windows NT 6.1; WOW64) AppleWebKit/537.36 (KHTML, like Gecko) Chrome/44.0.2403.89 Safari/537.36" 615 1139
127.0.0.1 - - [26/Jul/2015:22:53:13 -0400] "POST /opensso/policyservice HTTP/1.1" 200 9463 "-" "Java/1.5.0_21" 1123 9649
127.0.0.1 - - [26/Jul/2015:22:53:13 -0400] "POST /opensso/jaxrpc/SMSObjectIF HTTP/1.1" 200 505 "-" "Java/1.5.0_21" 847 766
127.0.0.1 - - [26/Jul/2015:22:53:13 -0400] "POST /opensso/jaxrpc/DirectoryManagerIF HTTP/1.1" 200 1290 "-" "Java/1.5.0_21" 1362 1551
203.247.180.176 - - [26/Jul/2015:22:53:13 -0400] "GET /LMMP/rest/dbxml/resources?iPlanetDirectoryPro=AQIC5wM2LY4SfcxrxvZ6sPIdFbW8rbzxhbuqDFmRgPFNMbU%3D%40AAJTSQACMDE%3D%23 HTTP/1.1" 200 2827 "http://pub.lmmp.nasa.gov/LMMPUI/LMMP_CLIENT/LMMP.html" "Mozilla/5.0 (Windows NT 6.1; WOW64) AppleWebKit/537.36 (KHTML, like Gecko) Chrome/44.0.2403.89 Safari/537.36" 666 3079
203.247.180.176 - - [26/Jul/2015:22:53:13 -0400] "GET /opensso/identity/isTokenValid?iPlanetDirectoryPro=AQIC5wM2LY4SfcxrxvZ6sPIdFbW8rbzxhbuqDFmRgPFNMbU%3D%40AAJTSQACMDE%3D%23 HTTP/1.1" 200 13 "http://pub.lmmp.nasa.gov/LMMPUI/LMMP_CLIENT/LMMP.html" "Mozilla/5.0 (Windows NT 6.1; WOW64) AppleWebKit/537.36 (KHTML, like Gecko) Chrome/44.0.2403.89 Safari/537.36" 617 170
203.247.180.176 - - [26/Jul/2015:22:53:14 -0400] "GET /opensso/identity/isTokenValid?iPlanetDirectoryPro=AQIC5wM2LY4SfcxrxvZ6sPIdFbW8rbzxhbuqDFmRgPFNMbU%3D%40AAJTSQACMDE%3D%23 HTTP/1.1" 200 13 "http://pub.lmmp.nasa.gov/LMMPUI/LMMP_CLIENT/LMMP.html" "Mozilla/5.0 (Windows NT 6.1; WOW64) AppleWebKit/537.36 (KHTML, like Gecko) Chrome/44.0.2403.89 Safari/537.36" 617 170
203.247.180.176 - - [26/Jul/2015:22:53:14 -0400] "GET /opensso/identity/isTokenValid?iPlanetDirectoryPro=AQIC5wM2LY4SfcxrxvZ6sPIdFbW8rbzxhbuqDFmRgPFNMbU%3D%40AAJTSQACMDE%3D%23 HTTP/1.1" 200 13 "http://pub.lmmp.nasa.gov/LMMPUI/LMMP_CLIENT/LMMP.html" "Mozilla/5.0 (Windows NT 6.1; WOW64) AppleWebKit/537.36 (KHTML, like Gecko) Chrome/44.0.2403.89 Safari/537.36" 617 170
203.247.180.176 - - [26/Jul/2015:22:53:14 -0400] "GET /opensso/identity/isTokenValid?iPlanetDirectoryPro=AQIC5wM2LY4SfcxrxvZ6sPIdFbW8rbzxhbuqDFmRgPFNMbU%3D%40AAJTSQACMDE%3D%23 HTTP/1.1" 200 13 "http://pub.lmmp.nasa.gov/LMMPUI/LMMP_CLIENT/LMMP.html" "Mozilla/5.0 (Windows NT 6.1; WOW64) AppleWebKit/537.36 (KHTML, like Gecko) Chrome/44.0.2403.89 Safari/537.36" 617 170
203.247.180.176 - - [26/Jul/2015:22:53:14 -0400] "GET /opensso/identity/isTokenValid?iPlanetDirectoryPro=AQIC5wM2LY4SfcxrxvZ6sPIdFbW8rbzxhbuqDFmRgPFNMbU%3D%40AAJTSQACMDE%3D%23 HTTP/1.1" 200 13 "http://pub.lmmp.nasa.gov/LMMPUI/LMMP_CLIENT/LMMP.html" "Mozilla/5.0 (Windows NT 6.1; WOW64) AppleWebKit/537.36 (KHTML, like Gecko) Chrome/44.0.2403.89 Safari/537.36" 617 170
203.247.180.176 - - [26/Jul/2015:22:53:15 -0400] "GET /opensso/identity/isTokenValid?iPlanetDirectoryPro=AQIC5wM2LY4SfcxrxvZ6sPIdFbW8rbzxhbuqDFmRgPFNMbU%3D%40AAJTSQACMDE%3D%23 HTTP/1.1" 200 13 "http://pub.lmmp.nasa.gov/LMMPUI/LMMP_CLIENT/LMMP.html" "Mozilla/5.0 (Windows NT 6.1; WOW64) AppleWebKit/537.36 (KHTML, like Gecko) Chrome/44.0.2403.89 Safari/537.36" 617 170
203.247.180.176 - - [26/Jul/2015:22:53:15 -0400] "GET /opensso/identity/isTokenValid?iPlanetDirectoryPro=AQIC5wM2LY4SfcxrxvZ6sPIdFbW8rbzxhbuqDFmRgPFNMbU%3D%40AAJTSQACMDE%3D%23 HTTP/1.1" 200 13 "http://pub.lmmp.nasa.gov/LMMPUI/LMMP_CLIENT/LMMP.html" "Mozilla/5.0 (Windows NT 6.1; WOW64) AppleWebKit/537.36 (KHTML, like Gecko) Chrome/44.0.2403.89 Safari/537.36" 617 170
203.247.180.176 - - [26/Jul/2015:22:53:15 -0400] "GET /opensso/identity/isTokenValid?iPlanetDirectoryPro=AQIC5wM2LY4SfcxrxvZ6sPIdFbW8rbzxhbuqDFmRgPFNMbU%3D%40AAJTSQACMDE%3D%23 HTTP/1.1" 200 13 "http://pub.lmmp.nasa.gov/LMMPUI/LMMP_CLIENT/LMMP.html" "Mozilla/5.0 (Windows NT 6.1; WOW64) AppleWebKit/537.36 (KHTML, like Gecko) Chrome/44.0.2403.89 Safari/537.36" 617 170
203.247.180.176 - - [26/Jul/2015:22:53:15 -0400] "GET /opensso/identity/isTokenValid?iPlanetDirectoryPro=AQIC5wM2LY4SfcxrxvZ6sPIdFbW8rbzxhbuqDFmRgPFNMbU%3D%40AAJTSQACMDE%3D%23 HTTP/1.1" 200 13 "http://pub.lmmp.nasa.gov/LMMPUI/LMMP_CLIENT/LMMP.html" "Mozilla/5.0 (Windows NT 6.1; WOW64) AppleWebKit/537.36 (KHTML, like Gecko) Chrome/44.0.2403.89 Safari/537.36" 617 170
203.247.180.176 - - [26/Jul/2015:22:53:16 -0400] "GET /opensso/identity/isTokenValid?iPlanetDirectoryPro=AQIC5wM2LY4SfcxrxvZ6sPIdFbW8rbzxhbuqDFmRgPFNMbU%3D%40AAJTSQACMDE%3D%23 HTTP/1.1" 200 13 "http://pub.lmmp.nasa.gov/LMMPUI/LMMP_CLIENT/LMMP.html" "Mozilla/5.0 (Windows NT 6.1; WOW64) AppleWebKit/537.36 (KHTML, like Gecko) Chrome/44.0.2403.89 Safari/537.36" 617 170
203.247.180.176 - - [26/Jul/2015:22:53:18 -0400] "GET /opensso/identity/isTokenValid?iPlanetDirectoryPro=AQIC5wM2LY4SfcxrxvZ6sPIdFbW8rbzxhbuqDFmRgPFNMbU%3D%40AAJTSQACMDE%3D%23 HTTP/1.1" 200 13 "http://pub.lmmp.nasa.gov/LMMPUI/LMMP_CLIENT/LMMP.html" "Mozilla/5.0 (Windows NT 6.1; WOW64) AppleWebKit/537.36 (KHTML, like Gecko) Chrome/44.0.2403.89 Safari/537.36" 617 170
203.247.180.176 - - [26/Jul/2015:22:53:18 -0400] "GET /opensso/identity/isTokenValid?iPlanetDirectoryPro=AQIC5wM2LY4SfcxrxvZ6sPIdFbW8rbzxhbuqDFmRgPFNMbU%3D%40AAJTSQACMDE%3D%23 HTTP/1.1" 200 13 "http://pub.lmmp.nasa.gov/LMMPUI/LMMP_CLIENT/LMMP.html" "Mozilla/5.0 (Windows NT 6.1; WOW64) AppleWebKit/537.36 (KHTML, like Gecko) Chrome/44.0.2403.89 Safari/537.36" 617 170
203.247.180.176 - - [26/Jul/2015:22:53:18 -0400] "GET /LMMP/rest/auxmd/types?iPlanetDirectoryPro=AQIC5wM2LY4SfcxrxvZ6sPIdFbW8rbzxhbuqDFmRgPFNMbU%3D%40AAJTSQACMDE%3D%23 HTTP/1.1" 200 119 "http://pub.lmmp.nasa.gov/LMMPUI/LMMP_CLIENT/LMMP.html" "Mozilla/5.0 (Windows NT 6.1; WOW64) AppleWebKit/537.36 (KHTML, like Gecko) Chrome/44.0.2403.89 Safari/537.36" 662 295
203.247.180.176 - - [26/Jul/2015:22:53:18 -0400] "GET /LMMP/rest/auxmd/acl?iPlanetDirectoryPro=AQIC5wM2LY4SfcxrxvZ6sPIdFbW8rbzxhbuqDFmRgPFNMbU%3D%40AAJTSQACMDE%3D%23 HTTP/1.1" 200 1468 "http://pub.lmmp.nasa.gov/LMMPUI/LMMP_CLIENT/LMMP.html" "Mozilla/5.0 (Windows NT 6.1; WOW64) AppleWebKit/537.36 (KHTML, like Gecko) Chrome/44.0.2403.89 Safari/537.36" 660 1644
203.247.180.176 - - [26/Jul/2015:22:53:18 -0400] "GET /opensso/identity/isTokenValid?iPlanetDirectoryPro=AQIC5wM2LY4SfcxrxvZ6sPIdFbW8rbzxhbuqDFmRgPFNMbU%3D%40AAJTSQACMDE%3D%23 HTTP/1.1" 200 13 "http://pub.lmmp.nasa.gov/LMMPUI/LMMP_CLIENT/LMMP.html" "Mozilla/5.0 (Windows NT 6.1; WOW64) AppleWebKit/537.36 (KHTML, like Gecko) Chrome/44.0.2403.89 Safari/537.36" 617 170
203.247.180.176 - - [26/Jul/2015:22:53:19 -0400] "GET /opensso/identity/isTokenValid?iPlanetDirectoryPro=AQIC5wM2LY4SfcxrxvZ6sPIdFbW8rbzxhbuqDFmRgPFNMbU%3D%40AAJTSQACMDE%3D%23 HTTP/1.1" 200 13 "http://pub.lmmp.nasa.gov/LMMPUI/LMMP_CLIENT/LMMP.html" "Mozilla/5.0 (Windows NT 6.1; WOW64) AppleWebKit/537.36 (KHTML, like Gecko) Chrome/44.0.2403.89 Safari/537.36" 617 170
203.247.180.176 - - [26/Jul/2015:22:53:19 -0400] "GET /LMMP/rest/auxmd/create?mdType=layer&iPlanetDirectoryPro=AQIC5wM2LY4SfcxrxvZ6sPIdFbW8rbzxhbuqDFmRgPFNMbU%3D%40AAJTSQACMDE%3D%23 HTTP/1.1" 200 173 "http://pub.lmmp.nasa.gov/LMMPUI/LMMP_CLIENT/LMMP.html" "Mozilla/5.0 (Windows NT 6.1; WOW64) AppleWebKit/537.36 (KHTML, like Gecko) Chrome/44.0.2403.89 Safari/537.36" 676 348
203.247.180.176 - - [26/Jul/2015:22:53:19 -0400] "GET /opensso/identity/isTokenValid?iPlanetDirectoryPro=AQIC5wM2LY4SfcxrxvZ6sPIdFbW8rbzxhbuqDFmRgPFNMbU%3D%40AAJTSQACMDE%3D%23 HTTP/1.1" 200 13 "http://pub.lmmp.nasa.gov/LMMPUI/LMMP_CLIENT/LMMP.html" "Mozilla/5.0 (Windows NT 6.1; WOW64) AppleWebKit/537.36 (KHTML, like Gecko) Chrome/44.0.2403.89 Safari/537.36" 617 170
203.247.180.176 - - [26/Jul/2015:22:53:19 -0400] "GET /LMMP/rest/auxmd/create?mdType=point&iPlanetDirectoryPro=AQIC5wM2LY4SfcxrxvZ6sPIdFbW8rbzxhbuqDFmRgPFNMbU%3D%40AAJTSQACMDE%3D%23 HTTP/1.1" 200 319 "http://pub.lmmp.nasa.gov/LMMPUI/LMMP_CLIENT/LMMP.html" "Mozilla/5.0 (Windows NT 6.1; WOW64) AppleWebKit/537.36 (KHTML, like Gecko) Chrome/44.0.2403.89 Safari/537.36" 676 495
203.247.180.176 - - [26/Jul/2015:22:53:19 -0400] "GET /opensso/identity/isTokenValid?iPlanetDirectoryPro=AQIC5wM2LY4SfcxrxvZ6sPIdFbW8rbzxhbuqDFmRgPFNMbU%3D%40AAJTSQACMDE%3D%23 HTTP/1.1" 200 13 "http://pub.lmmp.nasa.gov/LMMPUI/LMMP_CLIENT/LMMP.html" "Mozilla/5.0 (Windows NT 6.1; WOW64) AppleWebKit/537.36 (KHTML, like Gecko) Chrome/44.0.2403.89 Safari/537.36" 617 170
203.247.180.176 - - [26/Jul/2015:22:53:19 -0400] "GET /LMMP/rest/auxmd/create?mdType=bounding&iPlanetDirectoryPro=AQIC5wM2LY4SfcxrxvZ6sPIdFbW8rbzxhbuqDFmRgPFNMbU%3D%40AAJTSQACMDE%3D%23 HTTP/1.1" 200 513 "http://pub.lmmp.nasa.gov/LMMPUI/LMMP_CLIENT/LMMP.html" "Mozilla/5.0 (Windows NT 6.1; WOW64) AppleWebKit/537.36 (KHTML, like Gecko) Chrome/44.0.2403.89 Safari/537.36" 679 690
203.247.180.176 - - [26/Jul/2015:22:53:19 -0400] "GET /opensso/identity/isTokenValid?iPlanetDirectoryPro=AQIC5wM2LY4SfcxrxvZ6sPIdFbW8rbzxhbuqDFmRgPFNMbU%3D%40AAJTSQACMDE%3D%23 HTTP/1.1" 200 13 "http://pub.lmmp.nasa.gov/LMMPUI/LMMP_CLIENT/LMMP.html" "Mozilla/5.0 (Windows NT 6.1; WOW64) AppleWebKit/537.36 (KHTML, like Gecko) Chrome/44.0.2403.89 Safari/537.36" 617 170
203.247.180.176 - - [26/Jul/2015:22:53:19 -0400] "GET /LMMP/rest/auxmd/create?mdType=polyo&iPlanetDirectoryPro=AQIC5wM2LY4SfcxrxvZ6sPIdFbW8rbzxhbuqDFmRgPFNMbU%3D%40AAJTSQACMDE%3D%23 HTTP/1.1" 200 38 "http://pub.lmmp.nasa.gov/LMMPUI/LMMP_CLIENT/LMMP.html" "Mozilla/5.0 (Windows NT 6.1; WOW64) AppleWebKit/537.36 (KHTML, like Gecko) Chrome/44.0.2403.89 Safari/537.36" 676 213
203.247.180.176 - - [26/Jul/2015:22:53:20 -0400] "GET /LMMP/rest/auxmd/create?mdType=polyx&iPlanetDirectoryPro=AQIC5wM2LY4SfcxrxvZ6sPIdFbW8rbzxhbuqDFmRgPFNMbU%3D%40AAJTSQACMDE%3D%23 HTTP/1.1" 200 38 "http://pub.lmmp.nasa.gov/LMMPUI/LMMP_CLIENT/LMMP.html" "Mozilla/5.0 (Windows NT 6.1; WOW64) AppleWebKit/537.36 (KHTML, like Gecko) Chrome/44.0.2403.89 Safari/537.36" 676 213
203.247.180.176 - - [26/Jul/2015:22:53:23 -0400] "GET /LMMPUI/LMMP_CLIENT/homepage/data.xml?v=1437965624306 HTTP/1.1" 200 3907 "http://pub.lmmp.nasa.gov/LMMPUI/LMMP_CLIENT/LMMP.html" "Mozilla/5.0 (Windows NT 6.1; WOW64) AppleWebKit/537.36 (KHTML, like Gecko) Chrome/44.0.2403.89 Safari/537.36" 549 4242
127.0.0.1 - - [26/Jul/2015:22:53:42 -0400] "GET /opensso/namingservice HTTP/1.1" 200 7 "-" "Java/1.5.0_21" 220 183
127.0.0.1 - - [26/Jul/2015:22:53:43 -0400] "GET /opensso/namingservice HTTP/1.1" 200 7 "-" "Java/1.5.0_21" 220 183
127.0.0.1 - - [26/Jul/2015:22:54:12 -0400] "GET /opensso/namingservice HTTP/1.1" 200 7 "-" "Java/1.5.0_21" 220 183
127.0.0.1 - - [26/Jul/2015:22:54:13 -0400] "GET /opensso/namingservice HTTP/1.1" 200 7 "-" "Java/1.5.0_21" 220 183
203.247.180.221 - - [26/Jul/2015:22:54:25 -0400] "GET /opensso/identity/isTokenValid?iPlanetDirectoryPro=AQIC5wM2LY4SfcxrxvZ6sPIdFbW8rbzxhbuqDFmRgPFNMbU%3D%40AAJTSQACMDE%3D%23 HTTP/1.1" 200 13 "http://pub.lmmp.nasa.gov/LMMPUI/LMMP_CLIENT/LMMP.html" "Mozilla/5.0 (Windows NT 6.1; WOW64) AppleWebKit/537.36 (KHTML, like Gecko) Chrome/44.0.2403.107 Safari/537.36" 639 171
203.247.180.221 - - [26/Jul/2015:22:54:25 -0400] "GET /opensso/identity/isTokenValid?iPlanetDirectoryPro=AQIC5wM2LY4SfcxrxvZ6sPIdFbW8rbzxhbuqDFmRgPFNMbU%3D%40AAJTSQACMDE%3D%23 HTTP/1.1" 200 13 "http://pub.lmmp.nasa.gov/LMMPUI/LMMP_CLIENT/LMMP.html" "Mozilla/5.0 (Windows NT 6.1; WOW64) AppleWebKit/537.36 (KHTML, like Gecko) Chrome/44.0.2403.107 Safari/537.36" 639 170
127.0.0.1 - - [26/Jul/2015:22:54:25 -0400] "POST /opensso/sessionservice HTTP/1.1" 200 2016 "-" "Java/1.5.0_21" 819 2194
127.0.0.1 - - [26/Jul/2015:22:54:25 -0400] "POST /opensso/policyservice HTTP/1.1" 200 9465 "-" "Java/1.5.0_21" 1125 9650
127.0.0.1 - - [26/Jul/2015:22:54:25 -0400] "POST /opensso/jaxrpc/SMSObjectIF HTTP/1.1" 200 505 "-" "Java/1.5.0_21" 847 766
127.0.0.1 - - [26/Jul/2015:22:54:25 -0400] "POST /opensso/jaxrpc/DirectoryManagerIF HTTP/1.1" 200 1290 "-" "Java/1.5.0_21" 1362 1551
127.0.0.1 - - [26/Jul/2015:22:54:25 -0400] "POST /opensso/jaxrpc/SMSObjectIF HTTP/1.1" 200 505 "-" "Java/1.5.0_21" 847 766
127.0.0.1 - - [26/Jul/2015:22:54:25 -0400] "POST /opensso/jaxrpc/DirectoryManagerIF HTTP/1.1" 200 1290 "-" "Java/1.5.0_21" 1362 1551
203.247.180.221 - - [26/Jul/2015:22:54:25 -0400] "GET /LMMP/rest/dbxml/fgdc/legend/stream?label=LRO_LOLA_ClrShade_Global_128ppd_v04 HTTP/1.1" 200 4060 "http://pub.lmmp.nasa.gov/LMMPUI/LMMP_CLIENT/LMMP.html" "Mozilla/5.0 (Windows NT 6.1; WOW64) AppleWebKit/537.36 (KHTML, like Gecko) Chrome/44.0.2403.107 Safari/537.36" 1290 4507
203.247.180.221 - - [26/Jul/2015:22:54:26 -0400] "GET /opensso/identity/isTokenValid?iPlanetDirectoryPro=AQIC5wM2LY4SfcxrxvZ6sPIdFbW8rbzxhbuqDFmRgPFNMbU%3D%40AAJTSQACMDE%3D%23 HTTP/1.1" 200 13 "http://pub.lmmp.nasa.gov/LMMPUI/LMMP_CLIENT/LMMP.html" "Mozilla/5.0 (Windows NT 6.1; WOW64) AppleWebKit/537.36 (KHTML, like Gecko) Chrome/44.0.2403.107 Safari/537.36" 639 170
203.247.180.221 - - [26/Jul/2015:22:54:26 -0400] "GET /opensso/identity/isTokenValid?iPlanetDirectoryPro=AQIC5wM2LY4SfcxrxvZ6sPIdFbW8rbzxhbuqDFmRgPFNMbU%3D%40AAJTSQACMDE%3D%23 HTTP/1.1" 200 13 "http://pub.lmmp.nasa.gov/LMMPUI/LMMP_CLIENT/LMMP.html" "Mozilla/5.0 (Windows NT 6.1; WOW64) AppleWebKit/537.36 (KHTML, like Gecko) Chrome/44.0.2403.107 Safari/537.36" 639 170
203.247.180.221 - - [26/Jul/2015:22:54:26 -0400] "GET /LMMP/rest/dbxml/valsrvc?uuid=&iPlanetDirectoryPro=AQIC5wM2LY4SfcxrxvZ6sPIdFbW8rbzxhbuqDFmRgPFNMbU%3D%40AAJTSQACMDE%3D%23 HTTP/1.1" 200 31 "http://pub.lmmp.nasa.gov/LMMPUI/LMMP_CLIENT/LMMP.html" "Mozilla/5.0 (Windows NT 6.1; WOW64) AppleWebKit/537.36 (KHTML, like Gecko) Chrome/44.0.2403.107 Safari/537.36" 1338 522
203.247.180.221 - - [26/Jul/2015:22:54:26 -0400] "GET /LMMP/rest/dbxml/valsrvc?uuid=35b0027e%2D60eb%2D4e72%2Dbf58%2Dc1ceafe99850&iPlanetDirectoryPro=AQIC5wM2LY4SfcxrxvZ6sPIdFbW8rbzxhbuqDFmRgPFNMbU%3D%40AAJTSQACMDE%3D%23 HTTP/1.1" 200 1413 "http://pub.lmmp.nasa.gov/LMMPUI/LMMP_CLIENT/LMMP.html" "Mozilla/5.0 (Windows NT 6.1; WOW64) AppleWebKit/537.36 (KHTML, like Gecko) Chrome/44.0.2403.107 Safari/537.36" 810 1753
203.247.180.221 - - [26/Jul/2015:22:54:26 -0400] "GET /LMMP/rest/dbxml/valsrvc?uuid=&iPlanetDirectoryPro=AQIC5wM2LY4SfcxrxvZ6sPIdFbW8rbzxhbuqDFmRgPFNMbU%3D%40AAJTSQACMDE%3D%23 HTTP/1.1" 200 31 "http://pub.lmmp.nasa.gov/LMMPUI/LMMP_CLIENT/LMMP.html" "Mozilla/5.0 (Windows NT 6.1; WOW64) AppleWebKit/537.36 (KHTML, like Gecko) Chrome/44.0.2403.107 Safari/537.36" 762 377
203.247.180.221 - - [26/Jul/2015:22:54:26 -0400] "GET /LMMP/rest/dbxml/valsrvc?uuid=&iPlanetDirectoryPro=AQIC5wM2LY4SfcxrxvZ6sPIdFbW8rbzxhbuqDFmRgPFNMbU%3D%40AAJTSQACMDE%3D%23 HTTP/1.1" 200 31 "http://pub.lmmp.nasa.gov/LMMPUI/LMMP_CLIENT/LMMP.html" "Mozilla/5.0 (Windows NT 6.1; WOW64) AppleWebKit/537.36 (KHTML, like Gecko) Chrome/44.0.2403.107 Safari/537.36" 762 377
127.0.0.1 - - [26/Jul/2015:22:54:42 -0400] "GET /opensso/namingservice HTTP/1.1" 200 7 "-" "Java/1.5.0_21" 220 183
127.0.0.1 - - [26/Jul/2015:22:54:43 -0400] "GET /opensso/namingservice HTTP/1.1" 200 7 "-" "Java/1.5.0_21" 220 183
127.0.0.1 - - [26/Jul/2015:22:55:12 -0400] "GET /opensso/namingservice HTTP/1.1" 200 7 "-" "Java/1.5.0_21" 220 183
127.0.0.1 - - [26/Jul/2015:22:55:13 -0400] "GET /opensso/namingservice HTTP/1.1" 200 7 "-" "Java/1.5.0_21" 220 183
127.0.0.1 - - [26/Jul/2015:22:55:42 -0400] "GET /opensso/namingservice HTTP/1.1" 200 7 "-" "Java/1.5.0_21" 220 183
127.0.0.1 - - [26/Jul/2015:22:55:43 -0400] "GET /opensso/namingservice HTTP/1.1" 200 7 "-" "Java/1.5.0_21" 220 183
66.249.64.168 - - [26/Jul/2015:22:55:52 -0400] "GET /redmine/issues/gantt?month=9&months=6&year=2381&zoom=4 HTTP/1.1" 200 50933 "-" "Mozilla/5.0 (compatible; Googlebot/2.1; +http://www.google.com/bot.html)" 345 51622
127.0.0.1 - - [26/Jul/2015:22:56:12 -0400] "GET /opensso/namingservice HTTP/1.1" 200 7 "-" "Java/1.5.0_21" 220 183
127.0.0.1 - - [26/Jul/2015:22:56:13 -0400] "GET /opensso/namingservice HTTP/1.1" 200 7 "-" "Java/1.5.0_21" 220 183
127.0.0.1 - - [26/Jul/2015:22:56:42 -0400] "GET /opensso/namingservice HTTP/1.1" 200 7 "-" "Java/1.5.0_21" 220 183
127.0.0.1 - - [26/Jul/2015:22:56:43 -0400] "GET /opensso/namingservice HTTP/1.1" 200 7 "-" "Java/1.5.0_21" 220 183
127.0.0.1 - - [26/Jul/2015:22:57:12 -0400] "GET /opensso/namingservice HTTP/1.1" 200 7 "-" "Java/1.5.0_21" 220 183
127.0.0.1 - - [26/Jul/2015:22:57:13 -0400] "GET /opensso/namingservice HTTP/1.1" 200 7 "-" "Java/1.5.0_21" 220 183
127.0.0.1 - - [26/Jul/2015:22:57:42 -0400] "GET /opensso/namingservice HTTP/1.1" 200 7 "-" "Java/1.5.0_21" 220 183
137.78.207.218 - - [26/Jul/2015:22:57:42 -0400] "HEAD /LMMPUI/LMMP_CLIENT/LMMP.html HTTP/1.1" 200 - "-" "curl/7.38.0" 110 274
127.0.0.1 - - [26/Jul/2015:22:57:43 -0400] "GET /opensso/namingservice HTTP/1.1" 200 7 "-" "Java/1.5.0_21" 220 183
127.0.0.1 - - [26/Jul/2015:22:58:12 -0400] "GET /opensso/namingservice HTTP/1.1" 200 7 "-" "Java/1.5.0_21" 220 183
127.0.0.1 - - [26/Jul/2015:22:58:13 -0400] "GET /opensso/namingservice HTTP/1.1" 200 7 "-" "Java/1.5.0_21" 220 183
127.0.0.1 - - [26/Jul/2015:22:58:42 -0400] "GET /opensso/namingservice HTTP/1.1" 200 7 "-" "Java/1.5.0_21" 220 183
127.0.0.1 - - [26/Jul/2015:22:58:43 -0400] "GET /opensso/namingservice HTTP/1.1" 200 7 "-" "Java/1.5.0_21" 220 183
127.0.0.1 - - [26/Jul/2015:22:59:12 -0400] "GET /opensso/namingservice HTTP/1.1" 200 7 "-" "Java/1.5.0_21" 220 183
127.0.0.1 - - [26/Jul/2015:22:59:13 -0400] "GET /opensso/namingservice HTTP/1.1" 200 7 "-" "Java/1.5.0_21" 220 183
66.249.64.178 - - [26/Jul/2015:22:59:39 -0400] "GET /redmine/issues/gantt?month=1&months=6&year=1163&zoom=4 HTTP/1.1" 200 50912 "-" "Mozilla/5.0 (compatible; Googlebot/2.1; +http://www.google.com/bot.html)" 345 51601
127.0.0.1 - - [26/Jul/2015:22:59:42 -0400] "GET /opensso/namingservice HTTP/1.1" 200 7 "-" "Java/1.5.0_21" 220 183
127.0.0.1 - - [26/Jul/2015:22:59:43 -0400] "GET /opensso/namingservice HTTP/1.1" 200 7 "-" "Java/1.5.0_21" 220 183
127.0.0.1 - - [26/Jul/2015:23:00:12 -0400] "GET /opensso/namingservice HTTP/1.1" 200 7 "-" "Java/1.5.0_21" 220 183
127.0.0.1 - - [26/Jul/2015:23:00:13 -0400] "GET /opensso/namingservice HTTP/1.1" 200 7 "-" "Java/1.5.0_21" 220 183
127.0.0.1 - - [26/Jul/2015:23:00:42 -0400] "GET /opensso/namingservice HTTP/1.1" 200 7 "-" "Java/1.5.0_21" 220 183
127.0.0.1 - - [26/Jul/2015:23:00:43 -0400] "GET /opensso/namingservice HTTP/1.1" 200 7 "-" "Java/1.5.0_21" 220 183
127.0.0.1 - - [26/Jul/2015:23:01:12 -0400] "GET /opensso/namingservice HTTP/1.1" 200 7 "-" "Java/1.5.0_21" 220 183
127.0.0.1 - - [26/Jul/2015:23:01:13 -0400] "GET /opensso/namingservice HTTP/1.1" 200 7 "-" "Java/1.5.0_21" 220 183
127.0.0.1 - - [26/Jul/2015:23:01:42 -0400] "GET /opensso/namingservice HTTP/1.1" 200 7 "-" "Java/1.5.0_21" 220 183
127.0.0.1 - - [26/Jul/2015:23:01:43 -0400] "GET /opensso/namingservice HTTP/1.1" 200 7 "-" "Java/1.5.0_21" 220 183
127.0.0.1 - - [26/Jul/2015:23:02:12 -0400] "GET /opensso/namingservice HTTP/1.1" 200 7 "-" "Java/1.5.0_21" 220 183
127.0.0.1 - - [26/Jul/2015:23:02:13 -0400] "GET /opensso/namingservice HTTP/1.1" 200 7 "-" "Java/1.5.0_21" 220 183
127.0.0.1 - - [26/Jul/2015:23:02:42 -0400] "GET /opensso/namingservice HTTP/1.1" 200 7 "-" "Java/1.5.0_21" 220 183
137.78.207.218 - - [26/Jul/2015:23:02:42 -0400] "HEAD /LMMPUI/LMMP_CLIENT/LMMP.html HTTP/1.1" 200 - "-" "curl/7.38.0" 110 274
127.0.0.1 - - [26/Jul/2015:23:02:43 -0400] "GET /opensso/namingservice HTTP/1.1" 200 7 "-" "Java/1.5.0_21" 220 183
93.174.93.218 - - [26/Jul/2015:23:02:54 -0400] "GET http://httpheader.net HTTP/1.1" 302 234 "-" "Mozilla/5.0 (Windows; U; Windows NT 6.1; en-US; rv:1.9.2.28) Gecko/20120306 Firefox/3.6.28 (.NET CLR 3.5.30729)" 444 481
93.174.93.218 - - [26/Jul/2015:23:02:55 -0400] "GET http://httpheader.net/LMMPUI/LMMP_CLIENT/LMMP.html HTTP/1.1" 200 8973 "http://httpheader.net" "Mozilla/5.0 (Windows; U; Windows NT 6.1; en-US; rv:1.9.2.28) Gecko/20120306 Firefox/3.6.28 (.NET CLR 3.5.30729)" 505 9247
127.0.0.1 - - [26/Jul/2015:23:03:12 -0400] "GET /opensso/namingservice HTTP/1.1" 200 7 "-" "Java/1.5.0_21" 220 183
127.0.0.1 - - [26/Jul/2015:23:03:13 -0400] "GET /opensso/namingservice HTTP/1.1" 200 7 "-" "Java/1.5.0_21" 220 183
66.249.64.178 - - [26/Jul/2015:23:03:40 -0400] "GET /redmine/projects/lmmpwiki/activity?from=1885-01-22 HTTP/1.1" 200 4829 "-" "Mozilla/5.0 (compatible; Googlebot/2.1; +http://www.google.com/bot.html)" 341 5391
127.0.0.1 - - [26/Jul/2015:23:03:42 -0400] "GET /opensso/namingservice HTTP/1.1" 200 7 "-" "Java/1.5.0_21" 220 183
127.0.0.1 - - [26/Jul/2015:23:03:43 -0400] "GET /opensso/namingservice HTTP/1.1" 200 7 "-" "Java/1.5.0_21" 220 183
127.0.0.1 - - [26/Jul/2015:23:04:12 -0400] "GET /opensso/namingservice HTTP/1.1" 200 7 "-" "Java/1.5.0_21" 220 183
127.0.0.1 - - [26/Jul/2015:23:04:13 -0400] "GET /opensso/namingservice HTTP/1.1" 200 7 "-" "Java/1.5.0_21" 220 183
67.171.93.196 - - [26/Jul/2015:23:04:23 -0400] "GET /LMMPUI/LMMP_CLIENT/LMMP.html?x=3.4384295&y=26.109334500000003&level=8&projection=equirectangular&basemap=LRO_WAC_Mosaic_Global_303ppd&layers=LRO_NAC_Mosaic_26N004E_50cmp,LRO_NAC_ClrShade_26N004E_150cmp,Graticule,Nomenclature&visibility=true,true,false,true&transparency=1,0.3,1,1&size=fullscreen HTTP/1.1" 200 8973 "-" "Mozilla/5.0 (Windows NT 6.1; WOW64; Trident/7.0; rv:11.0) like Gecko" 936 13247
67.171.93.196 - - [26/Jul/2015:23:04:23 -0400] "GET /LMMPUI/LMMP_CLIENT/history/history.css HTTP/1.1" 200 365 "https://pub.lmmp.nasa.gov/LMMPUI/LMMP_CLIENT/LMMP.html?x=3.4384295&y=26.109334500000003&level=8&projection=equirectangular&basemap=LRO_WAC_Mosaic_Global_303ppd&layers=LRO_NAC_Mosaic_26N004E_50cmp,LRO_NAC_ClrShade_26N004E_150cmp,Graticule,Nomenclature&visibility=true,true,false,true&transparency=1,0.3,1,1&size=fullscreen" "Mozilla/5.0 (Windows NT 6.1; WOW64; Trident/7.0; rv:11.0) like Gecko" 682 762
67.171.93.196 - - [26/Jul/2015:23:04:23 -0400] "GET /LMMPUI/LMMP_CLIENT/history/history.js HTTP/1.1" 200 24650 "https://pub.lmmp.nasa.gov/LMMPUI/LMMP_CLIENT/LMMP.html?x=3.4384295&y=26.109334500000003&level=8&projection=equirectangular&basemap=LRO_WAC_Mosaic_Global_303ppd&layers=LRO_NAC_Mosaic_26N004E_50cmp,LRO_NAC_ClrShade_26N004E_150cmp,Graticule,Nomenclature&visibility=true,true,false,true&transparency=1,0.3,1,1&size=fullscreen" "Mozilla/5.0 (Windows NT 6.1; WOW64; Trident/7.0; rv:11.0) like Gecko" 1016 29001
67.171.93.196 - - [26/Jul/2015:23:04:23 -0400] "GET /LMMPUI/LMMP_CLIENT/swfobject.js HTTP/1.1" 200 25574 "https://pub.lmmp.nasa.gov/LMMPUI/LMMP_CLIENT/LMMP.html?x=3.4384295&y=26.109334500000003&level=8&projection=equirectangular&basemap=LRO_WAC_Mosaic_Global_303ppd&layers=LRO_NAC_Mosaic_26N004E_50cmp,LRO_NAC_ClrShade_26N004E_150cmp,Graticule,Nomenclature&visibility=true,true,false,true&transparency=1,0.3,1,1&size=fullscreen" "Mozilla/5.0 (Windows NT 6.1; WOW64; Trident/7.0; rv:11.0) like Gecko" 682 26073
67.171.93.196 - - [26/Jul/2015:23:04:24 -0400] "GET /LMMPUI/LMMP_CLIENT/LMMP_WB.swf HTTP/1.1" 200 972505 "https://pub.lmmp.nasa.gov/LMMPUI/LMMP_CLIENT/LMMP.html?x=3.4384295&y=26.109334500000003&level=8&projection=equirectangular&basemap=LRO_WAC_Mosaic_Global_303ppd&layers=LRO_NAC_Mosaic_26N004E_50cmp,LRO_NAC_ClrShade_26N004E_150cmp,Graticule,Nomenclature&visibility=true,true,false,true&transparency=1,0.3,1,1&size=fullscreen" "Mozilla/5.0 (Windows NT 6.1; WOW64; Trident/7.0; rv:11.0) like Gecko" 650 976344
67.171.93.196 - - [26/Jul/2015:23:04:25 -0400] "GET /favicon.ico HTTP/1.1" 404 209 "-" "Mozilla/5.0 (Windows NT 6.1; Win64; x64; Trident/7.0; rv:11.0) like Gecko" 616 4378
67.171.93.196 - - [26/Jul/2015:23:04:27 -0400] "GET /LMMPUI/LMMP_CLIENT/assets/image/background.jpg HTTP/1.1" 200 69719 "https://pub.lmmp.nasa.gov/LMMPUI/LMMP_CLIENT/LMMP_WB.swf/[[DYNAMIC]]/2" "Mozilla/5.0 (Windows NT 6.1; WOW64; Trident/7.0; rv:11.0) like Gecko" 458 70354
67.171.93.196 - - [26/Jul/2015:23:04:28 -0400] "GET /LMMPUI/LMMP_CLIENT/assets/image/space.jpg HTTP/1.1" 200 25415 "https://pub.lmmp.nasa.gov/LMMPUI/LMMP_CLIENT/LMMP_WB.swf/[[DYNAMIC]]/2" "Mozilla/5.0 (Windows NT 6.1; WOW64; Trident/7.0; rv:11.0) like Gecko" 442 25913
67.171.93.196 - - [26/Jul/2015:23:04:28 -0400] "GET /LMMPUI/LMMP_CLIENT/config/config.xml?1437966274442 HTTP/1.1" 200 12261 "https://pub.lmmp.nasa.gov/LMMPUI/LMMP_CLIENT/LMMP_WB.swf/[[DYNAMIC]]/14" "Mozilla/5.0 (Windows NT 6.1; WOW64; Trident/7.0; rv:11.0) like Gecko" 458 12703
67.171.93.196 - - [26/Jul/2015:23:04:28 -0400] "GET /LMMPUI/LMMP_CLIENT/config/ldap.xml HTTP/1.1" 200 492 "https://pub.lmmp.nasa.gov/LMMPUI/LMMP_CLIENT/LMMP_WB.swf/[[DYNAMIC]]/14" "Mozilla/5.0 (Windows NT 6.1; WOW64; Trident/7.0; rv:11.0) like Gecko" 717 1051
67.171.93.196 - - [26/Jul/2015:23:04:28 -0400] "GET /LMMPUI/LMMP_CLIENT/config/helpLinks.xml HTTP/1.1" 200 927 "https://pub.lmmp.nasa.gov/LMMPUI/LMMP_CLIENT/LMMP_WB.swf/[[DYNAMIC]]/14" "Mozilla/5.0 (Windows NT 6.1; WOW64; Trident/7.0; rv:11.0) like Gecko" 442 1338
67.171.93.196 - - [26/Jul/2015:23:04:28 -0400] "GET /LMMPUI/LMMP_CLIENT/assets/image/NASA_logo.png HTTP/1.1" 200 14512 "https://pub.lmmp.nasa.gov/LMMPUI/LMMP_CLIENT/LMMP_WB.swf/[[DYNAMIC]]/2" "Mozilla/5.0 (Windows NT 6.1; WOW64; Trident/7.0; rv:11.0) like Gecko" 458 14927
67.171.93.196 - - [26/Jul/2015:23:04:28 -0400] "GET /LMMPUI/LMMP_CLIENT/homepage/features.xml?v=1437966274687 HTTP/1.1" 200 1611 "https://pub.lmmp.nasa.gov/LMMPUI/LMMP_CLIENT/LMMP_WB.swf/[[DYNAMIC]]/14" "Mozilla/5.0 (Windows NT 6.1; WOW64; Trident/7.0; rv:11.0) like Gecko" 458 2010
127.0.0.1 - - [26/Jul/2015:23:04:28 -0400] "POST /opensso/sessionservice HTTP/1.1" 200 2018 "-" "Java/1.5.0_21" 714 2196
127.0.0.1 - - [26/Jul/2015:23:04:28 -0400] "GET /openssorest/token/localldap HTTP/1.1" 200 62 "-" "Java/1.5.0_21" 277 239
67.171.93.196 - - [26/Jul/2015:23:04:28 -0400] "GET /LMMPUI/rest/proxy/proxyService?cs=bG1tcGd1ZXN0fGd1ZXN0bG1tcHxodHRwOi8vcHViLmxtbXAubmFzYS5nb3Yvb3BlbnNzb3Jlc3QvdG9rZW4vbG9jYWxsZGFw HTTP/1.1" 200 63 "-" "Mozilla/5.0 (Windows NT 6.1; WOW64; Trident/7.0; rv:11.0) like Gecko" 385 239
67.171.93.196 - - [26/Jul/2015:23:04:29 -0400] "POST /openssorest/token/localldap HTTP/1.1" 200 62 "-" "Mozilla/5.0 (Windows NT 6.1; WOW64; Trident/7.0; rv:11.0) like Gecko" 439 238
