70.34.4.238 - - [26/Oct/2015:21:22:39 -0400] "GET /arcgis/rest/services/CombinedNomenclature/MapServer/export?f=image&bbox=24.18372764005941%2C-12.816148808105392%2C25.567665292320513%2C-10.601848564487625&bboxSR=104903&size=720%2C1152&format=png&transparent=true&dpi=175&imageSR=104903&layers=hide%3A-1 HTTP/1.1" 200 4110 "-" "ArcGIS.Android-10.2.3/4.4.2/HEWLETT-PACKARD-HP-7-G2" 407 4399
127.0.0.1 - - [26/Oct/2015:21:22:42 -0400] "GET /opensso/namingservice HTTP/1.1" 200 7 "-" "Java/1.5.0_21" 220 183
70.34.4.238 - - [26/Oct/2015:21:22:40 -0400] "GET /arcgis/rest/services/CombinedNomenclature/MapServer/export?f=image&bbox=23.930357632031185%2C-12.773894790601705%2C25.31429528429229%2C-10.559594546983938&bboxSR=104903&size=720%2C1152&format=png&transparent=true&dpi=175&imageSR=104903&layers=hide%3A-1 HTTP/1.1" 200 4104 "-" "ArcGIS.Android-10.2.3/4.4.2/HEWLETT-PACKARD-HP-7-G2" 407 4391
127.0.0.1 - - [26/Oct/2015:21:22:43 -0400] "GET /opensso/namingservice HTTP/1.1" 200 7 "-" "Java/1.5.0_21" 220 183
70.34.4.238 - - [26/Oct/2015:21:22:42 -0400] "GET /arcgis/rest/services/CombinedNomenclature/MapServer/export?f=image&bbox=23.669309757414567%2C-12.631767736803901%2C25.05324740967567%2C-10.417467493186134&bboxSR=104903&size=720%2C1152&format=png&transparent=true&dpi=175&imageSR=104903&layers=hide%3A-1 HTTP/1.1" 200 531 "-" "ArcGIS.Android-10.2.3/4.4.2/HEWLETT-PACKARD-HP-7-G2" 407 819
70.34.4.238 - - [26/Oct/2015:21:22:43 -0400] "GET /arcgis/rest/services/CombinedNomenclature/MapServer/export?f=image&bbox=23.394825645597788%2C-12.611185845434637%2C24.77876329785889%2C-10.39688560181687&bboxSR=104903&size=720%2C1152&format=png&transparent=true&dpi=175&imageSR=104903&layers=hide%3A-1 HTTP/1.1" 200 531 "-" "ArcGIS.Android-10.2.3/4.4.2/HEWLETT-PACKARD-HP-7-G2" 406 818
70.34.4.238 - - [26/Oct/2015:21:22:44 -0400] "GET /arcgis/rest/services/CombinedNomenclature/MapServer/export?f=image&bbox=23.440892962445794%2C-12.18864602235129%2C24.824830614706897%2C-9.974345778733522&bboxSR=104903&size=720%2C1152&format=png&transparent=true&dpi=175&imageSR=104903&layers=hide%3A-1 HTTP/1.1" 200 531 "-" "ArcGIS.Android-10.2.3/4.4.2/HEWLETT-PACKARD-HP-7-G2" 406 819
70.34.4.238 - - [26/Oct/2015:21:22:45 -0400] "GET /arcgis/rest/services/CombinedNomenclature/MapServer/export?f=image&bbox=23.49847702051741%2C-11.731534858384396%2C24.882414672778513%2C-9.517234614766629&bboxSR=104903&size=720%2C1152&format=png&transparent=true&dpi=175&imageSR=104903&layers=hide%3A-1 HTTP/1.1" 200 531 "-" "ArcGIS.Android-10.2.3/4.4.2/HEWLETT-PACKARD-HP-7-G2" 406 817
100.43.91.4 - - [26/Oct/2015:21:22:47 -0400] "GET /redmine/activity?from=2014-04-10 HTTP/1.1" 200 5588 "-" "Mozilla/5.0 (compatible; YandexBot/3.0; +http://yandex.com/bots)" 314 6150
70.34.4.238 - - [26/Oct/2015:21:22:46 -0400] "GET /arcgis/rest/services/CombinedNomenclature/MapServer/export?f=image&bbox=23.926210507354416%2C-11.438348700315727%2C24.795273010307007%2C-10.049777267026702&bboxSR=104903&size=721%2C1152&format=png&transparent=true&dpi=175&imageSR=104903&layers=hide%3A-1 HTTP/1.1" 200 533 "-" "ArcGIS.Android-10.2.3/4.4.2/HEWLETT-PACKARD-HP-7-G2" 408 819
70.34.4.238 - - [26/Oct/2015:21:22:48 -0400] "GET /arcgis/rest/services/CombinedNomenclature/MapServer/export?f=image&bbox=23.303227945931337%2C-11.815940180486512%2C24.955645043993016%2C-9.172072823587824&bboxSR=104903&size=720%2C1152&format=png&transparent=true&dpi=175&imageSR=104903&layers=hide%3A-1 HTTP/1.1" 200 531 "-" "ArcGIS.Android-10.2.3/4.4.2/HEWLETT-PACKARD-HP-7-G2" 407 819
70.34.4.238 - - [26/Oct/2015:21:22:49 -0400] "GET /arcgis/rest/services/CombinedNomenclature/MapServer/export?f=image&bbox=23.31468709587469%2C-11.304774068541555%2C24.96710419393637%2C-8.663201735390174&bboxSR=104903&size=720%2C1151&format=png&transparent=true&dpi=175&imageSR=104903&layers=hide%3A-1 HTTP/1.1" 200 531 "-" "ArcGIS.Android-10.2.3/4.4.2/HEWLETT-PACKARD-HP-7-G2" 405 819
70.34.4.238 - - [26/Oct/2015:21:22:50 -0400] "GET /arcgis/rest/services/CombinedNomenclature/MapServer/export?f=image&bbox=23.34218927986219%2C-10.651202881708635%2C24.99460637792387%2C-8.009630548557254&bboxSR=104903&size=720%2C1151&format=png&transparent=true&dpi=175&imageSR=104903&layers=hide%3A-1 HTTP/1.1" 200 531 "-" "ArcGIS.Android-10.2.3/4.4.2/HEWLETT-PACKARD-HP-7-G2" 405 818
70.34.4.238 - - [26/Oct/2015:21:22:51 -0400] "GET /arcgis/rest/services/CombinedNomenclature/MapServer/export?f=image&bbox=23.33760553583855%2C-10.325563889664457%2C24.990022633900228%2C-7.683991556513075&bboxSR=104903&size=720%2C1151&format=png&transparent=true&dpi=175&imageSR=104903&layers=hide%3A-1 HTTP/1.1" 200 531 "-" "ArcGIS.Android-10.2.3/4.4.2/HEWLETT-PACKARD-HP-7-G2" 406 818
70.34.4.238 - - [26/Oct/2015:21:22:52 -0400] "GET /arcgis/rest/services/CombinedNomenclature/MapServer/export?f=image&bbox=23.634697643767627%2C-10.137557540651754%2C24.908151253128505%2C-8.102857737622998&bboxSR=104903&size=721%2C1152&format=png&transparent=true&dpi=175&imageSR=104903&layers=hide%3A-1 HTTP/1.1" 200 533 "-" "ArcGIS.Android-10.2.3/4.4.2/HEWLETT-PACKARD-HP-7-G2" 407 821
70.34.4.238 - - [26/Oct/2015:21:22:54 -0400] "GET /arcgis/rest/services/CombinedNomenclature/MapServer/export?f=image&bbox=23.61705979020494%2C-9.822869010052166%2C24.89051339956582%2C-7.78816920702341&bboxSR=104903&size=721%2C1152&format=png&transparent=true&dpi=175&imageSR=104903&layers=hide%3A-1 HTTP/1.1" 200 533 "-" "ArcGIS.Android-10.2.3/4.4.2/HEWLETT-PACKARD-HP-7-G2" 403 821
70.34.4.238 - - [26/Oct/2015:21:22:56 -0400] "GET /arcgis/rest/services/CombinedNomenclature/MapServer/export?f=image&bbox=23.622351157053995%2C-9.456044819978297%2C24.895804766414873%2C-7.421345016949541&bboxSR=104903&size=721%2C1152&format=png&transparent=true&dpi=175&imageSR=104903&layers=hide%3A-1 HTTP/1.1" 200 533 "-" "ArcGIS.Android-10.2.3/4.4.2/HEWLETT-PACKARD-HP-7-G2" 406 819
70.34.4.238 - - [26/Oct/2015:21:22:57 -0400] "GET /arcgis/rest/services/CombinedNomenclature/MapServer/export?f=image&bbox=23.622351157054005%2C-9.072189271938909%2C24.895804766414884%2C-7.037489468910152&bboxSR=104903&size=721%2C1152&format=png&transparent=true&dpi=175&imageSR=104903&layers=hide%3A-1 HTTP/1.1" 200 533 "-" "ArcGIS.Android-10.2.3/4.4.2/HEWLETT-PACKARD-HP-7-G2" 406 819
70.34.4.238 - - [26/Oct/2015:21:22:58 -0400] "GET /arcgis/rest/services/CombinedNomenclature/MapServer/export?f=image&bbox=23.647044130481376%2C-8.627446136757573%2C24.920497739842254%2C-6.592746333728817&bboxSR=104903&size=721%2C1152&format=png&transparent=true&dpi=175&imageSR=104903&layers=hide%3A-1 HTTP/1.1" 200 4029 "-" "ArcGIS.Android-10.2.3/4.4.2/HEWLETT-PACKARD-HP-7-G2" 406 4317
70.34.4.238 - - [26/Oct/2015:21:23:00 -0400] "GET /arcgis/rest/services/CombinedNomenclature/MapServer/export?f=image&bbox=23.64748062002607%2C-7.615921976730705%2C24.920934229386948%2C-5.581222173701949&bboxSR=104903&size=721%2C1152&format=png&transparent=true&dpi=175&imageSR=104903&layers=hide%3A-1 HTTP/1.1" 200 4028 "-" "ArcGIS.Android-10.2.3/4.4.2/HEWLETT-PACKARD-HP-7-G2" 405 4316
70.34.4.238 - - [26/Oct/2015:21:23:01 -0400] "GET /arcgis/rest/services/CombinedNomenclature/MapServer/export?f=image&bbox=24.15845283557875%2C-7.3298767798491316%2C25.431906444939628%2C-5.295176976820375&bboxSR=104903&size=721%2C1152&format=png&transparent=true&dpi=175&imageSR=104903&layers=hide%3A-1 HTTP/1.1" 200 533 "-" "ArcGIS.Android-10.2.3/4.4.2/HEWLETT-PACKARD-HP-7-G2" 406 821
70.34.4.238 - - [26/Oct/2015:21:23:02 -0400] "GET /arcgis/rest/services/CombinedNomenclature/MapServer/export?f=image&bbox=24.552658264403075%2C-7.373998094818919%2C25.826111873763953%2C-5.339298291790163&bboxSR=104903&size=721%2C1152&format=png&transparent=true&dpi=175&imageSR=104903&layers=hide%3A-1 HTTP/1.1" 200 4103 "-" "ArcGIS.Android-10.2.3/4.4.2/HEWLETT-PACKARD-HP-7-G2" 406 4390
70.34.4.238 - - [26/Oct/2015:21:23:04 -0400] "GET /arcgis/rest/services/CombinedNomenclature/MapServer/export?f=image&bbox=24.50883194545732%2C-7.487392570127032%2C26.054913327487803%2C-5.019237687024278&bboxSR=104903&size=721%2C1151&format=png&transparent=true&dpi=175&imageSR=104903&layers=hide%3A-1 HTTP/1.1" 200 4103 "-" "ArcGIS.Android-10.2.3/4.4.2/HEWLETT-PACKARD-HP-7-G2" 405 4390
70.34.4.238 - - [26/Oct/2015:21:23:07 -0400] "GET /arcgis/rest/services/CombinedNomenclature/MapServer/export?f=image&bbox=23.826872991583365%2C-7.61568577622816%2C26.268700752742753%2C-3.712152785819194&bboxSR=104903&size=720%2C1151&format=png&transparent=true&dpi=175&imageSR=104903&layers=hide%3A-1 HTTP/1.1" 200 6209 "-" "ArcGIS.Android-10.2.3/4.4.2/HEWLETT-PACKARD-HP-7-G2" 405 6496
70.34.4.238 - - [26/Oct/2015:21:23:09 -0400] "GET /arcgis/rest/services/CombinedNomenclature/MapServer/export?f=image&bbox=24.158771900527537%2C-7.608908303239957%2C26.600599661686925%2C-3.705375312830991&bboxSR=104903&size=720%2C1151&format=png&transparent=true&dpi=175&imageSR=104903&layers=hide%3A-1 HTTP/1.1" 200 4811 "-" "ArcGIS.Android-10.2.3/4.4.2/HEWLETT-PACKARD-HP-7-G2" 406 5099
127.0.0.1 - - [26/Oct/2015:21:23:12 -0400] "GET /opensso/namingservice HTTP/1.1" 200 7 "-" "Java/1.5.0_21" 220 183
70.34.4.238 - - [26/Oct/2015:21:23:11 -0400] "GET /arcgis/rest/services/CombinedNomenclature/MapServer/export?f=image&bbox=24.828897530620818%2C-7.524049799708681%2C27.270725291780206%2C-3.620516809299715&bboxSR=104903&size=720%2C1151&format=png&transparent=true&dpi=175&imageSR=104903&layers=hide%3A-1 HTTP/1.1" 200 5352 "-" "ArcGIS.Android-10.2.3/4.4.2/HEWLETT-PACKARD-HP-7-G2" 406 5641
127.0.0.1 - - [26/Oct/2015:21:23:13 -0400] "GET /opensso/namingservice HTTP/1.1" 200 7 "-" "Java/1.5.0_21" 220 183
70.34.4.238 - - [26/Oct/2015:21:23:13 -0400] "GET /arcgis/rest/services/CombinedNomenclature/MapServer/export?f=image&bbox=26.74922801476382%2C-6.8036302446808286%2C29.191055775923207%2C-2.9000972542718624&bboxSR=104903&size=720%2C1151&format=png&transparent=true&dpi=175&imageSR=104903&layers=hide%3A-1 HTTP/1.1" 200 6921 "-" "ArcGIS.Android-10.2.3/4.4.2/HEWLETT-PACKARD-HP-7-G2" 407 7209
70.34.4.238 - - [26/Oct/2015:21:23:15 -0400] "GET /arcgis/rest/services/CombinedNomenclature/MapServer/export?f=image&bbox=27.488802503225713%2C-6.350773347042731%2C29.04964927207418%2C-3.8590470905315155&bboxSR=104903&size=721%2C1151&format=png&transparent=true&dpi=175&imageSR=104903&layers=hide%3A-1 HTTP/1.1" 200 4989 "-" "ArcGIS.Android-10.2.3/4.4.2/HEWLETT-PACKARD-HP-7-G2" 406 5277
70.34.4.238 - - [26/Oct/2015:21:23:17 -0400] "GET /arcgis/rest/services/CombinedNomenclature/MapServer/export?f=image&bbox=28.044336617042518%2C-6.004739490822398%2C28.936415115435505%2C-4.580630820017506&bboxSR=104903&size=721%2C1151&format=png&transparent=true&dpi=175&imageSR=104903&layers=hide%3A-1 HTTP/1.1" 200 4402 "-" "ArcGIS.Android-10.2.3/4.4.2/HEWLETT-PACKARD-HP-7-G2" 406 4691
70.34.4.238 - - [26/Oct/2015:21:23:19 -0400] "GET /arcgis/rest/services/CombinedNomenclature/MapServer/export?f=image&bbox=28.015918684892295%2C-5.725332651663438%2C28.907997183285282%2C-4.2999867013878195&bboxSR=104903&size=721%2C1152&format=png&transparent=true&dpi=175&imageSR=104903&layers=hide%3A-1 HTTP/1.1" 200 4421 "-" "ArcGIS.Android-10.2.3/4.4.2/HEWLETT-PACKARD-HP-7-G2" 407 4708
70.34.4.238 - - [26/Oct/2015:21:23:20 -0400] "GET /arcgis/rest/services/CombinedNomenclature/MapServer/export?f=image&bbox=27.91583803780662%2C-5.60170129153201%2C28.807916536199606%2C-4.177592620727118&bboxSR=104903&size=721%2C1151&format=png&transparent=true&dpi=175&imageSR=104903&layers=hide%3A-1 HTTP/1.1" 200 4412 "-" "ArcGIS.Android-10.2.3/4.4.2/HEWLETT-PACKARD-HP-7-G2" 404 4701
70.34.4.238 - - [26/Oct/2015:21:23:21 -0400] "GET /arcgis/rest/services/CombinedNomenclature/MapServer/export?f=image&bbox=27.932183506750675%2C-5.591232164377396%2C28.801246009703267%2C-4.202660731088372&bboxSR=104903&size=721%2C1152&format=png&transparent=true&dpi=175&imageSR=104903&layers=hide%3A-1 HTTP/1.1" 200 4414 "-" "ArcGIS.Android-10.2.3/4.4.2/HEWLETT-PACKARD-HP-7-G2" 406 4703
70.214.18.6 - - [26/Oct/2015:21:23:26 -0400] "GET /lmmpmobile/config-1.0.json HTTP/1.1" 200 1338 "-" "Moon%20Tours/1.0.0 CFNetwork/758.0.2 Darwin/15.0.0" 217 1666
70.214.18.6 - - [26/Oct/2015:21:23:26 -0400] "GET /opensso/identity/isTokenValid HTTP/1.1" 200 14 "-" "Moon%20Tours/1.0.0 CFNetwork/758.0.2 Darwin/15.0.0" 229 172
70.214.18.6 - - [26/Oct/2015:21:23:26 -0400] "GET /opensso/UI/Login?module=Anonymous&org=appspub&goto=http%3A%2F%2Fpub.lmmp.nasa.gov%2Flmmpmobile%2Frefresh HTTP/1.1" 302 - "-" "Moon%20Tours/1.0.0 CFNetwork/758.0.2 Darwin/15.0.0" 304 930
70.214.18.6 - - [26/Oct/2015:21:23:27 -0400] "GET /lmmpmobile/refresh?iPlanetDirectoryPro=AQIC5wM2LY4SfczYhge21oVXA42conPvx5VYAtyX09t5DKQ%3D%40AAJTSQACMDE%3D%23 HTTP/1.1" 200 - "-" "Moon%20Tours/1.0.0 CFNetwork/758.0.2 Darwin/15.0.0" 418 316
70.214.18.6 - - [26/Oct/2015:21:23:27 -0400] "GET /arcgis/rest/services/CombinedNomenclature/MapServer?f=json HTTP/1.1" 200 810 "arcgisios" "ArcGISiOS-2.3.2/9.0.2/iPhone6,1" 396 1106
70.214.18.6 - - [26/Oct/2015:21:23:27 -0400] "GET /arcgis/rest/services/ERGraticule/MapServer?f=json HTTP/1.1" 200 701 "arcgisios" "ArcGISiOS-2.3.2/9.0.2/iPhone6,1" 387 996
70.34.4.238 - - [26/Oct/2015:21:23:27 -0400] "GET /arcgis/rest/services/CombinedNomenclature/MapServer/export?f=image&bbox=27.68663129949304%2C-5.749257338313104%2C28.852036441748435%2C-3.88881168125907&bboxSR=104903&size=721%2C1151&format=png&transparent=true&dpi=175&imageSR=104903&layers=hide%3A-1 HTTP/1.1" 200 4434 "-" "ArcGIS.Android-10.2.3/4.4.2/HEWLETT-PACKARD-HP-7-G2" 404 4722
70.34.4.238 - - [26/Oct/2015:21:23:29 -0400] "GET /arcgis/rest/services/CombinedNomenclature/MapServer/export?f=image&bbox=28.175713113324065%2C-5.548983518100428%2C29.34111825557946%2C-3.6885378610463944&bboxSR=104903&size=721%2C1151&format=png&transparent=true&dpi=175&imageSR=104903&layers=hide%3A-1 HTTP/1.1" 200 3757 "-" "ArcGIS.Android-10.2.3/4.4.2/HEWLETT-PACKARD-HP-7-G2" 406 4046
70.34.4.238 - - [26/Oct/2015:21:23:30 -0400] "GET /arcgis/rest/services/CombinedNomenclature/MapServer/export?f=image&bbox=27.562129293899833%2C-5.925605754611972%2C29.476383476883118%2C-2.8654577482039696&bboxSR=104903&size=720%2C1151&format=png&transparent=true&dpi=175&imageSR=104903&layers=hide%3A-1 HTTP/1.1" 200 5010 "-" "ArcGIS.Android-10.2.3/4.4.2/HEWLETT-PACKARD-HP-7-G2" 407 5298
70.34.4.238 - - [26/Oct/2015:21:23:34 -0400] "GET /arcgis/rest/services/CombinedNomenclature/MapServer/export?f=image&bbox=26.79475701489786%2C-6.379282576823135%2C29.65038210992323%2C-1.8142485707478588&bboxSR=104903&size=720%2C1151&format=png&transparent=true&dpi=175&imageSR=104903&layers=hide%3A-1 HTTP/1.1" 200 7742 "-" "ArcGIS.Android-10.2.3/4.4.2/HEWLETT-PACKARD-HP-7-G2" 405 8029
70.34.4.238 - - [26/Oct/2015:21:23:39 -0400] "GET /arcgis/rest/services/CombinedNomenclature/MapServer/export?f=image&bbox=26.42087726775931%2C-6.5884057369737965%2C29.729620365293005%2C-1.2990122574442333&bboxSR=104903&size=720%2C1151&format=png&transparent=true&dpi=175&imageSR=104903&layers=hide%3A-1 HTTP/1.1" 200 8306 "-" "ArcGIS.Android-10.2.3/4.4.2/HEWLETT-PACKARD-HP-7-G2" 407 8593
70.34.4.238 - - [26/Oct/2015:21:23:40 -0400] "GET /arcgis/rest/services/CombinedNomenclature/MapServer/export?f=image&bbox=26.866020300297993%2C-5.55523075663106%2C30.17476339783169%2C-0.26583727710149674&bboxSR=104903&size=720%2C1151&format=png&transparent=true&dpi=175&imageSR=104903&layers=hide%3A-1 HTTP/1.1" 200 8993 "-" "ArcGIS.Android-10.2.3/4.4.2/HEWLETT-PACKARD-HP-7-G2" 406 9281
127.0.0.1 - - [26/Oct/2015:21:23:42 -0400] "GET /opensso/namingservice HTTP/1.1" 200 7 "-" "Java/1.5.0_21" 220 183
70.34.4.238 - - [26/Oct/2015:21:23:41 -0400] "GET /arcgis/rest/services/CombinedNomenclature/MapServer/export?f=image&bbox=28.169644490353452%2C-4.7639909212508735%2C29.852352635080912%2C-2.077725907961958&bboxSR=104903&size=721%2C1151&format=png&transparent=true&dpi=175&imageSR=104903&layers=hide%3A-1 HTTP/1.1" 200 5348 "-" "ArcGIS.Android-10.2.3/4.4.2/HEWLETT-PACKARD-HP-7-G2" 407 5637
127.0.0.1 - - [26/Oct/2015:21:23:43 -0400] "GET /opensso/namingservice HTTP/1.1" 200 7 "-" "Java/1.5.0_21" 220 183
70.34.4.238 - - [26/Oct/2015:21:23:42 -0400] "GET /arcgis/rest/services/CombinedNomenclature/MapServer/export?f=image&bbox=27.93192172930464%2C-4.699860242550661%2C29.6122960208494%2C-2.013595229261745&bboxSR=104903&size=720%2C1151&format=png&transparent=true&dpi=175&imageSR=104903&layers=hide%3A-1 HTTP/1.1" 200 4440 "-" "ArcGIS.Android-10.2.3/4.4.2/HEWLETT-PACKARD-HP-7-G2" 403 4728
70.34.4.238 - - [26/Oct/2015:21:23:44 -0400] "GET /arcgis/rest/services/CombinedNomenclature/MapServer/export?f=image&bbox=28.223833668635812%2C-4.110500100594761%2C29.15442689818991%2C-2.6228434239048064&bboxSR=104903&size=720%2C1151&format=png&transparent=true&dpi=175&imageSR=104903&layers=hide%3A-1 HTTP/1.1" 200 3881 "-" "ArcGIS.Android-10.2.3/4.4.2/HEWLETT-PACKARD-HP-7-G2" 406 4169
70.34.4.238 - - [26/Oct/2015:21:23:47 -0400] "GET /arcgis/rest/services/CombinedNomenclature/MapServer/export?f=image&bbox=28.096054556700857%2C-3.8935312093139656%2C29.026647786254955%2C-2.405874532624011&bboxSR=104903&size=720%2C1151&format=png&transparent=true&dpi=175&imageSR=104903&layers=hide%3A-1 HTTP/1.1" 200 531 "-" "ArcGIS.Android-10.2.3/4.4.2/HEWLETT-PACKARD-HP-7-G2" 407 818
70.34.4.238 - - [26/Oct/2015:21:23:48 -0400] "GET /arcgis/rest/services/CombinedNomenclature/MapServer/export?f=image&bbox=27.871852877312783%2C-3.907737482758061%2C28.80244610686688%2C-2.4200808060681065&bboxSR=104903&size=720%2C1151&format=png&transparent=true&dpi=175&imageSR=104903&layers=hide%3A-1 HTTP/1.1" 200 531 "-" "ArcGIS.Android-10.2.3/4.4.2/HEWLETT-PACKARD-HP-7-G2" 406 820
70.34.4.238 - - [26/Oct/2015:21:23:51 -0400] "GET /arcgis/rest/services/CombinedNomenclature/MapServer/export?f=image&bbox=27.873143553499975%2C-3.560328963696616%2C28.803736783054074%2C-2.0726722870066614&bboxSR=104903&size=720%2C1151&format=png&transparent=true&dpi=175&imageSR=104903&layers=hide%3A-1 HTTP/1.1" 200 531 "-" "ArcGIS.Android-10.2.3/4.4.2/HEWLETT-PACKARD-HP-7-G2" 407 819
70.34.4.238 - - [26/Oct/2015:21:23:53 -0400] "GET /arcgis/rest/services/CombinedNomenclature/MapServer/export?f=image&bbox=27.886050552034032%2C-3.406642649271184%2C28.81664378158813%2C-1.9189859725812295&bboxSR=104903&size=720%2C1151&format=png&transparent=true&dpi=175&imageSR=104903&layers=hide%3A-1 HTTP/1.1" 200 531 "-" "ArcGIS.Android-10.2.3/4.4.2/HEWLETT-PACKARD-HP-7-G2" 406 818
70.34.4.238 - - [26/Oct/2015:21:23:54 -0400] "GET /arcgis/rest/services/CombinedNomenclature/MapServer/export?f=image&bbox=27.933986590614182%2C-3.379126230591775%2C28.803049093566774%2C-1.9917601544497028&bboxSR=104903&size=721%2C1151&format=png&transparent=true&dpi=175&imageSR=104903&layers=hide%3A-1 HTTP/1.1" 200 532 "-" "ArcGIS.Android-10.2.3/4.4.2/HEWLETT-PACKARD-HP-7-G2" 407 820
70.34.4.238 - - [26/Oct/2015:21:23:55 -0400] "GET /arcgis/rest/services/CombinedNomenclature/MapServer/export?f=image&bbox=27.777507521598963%2C-3.3502202447975953%2C28.646570024551554%2C-1.9628541686555232&bboxSR=104903&size=721%2C1151&format=png&transparent=true&dpi=175&imageSR=104903&layers=hide%3A-1 HTTP/1.1" 200 532 "-" "ArcGIS.Android-10.2.3/4.4.2/HEWLETT-PACKARD-HP-7-G2" 408 819
70.34.4.238 - - [26/Oct/2015:21:23:56 -0400] "GET /arcgis/rest/services/CombinedNomenclature/MapServer/export?f=image&bbox=27.544733987472654%2C-3.499261436953371%2C28.704301806671907%2C-1.6439529262345633&bboxSR=104903&size=720%2C1152&format=png&transparent=true&dpi=175&imageSR=104903&layers=hide%3A-1 HTTP/1.1" 200 531 "-" "ArcGIS.Android-10.2.3/4.4.2/HEWLETT-PACKARD-HP-7-G2" 407 818
70.34.4.238 - - [26/Oct/2015:21:23:57 -0400] "GET /arcgis/rest/services/CombinedNomenclature/MapServer/export?f=image&bbox=27.40572594141223%2C-3.597245923969693%2C28.740643628797947%2C-1.4661914743428395&bboxSR=104903&size=721%2C1151&format=png&transparent=true&dpi=175&imageSR=104903&layers=hide%3A-1 HTTP/1.1" 200 532 "-" "ArcGIS.Android-10.2.3/4.4.2/HEWLETT-PACKARD-HP-7-G2" 406 820
70.34.4.238 - - [26/Oct/2015:21:23:59 -0400] "GET /arcgis/rest/services/CombinedNomenclature/MapServer/export?f=image&bbox=27.757019400560623%2C-3.1088366008823085%2C29.09193708794634%2C-0.9777821512554552&bboxSR=104903&size=721%2C1151&format=png&transparent=true&dpi=175&imageSR=104903&layers=hide%3A-1 HTTP/1.1" 200 4173 "-" "ArcGIS.Android-10.2.3/4.4.2/HEWLETT-PACKARD-HP-7-G2" 407 4461
70.34.4.238 - - [26/Oct/2015:21:24:01 -0400] "GET /arcgis/rest/services/CombinedNomenclature/MapServer/export?f=image&bbox=28.266590472479557%2C-2.9316121747308457%2C29.601508159865276%2C-0.8005577251039924&bboxSR=104903&size=721%2C1151&format=png&transparent=true&dpi=175&imageSR=104903&layers=hide%3A-1 HTTP/1.1" 200 4865 "-" "ArcGIS.Android-10.2.3/4.4.2/HEWLETT-PACKARD-HP-7-G2" 408 5154
70.34.4.238 - - [26/Oct/2015:21:24:01 -0400] "GET /arcgis/rest/services/CombinedNomenclature/MapServer/export?f=image&bbox=28.534682728758074%2C-2.9010866979804684%2C29.869600416143793%2C-0.7700322483536151&bboxSR=104903&size=721%2C1151&format=png&transparent=true&dpi=175&imageSR=104903&layers=hide%3A-1 HTTP/1.1" 200 4829 "-" "ArcGIS.Android-10.2.3/4.4.2/HEWLETT-PACKARD-HP-7-G2" 408 5117
70.34.4.238 - - [26/Oct/2015:21:24:02 -0400] "GET /arcgis/rest/services/CombinedNomenclature/MapServer/export?f=image&bbox=28.821855159589617%2C-2.9214370534825282%2C30.156772846975336%2C-0.7903826038556749&bboxSR=104903&size=721%2C1151&format=png&transparent=true&dpi=175&imageSR=104903&layers=hide%3A-1 HTTP/1.1" 200 4765 "-" "ArcGIS.Android-10.2.3/4.4.2/HEWLETT-PACKARD-HP-7-G2" 408 5053
70.34.4.238 - - [26/Oct/2015:21:24:04 -0400] "GET /arcgis/rest/services/CombinedNomenclature/MapServer/export?f=image&bbox=29.17009491117201%2C-2.716447589269229%2C30.039157414124602%2C-1.329081513127157&bboxSR=104903&size=721%2C1151&format=png&transparent=true&dpi=175&imageSR=104903&layers=hide%3A-1 HTTP/1.1" 200 532 "-" "ArcGIS.Android-10.2.3/4.4.2/HEWLETT-PACKARD-HP-7-G2" 405 818
70.34.4.238 - - [26/Oct/2015:21:24:06 -0400] "GET /arcgis/rest/services/CombinedNomenclature/MapServer/export?f=image&bbox=28.390199615611685%2C-3.223593632401156%2C29.962371830706868%2C-0.7137875026167539&bboxSR=104903&size=721%2C1151&format=png&transparent=true&dpi=175&imageSR=104903&layers=hide%3A-1 HTTP/1.1" 200 4828 "-" "ArcGIS.Android-10.2.3/4.4.2/HEWLETT-PACKARD-HP-7-G2" 407 5116
66.249.64.31 - - [26/Oct/2015:21:24:09 -0400] "GET /redmine/issues/gantt?month=3&months=6&year=1561&zoom=4 HTTP/1.1" 200 51389 "-" "Mozilla/5.0 (compatible; Googlebot/2.1; +http://www.google.com/bot.html)" 659 56317
70.34.4.238 - - [26/Oct/2015:21:24:08 -0400] "GET /arcgis/rest/services/CombinedNomenclature/MapServer/export?f=image&bbox=28.851119221331604%2C-3.09534954380098%2C30.423291436426787%2C-0.5855434140165778&bboxSR=104903&size=721%2C1151&format=png&transparent=true&dpi=175&imageSR=104903&layers=hide%3A-1 HTTP/1.1" 200 3866 "-" "ArcGIS.Android-10.2.3/4.4.2/HEWLETT-PACKARD-HP-7-G2" 406 4155
70.34.4.238 - - [26/Oct/2015:21:24:09 -0400] "GET /arcgis/rest/services/CombinedNomenclature/MapServer/export?f=image&bbox=29.282583382989042%2C-3.011009197050776%2C30.854755598084225%2C-0.5012030672663741&bboxSR=104903&size=721%2C1151&format=png&transparent=true&dpi=175&imageSR=104903&layers=hide%3A-1 HTTP/1.1" 200 532 "-" "ArcGIS.Android-10.2.3/4.4.2/HEWLETT-PACKARD-HP-7-G2" 407 818
127.0.0.1 - - [26/Oct/2015:21:24:12 -0400] "GET /opensso/namingservice HTTP/1.1" 200 7 "-" "Java/1.5.0_21" 220 183
127.0.0.1 - - [26/Oct/2015:21:24:13 -0400] "GET /opensso/namingservice HTTP/1.1" 200 7 "-" "Java/1.5.0_21" 220 183
70.34.4.238 - - [26/Oct/2015:21:24:20 -0400] "GET /arcgis/rest/services/CombinedNomenclature/MapServer/export?f=image&bbox=29.63109730363811%2C-2.3414955513546327%2C31.203269518733293%2C0.16831057842976938&bboxSR=104903&size=721%2C1151&format=png&transparent=true&dpi=175&imageSR=104903&layers=hide%3A-1 HTTP/1.1" 200 532 "-" "ArcGIS.Android-10.2.3/4.4.2/HEWLETT-PACKARD-HP-7-G2" 407 820
70.34.4.238 - - [26/Oct/2015:21:24:22 -0400] "GET /arcgis/rest/services/CombinedNomenclature/MapServer/export?f=image&bbox=30.07531127260648%2C-1.9384098042080298%2C31.647483487701663%2C0.5713963255763723&bboxSR=104903&size=721%2C1151&format=png&transparent=true&dpi=175&imageSR=104903&layers=hide%3A-1 HTTP/1.1" 200 4070 "-" "ArcGIS.Android-10.2.3/4.4.2/HEWLETT-PACKARD-HP-7-G2" 406 4360
70.34.4.238 - - [26/Oct/2015:21:24:23 -0400] "GET /arcgis/rest/services/CombinedNomenclature/MapServer/export?f=image&bbox=29.622635756249586%2C-2.2570594593430773%2C31.727623706787327%2C1.1033304589217456&bboxSR=104903&size=721%2C1151&format=png&transparent=true&dpi=175&imageSR=104903&layers=hide%3A-1 HTTP/1.1" 200 4946 "-" "ArcGIS.Android-10.2.3/4.4.2/HEWLETT-PACKARD-HP-7-G2" 407 5233
70.34.4.238 - - [26/Oct/2015:21:24:26 -0400] "GET /arcgis/rest/services/CombinedNomenclature/MapServer/export?f=image&bbox=30.3923251845567%2C-1.4227230094849028%2C32.494393595634605%2C1.93766690877992&bboxSR=104903&size=720%2C1151&format=png&transparent=true&dpi=175&imageSR=104903&layers=hide%3A-1 HTTP/1.1" 200 4099 "-" "ArcGIS.Android-10.2.3/4.4.2/HEWLETT-PACKARD-HP-7-G2" 403 4388
70.34.4.238 - - [26/Oct/2015:21:24:27 -0400] "GET /arcgis/rest/services/CombinedNomenclature/MapServer/export?f=image&bbox=30.97833880148596%2C-1.1747558528720246%2C33.0833267520237%2C2.185634065392798&bboxSR=104903&size=721%2C1151&format=png&transparent=true&dpi=175&imageSR=104903&layers=hide%3A-1 HTTP/1.1" 200 6354 "-" "ArcGIS.Android-10.2.3/4.4.2/HEWLETT-PACKARD-HP-7-G2" 403 6641
70.34.4.238 - - [26/Oct/2015:21:24:28 -0400] "GET /arcgis/rest/services/CombinedNomenclature/MapServer/export?f=image&bbox=32.03532831143752%2C-0.5639203041115102%2C32.903185457243154%2C0.8234457720305619&bboxSR=104903&size=720%2C1151&format=png&transparent=true&dpi=175&imageSR=104903&layers=hide%3A-1 HTTP/1.1" 200 4033 "-" "ArcGIS.Android-10.2.3/4.4.2/HEWLETT-PACKARD-HP-7-G2" 406 4320
70.34.4.238 - - [26/Oct/2015:21:24:29 -0400] "GET /arcgis/rest/services/CombinedNomenclature/MapServer/export?f=image&bbox=32.14125260204569%2C-0.7301297408203458%2C33.009109747851326%2C0.6572363353217263&bboxSR=104903&size=720%2C1151&format=png&transparent=true&dpi=175&imageSR=104903&layers=hide%3A-1 HTTP/1.1" 200 4387 "-" "ArcGIS.Android-10.2.3/4.4.2/HEWLETT-PACKARD-HP-7-G2" 406 4676
70.34.4.238 - - [26/Oct/2015:21:24:30 -0400] "GET /arcgis/rest/services/CombinedNomenclature/MapServer/export?f=image&bbox=32.14125260204569%2C-0.7301297408203458%2C33.009109747851326%2C0.6572363353217263&bboxSR=104903&size=720%2C1151&format=png&transparent=true&dpi=175&imageSR=104903&layers=hide%3A-1 HTTP/1.1" 200 4387 "-" "ArcGIS.Android-10.2.3/4.4.2/HEWLETT-PACKARD-HP-7-G2" 406 4676
70.34.4.238 - - [26/Oct/2015:21:24:31 -0400] "GET /arcgis/rest/services/CombinedNomenclature/MapServer/export?f=image&bbox=32.14125260204569%2C-0.7301297408203458%2C33.009109747851326%2C0.6572363353217263&bboxSR=104903&size=720%2C1151&format=png&transparent=true&dpi=175&imageSR=104903&layers=hide%3A-1 HTTP/1.1" 200 4387 "-" "ArcGIS.Android-10.2.3/4.4.2/HEWLETT-PACKARD-HP-7-G2" 406 4676
70.34.4.238 - - [26/Oct/2015:21:24:33 -0400] "GET /arcgis/rest/services/CombinedNomenclature/MapServer/export?f=image&bbox=32.29171327221058%2C-0.9541511491175448%2C33.159570418016216%2C0.43321492702452724&bboxSR=104903&size=720%2C1151&format=png&transparent=true&dpi=175&imageSR=104903&layers=hide%3A-1 HTTP/1.1" 200 4252 "-" "ArcGIS.Android-10.2.3/4.4.2/HEWLETT-PACKARD-HP-7-G2" 407 4541
127.0.0.1 - - [26/Oct/2015:21:24:42 -0400] "POST /opensso/sessionservice HTTP/1.1" 200 2025 "-" "Java/1.5.0_21" 714 2203
127.0.0.1 - - [26/Oct/2015:21:24:42 -0400] "GET /opensso/identity//xml/read?name=TomcatApps1&attributes_names=realm&attributes_values_realm=%2Fappspub&attributes_names=objecttype&attributes_values_objecttype=Agent&admin=AQIC5wM2LY4SfcyRautyD4RKpwbzv6XrE24fIq8LDPQGnm0%3D%40AAJTSQACMDE%3D%23 HTTP/1.1" 200 13607 "-" "Java/1.5.0_21" 440 13791
127.0.0.1 - - [26/Oct/2015:21:24:42 -0400] "GET /opensso/namingservice HTTP/1.1" 200 7 "-" "Java/1.5.0_21" 220 182
127.0.0.1 - - [26/Oct/2015:21:24:43 -0400] "GET /opensso/namingservice HTTP/1.1" 200 7 "-" "Java/1.5.0_21" 220 183
70.34.4.238 - - [26/Oct/2015:21:24:43 -0400] "GET /arcgis/rest/services/CombinedNomenclature/MapServer/export?f=image&bbox=31.836684855195262%2C-1.3217438659328244%2C33.324746418530076%2C1.0570878832315833&bboxSR=104903&size=720%2C1151&format=png&transparent=true&dpi=175&imageSR=104903&layers=hide%3A-1 HTTP/1.1" 200 4255 "-" "ArcGIS.Android-10.2.3/4.4.2/HEWLETT-PACKARD-HP-7-G2" 407 4544
70.34.4.238 - - [26/Oct/2015:21:24:44 -0400] "GET /arcgis/rest/services/CombinedNomenclature/MapServer/export?f=image&bbox=31.382076598065318%2C-1.671678127804624%2C33.44212478330401%2C1.6169702233877998&bboxSR=104903&size=721%2C1151&format=png&transparent=true&dpi=175&imageSR=104903&layers=hide%3A-1 HTTP/1.1" 200 5530 "-" "ArcGIS.Android-10.2.3/4.4.2/HEWLETT-PACKARD-HP-7-G2" 405 5818
70.34.4.238 - - [26/Oct/2015:21:24:46 -0400] "GET /arcgis/rest/services/CombinedNomenclature/MapServer/export?f=image&bbox=28.357099282471648%2C-3.755436340321931%2C34.14033555587971%2C5.476886753565277&bboxSR=104903&size=721%2C1151&format=png&transparent=true&dpi=175&imageSR=104903&layers=hide%3A-1 HTTP/1.1" 200 5420 "-" "ArcGIS.Android-10.2.3/4.4.2/HEWLETT-PACKARD-HP-7-G2" 404 5707
70.34.4.238 - - [26/Oct/2015:21:24:49 -0400] "GET /arcgis/rest/services/CombinedNomenclature/MapServer/export?f=image&bbox=30.988524697607904%2C-1.890573621755508%2C33.59208664820057%2C2.2715094409280496&bboxSR=104903&size=720%2C1151&format=png&transparent=true&dpi=175&imageSR=104903&layers=hide%3A-1 HTTP/1.1" 200 6324 "-" "ArcGIS.Android-10.2.3/4.4.2/HEWLETT-PACKARD-HP-7-G2" 405 6610
70.34.4.238 - - [26/Oct/2015:21:24:50 -0400] "GET /arcgis/rest/services/CombinedNomenclature/MapServer/export?f=image&bbox=32.09868305340063%2C-1.1150366356850423%2C33.32500173603475%2C0.8453700361370116&bboxSR=104903&size=720%2C1151&format=png&transparent=true&dpi=175&imageSR=104903&layers=hide%3A-1 HTTP/1.1" 200 4269 "-" "ArcGIS.Android-10.2.3/4.4.2/HEWLETT-PACKARD-HP-7-G2" 405 4556
129.65.79.139 - - [26/Oct/2015:21:24:56 -0400] "GET /LMMPUI/LMMP_CLIENT/LMMP.html HTTP/1.1" 200 9400 "-" "Mozilla/5.0 (Windows NT 10.0; WOW64) AppleWebKit/537.36 (KHTML, like Gecko) Chrome/46.0.2490.71 Safari/537.36" 1221 9730
129.65.79.139 - - [26/Oct/2015:21:24:56 -0400] "GET /LMMPUI/LMMP_CLIENT/history/history.css HTTP/1.1" 200 365 "http://pub.lmmp.nasa.gov/LMMPUI/LMMP_CLIENT/LMMP.html" "Mozilla/5.0 (Windows NT 10.0; WOW64) AppleWebKit/537.36 (KHTML, like Gecko) Chrome/46.0.2490.71 Safari/537.36" 1209 691
129.65.79.139 - - [26/Oct/2015:21:24:56 -0400] "GET /LMMPUI/LMMP_CLIENT/history/history.js HTTP/1.1" 200 24650 "http://pub.lmmp.nasa.gov/LMMPUI/LMMP_CLIENT/LMMP.html" "Mozilla/5.0 (Windows NT 10.0; WOW64) AppleWebKit/537.36 (KHTML, like Gecko) Chrome/46.0.2490.71 Safari/537.36" 1193 24988
129.65.79.139 - - [26/Oct/2015:21:24:56 -0400] "GET /LMMPUI/LMMP_CLIENT/swfobject.js HTTP/1.1" 200 25574 "http://pub.lmmp.nasa.gov/LMMPUI/LMMP_CLIENT/LMMP.html" "Mozilla/5.0 (Windows NT 10.0; WOW64) AppleWebKit/537.36 (KHTML, like Gecko) Chrome/46.0.2490.71 Safari/537.36" 1187 25911
70.34.4.238 - - [26/Oct/2015:21:24:56 -0400] "GET /arcgis/rest/services/CombinedNomenclature/MapServer/export?f=image&bbox=32.39455616230397%2C-0.9321505281882472%2C33.26291795247099%2C0.4560222780370933&bboxSR=104903&size=720%2C1151&format=png&transparent=true&dpi=175&imageSR=104903&layers=hide%3A-1 HTTP/1.1" 200 4290 "-" "ArcGIS.Android-10.2.3/4.4.2/HEWLETT-PACKARD-HP-7-G2" 405 4578
129.65.79.139 - - [26/Oct/2015:21:24:58 -0400] "GET /favicon.ico HTTP/1.1" 404 209 "http://pub.lmmp.nasa.gov/LMMPUI/LMMP_CLIENT/LMMP.html" "Mozilla/5.0 (Windows NT 10.0; WOW64) AppleWebKit/537.36 (KHTML, like Gecko) Chrome/46.0.2490.71 Safari/537.36" 1175 453
70.34.4.238 - - [26/Oct/2015:21:24:58 -0400] "GET /arcgis/rest/services/CombinedNomenclature/MapServer/export?f=image&bbox=31.7963221762509%2C-1.3461199602992266%2C33.39713380395214%2C1.2094059529935905&bboxSR=104903&size=721%2C1151&format=png&transparent=true&dpi=175&imageSR=104903&layers=hide%3A-1 HTTP/1.1" 200 5395 "-" "ArcGIS.Android-10.2.3/4.4.2/HEWLETT-PACKARD-HP-7-G2" 404 5681
66.249.64.31 - - [26/Oct/2015:21:24:59 -0400] "GET /redmine/issues/gantt?month=2&months=6&year=2012&zoom=1 HTTP/1.1" 200 27564 "-" "Mozilla/5.0 (compatible; Googlebot/2.1; +http://www.google.com/bot.html)" 659 32417
129.65.79.139 - - [26/Oct/2015:21:24:57 -0400] "GET /LMMPUI/LMMP_CLIENT/LMMP_WB.swf HTTP/1.1" 200 972505 "http://pub.lmmp.nasa.gov/LMMPUI/LMMP_CLIENT/LMMP.html" "Mozilla/5.0 (Windows NT 10.0; WOW64) AppleWebKit/537.36 (KHTML, like Gecko) Chrome/46.0.2490.71 Safari/537.36" 1231 972858
70.34.4.238 - - [26/Oct/2015:21:24:59 -0400] "GET /arcgis/rest/services/CombinedNomenclature/MapServer/export?f=image&bbox=32.196142119852496%2C-1.0044659932202002%2C33.794733481773285%2C1.551059920072617&bboxSR=104903&size=720%2C1151&format=png&transparent=true&dpi=175&imageSR=104903&layers=hide%3A-1 HTTP/1.1" 200 5348 "-" "ArcGIS.Android-10.2.3/4.4.2/HEWLETT-PACKARD-HP-7-G2" 406 5637
70.34.4.238 - - [26/Oct/2015:21:25:01 -0400] "GET /arcgis/rest/services/CombinedNomenclature/MapServer/export?f=image&bbox=33.33304178892011%2C-1.0110259748148698%2C34.9316331508409%2C1.5444999384779474&bboxSR=104903&size=720%2C1151&format=png&transparent=true&dpi=175&imageSR=104903&layers=hide%3A-1 HTTP/1.1" 200 5463 "-" "ArcGIS.Android-10.2.3/4.4.2/HEWLETT-PACKARD-HP-7-G2" 404 5750
129.65.79.139 - - [26/Oct/2015:21:25:04 -0400] "GET /LMMPUI/LMMP_CLIENT/assets/image/background.jpg HTTP/1.1" 200 69719 "http://pub.lmmp.nasa.gov/LMMPUI/LMMP_CLIENT/LMMP.html" "Mozilla/5.0 (Windows NT 10.0; WOW64) AppleWebKit/537.36 (KHTML, like Gecko) Chrome/46.0.2490.71 Safari/537.36" 1269 70051
70.34.4.238 - - [26/Oct/2015:21:25:03 -0400] "GET /arcgis/rest/services/CombinedNomenclature/MapServer/export?f=image&bbox=33.851863384419914%2C-0.5406970085432032%2C35.450454746340704%2C2.014828904749614&bboxSR=104903&size=720%2C1151&format=png&transparent=true&dpi=175&imageSR=104903&layers=hide%3A-1 HTTP/1.1" 200 5355 "-" "ArcGIS.Android-10.2.3/4.4.2/HEWLETT-PACKARD-HP-7-G2" 406 5644
129.65.79.139 - - [26/Oct/2015:21:25:04 -0400] "GET /LMMPUI/LMMP_CLIENT/assets/image/space.jpg HTTP/1.1" 200 25415 "http://pub.lmmp.nasa.gov/LMMPUI/LMMP_CLIENT/LMMP.html" "Mozilla/5.0 (Windows NT 10.0; WOW64) AppleWebKit/537.36 (KHTML, like Gecko) Chrome/46.0.2490.71 Safari/537.36" 1264 25748
129.65.79.139 - - [26/Oct/2015:21:25:05 -0400] "GET /LMMPUI/LMMP_CLIENT/config/config.xml?1445909101189 HTTP/1.1" 200 12261 "http://pub.lmmp.nasa.gov/LMMPUI/LMMP_CLIENT/LMMP.html" "Mozilla/5.0 (Windows NT 10.0; WOW64) AppleWebKit/537.36 (KHTML, like Gecko) Chrome/46.0.2490.71 Safari/537.36" 1273 12598
129.65.79.139 - - [26/Oct/2015:21:25:05 -0400] "GET /LMMPUI/LMMP_CLIENT/config/ldap.xml HTTP/1.1" 200 492 "http://pub.lmmp.nasa.gov/LMMPUI/LMMP_CLIENT/LMMP.html" "Mozilla/5.0 (Windows NT 10.0; WOW64) AppleWebKit/537.36 (KHTML, like Gecko) Chrome/46.0.2490.71 Safari/537.36" 1257 825
70.34.4.238 - - [26/Oct/2015:21:25:04 -0400] "GET /arcgis/rest/services/CombinedNomenclature/MapServer/export?f=image&bbox=34.25690780962759%2C-0.15309719964725121%2C35.85549917154838%2C2.4046489794260113&bboxSR=104903&size=720%2C1152&format=png&transparent=true&dpi=175&imageSR=104903&layers=hide%3A-1 HTTP/1.1" 200 531 "-" "ArcGIS.Android-10.2.3/4.4.2/HEWLETT-PACKARD-HP-7-G2" 406 817
129.65.79.139 - - [26/Oct/2015:21:25:05 -0400] "GET /LMMPUI/LMMP_CLIENT/config/helpLinks.xml HTTP/1.1" 200 927 "http://pub.lmmp.nasa.gov/LMMPUI/LMMP_CLIENT/LMMP.html" "Mozilla/5.0 (Windows NT 10.0; WOW64) AppleWebKit/537.36 (KHTML, like Gecko) Chrome/46.0.2490.71 Safari/537.36" 1262 1260
129.65.79.139 - - [26/Oct/2015:21:25:05 -0400] "GET /LMMPUI/LMMP_CLIENT/assets/image/NASA_logo.png HTTP/1.1" 200 14512 "http://pub.lmmp.nasa.gov/LMMPUI/LMMP_CLIENT/LMMP.html" "Mozilla/5.0 (Windows NT 10.0; WOW64) AppleWebKit/537.36 (KHTML, like Gecko) Chrome/46.0.2490.71 Safari/537.36" 1268 14844
129.65.79.139 - - [26/Oct/2015:21:25:05 -0400] "GET /LMMPUI/LMMP_CLIENT/homepage/features.xml?v=1445909101499 HTTP/1.1" 200 1611 "http://pub.lmmp.nasa.gov/LMMPUI/LMMP_CLIENT/LMMP.html" "Mozilla/5.0 (Windows NT 10.0; WOW64) AppleWebKit/537.36 (KHTML, like Gecko) Chrome/46.0.2490.71 Safari/537.36" 1279 1947
127.0.0.1 - - [26/Oct/2015:21:25:06 -0400] "POST /opensso/sessionservice HTTP/1.1" 200 2018 "-" "Java/1.5.0_21" 714 2196
127.0.0.1 - - [26/Oct/2015:21:25:06 -0400] "GET /openssorest/token/localldap HTTP/1.1" 200 62 "-" "Java/1.5.0_21" 277 239
129.65.79.139 - - [26/Oct/2015:21:25:06 -0400] "GET /LMMPUI/rest/proxy/proxyService?cs=bG1tcGd1ZXN0fGd1ZXN0bG1tcHxodHRwOi8vcHViLmxtbXAubmFzYS5nb3Yvb3BlbnNzb3Jlc3QvdG9rZW4vbG9jYWxsZGFw HTTP/1.1" 200 63 "http://pub.lmmp.nasa.gov/LMMPUI/LMMP_CLIENT/LMMP.html" "Mozilla/5.0 (Windows NT 10.0; WOW64) AppleWebKit/537.36 (KHTML, like Gecko) Chrome/46.0.2490.71 Safari/537.36" 1339 238
129.65.79.139 - - [26/Oct/2015:21:25:06 -0400] "POST /openssorest/token/localldap HTTP/1.1" 200 62 "http://pub.lmmp.nasa.gov/LMMPUI/LMMP_CLIENT/LMMP_WB.swf/[[DYNAMIC]]/18" "Mozilla/5.0 (Windows NT 10.0; WOW64) AppleWebKit/537.36 (KHTML, like Gecko) Chrome/46.0.2490.71 Safari/537.36" 1413 238
129.65.79.139 - - [26/Oct/2015:21:25:06 -0400] "GET /opensso/identity/isTokenValid?iPlanetDirectoryPro=AQIC5wM2LY4SfcygCVScezVfzN%2F4f%2FTJA53rgVfnAEaPVVI%3D%40AAJTSQACMDE%3D%23 HTTP/1.1" 200 13 "http://pub.lmmp.nasa.gov/LMMPUI/LMMP_CLIENT/LMMP.html" "Mozilla/5.0 (Windows NT 10.0; WOW64) AppleWebKit/537.36 (KHTML, like Gecko) Chrome/46.0.2490.71 Safari/537.36" 1419 170
129.65.79.139 - - [26/Oct/2015:21:25:06 -0400] "GET /opensso/identity/isTokenValid?iPlanetDirectoryPro=AQIC5wM2LY4SfcygCVScezVfzN%2F4f%2FTJA53rgVfnAEaPVVI%3D%40AAJTSQACMDE%3D%23 HTTP/1.1" 200 13 "http://pub.lmmp.nasa.gov/LMMPUI/LMMP_CLIENT/LMMP.html" "Mozilla/5.0 (Windows NT 10.0; WOW64) AppleWebKit/537.36 (KHTML, like Gecko) Chrome/46.0.2490.71 Safari/537.36" 1419 170
129.65.79.139 - - [26/Oct/2015:21:25:06 -0400] "GET /opensso/identity/attributes?iPlanetDirectoryPro=AQIC5wM2LY4SfcygCVScezVfzN%2F4f%2FTJA53rgVfnAEaPVVI%3D%40AAJTSQACMDE%3D%23 HTTP/1.1" 200 981 "http://pub.lmmp.nasa.gov/LMMPUI/LMMP_CLIENT/LMMP.html" "Mozilla/5.0 (Windows NT 10.0; WOW64) AppleWebKit/537.36 (KHTML, like Gecko) Chrome/46.0.2490.71 Safari/537.36" 1417 1139
127.0.0.1 - - [26/Oct/2015:21:25:06 -0400] "POST /opensso/sessionservice HTTP/1.1" 200 2016 "-" "Java/1.5.0_21" 819 2194
127.0.0.1 - - [26/Oct/2015:21:25:06 -0400] "POST /opensso/policyservice HTTP/1.1" 200 9463 "-" "Java/1.5.0_21" 1119 9648
127.0.0.1 - - [26/Oct/2015:21:25:06 -0400] "POST /opensso/jaxrpc/SMSObjectIF HTTP/1.1" 200 505 "-" "Java/1.5.0_21" 847 766
127.0.0.1 - - [26/Oct/2015:21:25:06 -0400] "POST /opensso/jaxrpc/DirectoryManagerIF HTTP/1.1" 200 1290 "-" "Java/1.5.0_21" 1370 1551
129.65.79.139 - - [26/Oct/2015:21:25:06 -0400] "GET /LMMP/rest/dbxml/resources?iPlanetDirectoryPro=AQIC5wM2LY4SfcygCVScezVfzN%2F4f%2FTJA53rgVfnAEaPVVI%3D%40AAJTSQACMDE%3D%23 HTTP/1.1" 200 2827 "http://pub.lmmp.nasa.gov/LMMPUI/LMMP_CLIENT/LMMP.html" "Mozilla/5.0 (Windows NT 10.0; WOW64) AppleWebKit/537.36 (KHTML, like Gecko) Chrome/46.0.2490.71 Safari/537.36" 1415 3079
129.65.79.139 - - [26/Oct/2015:21:25:06 -0400] "GET /opensso/identity/isTokenValid?iPlanetDirectoryPro=AQIC5wM2LY4SfcygCVScezVfzN%2F4f%2FTJA53rgVfnAEaPVVI%3D%40AAJTSQACMDE%3D%23 HTTP/1.1" 200 13 "http://pub.lmmp.nasa.gov/LMMPUI/LMMP_CLIENT/LMMP.html" "Mozilla/5.0 (Windows NT 10.0; WOW64) AppleWebKit/537.36 (KHTML, like Gecko) Chrome/46.0.2490.71 Safari/537.36" 1419 170
129.65.79.139 - - [26/Oct/2015:21:25:06 -0400] "GET /opensso/identity/isTokenValid?iPlanetDirectoryPro=AQIC5wM2LY4SfcygCVScezVfzN%2F4f%2FTJA53rgVfnAEaPVVI%3D%40AAJTSQACMDE%3D%23 HTTP/1.1" 200 13 "http://pub.lmmp.nasa.gov/LMMPUI/LMMP_CLIENT/LMMP.html" "Mozilla/5.0 (Windows NT 10.0; WOW64) AppleWebKit/537.36 (KHTML, like Gecko) Chrome/46.0.2490.71 Safari/537.36" 1419 170
129.65.79.139 - - [26/Oct/2015:21:25:06 -0400] "GET /LMMPUI/LMMP_CLIENT/config/basemap.xml?iPlanetDirectoryPro=AQIC5wM2LY4SfcygCVScezVfzN%2F4f%2FTJA53rgVfnAEaPVVI%3D%40AAJTSQACMDE%3D%23 HTTP/1.1" 200 232 "http://pub.lmmp.nasa.gov/LMMPUI/LMMP_CLIENT/LMMP.html" "Mozilla/5.0 (Windows NT 10.0; WOW64) AppleWebKit/537.36 (KHTML, like Gecko) Chrome/46.0.2490.71 Safari/537.36" 1441 565
129.65.79.139 - - [26/Oct/2015:21:25:06 -0400] "GET /opensso/identity/isTokenValid?iPlanetDirectoryPro=AQIC5wM2LY4SfcygCVScezVfzN%2F4f%2FTJA53rgVfnAEaPVVI%3D%40AAJTSQACMDE%3D%23 HTTP/1.1" 200 13 "http://pub.lmmp.nasa.gov/LMMPUI/LMMP_CLIENT/LMMP.html" "Mozilla/5.0 (Windows NT 10.0; WOW64) AppleWebKit/537.36 (KHTML, like Gecko) Chrome/46.0.2490.71 Safari/537.36" 1419 170
129.65.79.139 - - [26/Oct/2015:21:25:06 -0400] "GET /LMMPUI/LMMP_CLIENT/config/npBasemap.xml?iPlanetDirectoryPro=AQIC5wM2LY4SfcygCVScezVfzN%2F4f%2FTJA53rgVfnAEaPVVI%3D%40AAJTSQACMDE%3D%23 HTTP/1.1" 200 178 "http://pub.lmmp.nasa.gov/LMMPUI/LMMP_CLIENT/LMMP.html" "Mozilla/5.0 (Windows NT 10.0; WOW64) AppleWebKit/537.36 (KHTML, like Gecko) Chrome/46.0.2490.71 Safari/537.36" 1443 511
129.65.79.139 - - [26/Oct/2015:21:25:06 -0400] "GET /opensso/identity/isTokenValid?iPlanetDirectoryPro=AQIC5wM2LY4SfcygCVScezVfzN%2F4f%2FTJA53rgVfnAEaPVVI%3D%40AAJTSQACMDE%3D%23 HTTP/1.1" 200 13 "http://pub.lmmp.nasa.gov/LMMPUI/LMMP_CLIENT/LMMP.html" "Mozilla/5.0 (Windows NT 10.0; WOW64) AppleWebKit/537.36 (KHTML, like Gecko) Chrome/46.0.2490.71 Safari/537.36" 1419 170
129.65.79.139 - - [26/Oct/2015:21:25:07 -0400] "GET /LMMPUI/LMMP_CLIENT/config/spBasemap.xml?iPlanetDirectoryPro=AQIC5wM2LY4SfcygCVScezVfzN%2F4f%2FTJA53rgVfnAEaPVVI%3D%40AAJTSQACMDE%3D%23 HTTP/1.1" 200 178 "http://pub.lmmp.nasa.gov/LMMPUI/LMMP_CLIENT/LMMP.html" "Mozilla/5.0 (Windows NT 10.0; WOW64) AppleWebKit/537.36 (KHTML, like Gecko) Chrome/46.0.2490.71 Safari/537.36" 1443 511
129.65.79.139 - - [26/Oct/2015:21:25:07 -0400] "GET /opensso/identity/isTokenValid?iPlanetDirectoryPro=AQIC5wM2LY4SfcygCVScezVfzN%2F4f%2FTJA53rgVfnAEaPVVI%3D%40AAJTSQACMDE%3D%23 HTTP/1.1" 200 13 "http://pub.lmmp.nasa.gov/LMMPUI/LMMP_CLIENT/LMMP.html" "Mozilla/5.0 (Windows NT 10.0; WOW64) AppleWebKit/537.36 (KHTML, like Gecko) Chrome/46.0.2490.71 Safari/537.36" 1419 170
70.34.4.238 - - [26/Oct/2015:21:25:05 -0400] "GET /arcgis/rest/services/CombinedNomenclature/MapServer/export?f=image&bbox=34.5828341939381%2C0.6256076302221041%2C36.18142555585889%2C3.181133543514921&bboxSR=104903&size=720%2C1151&format=png&transparent=true&dpi=175&imageSR=104903&layers=hide%3A-1 HTTP/1.1" 200 531 "-" "ArcGIS.Android-10.2.3/4.4.2/HEWLETT-PACKARD-HP-7-G2" 402 817
127.0.0.1 - - [26/Oct/2015:21:25:07 -0400] "POST /opensso/jaxrpc/SMSObjectIF HTTP/1.1" 200 505 "-" "Java/1.5.0_21" 847 766
127.0.0.1 - - [26/Oct/2015:21:25:07 -0400] "POST /opensso/jaxrpc/DirectoryManagerIF HTTP/1.1" 200 1290 "-" "Java/1.5.0_21" 1370 1551
129.65.79.139 - - [26/Oct/2015:21:25:07 -0400] "GET /opensso/identity/isTokenValid?iPlanetDirectoryPro=AQIC5wM2LY4SfcygCVScezVfzN%2F4f%2FTJA53rgVfnAEaPVVI%3D%40AAJTSQACMDE%3D%23 HTTP/1.1" 200 13 "http://pub.lmmp.nasa.gov/LMMPUI/LMMP_CLIENT/LMMP.html" "Mozilla/5.0 (Windows NT 10.0; WOW64) AppleWebKit/537.36 (KHTML, like Gecko) Chrome/46.0.2490.71 Safari/537.36" 1419 170
127.0.0.1 - - [26/Oct/2015:21:25:07 -0400] "POST /opensso/jaxrpc/SMSObjectIF HTTP/1.1" 200 505 "-" "Java/1.5.0_21" 847 766
127.0.0.1 - - [26/Oct/2015:21:25:07 -0400] "POST /opensso/jaxrpc/DirectoryManagerIF HTTP/1.1" 200 1290 "-" "Java/1.5.0_21" 1370 1551
127.0.0.1 - - [26/Oct/2015:21:25:07 -0400] "POST /opensso/jaxrpc/SMSObjectIF HTTP/1.1" 200 505 "-" "Java/1.5.0_21" 847 766
127.0.0.1 - - [26/Oct/2015:21:25:07 -0400] "POST /opensso/jaxrpc/DirectoryManagerIF HTTP/1.1" 200 1290 "-" "Java/1.5.0_21" 1370 1551
70.34.4.238 - - [26/Oct/2015:21:25:06 -0400] "GET /arcgis/rest/services/CombinedNomenclature/MapServer/export?f=image&bbox=35.046226184788566%2C0.9029241654619444%2C36.644817546709355%2C3.460670344535207&bboxSR=104903&size=720%2C1152&format=png&transparent=true&dpi=175&imageSR=104903&layers=hide%3A-1 HTTP/1.1" 200 531 "-" "ArcGIS.Android-10.2.3/4.4.2/HEWLETT-PACKARD-HP-7-G2" 405 819
129.65.79.139 - - [26/Oct/2015:21:25:07 -0400] "GET /LMMP/rest/dbxml/layers?proj=IAU2000:30118&visOnly=true&sort=Mission%2Ctitle&iPlanetDirectoryPro=AQIC5wM2LY4SfcygCVScezVfzN%2F4f%2FTJA53rgVfnAEaPVVI%3D%40AAJTSQACMDE%3D%23 HTTP/1.1" 200 44040 "http://pub.lmmp.nasa.gov/LMMPUI/LMMP_CLIENT/LMMP.html" "Mozilla/5.0 (Windows NT 10.0; WOW64) AppleWebKit/537.36 (KHTML, like Gecko) Chrome/46.0.2490.71 Safari/537.36" 1518 44328
129.65.79.139 - - [26/Oct/2015:21:25:07 -0400] "GET /LMMP/rest/dbxml/layers?proj=IAU2000:30120&visOnly=true&sort=Mission%2Ctitle&iPlanetDirectoryPro=AQIC5wM2LY4SfcygCVScezVfzN%2F4f%2FTJA53rgVfnAEaPVVI%3D%40AAJTSQACMDE%3D%23 HTTP/1.1" 200 46095 "http://pub.lmmp.nasa.gov/LMMPUI/LMMP_CLIENT/LMMP.html" "Mozilla/5.0 (Windows NT 10.0; WOW64) AppleWebKit/537.36 (KHTML, like Gecko) Chrome/46.0.2490.71 Safari/537.36" 1518 46384
129.65.79.139 - - [26/Oct/2015:21:25:08 -0400] "GET /opensso/identity/isTokenValid?iPlanetDirectoryPro=AQIC5wM2LY4SfcygCVScezVfzN%2F4f%2FTJA53rgVfnAEaPVVI%3D%40AAJTSQACMDE%3D%23 HTTP/1.1" 200 13 "http://pub.lmmp.nasa.gov/LMMPUI/LMMP_CLIENT/LMMP.html" "Mozilla/5.0 (Windows NT 10.0; WOW64) AppleWebKit/537.36 (KHTML, like Gecko) Chrome/46.0.2490.71 Safari/537.36" 1419 170
70.34.4.238 - - [26/Oct/2015:21:25:07 -0400] "GET /arcgis/rest/services/CombinedNomenclature/MapServer/export?f=image&bbox=35.63387156855562%2C1.308987299646906%2C36.501728714361256%2C2.696353375788978&bboxSR=104903&size=720%2C1151&format=png&transparent=true&dpi=175&imageSR=104903&layers=hide%3A-1 HTTP/1.1" 200 531 "-" "ArcGIS.Android-10.2.3/4.4.2/HEWLETT-PACKARD-HP-7-G2" 403 819
129.65.79.139 - - [26/Oct/2015:21:25:08 -0400] "GET /opensso/identity/isTokenValid?iPlanetDirectoryPro=AQIC5wM2LY4SfcygCVScezVfzN%2F4f%2FTJA53rgVfnAEaPVVI%3D%40AAJTSQACMDE%3D%23 HTTP/1.1" 200 13 "http://pub.lmmp.nasa.gov/LMMPUI/LMMP_CLIENT/LMMP.html" "Mozilla/5.0 (Windows NT 10.0; WOW64) AppleWebKit/537.36 (KHTML, like Gecko) Chrome/46.0.2490.71 Safari/537.36" 1419 170
127.0.0.1 - - [26/Oct/2015:21:25:08 -0400] "POST /opensso/jaxrpc/SMSObjectIF HTTP/1.1" 200 505 "-" "Java/1.5.0_21" 847 766
127.0.0.1 - - [26/Oct/2015:21:25:08 -0400] "POST /opensso/jaxrpc/DirectoryManagerIF HTTP/1.1" 200 1290 "-" "Java/1.5.0_21" 1370 1551
127.0.0.1 - - [26/Oct/2015:21:25:09 -0400] "POST /opensso/jaxrpc/SMSObjectIF HTTP/1.1" 200 505 "-" "Java/1.5.0_21" 847 767
127.0.0.1 - - [26/Oct/2015:21:25:09 -0400] "POST /opensso/jaxrpc/DirectoryManagerIF HTTP/1.1" 200 1290 "-" "Java/1.5.0_21" 1370 1551
129.65.79.139 - - [26/Oct/2015:21:25:08 -0400] "GET /LMMP/rest/dbxml/layers/int?proj=IAU2000:30118&sort=Mission%2Ctitle&iPlanetDirectoryPro=AQIC5wM2LY4SfcygCVScezVfzN%2F4f%2FTJA53rgVfnAEaPVVI%3D%40AAJTSQACMDE%3D%23 HTTP/1.1" 200 8314 "http://pub.lmmp.nasa.gov/LMMPUI/LMMP_CLIENT/LMMP.html" "Mozilla/5.0 (Windows NT 10.0; WOW64) AppleWebKit/537.36 (KHTML, like Gecko) Chrome/46.0.2490.71 Safari/537.36" 1509 8569
129.65.79.139 - - [26/Oct/2015:21:25:09 -0400] "GET /LMMP/rest/dbxml/layers/int?proj=IAU2000:30120&sort=Mission%2Ctitle&iPlanetDirectoryPro=AQIC5wM2LY4SfcygCVScezVfzN%2F4f%2FTJA53rgVfnAEaPVVI%3D%40AAJTSQACMDE%3D%23 HTTP/1.1" 200 9412 "http://pub.lmmp.nasa.gov/LMMPUI/LMMP_CLIENT/LMMP.html" "Mozilla/5.0 (Windows NT 10.0; WOW64) AppleWebKit/537.36 (KHTML, like Gecko) Chrome/46.0.2490.71 Safari/537.36" 1509 9668
70.34.4.238 - - [26/Oct/2015:21:25:10 -0400] "GET /arcgis/rest/services/CombinedNomenclature/MapServer/export?f=image&bbox=35.181113986375784%2C0.9997298245629447%2C36.58154232681358%2C3.2404151692634233&bboxSR=104903&size=720%2C1152&format=png&transparent=true&dpi=175&imageSR=104903&layers=hide%3A-1 HTTP/1.1" 200 531 "-" "ArcGIS.Android-10.2.3/4.4.2/HEWLETT-PACKARD-HP-7-G2" 405 818
129.65.218.229 - - [26/Oct/2015:21:25:11 -0400] "GET /LMMPUI/LMMP_CLIENT/config/config.xml?1445909099578 HTTP/1.1" 200 12261 "http://pub.lmmp.nasa.gov/LMMPUI/LMMP_CLIENT/LMMP.html" "Mozilla/5.0 (Windows NT 10.0; WOW64) AppleWebKit/537.36 (KHTML, like Gecko) Chrome/46.0.2490.71 Safari/537.36" 878 12599
129.65.218.229 - - [26/Oct/2015:21:25:11 -0400] "GET /LMMPUI/LMMP_CLIENT/homepage/features.xml?v=1445909099656 HTTP/1.1" 200 1611 "http://pub.lmmp.nasa.gov/LMMPUI/LMMP_CLIENT/LMMP.html" "Mozilla/5.0 (Windows NT 10.0; WOW64) AppleWebKit/537.36 (KHTML, like Gecko) Chrome/46.0.2490.71 Safari/537.36" 884 1947
127.0.0.1 - - [26/Oct/2015:21:25:12 -0400] "GET /opensso/namingservice HTTP/1.1" 200 7 "-" "Java/1.5.0_21" 220 183
127.0.0.1 - - [26/Oct/2015:21:25:12 -0400] "GET /openssorest/token/localldap HTTP/1.1" 200 62 "-" "Java/1.5.0_21" 277 239
129.65.218.229 - - [26/Oct/2015:21:25:12 -0400] "GET /LMMPUI/rest/proxy/proxyService?cs=bG1tcGd1ZXN0fGd1ZXN0bG1tcHxodHRwOi8vcHViLmxtbXAubmFzYS5nb3Yvb3BlbnNzb3Jlc3QvdG9rZW4vbG9jYWxsZGFw HTTP/1.1" 200 63 "http://pub.lmmp.nasa.gov/LMMPUI/LMMP_CLIENT/LMMP.html" "Mozilla/5.0 (Windows NT 10.0; WOW64) AppleWebKit/537.36 (KHTML, like Gecko) Chrome/46.0.2490.71 Safari/537.36" 958 238
127.0.0.1 - - [26/Oct/2015:21:25:12 -0400] "POST /opensso/sessionservice HTTP/1.1" 200 415 "-" "Java/1.5.0_21" 819 593
129.65.218.229 - - [26/Oct/2015:21:25:12 -0400] "POST /openssorest/token/localldap HTTP/1.1" 200 62 "http://pub.lmmp.nasa.gov/LMMPUI/LMMP_CLIENT/LMMP_WB.swf/[[DYNAMIC]]/10" "Mozilla/5.0 (Windows NT 10.0; WOW64) AppleWebKit/537.36 (KHTML, like Gecko) Chrome/46.0.2490.71 Safari/537.36" 1032 397
129.65.218.229 - - [26/Oct/2015:21:25:12 -0400] "GET /opensso/identity/isTokenValid?iPlanetDirectoryPro=AQIC5wM2LY4SfcygCVScezVfzN%2F4f%2FTJA53rgVfnAEaPVVI%3D%40AAJTSQACMDE%3D%23 HTTP/1.1" 200 13 "http://pub.lmmp.nasa.gov/LMMPUI/LMMP_CLIENT/LMMP.html" "Mozilla/5.0 (Windows NT 10.0; WOW64) AppleWebKit/537.36 (KHTML, like Gecko) Chrome/46.0.2490.71 Safari/537.36" 952 170
