127.0.0.1 - - [09/Jan/2016:19:00:08 -0500] "GET /opensso/namingservice HTTP/1.1" 200 7 "-" "Java/1.5.0_21" 220 183
127.0.0.1 - - [09/Jan/2016:19:00:12 -0500] "GET /opensso/namingservice HTTP/1.1" 200 7 "-" "Java/1.5.0_21" 220 183
127.0.0.1 - - [09/Jan/2016:19:00:38 -0500] "GET /opensso/namingservice HTTP/1.1" 200 7 "-" "Java/1.5.0_21" 220 183
127.0.0.1 - - [09/Jan/2016:19:00:42 -0500] "GET /opensso/namingservice HTTP/1.1" 200 7 "-" "Java/1.5.0_21" 220 183
137.78.207.218 - - [09/Jan/2016:19:00:47 -0500] "HEAD /LMMPUI/LMMP_CLIENT/LMMP.html HTTP/1.1" 200 - "-" "curl/7.38.0" 110 274
127.0.0.1 - - [09/Jan/2016:19:01:08 -0500] "GET /opensso/namingservice HTTP/1.1" 200 7 "-" "Java/1.5.0_21" 220 183
127.0.0.1 - - [09/Jan/2016:19:01:12 -0500] "GET /opensso/namingservice HTTP/1.1" 200 7 "-" "Java/1.5.0_21" 220 183
127.0.0.1 - - [09/Jan/2016:19:01:38 -0500] "GET /opensso/namingservice HTTP/1.1" 200 7 "-" "Java/1.5.0_21" 220 183
127.0.0.1 - - [09/Jan/2016:19:01:42 -0500] "GET /opensso/namingservice HTTP/1.1" 200 7 "-" "Java/1.5.0_21" 220 183
66.249.66.97 - - [09/Jan/2016:19:02:05 -0500] "GET /redmine/issues/gantt?month=5&months=6&year=2034&zoom=4 HTTP/1.1" 200 51382 "-" "Mozilla/5.0 (compatible; Googlebot/2.1; +http://www.google.com/bot.html)" 659 56310
127.0.0.1 - - [09/Jan/2016:19:02:08 -0500] "GET /opensso/namingservice HTTP/1.1" 200 7 "-" "Java/1.5.0_21" 220 183
127.0.0.1 - - [09/Jan/2016:19:02:12 -0500] "GET /opensso/namingservice HTTP/1.1" 200 7 "-" "Java/1.5.0_21" 220 183
127.0.0.1 - - [09/Jan/2016:19:02:38 -0500] "GET /opensso/namingservice HTTP/1.1" 200 7 "-" "Java/1.5.0_21" 220 183
127.0.0.1 - - [09/Jan/2016:19:02:42 -0500] "GET /opensso/namingservice HTTP/1.1" 200 7 "-" "Java/1.5.0_21" 220 183
127.0.0.1 - - [09/Jan/2016:19:03:08 -0500] "GET /opensso/namingservice HTTP/1.1" 200 7 "-" "Java/1.5.0_21" 220 183
127.0.0.1 - - [09/Jan/2016:19:03:12 -0500] "GET /opensso/namingservice HTTP/1.1" 200 7 "-" "Java/1.5.0_21" 220 183
127.0.0.1 - - [09/Jan/2016:19:03:38 -0500] "GET /opensso/namingservice HTTP/1.1" 200 7 "-" "Java/1.5.0_21" 220 183
127.0.0.1 - - [09/Jan/2016:19:03:42 -0500] "GET /opensso/namingservice HTTP/1.1" 200 7 "-" "Java/1.5.0_21" 220 183
127.0.0.1 - - [09/Jan/2016:19:04:08 -0500] "GET /opensso/namingservice HTTP/1.1" 200 7 "-" "Java/1.5.0_21" 220 183
127.0.0.1 - - [09/Jan/2016:19:04:12 -0500] "GET /opensso/namingservice HTTP/1.1" 200 7 "-" "Java/1.5.0_21" 220 183
127.0.0.1 - - [09/Jan/2016:19:04:38 -0500] "GET /opensso/namingservice HTTP/1.1" 200 7 "-" "Java/1.5.0_21" 220 183
127.0.0.1 - - [09/Jan/2016:19:04:42 -0500] "GET /opensso/namingservice HTTP/1.1" 200 7 "-" "Java/1.5.0_21" 220 183
127.0.0.1 - - [09/Jan/2016:19:05:08 -0500] "GET /opensso/namingservice HTTP/1.1" 200 7 "-" "Java/1.5.0_21" 220 183
127.0.0.1 - - [09/Jan/2016:19:05:12 -0500] "GET /opensso/namingservice HTTP/1.1" 200 7 "-" "Java/1.5.0_21" 220 183
219.89.32.98 - - [09/Jan/2016:19:05:28 -0500] "GET /favicon.ico HTTP/1.1" 404 209 "-" "Mozilla/5.0 (Windows NT 6.1; WOW64; rv:42.0) Gecko/20100101 Firefox/42.0" 334 454
127.0.0.1 - - [09/Jan/2016:19:05:38 -0500] "GET /opensso/namingservice HTTP/1.1" 200 7 "-" "Java/1.5.0_21" 220 183
127.0.0.1 - - [09/Jan/2016:19:05:42 -0500] "GET /opensso/namingservice HTTP/1.1" 200 7 "-" "Java/1.5.0_21" 220 183
137.78.207.218 - - [09/Jan/2016:19:05:47 -0500] "HEAD /LMMPUI/LMMP_CLIENT/LMMP.html HTTP/1.1" 200 - "-" "curl/7.38.0" 110 274
66.249.66.171 - - [09/Jan/2016:19:05:52 -0500] "GET /redmine/issues/gantt?month=8&months=6&year=1085&zoom=1 HTTP/1.1" 200 27586 "-" "Mozilla/5.0 (compatible; Googlebot/2.1; +http://www.google.com/bot.html)" 345 28275
127.0.0.1 - - [09/Jan/2016:19:06:08 -0500] "GET /opensso/namingservice HTTP/1.1" 200 7 "-" "Java/1.5.0_21" 220 183
127.0.0.1 - - [09/Jan/2016:19:06:12 -0500] "GET /opensso/namingservice HTTP/1.1" 200 7 "-" "Java/1.5.0_21" 220 183
127.0.0.1 - - [09/Jan/2016:19:06:38 -0500] "GET /opensso/namingservice HTTP/1.1" 200 7 "-" "Java/1.5.0_21" 220 183
127.0.0.1 - - [09/Jan/2016:19:06:42 -0500] "GET /opensso/namingservice HTTP/1.1" 200 7 "-" "Java/1.5.0_21" 220 183
127.0.0.1 - - [09/Jan/2016:19:07:08 -0500] "GET /opensso/namingservice HTTP/1.1" 200 7 "-" "Java/1.5.0_21" 220 183
127.0.0.1 - - [09/Jan/2016:19:07:12 -0500] "GET /opensso/namingservice HTTP/1.1" 200 7 "-" "Java/1.5.0_21" 220 183
127.0.0.1 - - [09/Jan/2016:19:07:38 -0500] "GET /opensso/namingservice HTTP/1.1" 200 7 "-" "Java/1.5.0_21" 220 183
127.0.0.1 - - [09/Jan/2016:19:07:42 -0500] "GET /opensso/namingservice HTTP/1.1" 200 7 "-" "Java/1.5.0_21" 220 183
127.0.0.1 - - [09/Jan/2016:19:08:08 -0500] "GET /opensso/namingservice HTTP/1.1" 200 7 "-" "Java/1.5.0_21" 220 183
127.0.0.1 - - [09/Jan/2016:19:08:12 -0500] "GET /opensso/namingservice HTTP/1.1" 200 7 "-" "Java/1.5.0_21" 220 183
127.0.0.1 - - [09/Jan/2016:19:08:38 -0500] "GET /opensso/namingservice HTTP/1.1" 200 7 "-" "Java/1.5.0_21" 220 183
127.0.0.1 - - [09/Jan/2016:19:08:42 -0500] "GET /opensso/namingservice HTTP/1.1" 200 7 "-" "Java/1.5.0_21" 220 183
127.0.0.1 - - [09/Jan/2016:19:09:08 -0500] "GET /opensso/namingservice HTTP/1.1" 200 7 "-" "Java/1.5.0_21" 220 183
127.0.0.1 - - [09/Jan/2016:19:09:12 -0500] "GET /opensso/namingservice HTTP/1.1" 200 7 "-" "Java/1.5.0_21" 220 183
127.0.0.1 - - [09/Jan/2016:19:09:38 -0500] "GET /opensso/namingservice HTTP/1.1" 200 7 "-" "Java/1.5.0_21" 220 183
66.249.66.171 - - [09/Jan/2016:19:09:39 -0500] "GET /redmine/issues/gantt?month=4&months=6&year=2968&zoom=4 HTTP/1.1" 200 51250 "-" "Mozilla/5.0 (compatible; Googlebot/2.1; +http://www.google.com/bot.html)" 345 51939
127.0.0.1 - - [09/Jan/2016:19:09:42 -0500] "GET /opensso/namingservice HTTP/1.1" 200 7 "-" "Java/1.5.0_21" 220 183
127.0.0.1 - - [09/Jan/2016:19:10:08 -0500] "GET /opensso/namingservice HTTP/1.1" 200 7 "-" "Java/1.5.0_21" 220 183
127.0.0.1 - - [09/Jan/2016:19:10:12 -0500] "GET /opensso/namingservice HTTP/1.1" 200 7 "-" "Java/1.5.0_21" 220 183
127.0.0.1 - - [09/Jan/2016:19:10:38 -0500] "GET /opensso/namingservice HTTP/1.1" 200 7 "-" "Java/1.5.0_21" 220 183
127.0.0.1 - - [09/Jan/2016:19:10:42 -0500] "GET /opensso/namingservice HTTP/1.1" 200 7 "-" "Java/1.5.0_21" 220 183
137.78.207.218 - - [09/Jan/2016:19:10:46 -0500] "HEAD /LMMPUI/LMMP_CLIENT/LMMP.html HTTP/1.1" 200 - "-" "curl/7.38.0" 110 274
127.0.0.1 - - [09/Jan/2016:19:11:08 -0500] "GET /opensso/namingservice HTTP/1.1" 200 7 "-" "Java/1.5.0_21" 220 183
127.0.0.1 - - [09/Jan/2016:19:11:12 -0500] "GET /opensso/namingservice HTTP/1.1" 200 7 "-" "Java/1.5.0_21" 220 183
127.0.0.1 - - [09/Jan/2016:19:11:38 -0500] "GET /opensso/namingservice HTTP/1.1" 200 7 "-" "Java/1.5.0_21" 220 183
127.0.0.1 - - [09/Jan/2016:19:11:42 -0500] "GET /opensso/namingservice HTTP/1.1" 200 7 "-" "Java/1.5.0_21" 220 183
127.0.0.1 - - [09/Jan/2016:19:12:08 -0500] "GET /opensso/namingservice HTTP/1.1" 200 7 "-" "Java/1.5.0_21" 220 183
127.0.0.1 - - [09/Jan/2016:19:12:12 -0500] "GET /opensso/namingservice HTTP/1.1" 200 7 "-" "Java/1.5.0_21" 220 183
127.0.0.1 - - [09/Jan/2016:19:12:38 -0500] "GET /opensso/namingservice HTTP/1.1" 200 7 "-" "Java/1.5.0_21" 220 183
127.0.0.1 - - [09/Jan/2016:19:12:42 -0500] "GET /opensso/namingservice HTTP/1.1" 200 7 "-" "Java/1.5.0_21" 220 183
127.0.0.1 - - [09/Jan/2016:19:13:08 -0500] "GET /opensso/namingservice HTTP/1.1" 200 7 "-" "Java/1.5.0_21" 220 183
127.0.0.1 - - [09/Jan/2016:19:13:12 -0500] "GET /opensso/namingservice HTTP/1.1" 200 7 "-" "Java/1.5.0_21" 220 183
66.249.66.167 - - [09/Jan/2016:19:13:26 -0500] "GET /redmine/issues/gantt?month=1&months=6&year=2886&zoom=2 HTTP/1.1" 200 30775 "-" "Mozilla/5.0 (compatible; Googlebot/2.1; +http://www.google.com/bot.html)" 345 31464
127.0.0.1 - - [09/Jan/2016:19:13:38 -0500] "GET /opensso/namingservice HTTP/1.1" 200 7 "-" "Java/1.5.0_21" 220 183
127.0.0.1 - - [09/Jan/2016:19:13:42 -0500] "GET /opensso/namingservice HTTP/1.1" 200 7 "-" "Java/1.5.0_21" 220 183
127.0.0.1 - - [09/Jan/2016:19:14:08 -0500] "GET /opensso/namingservice HTTP/1.1" 200 7 "-" "Java/1.5.0_21" 220 183
127.0.0.1 - - [09/Jan/2016:19:14:12 -0500] "GET /opensso/namingservice HTTP/1.1" 200 7 "-" "Java/1.5.0_21" 220 183
127.0.0.1 - - [09/Jan/2016:19:14:38 -0500] "GET /opensso/namingservice HTTP/1.1" 200 7 "-" "Java/1.5.0_21" 220 183
127.0.0.1 - - [09/Jan/2016:19:14:42 -0500] "GET /opensso/namingservice HTTP/1.1" 200 7 "-" "Java/1.5.0_21" 220 183
127.0.0.1 - - [09/Jan/2016:19:15:08 -0500] "GET /opensso/namingservice HTTP/1.1" 200 7 "-" "Java/1.5.0_21" 220 183
127.0.0.1 - - [09/Jan/2016:19:15:12 -0500] "GET /opensso/namingservice HTTP/1.1" 200 7 "-" "Java/1.5.0_21" 220 183
127.0.0.1 - - [09/Jan/2016:19:15:38 -0500] "GET /opensso/namingservice HTTP/1.1" 200 7 "-" "Java/1.5.0_21" 220 183
127.0.0.1 - - [09/Jan/2016:19:15:42 -0500] "GET /opensso/namingservice HTTP/1.1" 200 7 "-" "Java/1.5.0_21" 220 183
137.78.207.218 - - [09/Jan/2016:19:15:47 -0500] "HEAD /LMMPUI/LMMP_CLIENT/LMMP.html HTTP/1.1" 200 - "-" "curl/7.38.0" 110 274
127.0.0.1 - - [09/Jan/2016:19:16:08 -0500] "GET /opensso/namingservice HTTP/1.1" 200 7 "-" "Java/1.5.0_21" 220 183
127.0.0.1 - - [09/Jan/2016:19:16:12 -0500] "GET /opensso/namingservice HTTP/1.1" 200 7 "-" "Java/1.5.0_21" 220 183
127.0.0.1 - - [09/Jan/2016:19:16:38 -0500] "GET /opensso/namingservice HTTP/1.1" 200 7 "-" "Java/1.5.0_21" 220 183
127.0.0.1 - - [09/Jan/2016:19:16:42 -0500] "GET /opensso/namingservice HTTP/1.1" 200 7 "-" "Java/1.5.0_21" 220 183
127.0.0.1 - - [09/Jan/2016:19:17:08 -0500] "GET /opensso/namingservice HTTP/1.1" 200 7 "-" "Java/1.5.0_21" 220 183
127.0.0.1 - - [09/Jan/2016:19:17:12 -0500] "GET /opensso/namingservice HTTP/1.1" 200 7 "-" "Java/1.5.0_21" 220 183
66.249.66.171 - - [09/Jan/2016:19:17:13 -0500] "GET /redmine/issues/gantt?month=1&months=6&year=2507&zoom=1 HTTP/1.1" 200 27567 "-" "Mozilla/5.0 (compatible; Googlebot/2.1; +http://www.google.com/bot.html)" 345 28256
127.0.0.1 - - [09/Jan/2016:19:17:38 -0500] "GET /opensso/namingservice HTTP/1.1" 200 7 "-" "Java/1.5.0_21" 220 183
127.0.0.1 - - [09/Jan/2016:19:17:42 -0500] "GET /opensso/namingservice HTTP/1.1" 200 7 "-" "Java/1.5.0_21" 220 183
127.0.0.1 - - [09/Jan/2016:19:18:08 -0500] "GET /opensso/namingservice HTTP/1.1" 200 7 "-" "Java/1.5.0_21" 220 183
127.0.0.1 - - [09/Jan/2016:19:18:12 -0500] "GET /opensso/namingservice HTTP/1.1" 200 7 "-" "Java/1.5.0_21" 220 183
127.0.0.1 - - [09/Jan/2016:19:18:38 -0500] "GET /opensso/namingservice HTTP/1.1" 200 7 "-" "Java/1.5.0_21" 220 183
127.0.0.1 - - [09/Jan/2016:19:18:42 -0500] "GET /opensso/namingservice HTTP/1.1" 200 7 "-" "Java/1.5.0_21" 220 183
127.0.0.1 - - [09/Jan/2016:19:19:08 -0500] "GET /opensso/namingservice HTTP/1.1" 200 7 "-" "Java/1.5.0_21" 220 183
127.0.0.1 - - [09/Jan/2016:19:19:12 -0500] "GET /opensso/namingservice HTTP/1.1" 200 7 "-" "Java/1.5.0_21" 220 183
127.0.0.1 - - [09/Jan/2016:19:19:38 -0500] "GET /opensso/namingservice HTTP/1.1" 200 7 "-" "Java/1.5.0_21" 220 183
127.0.0.1 - - [09/Jan/2016:19:19:42 -0500] "GET /opensso/namingservice HTTP/1.1" 200 7 "-" "Java/1.5.0_21" 220 183
203.133.168.210 - - [09/Jan/2016:19:19:47 -0500] "GET /LMMPUI/LMMP_CLIENT/LMMP.html HTTP/1.1" 200 9400 "-" "Mozilla/5.0 (compatible; MSIE or Firefox mutant; not on Windows server;) Daum 4.1" 392 9730
127.0.0.1 - - [09/Jan/2016:19:20:08 -0500] "GET /opensso/namingservice HTTP/1.1" 200 7 "-" "Java/1.5.0_21" 220 183
127.0.0.1 - - [09/Jan/2016:19:20:12 -0500] "GET /opensso/namingservice HTTP/1.1" 200 7 "-" "Java/1.5.0_21" 220 183
127.0.0.1 - - [09/Jan/2016:19:20:38 -0500] "GET /opensso/namingservice HTTP/1.1" 200 7 "-" "Java/1.5.0_21" 220 183
127.0.0.1 - - [09/Jan/2016:19:20:42 -0500] "GET /opensso/namingservice HTTP/1.1" 200 7 "-" "Java/1.5.0_21" 220 183
137.78.207.218 - - [09/Jan/2016:19:20:46 -0500] "HEAD /LMMPUI/LMMP_CLIENT/LMMP.html HTTP/1.1" 200 - "-" "curl/7.38.0" 110 274
66.249.66.171 - - [09/Jan/2016:19:21:00 -0500] "GET /redmine/issues/gantt?month=7&months=6&year=1091&zoom=4 HTTP/1.1" 200 51370 "-" "Mozilla/5.0 (compatible; Googlebot/2.1; +http://www.google.com/bot.html)" 345 52059
127.0.0.1 - - [09/Jan/2016:19:21:08 -0500] "GET /opensso/namingservice HTTP/1.1" 200 7 "-" "Java/1.5.0_21" 220 183
127.0.0.1 - - [09/Jan/2016:19:21:12 -0500] "GET /opensso/namingservice HTTP/1.1" 200 7 "-" "Java/1.5.0_21" 220 183
127.0.0.1 - - [09/Jan/2016:19:21:38 -0500] "GET /opensso/namingservice HTTP/1.1" 200 7 "-" "Java/1.5.0_21" 220 183
127.0.0.1 - - [09/Jan/2016:19:21:42 -0500] "GET /opensso/namingservice HTTP/1.1" 200 7 "-" "Java/1.5.0_21" 220 183
127.0.0.1 - - [09/Jan/2016:19:22:08 -0500] "GET /opensso/namingservice HTTP/1.1" 200 7 "-" "Java/1.5.0_21" 220 183
127.0.0.1 - - [09/Jan/2016:19:22:12 -0500] "GET /opensso/namingservice HTTP/1.1" 200 7 "-" "Java/1.5.0_21" 220 183
127.0.0.1 - - [09/Jan/2016:19:22:38 -0500] "GET /opensso/namingservice HTTP/1.1" 200 7 "-" "Java/1.5.0_21" 220 183
127.0.0.1 - - [09/Jan/2016:19:22:42 -0500] "GET /opensso/namingservice HTTP/1.1" 200 7 "-" "Java/1.5.0_21" 220 183
127.0.0.1 - - [09/Jan/2016:19:23:08 -0500] "GET /opensso/namingservice HTTP/1.1" 200 7 "-" "Java/1.5.0_21" 220 183
127.0.0.1 - - [09/Jan/2016:19:23:12 -0500] "GET /opensso/namingservice HTTP/1.1" 200 7 "-" "Java/1.5.0_21" 220 183
127.0.0.1 - - [09/Jan/2016:19:23:38 -0500] "GET /opensso/namingservice HTTP/1.1" 200 7 "-" "Java/1.5.0_21" 220 183
127.0.0.1 - - [09/Jan/2016:19:23:42 -0500] "GET /opensso/namingservice HTTP/1.1" 200 7 "-" "Java/1.5.0_21" 220 183
127.0.0.1 - - [09/Jan/2016:19:24:08 -0500] "GET /opensso/namingservice HTTP/1.1" 200 7 "-" "Java/1.5.0_21" 220 183
127.0.0.1 - - [09/Jan/2016:19:24:12 -0500] "GET /opensso/namingservice HTTP/1.1" 200 7 "-" "Java/1.5.0_21" 220 183
67.241.85.162 - - [09/Jan/2016:19:24:27 -0500] "GET /LMMPUI/LMMP_CLIENT/LMMP.html HTTP/1.1" 200 9400 "http://astrogeology.usgs.gov/facilities/mrctr/gis-tools" "Mozilla/5.0 (X11; Linux x86_64) AppleWebKit/537.36 (KHTML, like Gecko) Ubuntu Chromium/45.0.2454.101 Chrome/45.0.2454.101 Safari/537.36" 495 9730
67.241.85.162 - - [09/Jan/2016:19:24:27 -0500] "GET /LMMPUI/LMMP_CLIENT/history/history.css HTTP/1.1" 200 365 "http://pub.lmmp.nasa.gov/LMMPUI/LMMP_CLIENT/LMMP.html" "Mozilla/5.0 (X11; Linux x86_64) AppleWebKit/537.36 (KHTML, like Gecko) Ubuntu Chromium/45.0.2454.101 Chrome/45.0.2454.101 Safari/537.36" 417 691
67.241.85.162 - - [09/Jan/2016:19:24:27 -0500] "GET /LMMPUI/LMMP_CLIENT/history/history.js HTTP/1.1" 200 24650 "http://pub.lmmp.nasa.gov/LMMPUI/LMMP_CLIENT/LMMP.html" "Mozilla/5.0 (X11; Linux x86_64) AppleWebKit/537.36 (KHTML, like Gecko) Ubuntu Chromium/45.0.2454.101 Chrome/45.0.2454.101 Safari/537.36" 401 24988
67.241.85.162 - - [09/Jan/2016:19:24:27 -0500] "GET /LMMPUI/LMMP_CLIENT/swfobject.js HTTP/1.1" 200 25574 "http://pub.lmmp.nasa.gov/LMMPUI/LMMP_CLIENT/LMMP.html" "Mozilla/5.0 (X11; Linux x86_64) AppleWebKit/537.36 (KHTML, like Gecko) Ubuntu Chromium/45.0.2454.101 Chrome/45.0.2454.101 Safari/537.36" 395 25912
67.241.85.162 - - [09/Jan/2016:19:24:29 -0500] "GET /favicon.ico HTTP/1.1" 404 209 "http://pub.lmmp.nasa.gov/LMMPUI/LMMP_CLIENT/LMMP.html" "Mozilla/5.0 (X11; Linux x86_64) AppleWebKit/537.36 (KHTML, like Gecko) Ubuntu Chromium/45.0.2454.101 Chrome/45.0.2454.101 Safari/537.36" 423 453
127.0.0.1 - - [09/Jan/2016:19:24:38 -0500] "GET /opensso/namingservice HTTP/1.1" 200 7 "-" "Java/1.5.0_21" 220 183
127.0.0.1 - - [09/Jan/2016:19:24:42 -0500] "POST /opensso/sessionservice HTTP/1.1" 200 2025 "-" "Java/1.5.0_21" 714 2203
127.0.0.1 - - [09/Jan/2016:19:24:42 -0500] "GET /opensso/identity//xml/read?name=TomcatApps1&attributes_names=realm&attributes_values_realm=%2Fappspub&attributes_names=objecttype&attributes_values_objecttype=Agent&admin=AQIC5wM2LY4SfcyRautyD4RKpwbzv6XrE24fIq8LDPQGnm0%3D%40AAJTSQACMDE%3D%23 HTTP/1.1" 200 13607 "-" "Java/1.5.0_21" 440 13791
127.0.0.1 - - [09/Jan/2016:19:24:42 -0500] "GET /opensso/namingservice HTTP/1.1" 200 7 "-" "Java/1.5.0_21" 220 182
66.249.66.167 - - [09/Jan/2016:19:24:47 -0500] "GET /redmine/issues/gantt?month=12&months=6&year=2561&zoom=1 HTTP/1.1" 200 27577 "-" "Mozilla/5.0 (compatible; Googlebot/2.1; +http://www.google.com/bot.html)" 346 28266
127.0.0.1 - - [09/Jan/2016:19:25:08 -0500] "GET /opensso/namingservice HTTP/1.1" 200 7 "-" "Java/1.5.0_21" 220 183
127.0.0.1 - - [09/Jan/2016:19:25:12 -0500] "GET /opensso/namingservice HTTP/1.1" 200 7 "-" "Java/1.5.0_21" 220 183
127.0.0.1 - - [09/Jan/2016:19:25:38 -0500] "GET /opensso/namingservice HTTP/1.1" 200 7 "-" "Java/1.5.0_21" 220 183
127.0.0.1 - - [09/Jan/2016:19:25:42 -0500] "GET /opensso/namingservice HTTP/1.1" 200 7 "-" "Java/1.5.0_21" 220 183
137.78.207.218 - - [09/Jan/2016:19:25:46 -0500] "HEAD /LMMPUI/LMMP_CLIENT/LMMP.html HTTP/1.1" 200 - "-" "curl/7.38.0" 110 274
127.0.0.1 - - [09/Jan/2016:19:26:08 -0500] "GET /opensso/namingservice HTTP/1.1" 200 7 "-" "Java/1.5.0_21" 220 183
127.0.0.1 - - [09/Jan/2016:19:26:12 -0500] "GET /opensso/namingservice HTTP/1.1" 200 7 "-" "Java/1.5.0_21" 220 183
127.0.0.1 - - [09/Jan/2016:19:26:38 -0500] "GET /opensso/namingservice HTTP/1.1" 200 7 "-" "Java/1.5.0_21" 220 183
127.0.0.1 - - [09/Jan/2016:19:26:42 -0500] "GET /opensso/namingservice HTTP/1.1" 200 7 "-" "Java/1.5.0_21" 220 183
127.0.0.1 - - [09/Jan/2016:19:27:08 -0500] "GET /opensso/namingservice HTTP/1.1" 200 7 "-" "Java/1.5.0_21" 220 183
127.0.0.1 - - [09/Jan/2016:19:27:12 -0500] "GET /opensso/namingservice HTTP/1.1" 200 7 "-" "Java/1.5.0_21" 220 183
127.0.0.1 - - [09/Jan/2016:19:27:38 -0500] "POST /opensso/sessionservice HTTP/1.1" 200 2023 "-" "Java/1.5.0_21" 712 2201
127.0.0.1 - - [09/Jan/2016:19:27:38 -0500] "GET /opensso/identity//xml/read?name=TomcatApps3&attributes_names=realm&attributes_values_realm=%2Fappspub&attributes_names=objecttype&attributes_values_objecttype=Agent&admin=AQIC5wM2LY4SfcxFHMEgfz%2F0a%2F0SRg5r9KAv7HKM0NfvSsI%3D%40AAJTSQACMDE%3D%23 HTTP/1.1" 200 13732 "-" "Java/1.5.0_21" 444 13916
127.0.0.1 - - [09/Jan/2016:19:27:38 -0500] "GET /opensso/namingservice HTTP/1.1" 200 7 "-" "Java/1.5.0_21" 220 182
127.0.0.1 - - [09/Jan/2016:19:27:42 -0500] "GET /opensso/namingservice HTTP/1.1" 200 7 "-" "Java/1.5.0_21" 220 183
127.0.0.1 - - [09/Jan/2016:19:28:08 -0500] "GET /opensso/namingservice HTTP/1.1" 200 7 "-" "Java/1.5.0_21" 220 183
127.0.0.1 - - [09/Jan/2016:19:28:12 -0500] "GET /opensso/namingservice HTTP/1.1" 200 7 "-" "Java/1.5.0_21" 220 183
180.76.15.20 - - [09/Jan/2016:19:28:31 -0500] "GET / HTTP/1.1" 302 237 "-" "Mozilla/5.0 (compatible; Baiduspider/2.0; +http://www.baidu.com/search/spider.html)" 183 506
66.249.66.163 - - [09/Jan/2016:19:28:34 -0500] "GET /redmine/issues/gantt?month=5&months=6&year=2784&zoom=1 HTTP/1.1" 200 27574 "-" "Mozilla/5.0 (compatible; Googlebot/2.1; +http://www.google.com/bot.html)" 345 28263
127.0.0.1 - - [09/Jan/2016:19:28:38 -0500] "GET /opensso/namingservice HTTP/1.1" 200 7 "-" "Java/1.5.0_21" 220 183
127.0.0.1 - - [09/Jan/2016:19:28:42 -0500] "GET /opensso/namingservice HTTP/1.1" 200 7 "-" "Java/1.5.0_21" 220 183
127.0.0.1 - - [09/Jan/2016:19:29:08 -0500] "GET /opensso/namingservice HTTP/1.1" 200 7 "-" "Java/1.5.0_21" 220 183
180.76.15.15 - - [09/Jan/2016:19:29:08 -0500] "GET / HTTP/1.1" 302 237 "-" "Mozilla/5.0 (compatible; Baiduspider/2.0; +http://www.baidu.com/search/spider.html)" 183 506
127.0.0.1 - - [09/Jan/2016:19:29:12 -0500] "GET /opensso/namingservice HTTP/1.1" 200 7 "-" "Java/1.5.0_21" 220 183
127.0.0.1 - - [09/Jan/2016:19:29:38 -0500] "GET /opensso/namingservice HTTP/1.1" 200 7 "-" "Java/1.5.0_21" 220 183
127.0.0.1 - - [09/Jan/2016:19:29:42 -0500] "GET /opensso/namingservice HTTP/1.1" 200 7 "-" "Java/1.5.0_21" 220 183
127.0.0.1 - - [09/Jan/2016:19:30:08 -0500] "GET /opensso/namingservice HTTP/1.1" 200 7 "-" "Java/1.5.0_21" 220 183
127.0.0.1 - - [09/Jan/2016:19:30:12 -0500] "GET /opensso/namingservice HTTP/1.1" 200 7 "-" "Java/1.5.0_21" 220 183
127.0.0.1 - - [09/Jan/2016:19:30:38 -0500] "GET /opensso/namingservice HTTP/1.1" 200 7 "-" "Java/1.5.0_21" 220 183
127.0.0.1 - - [09/Jan/2016:19:30:42 -0500] "GET /opensso/namingservice HTTP/1.1" 200 7 "-" "Java/1.5.0_21" 220 183
137.78.207.218 - - [09/Jan/2016:19:30:46 -0500] "HEAD /LMMPUI/LMMP_CLIENT/LMMP.html HTTP/1.1" 200 - "-" "curl/7.38.0" 110 274
66.249.66.99 - - [09/Jan/2016:19:30:50 -0500] "GET /redmine/projects/lmmpwiki/wiki/ILIADS HTTP/1.1" 200 8941 "-" "Mozilla/5.0 (iPhone; CPU iPhone OS 8_3 like Mac OS X) AppleWebKit/600.1.4 (KHTML, like Gecko) Version/8.0 Mobile/12F70 Safari/600.1.4 (compatible; Googlebot/2.1; +http://www.google.com/bot.html)" 814 13535
127.0.0.1 - - [09/Jan/2016:19:31:08 -0500] "GET /opensso/namingservice HTTP/1.1" 200 7 "-" "Java/1.5.0_21" 220 183
127.0.0.1 - - [09/Jan/2016:19:31:12 -0500] "GET /opensso/namingservice HTTP/1.1" 200 7 "-" "Java/1.5.0_21" 220 183
127.0.0.1 - - [09/Jan/2016:19:31:38 -0500] "GET /opensso/namingservice HTTP/1.1" 200 7 "-" "Java/1.5.0_21" 220 183
127.0.0.1 - - [09/Jan/2016:19:31:42 -0500] "GET /opensso/namingservice HTTP/1.1" 200 7 "-" "Java/1.5.0_21" 220 183
127.0.0.1 - - [09/Jan/2016:19:32:08 -0500] "GET /opensso/namingservice HTTP/1.1" 200 7 "-" "Java/1.5.0_21" 220 183
127.0.0.1 - - [09/Jan/2016:19:32:12 -0500] "GET /opensso/namingservice HTTP/1.1" 200 7 "-" "Java/1.5.0_21" 220 183
66.249.66.171 - - [09/Jan/2016:19:32:21 -0500] "GET /redmine/issues/gantt?month=9&months=6&year=2104&zoom=4 HTTP/1.1" 200 50932 "-" "Mozilla/5.0 (compatible; Googlebot/2.1; +http://www.google.com/bot.html)" 345 51621
101.182.110.154 - - [09/Jan/2016:19:32:26 -0500] "GET /LMMPUI/LMMP_CLIENT/LMMP.html HTTP/1.1" 200 9400 "-" "Mozilla/5.0 (Macintosh; Intel Mac OS X 10_10_5) AppleWebKit/601.4.2 (KHTML, like Gecko)" 333 9730
101.182.110.154 - - [09/Jan/2016:19:32:28 -0500] "GET /apple-touch-icon-precomposed.png HTTP/1.1" 404 230 "-" "Safari/10601.4.2 CFNetwork/720.5.7 Darwin/14.5.0 (x86_64)" 239 475
101.182.110.154 - - [09/Jan/2016:19:32:28 -0500] "GET /favicon.ico HTTP/1.1" 404 209 "-" "Safari/10601.4.2 CFNetwork/720.5.7 Darwin/14.5.0 (x86_64)" 218 454
101.182.110.154 - - [09/Jan/2016:19:32:28 -0500] "GET /apple-touch-icon.png HTTP/1.1" 404 218 "-" "Safari/10601.4.2 CFNetwork/720.5.7 Darwin/14.5.0 (x86_64)" 227 462
101.182.110.154 - - [09/Jan/2016:19:32:29 -0500] "GET /apple-touch-icon-precomposed.png HTTP/1.1" 404 230 "-" "Safari/10601.4.2 CFNetwork/720.5.7 Darwin/14.5.0 (x86_64)" 239 474
101.182.110.154 - - [09/Jan/2016:19:32:29 -0500] "GET /apple-touch-icon.png HTTP/1.1" 404 218 "-" "Safari/10601.4.2 CFNetwork/720.5.7 Darwin/14.5.0 (x86_64)" 227 462
127.0.0.1 - - [09/Jan/2016:19:32:38 -0500] "GET /opensso/namingservice HTTP/1.1" 200 7 "-" "Java/1.5.0_21" 220 183
127.0.0.1 - - [09/Jan/2016:19:32:42 -0500] "GET /opensso/namingservice HTTP/1.1" 200 7 "-" "Java/1.5.0_21" 220 183
127.0.0.1 - - [09/Jan/2016:19:33:08 -0500] "GET /opensso/namingservice HTTP/1.1" 200 7 "-" "Java/1.5.0_21" 220 183
127.0.0.1 - - [09/Jan/2016:19:33:12 -0500] "GET /opensso/namingservice HTTP/1.1" 200 7 "-" "Java/1.5.0_21" 220 183
127.0.0.1 - - [09/Jan/2016:19:33:38 -0500] "GET /opensso/namingservice HTTP/1.1" 200 7 "-" "Java/1.5.0_21" 220 183
127.0.0.1 - - [09/Jan/2016:19:33:42 -0500] "GET /opensso/namingservice HTTP/1.1" 200 7 "-" "Java/1.5.0_21" 220 183
127.0.0.1 - - [09/Jan/2016:19:34:08 -0500] "GET /opensso/namingservice HTTP/1.1" 200 7 "-" "Java/1.5.0_21" 220 183
127.0.0.1 - - [09/Jan/2016:19:34:12 -0500] "GET /opensso/namingservice HTTP/1.1" 200 7 "-" "Java/1.5.0_21" 220 183
127.0.0.1 - - [09/Jan/2016:19:34:38 -0500] "GET /opensso/namingservice HTTP/1.1" 200 7 "-" "Java/1.5.0_21" 220 183
127.0.0.1 - - [09/Jan/2016:19:34:42 -0500] "GET /opensso/namingservice HTTP/1.1" 200 7 "-" "Java/1.5.0_21" 220 183
127.0.0.1 - - [09/Jan/2016:19:35:08 -0500] "GET /opensso/namingservice HTTP/1.1" 200 7 "-" "Java/1.5.0_21" 220 183
127.0.0.1 - - [09/Jan/2016:19:35:12 -0500] "GET /opensso/namingservice HTTP/1.1" 200 7 "-" "Java/1.5.0_21" 220 183
127.0.0.1 - - [09/Jan/2016:19:35:38 -0500] "GET /opensso/namingservice HTTP/1.1" 200 7 "-" "Java/1.5.0_21" 220 183
127.0.0.1 - - [09/Jan/2016:19:35:42 -0500] "GET /opensso/namingservice HTTP/1.1" 200 7 "-" "Java/1.5.0_21" 220 183
137.78.207.218 - - [09/Jan/2016:19:35:46 -0500] "HEAD /LMMPUI/LMMP_CLIENT/LMMP.html HTTP/1.1" 200 - "-" "curl/7.38.0" 110 274
127.0.0.1 - - [09/Jan/2016:19:36:08 -0500] "GET /opensso/namingservice HTTP/1.1" 200 7 "-" "Java/1.5.0_21" 220 183
66.249.66.163 - - [09/Jan/2016:19:36:08 -0500] "GET /redmine/issues/gantt?month=10&months=6&year=2895&zoom=1 HTTP/1.1" 200 27588 "-" "Mozilla/5.0 (compatible; Googlebot/2.1; +http://www.google.com/bot.html)" 346 28277
127.0.0.1 - - [09/Jan/2016:19:36:12 -0500] "GET /opensso/namingservice HTTP/1.1" 200 7 "-" "Java/1.5.0_21" 220 183
127.0.0.1 - - [09/Jan/2016:19:36:38 -0500] "GET /opensso/namingservice HTTP/1.1" 200 7 "-" "Java/1.5.0_21" 220 183
127.0.0.1 - - [09/Jan/2016:19:36:42 -0500] "GET /opensso/namingservice HTTP/1.1" 200 7 "-" "Java/1.5.0_21" 220 183
127.0.0.1 - - [09/Jan/2016:19:37:08 -0500] "GET /opensso/namingservice HTTP/1.1" 200 7 "-" "Java/1.5.0_21" 220 183
127.0.0.1 - - [09/Jan/2016:19:37:12 -0500] "GET /opensso/namingservice HTTP/1.1" 200 7 "-" "Java/1.5.0_21" 220 183
127.0.0.1 - - [09/Jan/2016:19:37:38 -0500] "GET /opensso/namingservice HTTP/1.1" 200 7 "-" "Java/1.5.0_21" 220 183
127.0.0.1 - - [09/Jan/2016:19:37:42 -0500] "GET /opensso/namingservice HTTP/1.1" 200 7 "-" "Java/1.5.0_21" 220 183
127.0.0.1 - - [09/Jan/2016:19:38:08 -0500] "GET /opensso/namingservice HTTP/1.1" 200 7 "-" "Java/1.5.0_21" 220 183
127.0.0.1 - - [09/Jan/2016:19:38:12 -0500] "GET /opensso/namingservice HTTP/1.1" 200 7 "-" "Java/1.5.0_21" 220 183
127.0.0.1 - - [09/Jan/2016:19:38:38 -0500] "GET /opensso/namingservice HTTP/1.1" 200 7 "-" "Java/1.5.0_21" 220 183
127.0.0.1 - - [09/Jan/2016:19:38:42 -0500] "GET /opensso/namingservice HTTP/1.1" 200 7 "-" "Java/1.5.0_21" 220 183
127.0.0.1 - - [09/Jan/2016:19:39:08 -0500] "GET /opensso/namingservice HTTP/1.1" 200 7 "-" "Java/1.5.0_21" 220 183
127.0.0.1 - - [09/Jan/2016:19:39:12 -0500] "GET /opensso/namingservice HTTP/1.1" 200 7 "-" "Java/1.5.0_21" 220 183
127.0.0.1 - - [09/Jan/2016:19:39:38 -0500] "GET /opensso/namingservice HTTP/1.1" 200 7 "-" "Java/1.5.0_21" 220 183
127.0.0.1 - - [09/Jan/2016:19:39:42 -0500] "GET /opensso/namingservice HTTP/1.1" 200 7 "-" "Java/1.5.0_21" 220 183
66.249.66.163 - - [09/Jan/2016:19:39:55 -0500] "GET /redmine/issues/gantt?month=2&months=6&year=2562&zoom=1 HTTP/1.1" 200 27564 "-" "Mozilla/5.0 (compatible; Googlebot/2.1; +http://www.google.com/bot.html)" 345 28253
127.0.0.1 - - [09/Jan/2016:19:40:08 -0500] "GET /opensso/namingservice HTTP/1.1" 200 7 "-" "Java/1.5.0_21" 220 183
127.0.0.1 - - [09/Jan/2016:19:40:12 -0500] "GET /opensso/namingservice HTTP/1.1" 200 7 "-" "Java/1.5.0_21" 220 183
127.0.0.1 - - [09/Jan/2016:19:40:38 -0500] "GET /opensso/namingservice HTTP/1.1" 200 7 "-" "Java/1.5.0_21" 220 183
127.0.0.1 - - [09/Jan/2016:19:40:42 -0500] "GET /opensso/namingservice HTTP/1.1" 200 7 "-" "Java/1.5.0_21" 220 183
137.78.207.218 - - [09/Jan/2016:19:40:47 -0500] "HEAD /LMMPUI/LMMP_CLIENT/LMMP.html HTTP/1.1" 200 - "-" "curl/7.38.0" 110 274
127.0.0.1 - - [09/Jan/2016:19:41:08 -0500] "GET /opensso/namingservice HTTP/1.1" 200 7 "-" "Java/1.5.0_21" 220 183
127.0.0.1 - - [09/Jan/2016:19:41:12 -0500] "GET /opensso/namingservice HTTP/1.1" 200 7 "-" "Java/1.5.0_21" 220 183
127.0.0.1 - - [09/Jan/2016:19:41:38 -0500] "GET /opensso/namingservice HTTP/1.1" 200 7 "-" "Java/1.5.0_21" 220 183
127.0.0.1 - - [09/Jan/2016:19:41:42 -0500] "GET /opensso/namingservice HTTP/1.1" 200 7 "-" "Java/1.5.0_21" 220 183
127.0.0.1 - - [09/Jan/2016:19:42:08 -0500] "GET /opensso/namingservice HTTP/1.1" 200 7 "-" "Java/1.5.0_21" 220 183
127.0.0.1 - - [09/Jan/2016:19:42:12 -0500] "GET /opensso/namingservice HTTP/1.1" 200 7 "-" "Java/1.5.0_21" 220 183
127.0.0.1 - - [09/Jan/2016:19:42:38 -0500] "GET /opensso/namingservice HTTP/1.1" 200 7 "-" "Java/1.5.0_21" 220 183
127.0.0.1 - - [09/Jan/2016:19:42:42 -0500] "GET /opensso/namingservice HTTP/1.1" 200 7 "-" "Java/1.5.0_21" 220 183
127.0.0.1 - - [09/Jan/2016:19:43:08 -0500] "GET /opensso/namingservice HTTP/1.1" 200 7 "-" "Java/1.5.0_21" 220 183
83.220.238.65 - - [09/Jan/2016:19:43:08 -0500] "GET /arcgis/rest/services/CombinedNomenclature/MapServer?f=json HTTP/1.1" 502 481 "-" "ArcGIS.Android-10.2.3/5.1.1/SAMSUNG-SM-G925F" 206 668
127.0.0.1 - - [09/Jan/2016:19:43:12 -0500] "GET /opensso/namingservice HTTP/1.1" 200 7 "-" "Java/1.5.0_21" 220 183
83.220.238.65 - - [09/Jan/2016:19:43:05 -0500] "GET /arcgis/rest/services/CombinedNomenclature/MapServer?f=json HTTP/1.1" 200 807 "-" "ArcGIS.Android-10.2.3/5.1.1/SAMSUNG-SM-G925F" 206 1103
127.0.0.1 - - [09/Jan/2016:19:43:38 -0500] "GET /opensso/namingservice HTTP/1.1" 200 7 "-" "Java/1.5.0_21" 220 183
127.0.0.1 - - [09/Jan/2016:19:43:42 -0500] "GET /opensso/namingservice HTTP/1.1" 200 7 "-" "Java/1.5.0_21" 220 183
66.249.66.101 - - [09/Jan/2016:19:43:42 -0500] "GET /redmine/issues/gantt?month=1&months=6&year=1994&zoom=3 HTTP/1.1" 200 51084 "-" "Mozilla/5.0 (compatible; Googlebot/2.1; +http://www.google.com/bot.html)" 659 56037
83.220.238.65 - - [09/Jan/2016:19:43:48 -0500] "GET /arcgis/rest/services/CombinedNomenclature/MapServer?f=json HTTP/1.1" 200 807 "-" "ArcGIS.Android-10.2.3/5.1.1/SAMSUNG-SM-G925F" 206 1103
83.220.238.65 - - [09/Jan/2016:19:43:51 -0500] "GET /arcgis/rest/services/CombinedNomenclature/MapServer?f=json HTTP/1.1" 200 807 "-" "ArcGIS.Android-10.2.3/5.1.1/SAMSUNG-SM-G925F" 206 1103
83.220.238.65 - - [09/Jan/2016:19:43:49 -0500] "GET /arcgis/rest/services/CombinedNomenclature/MapServer/export?f=image&bbox=-154.5103940526177%2C-117.48302092055732%2C-20.265689648754545%2C93.90797864166953&bboxSR=104903&size=529%2C833&format=png&transparent=true&dpi=213&imageSR=104903&layers=hide%3A-1 HTTP/1.1" 200 343 "-" "ArcGIS.Android-10.2.3/5.1.1/SAMSUNG-SM-G925F" 399 630
83.220.238.65 - - [09/Jan/2016:19:43:51 -0500] "GET /arcgis/rest/services/CombinedNomenclature/MapServer/export?f=image&bbox=-206.64832526423623%2C-66.83474488641357%2C31.89614002807258%2C43.04797157270315&bboxSR=104903&size=940%2C433&format=png&transparent=true&dpi=213&imageSR=104903&layers=hide%3A-1 HTTP/1.1" 200 326 "-" "ArcGIS.Android-10.2.3/5.1.1/SAMSUNG-SM-G925F" 397 614
83.220.238.65 - - [09/Jan/2016:19:43:56 -0500] "GET /arcgis/rest/services/CombinedNomenclature/MapServer?f=json HTTP/1.1" 200 807 "-" "ArcGIS.Android-10.2.3/5.1.1/SAMSUNG-SM-G925F" 206 1102
83.220.238.65 - - [09/Jan/2016:19:43:57 -0500] "GET /arcgis/rest/services/CombinedNomenclature/MapServer/export?f=image&bbox=-154.5103940526177%2C-117.48302092055732%2C-20.265689648754545%2C93.90797864166953&bboxSR=104903&size=529%2C833&format=png&transparent=true&dpi=213&imageSR=104903&layers=hide%3A-1 HTTP/1.1" 200 343 "-" "ArcGIS.Android-10.2.3/5.1.1/SAMSUNG-SM-G925F" 399 630
127.0.0.1 - - [09/Jan/2016:19:44:08 -0500] "GET /opensso/namingservice HTTP/1.1" 200 7 "-" "Java/1.5.0_21" 220 183
83.220.238.65 - - [09/Jan/2016:19:44:09 -0500] "GET /arcgis/rest/services/CombinedNomenclature/MapServer?f=json HTTP/1.1" 200 807 "-" "ArcGIS.Android-10.2.3/5.1.1/SAMSUNG-SM-G925F" 206 1103
83.220.238.65 - - [09/Jan/2016:19:44:10 -0500] "GET /arcgis/rest/services/CombinedNomenclature/MapServer/export?f=image&bbox=-206.64832526423623%2C-66.83474488641357%2C31.89614002807258%2C43.04797157270315&bboxSR=104903&size=940%2C433&format=png&transparent=true&dpi=213&imageSR=104903&layers=hide%3A-1 HTTP/1.1" 200 326 "-" "ArcGIS.Android-10.2.3/5.1.1/SAMSUNG-SM-G925F" 397 614
127.0.0.1 - - [09/Jan/2016:19:44:12 -0500] "GET /opensso/namingservice HTTP/1.1" 200 7 "-" "Java/1.5.0_21" 220 183
127.0.0.1 - - [09/Jan/2016:19:44:38 -0500] "GET /opensso/namingservice HTTP/1.1" 200 7 "-" "Java/1.5.0_21" 220 183
127.0.0.1 - - [09/Jan/2016:19:44:42 -0500] "GET /opensso/namingservice HTTP/1.1" 200 7 "-" "Java/1.5.0_21" 220 183
83.220.238.65 - - [09/Jan/2016:19:44:53 -0500] "GET /arcgis/rest/services/CombinedNomenclature/MapServer/export?f=image&bbox=-206.64832526423623%2C-66.83474488641357%2C31.89614002807258%2C43.04797157270315&bboxSR=104903&size=940%2C433&format=png&transparent=true&dpi=213&imageSR=104903&layers=hide%3A-1 HTTP/1.1" 200 326 "-" "ArcGIS.Android-10.2.3/5.1.1/SAMSUNG-SM-G925F" 397 614
127.0.0.1 - - [09/Jan/2016:19:45:08 -0500] "GET /opensso/namingservice HTTP/1.1" 200 7 "-" "Java/1.5.0_21" 220 183
127.0.0.1 - - [09/Jan/2016:19:45:12 -0500] "GET /opensso/namingservice HTTP/1.1" 200 7 "-" "Java/1.5.0_21" 220 183
95.72.81.214 - - [09/Jan/2016:19:45:19 -0500] "GET /arcgis/rest/services/CombinedNomenclature/MapServer/export?f=image&bbox=-159.53914222960657%2C-45.309570150782065%2C74.90372471813376%2C62.68379302833661&bboxSR=104903&size=940%2C433&format=png&transparent=true&dpi=213&imageSR=104903&layers=hide%3A-1 HTTP/1.1" 200 326 "-" "ArcGIS.Android-10.2.3/5.1.1/SAMSUNG-SM-G925F" 398 613
95.72.81.214 - - [09/Jan/2016:19:45:20 -0500] "GET /arcgis/rest/services/CombinedNomenclature/MapServer/export?f=image&bbox=-161.79800663590677%2C-46.65048151780746%2C76.74645865640204%2C63.232234941309265&bboxSR=104903&size=940%2C433&format=png&transparent=true&dpi=213&imageSR=104903&layers=hide%3A-1 HTTP/1.1" 200 326 "-" "ArcGIS.Android-10.2.3/5.1.1/SAMSUNG-SM-G925F" 398 613
95.72.81.214 - - [09/Jan/2016:19:45:25 -0500] "GET /arcgis/rest/services/CombinedNomenclature/MapServer/export?f=image&bbox=-90.63847555659797%2C-15.433196009800223%2C-9.58874617103416%2C21.9014133773797&bboxSR=104903&size=940%2C433&format=png&transparent=true&dpi=213&imageSR=104903&layers=hide%3A-1 HTTP/1.1" 200 4552 "-" "ArcGIS.Android-10.2.3/5.1.1/SAMSUNG-SM-G925F" 396 4839
95.72.81.214 - - [09/Jan/2016:19:45:27 -0500] "GET /arcgis/rest/services/CombinedNomenclature/MapServer/export?f=image&bbox=-35.17245901595083%2C-16.774201690812898%2C45.87727036961298%2C20.560407696367026&bboxSR=104903&size=940%2C433&format=png&transparent=true&dpi=213&imageSR=104903&layers=hide%3A-1 HTTP/1.1" 200 5473 "-" "ArcGIS.Android-10.2.3/5.1.1/SAMSUNG-SM-G925F" 398 5761
95.72.81.214 - - [09/Jan/2016:19:45:30 -0500] "GET /arcgis/rest/services/CombinedNomenclature/MapServer/export?f=image&bbox=-85.88500087054373%2C-12.377396354630381%2C-4.835271484979927%2C24.957213032549543&bboxSR=104903&size=940%2C433&format=png&transparent=true&dpi=213&imageSR=104903&layers=hide%3A-1 HTTP/1.1" 200 4555 "-" "ArcGIS.Android-10.2.3/5.1.1/SAMSUNG-SM-G925F" 399 4842
95.72.81.214 - - [09/Jan/2016:19:45:31 -0500] "GET /arcgis/rest/services/CombinedNomenclature/MapServer/export?f=image&bbox=-113.12939957449274%2C-13.804501374560942%2C-32.07967018892893%2C23.53010801261898&bboxSR=104903&size=940%2C433&format=png&transparent=true&dpi=213&imageSR=104903&layers=hide%3A-1 HTTP/1.1" 200 6009 "-" "ArcGIS.Android-10.2.3/5.1.1/SAMSUNG-SM-G925F" 399 6296
95.72.81.214 - - [09/Jan/2016:19:45:32 -0500] "GET /arcgis/rest/services/CombinedNomenclature/MapServer/export?f=image&bbox=-104.29266347057967%2C-1.3376681686401746%2C-23.24293408501586%2C35.996941218539746&bboxSR=104903&size=940%2C433&format=png&transparent=true&dpi=213&imageSR=104903&layers=hide%3A-1 HTTP/1.1" 200 4547 "-" "ArcGIS.Android-10.2.3/5.1.1/SAMSUNG-SM-G925F" 400 4835
95.72.81.214 - - [09/Jan/2016:19:45:34 -0500] "GET /arcgis/rest/services/CombinedNomenclature/MapServer/export?f=image&bbox=-138.3999679742307%2C-17.150902412614155%2C-57.35023858866688%2C20.18370697456577&bboxSR=104903&size=940%2C433&format=png&transparent=true&dpi=213&imageSR=104903&layers=hide%3A-1 HTTP/1.1" 200 6167 "-" "ArcGIS.Android-10.2.3/5.1.1/SAMSUNG-SM-G925F" 398 6455
95.72.81.214 - - [09/Jan/2016:19:45:36 -0500] "GET /arcgis/rest/services/CombinedNomenclature/MapServer/export?f=image&bbox=-161.69017238152537%2C-32.24682302821962%2C-80.64044299596156%2C5.087786358960301&bboxSR=104903&size=940%2C433&format=png&transparent=true&dpi=213&imageSR=104903&layers=hide%3A-1 HTTP/1.1" 200 6207 "-" "ArcGIS.Android-10.2.3/5.1.1/SAMSUNG-SM-G925F" 398 6496
127.0.0.1 - - [09/Jan/2016:19:45:38 -0500] "GET /opensso/namingservice HTTP/1.1" 200 7 "-" "Java/1.5.0_21" 220 183
127.0.0.1 - - [09/Jan/2016:19:45:42 -0500] "GET /opensso/namingservice HTTP/1.1" 200 7 "-" "Java/1.5.0_21" 220 183
95.72.81.214 - - [09/Jan/2016:19:45:44 -0500] "GET /arcgis/rest/services/CombinedNomenclature/MapServer/export?f=image&bbox=-144.8801594083984%2C-26.5233170015486%2C-110.50622156797193%2C-10.689364783564914&bboxSR=104903&size=940%2C433&format=png&transparent=true&dpi=213&imageSR=104903&layers=hide%3A-1 HTTP/1.1" 200 4872 "-" "ArcGIS.Android-10.2.3/5.1.1/SAMSUNG-SM-G925F" 399 5161
137.78.207.218 - - [09/Jan/2016:19:45:47 -0500] "HEAD /LMMPUI/LMMP_CLIENT/LMMP.html HTTP/1.1" 200 - "-" "curl/7.38.0" 110 274
95.72.81.214 - - [09/Jan/2016:19:45:48 -0500] "GET /arcgis/rest/services/CombinedNomenclature/MapServer/export?f=image&bbox=-134.61375235449322%2C-21.455720462239675%2C-123.57347056989884%2C-16.37014385295312&bboxSR=104903&size=940%2C433&format=png&transparent=true&dpi=213&imageSR=104903&layers=hide%3A-1 HTTP/1.1" 200 4370 "-" "ArcGIS.Android-10.2.3/5.1.1/SAMSUNG-SM-G925F" 401 4658
95.72.81.214 - - [09/Jan/2016:19:45:50 -0500] "GET /arcgis/rest/services/CombinedNomenclature/MapServer/export?f=image&bbox=-131.9691030728543%2C-19.416687786719486%2C-120.92882128825993%2C-14.33111117743293&bboxSR=104903&size=940%2C433&format=png&transparent=true&dpi=213&imageSR=104903&layers=hide%3A-1 HTTP/1.1" 200 4803 "-" "ArcGIS.Android-10.2.3/5.1.1/SAMSUNG-SM-G925F" 400 5091
95.72.81.214 - - [09/Jan/2016:19:45:52 -0500] "GET /arcgis/rest/services/CombinedNomenclature/MapServer/export?f=image&bbox=-129.79524264391193%2C-17.819800574959224%2C-118.75496085931756%2C-12.734223965672669&bboxSR=104903&size=940%2C433&format=png&transparent=true&dpi=213&imageSR=104903&layers=hide%3A-1 HTTP/1.1" 200 3728 "-" "ArcGIS.Android-10.2.3/5.1.1/SAMSUNG-SM-G925F" 402 4016
95.72.81.214 - - [09/Jan/2016:19:45:58 -0500] "GET /arcgis/rest/services/CombinedNomenclature/MapServer/export?f=image&bbox=-127.0706693435282%2C-16.47594534290824%2C-123.4677755811475%2C-14.816314492790328&bboxSR=104903&size=940%2C433&format=png&transparent=true&dpi=213&imageSR=104903&layers=hide%3A-1 HTTP/1.1" 200 326 "-" "ArcGIS.Android-10.2.3/5.1.1/SAMSUNG-SM-G925F" 399 613
95.72.81.214 - - [09/Jan/2016:19:46:00 -0500] "GET /arcgis/rest/services/CombinedNomenclature/MapServer/export?f=image&bbox=-128.3380093872065%2C-17.04842358212517%2C-124.73511562482582%2C-15.388792732007259&bboxSR=104903&size=940%2C433&format=png&transparent=true&dpi=213&imageSR=104903&layers=hide%3A-1 HTTP/1.1" 200 326 "-" "ArcGIS.Android-10.2.3/5.1.1/SAMSUNG-SM-G925F" 400 612
95.72.81.214 - - [09/Jan/2016:19:46:01 -0500] "GET /arcgis/rest/services/CombinedNomenclature/MapServer/export?f=image&bbox=-128.69219665322748%2C-17.503242217772485%2C-125.0893028908468%2C-15.843611367654573&bboxSR=104903&size=940%2C433&format=png&transparent=true&dpi=213&imageSR=104903&layers=hide%3A-1 HTTP/1.1" 200 2599 "-" "ArcGIS.Android-10.2.3/5.1.1/SAMSUNG-SM-G925F" 401 2888
95.72.81.214 - - [09/Jan/2016:19:46:05 -0500] "GET /arcgis/rest/services/CombinedNomenclature/MapServer/export?f=image&bbox=-127.39075873673423%2C-16.985623106369733%2C-126.30154111542885%2C-16.48388775527906&bboxSR=104903&size=940%2C433&format=png&transparent=true&dpi=213&imageSR=104903&layers=hide%3A-1 HTTP/1.1" 200 326 "-" "ArcGIS.Android-10.2.3/5.1.1/SAMSUNG-SM-G925F" 401 612
95.72.81.214 - - [09/Jan/2016:19:46:06 -0500] "GET /arcgis/rest/services/CombinedNomenclature/MapServer/export?f=image&bbox=-127.41228041418023%2C-16.830338225353046%2C-126.32306279287485%2C-16.328602874262373&bboxSR=104903&size=940%2C433&format=png&transparent=true&dpi=213&imageSR=104903&layers=hide%3A-1 HTTP/1.1" 200 326 "-" "ArcGIS.Android-10.2.3/5.1.1/SAMSUNG-SM-G925F" 402 613
95.72.81.214 - - [09/Jan/2016:19:45:58 -0500] "GET /arcgis/rest/services/CombinedNomenclature/MapServer/export?f=image&bbox=-127.73685779922046%2C-16.78690286662796%2C-124.13396403683977%2C-15.127272016510046&bboxSR=104903&size=940%2C433&format=png&transparent=true&dpi=213&imageSR=104903&layers=hide%3A-1 HTTP/1.1" 200 326 "-" "ArcGIS.Android-10.2.3/5.1.1/SAMSUNG-SM-G925F" 401 613
127.0.0.1 - - [09/Jan/2016:19:46:08 -0500] "GET /opensso/namingservice HTTP/1.1" 200 7 "-" "Java/1.5.0_21" 220 183
95.72.81.214 - - [09/Jan/2016:19:46:09 -0500] "GET /arcgis/rest/services/CombinedNomenclature/MapServer/export?f=image&bbox=-127.37906794898574%2C-16.54711892840734%2C-126.28985032768036%2C-16.045383577316667&bboxSR=104903&size=940%2C433&format=png&transparent=true&dpi=213&imageSR=104903&layers=hide%3A-1 HTTP/1.1" 200 326 "-" "ArcGIS.Android-10.2.3/5.1.1/SAMSUNG-SM-G925F" 401 614
95.72.81.214 - - [09/Jan/2016:19:46:10 -0500] "GET /arcgis/rest/services/CombinedNomenclature/MapServer/export?f=image&bbox=-127.26944756099307%2C-16.262812390276796%2C-126.18022993968769%2C-15.761077039186123&bboxSR=104903&size=940%2C433&format=png&transparent=true&dpi=213&imageSR=104903&layers=hide%3A-1 HTTP/1.1" 200 326 "-" "ArcGIS.Android-10.2.3/5.1.1/SAMSUNG-SM-G925F" 402 613
95.72.81.214 - - [09/Jan/2016:19:46:11 -0500] "GET /arcgis/rest/services/CombinedNomenclature/MapServer/export?f=image&bbox=-127.27098540192047%2C-15.995523296578162%2C-126.18176778061509%2C-15.493787945487488&bboxSR=104903&size=940%2C433&format=png&transparent=true&dpi=213&imageSR=104903&layers=hide%3A-1 HTTP/1.1" 200 326 "-" "ArcGIS.Android-10.2.3/5.1.1/SAMSUNG-SM-G925F" 402 613
127.0.0.1 - - [09/Jan/2016:19:46:12 -0500] "GET /opensso/namingservice HTTP/1.1" 200 7 "-" "Java/1.5.0_21" 220 183
95.72.81.214 - - [09/Jan/2016:19:46:12 -0500] "GET /arcgis/rest/services/CombinedNomenclature/MapServer/export?f=image&bbox=-127.07531399129165%2C-15.319798933407576%2C-125.98609636998627%2C-14.818063582316903&bboxSR=104903&size=940%2C433&format=png&transparent=true&dpi=213&imageSR=104903&layers=hide%3A-1 HTTP/1.1" 200 326 "-" "ArcGIS.Android-10.2.3/5.1.1/SAMSUNG-SM-G925F" 402 613
95.72.81.214 - - [09/Jan/2016:19:46:13 -0500] "GET /arcgis/rest/services/CombinedNomenclature/MapServer/export?f=image&bbox=-126.80278568310302%2C-15.07316539833603%2C-125.71356806179764%2C-14.571430047245357&bboxSR=104903&size=940%2C433&format=png&transparent=true&dpi=213&imageSR=104903&layers=hide%3A-1 HTTP/1.1" 200 326 "-" "ArcGIS.Android-10.2.3/5.1.1/SAMSUNG-SM-G925F" 401 612
95.72.81.214 - - [09/Jan/2016:19:46:15 -0500] "GET /arcgis/rest/services/CombinedNomenclature/MapServer/export?f=image&bbox=-126.36145844559904%2C-14.989768898232738%2C-125.27224082429366%2C-14.488033547142065&bboxSR=104903&size=940%2C433&format=png&transparent=true&dpi=213&imageSR=104903&layers=hide%3A-1 HTTP/1.1" 200 326 "-" "ArcGIS.Android-10.2.3/5.1.1/SAMSUNG-SM-G925F" 402 613
95.72.81.214 - - [09/Jan/2016:19:46:16 -0500] "GET /arcgis/rest/services/CombinedNomenclature/MapServer/export?f=image&bbox=-126.28682047570436%2C-14.95536817001149%2C-125.35452442898088%2C-14.525916905935677&bboxSR=104903&size=940%2C433&format=png&transparent=true&dpi=213&imageSR=104903&layers=hide%3A-1 HTTP/1.1" 200 326 "-" "ArcGIS.Android-10.2.3/5.1.1/SAMSUNG-SM-G925F" 401 613
95.72.81.214 - - [09/Jan/2016:19:46:17 -0500] "GET /arcgis/rest/services/CombinedNomenclature/MapServer/export?f=image&bbox=-126.28623986499865%2C-14.955274021708483%2C-125.35442554745057%2C-14.526044660540059&bboxSR=104903&size=940%2C433&format=png&transparent=true&dpi=213&imageSR=104903&layers=hide%3A-1 HTTP/1.1" 200 326 "-" "ArcGIS.Android-10.2.3/5.1.1/SAMSUNG-SM-G925F" 402 614
95.72.81.214 - - [09/Jan/2016:19:46:19 -0500] "GET /arcgis/rest/services/CombinedNomenclature/MapServer/export?f=image&bbox=-125.38893492926428%2C-14.65115487088399%2C-124.45712061171619%2C-14.221925509715566&bboxSR=104903&size=940%2C433&format=png&transparent=true&dpi=213&imageSR=104903&layers=hide%3A-1 HTTP/1.1" 200 326 "-" "ArcGIS.Android-10.2.3/5.1.1/SAMSUNG-SM-G925F" 401 612
95.72.81.214 - - [09/Jan/2016:19:46:23 -0500] "GET /arcgis/rest/services/CombinedNomenclature/MapServer/export?f=image&bbox=-123.2215579431691%2C-13.442814595069237%2C-122.28974362562101%2C-13.013585233900812&bboxSR=104903&size=940%2C433&format=png&transparent=true&dpi=213&imageSR=104903&layers=hide%3A-1 HTTP/1.1" 200 326 "-" "ArcGIS.Android-10.2.3/5.1.1/SAMSUNG-SM-G925F" 401 614
95.72.81.214 - - [09/Jan/2016:19:46:24 -0500] "GET /arcgis/rest/services/CombinedNomenclature/MapServer/export?f=image&bbox=-122.89810528851427%2C-13.31214358674543%2C-121.96629097096618%2C-12.882914225577005&bboxSR=104903&size=940%2C433&format=png&transparent=true&dpi=213&imageSR=104903&layers=hide%3A-1 HTTP/1.1" 200 326 "-" "ArcGIS.Android-10.2.3/5.1.1/SAMSUNG-SM-G925F" 401 613
95.72.81.214 - - [09/Jan/2016:19:46:25 -0500] "GET /arcgis/rest/services/CombinedNomenclature/MapServer/export?f=image&bbox=-122.64375284961149%2C-13.107954153973298%2C-121.71193853206341%2C-12.678724792804873&bboxSR=104903&size=940%2C433&format=png&transparent=true&dpi=213&imageSR=104903&layers=hide%3A-1 HTTP/1.1" 200 326 "-" "ArcGIS.Android-10.2.3/5.1.1/SAMSUNG-SM-G925F" 402 614
95.72.81.214 - - [09/Jan/2016:19:46:26 -0500] "GET /arcgis/rest/services/CombinedNomenclature/MapServer/export?f=image&bbox=-122.53441994245132%2C-12.932149225944698%2C-121.60260562490325%2C-12.502919864776274&bboxSR=104903&size=940%2C433&format=png&transparent=true&dpi=213&imageSR=104903&layers=hide%3A-1 HTTP/1.1" 200 326 "-" "ArcGIS.Android-10.2.3/5.1.1/SAMSUNG-SM-G925F" 402 613
95.72.81.214 - - [09/Jan/2016:19:46:28 -0500] "GET /arcgis/rest/services/CombinedNomenclature/MapServer/export?f=image&bbox=-122.47304804030344%2C-12.70226030914802%2C-121.54123372275535%2C-12.273030947979596&bboxSR=104903&size=940%2C433&format=png&transparent=true&dpi=213&imageSR=104903&layers=hide%3A-1 HTTP/1.1" 200 326 "-" "ArcGIS.Android-10.2.3/5.1.1/SAMSUNG-SM-G925F" 401 612
95.72.81.214 - - [09/Jan/2016:19:46:29 -0500] "GET /arcgis/rest/services/CombinedNomenclature/MapServer/export?f=image&bbox=-122.43554298899079%2C-12.619855744701152%2C-121.5037286714427%2C-12.190626383532727&bboxSR=104903&size=940%2C433&format=png&transparent=true&dpi=213&imageSR=104903&layers=hide%3A-1 HTTP/1.1" 200 326 "-" "ArcGIS.Android-10.2.3/5.1.1/SAMSUNG-SM-G925F" 401 614
95.72.81.214 - - [09/Jan/2016:19:46:33 -0500] "GET /arcgis/rest/services/CombinedNomenclature/MapServer/export?f=image&bbox=-122.42850462093915%2C-12.622120143250783%2C-121.49669030339106%2C-12.192890782082358&bboxSR=104903&size=940%2C433&format=png&transparent=true&dpi=213&imageSR=104903&layers=hide%3A-1 HTTP/1.1" 200 326 "-" "ArcGIS.Android-10.2.3/5.1.1/SAMSUNG-SM-G925F" 402 613
95.72.81.214 - - [09/Jan/2016:19:46:34 -0500] "GET /arcgis/rest/services/CombinedNomenclature/MapServer/export?f=image&bbox=-122.18119858561633%2C-12.336293294808646%2C-121.24938426806824%2C-11.907063933640222&bboxSR=104903&size=940%2C433&format=png&transparent=true&dpi=213&imageSR=104903&layers=hide%3A-1 HTTP/1.1" 200 326 "-" "ArcGIS.Android-10.2.3/5.1.1/SAMSUNG-SM-G925F" 402 614
95.72.81.214 - - [09/Jan/2016:19:46:35 -0500] "GET /arcgis/rest/services/CombinedNomenclature/MapServer/export?f=image&bbox=-122.14620496985384%2C-12.187267186514244%2C-121.21439065230575%2C-11.75803782534582&bboxSR=104903&size=940%2C433&format=png&transparent=true&dpi=213&imageSR=104903&layers=hide%3A-1 HTTP/1.1" 200 326 "-" "ArcGIS.Android-10.2.3/5.1.1/SAMSUNG-SM-G925F" 401 613
95.72.81.214 - - [09/Jan/2016:19:46:36 -0500] "GET /arcgis/rest/services/CombinedNomenclature/MapServer/export?f=image&bbox=-122.23191084882451%2C-11.681227818345901%2C-121.30009653127644%2C-11.251998457177477&bboxSR=104903&size=940%2C433&format=png&transparent=true&dpi=213&imageSR=104903&layers=hide%3A-1 HTTP/1.1" 200 326 "-" "ArcGIS.Android-10.2.3/5.1.1/SAMSUNG-SM-G925F" 402 612
127.0.0.1 - - [09/Jan/2016:19:46:38 -0500] "GET /opensso/namingservice HTTP/1.1" 200 7 "-" "Java/1.5.0_21" 220 183
95.72.81.214 - - [09/Jan/2016:19:46:37 -0500] "GET /arcgis/rest/services/CombinedNomenclature/MapServer/export?f=image&bbox=-122.23145624214195%2C-11.681227818345903%2C-121.29964192459386%2C-11.251998457177478&bboxSR=104903&size=940%2C433&format=png&transparent=true&dpi=213&imageSR=104903&layers=hide%3A-1 HTTP/1.1" 200 326 "-" "ArcGIS.Android-10.2.3/5.1.1/SAMSUNG-SM-G925F" 402 614
95.72.81.214 - - [09/Jan/2016:19:46:38 -0500] "GET /arcgis/rest/services/CombinedNomenclature/MapServer/export?f=image&bbox=-122.7753931378478%2C-11.849233400476493%2C-121.84357882029971%2C-11.420004039308068&bboxSR=104903&size=940%2C433&format=png&transparent=true&dpi=213&imageSR=104903&layers=hide%3A-1 HTTP/1.1" 200 326 "-" "ArcGIS.Android-10.2.3/5.1.1/SAMSUNG-SM-G925F" 401 613
95.72.81.214 - - [09/Jan/2016:19:46:40 -0500] "GET /arcgis/rest/services/CombinedNomenclature/MapServer/export?f=image&bbox=-123.55597913831087%2C-12.215833157351467%2C-122.62416482076279%2C-11.786603796183043&bboxSR=104903&size=940%2C433&format=png&transparent=true&dpi=213&imageSR=104903&layers=hide%3A-1 HTTP/1.1" 200 326 "-" "ArcGIS.Android-10.2.3/5.1.1/SAMSUNG-SM-G925F" 402 614
127.0.0.1 - - [09/Jan/2016:19:46:42 -0500] "GET /opensso/namingservice HTTP/1.1" 200 7 "-" "Java/1.5.0_21" 220 183
95.72.81.214 - - [09/Jan/2016:19:46:41 -0500] "GET /arcgis/rest/services/CombinedNomenclature/MapServer/export?f=image&bbox=-123.55552453162831%2C-12.216216731739893%2C-122.62371021408023%2C-11.786987370571469&bboxSR=104903&size=940%2C433&format=png&transparent=true&dpi=213&imageSR=104903&layers=hide%3A-1 HTTP/1.1" 200 326 "-" "ArcGIS.Android-10.2.3/5.1.1/SAMSUNG-SM-G925F" 402 612
95.72.81.214 - - [09/Jan/2016:19:46:42 -0500] "GET /arcgis/rest/services/CombinedNomenclature/MapServer/export?f=image&bbox=-123.96623192456538%2C-12.374318347689508%2C-123.0344176070173%2C-11.945088986521084&bboxSR=104903&size=940%2C433&format=png&transparent=true&dpi=213&imageSR=104903&layers=hide%3A-1 HTTP/1.1" 200 326 "-" "ArcGIS.Android-10.2.3/5.1.1/SAMSUNG-SM-G925F" 401 613
95.72.81.214 - - [09/Jan/2016:19:46:44 -0500] "GET /arcgis/rest/services/CombinedNomenclature/MapServer/export?f=image&bbox=-123.96623192456538%2C-12.37431834768951%2C-123.0344176070173%2C-11.945088986521085&bboxSR=104903&size=940%2C433&format=png&transparent=true&dpi=213&imageSR=104903&layers=hide%3A-1 HTTP/1.1" 200 326 "-" "ArcGIS.Android-10.2.3/5.1.1/SAMSUNG-SM-G925F" 400 612
