66.249.66.191 - - [30/May/2016:03:57:25 -0400] "GET /redmine/projects/lmmpwiki/activity?from=1996-08-17 HTTP/1.1" 200 4829 "-" "Mozilla/5.0 (compatible; Googlebot/2.1; +http://www.google.com/bot.html)" 344 5391
127.0.0.1 - - [30/May/2016:03:57:32 -0400] "GET /opensso/namingservice HTTP/1.1" 200 7 "-" "Java/1.5.0_21" 220 183
127.0.0.1 - - [30/May/2016:03:57:48 -0400] "GET /opensso/namingservice HTTP/1.1" 200 7 "-" "Java/1.5.0_21" 220 183
127.0.0.1 - - [30/May/2016:03:58:02 -0400] "GET /opensso/namingservice HTTP/1.1" 200 7 "-" "Java/1.5.0_21" 220 183
127.0.0.1 - - [30/May/2016:03:58:18 -0400] "GET /opensso/namingservice HTTP/1.1" 200 7 "-" "Java/1.5.0_21" 220 183
127.0.0.1 - - [30/May/2016:03:58:32 -0400] "GET /opensso/namingservice HTTP/1.1" 200 7 "-" "Java/1.5.0_21" 220 183
127.0.0.1 - - [30/May/2016:03:58:48 -0400] "GET /opensso/namingservice HTTP/1.1" 200 7 "-" "Java/1.5.0_21" 220 183
127.0.0.1 - - [30/May/2016:03:59:02 -0400] "GET /opensso/namingservice HTTP/1.1" 200 7 "-" "Java/1.5.0_21" 220 183
127.0.0.1 - - [30/May/2016:03:59:18 -0400] "GET /opensso/namingservice HTTP/1.1" 200 7 "-" "Java/1.5.0_21" 220 183
139.218.41.52 - - [30/May/2016:03:59:20 -0400] "GET /opensso/identity/isTokenValid HTTP/1.1" 200 14 "-" "Moon%20Tours/1.0.0 CFNetwork/758.4.3 Darwin/15.5.0" 229 172
139.218.41.52 - - [30/May/2016:03:59:21 -0400] "GET /lmmpmobile/config-1.0.json HTTP/1.1" 200 1338 "-" "Moon%20Tours/1.0.0 CFNetwork/758.4.3 Darwin/15.5.0" 217 1666
139.218.41.52 - - [30/May/2016:03:59:21 -0400] "GET /opensso/UI/Login?module=Anonymous&org=appspub&goto=http%3A%2F%2Fpub.lmmp.nasa.gov%2Flmmpmobile%2Frefresh HTTP/1.1" 302 - "-" "Moon%20Tours/1.0.0 CFNetwork/758.4.3 Darwin/15.5.0" 304 934
139.218.41.52 - - [30/May/2016:03:59:21 -0400] "GET /lmmpmobile/refresh?iPlanetDirectoryPro=AQIC5wM2LY4SfcyW0u6Qo8%2Fs2%2BbtVJNOrWEfoLRnjQkOaTY%3D%40AAJTSQACMDE%3D%23 HTTP/1.1" 200 - "-" "Moon%20Tours/1.0.0 CFNetwork/758.4.3 Darwin/15.5.0" 422 316
127.0.0.1 - - [30/May/2016:03:59:32 -0400] "GET /opensso/namingservice HTTP/1.1" 200 7 "-" "Java/1.5.0_21" 220 183
139.218.41.52 - - [30/May/2016:03:59:25 -0400] "GET /arcgis/rest/services/ERGraticule/MapServer?f=json HTTP/1.1" 200 697 "arcgisios" "ArcGISiOS-2.3.2/9.3.2/iPad2,1" 357 992
139.218.41.52 - - [30/May/2016:03:59:25 -0400] "GET /arcgis/rest/services/CombinedNomenclature/MapServer?f=json HTTP/1.1" 200 799 "arcgisios" "ArcGISiOS-2.3.2/9.3.2/iPad2,1" 366 1096
127.0.0.1 - - [30/May/2016:03:59:48 -0400] "GET /opensso/namingservice HTTP/1.1" 200 7 "-" "Java/1.5.0_21" 220 183
127.0.0.1 - - [30/May/2016:04:00:02 -0400] "GET /opensso/namingservice HTTP/1.1" 200 7 "-" "Java/1.5.0_21" 220 183
127.0.0.1 - - [30/May/2016:04:00:18 -0400] "GET /opensso/namingservice HTTP/1.1" 200 7 "-" "Java/1.5.0_21" 220 183
127.0.0.1 - - [30/May/2016:04:00:32 -0400] "GET /opensso/namingservice HTTP/1.1" 200 7 "-" "Java/1.5.0_21" 220 183
127.0.0.1 - - [30/May/2016:04:00:48 -0400] "GET /opensso/namingservice HTTP/1.1" 200 7 "-" "Java/1.5.0_21" 220 183
139.218.41.52 - - [30/May/2016:04:00:54 -0400] "GET /opensso/identity/isTokenValid HTTP/1.1" 200 14 "-" "Moon%20Tours/1.0.0 CFNetwork/758.4.3 Darwin/15.5.0" 229 172
139.218.41.52 - - [30/May/2016:04:00:55 -0400] "GET /lmmpmobile/config-1.0.json HTTP/1.1" 200 1338 "-" "Moon%20Tours/1.0.0 CFNetwork/758.4.3 Darwin/15.5.0" 217 1666
139.218.41.52 - - [30/May/2016:04:00:55 -0400] "GET /opensso/UI/Login?module=Anonymous&org=appspub&goto=http%3A%2F%2Fpub.lmmp.nasa.gov%2Flmmpmobile%2Frefresh HTTP/1.1" 302 - "-" "Moon%20Tours/1.0.0 CFNetwork/758.4.3 Darwin/15.5.0" 304 932
139.218.41.52 - - [30/May/2016:04:00:56 -0400] "GET /lmmpmobile/refresh?iPlanetDirectoryPro=AQIC5wM2LY4Sfczn5zGDrzgtOK6dG%2BTHSmQzD3N1WqIEwKI%3D%40AAJTSQACMDE%3D%23 HTTP/1.1" 200 - "-" "Moon%20Tours/1.0.0 CFNetwork/758.4.3 Darwin/15.5.0" 420 316
139.218.41.52 - - [30/May/2016:04:00:59 -0400] "GET /arcgis/rest/services/CombinedNomenclature/MapServer?f=json HTTP/1.1" 304 - "arcgisios" "ArcGISiOS-2.3.2/9.3.2/iPad2,1" 394 148
139.218.41.52 - - [30/May/2016:04:00:59 -0400] "GET /arcgis/rest/services/ERGraticule/MapServer?f=json HTTP/1.1" 304 - "arcgisios" "ArcGISiOS-2.3.2/9.3.2/iPad2,1" 383 148
127.0.0.1 - - [30/May/2016:04:01:02 -0400] "GET /opensso/namingservice HTTP/1.1" 200 7 "-" "Java/1.5.0_21" 220 183
100.43.91.4 - - [30/May/2016:04:01:12 -0400] "GET /LMMPUI/LMMP_CLIENT/LMMP.html HTTP/1.1" 200 9400 "-" "Mozilla/5.0 (compatible; YandexBot/3.0; +http://yandex.com/bots)" 310 9730
127.0.0.1 - - [30/May/2016:04:01:18 -0400] "GET /opensso/namingservice HTTP/1.1" 200 7 "-" "Java/1.5.0_21" 220 183
139.218.41.52 - - [30/May/2016:04:01:26 -0400] "GET /opensso/identity/isTokenValid HTTP/1.1" 200 13 "-" "Moon%20Tours/1.0.0 CFNetwork/758.4.3 Darwin/15.5.0" 338 171
127.0.0.1 - - [30/May/2016:04:01:32 -0400] "GET /opensso/namingservice HTTP/1.1" 200 7 "-" "Java/1.5.0_21" 220 183
127.0.0.1 - - [30/May/2016:04:01:48 -0400] "GET /opensso/namingservice HTTP/1.1" 200 7 "-" "Java/1.5.0_21" 220 183
66.249.66.191 - - [30/May/2016:04:01:52 -0400] "GET /redmine/projects/lmmpwiki/activity?from=1996-09-16 HTTP/1.1" 200 4829 "-" "Mozilla/5.0 (compatible; Googlebot/2.1; +http://www.google.com/bot.html)" 344 5391
127.0.0.1 - - [30/May/2016:04:02:02 -0400] "GET /opensso/namingservice HTTP/1.1" 200 7 "-" "Java/1.5.0_21" 220 183
139.218.41.52 - - [30/May/2016:04:02:09 -0400] "GET /opensso/identity/isTokenValid HTTP/1.1" 200 13 "-" "Moon%20Tours/1.0.0 CFNetwork/758.4.3 Darwin/15.5.0" 338 171
127.0.0.1 - - [30/May/2016:04:02:18 -0400] "GET /opensso/namingservice HTTP/1.1" 200 7 "-" "Java/1.5.0_21" 220 183
127.0.0.1 - - [30/May/2016:04:02:32 -0400] "GET /opensso/namingservice HTTP/1.1" 200 7 "-" "Java/1.5.0_21" 220 183
139.218.41.52 - - [30/May/2016:04:02:35 -0400] "GET /opensso/identity/isTokenValid HTTP/1.1" 200 13 "-" "Moon%20Tours/1.0.0 CFNetwork/758.4.3 Darwin/15.5.0" 338 171
127.0.0.1 - - [30/May/2016:04:02:48 -0400] "GET /opensso/namingservice HTTP/1.1" 200 7 "-" "Java/1.5.0_21" 220 183
127.0.0.1 - - [30/May/2016:04:03:02 -0400] "GET /opensso/namingservice HTTP/1.1" 200 7 "-" "Java/1.5.0_21" 220 183
127.0.0.1 - - [30/May/2016:04:03:18 -0400] "GET /opensso/namingservice HTTP/1.1" 200 7 "-" "Java/1.5.0_21" 220 183
127.0.0.1 - - [30/May/2016:04:03:32 -0400] "GET /opensso/namingservice HTTP/1.1" 200 7 "-" "Java/1.5.0_21" 220 183
139.218.41.52 - - [30/May/2016:04:03:40 -0400] "GET /opensso/identity/isTokenValid HTTP/1.1" 200 13 "-" "Moon%20Tours/1.0.0 CFNetwork/758.4.3 Darwin/15.5.0" 338 171
127.0.0.1 - - [30/May/2016:04:03:48 -0400] "GET /opensso/namingservice HTTP/1.1" 200 7 "-" "Java/1.5.0_21" 220 183
127.0.0.1 - - [30/May/2016:04:04:02 -0400] "GET /opensso/namingservice HTTP/1.1" 200 7 "-" "Java/1.5.0_21" 220 183
139.218.41.52 - - [30/May/2016:04:04:06 -0400] "GET /opensso/identity/isTokenValid HTTP/1.1" 200 13 "-" "Moon%20Tours/1.0.0 CFNetwork/758.4.3 Darwin/15.5.0" 338 171
195.154.146.240 - - [30/May/2016:04:04:15 -0400] "GET /redmine/projects/lmmpwiki/wiki/Site_Map HTTP/1.1" 200 8301 "-" "Mozilla/5.0 ((Windows; U; Windows NT 6.1; fr; rv:1.9.2) Gecko/20100115 Firefox/3.6)" 234 8781
127.0.0.1 - - [30/May/2016:04:04:18 -0400] "GET /opensso/namingservice HTTP/1.1" 200 7 "-" "Java/1.5.0_21" 220 183
127.0.0.1 - - [30/May/2016:04:04:32 -0400] "GET /opensso/namingservice HTTP/1.1" 200 7 "-" "Java/1.5.0_21" 220 183
127.0.0.1 - - [30/May/2016:04:04:48 -0400] "GET /opensso/namingservice HTTP/1.1" 200 7 "-" "Java/1.5.0_21" 220 183
127.0.0.1 - - [30/May/2016:04:05:02 -0400] "GET /opensso/namingservice HTTP/1.1" 200 7 "-" "Java/1.5.0_21" 220 183
127.0.0.1 - - [30/May/2016:04:05:18 -0400] "GET /opensso/namingservice HTTP/1.1" 200 7 "-" "Java/1.5.0_21" 220 183
127.0.0.1 - - [30/May/2016:04:05:32 -0400] "GET /opensso/namingservice HTTP/1.1" 200 7 "-" "Java/1.5.0_21" 220 183
175.197.148.112 - - [30/May/2016:04:05:41 -0400] "GET /LMMPUI/LMMP_CLIENT/LMMP.html HTTP/1.1" 200 9400 "-" "Mozilla/5.0 (Windows NT 6.1; WOW64; Trident/7.0; rv:11.0) like Gecko" 398 9730
175.197.148.112 - - [30/May/2016:04:05:42 -0400] "GET /LMMPUI/LMMP_CLIENT/LMMP.html HTTP/1.1" 200 9400 "http://lmmp.nasa.gov/" "Mozilla/5.0 (Windows NT 6.1; WOW64; Trident/7.0; rv:11.0) like Gecko" 430 9730
175.197.148.112 - - [30/May/2016:04:05:42 -0400] "GET /LMMPUI/LMMP_CLIENT/history/history.css HTTP/1.1" 200 365 "http://lmmp.nasa.gov/" "Mozilla/5.0 (Windows NT 6.1; WOW64; Trident/7.0; rv:11.0) like Gecko" 440 692
175.197.148.112 - - [30/May/2016:04:05:42 -0400] "GET /LMMPUI/LMMP_CLIENT/history/history.js HTTP/1.1" 200 24650 "http://lmmp.nasa.gov/" "Mozilla/5.0 (Windows NT 6.1; WOW64; Trident/7.0; rv:11.0) like Gecko" 439 24988
175.197.148.112 - - [30/May/2016:04:05:42 -0400] "GET /LMMPUI/LMMP_CLIENT/swfobject.js HTTP/1.1" 200 25574 "http://lmmp.nasa.gov/" "Mozilla/5.0 (Windows NT 6.1; WOW64; Trident/7.0; rv:11.0) like Gecko" 433 25912
175.197.148.112 - - [30/May/2016:04:05:43 -0400] "GET /LMMPUI/LMMP_CLIENT/LMMP_WB.swf HTTP/1.1" 200 985320 "http://lmmp.nasa.gov/" "Mozilla/5.0 (Windows NT 6.1; WOW64; Trident/7.0; rv:11.0) like Gecko" 432 985673
127.0.0.1 - - [30/May/2016:04:05:48 -0400] "GET /opensso/namingservice HTTP/1.1" 200 7 "-" "Java/1.5.0_21" 220 183
127.0.0.1 - - [30/May/2016:04:06:02 -0400] "GET /opensso/namingservice HTTP/1.1" 200 7 "-" "Java/1.5.0_21" 220 183
127.0.0.1 - - [30/May/2016:04:06:18 -0400] "GET /opensso/namingservice HTTP/1.1" 200 7 "-" "Java/1.5.0_21" 220 183
139.218.41.52 - - [30/May/2016:04:06:31 -0400] "GET /opensso/identity/isTokenValid HTTP/1.1" 200 13 "-" "Moon%20Tours/1.0.0 CFNetwork/758.4.3 Darwin/15.5.0" 338 171
127.0.0.1 - - [30/May/2016:04:06:32 -0400] "GET /opensso/namingservice HTTP/1.1" 200 7 "-" "Java/1.5.0_21" 220 183
66.249.66.131 - - [30/May/2016:04:06:41 -0400] "GET /redmine/issues/gantt?month=3&months=6&year=1021&zoom=1 HTTP/1.1" 200 27562 "-" "Mozilla/5.0 (compatible; Googlebot/2.1; +http://www.google.com/bot.html)" 348 28251
127.0.0.1 - - [30/May/2016:04:06:48 -0400] "GET /opensso/namingservice HTTP/1.1" 200 7 "-" "Java/1.5.0_21" 220 183
66.249.66.131 - - [30/May/2016:04:07:01 -0400] "GET /redmine/projects/lmmpwiki/activity?from=1968-08-31 HTTP/1.1" 200 4829 "-" "Mozilla/5.0 (compatible; Googlebot/2.1; +http://www.google.com/bot.html)" 344 5391
127.0.0.1 - - [30/May/2016:04:07:02 -0400] "GET /opensso/namingservice HTTP/1.1" 200 7 "-" "Java/1.5.0_21" 220 183
139.218.41.52 - - [30/May/2016:04:07:16 -0400] "GET /opensso/identity/isTokenValid HTTP/1.1" 200 14 "-" "Moon%20Tours/1.0.0 CFNetwork/758.4.3 Darwin/15.5.0" 229 172
139.218.41.52 - - [30/May/2016:04:07:17 -0400] "GET /lmmpmobile/config-1.0.json HTTP/1.1" 200 1338 "-" "Moon%20Tours/1.0.0 CFNetwork/758.4.3 Darwin/15.5.0" 217 1666
139.218.41.52 - - [30/May/2016:04:07:17 -0400] "GET /opensso/UI/Login?module=Anonymous&org=appspub&goto=http%3A%2F%2Fpub.lmmp.nasa.gov%2Flmmpmobile%2Frefresh HTTP/1.1" 302 - "-" "Moon%20Tours/1.0.0 CFNetwork/758.4.3 Darwin/15.5.0" 304 932
127.0.0.1 - - [30/May/2016:04:07:18 -0400] "GET /opensso/namingservice HTTP/1.1" 200 7 "-" "Java/1.5.0_21" 220 183
139.218.41.52 - - [30/May/2016:04:07:18 -0400] "GET /lmmpmobile/refresh?iPlanetDirectoryPro=AQIC5wM2LY4SfcxMbN5F%2B13Xf1tpkWLdWjb1Gfcq7yG54Xc%3D%40AAJTSQACMDE%3D%23 HTTP/1.1" 200 - "-" "Moon%20Tours/1.0.0 CFNetwork/758.4.3 Darwin/15.5.0" 420 316
139.218.41.52 - - [30/May/2016:04:07:20 -0400] "GET /arcgis/rest/services/ERGraticule/MapServer?f=json HTTP/1.1" 200 697 "arcgisios" "ArcGISiOS-2.3.2/9.3.2/iPad2,1" 357 992
139.218.41.52 - - [30/May/2016:04:07:20 -0400] "GET /arcgis/rest/services/CombinedNomenclature/MapServer?f=json HTTP/1.1" 200 799 "arcgisios" "ArcGISiOS-2.3.2/9.3.2/iPad2,1" 366 1096
66.249.66.191 - - [30/May/2016:04:07:26 -0400] "GET /redmine/projects/lmmpwiki/activity?from=1996-10-16 HTTP/1.1" 200 4829 "-" "Mozilla/5.0 (compatible; Googlebot/2.1; +http://www.google.com/bot.html)" 344 5391
127.0.0.1 - - [30/May/2016:04:07:32 -0400] "GET /opensso/namingservice HTTP/1.1" 200 7 "-" "Java/1.5.0_21" 220 183
127.0.0.1 - - [30/May/2016:04:07:48 -0400] "GET /opensso/namingservice HTTP/1.1" 200 7 "-" "Java/1.5.0_21" 220 183
66.249.66.63 - - [30/May/2016:04:07:52 -0400] "GET /robots.txt HTTP/1.1" 404 208 "-" "Mozilla/5.0 (compatible; Googlebot/2.1; +http://www.google.com/bot.html)" 564 4573
66.249.66.63 - - [30/May/2016:04:07:52 -0400] "GET /redmine/projects/lmmpwiki/activity?from=1853-09-09 HTTP/1.1" 200 4829 "-" "Mozilla/5.0 (compatible; Googlebot/2.1; +http://www.google.com/bot.html)" 373 5466
145.94.54.52 - - [30/May/2016:04:07:56 -0400] "GET /favicon.ico HTTP/1.1" 404 209 "-" "Mozilla/5.0 (X11; Ubuntu; Linux x86_64; rv:43.0) Gecko/20100101 Firefox/43.0" 354 454
127.0.0.1 - - [30/May/2016:04:08:02 -0400] "GET /opensso/namingservice HTTP/1.1" 200 7 "-" "Java/1.5.0_21" 220 183
127.0.0.1 - - [30/May/2016:04:08:18 -0400] "GET /opensso/namingservice HTTP/1.1" 200 7 "-" "Java/1.5.0_21" 220 183
66.249.66.63 - - [30/May/2016:04:08:18 -0400] "GET /redmine/projects/lmmpwiki/activity?from=1922-01-25 HTTP/1.1" 200 4829 "-" "Mozilla/5.0 (compatible; Googlebot/2.1; +http://www.google.com/bot.html)" 676 9517
127.0.0.1 - - [30/May/2016:04:08:32 -0400] "GET /opensso/namingservice HTTP/1.1" 200 7 "-" "Java/1.5.0_21" 220 183
66.249.66.188 - - [30/May/2016:04:08:44 -0400] "GET /ArcGIS/rest/services/DefaultEqui/MapServer/tile/5/0/0 HTTP/1.1" 500 1208 "-" "Mozilla/5.0 (compatible; Googlebot/2.1; +http://www.google.com/bot.html)" 347 1431
127.0.0.1 - - [30/May/2016:04:08:48 -0400] "GET /opensso/namingservice HTTP/1.1" 200 7 "-" "Java/1.5.0_21" 220 183
195.154.146.240 - - [30/May/2016:04:09:01 -0400] "GET /redmine/projects/lmmpwiki/wiki/Site_map.html?version=5 HTTP/1.1" 302 122 "-" "Mozilla/5.0 ((Windows; U; Windows NT 6.1; fr; rv:1.9.2) Gecko/20100115 Firefox/3.6)" 249 614
127.0.0.1 - - [30/May/2016:04:09:02 -0400] "GET /opensso/namingservice HTTP/1.1" 200 7 "-" "Java/1.5.0_21" 220 183
195.154.146.240 - - [30/May/2016:04:09:02 -0400] "GET /redmine/projects/lmmpwiki/wiki HTTP/1.1" 200 9493 "-" "Mozilla/5.0 ((Windows; U; Windows NT 6.1; fr; rv:1.9.2) Gecko/20100115 Firefox/3.6)" 692 10224
139.218.41.52 - - [30/May/2016:04:09:05 -0400] "GET /opensso/identity/isTokenValid HTTP/1.1" 200 13 "-" "Moon%20Tours/1.0.0 CFNetwork/758.4.3 Darwin/15.5.0" 338 171
66.249.66.188 - - [30/May/2016:04:09:09 -0400] "GET /ArcGIS/rest/services/DefaultSP/MapServer/tile/1/0/0 HTTP/1.1" 500 1208 "-" "Mozilla/5.0 (compatible; Googlebot/2.1; +http://www.google.com/bot.html)" 345 1431
127.0.0.1 - - [30/May/2016:04:09:18 -0400] "GET /opensso/namingservice HTTP/1.1" 200 7 "-" "Java/1.5.0_21" 220 183
127.0.0.1 - - [30/May/2016:04:09:32 -0400] "GET /opensso/namingservice HTTP/1.1" 200 7 "-" "Java/1.5.0_21" 220 183
66.249.66.188 - - [30/May/2016:04:09:35 -0400] "GET /redmine/activity?from=2014-06-04&show_messages=1 HTTP/1.1" 200 5385 "-" "Mozilla/5.0 (compatible; Googlebot/2.1; +http://www.google.com/bot.html)" 342 5947
127.0.0.1 - - [30/May/2016:04:09:48 -0400] "GET /opensso/namingservice HTTP/1.1" 200 7 "-" "Java/1.5.0_21" 220 183
66.249.66.188 - - [30/May/2016:04:10:01 -0400] "GET /redmine/activity?from=1793-07-21 HTTP/1.1" 200 5345 "-" "Mozilla/5.0 (compatible; Googlebot/2.1; +http://www.google.com/bot.html)" 326 5907
127.0.0.1 - - [30/May/2016:04:10:02 -0400] "GET /opensso/namingservice HTTP/1.1" 200 7 "-" "Java/1.5.0_21" 220 183
127.0.0.1 - - [30/May/2016:04:10:18 -0400] "GET /opensso/namingservice HTTP/1.1" 200 7 "-" "Java/1.5.0_21" 220 183
66.249.66.63 - - [30/May/2016:04:10:28 -0400] "GET /redmine/activity?from=1889-10-22&show_news=1 HTTP/1.1" 200 5361 "-" "Mozilla/5.0 (compatible; Googlebot/2.1; +http://www.google.com/bot.html)" 676 10045
127.0.0.1 - - [30/May/2016:04:10:32 -0400] "GET /opensso/namingservice HTTP/1.1" 200 7 "-" "Java/1.5.0_21" 220 183
127.0.0.1 - - [30/May/2016:04:10:48 -0400] "GET /opensso/namingservice HTTP/1.1" 200 7 "-" "Java/1.5.0_21" 220 183
66.249.66.188 - - [30/May/2016:04:10:55 -0400] "GET /redmine/projects/lmmpwiki/activity?from=1858-10-31&show_news=1 HTTP/1.1" 200 4917 "-" "Mozilla/5.0 (compatible; Googlebot/2.1; +http://www.google.com/bot.html)" 356 5479
139.218.41.52 - - [30/May/2016:04:10:56 -0400] "GET /opensso/identity/isTokenValid HTTP/1.1" 200 13 "-" "Moon%20Tours/1.0.0 CFNetwork/758.4.3 Darwin/15.5.0" 338 171
127.0.0.1 - - [30/May/2016:04:11:02 -0400] "GET /opensso/namingservice HTTP/1.1" 200 7 "-" "Java/1.5.0_21" 220 183
139.218.41.52 - - [30/May/2016:04:11:09 -0400] "GET /opensso/identity/isTokenValid HTTP/1.1" 200 13 "-" "Moon%20Tours/1.0.0 CFNetwork/758.4.3 Darwin/15.5.0" 338 171
127.0.0.1 - - [30/May/2016:04:11:18 -0400] "GET /opensso/namingservice HTTP/1.1" 200 7 "-" "Java/1.5.0_21" 220 183
66.249.66.63 - - [30/May/2016:04:11:26 -0400] "GET /redmine/activity?from=1992-02-21&show_files=1&user_id=1 HTTP/1.1" 200 5683 "-" "Mozilla/5.0 (compatible; Googlebot/2.1; +http://www.google.com/bot.html)" 692 10365
127.0.0.1 - - [30/May/2016:04:11:32 -0400] "GET /opensso/namingservice HTTP/1.1" 200 7 "-" "Java/1.5.0_21" 220 183
66.249.66.63 - - [30/May/2016:04:11:32 -0400] "GET /redmine/projects/lmmpwiki/activity?from=1853-08-10 HTTP/1.1" 200 4829 "-" "Mozilla/5.0 (compatible; Googlebot/2.1; +http://www.google.com/bot.html)" 676 9517
66.249.66.63 - - [30/May/2016:04:11:33 -0400] "GET /redmine/activity?from=1889-09-22&show_news=1 HTTP/1.1" 200 5361 "-" "Mozilla/5.0 (compatible; Googlebot/2.1; +http://www.google.com/bot.html)" 373 5994
127.0.0.1 - - [30/May/2016:04:11:48 -0400] "GET /opensso/namingservice HTTP/1.1" 200 7 "-" "Java/1.5.0_21" 220 183
66.249.66.63 - - [30/May/2016:04:11:48 -0400] "GET /redmine/projects/lmmpwiki/activity?from=1922-02-24 HTTP/1.1" 200 4829 "-" "Mozilla/5.0 (compatible; Googlebot/2.1; +http://www.google.com/bot.html)" 676 9517
66.249.66.188 - - [30/May/2016:04:11:49 -0400] "GET /redmine/projects/lmmpwiki/activity?from=1858-10-01&show_news=1 HTTP/1.1" 200 4917 "-" "Mozilla/5.0 (compatible; Googlebot/2.1; +http://www.google.com/bot.html)" 356 5479
66.249.66.188 - - [30/May/2016:04:11:50 -0400] "GET /redmine/projects/lmmpwiki/activity?from=1996-11-15 HTTP/1.1" 200 4829 "-" "Mozilla/5.0 (compatible; Googlebot/2.1; +http://www.google.com/bot.html)" 344 5390
66.249.66.188 - - [30/May/2016:04:11:51 -0400] "GET /redmine/projects/lmmpwiki/activity?from=1968-08-01 HTTP/1.1" 200 4829 "-" "Mozilla/5.0 (compatible; Googlebot/2.1; +http://www.google.com/bot.html)" 344 5390
66.249.66.188 - - [30/May/2016:04:11:54 -0400] "GET /redmine/activity?from=2014-05-05&show_messages=1 HTTP/1.1" 200 5385 "-" "Mozilla/5.0 (compatible; Googlebot/2.1; +http://www.google.com/bot.html)" 342 5946
127.0.0.1 - - [30/May/2016:04:12:02 -0400] "GET /opensso/namingservice HTTP/1.1" 200 7 "-" "Java/1.5.0_21" 220 183
127.0.0.1 - - [30/May/2016:04:12:18 -0400] "GET /opensso/namingservice HTTP/1.1" 200 7 "-" "Java/1.5.0_21" 220 183
127.0.0.1 - - [30/May/2016:04:12:32 -0400] "GET /opensso/namingservice HTTP/1.1" 200 7 "-" "Java/1.5.0_21" 220 183
66.249.66.188 - - [30/May/2016:04:12:34 -0400] "GET /redmine/activity?from=1793-06-21 HTTP/1.1" 200 5345 "-" "Mozilla/5.0 (compatible; Googlebot/2.1; +http://www.google.com/bot.html)" 326 5907
139.218.41.52 - - [30/May/2016:04:12:43 -0400] "GET /opensso/identity/isTokenValid HTTP/1.1" 200 13 "-" "Moon%20Tours/1.0.0 CFNetwork/758.4.3 Darwin/15.5.0" 338 171
127.0.0.1 - - [30/May/2016:04:12:48 -0400] "GET /opensso/namingservice HTTP/1.1" 200 7 "-" "Java/1.5.0_21" 220 183
127.0.0.1 - - [30/May/2016:04:13:02 -0400] "GET /opensso/namingservice HTTP/1.1" 200 7 "-" "Java/1.5.0_21" 220 183
127.0.0.1 - - [30/May/2016:04:13:18 -0400] "GET /opensso/namingservice HTTP/1.1" 200 7 "-" "Java/1.5.0_21" 220 183
127.0.0.1 - - [30/May/2016:04:13:32 -0400] "GET /opensso/namingservice HTTP/1.1" 200 7 "-" "Java/1.5.0_21" 220 183
127.0.0.1 - - [30/May/2016:04:13:48 -0400] "GET /opensso/namingservice HTTP/1.1" 200 7 "-" "Java/1.5.0_21" 220 183
127.0.0.1 - - [30/May/2016:04:14:02 -0400] "GET /opensso/namingservice HTTP/1.1" 200 7 "-" "Java/1.5.0_21" 220 183
127.0.0.1 - - [30/May/2016:04:14:18 -0400] "GET /opensso/namingservice HTTP/1.1" 200 7 "-" "Java/1.5.0_21" 220 183
127.0.0.1 - - [30/May/2016:04:14:32 -0400] "GET /opensso/namingservice HTTP/1.1" 200 7 "-" "Java/1.5.0_21" 220 183
127.0.0.1 - - [30/May/2016:04:14:48 -0400] "GET /opensso/namingservice HTTP/1.1" 200 7 "-" "Java/1.5.0_21" 220 183
127.0.0.1 - - [30/May/2016:04:15:02 -0400] "GET /opensso/namingservice HTTP/1.1" 200 7 "-" "Java/1.5.0_21" 220 183
40.77.167.2 - - [30/May/2016:04:15:16 -0400] "GET /LMMPUI/LMMP_CLIENT/LMMP.html HTTP/1.1" 200 9400 "-" "Mozilla/5.0 (iPhone; CPU iPhone OS 7_0 like Mac OS X) AppleWebKit/537.51.1 (KHTML, like Gecko) Version/7.0 Mobile/11A465 Safari/9537.53 (compatible; bingbot/2.0; +http://www.bing.com/bingbot.htm)" 424 9730
127.0.0.1 - - [30/May/2016:04:15:18 -0400] "GET /opensso/namingservice HTTP/1.1" 200 7 "-" "Java/1.5.0_21" 220 183
139.218.41.52 - - [30/May/2016:04:15:25 -0400] "GET /opensso/identity/isTokenValid HTTP/1.1" 200 13 "-" "Moon%20Tours/1.0.0 CFNetwork/758.4.3 Darwin/15.5.0" 338 171
207.46.13.132 - - [30/May/2016:04:15:29 -0400] "GET /LMMPUI/LMMP_CLIENT/history/history.js HTTP/1.1" 200 24650 "-" "Mozilla/5.0 (iPhone; CPU iPhone OS 7_0 like Mac OS X) AppleWebKit/537.51.1 (KHTML, like Gecko) Version/7.0 Mobile/11A465 Safari/9537.53 (compatible; bingbot/2.0; +http://www.bing.com/bingbot.htm)" 401 24988
127.0.0.1 - - [30/May/2016:04:15:32 -0400] "GET /opensso/namingservice HTTP/1.1" 200 7 "-" "Java/1.5.0_21" 220 183
40.77.167.2 - - [30/May/2016:04:15:35 -0400] "GET /LMMPUI/LMMP_CLIENT/history/history.css HTTP/1.1" 200 365 "-" "Mozilla/5.0 (iPhone; CPU iPhone OS 7_0 like Mac OS X) AppleWebKit/537.51.1 (KHTML, like Gecko) Version/7.0 Mobile/11A465 Safari/9537.53 (compatible; bingbot/2.0; +http://www.bing.com/bingbot.htm)" 402 692
127.0.0.1 - - [30/May/2016:04:15:48 -0400] "GET /opensso/namingservice HTTP/1.1" 200 7 "-" "Java/1.5.0_21" 220 183
139.218.41.52 - - [30/May/2016:04:15:58 -0400] "GET /opensso/identity/isTokenValid HTTP/1.1" 200 13 "-" "Moon%20Tours/1.0.0 CFNetwork/758.4.3 Darwin/15.5.0" 338 171
127.0.0.1 - - [30/May/2016:04:16:02 -0400] "GET /opensso/namingservice HTTP/1.1" 200 7 "-" "Java/1.5.0_21" 220 183
127.0.0.1 - - [30/May/2016:04:16:18 -0400] "GET /opensso/namingservice HTTP/1.1" 200 7 "-" "Java/1.5.0_21" 220 183
127.0.0.1 - - [30/May/2016:04:16:32 -0400] "GET /opensso/namingservice HTTP/1.1" 200 7 "-" "Java/1.5.0_21" 220 183
66.249.66.2 - - [30/May/2016:04:16:33 -0400] "GET /redmine/activity?from=1992-01-22&show_files=1&user_id=1 HTTP/1.1" 200 5683 "-" "Mozilla/5.0 (compatible; Googlebot/2.1; +http://www.google.com/bot.html)" 692 10365
66.249.66.2 - - [30/May/2016:04:16:34 -0400] "GET /redmine/projects/lmmpwiki/activity?from=1853-07-11 HTTP/1.1" 200 4829 "-" "Mozilla/5.0 (compatible; Googlebot/2.1; +http://www.google.com/bot.html)" 373 5466
66.249.66.63 - - [30/May/2016:04:16:34 -0400] "GET /redmine/activity?from=1889-08-23&show_news=1 HTTP/1.1" 200 5361 "-" "Mozilla/5.0 (compatible; Googlebot/2.1; +http://www.google.com/bot.html)" 676 10045
127.0.0.1 - - [30/May/2016:04:16:48 -0400] "GET /opensso/namingservice HTTP/1.1" 200 7 "-" "Java/1.5.0_21" 220 183
127.0.0.1 - - [30/May/2016:04:17:02 -0400] "GET /opensso/namingservice HTTP/1.1" 200 7 "-" "Java/1.5.0_21" 220 183
66.249.66.63 - - [30/May/2016:04:17:06 -0400] "GET /redmine/projects/lmmpwiki/activity?from=1922-03-26 HTTP/1.1" 200 4829 "-" "Mozilla/5.0 (compatible; Googlebot/2.1; +http://www.google.com/bot.html)" 676 9517
66.249.66.188 - - [30/May/2016:04:17:06 -0400] "GET /redmine/projects/lmmpwiki/activity?from=1858-09-01&show_news=1 HTTP/1.1" 200 4917 "-" "Mozilla/5.0 (compatible; Googlebot/2.1; +http://www.google.com/bot.html)" 356 5479
127.0.0.1 - - [30/May/2016:04:17:18 -0400] "GET /opensso/namingservice HTTP/1.1" 200 7 "-" "Java/1.5.0_21" 220 183
127.0.0.1 - - [30/May/2016:04:17:32 -0400] "GET /opensso/namingservice HTTP/1.1" 200 7 "-" "Java/1.5.0_21" 220 183
66.249.66.188 - - [30/May/2016:04:17:37 -0400] "GET /redmine/activity?from=2012-05-13 HTTP/1.1" 200 5345 "-" "Mozilla/5.0 (compatible; Googlebot/2.1; +http://www.google.com/bot.html)" 326 5907
127.0.0.1 - - [30/May/2016:04:17:48 -0400] "GET /opensso/namingservice HTTP/1.1" 200 7 "-" "Java/1.5.0_21" 220 183
127.0.0.1 - - [30/May/2016:04:18:01 -0400] "POST /opensso/sessionservice HTTP/1.1" 200 2343 "-" "Java/1.5.0_21" 819 2521
127.0.0.1 - - [30/May/2016:04:18:01 -0400] "POST /opensso/sessionservice HTTP/1.1" 200 273 "-" "Java/1.5.0_21" 885 450
127.0.0.1 - - [30/May/2016:04:18:01 -0400] "POST /opensso/sessionservice HTTP/1.1" 200 2342 "-" "Java/1.5.0_21" 819 2519
127.0.0.1 - - [30/May/2016:04:18:01 -0400] "POST /opensso/policyservice HTTP/1.1" 200 9464 "-" "Java/1.5.0_21" 1120 9649
127.0.0.1 - - [30/May/2016:04:18:01 -0400] "POST /opensso/jaxrpc/SMSObjectIF HTTP/1.1" 200 505 "-" "Java/1.5.0_21" 847 766
127.0.0.1 - - [30/May/2016:04:18:01 -0400] "POST /opensso/jaxrpc/DirectoryManagerIF HTTP/1.1" 200 1290 "-" "Java/1.5.0_21" 1362 1551
127.0.0.1 - - [30/May/2016:04:18:01 -0400] "POST /opensso/jaxrpc/SMSObjectIF HTTP/1.1" 200 505 "-" "Java/1.5.0_21" 847 766
127.0.0.1 - - [30/May/2016:04:18:01 -0400] "POST /opensso/jaxrpc/DirectoryManagerIF HTTP/1.1" 200 1290 "-" "Java/1.5.0_21" 1362 1551
139.218.41.52 - - [30/May/2016:04:18:01 -0400] "GET /LMMP/rest/dbxml/fgdc/legend/stream?label=LRO_NAC_ClrConf_26N150E_200cmp HTTP/1.1" 200 6934 "-" "Moon%20Tours/1.0.0 CFNetwork/758.4.3 Darwin/15.5.0" 759 11178
127.0.0.1 - - [30/May/2016:04:18:02 -0400] "GET /opensso/namingservice HTTP/1.1" 200 7 "-" "Java/1.5.0_21" 220 183
127.0.0.1 - - [30/May/2016:04:18:18 -0400] "GET /opensso/namingservice HTTP/1.1" 200 7 "-" "Java/1.5.0_21" 220 183
139.218.41.52 - - [30/May/2016:04:18:18 -0400] "GET /arcgis/rest/services/CombinedNomenclature/MapServer/find?returnGeometry=true&contains=true&layers=0&searchFields=LABEL&searchText=Mare&f=json HTTP/1.1" 502 491 "arcgisios" "ArcGISiOS-2.3.2/9.3.2/iPad2,1" 449 678
139.218.41.52 - - [30/May/2016:04:18:17 -0400] "GET /arcgis/rest/services/CombinedNomenclature/MapServer/find?returnGeometry=true&contains=true&layers=0&searchFields=LABEL&searchText=Mare%20&f=json HTTP/1.1" 200 4156 "arcgisios" "ArcGISiOS-2.3.2/9.3.2/iPad2,1" 452 4527
139.218.41.52 - - [30/May/2016:04:18:16 -0400] "GET /arcgis/rest/services/CombinedNomenclature/MapServer/find?returnGeometry=true&contains=true&layers=0&searchFields=LABEL&searchText=Mar&f=json HTTP/1.1" 200 20538 "arcgisios" "ArcGISiOS-2.3.2/9.3.2/iPad2,1" 448 20911
139.218.41.52 - - [30/May/2016:04:18:18 -0400] "GET /arcgis/rest/services/CombinedNomenclature/MapServer/find?returnGeometry=true&contains=true&layers=0&searchFields=LABEL&searchText=Mare%20m&f=json HTTP/1.1" 200 1098 "arcgisios" "ArcGISiOS-2.3.2/9.3.2/iPad2,1" 453 1470
139.218.41.52 - - [30/May/2016:04:18:18 -0400] "GET /arcgis/rest/services/CombinedNomenclature/MapServer/find?returnGeometry=true&contains=true&layers=0&searchFields=LABEL&searchText=Mare%20mo&f=json HTTP/1.1" 200 949 "arcgisios" "ArcGISiOS-2.3.2/9.3.2/iPad2,1" 454 1316
139.218.41.52 - - [30/May/2016:04:18:16 -0400] "GET /arcgis/rest/services/CombinedNomenclature/MapServer/find?returnGeometry=true&contains=true&layers=0&searchFields=LABEL&searchText=M&f=json HTTP/1.1" 200 139066 "arcgisios" "ArcGISiOS-2.3.2/9.3.2/iPad2,1" 446 139439
127.0.0.1 - - [30/May/2016:04:18:32 -0400] "GET /opensso/namingservice HTTP/1.1" 200 7 "-" "Java/1.5.0_21" 220 183
139.218.41.52 - - [30/May/2016:04:18:16 -0400] "GET /arcgis/rest/services/CombinedNomenclature/MapServer/find?returnGeometry=true&contains=true&layers=0&searchFields=LABEL&searchText=Ma&f=json HTTP/1.1" 200 105061 "arcgisios" "ArcGISiOS-2.3.2/9.3.2/iPad2,1" 447 105434
127.0.0.1 - - [30/May/2016:04:18:45 -0400] "POST /opensso/jaxrpc/SMSObjectIF HTTP/1.1" 200 505 "-" "Java/1.5.0_21" 847 767
127.0.0.1 - - [30/May/2016:04:18:45 -0400] "POST /opensso/jaxrpc/DirectoryManagerIF HTTP/1.1" 200 1290 "-" "Java/1.5.0_21" 1362 1551
127.0.0.1 - - [30/May/2016:04:18:45 -0400] "POST /opensso/jaxrpc/SMSObjectIF HTTP/1.1" 200 505 "-" "Java/1.5.0_21" 847 766
127.0.0.1 - - [30/May/2016:04:18:45 -0400] "POST /opensso/jaxrpc/DirectoryManagerIF HTTP/1.1" 200 1290 "-" "Java/1.5.0_21" 1362 1551
139.218.41.52 - - [30/May/2016:04:18:45 -0400] "GET /LMMP/rest/dbxml/fgdc/legend/stream?label=LRO_NAC_Gray_26N150E_200cmp HTTP/1.1" 200 13197 "-" "Moon%20Tours/1.0.0 CFNetwork/758.4.3 Darwin/15.5.0" 764 13865
127.0.0.1 - - [30/May/2016:04:18:48 -0400] "GET /opensso/namingservice HTTP/1.1" 200 7 "-" "Java/1.5.0_21" 220 182
127.0.0.1 - - [30/May/2016:04:19:02 -0400] "GET /opensso/namingservice HTTP/1.1" 200 7 "-" "Java/1.5.0_21" 220 183
127.0.0.1 - - [30/May/2016:04:19:02 -0400] "POST /opensso/jaxrpc/SMSObjectIF HTTP/1.1" 200 505 "-" "Java/1.5.0_21" 847 767
127.0.0.1 - - [30/May/2016:04:19:02 -0400] "POST /opensso/jaxrpc/DirectoryManagerIF HTTP/1.1" 200 1290 "-" "Java/1.5.0_21" 1362 1551
127.0.0.1 - - [30/May/2016:04:19:02 -0400] "POST /opensso/jaxrpc/SMSObjectIF HTTP/1.1" 200 505 "-" "Java/1.5.0_21" 847 766
127.0.0.1 - - [30/May/2016:04:19:02 -0400] "POST /opensso/jaxrpc/DirectoryManagerIF HTTP/1.1" 200 1290 "-" "Java/1.5.0_21" 1362 1551
139.218.41.52 - - [30/May/2016:04:19:02 -0400] "GET /LMMP/rest/dbxml/fgdc/legend/stream?label=LRO_NAC_ClrShade_26N150E_200cmp HTTP/1.1" 200 12661 "-" "Moon%20Tours/1.0.0 CFNetwork/758.4.3 Darwin/15.5.0" 764 13337
127.0.0.1 - - [30/May/2016:04:19:18 -0400] "GET /opensso/namingservice HTTP/1.1" 200 7 "-" "Java/1.5.0_21" 220 183
127.0.0.1 - - [30/May/2016:04:19:32 -0400] "GET /opensso/namingservice HTTP/1.1" 200 7 "-" "Java/1.5.0_21" 220 183
66.249.66.131 - - [30/May/2016:04:19:45 -0400] "GET /redmine/projects/lmmpwiki/activity?from=1996-12-15 HTTP/1.1" 200 4829 "-" "Mozilla/5.0 (compatible; Googlebot/2.1; +http://www.google.com/bot.html)" 344 5391
127.0.0.1 - - [30/May/2016:04:19:48 -0400] "GET /opensso/namingservice HTTP/1.1" 200 7 "-" "Java/1.5.0_21" 220 183
127.0.0.1 - - [30/May/2016:04:20:02 -0400] "GET /opensso/namingservice HTTP/1.1" 200 7 "-" "Java/1.5.0_21" 220 183
139.218.41.52 - - [30/May/2016:04:20:16 -0400] "GET /opensso/identity/isTokenValid HTTP/1.1" 200 13 "-" "Moon%20Tours/1.0.0 CFNetwork/758.4.3 Darwin/15.5.0" 338 171
127.0.0.1 - - [30/May/2016:04:20:18 -0400] "GET /opensso/namingservice HTTP/1.1" 200 7 "-" "Java/1.5.0_21" 220 183
127.0.0.1 - - [30/May/2016:04:20:32 -0400] "GET /opensso/namingservice HTTP/1.1" 200 7 "-" "Java/1.5.0_21" 220 183
127.0.0.1 - - [30/May/2016:04:20:48 -0400] "GET /opensso/namingservice HTTP/1.1" 200 7 "-" "Java/1.5.0_21" 220 183
139.218.41.52 - - [30/May/2016:04:20:49 -0400] "GET /opensso/identity/isTokenValid HTTP/1.1" 200 13 "-" "Moon%20Tours/1.0.0 CFNetwork/758.4.3 Darwin/15.5.0" 338 171
127.0.0.1 - - [30/May/2016:04:21:02 -0400] "GET /opensso/namingservice HTTP/1.1" 200 7 "-" "Java/1.5.0_21" 220 183
127.0.0.1 - - [30/May/2016:04:21:18 -0400] "GET /opensso/namingservice HTTP/1.1" 200 7 "-" "Java/1.5.0_21" 220 183
127.0.0.1 - - [30/May/2016:04:21:32 -0400] "GET /opensso/namingservice HTTP/1.1" 200 7 "-" "Java/1.5.0_21" 220 183
127.0.0.1 - - [30/May/2016:04:21:48 -0400] "GET /opensso/namingservice HTTP/1.1" 200 7 "-" "Java/1.5.0_21" 220 183
127.0.0.1 - - [30/May/2016:04:22:02 -0400] "GET /opensso/namingservice HTTP/1.1" 200 7 "-" "Java/1.5.0_21" 220 183
127.0.0.1 - - [30/May/2016:04:22:18 -0400] "GET /opensso/namingservice HTTP/1.1" 200 7 "-" "Java/1.5.0_21" 220 183
127.0.0.1 - - [30/May/2016:04:22:32 -0400] "GET /opensso/namingservice HTTP/1.1" 200 7 "-" "Java/1.5.0_21" 220 183
127.0.0.1 - - [30/May/2016:04:22:48 -0400] "GET /opensso/namingservice HTTP/1.1" 200 7 "-" "Java/1.5.0_21" 220 183
68.180.230.33 - - [30/May/2016:04:22:53 -0400] "GET /redmine/projects/lmmpwiki HTTP/1.1" 200 4586 "-" "Mozilla/5.0 (compatible; Yahoo! Slurp; http://help.yahoo.com/help/us/ysearch/slurp)" 201 5010
127.0.0.1 - - [30/May/2016:04:23:02 -0400] "GET /opensso/namingservice HTTP/1.1" 200 7 "-" "Java/1.5.0_21" 220 183
127.0.0.1 - - [30/May/2016:04:23:10 -0400] "POST /opensso/sessionservice HTTP/1.1" 200 2343 "-" "Java/1.5.0_21" 819 2521
127.0.0.1 - - [30/May/2016:04:23:10 -0400] "POST /opensso/policyservice HTTP/1.1" 200 9464 "-" "Java/1.5.0_21" 1120 9649
127.0.0.1 - - [30/May/2016:04:23:10 -0400] "POST /opensso/jaxrpc/SMSObjectIF HTTP/1.1" 200 505 "-" "Java/1.5.0_21" 847 766
127.0.0.1 - - [30/May/2016:04:23:10 -0400] "POST /opensso/jaxrpc/DirectoryManagerIF HTTP/1.1" 200 1290 "-" "Java/1.5.0_21" 1362 1551
139.218.41.52 - - [30/May/2016:04:23:10 -0400] "GET /LMMP/rest/dbxml/fgdc/abstract?label=LRO_WAC_Mosaic_Global_303ppd HTTP/1.1" 200 291 "-" "Moon%20Tours/1.0.0 CFNetwork/758.4.3 Darwin/15.5.0" 748 858
127.0.0.1 - - [30/May/2016:04:23:18 -0400] "GET /opensso/namingservice HTTP/1.1" 200 7 "-" "Java/1.5.0_21" 220 183
127.0.0.1 - - [30/May/2016:04:23:32 -0400] "GET /opensso/namingservice HTTP/1.1" 200 7 "-" "Java/1.5.0_21" 220 183
66.249.66.2 - - [30/May/2016:04:23:31 -0400] "GET /redmine/projects/lmmpwiki/activity?from=1853-06-11 HTTP/1.1" 200 4829 "-" "Mozilla/5.0 (compatible; Googlebot/2.1; +http://www.google.com/bot.html)" 676 9517
127.0.0.1 - - [30/May/2016:04:23:48 -0400] "GET /opensso/namingservice HTTP/1.1" 200 7 "-" "Java/1.5.0_21" 220 183
127.0.0.1 - - [30/May/2016:04:24:02 -0400] "GET /opensso/namingservice HTTP/1.1" 200 7 "-" "Java/1.5.0_21" 220 183
127.0.0.1 - - [30/May/2016:04:24:18 -0400] "GET /opensso/namingservice HTTP/1.1" 200 7 "-" "Java/1.5.0_21" 220 183
127.0.0.1 - - [30/May/2016:04:24:32 -0400] "GET /opensso/namingservice HTTP/1.1" 200 7 "-" "Java/1.5.0_21" 220 183
127.0.0.1 - - [30/May/2016:04:24:48 -0400] "GET /opensso/namingservice HTTP/1.1" 200 7 "-" "Java/1.5.0_21" 220 183
127.0.0.1 - - [30/May/2016:04:25:02 -0400] "GET /opensso/namingservice HTTP/1.1" 200 7 "-" "Java/1.5.0_21" 220 183
139.218.41.52 - - [30/May/2016:04:25:09 -0400] "GET /opensso/identity/isTokenValid HTTP/1.1" 200 13 "-" "Moon%20Tours/1.0.0 CFNetwork/758.4.3 Darwin/15.5.0" 338 171
127.0.0.1 - - [30/May/2016:04:25:18 -0400] "GET /opensso/namingservice HTTP/1.1" 200 7 "-" "Java/1.5.0_21" 220 183
127.0.0.1 - - [30/May/2016:04:25:32 -0400] "GET /opensso/namingservice HTTP/1.1" 200 7 "-" "Java/1.5.0_21" 220 183
127.0.0.1 - - [30/May/2016:04:25:34 -0400] "POST /opensso/jaxrpc/SMSObjectIF HTTP/1.1" 200 505 "-" "Java/1.5.0_21" 847 767
127.0.0.1 - - [30/May/2016:04:25:34 -0400] "POST /opensso/jaxrpc/DirectoryManagerIF HTTP/1.1" 200 1290 "-" "Java/1.5.0_21" 1362 1551
139.218.41.52 - - [30/May/2016:04:25:34 -0400] "GET /LMMP/rest/dbxml/fgdc/abstract?label=Apollo15_PanCam_Mosaic_19S129E_2mp HTTP/1.1" 200 287 "-" "Moon%20Tours/1.0.0 CFNetwork/758.4.3 Darwin/15.5.0" 764 858
127.0.0.1 - - [30/May/2016:04:25:48 -0400] "GET /opensso/namingservice HTTP/1.1" 200 7 "-" "Java/1.5.0_21" 220 183
127.0.0.1 - - [30/May/2016:04:25:51 -0400] "POST /opensso/jaxrpc/SMSObjectIF HTTP/1.1" 200 505 "-" "Java/1.5.0_21" 847 767
127.0.0.1 - - [30/May/2016:04:25:51 -0400] "POST /opensso/jaxrpc/DirectoryManagerIF HTTP/1.1" 200 1290 "-" "Java/1.5.0_21" 1362 1551
139.218.41.52 - - [30/May/2016:04:25:51 -0400] "GET /LMMP/rest/dbxml/fgdc/abstract?label=Apollo16_MetricCam_Mosaic_Global_4096ppd HTTP/1.1" 200 418 "-" "Moon%20Tours/1.0.0 CFNetwork/758.4.3 Darwin/15.5.0" 764 986
127.0.0.1 - - [30/May/2016:04:26:02 -0400] "GET /opensso/namingservice HTTP/1.1" 200 7 "-" "Java/1.5.0_21" 220 183
131.161.9.200 - - [30/May/2016:04:26:17 -0400] "GET /LMMPUI/LMMP_CLIENT/LMMP.html HTTP/1.1" 304 - "-" "Mozilla/5.0 (Windows NT 5.1; rv:6.0.2) Gecko/20100101 Firefox/6.0.2" 320 188
127.0.0.1 - - [30/May/2016:04:26:18 -0400] "GET /opensso/namingservice HTTP/1.1" 200 7 "-" "Java/1.5.0_21" 220 183
127.0.0.1 - - [30/May/2016:04:26:32 -0400] "GET /opensso/namingservice HTTP/1.1" 200 7 "-" "Java/1.5.0_21" 220 183
127.0.0.1 - - [30/May/2016:04:26:48 -0400] "GET /opensso/namingservice HTTP/1.1" 200 7 "-" "Java/1.5.0_21" 220 183
127.0.0.1 - - [30/May/2016:04:27:02 -0400] "GET /opensso/namingservice HTTP/1.1" 200 7 "-" "Java/1.5.0_21" 220 183
127.0.0.1 - - [30/May/2016:04:27:14 -0400] "POST /opensso/sessionservice HTTP/1.1" 200 2343 "-" "Java/1.5.0_21" 819 2521
127.0.0.1 - - [30/May/2016:04:27:14 -0400] "POST /opensso/policyservice HTTP/1.1" 200 9464 "-" "Java/1.5.0_21" 1120 9649
127.0.0.1 - - [30/May/2016:04:27:14 -0400] "POST /opensso/jaxrpc/SMSObjectIF HTTP/1.1" 200 505 "-" "Java/1.5.0_21" 847 766
127.0.0.1 - - [30/May/2016:04:27:14 -0400] "POST /opensso/jaxrpc/DirectoryManagerIF HTTP/1.1" 200 1290 "-" "Java/1.5.0_21" 1362 1551
127.0.0.1 - - [30/May/2016:04:27:18 -0400] "GET /opensso/namingservice HTTP/1.1" 200 7 "-" "Java/1.5.0_21" 220 182
139.218.41.52 - - [30/May/2016:04:27:14 -0400] "GET /LMMP/rest/dbxml/fgdc/abstract?label=Apollo17_MetricCam_Mosaic_Global_3033ppd HTTP/1.1" 200 407 "-" "Moon%20Tours/1.0.0 CFNetwork/758.4.3 Darwin/15.5.0" 764 970
66.249.66.63 - - [30/May/2016:04:27:28 -0400] "GET /redmine/projects/lmmpwiki/activity?from=1853-05-12 HTTP/1.1" 200 4829 "-" "Mozilla/5.0 (compatible; Googlebot/2.1; +http://www.google.com/bot.html)" 676 9517
127.0.0.1 - - [30/May/2016:04:27:32 -0400] "GET /opensso/namingservice HTTP/1.1" 200 7 "-" "Java/1.5.0_21" 220 183
127.0.0.1 - - [30/May/2016:04:27:48 -0400] "GET /opensso/namingservice HTTP/1.1" 200 7 "-" "Java/1.5.0_21" 220 183
127.0.0.1 - - [30/May/2016:04:28:02 -0400] "GET /opensso/namingservice HTTP/1.1" 200 7 "-" "Java/1.5.0_21" 220 183
127.0.0.1 - - [30/May/2016:04:28:18 -0400] "GET /opensso/namingservice HTTP/1.1" 200 7 "-" "Java/1.5.0_21" 220 183
127.0.0.1 - - [30/May/2016:04:28:32 -0400] "GET /opensso/namingservice HTTP/1.1" 200 7 "-" "Java/1.5.0_21" 220 183
127.0.0.1 - - [30/May/2016:04:28:48 -0400] "GET /opensso/namingservice HTTP/1.1" 200 7 "-" "Java/1.5.0_21" 220 183
127.0.0.1 - - [30/May/2016:04:29:02 -0400] "GET /opensso/namingservice HTTP/1.1" 200 7 "-" "Java/1.5.0_21" 220 183
127.0.0.1 - - [30/May/2016:04:29:18 -0400] "GET /opensso/namingservice HTTP/1.1" 200 7 "-" "Java/1.5.0_21" 220 183
127.0.0.1 - - [30/May/2016:04:29:32 -0400] "GET /opensso/namingservice HTTP/1.1" 200 7 "-" "Java/1.5.0_21" 220 183
127.0.0.1 - - [30/May/2016:04:29:48 -0400] "GET /opensso/namingservice HTTP/1.1" 200 7 "-" "Java/1.5.0_21" 220 183
127.0.0.1 - - [30/May/2016:04:30:02 -0400] "GET /opensso/namingservice HTTP/1.1" 200 7 "-" "Java/1.5.0_21" 220 183
127.0.0.1 - - [30/May/2016:04:30:03 -0400] "POST /opensso/sessionservice HTTP/1.1" 200 2023 "-" "Java/1.5.0_21" 712 2201
127.0.0.1 - - [30/May/2016:04:30:03 -0400] "GET /opensso/identity//xml/read?name=TomcatApps1&attributes_names=realm&attributes_values_realm=%2Fappspub&attributes_names=objecttype&attributes_values_objecttype=Agent&admin=AQIC5wM2LY4SfczLG1z2I4000GJAZ3XlW1HRV1VdtWDQWw8%3D%40AAJTSQACMDE%3D%23 HTTP/1.1" 200 13607 "-" "Java/1.5.0_21" 440 13791
127.0.0.1 - - [30/May/2016:04:30:18 -0400] "GET /opensso/namingservice HTTP/1.1" 200 7 "-" "Java/1.5.0_21" 220 183
127.0.0.1 - - [30/May/2016:04:30:32 -0400] "GET /opensso/namingservice HTTP/1.1" 200 7 "-" "Java/1.5.0_21" 220 183
127.0.0.1 - - [30/May/2016:04:30:48 -0400] "GET /opensso/namingservice HTTP/1.1" 200 7 "-" "Java/1.5.0_21" 220 183
127.0.0.1 - - [30/May/2016:04:31:02 -0400] "GET /opensso/namingservice HTTP/1.1" 200 7 "-" "Java/1.5.0_21" 220 183
127.0.0.1 - - [30/May/2016:04:31:18 -0400] "GET /opensso/namingservice HTTP/1.1" 200 7 "-" "Java/1.5.0_21" 220 183
127.0.0.1 - - [30/May/2016:04:31:32 -0400] "GET /opensso/namingservice HTTP/1.1" 200 7 "-" "Java/1.5.0_21" 220 183
127.0.0.1 - - [30/May/2016:04:31:48 -0400] "GET /opensso/namingservice HTTP/1.1" 200 7 "-" "Java/1.5.0_21" 220 183
66.249.66.63 - - [30/May/2016:04:31:49 -0400] "GET /redmine/projects/lmmpwiki/activity?from=1853-04-12 HTTP/1.1" 200 4829 "-" "Mozilla/5.0 (compatible; Googlebot/2.1; +http://www.google.com/bot.html)" 676 9517
127.0.0.1 - - [30/May/2016:04:32:02 -0400] "GET /opensso/namingservice HTTP/1.1" 200 7 "-" "Java/1.5.0_21" 220 183
127.0.0.1 - - [30/May/2016:04:32:18 -0400] "GET /opensso/namingservice HTTP/1.1" 200 7 "-" "Java/1.5.0_21" 220 183
127.0.0.1 - - [30/May/2016:04:32:32 -0400] "GET /opensso/namingservice HTTP/1.1" 200 7 "-" "Java/1.5.0_21" 220 183
127.0.0.1 - - [30/May/2016:04:32:48 -0400] "GET /opensso/namingservice HTTP/1.1" 200 7 "-" "Java/1.5.0_21" 220 183
127.0.0.1 - - [30/May/2016:04:33:02 -0400] "GET /opensso/namingservice HTTP/1.1" 200 7 "-" "Java/1.5.0_21" 220 183
127.0.0.1 - - [30/May/2016:04:33:18 -0400] "GET /opensso/namingservice HTTP/1.1" 200 7 "-" "Java/1.5.0_21" 220 183
127.0.0.1 - - [30/May/2016:04:33:32 -0400] "GET /opensso/namingservice HTTP/1.1" 200 7 "-" "Java/1.5.0_21" 220 183
127.0.0.1 - - [30/May/2016:04:33:48 -0400] "GET /opensso/namingservice HTTP/1.1" 200 7 "-" "Java/1.5.0_21" 220 183
127.0.0.1 - - [30/May/2016:04:34:02 -0400] "GET /opensso/namingservice HTTP/1.1" 200 7 "-" "Java/1.5.0_21" 220 183
127.0.0.1 - - [30/May/2016:04:34:18 -0400] "GET /opensso/namingservice HTTP/1.1" 200 7 "-" "Java/1.5.0_21" 220 183
127.0.0.1 - - [30/May/2016:04:34:32 -0400] "GET /opensso/namingservice HTTP/1.1" 200 7 "-" "Java/1.5.0_21" 220 183
127.0.0.1 - - [30/May/2016:04:34:48 -0400] "POST /opensso/sessionservice HTTP/1.1" 200 2025 "-" "Java/1.5.0_21" 714 2203
127.0.0.1 - - [30/May/2016:04:34:48 -0400] "GET /opensso/identity//xml/read?name=TomcatApps3&attributes_names=realm&attributes_values_realm=%2Fappspub&attributes_names=objecttype&attributes_values_objecttype=Agent&admin=AQIC5wM2LY4SfcyTwfU2dauKfacz7ZPzIEJ3zYu%2B422CFkk%3D%40AAJTSQACMDE%3D%23 HTTP/1.1" 200 13732 "-" "Java/1.5.0_21" 442 13916
127.0.0.1 - - [30/May/2016:04:34:48 -0400] "GET /opensso/namingservice HTTP/1.1" 200 7 "-" "Java/1.5.0_21" 220 182
180.76.15.26 - - [30/May/2016:04:34:55 -0400] "GET / HTTP/1.1" 302 237 "-" "Mozilla/5.0 (compatible; Baiduspider/2.0; +http://www.baidu.com/search/spider.html)" 183 506
127.0.0.1 - - [30/May/2016:04:35:02 -0400] "GET /opensso/namingservice HTTP/1.1" 200 7 "-" "Java/1.5.0_21" 220 183
127.0.0.1 - - [30/May/2016:04:35:18 -0400] "GET /opensso/namingservice HTTP/1.1" 200 7 "-" "Java/1.5.0_21" 220 183
127.0.0.1 - - [30/May/2016:04:35:32 -0400] "GET /opensso/namingservice HTTP/1.1" 200 7 "-" "Java/1.5.0_21" 220 183
180.76.15.159 - - [30/May/2016:04:35:46 -0400] "GET / HTTP/1.1" 302 237 "-" "Mozilla/5.0 (compatible; Baiduspider/2.0; +http://www.baidu.com/search/spider.html)" 183 506
127.0.0.1 - - [30/May/2016:04:35:48 -0400] "GET /opensso/namingservice HTTP/1.1" 200 7 "-" "Java/1.5.0_21" 220 183
127.0.0.1 - - [30/May/2016:04:36:02 -0400] "GET /opensso/namingservice HTTP/1.1" 200 7 "-" "Java/1.5.0_21" 220 183
127.0.0.1 - - [30/May/2016:04:36:18 -0400] "GET /opensso/namingservice HTTP/1.1" 200 7 "-" "Java/1.5.0_21" 220 183
127.0.0.1 - - [30/May/2016:04:36:32 -0400] "GET /opensso/namingservice HTTP/1.1" 200 7 "-" "Java/1.5.0_21" 220 183
127.0.0.1 - - [30/May/2016:04:36:48 -0400] "GET /opensso/namingservice HTTP/1.1" 200 7 "-" "Java/1.5.0_21" 220 183
66.249.66.6 - - [30/May/2016:04:36:52 -0400] "GET /redmine/projects/lmmpwiki/activity?from=1853-03-13 HTTP/1.1" 200 4829 "-" "Mozilla/5.0 (compatible; Googlebot/2.1; +http://www.google.com/bot.html)" 676 9517
127.0.0.1 - - [30/May/2016:04:37:02 -0400] "GET /opensso/namingservice HTTP/1.1" 200 7 "-" "Java/1.5.0_21" 220 183
127.0.0.1 - - [30/May/2016:04:37:18 -0400] "GET /opensso/namingservice HTTP/1.1" 200 7 "-" "Java/1.5.0_21" 220 183
127.0.0.1 - - [30/May/2016:04:37:32 -0400] "GET /opensso/namingservice HTTP/1.1" 200 7 "-" "Java/1.5.0_21" 220 183
127.0.0.1 - - [30/May/2016:04:37:48 -0400] "GET /opensso/namingservice HTTP/1.1" 200 7 "-" "Java/1.5.0_21" 220 183
127.0.0.1 - - [30/May/2016:04:38:02 -0400] "GET /opensso/namingservice HTTP/1.1" 200 7 "-" "Java/1.5.0_21" 220 183
127.0.0.1 - - [30/May/2016:04:38:18 -0400] "GET /opensso/namingservice HTTP/1.1" 200 7 "-" "Java/1.5.0_21" 220 183
127.0.0.1 - - [30/May/2016:04:38:32 -0400] "GET /opensso/namingservice HTTP/1.1" 200 7 "-" "Java/1.5.0_21" 220 183
127.0.0.1 - - [30/May/2016:04:38:48 -0400] "GET /opensso/namingservice HTTP/1.1" 200 7 "-" "Java/1.5.0_21" 220 183
127.0.0.1 - - [30/May/2016:04:39:02 -0400] "GET /opensso/namingservice HTTP/1.1" 200 7 "-" "Java/1.5.0_21" 220 183
127.0.0.1 - - [30/May/2016:04:39:18 -0400] "GET /opensso/namingservice HTTP/1.1" 200 7 "-" "Java/1.5.0_21" 220 183
127.0.0.1 - - [30/May/2016:04:39:32 -0400] "GET /opensso/namingservice HTTP/1.1" 200 7 "-" "Java/1.5.0_21" 220 183
127.0.0.1 - - [30/May/2016:04:39:48 -0400] "GET /opensso/namingservice HTTP/1.1" 200 7 "-" "Java/1.5.0_21" 220 183
127.0.0.1 - - [30/May/2016:04:40:02 -0400] "GET /opensso/namingservice HTTP/1.1" 200 7 "-" "Java/1.5.0_21" 220 183
127.0.0.1 - - [30/May/2016:04:40:18 -0400] "GET /opensso/namingservice HTTP/1.1" 200 7 "-" "Java/1.5.0_21" 220 183
127.0.0.1 - - [30/May/2016:04:40:32 -0400] "GET /opensso/namingservice HTTP/1.1" 200 7 "-" "Java/1.5.0_21" 220 183
127.0.0.1 - - [30/May/2016:04:40:48 -0400] "GET /opensso/namingservice HTTP/1.1" 200 7 "-" "Java/1.5.0_21" 220 183
127.0.0.1 - - [30/May/2016:04:41:02 -0400] "GET /opensso/namingservice HTTP/1.1" 200 7 "-" "Java/1.5.0_21" 220 183
127.0.0.1 - - [30/May/2016:04:41:18 -0400] "GET /opensso/namingservice HTTP/1.1" 200 7 "-" "Java/1.5.0_21" 220 183
127.0.0.1 - - [30/May/2016:04:41:32 -0400] "GET /opensso/namingservice HTTP/1.1" 200 7 "-" "Java/1.5.0_21" 220 183
66.249.66.2 - - [30/May/2016:04:41:32 -0400] "GET /redmine/projects/lmmpwiki/activity?from=1853-02-11 HTTP/1.1" 200 4829 "-" "Mozilla/5.0 (compatible; Googlebot/2.1; +http://www.google.com/bot.html)" 676 9517
127.0.0.1 - - [30/May/2016:04:41:48 -0400] "GET /opensso/namingservice HTTP/1.1" 200 7 "-" "Java/1.5.0_21" 220 183
127.0.0.1 - - [30/May/2016:04:42:02 -0400] "GET /opensso/namingservice HTTP/1.1" 200 7 "-" "Java/1.5.0_21" 220 183
127.0.0.1 - - [30/May/2016:04:42:18 -0400] "GET /opensso/namingservice HTTP/1.1" 200 7 "-" "Java/1.5.0_21" 220 183
127.0.0.1 - - [30/May/2016:04:42:32 -0400] "GET /opensso/namingservice HTTP/1.1" 200 7 "-" "Java/1.5.0_21" 220 183
127.0.0.1 - - [30/May/2016:04:42:48 -0400] "GET /opensso/namingservice HTTP/1.1" 200 7 "-" "Java/1.5.0_21" 220 183
127.0.0.1 - - [30/May/2016:04:43:02 -0400] "GET /opensso/namingservice HTTP/1.1" 200 7 "-" "Java/1.5.0_21" 220 183
127.0.0.1 - - [30/May/2016:04:43:18 -0400] "GET /opensso/namingservice HTTP/1.1" 200 7 "-" "Java/1.5.0_21" 220 183
127.0.0.1 - - [30/May/2016:04:43:32 -0400] "GET /opensso/namingservice HTTP/1.1" 200 7 "-" "Java/1.5.0_21" 220 183
24.102.147.76 - - [30/May/2016:04:43:38 -0400] "GET /opensso/identity/isTokenValid HTTP/1.1" 200 14 "-" "Moon%20Tours/1.0.0 CFNetwork/758.4.3 Darwin/15.5.0" 229 172
24.102.147.76 - - [30/May/2016:04:43:38 -0400] "GET /opensso/UI/Login?module=Anonymous&org=appspub&goto=http%3A%2F%2Fpub.lmmp.nasa.gov%2Flmmpmobile%2Frefresh HTTP/1.1" 302 - "-" "Moon%20Tours/1.0.0 CFNetwork/758.4.3 Darwin/15.5.0" 304 930
24.102.147.76 - - [30/May/2016:04:43:38 -0400] "GET /lmmpmobile/refresh?iPlanetDirectoryPro=AQIC5wM2LY4SfcwWH2UpCl8HW8kRjazeFiNSsoHN2xbNoVM%3D%40AAJTSQACMDE%3D%23 HTTP/1.1" 200 - "-" "Moon%20Tours/1.0.0 CFNetwork/758.4.3 Darwin/15.5.0" 418 316
127.0.0.1 - - [30/May/2016:04:43:48 -0400] "GET /opensso/namingservice HTTP/1.1" 200 7 "-" "Java/1.5.0_21" 220 183
127.0.0.1 - - [30/May/2016:04:44:02 -0400] "GET /opensso/namingservice HTTP/1.1" 200 7 "-" "Java/1.5.0_21" 220 183
127.0.0.1 - - [30/May/2016:04:44:18 -0400] "GET /opensso/namingservice HTTP/1.1" 200 7 "-" "Java/1.5.0_21" 220 183
24.102.147.76 - - [30/May/2016:04:44:31 -0400] "GET /lmmpmobile/config-1.0.json HTTP/1.1" 200 1338 "-" "Moon%20Tours/1.0.0 CFNetwork/758.4.3 Darwin/15.5.0" 326 1666
127.0.0.1 - - [30/May/2016:04:44:32 -0400] "GET /opensso/namingservice HTTP/1.1" 200 7 "-" "Java/1.5.0_21" 220 183
24.102.147.76 - - [30/May/2016:04:44:33 -0400] "GET /lmmpmobile/bookmarks-1.0.2.json HTTP/1.1" 200 11401 "-" "Moon%20Tours/1.0.0 CFNetwork/758.4.3 Darwin/15.5.0" 331 11730
24.102.147.76 - - [30/May/2016:04:44:33 -0400] "GET /lmmpmobile/pages/about-1.0.2.html HTTP/1.1" 200 2716 "-" "Moon%20Tours/1.0.0 CFNetwork/758.4.3 Darwin/15.5.0" 333 3037
24.102.147.76 - - [30/May/2016:04:44:33 -0400] "GET /lmmpmobile/pages/help-1.0.2.html HTTP/1.1" 200 6781 "-" "Moon%20Tours/1.0.0 CFNetwork/758.4.3 Darwin/15.5.0" 332 7103
24.102.147.76 - - [30/May/2016:04:44:33 -0400] "GET /lmmpmobile/pages/glossary-1.0.2.html HTTP/1.1" 200 4306 "-" "Moon%20Tours/1.0.0 CFNetwork/758.4.3 Darwin/15.5.0" 336 4628
24.102.147.76 - - [30/May/2016:04:44:33 -0400] "GET /lmmpmobile/pages/assets/NASA_logo.png HTTP/1.1" 200 17149 "-" "Mozilla/5.0 (iPhone; CPU iPhone OS 9_3_2 like Mac OS X) AppleWebKit/601.1.46 (KHTML, like Gecko) Mobile/13F69" 405 17472
127.0.0.1 - - [30/May/2016:04:44:48 -0400] "GET /opensso/namingservice HTTP/1.1" 200 7 "-" "Java/1.5.0_21" 220 183
24.102.147.76 - - [30/May/2016:04:44:34 -0400] "GET /arcgis/rest/services/CombinedNomenclature/MapServer?f=json HTTP/1.1" 200 799 "arcgisios" "ArcGISiOS-2.3.2/9.3.2/iPhone6,1" 368 1096
24.102.147.76 - - [30/May/2016:04:44:34 -0400] "GET /arcgis/rest/services/ERGraticule/MapServer?f=json HTTP/1.1" 200 697 "arcgisios" "ArcGISiOS-2.3.2/9.3.2/iPhone6,1" 359 992
127.0.0.1 - - [30/May/2016:04:45:02 -0400] "GET /opensso/namingservice HTTP/1.1" 200 7 "-" "Java/1.5.0_21" 220 183
24.102.147.76 - - [30/May/2016:04:45:05 -0400] "GET /arcgis/rest/services/CombinedNomenclature/MapServer/find?returnGeometry=true&contains=true&layers=0&searchFields=LABEL&searchText=Moo&f=json HTTP/1.1" 200 1061 "arcgisios" "ArcGISiOS-2.3.2/9.3.2/iPhone6,1" 450 1433
24.102.147.76 - - [30/May/2016:04:45:05 -0400] "GET /arcgis/rest/services/CombinedNomenclature/MapServer/find?returnGeometry=true&contains=true&layers=0&searchFields=LABEL&searchText=Moon&f=json HTTP/1.1" 200 134 "arcgisios" "ArcGISiOS-2.3.2/9.3.2/iPhone6,1" 451 504
24.102.147.76 - - [30/May/2016:04:45:04 -0400] "GET /arcgis/rest/services/CombinedNomenclature/MapServer/find?returnGeometry=true&contains=true&layers=0&searchFields=LABEL&searchText=Mo&f=json HTTP/1.1" 200 40693 "arcgisios" "ArcGISiOS-2.3.2/9.3.2/iPhone6,1" 449 41064
