107.218.232.69 - - [25/May/2015:00:19:36 -0400] "GET /arcgis/rest/services/CombinedNomenclature/MapServer?f=json HTTP/1.1" 200 800 "arcgisios" "ArcGISiOS-2.3.2/7.1.2/iPhone3,1" 396 1098
107.218.232.69 - - [25/May/2015:00:19:36 -0400] "GET /arcgis/rest/services/ERGraticule/MapServer?f=json HTTP/1.1" 200 703 "arcgisios" "ArcGISiOS-2.3.2/7.1.2/iPhone3,1" 386 1000
127.0.0.1 - - [25/May/2015:00:19:42 -0400] "GET /opensso/namingservice HTTP/1.1" 200 7 "-" "Java/1.5.0_21" 220 183
127.0.0.1 - - [25/May/2015:00:19:43 -0400] "GET /opensso/namingservice HTTP/1.1" 200 7 "-" "Java/1.5.0_21" 220 183
220.181.108.145 - - [25/May/2015:00:19:48 -0400] "GET / HTTP/1.1" 302 237 "-" "Mozilla/5.0 (Windows NT 5.1; rv:6.0.2) Gecko/20100101 Firefox/6.0.2" 179 506
107.218.232.69 - - [25/May/2015:00:19:49 -0400] "GET /lmmpmobile/pages/assets/NASA_logo.png HTTP/1.1" 200 17149 "-" "Mozilla/5.0 (iPhone; CPU iPhone OS 7_1_2 like Mac OS X) AppleWebKit/537.51.2 (KHTML, like Gecko) Mobile/11D257" 406 17472
127.0.0.1 - - [25/May/2015:00:20:12 -0400] "GET /opensso/namingservice HTTP/1.1" 200 7 "-" "Java/1.5.0_21" 220 183
127.0.0.1 - - [25/May/2015:00:20:13 -0400] "GET /opensso/namingservice HTTP/1.1" 200 7 "-" "Java/1.5.0_21" 220 183
107.218.232.69 - - [25/May/2015:00:20:15 -0400] "GET /lmmpmobile/pages/assets/help-toptoolbar.png HTTP/1.1" 200 24463 "-" "Mozilla/5.0 (iPhone; CPU iPhone OS 7_1_2 like Mac OS X) AppleWebKit/537.51.2 (KHTML, like Gecko) Mobile/11D257" 412 24786
107.218.232.69 - - [25/May/2015:00:20:15 -0400] "GET /lmmpmobile/pages/assets/help-bottomtoolbar.png HTTP/1.1" 200 85618 "-" "Mozilla/5.0 (iPhone; CPU iPhone OS 7_1_2 like Mac OS X) AppleWebKit/537.51.2 (KHTML, like Gecko) Mobile/11D257" 415 85942
107.218.232.69 - - [25/May/2015:00:20:15 -0400] "GET /lmmpmobile/pages/assets/help-searchresult.png HTTP/1.1" 200 80323 "-" "Mozilla/5.0 (iPhone; CPU iPhone OS 7_1_2 like Mac OS X) AppleWebKit/537.51.2 (KHTML, like Gecko) Mobile/11D257" 414 80647
107.218.232.69 - - [25/May/2015:00:20:15 -0400] "GET /lmmpmobile/pages/assets/help-thumbnail.png HTTP/1.1" 200 73927 "-" "Mozilla/5.0 (iPhone; CPU iPhone OS 7_1_2 like Mac OS X) AppleWebKit/537.51.2 (KHTML, like Gecko) Mobile/11D257" 411 74251
107.218.232.69 - - [25/May/2015:00:20:16 -0400] "GET /lmmpmobile/pages/assets/help-stack.png HTTP/1.1" 200 152486 "-" "Mozilla/5.0 (iPhone; CPU iPhone OS 7_1_2 like Mac OS X) AppleWebKit/537.51.2 (KHTML, like Gecko) Mobile/11D257" 407 152810
107.218.232.69 - - [25/May/2015:00:20:16 -0400] "GET /lmmpmobile/pages/assets/help-layersort.png HTTP/1.1" 200 54319 "-" "Mozilla/5.0 (iPhone; CPU iPhone OS 7_1_2 like Mac OS X) AppleWebKit/537.51.2 (KHTML, like Gecko) Mobile/11D257" 411 54641
107.218.232.69 - - [25/May/2015:00:20:15 -0400] "GET /lmmpmobile/pages/assets/help-loupedistance.png HTTP/1.1" 200 202527 "-" "Mozilla/5.0 (iPhone; CPU iPhone OS 7_1_2 like Mac OS X) AppleWebKit/537.51.2 (KHTML, like Gecko) Mobile/11D257" 415 202852
107.218.232.69 - - [25/May/2015:00:20:16 -0400] "GET /lmmpmobile/pages/assets/help-description.png HTTP/1.1" 200 102275 "-" "Mozilla/5.0 (iPhone; CPU iPhone OS 7_1_2 like Mac OS X) AppleWebKit/537.51.2 (KHTML, like Gecko) Mobile/11D257" 413 102599
107.218.232.69 - - [25/May/2015:00:20:16 -0400] "GET /lmmpmobile/pages/assets/help-threedee.png HTTP/1.1" 200 375512 "-" "Mozilla/5.0 (iPhone; CPU iPhone OS 7_1_2 like Mac OS X) AppleWebKit/537.51.2 (KHTML, like Gecko) Mobile/11D257" 410 375836
127.0.0.1 - - [25/May/2015:00:20:42 -0400] "GET /opensso/namingservice HTTP/1.1" 200 7 "-" "Java/1.5.0_21" 220 183
127.0.0.1 - - [25/May/2015:00:20:43 -0400] "GET /opensso/namingservice HTTP/1.1" 200 7 "-" "Java/1.5.0_21" 220 183
107.218.232.69 - - [25/May/2015:00:20:47 -0400] "GET /arcgis/rest/services/CombinedNomenclature/MapServer/find?returnGeometry=true&contains=true&layers=0&searchFields=LABEL&searchText=s&f=json HTTP/1.1" 200 149816 "arcgisios" "ArcGISiOS-2.3.2/7.1.2/iPhone3,1" 448 150189
107.218.232.69 - - [25/May/2015:00:20:49 -0400] "GET /arcgis/rest/services/CombinedNomenclature/MapServer/find?returnGeometry=true&contains=true&layers=0&searchFields=LABEL&searchText=sha&f=json HTTP/1.1" 200 5668 "arcgisios" "ArcGISiOS-2.3.2/7.1.2/iPhone3,1" 450 6040
107.218.232.69 - - [25/May/2015:00:20:49 -0400] "GET /arcgis/rest/services/CombinedNomenclature/MapServer/find?returnGeometry=true&contains=true&layers=0&searchFields=LABEL&searchText=shar&f=json HTTP/1.1" 200 2733 "arcgisios" "ArcGISiOS-2.3.2/7.1.2/iPhone3,1" 451 3105
107.218.232.69 - - [25/May/2015:00:20:50 -0400] "GET /arcgis/rest/services/CombinedNomenclature/MapServer/find?returnGeometry=true&contains=true&layers=0&searchFields=LABEL&searchText=share&f=json HTTP/1.1" 200 134 "arcgisios" "ArcGISiOS-2.3.2/7.1.2/iPhone3,1" 452 504
107.218.232.69 - - [25/May/2015:00:20:48 -0400] "GET /arcgis/rest/services/CombinedNomenclature/MapServer/find?returnGeometry=true&contains=true&layers=0&searchFields=LABEL&searchText=sh&f=json HTTP/1.1" 200 18369 "arcgisios" "ArcGISiOS-2.3.2/7.1.2/iPhone3,1" 449 18741
127.0.0.1 - - [25/May/2015:00:21:12 -0400] "GET /opensso/namingservice HTTP/1.1" 200 7 "-" "Java/1.5.0_21" 220 183
127.0.0.1 - - [25/May/2015:00:21:13 -0400] "GET /opensso/namingservice HTTP/1.1" 200 7 "-" "Java/1.5.0_21" 220 183
220.181.108.185 - - [25/May/2015:00:21:13 -0400] "GET /LMMPUI/LMMP_CLIENT/LMMP.html HTTP/1.1" 200 8973 "-" "Mozilla/5.0 (Windows NT 5.1; rv:6.0.2) Gecko/20100101 Firefox/6.0.2" 207 9266
127.0.0.1 - - [25/May/2015:00:21:42 -0400] "GET /opensso/namingservice HTTP/1.1" 200 7 "-" "Java/1.5.0_21" 220 183
127.0.0.1 - - [25/May/2015:00:21:43 -0400] "GET /opensso/namingservice HTTP/1.1" 200 7 "-" "Java/1.5.0_21" 220 183
137.78.207.218 - - [25/May/2015:00:21:54 -0400] "HEAD /LMMPUI/LMMP_CLIENT/LMMP.html HTTP/1.1" 200 - "-" "curl/7.38.0" 110 274
137.78.207.218 - - [25/May/2015:00:21:54 -0400] "HEAD /LMMPUI/LMMP_CLIENT/LMMP.html HTTP/1.1" 200 - "-" "curl/7.38.0" 110 274
66.249.67.248 - - [25/May/2015:00:21:57 -0400] "GET /redmine/issues/gantt?month=7&months=6&year=2208&zoom=3 HTTP/1.1" 200 51449 "-" "Mozilla/5.0 (compatible; Googlebot/2.1; +http://www.google.com/bot.html)" 718 56377
127.0.0.1 - - [25/May/2015:00:22:12 -0400] "GET /opensso/namingservice HTTP/1.1" 200 7 "-" "Java/1.5.0_21" 220 183
127.0.0.1 - - [25/May/2015:00:22:13 -0400] "GET /opensso/namingservice HTTP/1.1" 200 7 "-" "Java/1.5.0_21" 220 183
127.0.0.1 - - [25/May/2015:00:22:42 -0400] "GET /opensso/namingservice HTTP/1.1" 200 7 "-" "Java/1.5.0_21" 220 183
127.0.0.1 - - [25/May/2015:00:22:43 -0400] "GET /opensso/namingservice HTTP/1.1" 200 7 "-" "Java/1.5.0_21" 220 183
127.0.0.1 - - [25/May/2015:00:23:12 -0400] "GET /opensso/namingservice HTTP/1.1" 200 7 "-" "Java/1.5.0_21" 220 183
127.0.0.1 - - [25/May/2015:00:23:13 -0400] "GET /opensso/namingservice HTTP/1.1" 200 7 "-" "Java/1.5.0_21" 220 183
127.0.0.1 - - [25/May/2015:00:23:42 -0400] "GET /opensso/namingservice HTTP/1.1" 200 7 "-" "Java/1.5.0_21" 220 183
127.0.0.1 - - [25/May/2015:00:23:43 -0400] "GET /opensso/namingservice HTTP/1.1" 200 7 "-" "Java/1.5.0_21" 220 183
117.78.13.55 - - [25/May/2015:00:23:57 -0400] "GET /robots.txt HTTP/1.0" 404 208 "-" "nutch-1.4/Nutch-1.4" 173 416
117.78.13.55 - - [25/May/2015:00:23:58 -0400] "GET / HTTP/1.0" 302 237 "-" "nutch-1.4/Nutch-1.4" 163 506
117.78.13.55 - - [25/May/2015:00:23:58 -0400] "GET /LMMPUI/LMMP_CLIENT/LMMP.html HTTP/1.0" 200 8973 "-" "nutch-1.4/Nutch-1.4" 191 9266
127.0.0.1 - - [25/May/2015:00:24:12 -0400] "GET /opensso/namingservice HTTP/1.1" 200 7 "-" "Java/1.5.0_21" 220 183
127.0.0.1 - - [25/May/2015:00:24:13 -0400] "GET /opensso/namingservice HTTP/1.1" 200 7 "-" "Java/1.5.0_21" 220 183
127.0.0.1 - - [25/May/2015:00:24:42 -0400] "POST /opensso/sessionservice HTTP/1.1" 200 2023 "-" "Java/1.5.0_21" 712 2201
127.0.0.1 - - [25/May/2015:00:24:42 -0400] "GET /opensso/identity//xml/read?name=TomcatApps1&attributes_names=realm&attributes_values_realm=%2Fappspub&attributes_names=objecttype&attributes_values_objecttype=Agent&admin=AQIC5wM2LY4SfcyRautyD4RKpwbzv6XrE24fIq8LDPQGnm0%3D%40AAJTSQACMDE%3D%23 HTTP/1.1" 200 13607 "-" "Java/1.5.0_21" 440 13791
127.0.0.1 - - [25/May/2015:00:24:42 -0400] "GET /opensso/namingservice HTTP/1.1" 200 7 "-" "Java/1.5.0_21" 220 182
127.0.0.1 - - [25/May/2015:00:24:43 -0400] "GET /opensso/namingservice HTTP/1.1" 200 7 "-" "Java/1.5.0_21" 220 183
127.0.0.1 - - [25/May/2015:00:25:12 -0400] "GET /opensso/namingservice HTTP/1.1" 200 7 "-" "Java/1.5.0_21" 220 183
127.0.0.1 - - [25/May/2015:00:25:13 -0400] "GET /opensso/namingservice HTTP/1.1" 200 7 "-" "Java/1.5.0_21" 220 183
127.0.0.1 - - [25/May/2015:00:25:42 -0400] "GET /opensso/namingservice HTTP/1.1" 200 7 "-" "Java/1.5.0_21" 220 183
127.0.0.1 - - [25/May/2015:00:25:43 -0400] "GET /opensso/namingservice HTTP/1.1" 200 7 "-" "Java/1.5.0_21" 220 183
66.249.67.248 - - [25/May/2015:00:25:44 -0400] "GET /redmine/issues/gantt?month=7&months=6&year=2208&zoom=1 HTTP/1.1" 200 27583 "-" "Mozilla/5.0 (compatible; Googlebot/2.1; +http://www.google.com/bot.html)" 718 32436
127.0.0.1 - - [25/May/2015:00:26:12 -0400] "GET /opensso/namingservice HTTP/1.1" 200 7 "-" "Java/1.5.0_21" 220 183
127.0.0.1 - - [25/May/2015:00:26:13 -0400] "GET /opensso/namingservice HTTP/1.1" 200 7 "-" "Java/1.5.0_21" 220 183
127.0.0.1 - - [25/May/2015:00:26:42 -0400] "GET /opensso/namingservice HTTP/1.1" 200 7 "-" "Java/1.5.0_21" 220 183
127.0.0.1 - - [25/May/2015:00:26:43 -0400] "GET /opensso/namingservice HTTP/1.1" 200 7 "-" "Java/1.5.0_21" 220 183
137.78.207.218 - - [25/May/2015:00:26:54 -0400] "HEAD /LMMPUI/LMMP_CLIENT/LMMP.html HTTP/1.1" 200 - "-" "curl/7.38.0" 110 274
137.78.207.218 - - [25/May/2015:00:26:54 -0400] "HEAD /LMMPUI/LMMP_CLIENT/LMMP.html HTTP/1.1" 200 - "-" "curl/7.38.0" 110 274
127.0.0.1 - - [25/May/2015:00:27:12 -0400] "GET /opensso/namingservice HTTP/1.1" 200 7 "-" "Java/1.5.0_21" 220 183
127.0.0.1 - - [25/May/2015:00:27:13 -0400] "GET /opensso/namingservice HTTP/1.1" 200 7 "-" "Java/1.5.0_21" 220 183
127.0.0.1 - - [25/May/2015:00:27:42 -0400] "GET /opensso/namingservice HTTP/1.1" 200 7 "-" "Java/1.5.0_21" 220 183
127.0.0.1 - - [25/May/2015:00:27:43 -0400] "GET /opensso/namingservice HTTP/1.1" 200 7 "-" "Java/1.5.0_21" 220 183
127.0.0.1 - - [25/May/2015:00:28:12 -0400] "GET /opensso/namingservice HTTP/1.1" 200 7 "-" "Java/1.5.0_21" 220 183
127.0.0.1 - - [25/May/2015:00:28:13 -0400] "GET /opensso/namingservice HTTP/1.1" 200 7 "-" "Java/1.5.0_21" 220 183
127.0.0.1 - - [25/May/2015:00:28:42 -0400] "GET /opensso/namingservice HTTP/1.1" 200 7 "-" "Java/1.5.0_21" 220 183
127.0.0.1 - - [25/May/2015:00:28:43 -0400] "GET /opensso/namingservice HTTP/1.1" 200 7 "-" "Java/1.5.0_21" 220 183
127.0.0.1 - - [25/May/2015:00:29:12 -0400] "GET /opensso/namingservice HTTP/1.1" 200 7 "-" "Java/1.5.0_21" 220 183
127.0.0.1 - - [25/May/2015:00:29:13 -0400] "GET /opensso/namingservice HTTP/1.1" 200 7 "-" "Java/1.5.0_21" 220 183
66.249.67.248 - - [25/May/2015:00:29:31 -0400] "GET /redmine/issues/gantt?month=6&months=6&year=2208&zoom=1 HTTP/1.1" 200 27581 "-" "Mozilla/5.0 (compatible; Googlebot/2.1; +http://www.google.com/bot.html)" 718 32434
127.0.0.1 - - [25/May/2015:00:29:42 -0400] "GET /opensso/namingservice HTTP/1.1" 200 7 "-" "Java/1.5.0_21" 220 183
127.0.0.1 - - [25/May/2015:00:29:43 -0400] "GET /opensso/namingservice HTTP/1.1" 200 7 "-" "Java/1.5.0_21" 220 183
127.0.0.1 - - [25/May/2015:00:30:12 -0400] "GET /opensso/namingservice HTTP/1.1" 200 7 "-" "Java/1.5.0_21" 220 183
127.0.0.1 - - [25/May/2015:00:30:13 -0400] "GET /opensso/namingservice HTTP/1.1" 200 7 "-" "Java/1.5.0_21" 220 183
127.0.0.1 - - [25/May/2015:00:30:42 -0400] "GET /opensso/namingservice HTTP/1.1" 200 7 "-" "Java/1.5.0_21" 220 183
127.0.0.1 - - [25/May/2015:00:30:43 -0400] "GET /opensso/namingservice HTTP/1.1" 200 7 "-" "Java/1.5.0_21" 220 183
207.46.13.25 - - [25/May/2015:00:30:49 -0400] "GET /olyblog/tags/experience-downtown-night HTTP/1.1" 404 236 "-" "Mozilla/5.0 (compatible; bingbot/2.0; +http://www.bing.com/bingbot.htm)" 360 481
127.0.0.1 - - [25/May/2015:00:31:12 -0400] "GET /opensso/namingservice HTTP/1.1" 200 7 "-" "Java/1.5.0_21" 220 183
127.0.0.1 - - [25/May/2015:00:31:13 -0400] "GET /opensso/namingservice HTTP/1.1" 200 7 "-" "Java/1.5.0_21" 220 183
92.44.170.99 - - [25/May/2015:00:31:35 -0400] "GET /opensso/UI/Login?module=Anonymous&org=appspub&goto=https://pub.lmmp.nasa.gov/LMMP/rest/dbxml/fgdc/abstract?label=LRO_NAC_ClrShade_36N320E_2mp HTTP/1.1" 302 - "-" "Dalvik/1.6.0 (Linux; U; Android 4.2.2; GT-I9190 Build/JDQ39)" 305 978
127.0.0.1 - - [25/May/2015:00:31:37 -0400] "POST /opensso/sessionservice HTTP/1.1" 200 2393 "-" "Java/1.5.0_21" 818 2571
127.0.0.1 - - [25/May/2015:00:31:37 -0400] "POST /opensso/sessionservice HTTP/1.1" 200 272 "-" "Java/1.5.0_21" 884 449
127.0.0.1 - - [25/May/2015:00:31:37 -0400] "POST /opensso/sessionservice HTTP/1.1" 200 2341 "-" "Java/1.5.0_21" 818 2518
127.0.0.1 - - [25/May/2015:00:31:37 -0400] "POST /opensso/policyservice HTTP/1.1" 200 9464 "-" "Java/1.5.0_21" 1118 9649
127.0.0.1 - - [25/May/2015:00:31:37 -0400] "POST /opensso/jaxrpc/SMSObjectIF HTTP/1.1" 200 505 "-" "Java/1.5.0_21" 847 766
127.0.0.1 - - [25/May/2015:00:31:37 -0400] "POST /opensso/jaxrpc/DirectoryManagerIF HTTP/1.1" 200 1290 "-" "Java/1.5.0_21" 1362 1551
127.0.0.1 - - [25/May/2015:00:31:42 -0400] "GET /opensso/namingservice HTTP/1.1" 200 7 "-" "Java/1.5.0_21" 220 183
127.0.0.1 - - [25/May/2015:00:31:43 -0400] "GET /opensso/namingservice HTTP/1.1" 200 7 "-" "Java/1.5.0_21" 220 183
92.44.170.99 - - [25/May/2015:00:31:37 -0400] "GET /LMMP/rest/dbxml/fgdc/abstract?label=LRO_NAC_ClrShade_36N320E_2mp&iPlanetDirectoryPro=AQIC5wM2LY4SfcwgLv6iIfW3Lx2f1yfBfLSVOtHU38rUK1o%3D%40AAJTSQACMDE%3D%23 HTTP/1.1" 200 577 "-" "Dalvik/1.6.0 (Linux; U; Android 4.2.2; GT-I9190 Build/JDQ39)" 864 4709
92.44.170.99 - - [25/May/2015:00:31:47 -0400] "GET /opensso/UI/Login?module=Anonymous&org=appspub&goto=https://pub.lmmp.nasa.gov/LMMP/rest/dbxml/fgdc/legend/stream?label=LRO_NAC_ClrShade_36N320E_2mp HTTP/1.1" 302 - "-" "Dalvik/1.6.0 (Linux; U; Android 4.2.2; GT-I9190 Build/JDQ39)" 310 985
127.0.0.1 - - [25/May/2015:00:31:48 -0400] "POST /opensso/sessionservice HTTP/1.1" 200 2402 "-" "Java/1.5.0_21" 818 2580
127.0.0.1 - - [25/May/2015:00:31:48 -0400] "POST /opensso/sessionservice HTTP/1.1" 200 272 "-" "Java/1.5.0_21" 884 449
127.0.0.1 - - [25/May/2015:00:31:48 -0400] "POST /opensso/policyservice HTTP/1.1" 200 9464 "-" "Java/1.5.0_21" 1118 9649
127.0.0.1 - - [25/May/2015:00:31:48 -0400] "POST /opensso/jaxrpc/SMSObjectIF HTTP/1.1" 200 505 "-" "Java/1.5.0_21" 847 766
127.0.0.1 - - [25/May/2015:00:31:48 -0400] "POST /opensso/jaxrpc/DirectoryManagerIF HTTP/1.1" 200 1290 "-" "Java/1.5.0_21" 1362 1551
127.0.0.1 - - [25/May/2015:00:31:48 -0400] "POST /opensso/jaxrpc/SMSObjectIF HTTP/1.1" 200 505 "-" "Java/1.5.0_21" 847 766
127.0.0.1 - - [25/May/2015:00:31:48 -0400] "POST /opensso/jaxrpc/DirectoryManagerIF HTTP/1.1" 200 1290 "-" "Java/1.5.0_21" 1362 1551
92.44.170.99 - - [25/May/2015:00:31:48 -0400] "GET /LMMP/rest/dbxml/fgdc/legend/stream?label=LRO_NAC_ClrShade_36N320E_2mp&iPlanetDirectoryPro=AQIC5wM2LY4SfczI%2BhfePbDsDyodhUXtqS2NU1BvJFL8M3w%3D%40AAJTSQACMDE%3D%23 HTTP/1.1" 200 10579 "-" "Dalvik/1.6.0 (Linux; U; Android 4.2.2; GT-I9190 Build/JDQ39)" 347 11089
137.78.207.218 - - [25/May/2015:00:31:55 -0400] "HEAD /LMMPUI/LMMP_CLIENT/LMMP.html HTTP/1.1" 200 - "-" "curl/7.38.0" 110 274
137.78.207.218 - - [25/May/2015:00:31:55 -0400] "HEAD /LMMPUI/LMMP_CLIENT/LMMP.html HTTP/1.1" 200 - "-" "curl/7.38.0" 110 274
127.0.0.1 - - [25/May/2015:00:32:12 -0400] "GET /opensso/namingservice HTTP/1.1" 200 7 "-" "Java/1.5.0_21" 220 183
127.0.0.1 - - [25/May/2015:00:32:13 -0400] "GET /opensso/namingservice HTTP/1.1" 200 7 "-" "Java/1.5.0_21" 220 183
127.0.0.1 - - [25/May/2015:00:32:42 -0400] "GET /opensso/namingservice HTTP/1.1" 200 7 "-" "Java/1.5.0_21" 220 183
127.0.0.1 - - [25/May/2015:00:32:43 -0400] "GET /opensso/namingservice HTTP/1.1" 200 7 "-" "Java/1.5.0_21" 220 183
127.0.0.1 - - [25/May/2015:00:33:12 -0400] "GET /opensso/namingservice HTTP/1.1" 200 7 "-" "Java/1.5.0_21" 220 183
127.0.0.1 - - [25/May/2015:00:33:13 -0400] "GET /opensso/namingservice HTTP/1.1" 200 7 "-" "Java/1.5.0_21" 220 183
66.249.67.8 - - [25/May/2015:00:33:18 -0400] "GET /redmine/issues/gantt?month=5&months=6&year=2208&zoom=1 HTTP/1.1" 200 27574 "-" "Mozilla/5.0 (compatible; Googlebot/2.1; +http://www.google.com/bot.html)" 718 32427
127.0.0.1 - - [25/May/2015:00:33:42 -0400] "GET /opensso/namingservice HTTP/1.1" 200 7 "-" "Java/1.5.0_21" 220 183
127.0.0.1 - - [25/May/2015:00:33:43 -0400] "GET /opensso/namingservice HTTP/1.1" 200 7 "-" "Java/1.5.0_21" 220 183
157.55.39.16 - - [25/May/2015:00:33:50 -0400] "GET /robots.txt HTTP/1.1" 404 208 "-" "Mozilla/5.0 (compatible; bingbot/2.0; +http://www.bing.com/bingbot.htm)" 269 453
127.0.0.1 - - [25/May/2015:00:34:12 -0400] "GET /opensso/namingservice HTTP/1.1" 200 7 "-" "Java/1.5.0_21" 220 183
127.0.0.1 - - [25/May/2015:00:34:13 -0400] "GET /opensso/namingservice HTTP/1.1" 200 7 "-" "Java/1.5.0_21" 220 183
46.229.164.102 - - [25/May/2015:00:34:21 -0400] "GET /olyblog/oly-dumpsters HTTP/1.1" 404 219 "-" "Mozilla/5.0 (compatible; SemrushBot/0.98~bl; +http://www.semrush.com/bot.html)" 219 427
127.0.0.1 - - [25/May/2015:00:34:42 -0400] "GET /opensso/namingservice HTTP/1.1" 200 7 "-" "Java/1.5.0_21" 220 183
127.0.0.1 - - [25/May/2015:00:34:43 -0400] "GET /opensso/namingservice HTTP/1.1" 200 7 "-" "Java/1.5.0_21" 220 183
127.0.0.1 - - [25/May/2015:00:35:12 -0400] "GET /opensso/namingservice HTTP/1.1" 200 7 "-" "Java/1.5.0_21" 220 183
127.0.0.1 - - [25/May/2015:00:35:13 -0400] "GET /opensso/namingservice HTTP/1.1" 200 7 "-" "Java/1.5.0_21" 220 183
127.0.0.1 - - [25/May/2015:00:35:42 -0400] "GET /opensso/namingservice HTTP/1.1" 200 7 "-" "Java/1.5.0_21" 220 183
127.0.0.1 - - [25/May/2015:00:35:43 -0400] "GET /opensso/namingservice HTTP/1.1" 200 7 "-" "Java/1.5.0_21" 220 183
179.153.232.5 - - [25/May/2015:00:35:59 -0400] "GET /opensso/identity/isTokenValid HTTP/1.1" 200 14 "-" "Moon%20Tours/1.0.0 CFNetwork/711.3.18 Darwin/14.0.0" 230 172
179.153.232.5 - - [25/May/2015:00:35:59 -0400] "GET /lmmpmobile/config-1.0.json HTTP/1.1" 200 1338 "-" "Moon%20Tours/1.0.0 CFNetwork/711.3.18 Darwin/14.0.0" 218 1666
179.153.232.5 - - [25/May/2015:00:35:59 -0400] "GET /opensso/UI/Login?module=Anonymous&org=appspub&goto=http%3A%2F%2Fpub.lmmp.nasa.gov%2Flmmpmobile%2Frefresh HTTP/1.1" 302 - "-" "Moon%20Tours/1.0.0 CFNetwork/711.3.18 Darwin/14.0.0" 305 934
179.153.232.5 - - [25/May/2015:00:35:59 -0400] "GET /lmmpmobile/refresh?iPlanetDirectoryPro=AQIC5wM2LY4SfczzPZKyymOcdNL%2FWVGHvcLdmGtjf7%2B5vVU%3D%40AAJTSQACMDE%3D%23 HTTP/1.1" 200 - "-" "Moon%20Tours/1.0.0 CFNetwork/711.3.18 Darwin/14.0.0" 423 316
127.0.0.1 - - [25/May/2015:00:36:12 -0400] "GET /opensso/namingservice HTTP/1.1" 200 7 "-" "Java/1.5.0_21" 220 183
127.0.0.1 - - [25/May/2015:00:36:13 -0400] "GET /opensso/namingservice HTTP/1.1" 200 7 "-" "Java/1.5.0_21" 220 183
179.153.232.5 - - [25/May/2015:00:36:35 -0400] "GET /lmmpmobile/config-1.0.json HTTP/1.1" 200 1338 "-" "Moon%20Tours/1.0.0 CFNetwork/711.3.18 Darwin/14.0.0" 218 1666
179.153.232.5 - - [25/May/2015:00:36:35 -0400] "GET /opensso/identity/isTokenValid HTTP/1.1" 200 14 "-" "Moon%20Tours/1.0.0 CFNetwork/711.3.18 Darwin/14.0.0" 230 172
179.153.232.5 - - [25/May/2015:00:36:35 -0400] "GET /opensso/UI/Login?module=Anonymous&org=appspub&goto=http%3A%2F%2Fpub.lmmp.nasa.gov%2Flmmpmobile%2Frefresh HTTP/1.1" 302 - "-" "Moon%20Tours/1.0.0 CFNetwork/711.3.18 Darwin/14.0.0" 305 936
179.153.232.5 - - [25/May/2015:00:36:35 -0400] "GET /lmmpmobile/refresh?iPlanetDirectoryPro=AQIC5wM2LY4SfcwhPyKKE0eBw9sy6lSv%2FeAl%2F%2Bj0SqASwpw%3D%40AAJTSQACMDE%3D%23 HTTP/1.1" 200 - "-" "Moon%20Tours/1.0.0 CFNetwork/711.3.18 Darwin/14.0.0" 425 316
127.0.0.1 - - [25/May/2015:00:36:42 -0400] "GET /opensso/namingservice HTTP/1.1" 200 7 "-" "Java/1.5.0_21" 220 183
127.0.0.1 - - [25/May/2015:00:36:43 -0400] "GET /opensso/namingservice HTTP/1.1" 200 7 "-" "Java/1.5.0_21" 220 183
137.78.207.218 - - [25/May/2015:00:36:54 -0400] "HEAD /LMMPUI/LMMP_CLIENT/LMMP.html HTTP/1.1" 200 - "-" "curl/7.38.0" 110 274
137.78.207.218 - - [25/May/2015:00:36:54 -0400] "HEAD /LMMPUI/LMMP_CLIENT/LMMP.html HTTP/1.1" 200 - "-" "curl/7.38.0" 110 274
66.249.67.21 - - [25/May/2015:00:37:05 -0400] "GET /redmine/issues/gantt?month=9&months=6&year=2208&zoom=1 HTTP/1.1" 200 27588 "-" "Mozilla/5.0 (compatible; Googlebot/2.1; +http://www.google.com/bot.html)" 718 32441
127.0.0.1 - - [25/May/2015:00:37:12 -0400] "GET /opensso/namingservice HTTP/1.1" 200 7 "-" "Java/1.5.0_21" 220 183
127.0.0.1 - - [25/May/2015:00:37:13 -0400] "GET /opensso/namingservice HTTP/1.1" 200 7 "-" "Java/1.5.0_21" 220 183
127.0.0.1 - - [25/May/2015:00:37:42 -0400] "GET /opensso/namingservice HTTP/1.1" 200 7 "-" "Java/1.5.0_21" 220 183
127.0.0.1 - - [25/May/2015:00:37:43 -0400] "GET /opensso/namingservice HTTP/1.1" 200 7 "-" "Java/1.5.0_21" 220 183
127.0.0.1 - - [25/May/2015:00:38:12 -0400] "GET /opensso/namingservice HTTP/1.1" 200 7 "-" "Java/1.5.0_21" 220 183
127.0.0.1 - - [25/May/2015:00:38:13 -0400] "GET /opensso/namingservice HTTP/1.1" 200 7 "-" "Java/1.5.0_21" 220 183
127.0.0.1 - - [25/May/2015:00:38:42 -0400] "GET /opensso/namingservice HTTP/1.1" 200 7 "-" "Java/1.5.0_21" 220 183
127.0.0.1 - - [25/May/2015:00:38:43 -0400] "GET /opensso/namingservice HTTP/1.1" 200 7 "-" "Java/1.5.0_21" 220 183
127.0.0.1 - - [25/May/2015:00:39:12 -0400] "GET /opensso/namingservice HTTP/1.1" 200 7 "-" "Java/1.5.0_21" 220 183
127.0.0.1 - - [25/May/2015:00:39:13 -0400] "GET /opensso/namingservice HTTP/1.1" 200 7 "-" "Java/1.5.0_21" 220 183
127.0.0.1 - - [25/May/2015:00:39:42 -0400] "GET /opensso/namingservice HTTP/1.1" 200 7 "-" "Java/1.5.0_21" 220 183
127.0.0.1 - - [25/May/2015:00:39:43 -0400] "GET /opensso/namingservice HTTP/1.1" 200 7 "-" "Java/1.5.0_21" 220 183
127.0.0.1 - - [25/May/2015:00:40:12 -0400] "GET /opensso/namingservice HTTP/1.1" 200 7 "-" "Java/1.5.0_21" 220 183
127.0.0.1 - - [25/May/2015:00:40:13 -0400] "GET /opensso/namingservice HTTP/1.1" 200 7 "-" "Java/1.5.0_21" 220 183
127.0.0.1 - - [25/May/2015:00:40:42 -0400] "GET /opensso/namingservice HTTP/1.1" 200 7 "-" "Java/1.5.0_21" 220 183
127.0.0.1 - - [25/May/2015:00:40:43 -0400] "GET /opensso/namingservice HTTP/1.1" 200 7 "-" "Java/1.5.0_21" 220 183
66.249.67.21 - - [25/May/2015:00:40:52 -0400] "GET /redmine/issues/gantt?month=1&months=6&year=2209&zoom=1 HTTP/1.1" 200 27567 "-" "Mozilla/5.0 (compatible; Googlebot/2.1; +http://www.google.com/bot.html)" 718 32420
127.0.0.1 - - [25/May/2015:00:41:12 -0400] "GET /opensso/namingservice HTTP/1.1" 200 7 "-" "Java/1.5.0_21" 220 183
127.0.0.1 - - [25/May/2015:00:41:13 -0400] "GET /opensso/namingservice HTTP/1.1" 200 7 "-" "Java/1.5.0_21" 220 183
127.0.0.1 - - [25/May/2015:00:41:42 -0400] "GET /opensso/namingservice HTTP/1.1" 200 7 "-" "Java/1.5.0_21" 220 183
127.0.0.1 - - [25/May/2015:00:41:43 -0400] "GET /opensso/namingservice HTTP/1.1" 200 7 "-" "Java/1.5.0_21" 220 183
137.78.207.218 - - [25/May/2015:00:41:54 -0400] "HEAD /LMMPUI/LMMP_CLIENT/LMMP.html HTTP/1.1" 200 - "-" "curl/7.38.0" 110 274
137.78.207.218 - - [25/May/2015:00:41:54 -0400] "HEAD /LMMPUI/LMMP_CLIENT/LMMP.html HTTP/1.1" 200 - "-" "curl/7.38.0" 110 274
127.0.0.1 - - [25/May/2015:00:42:12 -0400] "GET /opensso/namingservice HTTP/1.1" 200 7 "-" "Java/1.5.0_21" 220 183
127.0.0.1 - - [25/May/2015:00:42:13 -0400] "GET /opensso/namingservice HTTP/1.1" 200 7 "-" "Java/1.5.0_21" 220 183
127.0.0.1 - - [25/May/2015:00:42:42 -0400] "GET /opensso/namingservice HTTP/1.1" 200 7 "-" "Java/1.5.0_21" 220 183
127.0.0.1 - - [25/May/2015:00:42:43 -0400] "GET /opensso/namingservice HTTP/1.1" 200 7 "-" "Java/1.5.0_21" 220 183
127.0.0.1 - - [25/May/2015:00:43:12 -0400] "GET /opensso/namingservice HTTP/1.1" 200 7 "-" "Java/1.5.0_21" 220 183
127.0.0.1 - - [25/May/2015:00:43:13 -0400] "GET /opensso/namingservice HTTP/1.1" 200 7 "-" "Java/1.5.0_21" 220 183
127.0.0.1 - - [25/May/2015:00:43:42 -0400] "GET /opensso/namingservice HTTP/1.1" 200 7 "-" "Java/1.5.0_21" 220 183
127.0.0.1 - - [25/May/2015:00:43:43 -0400] "GET /opensso/namingservice HTTP/1.1" 200 7 "-" "Java/1.5.0_21" 220 183
68.60.228.98 - - [25/May/2015:00:43:58 -0400] "GET /opensso/identity/isTokenValid HTTP/1.1" 200 14 "-" "Moon%20Tours/1.0.0 CFNetwork/672.1.15 Darwin/14.0.0" 230 172
68.60.228.98 - - [25/May/2015:00:43:58 -0400] "GET /lmmpmobile/config-1.0.json HTTP/1.1" 200 1338 "-" "Moon%20Tours/1.0.0 CFNetwork/672.1.15 Darwin/14.0.0" 218 1666
68.60.228.98 - - [25/May/2015:00:43:58 -0400] "GET /opensso/UI/Login?module=Anonymous&org=appspub&goto=http%3A%2F%2Fpub.lmmp.nasa.gov%2Flmmpmobile%2Frefresh HTTP/1.1" 302 - "-" "Moon%20Tours/1.0.0 CFNetwork/672.1.15 Darwin/14.0.0" 305 934
68.60.228.98 - - [25/May/2015:00:43:58 -0400] "GET /lmmpmobile/refresh?iPlanetDirectoryPro=AQIC5wM2LY4Sfcy8BkqAvgbHgyY%2FBcTB9JF9GS%2FddrXZxfI%3D%40AAJTSQACMDE%3D%23 HTTP/1.1" 200 - "-" "Moon%20Tours/1.0.0 CFNetwork/672.1.15 Darwin/14.0.0" 423 316
68.60.228.98 - - [25/May/2015:00:44:10 -0400] "GET /lmmpmobile/pages/about-1.0.2.html HTTP/1.1" 200 2716 "-" "Moon%20Tours/1.0.0 CFNetwork/672.1.15 Darwin/14.0.0" 334 3037
68.60.228.98 - - [25/May/2015:00:44:10 -0400] "GET /lmmpmobile/pages/glossary-1.0.2.html HTTP/1.1" 200 4306 "-" "Moon%20Tours/1.0.0 CFNetwork/672.1.15 Darwin/14.0.0" 337 4628
68.60.228.98 - - [25/May/2015:00:44:10 -0400] "GET /lmmpmobile/pages/help-1.0.2.html HTTP/1.1" 200 6781 "-" "Moon%20Tours/1.0.0 CFNetwork/672.1.15 Darwin/14.0.0" 333 7103
68.60.228.98 - - [25/May/2015:00:44:10 -0400] "GET /lmmpmobile/bookmarks-1.0.2.json HTTP/1.1" 200 11401 "-" "Moon%20Tours/1.0.0 CFNetwork/672.1.15 Darwin/14.0.0" 332 11731
68.60.228.98 - - [25/May/2015:00:44:10 -0400] "GET /arcgis/rest/services/ERGraticule/MapServer?f=json HTTP/1.1" 200 - "arcgisios" "ArcGISiOS-2.3.2/7.1.2/iPhone3,3" 359 0
127.0.0.1 - - [25/May/2015:00:44:12 -0400] "GET /opensso/namingservice HTTP/1.1" 200 7 "-" "Java/1.5.0_21" 220 183
127.0.0.1 - - [25/May/2015:00:44:13 -0400] "GET /opensso/namingservice HTTP/1.1" 200 7 "-" "Java/1.5.0_21" 220 183
68.60.228.98 - - [25/May/2015:00:44:10 -0400] "GET /arcgis/rest/services/CombinedNomenclature/MapServer?f=json HTTP/1.1" 200 800 "arcgisios" "ArcGISiOS-2.3.2/7.1.2/iPhone3,3" 368 1097
68.60.228.98 - - [25/May/2015:00:44:10 -0400] "GET /arcgis/rest/services/ERGraticule/MapServer?f=json HTTP/1.1" 200 703 "arcgisios" "ArcGISiOS-2.3.2/7.1.2/iPhone3,3" 359 999
95.130.12.215 - - [25/May/2015:00:44:30 -0400] "GET /redmine/projects/lmmpwiki/wiki/ILIADS HTTP/1.1" 200 8941 "http://pub.lmmp.nasa.gov/" "Mozilla/5.0 (Windows NT 6.3) AppleWebKit/537.36 (KHTML, like Gecko) Chrome/39.0.2171.95 Safari/537.36" 447 9421
66.249.67.8 - - [25/May/2015:00:44:39 -0400] "GET /redmine/issues/gantt?month=8&months=6&year=2208&zoom=2 HTTP/1.1" 200 30923 "-" "Mozilla/5.0 (compatible; Googlebot/2.1; +http://www.google.com/bot.html)" 718 35776
127.0.0.1 - - [25/May/2015:00:44:42 -0400] "GET /opensso/namingservice HTTP/1.1" 200 7 "-" "Java/1.5.0_21" 220 183
127.0.0.1 - - [25/May/2015:00:44:43 -0400] "GET /opensso/namingservice HTTP/1.1" 200 7 "-" "Java/1.5.0_21" 220 183
68.60.228.98 - - [25/May/2015:00:44:49 -0400] "GET /arcgis/rest/services/CombinedNomenclature/MapServer/export?bboxSR=104903&dpi=163&size=320,460&transparent=true&format=png&bbox=-10.95140504,-22.03701694,2.36514218,-2.89448032&f=image&imageSR=104903 HTTP/1.1" 200 4369 "arcgisios" "ArcGISiOS-2.3.2/7.1.2/iPhone3,3" 508 2952
68.60.228.98 - - [25/May/2015:00:44:50 -0400] "GET /arcgis/rest/services/CombinedNomenclature/MapServer/export?bboxSR=104903&dpi=163&size=320,460&transparent=true&format=png&bbox=-4.64469393,-12.97111972,-3.94156893,-11.96037753&f=image&imageSR=104903 HTTP/1.1" 200 200 "arcgisios" "ArcGISiOS-2.3.2/7.1.2/iPhone3,3" 509 488
127.0.0.1 - - [25/May/2015:00:45:09 -0400] "POST /opensso/sessionservice HTTP/1.1" 200 2341 "-" "Java/1.5.0_21" 818 2519
127.0.0.1 - - [25/May/2015:00:45:09 -0400] "POST /opensso/sessionservice HTTP/1.1" 200 272 "-" "Java/1.5.0_21" 884 449
127.0.0.1 - - [25/May/2015:00:45:09 -0400] "POST /opensso/sessionservice HTTP/1.1" 200 2404 "-" "Java/1.5.0_21" 818 2581
127.0.0.1 - - [25/May/2015:00:45:09 -0400] "POST /opensso/policyservice HTTP/1.1" 200 9464 "-" "Java/1.5.0_21" 1118 9649
127.0.0.1 - - [25/May/2015:00:45:09 -0400] "POST /opensso/jaxrpc/SMSObjectIF HTTP/1.1" 200 505 "-" "Java/1.5.0_21" 847 766
127.0.0.1 - - [25/May/2015:00:45:09 -0400] "POST /opensso/jaxrpc/DirectoryManagerIF HTTP/1.1" 200 1290 "-" "Java/1.5.0_21" 1370 1551
127.0.0.1 - - [25/May/2015:00:45:09 -0400] "POST /opensso/jaxrpc/SMSObjectIF HTTP/1.1" 200 505 "-" "Java/1.5.0_21" 847 766
127.0.0.1 - - [25/May/2015:00:45:09 -0400] "POST /opensso/jaxrpc/DirectoryManagerIF HTTP/1.1" 200 1290 "-" "Java/1.5.0_21" 1370 1551
68.60.228.98 - - [25/May/2015:00:45:09 -0400] "GET /LMMP/rest/dbxml/fgdc/legend/stream?label=ApolloZone_MetricCam_ClrShade_Global_1024ppd HTTP/1.1" 200 4060 "-" "Moon%20Tours/1.0.0 CFNetwork/672.1.15 Darwin/14.0.0" 739 8314
68.60.228.98 - - [25/May/2015:00:45:09 -0400] "GET /arcgis/rest/services/CombinedNomenclature/MapServer/export?bboxSR=104903&dpi=163&size=320,460&transparent=true&format=png&bbox=-90.00000000,-131.37500000,90.00000000,127.37500000&f=image&imageSR=104903 HTTP/1.1" 200 200 "arcgisios" "ArcGISiOS-2.3.2/7.1.2/iPhone3,3" 511 489
127.0.0.1 - - [25/May/2015:00:45:12 -0400] "GET /opensso/namingservice HTTP/1.1" 200 7 "-" "Java/1.5.0_21" 220 183
127.0.0.1 - - [25/May/2015:00:45:13 -0400] "GET /opensso/namingservice HTTP/1.1" 200 7 "-" "Java/1.5.0_21" 220 182
68.60.228.98 - - [25/May/2015:00:45:21 -0400] "GET /arcgis/rest/services/CombinedNomenclature/MapServer/export?bboxSR=104903&dpi=163&size=320,460&transparent=true&format=png&bbox=-58.31185323,-120.18533576,121.68814677,138.56466424&f=image&imageSR=104903 HTTP/1.1" 502 495 "arcgisios" "ArcGISiOS-2.3.2/7.1.2/iPhone3,3" 512 682
127.0.0.1 - - [25/May/2015:00:45:24 -0400] "POST /opensso/jaxrpc/SMSObjectIF HTTP/1.1" 200 505 "-" "Java/1.5.0_21" 847 767
127.0.0.1 - - [25/May/2015:00:45:24 -0400] "POST /opensso/jaxrpc/DirectoryManagerIF HTTP/1.1" 200 1290 "-" "Java/1.5.0_21" 1370 1551
68.60.228.98 - - [25/May/2015:00:45:24 -0400] "GET /LMMP/rest/dbxml/fgdc/abstract?label=ApolloZone_MetricCam_ClrShade_Global_1024ppd HTTP/1.1" 200 578 "-" "Moon%20Tours/1.0.0 CFNetwork/672.1.15 Darwin/14.0.0" 744 1146
68.60.228.98 - - [25/May/2015:00:45:39 -0400] "GET /arcgis/rest/services/CombinedNomenclature/MapServer/export?bboxSR=104903&dpi=163&size=320,460&transparent=true&format=png&bbox=18.98303651,-25.47743759,74.95583896,54.98346592&f=image&imageSR=104903 HTTP/1.1" 200 2838 "arcgisios" "ArcGISiOS-2.3.2/7.1.2/iPhone3,3" 508 3126
68.60.228.98 - - [25/May/2015:00:45:40 -0400] "GET /arcgis/rest/services/CombinedNomenclature/MapServer/export?bboxSR=104903&dpi=163&size=320,460&transparent=true&format=png&bbox=35.42378821,-10.11269274,71.14234410,41.23273135&f=image&imageSR=104903 HTTP/1.1" 200 2091 "arcgisios" "ArcGISiOS-2.3.2/7.1.2/iPhone3,3" 508 2379
127.0.0.1 - - [25/May/2015:00:45:42 -0400] "GET /opensso/namingservice HTTP/1.1" 200 7 "-" "Java/1.5.0_21" 220 183
127.0.0.1 - - [25/May/2015:00:45:43 -0400] "GET /opensso/namingservice HTTP/1.1" 200 7 "-" "Java/1.5.0_21" 220 183
68.60.228.98 - - [25/May/2015:00:45:44 -0400] "GET /arcgis/rest/services/CombinedNomenclature/MapServer/export?bboxSR=104903&dpi=163&size=320,460&transparent=true&format=png&bbox=60.63991241,-40.11210380,96.35846830,11.23332029&f=image&imageSR=104903 HTTP/1.1" 200 200 "arcgisios" "ArcGISiOS-2.3.2/7.1.2/iPhone3,3" 508 487
68.60.228.98 - - [25/May/2015:00:45:48 -0400] "GET /arcgis/rest/services/CombinedNomenclature/MapServer/export?bboxSR=104903&dpi=163&size=320,460&transparent=true&format=png&bbox=79.72621840,-37.87041625,115.44477430,13.47500784&f=image&imageSR=104903 HTTP/1.1" 200 200 "arcgisios" "ArcGISiOS-2.3.2/7.1.2/iPhone3,3" 509 487
68.60.228.98 - - [25/May/2015:00:45:50 -0400] "GET /arcgis/rest/services/CombinedNomenclature/MapServer/export?bboxSR=104903&dpi=163&size=320,460&transparent=true&format=png&bbox=112.61516531,-38.63027260,148.33372120,12.71515150&f=image&imageSR=104903 HTTP/1.1" 200 200 "arcgisios" "ArcGISiOS-2.3.2/7.1.2/iPhone3,3" 510 486
68.60.228.98 - - [25/May/2015:00:45:54 -0400] "GET /arcgis/rest/services/CombinedNomenclature/MapServer/export?bboxSR=104903&dpi=163&size=320,460&transparent=true&format=png&bbox=54.04127395,-95.05920456,160.15849739,57.48430414&f=image&imageSR=104903 HTTP/1.1" 200 200 "arcgisios" "ArcGISiOS-2.3.2/7.1.2/iPhone3,3" 509 487
68.60.228.98 - - [25/May/2015:00:45:55 -0400] "GET /arcgis/rest/services/CombinedNomenclature/MapServer/export?bboxSR=104903&dpi=163&size=320,460&transparent=true&format=png&bbox=-40.50648362,-74.90354333,65.61073982,77.63996537&f=image&imageSR=104903 HTTP/1.1" 200 200 "arcgisios" "ArcGISiOS-2.3.2/7.1.2/iPhone3,3" 509 488
68.60.228.98 - - [25/May/2015:00:45:56 -0400] "GET /arcgis/rest/services/CombinedNomenclature/MapServer/export?bboxSR=104903&dpi=163&size=320,460&transparent=true&format=png&bbox=-133.35934761,-72.31478668,-27.24212417,80.22872201&f=image&imageSR=104903 HTTP/1.1" 200 200 "arcgisios" "ArcGISiOS-2.3.2/7.1.2/iPhone3,3" 511 487
68.60.228.98 - - [25/May/2015:00:45:57 -0400] "GET /arcgis/rest/services/CombinedNomenclature/MapServer/export?bboxSR=104903&dpi=163&size=320,460&transparent=true&format=png&bbox=-221.60294408,-84.76292309,-115.48572064,67.78058560&f=image&imageSR=104903 HTTP/1.1" 200 200 "arcgisios" "ArcGISiOS-2.3.2/7.1.2/iPhone3,3" 512 485
68.60.228.98 - - [25/May/2015:00:46:00 -0400] "GET /arcgis/rest/services/CombinedNomenclature/MapServer/export?bboxSR=104903&dpi=163&size=320,460&transparent=true&format=png&bbox=-181.05038144,-46.48019352,-150.45894655,-2.50500587&f=image&imageSR=104903 HTTP/1.1" 200 1629 "arcgisios" "ArcGISiOS-2.3.2/7.1.2/iPhone3,3" 512 1918
68.60.228.98 - - [25/May/2015:00:46:02 -0400] "GET /arcgis/rest/services/CombinedNomenclature/MapServer/export?bboxSR=104903&dpi=163&size=320,460&transparent=true&format=png&bbox=-179.60615892,-61.33081233,-149.01472403,-17.35562467&f=image&imageSR=104903 HTTP/1.1" 200 1629 "arcgisios" "ArcGISiOS-2.3.2/7.1.2/iPhone3,3" 513 1917
68.60.228.98 - - [25/May/2015:00:46:06 -0400] "GET /arcgis/rest/services/CombinedNomenclature/MapServer/export?bboxSR=104903&dpi=163&size=320,460&transparent=true&format=png&bbox=-165.98341057,-61.52200879,-135.39197567,-17.54682114&f=image&imageSR=104903 HTTP/1.1" 200 1641 "arcgisios" "ArcGISiOS-2.3.2/7.1.2/iPhone3,3" 513 1929
127.0.0.1 - - [25/May/2015:00:46:12 -0400] "GET /opensso/namingservice HTTP/1.1" 200 7 "-" "Java/1.5.0_21" 220 183
127.0.0.1 - - [25/May/2015:00:46:13 -0400] "GET /opensso/namingservice HTTP/1.1" 200 7 "-" "Java/1.5.0_21" 220 183
127.0.0.1 - - [25/May/2015:00:46:42 -0400] "GET /opensso/namingservice HTTP/1.1" 200 7 "-" "Java/1.5.0_21" 220 183
127.0.0.1 - - [25/May/2015:00:46:43 -0400] "GET /opensso/namingservice HTTP/1.1" 200 7 "-" "Java/1.5.0_21" 220 183
137.78.207.218 - - [25/May/2015:00:46:54 -0400] "HEAD /LMMPUI/LMMP_CLIENT/LMMP.html HTTP/1.1" 200 - "-" "curl/7.38.0" 110 274
137.78.207.218 - - [25/May/2015:00:46:54 -0400] "HEAD /LMMPUI/LMMP_CLIENT/LMMP.html HTTP/1.1" 200 - "-" "curl/7.38.0" 110 274
127.0.0.1 - - [25/May/2015:00:47:12 -0400] "GET /opensso/namingservice HTTP/1.1" 200 7 "-" "Java/1.5.0_21" 220 183
127.0.0.1 - - [25/May/2015:00:47:13 -0400] "GET /opensso/namingservice HTTP/1.1" 200 7 "-" "Java/1.5.0_21" 220 183
127.0.0.1 - - [25/May/2015:00:47:42 -0400] "GET /opensso/namingservice HTTP/1.1" 200 7 "-" "Java/1.5.0_21" 220 183
127.0.0.1 - - [25/May/2015:00:47:43 -0400] "GET /opensso/namingservice HTTP/1.1" 200 7 "-" "Java/1.5.0_21" 220 183
127.0.0.1 - - [25/May/2015:00:48:12 -0400] "GET /opensso/namingservice HTTP/1.1" 200 7 "-" "Java/1.5.0_21" 220 183
127.0.0.1 - - [25/May/2015:00:48:13 -0400] "GET /opensso/namingservice HTTP/1.1" 200 7 "-" "Java/1.5.0_21" 220 183
66.249.67.8 - - [25/May/2015:00:48:26 -0400] "GET /redmine/issues/gantt?month=10&months=6&year=2208&zoom=1 HTTP/1.1" 200 27588 "-" "Mozilla/5.0 (compatible; Googlebot/2.1; +http://www.google.com/bot.html)" 719 32441
127.0.0.1 - - [25/May/2015:00:48:42 -0400] "GET /opensso/namingservice HTTP/1.1" 200 7 "-" "Java/1.5.0_21" 220 183
127.0.0.1 - - [25/May/2015:00:48:43 -0400] "GET /opensso/namingservice HTTP/1.1" 200 7 "-" "Java/1.5.0_21" 220 183
127.0.0.1 - - [25/May/2015:00:49:12 -0400] "GET /opensso/namingservice HTTP/1.1" 200 7 "-" "Java/1.5.0_21" 220 183
127.0.0.1 - - [25/May/2015:00:49:13 -0400] "GET /opensso/namingservice HTTP/1.1" 200 7 "-" "Java/1.5.0_21" 220 183
127.0.0.1 - - [25/May/2015:00:49:42 -0400] "GET /opensso/namingservice HTTP/1.1" 200 7 "-" "Java/1.5.0_21" 220 183
127.0.0.1 - - [25/May/2015:00:49:43 -0400] "GET /opensso/namingservice HTTP/1.1" 200 7 "-" "Java/1.5.0_21" 220 183
127.0.0.1 - - [25/May/2015:00:50:12 -0400] "GET /opensso/namingservice HTTP/1.1" 200 7 "-" "Java/1.5.0_21" 220 183
127.0.0.1 - - [25/May/2015:00:50:13 -0400] "GET /opensso/namingservice HTTP/1.1" 200 7 "-" "Java/1.5.0_21" 220 183
127.0.0.1 - - [25/May/2015:00:50:42 -0400] "GET /opensso/namingservice HTTP/1.1" 200 7 "-" "Java/1.5.0_21" 220 183
127.0.0.1 - - [25/May/2015:00:50:43 -0400] "GET /opensso/namingservice HTTP/1.1" 200 7 "-" "Java/1.5.0_21" 220 183
127.0.0.1 - - [25/May/2015:00:51:12 -0400] "GET /opensso/namingservice HTTP/1.1" 200 7 "-" "Java/1.5.0_21" 220 183
127.0.0.1 - - [25/May/2015:00:51:13 -0400] "GET /opensso/namingservice HTTP/1.1" 200 7 "-" "Java/1.5.0_21" 220 183
67.140.116.38 - - [25/May/2015:00:51:34 -0400] "GET /opensso/identity/isTokenValid HTTP/1.1" 200 14 "-" "Moon%20Tours/1.0.0 CFNetwork/609.1.4 Darwin/13.0.0" 229 172
67.140.116.38 - - [25/May/2015:00:51:35 -0400] "GET /opensso/UI/Login?module=Anonymous&org=appspub&goto=http%3A%2F%2Fpub.lmmp.nasa.gov%2Flmmpmobile%2Frefresh HTTP/1.1" 302 - "-" "Moon%20Tours/1.0.0 CFNetwork/609.1.4 Darwin/13.0.0" 304 932
67.140.116.38 - - [25/May/2015:00:51:36 -0400] "GET /lmmpmobile/refresh?iPlanetDirectoryPro=AQIC5wM2LY4Sfcx8nI0Q0Cjs1IkAD8RP5WCSYzR%2BvQKwyBE%3D%40AAJTSQACMDE%3D%23 HTTP/1.1" 200 - "-" "Moon%20Tours/1.0.0 CFNetwork/609.1.4 Darwin/13.0.0" 420 316
46.229.164.99 - - [25/May/2015:00:51:40 -0400] "GET /olyblog/olympias-mud-bay-race-pictures-warning-naked-people HTTP/1.1" 404 257 "-" "Mozilla/5.0 (compatible; SemrushBot/0.98~bl; +http://www.semrush.com/bot.html)" 257 465
127.0.0.1 - - [25/May/2015:00:51:42 -0400] "GET /opensso/namingservice HTTP/1.1" 200 7 "-" "Java/1.5.0_21" 220 183
127.0.0.1 - - [25/May/2015:00:51:43 -0400] "GET /opensso/namingservice HTTP/1.1" 200 7 "-" "Java/1.5.0_21" 220 183
137.78.207.218 - - [25/May/2015:00:51:54 -0400] "HEAD /LMMPUI/LMMP_CLIENT/LMMP.html HTTP/1.1" 200 - "-" "curl/7.38.0" 110 274
137.78.207.218 - - [25/May/2015:00:51:54 -0400] "HEAD /LMMPUI/LMMP_CLIENT/LMMP.html HTTP/1.1" 200 - "-" "curl/7.38.0" 110 274
127.0.0.1 - - [25/May/2015:00:52:12 -0400] "GET /opensso/namingservice HTTP/1.1" 200 7 "-" "Java/1.5.0_21" 220 183
127.0.0.1 - - [25/May/2015:00:52:13 -0400] "GET /opensso/namingservice HTTP/1.1" 200 7 "-" "Java/1.5.0_21" 220 183
66.249.67.8 - - [25/May/2015:00:52:13 -0400] "GET /redmine/issues/gantt?month=2&months=6&year=2209&zoom=1 HTTP/1.1" 200 27564 "-" "Mozilla/5.0 (compatible; Googlebot/2.1; +http://www.google.com/bot.html)" 718 32417
67.140.116.38 - - [25/May/2015:00:52:33 -0400] "GET /lmmpmobile/config-1.0.json HTTP/1.1" 200 1338 "-" "Moon%20Tours/1.0.0 CFNetwork/609.1.4 Darwin/13.0.0" 326 1666
127.0.0.1 - - [25/May/2015:00:52:42 -0400] "GET /opensso/namingservice HTTP/1.1" 200 7 "-" "Java/1.5.0_21" 220 183
127.0.0.1 - - [25/May/2015:00:52:43 -0400] "GET /opensso/namingservice HTTP/1.1" 200 7 "-" "Java/1.5.0_21" 220 183
67.140.116.38 - - [25/May/2015:00:52:43 -0400] "GET /lmmpmobile/bookmarks-1.0.2.json HTTP/1.1" 200 11401 "-" "Moon%20Tours/1.0.0 CFNetwork/609.1.4 Darwin/13.0.0" 331 11731
67.140.116.38 - - [25/May/2015:00:52:45 -0400] "GET /lmmpmobile/pages/about-1.0.2.html HTTP/1.1" 200 2716 "-" "Moon%20Tours/1.0.0 CFNetwork/609.1.4 Darwin/13.0.0" 333 3036
67.140.116.38 - - [25/May/2015:00:52:45 -0400] "GET /lmmpmobile/pages/glossary-1.0.2.html HTTP/1.1" 200 4306 "-" "Moon%20Tours/1.0.0 CFNetwork/609.1.4 Darwin/13.0.0" 336 4627
67.140.116.38 - - [25/May/2015:00:52:45 -0400] "GET /lmmpmobile/pages/help-1.0.2.html HTTP/1.1" 200 6781 "-" "Moon%20Tours/1.0.0 CFNetwork/609.1.4 Darwin/13.0.0" 332 7102
67.140.116.38 - - [25/May/2015:00:52:53 -0400] "GET /arcgis/rest/services/CombinedNomenclature/MapServer?f=json HTTP/1.1" 200 800 "arcgisios" "ArcGISiOS-2.3.2/6.1.6/iPod4,1" 366 1098
67.140.116.38 - - [25/May/2015:00:52:53 -0400] "GET /arcgis/rest/services/ERGraticule/MapServer?f=json HTTP/1.1" 200 703 "arcgisios" "ArcGISiOS-2.3.2/6.1.6/iPod4,1" 357 1000
127.0.0.1 - - [25/May/2015:00:53:12 -0400] "GET /opensso/namingservice HTTP/1.1" 200 7 "-" "Java/1.5.0_21" 220 183
127.0.0.1 - - [25/May/2015:00:53:13 -0400] "GET /opensso/namingservice HTTP/1.1" 200 7 "-" "Java/1.5.0_21" 220 183
127.0.0.1 - - [25/May/2015:00:53:42 -0400] "GET /opensso/namingservice HTTP/1.1" 200 7 "-" "Java/1.5.0_21" 220 183
127.0.0.1 - - [25/May/2015:00:53:43 -0400] "GET /opensso/namingservice HTTP/1.1" 200 7 "-" "Java/1.5.0_21" 220 183
127.0.0.1 - - [25/May/2015:00:54:12 -0400] "GET /opensso/namingservice HTTP/1.1" 200 7 "-" "Java/1.5.0_21" 220 183
127.0.0.1 - - [25/May/2015:00:54:13 -0400] "GET /opensso/namingservice HTTP/1.1" 200 7 "-" "Java/1.5.0_21" 220 183
100.43.81.131 - - [25/May/2015:00:54:25 -0400] "GET /redmine/activity?from=2013-08-24&show_time_entries=1 HTTP/1.1" 200 5652 "-" "Mozilla/5.0 (compatible; YandexBot/3.0; +http://yandex.com/bots)" 334 6214
123.125.71.47 - - [25/May/2015:00:54:27 -0400] "GET / HTTP/1.1" 302 237 "-" "Mozilla/5.0 (Windows NT 5.1; rv:6.0.2) Gecko/20100101 Firefox/6.0.2" 179 506
127.0.0.1 - - [25/May/2015:00:54:42 -0400] "GET /opensso/namingservice HTTP/1.1" 200 7 "-" "Java/1.5.0_21" 220 183
127.0.0.1 - - [25/May/2015:00:54:43 -0400] "GET /opensso/namingservice HTTP/1.1" 200 7 "-" "Java/1.5.0_21" 220 183
127.0.0.1 - - [25/May/2015:00:55:12 -0400] "GET /opensso/namingservice HTTP/1.1" 200 7 "-" "Java/1.5.0_21" 220 183
127.0.0.1 - - [25/May/2015:00:55:13 -0400] "GET /opensso/namingservice HTTP/1.1" 200 7 "-" "Java/1.5.0_21" 220 183
127.0.0.1 - - [25/May/2015:00:55:42 -0400] "GET /opensso/namingservice HTTP/1.1" 200 7 "-" "Java/1.5.0_21" 220 183
127.0.0.1 - - [25/May/2015:00:55:43 -0400] "GET /opensso/namingservice HTTP/1.1" 200 7 "-" "Java/1.5.0_21" 220 183
123.125.71.48 - - [25/May/2015:00:55:43 -0400] "GET /LMMPUI/LMMP_CLIENT/LMMP.html HTTP/1.1" 200 8973 "-" "Mozilla/5.0 (Windows NT 5.1; rv:6.0.2) Gecko/20100101 Firefox/6.0.2" 207 9266
66.249.67.248 - - [25/May/2015:00:56:00 -0400] "GET /redmine/issues/gantt?month=8&months=6&year=2209&zoom=1 HTTP/1.1" 200 27586 "-" "Mozilla/5.0 (compatible; Googlebot/2.1; +http://www.google.com/bot.html)" 718 32439
127.0.0.1 - - [25/May/2015:00:56:12 -0400] "GET /opensso/namingservice HTTP/1.1" 200 7 "-" "Java/1.5.0_21" 220 183
127.0.0.1 - - [25/May/2015:00:56:13 -0400] "GET /opensso/namingservice HTTP/1.1" 200 7 "-" "Java/1.5.0_21" 220 183
127.0.0.1 - - [25/May/2015:00:56:42 -0400] "GET /opensso/namingservice HTTP/1.1" 200 7 "-" "Java/1.5.0_21" 220 183
127.0.0.1 - - [25/May/2015:00:56:43 -0400] "GET /opensso/namingservice HTTP/1.1" 200 7 "-" "Java/1.5.0_21" 220 183
137.78.207.218 - - [25/May/2015:00:56:54 -0400] "HEAD /LMMPUI/LMMP_CLIENT/LMMP.html HTTP/1.1" 200 - "-" "curl/7.38.0" 110 274
137.78.207.218 - - [25/May/2015:00:56:54 -0400] "HEAD /LMMPUI/LMMP_CLIENT/LMMP.html HTTP/1.1" 200 - "-" "curl/7.38.0" 110 274
127.0.0.1 - - [25/May/2015:00:57:12 -0400] "GET /opensso/namingservice HTTP/1.1" 200 7 "-" "Java/1.5.0_21" 220 183
127.0.0.1 - - [25/May/2015:00:57:13 -0400] "GET /opensso/namingservice HTTP/1.1" 200 7 "-" "Java/1.5.0_21" 220 183
127.0.0.1 - - [25/May/2015:00:57:42 -0400] "GET /opensso/namingservice HTTP/1.1" 200 7 "-" "Java/1.5.0_21" 220 183
127.0.0.1 - - [25/May/2015:00:57:43 -0400] "GET /opensso/namingservice HTTP/1.1" 200 7 "-" "Java/1.5.0_21" 220 183
127.0.0.1 - - [25/May/2015:00:58:12 -0400] "GET /opensso/namingservice HTTP/1.1" 200 7 "-" "Java/1.5.0_21" 220 183
127.0.0.1 - - [25/May/2015:00:58:13 -0400] "GET /opensso/namingservice HTTP/1.1" 200 7 "-" "Java/1.5.0_21" 220 183
220.181.108.122 - - [25/May/2015:00:58:20 -0400] "GET / HTTP/1.1" 302 237 "-" "Mozilla/5.0 (Windows NT 5.1; rv:6.0.2) Gecko/20100101 Firefox/6.0.2" 179 506
127.0.0.1 - - [25/May/2015:00:58:42 -0400] "GET /opensso/namingservice HTTP/1.1" 200 7 "-" "Java/1.5.0_21" 220 183
127.0.0.1 - - [25/May/2015:00:58:43 -0400] "GET /opensso/namingservice HTTP/1.1" 200 7 "-" "Java/1.5.0_21" 220 183
66.249.67.158 - - [25/May/2015:00:59:05 -0400] "GET /LMMPUI/LMMP_CLIENT/history/history.js HTTP/1.1" 200 24650 "-" "Mozilla/5.0 (compatible; Googlebot/2.1; +http://www.google.com/bot.html)" 268 24988
67.140.116.38 - - [25/May/2015:00:59:10 -0400] "GET /lmmpmobile/pages/assets/NASA_logo.png HTTP/1.1" 200 17149 "-" "Mozilla/5.0 (iPod; CPU iPhone OS 6_1_6 like Mac OS X) AppleWebKit/536.26 (KHTML, like Gecko) Mobile/10B500" 402 17472
127.0.0.1 - - [25/May/2015:00:59:12 -0400] "GET /opensso/namingservice HTTP/1.1" 200 7 "-" "Java/1.5.0_21" 220 183
127.0.0.1 - - [25/May/2015:00:59:13 -0400] "GET /opensso/namingservice HTTP/1.1" 200 7 "-" "Java/1.5.0_21" 220 183
220.181.108.81 - - [25/May/2015:00:59:40 -0400] "GET /LMMPUI/LMMP_CLIENT/LMMP.html HTTP/1.1" 200 8973 "-" "Mozilla/5.0 (Windows NT 5.1; rv:6.0.2) Gecko/20100101 Firefox/6.0.2" 207 9266
127.0.0.1 - - [25/May/2015:00:59:42 -0400] "GET /opensso/namingservice HTTP/1.1" 200 7 "-" "Java/1.5.0_21" 220 183
127.0.0.1 - - [25/May/2015:00:59:43 -0400] "GET /opensso/namingservice HTTP/1.1" 200 7 "-" "Java/1.5.0_21" 220 183
66.249.67.248 - - [25/May/2015:00:59:47 -0400] "GET /redmine/issues/gantt?month=3&months=6&year=2209&zoom=1 HTTP/1.1" 200 27562 "-" "Mozilla/5.0 (compatible; Googlebot/2.1; +http://www.google.com/bot.html)" 718 32415
127.0.0.1 - - [25/May/2015:01:00:12 -0400] "GET /opensso/namingservice HTTP/1.1" 200 7 "-" "Java/1.5.0_21" 220 183
127.0.0.1 - - [25/May/2015:01:00:13 -0400] "GET /opensso/namingservice HTTP/1.1" 200 7 "-" "Java/1.5.0_21" 220 183
127.0.0.1 - - [25/May/2015:01:00:42 -0400] "GET /opensso/namingservice HTTP/1.1" 200 7 "-" "Java/1.5.0_21" 220 183
127.0.0.1 - - [25/May/2015:01:00:43 -0400] "GET /opensso/namingservice HTTP/1.1" 200 7 "-" "Java/1.5.0_21" 220 183
127.0.0.1 - - [25/May/2015:01:01:12 -0400] "GET /opensso/namingservice HTTP/1.1" 200 7 "-" "Java/1.5.0_21" 220 183
127.0.0.1 - - [25/May/2015:01:01:13 -0400] "GET /opensso/namingservice HTTP/1.1" 200 7 "-" "Java/1.5.0_21" 220 183
127.0.0.1 - - [25/May/2015:01:01:42 -0400] "GET /opensso/namingservice HTTP/1.1" 200 7 "-" "Java/1.5.0_21" 220 183
127.0.0.1 - - [25/May/2015:01:01:43 -0400] "GET /opensso/namingservice HTTP/1.1" 200 7 "-" "Java/1.5.0_21" 220 183
137.78.207.218 - - [25/May/2015:01:01:55 -0400] "HEAD /LMMPUI/LMMP_CLIENT/LMMP.html HTTP/1.1" 200 - "-" "curl/7.38.0" 110 274
137.78.207.218 - - [25/May/2015:01:01:55 -0400] "HEAD /LMMPUI/LMMP_CLIENT/LMMP.html HTTP/1.1" 200 - "-" "curl/7.38.0" 110 274
127.0.0.1 - - [25/May/2015:01:02:12 -0400] "GET /opensso/namingservice HTTP/1.1" 200 7 "-" "Java/1.5.0_21" 220 183
127.0.0.1 - - [25/May/2015:01:02:13 -0400] "GET /opensso/namingservice HTTP/1.1" 200 7 "-" "Java/1.5.0_21" 220 183
127.0.0.1 - - [25/May/2015:01:02:42 -0400] "GET /opensso/namingservice HTTP/1.1" 200 7 "-" "Java/1.5.0_21" 220 183
127.0.0.1 - - [25/May/2015:01:02:43 -0400] "GET /opensso/namingservice HTTP/1.1" 200 7 "-" "Java/1.5.0_21" 220 183
127.0.0.1 - - [25/May/2015:01:03:12 -0400] "GET /opensso/namingservice HTTP/1.1" 200 7 "-" "Java/1.5.0_21" 220 183
127.0.0.1 - - [25/May/2015:01:03:13 -0400] "GET /opensso/namingservice HTTP/1.1" 200 7 "-" "Java/1.5.0_21" 220 183
66.249.67.248 - - [25/May/2015:01:03:34 -0400] "GET /redmine/issues/gantt?month=4&months=6&year=2209&zoom=1 HTTP/1.1" 200 27570 "-" "Mozilla/5.0 (compatible; Googlebot/2.1; +http://www.google.com/bot.html)" 718 32423
127.0.0.1 - - [25/May/2015:01:03:42 -0400] "GET /opensso/namingservice HTTP/1.1" 200 7 "-" "Java/1.5.0_21" 220 183
127.0.0.1 - - [25/May/2015:01:03:43 -0400] "GET /opensso/namingservice HTTP/1.1" 200 7 "-" "Java/1.5.0_21" 220 183
127.0.0.1 - - [25/May/2015:01:04:12 -0400] "GET /opensso/namingservice HTTP/1.1" 200 7 "-" "Java/1.5.0_21" 220 183
127.0.0.1 - - [25/May/2015:01:04:13 -0400] "GET /opensso/namingservice HTTP/1.1" 200 7 "-" "Java/1.5.0_21" 220 183
127.0.0.1 - - [25/May/2015:01:04:42 -0400] "GET /opensso/namingservice HTTP/1.1" 200 7 "-" "Java/1.5.0_21" 220 183
127.0.0.1 - - [25/May/2015:01:04:43 -0400] "GET /opensso/namingservice HTTP/1.1" 200 7 "-" "Java/1.5.0_21" 220 183
127.0.0.1 - - [25/May/2015:01:05:12 -0400] "GET /opensso/namingservice HTTP/1.1" 200 7 "-" "Java/1.5.0_21" 220 183
127.0.0.1 - - [25/May/2015:01:05:13 -0400] "GET /opensso/namingservice HTTP/1.1" 200 7 "-" "Java/1.5.0_21" 220 183
127.0.0.1 - - [25/May/2015:01:05:42 -0400] "GET /opensso/namingservice HTTP/1.1" 200 7 "-" "Java/1.5.0_21" 220 183
127.0.0.1 - - [25/May/2015:01:05:43 -0400] "GET /opensso/namingservice HTTP/1.1" 200 7 "-" "Java/1.5.0_21" 220 183
127.0.0.1 - - [25/May/2015:01:06:12 -0400] "GET /opensso/namingservice HTTP/1.1" 200 7 "-" "Java/1.5.0_21" 220 183
127.0.0.1 - - [25/May/2015:01:06:13 -0400] "GET /opensso/namingservice HTTP/1.1" 200 7 "-" "Java/1.5.0_21" 220 183
67.140.116.38 - - [25/May/2015:01:06:33 -0400] "GET /opensso/identity/isTokenValid HTTP/1.1" 200 13 "-" "Moon%20Tours/1.0.0 CFNetwork/609.1.4 Darwin/13.0.0" 338 171
127.0.0.1 - - [25/May/2015:01:06:42 -0400] "GET /opensso/namingservice HTTP/1.1" 200 7 "-" "Java/1.5.0_21" 220 183
127.0.0.1 - - [25/May/2015:01:06:43 -0400] "GET /opensso/namingservice HTTP/1.1" 200 7 "-" "Java/1.5.0_21" 220 183
137.78.207.218 - - [25/May/2015:01:06:54 -0400] "HEAD /LMMPUI/LMMP_CLIENT/LMMP.html HTTP/1.1" 200 - "-" "curl/7.38.0" 110 274
