127.0.0.1 - - [16/Nov/2015:22:35:13 -0500] "GET /opensso/namingservice HTTP/1.1" 200 7 "-" "Java/1.5.0_21" 220 183
66.249.67.198 - - [16/Nov/2015:22:35:26 -0500] "GET /redmine/issues/gantt?month=7&months=6&year=2957&zoom=2 HTTP/1.1" 200 30909 "-" "Mozilla/5.0 (compatible; Googlebot/2.1; +http://www.google.com/bot.html)" 345 31598
127.0.0.1 - - [16/Nov/2015:22:35:42 -0500] "GET /opensso/namingservice HTTP/1.1" 200 7 "-" "Java/1.5.0_21" 220 183
127.0.0.1 - - [16/Nov/2015:22:35:43 -0500] "GET /opensso/namingservice HTTP/1.1" 200 7 "-" "Java/1.5.0_21" 220 183
127.0.0.1 - - [16/Nov/2015:22:36:12 -0500] "GET /opensso/namingservice HTTP/1.1" 200 7 "-" "Java/1.5.0_21" 220 183
127.0.0.1 - - [16/Nov/2015:22:36:13 -0500] "GET /opensso/namingservice HTTP/1.1" 200 7 "-" "Java/1.5.0_21" 220 183
127.0.0.1 - - [16/Nov/2015:22:36:42 -0500] "GET /opensso/namingservice HTTP/1.1" 200 7 "-" "Java/1.5.0_21" 220 183
127.0.0.1 - - [16/Nov/2015:22:36:43 -0500] "GET /opensso/namingservice HTTP/1.1" 200 7 "-" "Java/1.5.0_21" 220 183
127.0.0.1 - - [16/Nov/2015:22:37:12 -0500] "GET /opensso/namingservice HTTP/1.1" 200 7 "-" "Java/1.5.0_21" 220 183
127.0.0.1 - - [16/Nov/2015:22:37:13 -0500] "GET /opensso/namingservice HTTP/1.1" 200 7 "-" "Java/1.5.0_21" 220 183
127.0.0.1 - - [16/Nov/2015:22:37:42 -0500] "GET /opensso/namingservice HTTP/1.1" 200 7 "-" "Java/1.5.0_21" 220 183
127.0.0.1 - - [16/Nov/2015:22:37:43 -0500] "GET /opensso/namingservice HTTP/1.1" 200 7 "-" "Java/1.5.0_21" 220 183
127.0.0.1 - - [16/Nov/2015:22:38:12 -0500] "GET /opensso/namingservice HTTP/1.1" 200 7 "-" "Java/1.5.0_21" 220 183
127.0.0.1 - - [16/Nov/2015:22:38:13 -0500] "GET /opensso/namingservice HTTP/1.1" 200 7 "-" "Java/1.5.0_21" 220 183
127.0.0.1 - - [16/Nov/2015:22:38:42 -0500] "GET /opensso/namingservice HTTP/1.1" 200 7 "-" "Java/1.5.0_21" 220 183
127.0.0.1 - - [16/Nov/2015:22:38:43 -0500] "GET /opensso/namingservice HTTP/1.1" 200 7 "-" "Java/1.5.0_21" 220 183
127.0.0.1 - - [16/Nov/2015:22:39:12 -0500] "GET /opensso/namingservice HTTP/1.1" 200 7 "-" "Java/1.5.0_21" 220 183
127.0.0.1 - - [16/Nov/2015:22:39:13 -0500] "GET /opensso/namingservice HTTP/1.1" 200 7 "-" "Java/1.5.0_21" 220 183
66.249.67.198 - - [16/Nov/2015:22:39:13 -0500] "GET /redmine/projects/lmmpwiki/activity?from=1891-08-08 HTTP/1.1" 200 4829 "-" "Mozilla/5.0 (compatible; Googlebot/2.1; +http://www.google.com/bot.html)" 341 5391
127.0.0.1 - - [16/Nov/2015:22:39:42 -0500] "GET /opensso/namingservice HTTP/1.1" 200 7 "-" "Java/1.5.0_21" 220 183
127.0.0.1 - - [16/Nov/2015:22:39:43 -0500] "GET /opensso/namingservice HTTP/1.1" 200 7 "-" "Java/1.5.0_21" 220 183
137.78.207.218 - - [16/Nov/2015:22:40:08 -0500] "HEAD /LMMPUI/LMMP_CLIENT/LMMP.html HTTP/1.1" 200 - "-" "curl/7.38.0" 110 274
127.0.0.1 - - [16/Nov/2015:22:40:12 -0500] "GET /opensso/namingservice HTTP/1.1" 200 7 "-" "Java/1.5.0_21" 220 183
127.0.0.1 - - [16/Nov/2015:22:40:13 -0500] "GET /opensso/namingservice HTTP/1.1" 200 7 "-" "Java/1.5.0_21" 220 183
127.0.0.1 - - [16/Nov/2015:22:40:42 -0500] "GET /opensso/namingservice HTTP/1.1" 200 7 "-" "Java/1.5.0_21" 220 183
127.0.0.1 - - [16/Nov/2015:22:40:43 -0500] "GET /opensso/namingservice HTTP/1.1" 200 7 "-" "Java/1.5.0_21" 220 183
127.0.0.1 - - [16/Nov/2015:22:41:12 -0500] "GET /opensso/namingservice HTTP/1.1" 200 7 "-" "Java/1.5.0_21" 220 183
127.0.0.1 - - [16/Nov/2015:22:41:13 -0500] "GET /opensso/namingservice HTTP/1.1" 200 7 "-" "Java/1.5.0_21" 220 183
127.0.0.1 - - [16/Nov/2015:22:41:42 -0500] "GET /opensso/namingservice HTTP/1.1" 200 7 "-" "Java/1.5.0_21" 220 183
127.0.0.1 - - [16/Nov/2015:22:41:43 -0500] "GET /opensso/namingservice HTTP/1.1" 200 7 "-" "Java/1.5.0_21" 220 183
127.0.0.1 - - [16/Nov/2015:22:42:12 -0500] "GET /opensso/namingservice HTTP/1.1" 200 7 "-" "Java/1.5.0_21" 220 183
127.0.0.1 - - [16/Nov/2015:22:42:13 -0500] "GET /opensso/namingservice HTTP/1.1" 200 7 "-" "Java/1.5.0_21" 220 183
127.0.0.1 - - [16/Nov/2015:22:42:42 -0500] "GET /opensso/namingservice HTTP/1.1" 200 7 "-" "Java/1.5.0_21" 220 183
127.0.0.1 - - [16/Nov/2015:22:42:43 -0500] "GET /opensso/namingservice HTTP/1.1" 200 7 "-" "Java/1.5.0_21" 220 183
66.249.67.214 - - [16/Nov/2015:22:43:00 -0500] "GET /redmine/issues/gantt?month=12&months=6&year=2549&zoom=1 HTTP/1.1" 200 27577 "-" "Mozilla/5.0 (compatible; Googlebot/2.1; +http://www.google.com/bot.html)" 346 28266
127.0.0.1 - - [16/Nov/2015:22:43:12 -0500] "GET /opensso/namingservice HTTP/1.1" 200 7 "-" "Java/1.5.0_21" 220 183
127.0.0.1 - - [16/Nov/2015:22:43:13 -0500] "GET /opensso/namingservice HTTP/1.1" 200 7 "-" "Java/1.5.0_21" 220 183
127.0.0.1 - - [16/Nov/2015:22:43:42 -0500] "GET /opensso/namingservice HTTP/1.1" 200 7 "-" "Java/1.5.0_21" 220 183
127.0.0.1 - - [16/Nov/2015:22:43:43 -0500] "GET /opensso/namingservice HTTP/1.1" 200 7 "-" "Java/1.5.0_21" 220 183
123.125.71.90 - - [16/Nov/2015:22:43:51 -0500] "GET / HTTP/1.1" 302 237 "-" "Mozilla/5.0 (Windows NT 5.1; rv:6.0.2) Gecko/20100101 Firefox/6.0.2" 179 506
127.0.0.1 - - [16/Nov/2015:22:44:12 -0500] "GET /opensso/namingservice HTTP/1.1" 200 7 "-" "Java/1.5.0_21" 220 183
127.0.0.1 - - [16/Nov/2015:22:44:13 -0500] "GET /opensso/namingservice HTTP/1.1" 200 7 "-" "Java/1.5.0_21" 220 183
127.0.0.1 - - [16/Nov/2015:22:44:42 -0500] "GET /opensso/namingservice HTTP/1.1" 200 7 "-" "Java/1.5.0_21" 220 183
127.0.0.1 - - [16/Nov/2015:22:44:43 -0500] "GET /opensso/namingservice HTTP/1.1" 200 7 "-" "Java/1.5.0_21" 220 183
137.78.207.218 - - [16/Nov/2015:22:45:08 -0500] "HEAD /LMMPUI/LMMP_CLIENT/LMMP.html HTTP/1.1" 200 - "-" "curl/7.38.0" 110 274
127.0.0.1 - - [16/Nov/2015:22:45:12 -0500] "GET /opensso/namingservice HTTP/1.1" 200 7 "-" "Java/1.5.0_21" 220 183
127.0.0.1 - - [16/Nov/2015:22:45:13 -0500] "GET /opensso/namingservice HTTP/1.1" 200 7 "-" "Java/1.5.0_21" 220 183
127.0.0.1 - - [16/Nov/2015:22:45:42 -0500] "GET /opensso/namingservice HTTP/1.1" 200 7 "-" "Java/1.5.0_21" 220 183
127.0.0.1 - - [16/Nov/2015:22:45:43 -0500] "GET /opensso/namingservice HTTP/1.1" 200 7 "-" "Java/1.5.0_21" 220 183
127.0.0.1 - - [16/Nov/2015:22:46:12 -0500] "GET /opensso/namingservice HTTP/1.1" 200 7 "-" "Java/1.5.0_21" 220 183
127.0.0.1 - - [16/Nov/2015:22:46:13 -0500] "GET /opensso/namingservice HTTP/1.1" 200 7 "-" "Java/1.5.0_21" 220 183
127.0.0.1 - - [16/Nov/2015:22:46:42 -0500] "GET /opensso/namingservice HTTP/1.1" 200 7 "-" "Java/1.5.0_21" 220 183
127.0.0.1 - - [16/Nov/2015:22:46:43 -0500] "GET /opensso/namingservice HTTP/1.1" 200 7 "-" "Java/1.5.0_21" 220 183
66.249.67.198 - - [16/Nov/2015:22:46:47 -0500] "GET /W6/bHw4WcpMgPGXdDIdIwmg/waAjopvErYW/jRGlUA= HTTP/1.1" 404 241 "-" "Mozilla/5.0 (compatible; Googlebot/2.1; +http://www.google.com/bot.html)" 334 486
123.125.71.77 - - [16/Nov/2015:22:47:04 -0500] "GET /LMMPUI/LMMP_CLIENT/LMMP.html HTTP/1.1" 200 9400 "-" "Mozilla/5.0 (Windows NT 5.1; rv:6.0.2) Gecko/20100101 Firefox/6.0.2" 207 9693
127.0.0.1 - - [16/Nov/2015:22:47:12 -0500] "GET /opensso/namingservice HTTP/1.1" 200 7 "-" "Java/1.5.0_21" 220 183
127.0.0.1 - - [16/Nov/2015:22:47:13 -0500] "GET /opensso/namingservice HTTP/1.1" 200 7 "-" "Java/1.5.0_21" 220 183
127.0.0.1 - - [16/Nov/2015:22:47:42 -0500] "GET /opensso/namingservice HTTP/1.1" 200 7 "-" "Java/1.5.0_21" 220 183
127.0.0.1 - - [16/Nov/2015:22:47:43 -0500] "GET /opensso/namingservice HTTP/1.1" 200 7 "-" "Java/1.5.0_21" 220 183
127.0.0.1 - - [16/Nov/2015:22:48:12 -0500] "GET /opensso/namingservice HTTP/1.1" 200 7 "-" "Java/1.5.0_21" 220 183
127.0.0.1 - - [16/Nov/2015:22:48:13 -0500] "GET /opensso/namingservice HTTP/1.1" 200 7 "-" "Java/1.5.0_21" 220 183
127.0.0.1 - - [16/Nov/2015:22:48:42 -0500] "GET /opensso/namingservice HTTP/1.1" 200 7 "-" "Java/1.5.0_21" 220 183
127.0.0.1 - - [16/Nov/2015:22:48:43 -0500] "GET /opensso/namingservice HTTP/1.1" 200 7 "-" "Java/1.5.0_21" 220 183
127.0.0.1 - - [16/Nov/2015:22:49:12 -0500] "GET /opensso/namingservice HTTP/1.1" 200 7 "-" "Java/1.5.0_21" 220 183
127.0.0.1 - - [16/Nov/2015:22:49:13 -0500] "GET /opensso/namingservice HTTP/1.1" 200 7 "-" "Java/1.5.0_21" 220 183
127.0.0.1 - - [16/Nov/2015:22:49:42 -0500] "GET /opensso/namingservice HTTP/1.1" 200 7 "-" "Java/1.5.0_21" 220 183
127.0.0.1 - - [16/Nov/2015:22:49:43 -0500] "GET /opensso/namingservice HTTP/1.1" 200 7 "-" "Java/1.5.0_21" 220 183
220.181.108.182 - - [16/Nov/2015:22:50:00 -0500] "GET / HTTP/1.1" 302 237 "-" "Mozilla/5.0 (Windows NT 5.1; rv:6.0.2) Gecko/20100101 Firefox/6.0.2" 179 506
137.78.207.218 - - [16/Nov/2015:22:50:08 -0500] "HEAD /LMMPUI/LMMP_CLIENT/LMMP.html HTTP/1.1" 200 - "-" "curl/7.38.0" 110 274
127.0.0.1 - - [16/Nov/2015:22:50:12 -0500] "GET /opensso/namingservice HTTP/1.1" 200 7 "-" "Java/1.5.0_21" 220 183
127.0.0.1 - - [16/Nov/2015:22:50:13 -0500] "GET /opensso/namingservice HTTP/1.1" 200 7 "-" "Java/1.5.0_21" 220 183
66.249.67.206 - - [16/Nov/2015:22:50:34 -0500] "GET /redmine/issues/gantt?month=6&months=6&year=1046&zoom=1 HTTP/1.1" 200 27581 "-" "Mozilla/5.0 (compatible; Googlebot/2.1; +http://www.google.com/bot.html)" 345 28270
127.0.0.1 - - [16/Nov/2015:22:50:42 -0500] "GET /opensso/namingservice HTTP/1.1" 200 7 "-" "Java/1.5.0_21" 220 183
127.0.0.1 - - [16/Nov/2015:22:50:43 -0500] "GET /opensso/namingservice HTTP/1.1" 200 7 "-" "Java/1.5.0_21" 220 183
127.0.0.1 - - [16/Nov/2015:22:51:12 -0500] "GET /opensso/namingservice HTTP/1.1" 200 7 "-" "Java/1.5.0_21" 220 183
127.0.0.1 - - [16/Nov/2015:22:51:13 -0500] "GET /opensso/namingservice HTTP/1.1" 200 7 "-" "Java/1.5.0_21" 220 183
127.0.0.1 - - [16/Nov/2015:22:51:42 -0500] "GET /opensso/namingservice HTTP/1.1" 200 7 "-" "Java/1.5.0_21" 220 183
127.0.0.1 - - [16/Nov/2015:22:51:43 -0500] "GET /opensso/namingservice HTTP/1.1" 200 7 "-" "Java/1.5.0_21" 220 183
127.0.0.1 - - [16/Nov/2015:22:52:12 -0500] "GET /opensso/namingservice HTTP/1.1" 200 7 "-" "Java/1.5.0_21" 220 183
127.0.0.1 - - [16/Nov/2015:22:52:13 -0500] "GET /opensso/namingservice HTTP/1.1" 200 7 "-" "Java/1.5.0_21" 220 183
127.0.0.1 - - [16/Nov/2015:22:52:42 -0500] "GET /opensso/namingservice HTTP/1.1" 200 7 "-" "Java/1.5.0_21" 220 183
127.0.0.1 - - [16/Nov/2015:22:52:43 -0500] "GET /opensso/namingservice HTTP/1.1" 200 7 "-" "Java/1.5.0_21" 220 183
127.0.0.1 - - [16/Nov/2015:22:53:12 -0500] "GET /opensso/namingservice HTTP/1.1" 200 7 "-" "Java/1.5.0_21" 220 183
127.0.0.1 - - [16/Nov/2015:22:53:13 -0500] "GET /opensso/namingservice HTTP/1.1" 200 7 "-" "Java/1.5.0_21" 220 183
220.181.108.160 - - [16/Nov/2015:22:53:16 -0500] "GET /LMMPUI/LMMP_CLIENT/LMMP.html HTTP/1.1" 200 9400 "-" "Mozilla/5.0 (Windows NT 5.1; rv:6.0.2) Gecko/20100101 Firefox/6.0.2" 207 9693
141.8.143.152 - - [16/Nov/2015:22:53:41 -0500] "GET /robots.txt HTTP/1.1" 404 208 "-" "Mozilla/5.0 (compatible; YandexBot/3.0; +http://yandex.com/bots)" 187 453
127.0.0.1 - - [16/Nov/2015:22:53:42 -0500] "GET /opensso/namingservice HTTP/1.1" 200 7 "-" "Java/1.5.0_21" 220 183
127.0.0.1 - - [16/Nov/2015:22:53:43 -0500] "GET /opensso/namingservice HTTP/1.1" 200 7 "-" "Java/1.5.0_21" 220 183
127.0.0.1 - - [16/Nov/2015:22:54:12 -0500] "GET /opensso/namingservice HTTP/1.1" 200 7 "-" "Java/1.5.0_21" 220 183
127.0.0.1 - - [16/Nov/2015:22:54:13 -0500] "GET /opensso/namingservice HTTP/1.1" 200 7 "-" "Java/1.5.0_21" 220 183
66.249.67.206 - - [16/Nov/2015:22:54:21 -0500] "GET /redmine/issues/gantt?month=10&months=6&year=2872&zoom=4 HTTP/1.1" 200 51151 "-" "Mozilla/5.0 (compatible; Googlebot/2.1; +http://www.google.com/bot.html)" 346 51840
127.0.0.1 - - [16/Nov/2015:22:54:42 -0500] "GET /opensso/namingservice HTTP/1.1" 200 7 "-" "Java/1.5.0_21" 220 183
127.0.0.1 - - [16/Nov/2015:22:54:43 -0500] "GET /opensso/namingservice HTTP/1.1" 200 7 "-" "Java/1.5.0_21" 220 183
137.78.207.218 - - [16/Nov/2015:22:55:08 -0500] "HEAD /LMMPUI/LMMP_CLIENT/LMMP.html HTTP/1.1" 200 - "-" "curl/7.38.0" 110 274
127.0.0.1 - - [16/Nov/2015:22:55:12 -0500] "GET /opensso/namingservice HTTP/1.1" 200 7 "-" "Java/1.5.0_21" 220 183
127.0.0.1 - - [16/Nov/2015:22:55:13 -0500] "GET /opensso/namingservice HTTP/1.1" 200 7 "-" "Java/1.5.0_21" 220 183
127.0.0.1 - - [16/Nov/2015:22:55:42 -0500] "GET /opensso/namingservice HTTP/1.1" 200 7 "-" "Java/1.5.0_21" 220 183
127.0.0.1 - - [16/Nov/2015:22:55:43 -0500] "GET /opensso/namingservice HTTP/1.1" 200 7 "-" "Java/1.5.0_21" 220 183
127.0.0.1 - - [16/Nov/2015:22:56:12 -0500] "GET /opensso/namingservice HTTP/1.1" 200 7 "-" "Java/1.5.0_21" 220 183
127.0.0.1 - - [16/Nov/2015:22:56:13 -0500] "GET /opensso/namingservice HTTP/1.1" 200 7 "-" "Java/1.5.0_21" 220 183
127.0.0.1 - - [16/Nov/2015:22:56:42 -0500] "GET /opensso/namingservice HTTP/1.1" 200 7 "-" "Java/1.5.0_21" 220 183
127.0.0.1 - - [16/Nov/2015:22:56:43 -0500] "GET /opensso/namingservice HTTP/1.1" 200 7 "-" "Java/1.5.0_21" 220 183
127.0.0.1 - - [16/Nov/2015:22:57:12 -0500] "GET /opensso/namingservice HTTP/1.1" 200 7 "-" "Java/1.5.0_21" 220 183
127.0.0.1 - - [16/Nov/2015:22:57:13 -0500] "GET /opensso/namingservice HTTP/1.1" 200 7 "-" "Java/1.5.0_21" 220 183
127.0.0.1 - - [16/Nov/2015:22:57:42 -0500] "GET /opensso/namingservice HTTP/1.1" 200 7 "-" "Java/1.5.0_21" 220 183
127.0.0.1 - - [16/Nov/2015:22:57:43 -0500] "GET /opensso/namingservice HTTP/1.1" 200 7 "-" "Java/1.5.0_21" 220 183
66.249.67.214 - - [16/Nov/2015:22:58:08 -0500] "GET /redmine/issues/gantt?month=3&months=6&year=2874&zoom=2 HTTP/1.1" 200 30889 "-" "Mozilla/5.0 (compatible; Googlebot/2.1; +http://www.google.com/bot.html)" 345 31578
127.0.0.1 - - [16/Nov/2015:22:58:12 -0500] "GET /opensso/namingservice HTTP/1.1" 200 7 "-" "Java/1.5.0_21" 220 183
127.0.0.1 - - [16/Nov/2015:22:58:13 -0500] "GET /opensso/namingservice HTTP/1.1" 200 7 "-" "Java/1.5.0_21" 220 183
127.0.0.1 - - [16/Nov/2015:22:58:42 -0500] "GET /opensso/namingservice HTTP/1.1" 200 7 "-" "Java/1.5.0_21" 220 183
127.0.0.1 - - [16/Nov/2015:22:58:43 -0500] "GET /opensso/namingservice HTTP/1.1" 200 7 "-" "Java/1.5.0_21" 220 183
127.0.0.1 - - [16/Nov/2015:22:59:12 -0500] "GET /opensso/namingservice HTTP/1.1" 200 7 "-" "Java/1.5.0_21" 220 183
127.0.0.1 - - [16/Nov/2015:22:59:13 -0500] "GET /opensso/namingservice HTTP/1.1" 200 7 "-" "Java/1.5.0_21" 220 183
127.0.0.1 - - [16/Nov/2015:22:59:42 -0500] "GET /opensso/namingservice HTTP/1.1" 200 7 "-" "Java/1.5.0_21" 220 183
127.0.0.1 - - [16/Nov/2015:22:59:43 -0500] "GET /opensso/namingservice HTTP/1.1" 200 7 "-" "Java/1.5.0_21" 220 183
137.78.207.218 - - [16/Nov/2015:23:00:08 -0500] "HEAD /LMMPUI/LMMP_CLIENT/LMMP.html HTTP/1.1" 200 - "-" "curl/7.38.0" 110 274
127.0.0.1 - - [16/Nov/2015:23:00:12 -0500] "GET /opensso/namingservice HTTP/1.1" 200 7 "-" "Java/1.5.0_21" 220 183
127.0.0.1 - - [16/Nov/2015:23:00:13 -0500] "GET /opensso/namingservice HTTP/1.1" 200 7 "-" "Java/1.5.0_21" 220 183
127.0.0.1 - - [16/Nov/2015:23:00:42 -0500] "GET /opensso/namingservice HTTP/1.1" 200 7 "-" "Java/1.5.0_21" 220 183
127.0.0.1 - - [16/Nov/2015:23:00:43 -0500] "GET /opensso/namingservice HTTP/1.1" 200 7 "-" "Java/1.5.0_21" 220 183
127.0.0.1 - - [16/Nov/2015:23:01:12 -0500] "GET /opensso/namingservice HTTP/1.1" 200 7 "-" "Java/1.5.0_21" 220 183
127.0.0.1 - - [16/Nov/2015:23:01:13 -0500] "GET /opensso/namingservice HTTP/1.1" 200 7 "-" "Java/1.5.0_21" 220 183
127.0.0.1 - - [16/Nov/2015:23:01:42 -0500] "GET /opensso/namingservice HTTP/1.1" 200 7 "-" "Java/1.5.0_21" 220 183
127.0.0.1 - - [16/Nov/2015:23:01:43 -0500] "GET /opensso/namingservice HTTP/1.1" 200 7 "-" "Java/1.5.0_21" 220 183
69.236.76.217 - - [16/Nov/2015:23:01:54 -0500] "GET /opensso/identity/isTokenValid HTTP/1.1" 200 14 "-" "Moon%20Tours/1.0.0 CFNetwork/711.3.18 Darwin/14.0.0" 339 172
69.236.76.217 - - [16/Nov/2015:23:01:54 -0500] "GET /opensso/UI/Login?module=Anonymous&org=appspub&goto=http%3A%2F%2Fpub.lmmp.nasa.gov%2Flmmpmobile%2Frefresh HTTP/1.1" 302 - "-" "Moon%20Tours/1.0.0 CFNetwork/711.3.18 Darwin/14.0.0" 414 932
69.236.76.217 - - [16/Nov/2015:23:01:54 -0500] "GET /lmmpmobile/refresh?iPlanetDirectoryPro=AQIC5wM2LY4SfcwDIKf9i5eWs1iWMYdJhgpSk5T0dsGf4%2FQ%3D%40AAJTSQACMDE%3D%23 HTTP/1.1" 200 - "-" "Moon%20Tours/1.0.0 CFNetwork/711.3.18 Darwin/14.0.0" 421 316
66.249.67.206 - - [16/Nov/2015:23:01:55 -0500] "GET /redmine/issues/gantt?month=2&months=6&year=2520&zoom=3 HTTP/1.1" 200 51193 "-" "Mozilla/5.0 (compatible; Googlebot/2.1; +http://www.google.com/bot.html)" 345 51883
127.0.0.1 - - [16/Nov/2015:23:02:12 -0500] "GET /opensso/namingservice HTTP/1.1" 200 7 "-" "Java/1.5.0_21" 220 183
127.0.0.1 - - [16/Nov/2015:23:02:13 -0500] "GET /opensso/namingservice HTTP/1.1" 200 7 "-" "Java/1.5.0_21" 220 183
69.236.76.217 - - [16/Nov/2015:23:02:00 -0500] "GET /arcgis/rest/services/CombinedNomenclature/MapServer/export?bboxSR=104903&dpi=132&size=1024,748&transparent=true&format=png&bbox=14.08339214,-28.77708827,46.51468636,-5.08704132&f=image&imageSR=104903 HTTP/1.1" 200 15814 "arcgisios" "ArcGISiOS-2.3.2/8.3/iPad3,1" 505 16104
69.236.76.217 - - [16/Nov/2015:23:02:13 -0500] "GET /arcgis/rest/services/CombinedNomenclature/MapServer/export?bboxSR=104903&dpi=132&size=1024,748&transparent=true&format=png&bbox=3.80041485,-45.92693872,89.36759868,16.57721509&f=image&imageSR=104903 HTTP/1.1" 200 10563 "arcgisios" "ArcGISiOS-2.3.2/8.3/iPad3,1" 504 10853
69.236.76.217 - - [16/Nov/2015:23:02:03 -0500] "GET /arcgis/rest/services/CombinedNomenclature/MapServer/export?bboxSR=104903&dpi=132&size=1024,748&transparent=true&format=png&bbox=27.36900875,-25.75452057,59.80030298,-2.06447362&f=image&imageSR=104903 HTTP/1.1" 200 14294 "arcgisios" "ArcGISiOS-2.3.2/8.3/iPad3,1" 505 8744
69.236.76.217 - - [16/Nov/2015:23:02:02 -0500] "GET /arcgis/rest/services/CombinedNomenclature/MapServer/export?bboxSR=104903&dpi=132&size=1024,748&transparent=true&format=png&bbox=21.25275408,-28.40421074,53.68404831,-4.71416379&f=image&imageSR=104903 HTTP/1.1" 200 13944 "arcgisios" "ArcGISiOS-2.3.2/8.3/iPad3,1" 505 14233
69.236.76.217 - - [16/Nov/2015:23:02:15 -0500] "GET /arcgis/rest/services/CombinedNomenclature/MapServer/export?bboxSR=104903&dpi=132&size=1024,748&transparent=true&format=png&bbox=12.87622327,-24.72588648,98.44340710,37.77826733&f=image&imageSR=104903 HTTP/1.1" 200 11359 "arcgisios" "ArcGISiOS-2.3.2/8.3/iPad3,1" 505 8744
69.236.76.217 - - [16/Nov/2015:23:02:17 -0500] "GET /arcgis/rest/services/CombinedNomenclature/MapServer/export?bboxSR=104903&dpi=132&size=1024,748&transparent=true&format=png&bbox=2.72023855,-32.68922668,88.28742238,29.81492714&f=image&imageSR=104903 HTTP/1.1" 200 12046 "arcgisios" "ArcGISiOS-2.3.2/8.3/iPad3,1" 504 12336
69.236.76.217 - - [16/Nov/2015:23:02:08 -0500] "GET /arcgis/rest/services/CombinedNomenclature/MapServer/export?bboxSR=104903&dpi=132&size=1024,748&transparent=true&format=png&bbox=33.72832030,-24.67771210,66.15961452,-0.98766515&f=image&imageSR=104903 HTTP/1.1" 200 9901 "arcgisios" "ArcGISiOS-2.3.2/8.3/iPad3,1" 505 8744
69.236.76.217 - - [16/Nov/2015:23:02:10 -0500] "GET /arcgis/rest/services/CombinedNomenclature/MapServer/export?bboxSR=104903&dpi=132&size=1024,748&transparent=true&format=png&bbox=36.41178361,-21.92623579,68.84307783,1.76381116&f=image&imageSR=104903 HTTP/1.1" 200 15501 "arcgisios" "ArcGISiOS-2.3.2/8.3/iPad3,1" 504 15791
69.236.76.217 - - [16/Nov/2015:23:02:11 -0500] "GET /arcgis/rest/services/CombinedNomenclature/MapServer/export?bboxSR=104903&dpi=132&size=1024,748&transparent=true&format=png&bbox=17.60958394,-29.85578503,75.34036150,12.31474390&f=image&imageSR=104903 HTTP/1.1" 200 9902 "arcgisios" "ArcGISiOS-2.3.2/8.3/iPad3,1" 505 8744
69.236.76.217 - - [16/Nov/2015:23:02:01 -0500] "GET /arcgis/rest/services/CombinedNomenclature/MapServer/export?bboxSR=104903&dpi=132&size=1024,748&transparent=true&format=png&bbox=17.26408403,-27.95298111,49.69537825,-4.26293416&f=image&imageSR=104903 HTTP/1.1" 200 13561 "arcgisios" "ArcGISiOS-2.3.2/8.3/iPad3,1" 505 13852
127.0.0.1 - - [16/Nov/2015:23:02:42 -0500] "GET /opensso/namingservice HTTP/1.1" 200 7 "-" "Java/1.5.0_21" 220 183
127.0.0.1 - - [16/Nov/2015:23:02:43 -0500] "GET /opensso/namingservice HTTP/1.1" 200 7 "-" "Java/1.5.0_21" 220 183
127.0.0.1 - - [16/Nov/2015:23:03:12 -0500] "GET /opensso/namingservice HTTP/1.1" 200 7 "-" "Java/1.5.0_21" 220 183
127.0.0.1 - - [16/Nov/2015:23:03:13 -0500] "GET /opensso/namingservice HTTP/1.1" 200 7 "-" "Java/1.5.0_21" 220 183
127.0.0.1 - - [16/Nov/2015:23:03:42 -0500] "GET /opensso/namingservice HTTP/1.1" 200 7 "-" "Java/1.5.0_21" 220 183
127.0.0.1 - - [16/Nov/2015:23:03:43 -0500] "GET /opensso/namingservice HTTP/1.1" 200 7 "-" "Java/1.5.0_21" 220 183
127.0.0.1 - - [16/Nov/2015:23:04:12 -0500] "GET /opensso/namingservice HTTP/1.1" 200 7 "-" "Java/1.5.0_21" 220 183
127.0.0.1 - - [16/Nov/2015:23:04:13 -0500] "GET /opensso/namingservice HTTP/1.1" 200 7 "-" "Java/1.5.0_21" 220 183
127.0.0.1 - - [16/Nov/2015:23:04:42 -0500] "GET /opensso/namingservice HTTP/1.1" 200 7 "-" "Java/1.5.0_21" 220 183
127.0.0.1 - - [16/Nov/2015:23:04:43 -0500] "GET /opensso/namingservice HTTP/1.1" 200 7 "-" "Java/1.5.0_21" 220 183
137.78.207.218 - - [16/Nov/2015:23:05:08 -0500] "HEAD /LMMPUI/LMMP_CLIENT/LMMP.html HTTP/1.1" 200 - "-" "curl/7.38.0" 110 274
127.0.0.1 - - [16/Nov/2015:23:05:12 -0500] "GET /opensso/namingservice HTTP/1.1" 200 7 "-" "Java/1.5.0_21" 220 183
127.0.0.1 - - [16/Nov/2015:23:05:13 -0500] "GET /opensso/namingservice HTTP/1.1" 200 7 "-" "Java/1.5.0_21" 220 183
127.0.0.1 - - [16/Nov/2015:23:05:42 -0500] "GET /opensso/namingservice HTTP/1.1" 200 7 "-" "Java/1.5.0_21" 220 183
66.249.67.206 - - [16/Nov/2015:23:05:42 -0500] "GET /redmine/issues/gantt?month=2&months=6&year=1120&zoom=2 HTTP/1.1" 200 30884 "-" "Mozilla/5.0 (compatible; Googlebot/2.1; +http://www.google.com/bot.html)" 345 31573
127.0.0.1 - - [16/Nov/2015:23:05:43 -0500] "GET /opensso/namingservice HTTP/1.1" 200 7 "-" "Java/1.5.0_21" 220 183
127.0.0.1 - - [16/Nov/2015:23:06:12 -0500] "GET /opensso/namingservice HTTP/1.1" 200 7 "-" "Java/1.5.0_21" 220 183
127.0.0.1 - - [16/Nov/2015:23:06:13 -0500] "GET /opensso/namingservice HTTP/1.1" 200 7 "-" "Java/1.5.0_21" 220 183
127.0.0.1 - - [16/Nov/2015:23:06:42 -0500] "GET /opensso/namingservice HTTP/1.1" 200 7 "-" "Java/1.5.0_21" 220 183
127.0.0.1 - - [16/Nov/2015:23:06:43 -0500] "GET /opensso/namingservice HTTP/1.1" 200 7 "-" "Java/1.5.0_21" 220 183
217.69.133.169 - - [16/Nov/2015:23:06:54 -0500] "GET / HTTP/1.1" 302 237 "-" "Mozilla/5.0 (X11; Linux x86_64; rv:18.0) Gecko/20100101 Firefox/18.0" 169 487
217.69.133.169 - - [16/Nov/2015:23:06:55 -0500] "GET /LMMPUI/LMMP_CLIENT/LMMP.html HTTP/1.1" 200 9400 "-" "Mozilla/5.0 (X11; Linux x86_64; rv:18.0) Gecko/20100101 Firefox/18.0" 197 9674
217.69.133.169 - - [16/Nov/2015:23:06:55 -0500] "GET /favicon.ico HTTP/1.1" 404 209 "-" "Mozilla/5.0 (X11; Linux x86_64; rv:18.0) Gecko/20100101 Firefox/18.0" 180 398
127.0.0.1 - - [16/Nov/2015:23:07:12 -0500] "GET /opensso/namingservice HTTP/1.1" 200 7 "-" "Java/1.5.0_21" 220 183
127.0.0.1 - - [16/Nov/2015:23:07:13 -0500] "GET /opensso/namingservice HTTP/1.1" 200 7 "-" "Java/1.5.0_21" 220 183
127.0.0.1 - - [16/Nov/2015:23:07:42 -0500] "GET /opensso/namingservice HTTP/1.1" 200 7 "-" "Java/1.5.0_21" 220 183
127.0.0.1 - - [16/Nov/2015:23:07:43 -0500] "GET /opensso/namingservice HTTP/1.1" 200 7 "-" "Java/1.5.0_21" 220 183
127.0.0.1 - - [16/Nov/2015:23:08:12 -0500] "GET /opensso/namingservice HTTP/1.1" 200 7 "-" "Java/1.5.0_21" 220 183
127.0.0.1 - - [16/Nov/2015:23:08:13 -0500] "GET /opensso/namingservice HTTP/1.1" 200 7 "-" "Java/1.5.0_21" 220 183
127.0.0.1 - - [16/Nov/2015:23:08:42 -0500] "GET /opensso/namingservice HTTP/1.1" 200 7 "-" "Java/1.5.0_21" 220 183
127.0.0.1 - - [16/Nov/2015:23:08:43 -0500] "GET /opensso/namingservice HTTP/1.1" 200 7 "-" "Java/1.5.0_21" 220 183
127.0.0.1 - - [16/Nov/2015:23:09:12 -0500] "GET /opensso/namingservice HTTP/1.1" 200 7 "-" "Java/1.5.0_21" 220 183
127.0.0.1 - - [16/Nov/2015:23:09:13 -0500] "GET /opensso/namingservice HTTP/1.1" 200 7 "-" "Java/1.5.0_21" 220 183
185.31.159.10 - - [16/Nov/2015:23:09:15 -0500] "HEAD /LMMPUI/LMMP_CLIENT/LMMP.html HTTP/1.1" 200 - "http://inteligenciaeconomica.com.pt" "Mozilla/5.0 (compatible; MSIE 9.0; Windows NT 6.1; WOW64; Trident/5.0)" 215 274
66.249.67.198 - - [16/Nov/2015:23:09:29 -0500] "GET /redmine/issues/gantt?month=9&months=6&year=2957&zoom=1 HTTP/1.1" 200 27588 "-" "Mozilla/5.0 (compatible; Googlebot/2.1; +http://www.google.com/bot.html)" 345 28277
127.0.0.1 - - [16/Nov/2015:23:09:42 -0500] "GET /opensso/namingservice HTTP/1.1" 200 7 "-" "Java/1.5.0_21" 220 183
127.0.0.1 - - [16/Nov/2015:23:09:43 -0500] "GET /opensso/namingservice HTTP/1.1" 200 7 "-" "Java/1.5.0_21" 220 183
137.78.207.218 - - [16/Nov/2015:23:10:08 -0500] "HEAD /LMMPUI/LMMP_CLIENT/LMMP.html HTTP/1.1" 200 - "-" "curl/7.38.0" 110 274
127.0.0.1 - - [16/Nov/2015:23:10:12 -0500] "GET /opensso/namingservice HTTP/1.1" 200 7 "-" "Java/1.5.0_21" 220 183
127.0.0.1 - - [16/Nov/2015:23:10:13 -0500] "GET /opensso/namingservice HTTP/1.1" 200 7 "-" "Java/1.5.0_21" 220 183
127.0.0.1 - - [16/Nov/2015:23:10:42 -0500] "GET /opensso/namingservice HTTP/1.1" 200 7 "-" "Java/1.5.0_21" 220 183
127.0.0.1 - - [16/Nov/2015:23:10:43 -0500] "GET /opensso/namingservice HTTP/1.1" 200 7 "-" "Java/1.5.0_21" 220 183
127.0.0.1 - - [16/Nov/2015:23:11:12 -0500] "GET /opensso/namingservice HTTP/1.1" 200 7 "-" "Java/1.5.0_21" 220 183
127.0.0.1 - - [16/Nov/2015:23:11:13 -0500] "GET /opensso/namingservice HTTP/1.1" 200 7 "-" "Java/1.5.0_21" 220 183
127.0.0.1 - - [16/Nov/2015:23:11:42 -0500] "GET /opensso/namingservice HTTP/1.1" 200 7 "-" "Java/1.5.0_21" 220 183
127.0.0.1 - - [16/Nov/2015:23:11:43 -0500] "GET /opensso/namingservice HTTP/1.1" 200 7 "-" "Java/1.5.0_21" 220 183
69.236.76.217 - - [16/Nov/2015:23:11:51 -0500] "GET /opensso/identity/isTokenValid HTTP/1.1" 200 13 "-" "Moon%20Tours/1.0.0 CFNetwork/711.3.18 Darwin/14.0.0" 339 171
127.0.0.1 - - [16/Nov/2015:23:12:12 -0500] "GET /opensso/namingservice HTTP/1.1" 200 7 "-" "Java/1.5.0_21" 220 183
127.0.0.1 - - [16/Nov/2015:23:12:13 -0500] "GET /opensso/namingservice HTTP/1.1" 200 7 "-" "Java/1.5.0_21" 220 183
127.0.0.1 - - [16/Nov/2015:23:12:42 -0500] "GET /opensso/namingservice HTTP/1.1" 200 7 "-" "Java/1.5.0_21" 220 183
127.0.0.1 - - [16/Nov/2015:23:12:43 -0500] "GET /opensso/namingservice HTTP/1.1" 200 7 "-" "Java/1.5.0_21" 220 183
127.0.0.1 - - [16/Nov/2015:23:13:12 -0500] "GET /opensso/namingservice HTTP/1.1" 200 7 "-" "Java/1.5.0_21" 220 183
127.0.0.1 - - [16/Nov/2015:23:13:13 -0500] "GET /opensso/namingservice HTTP/1.1" 200 7 "-" "Java/1.5.0_21" 220 183
66.249.67.214 - - [16/Nov/2015:23:13:16 -0500] "GET /redmine/issues/gantt?month=3&months=6&year=1646&zoom=1 HTTP/1.1" 200 27562 "-" "Mozilla/5.0 (compatible; Googlebot/2.1; +http://www.google.com/bot.html)" 345 28251
127.0.0.1 - - [16/Nov/2015:23:13:42 -0500] "GET /opensso/namingservice HTTP/1.1" 200 7 "-" "Java/1.5.0_21" 220 183
127.0.0.1 - - [16/Nov/2015:23:13:43 -0500] "GET /opensso/namingservice HTTP/1.1" 200 7 "-" "Java/1.5.0_21" 220 183
127.0.0.1 - - [16/Nov/2015:23:14:12 -0500] "GET /opensso/namingservice HTTP/1.1" 200 7 "-" "Java/1.5.0_21" 220 183
127.0.0.1 - - [16/Nov/2015:23:14:13 -0500] "GET /opensso/namingservice HTTP/1.1" 200 7 "-" "Java/1.5.0_21" 220 183
127.0.0.1 - - [16/Nov/2015:23:14:42 -0500] "GET /opensso/namingservice HTTP/1.1" 200 7 "-" "Java/1.5.0_21" 220 183
127.0.0.1 - - [16/Nov/2015:23:14:43 -0500] "GET /opensso/namingservice HTTP/1.1" 200 7 "-" "Java/1.5.0_21" 220 183
137.78.207.218 - - [16/Nov/2015:23:15:08 -0500] "HEAD /LMMPUI/LMMP_CLIENT/LMMP.html HTTP/1.1" 200 - "-" "curl/7.38.0" 110 274
127.0.0.1 - - [16/Nov/2015:23:15:12 -0500] "GET /opensso/namingservice HTTP/1.1" 200 7 "-" "Java/1.5.0_21" 220 183
127.0.0.1 - - [16/Nov/2015:23:15:13 -0500] "GET /opensso/namingservice HTTP/1.1" 200 7 "-" "Java/1.5.0_21" 220 183
66.249.67.198 - - [16/Nov/2015:23:15:30 -0500] "GET /q2sGCPMlghE7hYC5+cbZq+lb6AqPP+jvMwATgolZ9k= HTTP/1.1" 404 241 "-" "Mozilla/5.0 (compatible; Googlebot/2.1; +http://www.google.com/bot.html)" 334 486
127.0.0.1 - - [16/Nov/2015:23:15:42 -0500] "GET /opensso/namingservice HTTP/1.1" 200 7 "-" "Java/1.5.0_21" 220 183
127.0.0.1 - - [16/Nov/2015:23:15:43 -0500] "GET /opensso/namingservice HTTP/1.1" 200 7 "-" "Java/1.5.0_21" 220 183
127.0.0.1 - - [16/Nov/2015:23:16:12 -0500] "GET /opensso/namingservice HTTP/1.1" 200 7 "-" "Java/1.5.0_21" 220 183
127.0.0.1 - - [16/Nov/2015:23:16:13 -0500] "POST /opensso/sessionservice HTTP/1.1" 200 2025 "-" "Java/1.5.0_21" 714 2203
127.0.0.1 - - [16/Nov/2015:23:16:13 -0500] "GET /opensso/identity//xml/read?name=TomcatApps3&attributes_names=realm&attributes_values_realm=%2Fappspub&attributes_names=objecttype&attributes_values_objecttype=Agent&admin=AQIC5wM2LY4Sfcwfuin4GF3PcpsYz2%2Bb0KEYXSwMUvZPjqA%3D%40AAJTSQACMDE%3D%23 HTTP/1.1" 200 13732 "-" "Java/1.5.0_21" 442 13916
127.0.0.1 - - [16/Nov/2015:23:16:13 -0500] "GET /opensso/namingservice HTTP/1.1" 200 7 "-" "Java/1.5.0_21" 220 182
127.0.0.1 - - [16/Nov/2015:23:16:42 -0500] "GET /opensso/namingservice HTTP/1.1" 200 7 "-" "Java/1.5.0_21" 220 183
127.0.0.1 - - [16/Nov/2015:23:16:43 -0500] "GET /opensso/namingservice HTTP/1.1" 200 7 "-" "Java/1.5.0_21" 220 183
66.249.67.206 - - [16/Nov/2015:23:17:03 -0500] "GET /redmine/issues/gantt?month=1&months=6&year=2338&zoom=1 HTTP/1.1" 200 27567 "-" "Mozilla/5.0 (compatible; Googlebot/2.1; +http://www.google.com/bot.html)" 345 28256
127.0.0.1 - - [16/Nov/2015:23:17:12 -0500] "GET /opensso/namingservice HTTP/1.1" 200 7 "-" "Java/1.5.0_21" 220 183
127.0.0.1 - - [16/Nov/2015:23:17:13 -0500] "GET /opensso/namingservice HTTP/1.1" 200 7 "-" "Java/1.5.0_21" 220 183
127.0.0.1 - - [16/Nov/2015:23:17:42 -0500] "GET /opensso/namingservice HTTP/1.1" 200 7 "-" "Java/1.5.0_21" 220 183
127.0.0.1 - - [16/Nov/2015:23:17:43 -0500] "GET /opensso/namingservice HTTP/1.1" 200 7 "-" "Java/1.5.0_21" 220 183
69.236.76.217 - - [16/Nov/2015:23:17:56 -0500] "GET /arcgis/rest/services/CombinedNomenclature/MapServer/export?bboxSR=104903&dpi=132&size=1024,748&transparent=true&format=png&bbox=47.25126093,-29.76784360,49.50126093,-28.12428892&f=image&imageSR=104903 HTTP/1.1" 200 4025 "arcgisios" "ArcGISiOS-2.3.2/8.3/iPad3,1" 506 4313
69.236.76.217 - - [16/Nov/2015:23:17:57 -0500] "GET /arcgis/rest/services/CombinedNomenclature/MapServer/export?bboxSR=104903&dpi=132&size=1024,748&transparent=true&format=png&bbox=43.87337285,-31.28210803,50.72457990,-26.27751538&f=image&imageSR=104903 HTTP/1.1" 200 9217 "arcgisios" "ArcGISiOS-2.3.2/8.3/iPad3,1" 506 9505
69.236.76.217 - - [16/Nov/2015:23:17:59 -0500] "GET /arcgis/rest/services/CombinedNomenclature/MapServer/export?bboxSR=104903&dpi=132&size=1024,748&transparent=true&format=png&bbox=42.17786200,-31.91901873,51.13803122,-25.37389512&f=image&imageSR=104903 HTTP/1.1" 200 5734 "arcgisios" "ArcGISiOS-2.3.2/8.3/iPad3,1" 506 6023
69.236.76.217 - - [16/Nov/2015:23:18:01 -0500] "GET /arcgis/rest/services/CombinedNomenclature/MapServer/export?bboxSR=104903&dpi=132&size=1024,748&transparent=true&format=png&bbox=37.65378760,-33.73714311,52.22589163,-23.09267650&f=image&imageSR=104903 HTTP/1.1" 200 3850 "arcgisios" "ArcGISiOS-2.3.2/8.3/iPad3,1" 506 4139
69.236.76.217 - - [16/Nov/2015:23:18:03 -0500] "GET /arcgis/rest/services/CombinedNomenclature/MapServer/export?bboxSR=104903&dpi=132&size=1024,748&transparent=true&format=png&bbox=39.78125787,-33.28547998,54.35336190,-22.64101337&f=image&imageSR=104903 HTTP/1.1" 200 4391 "arcgisios" "ArcGISiOS-2.3.2/8.3/iPad3,1" 506 4679
69.236.76.217 - - [16/Nov/2015:23:18:07 -0500] "GET /arcgis/rest/services/CombinedNomenclature/MapServer/export?bboxSR=104903&dpi=132&size=1024,748&transparent=true&format=png&bbox=30.57319784,-37.01839920,56.97969593,-17.72927755&f=image&imageSR=104903 HTTP/1.1" 200 7735 "arcgisios" "ArcGISiOS-2.3.2/8.3/iPad3,1" 506 8022
69.236.76.217 - - [16/Nov/2015:23:18:09 -0500] "GET /arcgis/rest/services/CombinedNomenclature/MapServer/export?bboxSR=104903&dpi=132&size=1024,748&transparent=true&format=png&bbox=21.39370880,-40.57498880,58.62323139,-13.37998597&f=image&imageSR=104903 HTTP/1.1" 200 12026 "arcgisios" "ArcGISiOS-2.3.2/8.3/iPad3,1" 506 12314
127.0.0.1 - - [16/Nov/2015:23:18:12 -0500] "GET /opensso/namingservice HTTP/1.1" 200 7 "-" "Java/1.5.0_21" 220 183
127.0.0.1 - - [16/Nov/2015:23:18:13 -0500] "GET /opensso/namingservice HTTP/1.1" 200 7 "-" "Java/1.5.0_21" 220 183
69.236.76.217 - - [16/Nov/2015:23:18:12 -0500] "GET /arcgis/rest/services/CombinedNomenclature/MapServer/export?bboxSR=104903&dpi=132&size=1024,748&transparent=true&format=png&bbox=29.30787012,-37.72875887,66.53739270,-10.53375605&f=image&imageSR=104903 HTTP/1.1" 200 10464 "arcgisios" "ArcGISiOS-2.3.2/8.3/iPad3,1" 506 10754
69.236.76.217 - - [16/Nov/2015:23:18:13 -0500] "GET /arcgis/rest/services/CombinedNomenclature/MapServer/export?bboxSR=104903&dpi=132&size=1024,748&transparent=true&format=png&bbox=-1.50031672,-49.57803568,75.04011442,6.33235738&f=image&imageSR=104903 HTTP/1.1" 200 8119 "arcgisios" "ArcGISiOS-2.3.2/8.3/iPad3,1" 504 8407
69.236.76.217 - - [16/Nov/2015:23:18:14 -0500] "GET /arcgis/rest/services/CombinedNomenclature/MapServer/export?bboxSR=104903&dpi=132&size=1024,748&transparent=true&format=png&bbox=-25.96597944,-54.65996107,82.61473780,24.65485972&f=image&imageSR=104903 HTTP/1.1" 200 9206 "arcgisios" "ArcGISiOS-2.3.2/8.3/iPad3,1" 506 9496
69.236.76.217 - - [16/Nov/2015:23:18:16 -0500] "GET /arcgis/rest/services/CombinedNomenclature/MapServer/export?bboxSR=104903&dpi=132&size=1024,748&transparent=true&format=png&bbox=-18.47897269,-38.57486589,90.10174455,40.73995490&f=image&imageSR=104903 HTTP/1.1" 200 9995 "arcgisios" "ArcGISiOS-2.3.2/8.3/iPad3,1" 506 10284
69.236.76.217 - - [16/Nov/2015:23:18:19 -0500] "GET /arcgis/rest/services/CombinedNomenclature/MapServer/export?bboxSR=104903&dpi=132&size=1024,748&transparent=true&format=png&bbox=5.03326964,-27.00722807,63.40223267,15.62947540&f=image&imageSR=104903 HTTP/1.1" 200 20732 "arcgisios" "ArcGISiOS-2.3.2/8.3/iPad3,1" 504 21020
69.236.76.217 - - [16/Nov/2015:23:18:20 -0500] "GET /arcgis/rest/services/CombinedNomenclature/MapServer/export?bboxSR=104903&dpi=132&size=1024,748&transparent=true&format=png&bbox=-1.57074086,-33.86132785,54.29328239,6.94559538&f=image&imageSR=104903 HTTP/1.1" 200 18056 "arcgisios" "ArcGISiOS-2.3.2/8.3/iPad3,1" 504 18346
69.236.76.217 - - [16/Nov/2015:23:18:21 -0500] "GET /arcgis/rest/services/CombinedNomenclature/MapServer/export?bboxSR=104903&dpi=132&size=1024,748&transparent=true&format=png&bbox=14.95039824,-25.78372416,43.05782356,-5.25212832&f=image&imageSR=104903 HTTP/1.1" 200 13063 "arcgisios" "ArcGISiOS-2.3.2/8.3/iPad3,1" 505 13353
69.236.76.217 - - [16/Nov/2015:23:18:22 -0500] "GET /arcgis/rest/services/CombinedNomenclature/MapServer/export?bboxSR=104903&dpi=132&size=1024,748&transparent=true&format=png&bbox=18.59011827,-24.60465992,40.69823041,-8.45537489&f=image&imageSR=104903 HTTP/1.1" 200 7168 "arcgisios" "ArcGISiOS-2.3.2/8.3/iPad3,1" 505 7457
69.236.76.217 - - [16/Nov/2015:23:18:27 -0500] "GET /arcgis/rest/services/CombinedNomenclature/MapServer/export?bboxSR=104903&dpi=132&size=1024,748&transparent=true&format=png&bbox=15.42569465,-19.89759697,37.53380678,-3.74831194&f=image&imageSR=104903 HTTP/1.1" 200 10018 "arcgisios" "ArcGISiOS-2.3.2/8.3/iPad3,1" 505 10308
69.236.76.217 - - [16/Nov/2015:23:18:28 -0500] "GET /arcgis/rest/services/CombinedNomenclature/MapServer/export?bboxSR=104903&dpi=132&size=1024,748&transparent=true&format=png&bbox=12.45364410,-18.80015601,34.56175623,-2.65087097&f=image&imageSR=104903 HTTP/1.1" 200 8336 "arcgisios" "ArcGISiOS-2.3.2/8.3/iPad3,1" 505 8626
61.158.152.148 - - [16/Nov/2015:23:18:30 -0500] "GET /lmmpmobile/config-1.0.json HTTP/1.1" 200 1338 "-" "Moon%20Tours/1.0.0 CFNetwork/711.1.16 Darwin/14.0.0" 218 1666
61.158.152.148 - - [16/Nov/2015:23:18:30 -0500] "GET /opensso/identity/isTokenValid HTTP/1.1" 200 14 "-" "Moon%20Tours/1.0.0 CFNetwork/711.1.16 Darwin/14.0.0" 230 172
61.158.152.148 - - [16/Nov/2015:23:18:30 -0500] "GET /opensso/UI/Login?module=Anonymous&org=appspub&goto=http%3A%2F%2Fpub.lmmp.nasa.gov%2Flmmpmobile%2Frefresh HTTP/1.1" 302 - "-" "Moon%20Tours/1.0.0 CFNetwork/711.1.16 Darwin/14.0.0" 305 932
61.158.152.148 - - [16/Nov/2015:23:18:31 -0500] "GET /lmmpmobile/refresh?iPlanetDirectoryPro=AQIC5wM2LY4Sfcw9x7%2BXBaycqPoOVG4HuSBmVUiX5Fz7NQ4%3D%40AAJTSQACMDE%3D%23 HTTP/1.1" 200 - "-" "Moon%20Tours/1.0.0 CFNetwork/711.1.16 Darwin/14.0.0" 421 316
127.0.0.1 - - [16/Nov/2015:23:18:42 -0500] "GET /opensso/namingservice HTTP/1.1" 200 7 "-" "Java/1.5.0_21" 220 183
127.0.0.1 - - [16/Nov/2015:23:18:43 -0500] "GET /opensso/namingservice HTTP/1.1" 200 7 "-" "Java/1.5.0_21" 220 183
127.0.0.1 - - [16/Nov/2015:23:19:12 -0500] "GET /opensso/namingservice HTTP/1.1" 200 7 "-" "Java/1.5.0_21" 220 183
127.0.0.1 - - [16/Nov/2015:23:19:13 -0500] "GET /opensso/namingservice HTTP/1.1" 200 7 "-" "Java/1.5.0_21" 220 183
69.236.76.217 - - [16/Nov/2015:23:19:19 -0500] "GET /arcgis/rest/services/CombinedNomenclature/MapServer/export?bboxSR=104903&dpi=132&size=1024,748&transparent=true&format=png&bbox=14.07013429,-24.67366442,36.17824642,-8.52437939&f=image&imageSR=104903 HTTP/1.1" 200 9173 "arcgisios" "ArcGISiOS-2.3.2/8.3/iPad3,1" 505 9461
69.236.76.217 - - [16/Nov/2015:23:19:21 -0500] "GET /arcgis/rest/services/CombinedNomenclature/MapServer/export?bboxSR=104903&dpi=132&size=1024,748&transparent=true&format=png&bbox=18.95255081,-22.78773544,41.06066294,-6.63845040&f=image&imageSR=104903 HTTP/1.1" 200 8847 "arcgisios" "ArcGISiOS-2.3.2/8.3/iPad3,1" 505 9136
69.236.76.217 - - [16/Nov/2015:23:19:22 -0500] "GET /arcgis/rest/services/CombinedNomenclature/MapServer/export?bboxSR=104903&dpi=132&size=1024,748&transparent=true&format=png&bbox=19.82487344,-22.61708067,41.93298557,-6.46779563&f=image&imageSR=104903 HTTP/1.1" 200 9323 "arcgisios" "ArcGISiOS-2.3.2/8.3/iPad3,1" 505 9611
127.0.0.1 - - [16/Nov/2015:23:19:42 -0500] "GET /opensso/namingservice HTTP/1.1" 200 7 "-" "Java/1.5.0_21" 220 183
127.0.0.1 - - [16/Nov/2015:23:19:43 -0500] "GET /opensso/namingservice HTTP/1.1" 200 7 "-" "Java/1.5.0_21" 220 183
137.78.207.218 - - [16/Nov/2015:23:20:08 -0500] "HEAD /LMMPUI/LMMP_CLIENT/LMMP.html HTTP/1.1" 200 - "-" "curl/7.38.0" 110 274
127.0.0.1 - - [16/Nov/2015:23:20:12 -0500] "GET /opensso/namingservice HTTP/1.1" 200 7 "-" "Java/1.5.0_21" 220 183
127.0.0.1 - - [16/Nov/2015:23:20:13 -0500] "GET /opensso/namingservice HTTP/1.1" 200 7 "-" "Java/1.5.0_21" 220 183
127.0.0.1 - - [16/Nov/2015:23:20:42 -0500] "GET /opensso/namingservice HTTP/1.1" 200 7 "-" "Java/1.5.0_21" 220 183
127.0.0.1 - - [16/Nov/2015:23:20:43 -0500] "GET /opensso/namingservice HTTP/1.1" 200 7 "-" "Java/1.5.0_21" 220 183
66.249.67.206 - - [16/Nov/2015:23:20:50 -0500] "GET /redmine/issues/gantt?month=8&months=6&year=2906&zoom=2 HTTP/1.1" 200 31014 "-" "Mozilla/5.0 (compatible; Googlebot/2.1; +http://www.google.com/bot.html)" 345 31703
127.0.0.1 - - [16/Nov/2015:23:21:12 -0500] "GET /opensso/namingservice HTTP/1.1" 200 7 "-" "Java/1.5.0_21" 220 183
127.0.0.1 - - [16/Nov/2015:23:21:13 -0500] "GET /opensso/namingservice HTTP/1.1" 200 7 "-" "Java/1.5.0_21" 220 183
127.0.0.1 - - [16/Nov/2015:23:21:42 -0500] "GET /opensso/namingservice HTTP/1.1" 200 7 "-" "Java/1.5.0_21" 220 183
127.0.0.1 - - [16/Nov/2015:23:21:43 -0500] "GET /opensso/namingservice HTTP/1.1" 200 7 "-" "Java/1.5.0_21" 220 183
127.0.0.1 - - [16/Nov/2015:23:22:12 -0500] "GET /opensso/namingservice HTTP/1.1" 200 7 "-" "Java/1.5.0_21" 220 183
127.0.0.1 - - [16/Nov/2015:23:22:13 -0500] "GET /opensso/namingservice HTTP/1.1" 200 7 "-" "Java/1.5.0_21" 220 183
127.0.0.1 - - [16/Nov/2015:23:22:42 -0500] "GET /opensso/namingservice HTTP/1.1" 200 7 "-" "Java/1.5.0_21" 220 183
127.0.0.1 - - [16/Nov/2015:23:22:43 -0500] "GET /opensso/namingservice HTTP/1.1" 200 7 "-" "Java/1.5.0_21" 220 183
127.0.0.1 - - [16/Nov/2015:23:23:12 -0500] "GET /opensso/namingservice HTTP/1.1" 200 7 "-" "Java/1.5.0_21" 220 183
127.0.0.1 - - [16/Nov/2015:23:23:13 -0500] "GET /opensso/namingservice HTTP/1.1" 200 7 "-" "Java/1.5.0_21" 220 183
127.0.0.1 - - [16/Nov/2015:23:23:42 -0500] "GET /opensso/namingservice HTTP/1.1" 200 7 "-" "Java/1.5.0_21" 220 183
127.0.0.1 - - [16/Nov/2015:23:23:43 -0500] "GET /opensso/namingservice HTTP/1.1" 200 7 "-" "Java/1.5.0_21" 220 183
127.0.0.1 - - [16/Nov/2015:23:24:12 -0500] "GET /opensso/namingservice HTTP/1.1" 200 7 "-" "Java/1.5.0_21" 220 183
127.0.0.1 - - [16/Nov/2015:23:24:13 -0500] "GET /opensso/namingservice HTTP/1.1" 200 7 "-" "Java/1.5.0_21" 220 183
66.249.67.198 - - [16/Nov/2015:23:24:37 -0500] "GET /redmine/issues/gantt?month=1&months=6&year=2249&zoom=1 HTTP/1.1" 200 27567 "-" "Mozilla/5.0 (compatible; Googlebot/2.1; +http://www.google.com/bot.html)" 345 28256
127.0.0.1 - - [16/Nov/2015:23:24:42 -0500] "POST /opensso/sessionservice HTTP/1.1" 200 2025 "-" "Java/1.5.0_21" 714 2203
127.0.0.1 - - [16/Nov/2015:23:24:42 -0500] "GET /opensso/identity//xml/read?name=TomcatApps1&attributes_names=realm&attributes_values_realm=%2Fappspub&attributes_names=objecttype&attributes_values_objecttype=Agent&admin=AQIC5wM2LY4SfcyRautyD4RKpwbzv6XrE24fIq8LDPQGnm0%3D%40AAJTSQACMDE%3D%23 HTTP/1.1" 200 13607 "-" "Java/1.5.0_21" 440 13791
127.0.0.1 - - [16/Nov/2015:23:24:42 -0500] "GET /opensso/namingservice HTTP/1.1" 200 7 "-" "Java/1.5.0_21" 220 182
127.0.0.1 - - [16/Nov/2015:23:24:43 -0500] "GET /opensso/namingservice HTTP/1.1" 200 7 "-" "Java/1.5.0_21" 220 183
137.78.207.218 - - [16/Nov/2015:23:25:08 -0500] "HEAD /LMMPUI/LMMP_CLIENT/LMMP.html HTTP/1.1" 200 - "-" "curl/7.38.0" 110 274
69.236.76.217 - - [16/Nov/2015:23:25:10 -0500] "GET /opensso/identity/isTokenValid HTTP/1.1" 200 13 "-" "Moon%20Tours/1.0.0 CFNetwork/711.3.18 Darwin/14.0.0" 339 171
127.0.0.1 - - [16/Nov/2015:23:25:12 -0500] "GET /opensso/namingservice HTTP/1.1" 200 7 "-" "Java/1.5.0_21" 220 183
127.0.0.1 - - [16/Nov/2015:23:25:13 -0500] "GET /opensso/namingservice HTTP/1.1" 200 7 "-" "Java/1.5.0_21" 220 183
127.0.0.1 - - [16/Nov/2015:23:25:42 -0500] "GET /opensso/namingservice HTTP/1.1" 200 7 "-" "Java/1.5.0_21" 220 183
127.0.0.1 - - [16/Nov/2015:23:25:43 -0500] "GET /opensso/namingservice HTTP/1.1" 200 7 "-" "Java/1.5.0_21" 220 183
127.0.0.1 - - [16/Nov/2015:23:26:12 -0500] "GET /opensso/namingservice HTTP/1.1" 200 7 "-" "Java/1.5.0_21" 220 183
127.0.0.1 - - [16/Nov/2015:23:26:13 -0500] "GET /opensso/namingservice HTTP/1.1" 200 7 "-" "Java/1.5.0_21" 220 183
127.0.0.1 - - [16/Nov/2015:23:26:42 -0500] "GET /opensso/namingservice HTTP/1.1" 200 7 "-" "Java/1.5.0_21" 220 183
127.0.0.1 - - [16/Nov/2015:23:26:43 -0500] "GET /opensso/namingservice HTTP/1.1" 200 7 "-" "Java/1.5.0_21" 220 183
127.0.0.1 - - [16/Nov/2015:23:27:12 -0500] "GET /opensso/namingservice HTTP/1.1" 200 7 "-" "Java/1.5.0_21" 220 183
127.0.0.1 - - [16/Nov/2015:23:27:13 -0500] "GET /opensso/namingservice HTTP/1.1" 200 7 "-" "Java/1.5.0_21" 220 183
127.0.0.1 - - [16/Nov/2015:23:27:42 -0500] "GET /opensso/namingservice HTTP/1.1" 200 7 "-" "Java/1.5.0_21" 220 183
127.0.0.1 - - [16/Nov/2015:23:27:43 -0500] "GET /opensso/namingservice HTTP/1.1" 200 7 "-" "Java/1.5.0_21" 220 183
69.236.76.217 - - [16/Nov/2015:23:27:45 -0500] "GET /arcgis/rest/services/CombinedNomenclature/MapServer/export?bboxSR=104903&dpi=132&size=1024,748&transparent=true&format=png&bbox=11.42821000,-25.84811446,45.31062321,-1.09807043&f=image&imageSR=104903 HTTP/1.1" 200 13494 "arcgisios" "ArcGISiOS-2.3.2/8.3/iPad3,1" 505 8744
69.236.76.217 - - [16/Nov/2015:23:27:47 -0500] "GET /arcgis/rest/services/CombinedNomenclature/MapServer/export?bboxSR=104903&dpi=132&size=1024,748&transparent=true&format=png&bbox=27.51395566,-24.49663704,61.39636888,0.25340699&f=image&imageSR=104903 HTTP/1.1" 200 13278 "arcgisios" "ArcGISiOS-2.3.2/8.3/iPad3,1" 504 13568
69.236.76.217 - - [16/Nov/2015:23:27:53 -0500] "GET /arcgis/rest/services/CombinedNomenclature/MapServer/export?bboxSR=104903&dpi=132&size=1024,748&transparent=true&format=png&bbox=30.64631397,-26.78000716,64.52872718,-2.02996313&f=image&imageSR=104903 HTTP/1.1" 200 12910 "arcgisios" "ArcGISiOS-2.3.2/8.3/iPad3,1" 505 13198
69.236.76.217 - - [16/Nov/2015:23:27:54 -0500] "GET /arcgis/rest/services/CombinedNomenclature/MapServer/export?bboxSR=104903&dpi=132&size=1024,748&transparent=true&format=png&bbox=32.58963431,-28.79839310,66.47204753,-4.04834907&f=image&imageSR=104903 HTTP/1.1" 200 12671 "arcgisios" "ArcGISiOS-2.3.2/8.3/iPad3,1" 505 8744
69.236.76.217 - - [16/Nov/2015:23:27:54 -0500] "GET /arcgis/rest/services/CombinedNomenclature/MapServer/export?bboxSR=104903&dpi=132&size=1024,748&transparent=true&format=png&bbox=35.00507979,-31.56126566,68.88749300,-6.81122163&f=image&imageSR=104903 HTTP/1.1" 200 12518 "arcgisios" "ArcGISiOS-2.3.2/8.3/iPad3,1" 505 12807
69.236.76.217 - - [16/Nov/2015:23:28:07 -0500] "GET /arcgis/rest/services/CombinedNomenclature/MapServer/export?bboxSR=104903&dpi=132&size=1024,748&transparent=true&format=png&bbox=51.88867006,-27.49305369,62.05503416,-20.06684242&f=image&imageSR=104903 HTTP/1.1" 200 5185 "arcgisios" "ArcGISiOS-2.3.2/8.3/iPad3,1" 506 5474
127.0.0.1 - - [16/Nov/2015:23:28:12 -0500] "GET /opensso/namingservice HTTP/1.1" 200 7 "-" "Java/1.5.0_21" 220 183
127.0.0.1 - - [16/Nov/2015:23:28:13 -0500] "GET /opensso/namingservice HTTP/1.1" 200 7 "-" "Java/1.5.0_21" 220 183
69.236.76.217 - - [16/Nov/2015:23:28:14 -0500] "GET /arcgis/rest/services/CombinedNomenclature/MapServer/export?bboxSR=104903&dpi=132&size=1024,748&transparent=true&format=png&bbox=48.19684579,-25.67059906,58.36320989,-18.24438779&f=image&imageSR=104903 HTTP/1.1" 200 4170 "arcgisios" "ArcGISiOS-2.3.2/8.3/iPad3,1" 506 4460
69.236.76.217 - - [16/Nov/2015:23:28:16 -0500] "GET /arcgis/rest/services/CombinedNomenclature/MapServer/export?bboxSR=104903&dpi=132&size=1024,748&transparent=true&format=png&bbox=47.35816242,-24.65839612,57.52452652,-17.23218485&f=image&imageSR=104903 HTTP/1.1" 200 4913 "arcgisios" "ArcGISiOS-2.3.2/8.3/iPad3,1" 506 5201
66.249.67.198 - - [16/Nov/2015:23:28:24 -0500] "GET /redmine/issues/gantt?month=4&months=6&year=2479&zoom=2 HTTP/1.1" 200 30894 "-" "Mozilla/5.0 (compatible; Googlebot/2.1; +http://www.google.com/bot.html)" 345 31584
127.0.0.1 - - [16/Nov/2015:23:28:42 -0500] "GET /opensso/namingservice HTTP/1.1" 200 7 "-" "Java/1.5.0_21" 220 183
127.0.0.1 - - [16/Nov/2015:23:28:43 -0500] "GET /opensso/namingservice HTTP/1.1" 200 7 "-" "Java/1.5.0_21" 220 183
127.0.0.1 - - [16/Nov/2015:23:29:12 -0500] "GET /opensso/namingservice HTTP/1.1" 200 7 "-" "Java/1.5.0_21" 220 183
127.0.0.1 - - [16/Nov/2015:23:29:13 -0500] "GET /opensso/namingservice HTTP/1.1" 200 7 "-" "Java/1.5.0_21" 220 183
69.236.76.217 - - [16/Nov/2015:23:29:38 -0500] "GET /arcgis/rest/services/CombinedNomenclature/MapServer/export?bboxSR=104903&dpi=132&size=1024,748&transparent=true&format=png&bbox=46.83422378,-23.69510481,57.00058788,-16.26889354&f=image&imageSR=104903 HTTP/1.1" 200 4206 "arcgisios" "ArcGISiOS-2.3.2/8.3/iPad3,1" 506 4494
127.0.0.1 - - [16/Nov/2015:23:29:42 -0500] "GET /opensso/namingservice HTTP/1.1" 200 7 "-" "Java/1.5.0_21" 220 183
69.236.76.217 - - [16/Nov/2015:23:29:41 -0500] "GET /arcgis/rest/services/CombinedNomenclature/MapServer/export?bboxSR=104903&dpi=132&size=1024,748&transparent=true&format=png&bbox=45.54391656,-23.07029533,55.71028066,-15.64408405&f=image&imageSR=104903 HTTP/1.1" 200 3636 "arcgisios" "ArcGISiOS-2.3.2/8.3/iPad3,1" 506 3924
127.0.0.1 - - [16/Nov/2015:23:29:43 -0500] "GET /opensso/namingservice HTTP/1.1" 200 7 "-" "Java/1.5.0_21" 220 183
69.236.76.217 - - [16/Nov/2015:23:29:42 -0500] "GET /arcgis/rest/services/CombinedNomenclature/MapServer/export?bboxSR=104903&dpi=132&size=1024,748&transparent=true&format=png&bbox=44.58909193,-22.49796716,54.75545602,-15.07175589&f=image&imageSR=104903 HTTP/1.1" 200 4067 "arcgisios" "ArcGISiOS-2.3.2/8.3/iPad3,1" 506 4356
69.236.76.217 - - [16/Nov/2015:23:29:43 -0500] "GET /arcgis/rest/services/CombinedNomenclature/MapServer/export?bboxSR=104903&dpi=132&size=1024,748&transparent=true&format=png&bbox=44.31912746,-22.61015420,54.48549156,-15.18394292&f=image&imageSR=104903 HTTP/1.1" 200 4080 "arcgisios" "ArcGISiOS-2.3.2/8.3/iPad3,1" 506 4369
137.78.207.218 - - [16/Nov/2015:23:30:08 -0500] "HEAD /LMMPUI/LMMP_CLIENT/LMMP.html HTTP/1.1" 200 - "-" "curl/7.38.0" 110 274
127.0.0.1 - - [16/Nov/2015:23:30:12 -0500] "GET /opensso/namingservice HTTP/1.1" 200 7 "-" "Java/1.5.0_21" 220 183
127.0.0.1 - - [16/Nov/2015:23:30:13 -0500] "GET /opensso/namingservice HTTP/1.1" 200 7 "-" "Java/1.5.0_21" 220 183
127.0.0.1 - - [16/Nov/2015:23:30:42 -0500] "GET /opensso/namingservice HTTP/1.1" 200 7 "-" "Java/1.5.0_21" 220 183
127.0.0.1 - - [16/Nov/2015:23:30:43 -0500] "GET /opensso/namingservice HTTP/1.1" 200 7 "-" "Java/1.5.0_21" 220 183
127.0.0.1 - - [16/Nov/2015:23:31:12 -0500] "GET /opensso/namingservice HTTP/1.1" 200 7 "-" "Java/1.5.0_21" 220 183
127.0.0.1 - - [16/Nov/2015:23:31:13 -0500] "GET /opensso/namingservice HTTP/1.1" 200 7 "-" "Java/1.5.0_21" 220 183
127.0.0.1 - - [16/Nov/2015:23:31:42 -0500] "GET /opensso/namingservice HTTP/1.1" 200 7 "-" "Java/1.5.0_21" 220 183
127.0.0.1 - - [16/Nov/2015:23:31:43 -0500] "GET /opensso/namingservice HTTP/1.1" 200 7 "-" "Java/1.5.0_21" 220 183
66.249.66.97 - - [16/Nov/2015:23:32:11 -0500] "GET /redmine/issues/gantt?month=7&months=6&year=1700&zoom=1 HTTP/1.1" 200 27583 "-" "Mozilla/5.0 (compatible; Googlebot/2.1; +http://www.google.com/bot.html)" 659 32436
127.0.0.1 - - [16/Nov/2015:23:32:12 -0500] "GET /opensso/namingservice HTTP/1.1" 200 7 "-" "Java/1.5.0_21" 220 183
127.0.0.1 - - [16/Nov/2015:23:32:13 -0500] "GET /opensso/namingservice HTTP/1.1" 200 7 "-" "Java/1.5.0_21" 220 183
127.0.0.1 - - [16/Nov/2015:23:32:42 -0500] "GET /opensso/namingservice HTTP/1.1" 200 7 "-" "Java/1.5.0_21" 220 183
127.0.0.1 - - [16/Nov/2015:23:32:43 -0500] "GET /opensso/namingservice HTTP/1.1" 200 7 "-" "Java/1.5.0_21" 220 183
127.0.0.1 - - [16/Nov/2015:23:33:12 -0500] "GET /opensso/namingservice HTTP/1.1" 200 7 "-" "Java/1.5.0_21" 220 183
127.0.0.1 - - [16/Nov/2015:23:33:13 -0500] "GET /opensso/namingservice HTTP/1.1" 200 7 "-" "Java/1.5.0_21" 220 183
127.0.0.1 - - [16/Nov/2015:23:33:42 -0500] "GET /opensso/namingservice HTTP/1.1" 200 7 "-" "Java/1.5.0_21" 220 183
127.0.0.1 - - [16/Nov/2015:23:33:43 -0500] "GET /opensso/namingservice HTTP/1.1" 200 7 "-" "Java/1.5.0_21" 220 183
