127.0.0.1 - - [26/Nov/2014:21:45:18 -0500] "GET /opensso/namingservice HTTP/1.1" 200 7 "-" "Java/1.5.0_21" 220 183
127.0.0.1 - - [26/Nov/2014:21:45:40 -0500] "GET /opensso/namingservice HTTP/1.1" 200 7 "-" "Java/1.5.0_21" 220 183
127.0.0.1 - - [26/Nov/2014:21:45:48 -0500] "GET /opensso/namingservice HTTP/1.1" 200 7 "-" "Java/1.5.0_21" 220 183
127.0.0.1 - - [26/Nov/2014:21:46:10 -0500] "GET /opensso/namingservice HTTP/1.1" 200 7 "-" "Java/1.5.0_21" 220 183
127.0.0.1 - - [26/Nov/2014:21:46:18 -0500] "GET /opensso/namingservice HTTP/1.1" 200 7 "-" "Java/1.5.0_21" 220 183
162.233.169.96 - - [26/Nov/2014:21:46:27 -0500] "GET /opensso/identity/isTokenValid?iPlanetDirectoryPro=AQIC5wM2LY4SfczxAwYv6SL6I4A14sX0%2F5rLd9AYkDWYT6A%3D%40AAJTSQACMDE%3D%23 HTTP/1.1" 200 13 "http://pub.lmmp.nasa.gov/LMMPUI/LMMP_CLIENT/LMMP_WB.swf" "Mozilla/5.0 (Macintosh; Intel Mac OS X 10.10; rv:33.0) Gecko/20100101 Firefox/33.0" 755 171
162.233.169.96 - - [26/Nov/2014:21:46:27 -0500] "GET /opensso/identity/isTokenValid?iPlanetDirectoryPro=AQIC5wM2LY4SfczxAwYv6SL6I4A14sX0%2F5rLd9AYkDWYT6A%3D%40AAJTSQACMDE%3D%23 HTTP/1.1" 200 13 "http://pub.lmmp.nasa.gov/LMMPUI/LMMP_CLIENT/LMMP_WB.swf" "Mozilla/5.0 (Macintosh; Intel Mac OS X 10.10; rv:33.0) Gecko/20100101 Firefox/33.0" 755 170
127.0.0.1 - - [26/Nov/2014:21:46:27 -0500] "POST /opensso/sessionservice HTTP/1.1" 200 2013 "-" "Java/1.5.0_21" 816 2191
127.0.0.1 - - [26/Nov/2014:21:46:27 -0500] "POST /opensso/policyservice HTTP/1.1" 200 7690 "-" "Java/1.5.0_21" 1118 7868
127.0.0.1 - - [26/Nov/2014:21:46:27 -0500] "POST /opensso/jaxrpc/SMSObjectIF HTTP/1.1" 200 505 "-" "Java/1.5.0_21" 847 766
127.0.0.1 - - [26/Nov/2014:21:46:27 -0500] "POST /opensso/jaxrpc/SMSObjectIF HTTP/1.1" 200 505 "-" "Java/1.5.0_21" 847 767
127.0.0.1 - - [26/Nov/2014:21:46:27 -0500] "POST /opensso/jaxrpc/DirectoryManagerIF HTTP/1.1" 200 1290 "-" "Java/1.5.0_21" 1366 1551
127.0.0.1 - - [26/Nov/2014:21:46:27 -0500] "POST /opensso/jaxrpc/DirectoryManagerIF HTTP/1.1" 200 707 "-" "Java/1.5.0_21" 1219 968
162.233.169.96 - - [26/Nov/2014:21:46:27 -0500] "GET /lmmp-services/solr/proxy?start=0&rows=100&wt=json&version=2%2E2&iPlanetDirectoryPro=AQIC5wM2LY4SfczxAwYv6SL6I4A14sX0%2F5rLd9AYkDWYT6A%3D%40AAJTSQACMDE%3D%23&indent=off&fl=%2A&sort=score%20desc%2C%20s%5Ftitle%20asc&q=%28Aristarchus%29%20AND%20%28%20nPolarNorthbc%3A%5B%2A%20TO%20963000%5D%20AND%20%20%20nPolarSouthbc%3A%5B%2D963000%20TO%20%2A%5D%20AND%20%20%20nPolarEastbc%3A%5B%2A%20TO%20963000%5D%20AND%20%20%20nPolarWestbc%3A%5B%2D963000%20TO%20%2A%5D%29 HTTP/1.1" 200 642 "http://pub.lmmp.nasa.gov/LMMPUI/LMMP_CLIENT/LMMP_WB.swf" "Mozilla/5.0 (Macintosh; Intel Mac OS X 10.10; rv:33.0) Gecko/20100101 Firefox/33.0" 1142 898
162.233.169.96 - - [26/Nov/2014:21:46:27 -0500] "GET /LMMP/rest/dbxml/aux/find?xPath=/auxmd[%20(contains(upper-case(//title),%20upper-case(%22Aristarchus%22))%20or%20%20upper-case(//originator)%20=%20upper-case(%22Aristarchus%22)%20)%20and(%20(%20//nPolarNorthbc%20%3C=%20963000%20and%20//nPolarSouthbc%20%3E=%20-963000%20and%20//nPolarWestbc%20%3E=%20-963000%20and%20//nPolarEastbc%20%3C=%20963000%20)%20or%20(%20%20//nPolarY%20%3C=%20963000%20and%20//nPolarY%20%3E=%20-963000%20and%20//nPolarX%20%3E=%20-963000%20and%20//nPolarX%20%3C=%20963000%20)%20)%20]&iPlanetDirectoryPro=AQIC5wM2LY4SfczxAwYv6SL6I4A14sX0%2F5rLd9AYkDWYT6A%3D%40AAJTSQACMDE%3D%23 HTTP/1.1" 200 - "http://pub.lmmp.nasa.gov/LMMPUI/LMMP_CLIENT/LMMP_WB.swf" "Mozilla/5.0 (Macintosh; Intel Mac OS X 10.10; rv:33.0) Gecko/20100101 Firefox/33.0" 1283 155
162.233.169.96 - - [26/Nov/2014:21:46:35 -0500] "GET /opensso/identity/isTokenValid?iPlanetDirectoryPro=AQIC5wM2LY4SfczxAwYv6SL6I4A14sX0%2F5rLd9AYkDWYT6A%3D%40AAJTSQACMDE%3D%23 HTTP/1.1" 200 13 "http://pub.lmmp.nasa.gov/LMMPUI/LMMP_CLIENT/LMMP_WB.swf" "Mozilla/5.0 (Macintosh; Intel Mac OS X 10.10; rv:33.0) Gecko/20100101 Firefox/33.0" 755 171
162.233.169.96 - - [26/Nov/2014:21:46:35 -0500] "GET /opensso/identity/isTokenValid?iPlanetDirectoryPro=AQIC5wM2LY4SfczxAwYv6SL6I4A14sX0%2F5rLd9AYkDWYT6A%3D%40AAJTSQACMDE%3D%23 HTTP/1.1" 200 13 "http://pub.lmmp.nasa.gov/LMMPUI/LMMP_CLIENT/LMMP_WB.swf" "Mozilla/5.0 (Macintosh; Intel Mac OS X 10.10; rv:33.0) Gecko/20100101 Firefox/33.0" 755 170
127.0.0.1 - - [26/Nov/2014:21:46:35 -0500] "POST /opensso/jaxrpc/SMSObjectIF HTTP/1.1" 200 505 "-" "Java/1.5.0_21" 847 767
127.0.0.1 - - [26/Nov/2014:21:46:35 -0500] "POST /opensso/jaxrpc/DirectoryManagerIF HTTP/1.1" 200 1290 "-" "Java/1.5.0_21" 1366 1551
162.233.169.96 - - [26/Nov/2014:21:46:35 -0500] "GET /LMMP/rest/dbxml/aux/find?xPath=/auxmd[%20(contains(upper-case(//title),%20upper-case(%22Aristarchus%22))%20or%20%20upper-case(//originator)%20=%20upper-case(%22Aristarchus%22)%20)%20and(%20(%20//nPolarNorthbc%20%3C=%20963000%20and%20//nPolarSouthbc%20%3E=%20-963000%20and%20//nPolarWestbc%20%3E=%20-963000%20and%20//nPolarEastbc%20%3C=%20963000%20)%20or%20(%20%20//nPolarY%20%3C=%20963000%20and%20//nPolarY%20%3E=%20-963000%20and%20//nPolarX%20%3E=%20-963000%20and%20//nPolarX%20%3C=%20963000%20)%20)%20]&iPlanetDirectoryPro=AQIC5wM2LY4SfczxAwYv6SL6I4A14sX0%2F5rLd9AYkDWYT6A%3D%40AAJTSQACMDE%3D%23 HTTP/1.1" 200 - "http://pub.lmmp.nasa.gov/LMMPUI/LMMP_CLIENT/LMMP_WB.swf" "Mozilla/5.0 (Macintosh; Intel Mac OS X 10.10; rv:33.0) Gecko/20100101 Firefox/33.0" 1283 155
127.0.0.1 - - [26/Nov/2014:21:46:35 -0500] "POST /opensso/jaxrpc/SMSObjectIF HTTP/1.1" 200 505 "-" "Java/1.5.0_21" 847 766
127.0.0.1 - - [26/Nov/2014:21:46:35 -0500] "POST /opensso/jaxrpc/DirectoryManagerIF HTTP/1.1" 200 707 "-" "Java/1.5.0_21" 1219 968
162.233.169.96 - - [26/Nov/2014:21:46:35 -0500] "GET /lmmp-services/solr/proxy?start=0&rows=100&wt=json&version=2%2E2&iPlanetDirectoryPro=AQIC5wM2LY4SfczxAwYv6SL6I4A14sX0%2F5rLd9AYkDWYT6A%3D%40AAJTSQACMDE%3D%23&indent=off&fl=%2A&sort=score%20desc%2C%20s%5Ftitle%20asc&q=%28Aristarchus%29%20AND%20%28%20nPolarNorthbc%3A%5B%2A%20TO%20963000%5D%20AND%20%20%20nPolarSouthbc%3A%5B%2D963000%20TO%20%2A%5D%20AND%20%20%20nPolarEastbc%3A%5B%2A%20TO%20963000%5D%20AND%20%20%20nPolarWestbc%3A%5B%2D963000%20TO%20%2A%5D%29 HTTP/1.1" 304 - "http://pub.lmmp.nasa.gov/LMMPUI/LMMP_CLIENT/LMMP_WB.swf" "Mozilla/5.0 (Macintosh; Intel Mac OS X 10.10; rv:33.0) Gecko/20100101 Firefox/33.0" 1239 159
127.0.0.1 - - [26/Nov/2014:21:46:40 -0500] "GET /opensso/namingservice HTTP/1.1" 200 7 "-" "Java/1.5.0_21" 220 182
162.233.169.96 - - [26/Nov/2014:21:46:43 -0500] "GET /opensso/identity/isTokenValid?iPlanetDirectoryPro=AQIC5wM2LY4SfczxAwYv6SL6I4A14sX0%2F5rLd9AYkDWYT6A%3D%40AAJTSQACMDE%3D%23 HTTP/1.1" 200 13 "http://pub.lmmp.nasa.gov/LMMPUI/LMMP_CLIENT/LMMP_WB.swf" "Mozilla/5.0 (Macintosh; Intel Mac OS X 10.10; rv:33.0) Gecko/20100101 Firefox/33.0" 755 171
162.233.169.96 - - [26/Nov/2014:21:46:43 -0500] "GET /opensso/identity/isTokenValid?iPlanetDirectoryPro=AQIC5wM2LY4SfczxAwYv6SL6I4A14sX0%2F5rLd9AYkDWYT6A%3D%40AAJTSQACMDE%3D%23 HTTP/1.1" 200 13 "http://pub.lmmp.nasa.gov/LMMPUI/LMMP_CLIENT/LMMP_WB.swf" "Mozilla/5.0 (Macintosh; Intel Mac OS X 10.10; rv:33.0) Gecko/20100101 Firefox/33.0" 755 170
127.0.0.1 - - [26/Nov/2014:21:46:43 -0500] "POST /opensso/jaxrpc/SMSObjectIF HTTP/1.1" 200 505 "-" "Java/1.5.0_21" 847 767
127.0.0.1 - - [26/Nov/2014:21:46:43 -0500] "POST /opensso/jaxrpc/DirectoryManagerIF HTTP/1.1" 200 1290 "-" "Java/1.5.0_21" 1366 1551
162.233.169.96 - - [26/Nov/2014:21:46:43 -0500] "GET /opensso/identity/isTokenValid?iPlanetDirectoryPro=AQIC5wM2LY4SfczxAwYv6SL6I4A14sX0%2F5rLd9AYkDWYT6A%3D%40AAJTSQACMDE%3D%23 HTTP/1.1" 200 13 "http://pub.lmmp.nasa.gov/LMMPUI/LMMP_CLIENT/LMMP_WB.swf" "Mozilla/5.0 (Macintosh; Intel Mac OS X 10.10; rv:33.0) Gecko/20100101 Firefox/33.0" 755 170
162.233.169.96 - - [26/Nov/2014:21:46:43 -0500] "GET /LMMP/rest/dbxml/aux/find?xPath=/auxmd[%20(contains(upper-case(//title),%20upper-case(%22Aristarchus%22))%20or%20%20upper-case(//originator)%20=%20upper-case(%22Aristarchus%22)%20)%20and(%20(%20//nPolarNorthbc%20%3C=%20963000%20and%20//nPolarSouthbc%20%3E=%20-963000%20and%20//nPolarWestbc%20%3E=%20-963000%20and%20//nPolarEastbc%20%3C=%20963000%20)%20or%20(%20%20//nPolarY%20%3C=%20963000%20and%20//nPolarY%20%3E=%20-963000%20and%20//nPolarX%20%3E=%20-963000%20and%20//nPolarX%20%3C=%20963000%20)%20)%20]&iPlanetDirectoryPro=AQIC5wM2LY4SfczxAwYv6SL6I4A14sX0%2F5rLd9AYkDWYT6A%3D%40AAJTSQACMDE%3D%23 HTTP/1.1" 200 - "http://pub.lmmp.nasa.gov/LMMPUI/LMMP_CLIENT/LMMP_WB.swf" "Mozilla/5.0 (Macintosh; Intel Mac OS X 10.10; rv:33.0) Gecko/20100101 Firefox/33.0" 1283 155
162.233.169.96 - - [26/Nov/2014:21:46:43 -0500] "GET /opensso/identity/isTokenValid?iPlanetDirectoryPro=AQIC5wM2LY4SfczxAwYv6SL6I4A14sX0%2F5rLd9AYkDWYT6A%3D%40AAJTSQACMDE%3D%23 HTTP/1.1" 200 13 "http://pub.lmmp.nasa.gov/LMMPUI/LMMP_CLIENT/LMMP_WB.swf" "Mozilla/5.0 (Macintosh; Intel Mac OS X 10.10; rv:33.0) Gecko/20100101 Firefox/33.0" 755 170
127.0.0.1 - - [26/Nov/2014:21:46:43 -0500] "POST /opensso/jaxrpc/SMSObjectIF HTTP/1.1" 200 505 "-" "Java/1.5.0_21" 847 766
127.0.0.1 - - [26/Nov/2014:21:46:43 -0500] "POST /opensso/jaxrpc/DirectoryManagerIF HTTP/1.1" 200 707 "-" "Java/1.5.0_21" 1219 968
162.233.169.96 - - [26/Nov/2014:21:46:43 -0500] "GET /lmmp-services/solr/proxy?start=0&rows=100&wt=json&version=2%2E2&iPlanetDirectoryPro=AQIC5wM2LY4SfczxAwYv6SL6I4A14sX0%2F5rLd9AYkDWYT6A%3D%40AAJTSQACMDE%3D%23&indent=off&fl=%2A&sort=score%20desc%2C%20s%5Ftitle%20asc&q=%28Aristarchus%29%20AND%20%28%20nPolarNorthbc%3A%5B%2A%20TO%20963000%5D%20AND%20%20%20nPolarSouthbc%3A%5B%2D963000%20TO%20%2A%5D%20AND%20%20%20nPolarEastbc%3A%5B%2A%20TO%20963000%5D%20AND%20%20%20nPolarWestbc%3A%5B%2D963000%20TO%20%2A%5D%29 HTTP/1.1" 304 - "http://pub.lmmp.nasa.gov/LMMPUI/LMMP_CLIENT/LMMP_WB.swf" "Mozilla/5.0 (Macintosh; Intel Mac OS X 10.10; rv:33.0) Gecko/20100101 Firefox/33.0" 1239 160
127.0.0.1 - - [26/Nov/2014:21:46:43 -0500] "POST /opensso/jaxrpc/SMSObjectIF HTTP/1.1" 200 505 "-" "Java/1.5.0_21" 847 767
127.0.0.1 - - [26/Nov/2014:21:46:43 -0500] "POST /opensso/jaxrpc/DirectoryManagerIF HTTP/1.1" 200 1290 "-" "Java/1.5.0_21" 1366 1551
127.0.0.1 - - [26/Nov/2014:21:46:43 -0500] "POST /opensso/jaxrpc/SMSObjectIF HTTP/1.1" 200 505 "-" "Java/1.5.0_21" 847 766
162.233.169.96 - - [26/Nov/2014:21:46:43 -0500] "GET /LMMP/rest/dbxml/aux/find?xPath=/auxmd[%20(contains(upper-case(//title),%20upper-case(%22Aristarchus%22))%20or%20%20upper-case(//originator)%20=%20upper-case(%22Aristarchus%22)%20)%20and(%20(%20//nPolarNorthbc%20%3C=%20963000%20and%20//nPolarSouthbc%20%3E=%20-963000%20and%20//nPolarWestbc%20%3E=%20-963000%20and%20//nPolarEastbc%20%3C=%20963000%20)%20or%20(%20%20//nPolarY%20%3C=%20963000%20and%20//nPolarY%20%3E=%20-963000%20and%20//nPolarX%20%3E=%20-963000%20and%20//nPolarX%20%3C=%20963000%20)%20)%20]&iPlanetDirectoryPro=AQIC5wM2LY4SfczxAwYv6SL6I4A14sX0%2F5rLd9AYkDWYT6A%3D%40AAJTSQACMDE%3D%23 HTTP/1.1" 200 - "http://pub.lmmp.nasa.gov/LMMPUI/LMMP_CLIENT/LMMP_WB.swf" "Mozilla/5.0 (Macintosh; Intel Mac OS X 10.10; rv:33.0) Gecko/20100101 Firefox/33.0" 1283 155
162.233.169.96 - - [26/Nov/2014:21:46:43 -0500] "GET /lmmp-services/solr/proxy?start=0&rows=100&wt=json&version=2%2E2&iPlanetDirectoryPro=AQIC5wM2LY4SfczxAwYv6SL6I4A14sX0%2F5rLd9AYkDWYT6A%3D%40AAJTSQACMDE%3D%23&indent=off&fl=%2A&sort=score%20desc%2C%20s%5Ftitle%20asc&q=%28Aristarchus%29%20AND%20%28%20nPolarNorthbc%3A%5B%2A%20TO%20963000%5D%20AND%20%20%20nPolarSouthbc%3A%5B%2D963000%20TO%20%2A%5D%20AND%20%20%20nPolarEastbc%3A%5B%2A%20TO%20963000%5D%20AND%20%20%20nPolarWestbc%3A%5B%2D963000%20TO%20%2A%5D%29 HTTP/1.1" 304 - "http://pub.lmmp.nasa.gov/LMMPUI/LMMP_CLIENT/LMMP_WB.swf" "Mozilla/5.0 (Macintosh; Intel Mac OS X 10.10; rv:33.0) Gecko/20100101 Firefox/33.0" 1239 159
127.0.0.1 - - [26/Nov/2014:21:46:43 -0500] "POST /opensso/jaxrpc/DirectoryManagerIF HTTP/1.1" 200 707 "-" "Java/1.5.0_21" 1219 968
127.0.0.1 - - [26/Nov/2014:21:46:48 -0500] "GET /opensso/namingservice HTTP/1.1" 200 7 "-" "Java/1.5.0_21" 220 183
162.233.169.96 - - [26/Nov/2014:21:46:56 -0500] "GET /opensso/identity/isTokenValid?iPlanetDirectoryPro=AQIC5wM2LY4SfczxAwYv6SL6I4A14sX0%2F5rLd9AYkDWYT6A%3D%40AAJTSQACMDE%3D%23 HTTP/1.1" 200 13 "http://pub.lmmp.nasa.gov/LMMPUI/LMMP_CLIENT/LMMP_WB.swf" "Mozilla/5.0 (Macintosh; Intel Mac OS X 10.10; rv:33.0) Gecko/20100101 Firefox/33.0" 755 171
162.233.169.96 - - [26/Nov/2014:21:46:56 -0500] "GET /opensso/identity/isTokenValid?iPlanetDirectoryPro=AQIC5wM2LY4SfczxAwYv6SL6I4A14sX0%2F5rLd9AYkDWYT6A%3D%40AAJTSQACMDE%3D%23 HTTP/1.1" 200 13 "http://pub.lmmp.nasa.gov/LMMPUI/LMMP_CLIENT/LMMP_WB.swf" "Mozilla/5.0 (Macintosh; Intel Mac OS X 10.10; rv:33.0) Gecko/20100101 Firefox/33.0" 755 170
127.0.0.1 - - [26/Nov/2014:21:46:56 -0500] "POST /opensso/jaxrpc/SMSObjectIF HTTP/1.1" 200 505 "-" "Java/1.5.0_21" 847 767
127.0.0.1 - - [26/Nov/2014:21:46:56 -0500] "POST /opensso/jaxrpc/DirectoryManagerIF HTTP/1.1" 200 1290 "-" "Java/1.5.0_21" 1366 1551
162.233.169.96 - - [26/Nov/2014:21:46:56 -0500] "GET /opensso/identity/isTokenValid?iPlanetDirectoryPro=AQIC5wM2LY4SfczxAwYv6SL6I4A14sX0%2F5rLd9AYkDWYT6A%3D%40AAJTSQACMDE%3D%23 HTTP/1.1" 200 13 "http://pub.lmmp.nasa.gov/LMMPUI/LMMP_CLIENT/LMMP_WB.swf" "Mozilla/5.0 (Macintosh; Intel Mac OS X 10.10; rv:33.0) Gecko/20100101 Firefox/33.0" 755 170
162.233.169.96 - - [26/Nov/2014:21:46:56 -0500] "GET /opensso/identity/isTokenValid?iPlanetDirectoryPro=AQIC5wM2LY4SfczxAwYv6SL6I4A14sX0%2F5rLd9AYkDWYT6A%3D%40AAJTSQACMDE%3D%23 HTTP/1.1" 200 13 "http://pub.lmmp.nasa.gov/LMMPUI/LMMP_CLIENT/LMMP_WB.swf" "Mozilla/5.0 (Macintosh; Intel Mac OS X 10.10; rv:33.0) Gecko/20100101 Firefox/33.0" 755 171
162.233.169.96 - - [26/Nov/2014:21:46:56 -0500] "GET /LMMP/rest/dbxml/aux/find?xPath=/auxmd[%20(contains(upper-case(//title),%20upper-case(%22Aristarchus%22))%20or%20%20upper-case(//originator)%20=%20upper-case(%22Aristarchus%22)%20)%20and(%20(%20//nPolarNorthbc%20%3C=%20963000%20and%20//nPolarSouthbc%20%3E=%20-963000%20and%20//nPolarWestbc%20%3E=%20-963000%20and%20//nPolarEastbc%20%3C=%20963000%20)%20or%20(%20%20//nPolarY%20%3C=%20963000%20and%20//nPolarY%20%3E=%20-963000%20and%20//nPolarX%20%3E=%20-963000%20and%20//nPolarX%20%3C=%20963000%20)%20)%20]&iPlanetDirectoryPro=AQIC5wM2LY4SfczxAwYv6SL6I4A14sX0%2F5rLd9AYkDWYT6A%3D%40AAJTSQACMDE%3D%23 HTTP/1.1" 200 - "http://pub.lmmp.nasa.gov/LMMPUI/LMMP_CLIENT/LMMP_WB.swf" "Mozilla/5.0 (Macintosh; Intel Mac OS X 10.10; rv:33.0) Gecko/20100101 Firefox/33.0" 1283 155
127.0.0.1 - - [26/Nov/2014:21:46:56 -0500] "POST /opensso/jaxrpc/SMSObjectIF HTTP/1.1" 200 505 "-" "Java/1.5.0_21" 847 766
127.0.0.1 - - [26/Nov/2014:21:46:56 -0500] "POST /opensso/jaxrpc/DirectoryManagerIF HTTP/1.1" 200 707 "-" "Java/1.5.0_21" 1219 968
162.233.169.96 - - [26/Nov/2014:21:46:56 -0500] "GET /lmmp-services/solr/proxy?start=0&rows=100&wt=json&version=2%2E2&iPlanetDirectoryPro=AQIC5wM2LY4SfczxAwYv6SL6I4A14sX0%2F5rLd9AYkDWYT6A%3D%40AAJTSQACMDE%3D%23&indent=off&fl=%2A&sort=score%20desc%2C%20s%5Ftitle%20asc&q=%28Aristarchus%29%20AND%20%28%20nPolarNorthbc%3A%5B%2A%20TO%20963000%5D%20AND%20%20%20nPolarSouthbc%3A%5B%2D963000%20TO%20%2A%5D%20AND%20%20%20nPolarEastbc%3A%5B%2A%20TO%20963000%5D%20AND%20%20%20nPolarWestbc%3A%5B%2D963000%20TO%20%2A%5D%29 HTTP/1.1" 304 - "http://pub.lmmp.nasa.gov/LMMPUI/LMMP_CLIENT/LMMP_WB.swf" "Mozilla/5.0 (Macintosh; Intel Mac OS X 10.10; rv:33.0) Gecko/20100101 Firefox/33.0" 1239 159
127.0.0.1 - - [26/Nov/2014:21:46:56 -0500] "POST /opensso/jaxrpc/SMSObjectIF HTTP/1.1" 200 505 "-" "Java/1.5.0_21" 847 766
127.0.0.1 - - [26/Nov/2014:21:46:56 -0500] "POST /opensso/jaxrpc/DirectoryManagerIF HTTP/1.1" 200 1290 "-" "Java/1.5.0_21" 1366 1551
127.0.0.1 - - [26/Nov/2014:21:46:56 -0500] "POST /opensso/jaxrpc/SMSObjectIF HTTP/1.1" 200 505 "-" "Java/1.5.0_21" 847 766
127.0.0.1 - - [26/Nov/2014:21:46:56 -0500] "POST /opensso/jaxrpc/DirectoryManagerIF HTTP/1.1" 200 707 "-" "Java/1.5.0_21" 1219 968
162.233.169.96 - - [26/Nov/2014:21:46:56 -0500] "GET /lmmp-services/solr/proxy?start=0&rows=100&wt=json&version=2%2E2&iPlanetDirectoryPro=AQIC5wM2LY4SfczxAwYv6SL6I4A14sX0%2F5rLd9AYkDWYT6A%3D%40AAJTSQACMDE%3D%23&indent=off&fl=%2A&sort=score%20desc%2C%20s%5Ftitle%20asc&q=%28Aristarchus%29%20AND%20%28%20nPolarNorthbc%3A%5B%2A%20TO%20963000%5D%20AND%20%20%20nPolarSouthbc%3A%5B%2D963000%20TO%20%2A%5D%20AND%20%20%20nPolarEastbc%3A%5B%2A%20TO%20963000%5D%20AND%20%20%20nPolarWestbc%3A%5B%2D963000%20TO%20%2A%5D%29 HTTP/1.1" 304 - "http://pub.lmmp.nasa.gov/LMMPUI/LMMP_CLIENT/LMMP_WB.swf" "Mozilla/5.0 (Macintosh; Intel Mac OS X 10.10; rv:33.0) Gecko/20100101 Firefox/33.0" 1239 159
162.233.169.96 - - [26/Nov/2014:21:46:56 -0500] "GET /LMMP/rest/dbxml/aux/find?xPath=/auxmd[%20(contains(upper-case(//title),%20upper-case(%22Aristarchus%22))%20or%20%20upper-case(//originator)%20=%20upper-case(%22Aristarchus%22)%20)%20and(%20(%20//nPolarNorthbc%20%3C=%20963000%20and%20//nPolarSouthbc%20%3E=%20-963000%20and%20//nPolarWestbc%20%3E=%20-963000%20and%20//nPolarEastbc%20%3C=%20963000%20)%20or%20(%20%20//nPolarY%20%3C=%20963000%20and%20//nPolarY%20%3E=%20-963000%20and%20//nPolarX%20%3E=%20-963000%20and%20//nPolarX%20%3C=%20963000%20)%20)%20]&iPlanetDirectoryPro=AQIC5wM2LY4SfczxAwYv6SL6I4A14sX0%2F5rLd9AYkDWYT6A%3D%40AAJTSQACMDE%3D%23 HTTP/1.1" 200 - "http://pub.lmmp.nasa.gov/LMMPUI/LMMP_CLIENT/LMMP_WB.swf" "Mozilla/5.0 (Macintosh; Intel Mac OS X 10.10; rv:33.0) Gecko/20100101 Firefox/33.0" 1283 154
127.0.0.1 - - [26/Nov/2014:21:47:10 -0500] "GET /opensso/namingservice HTTP/1.1" 200 7 "-" "Java/1.5.0_21" 220 183
127.0.0.1 - - [26/Nov/2014:21:47:18 -0500] "GET /opensso/namingservice HTTP/1.1" 200 7 "-" "Java/1.5.0_21" 220 183
127.0.0.1 - - [26/Nov/2014:21:47:40 -0500] "GET /opensso/namingservice HTTP/1.1" 200 7 "-" "Java/1.5.0_21" 220 183
127.0.0.1 - - [26/Nov/2014:21:47:48 -0500] "GET /opensso/namingservice HTTP/1.1" 200 7 "-" "Java/1.5.0_21" 220 183
127.0.0.1 - - [26/Nov/2014:21:48:10 -0500] "GET /opensso/namingservice HTTP/1.1" 200 7 "-" "Java/1.5.0_21" 220 183
127.0.0.1 - - [26/Nov/2014:21:48:18 -0500] "GET /opensso/namingservice HTTP/1.1" 200 7 "-" "Java/1.5.0_21" 220 183
127.0.0.1 - - [26/Nov/2014:21:48:40 -0500] "GET /opensso/namingservice HTTP/1.1" 200 7 "-" "Java/1.5.0_21" 220 183
127.0.0.1 - - [26/Nov/2014:21:48:48 -0500] "GET /opensso/namingservice HTTP/1.1" 200 7 "-" "Java/1.5.0_21" 220 183
162.233.169.96 - - [26/Nov/2014:21:48:56 -0500] "GET /opensso/identity/isTokenValid?iPlanetDirectoryPro=AQIC5wM2LY4SfczxAwYv6SL6I4A14sX0%2F5rLd9AYkDWYT6A%3D%40AAJTSQACMDE%3D%23 HTTP/1.1" 200 13 "http://pub.lmmp.nasa.gov/LMMPUI/LMMP_CLIENT/LMMP_WB.swf" "Mozilla/5.0 (Macintosh; Intel Mac OS X 10.10; rv:33.0) Gecko/20100101 Firefox/33.0" 755 171
127.0.0.1 - - [26/Nov/2014:21:48:56 -0500] "POST /opensso/policyservice HTTP/1.1" 200 7692 "-" "Java/1.5.0_21" 1120 7871
127.0.0.1 - - [26/Nov/2014:21:48:56 -0500] "POST /opensso/jaxrpc/SMSObjectIF HTTP/1.1" 200 505 "-" "Java/1.5.0_21" 847 766
127.0.0.1 - - [26/Nov/2014:21:48:56 -0500] "POST /opensso/jaxrpc/DirectoryManagerIF HTTP/1.1" 200 1290 "-" "Java/1.5.0_21" 1366 1551
162.233.169.96 - - [26/Nov/2014:21:48:56 -0500] "GET /LMMP/rest/dbxml/valsrvc?uuid=253adf63%2Dc83a%2D42a2%2D9dac%2D32cf03813e90&iPlanetDirectoryPro=AQIC5wM2LY4SfczxAwYv6SL6I4A14sX0%2F5rLd9AYkDWYT6A%3D%40AAJTSQACMDE%3D%23 HTTP/1.1" 200 1071 "http://pub.lmmp.nasa.gov/LMMPUI/LMMP_CLIENT/LMMP_WB.swf" "Mozilla/5.0 (Macintosh; Intel Mac OS X 10.10; rv:33.0) Gecko/20100101 Firefox/33.0" 1449 1529
127.0.0.1 - - [26/Nov/2014:21:48:56 -0500] "POST /opensso/jaxrpc/SMSObjectIF HTTP/1.1" 200 505 "-" "Java/1.5.0_21" 847 766
127.0.0.1 - - [26/Nov/2014:21:48:56 -0500] "POST /opensso/jaxrpc/DirectoryManagerIF HTTP/1.1" 200 1290 "-" "Java/1.5.0_21" 1366 1551
162.233.169.96 - - [26/Nov/2014:21:48:56 -0500] "GET /LMMP/rest/dbxml/fgdc/legend/stream?label=LRO_LOLA_Gray_NPole75_30mp_v04 HTTP/1.1" 200 4530 "http://pub.lmmp.nasa.gov/LMMPUI/LMMP_CLIENT/LMMP_WB.swf" "Mozilla/5.0 (Macintosh; Intel Mac OS X 10.10; rv:33.0) Gecko/20100101 Firefox/33.0" 1354 4957
127.0.0.1 - - [26/Nov/2014:21:49:10 -0500] "GET /opensso/namingservice HTTP/1.1" 200 7 "-" "Java/1.5.0_21" 220 183
162.233.169.96 - - [26/Nov/2014:21:49:15 -0500] "GET /opensso/identity/isTokenValid?iPlanetDirectoryPro=AQIC5wM2LY4SfczxAwYv6SL6I4A14sX0%2F5rLd9AYkDWYT6A%3D%40AAJTSQACMDE%3D%23 HTTP/1.1" 200 13 "http://pub.lmmp.nasa.gov/LMMPUI/LMMP_CLIENT/LMMP_WB.swf" "Mozilla/5.0 (Macintosh; Intel Mac OS X 10.10; rv:33.0) Gecko/20100101 Firefox/33.0" 755 171
127.0.0.1 - - [26/Nov/2014:21:49:15 -0500] "POST /opensso/jaxrpc/SMSObjectIF HTTP/1.1" 200 505 "-" "Java/1.5.0_21" 847 767
127.0.0.1 - - [26/Nov/2014:21:49:15 -0500] "POST /opensso/jaxrpc/DirectoryManagerIF HTTP/1.1" 200 1290 "-" "Java/1.5.0_21" 1366 1551
162.233.169.96 - - [26/Nov/2014:21:49:16 -0500] "GET /LMMP/rest/dbxml/valsrvc?uuid=f2f6d9e3%2D3c8a%2D4647%2Daae8%2Da6a70d2f888e&iPlanetDirectoryPro=AQIC5wM2LY4SfczxAwYv6SL6I4A14sX0%2F5rLd9AYkDWYT6A%3D%40AAJTSQACMDE%3D%23 HTTP/1.1" 200 31 "http://pub.lmmp.nasa.gov/LMMPUI/LMMP_CLIENT/LMMP_WB.swf" "Mozilla/5.0 (Macintosh; Intel Mac OS X 10.10; rv:33.0) Gecko/20100101 Firefox/33.0" 1449 488
127.0.0.1 - - [26/Nov/2014:21:49:16 -0500] "POST /opensso/jaxrpc/SMSObjectIF HTTP/1.1" 200 505 "-" "Java/1.5.0_21" 847 766
127.0.0.1 - - [26/Nov/2014:21:49:16 -0500] "POST /opensso/jaxrpc/DirectoryManagerIF HTTP/1.1" 200 1290 "-" "Java/1.5.0_21" 1366 1551
162.233.169.96 - - [26/Nov/2014:21:49:15 -0500] "GET /LMMP/rest/dbxml/fgdc/legend/stream?label=LRO_MiniRF_S1_Gray_NPole70_118mp HTTP/1.1" 200 4460 "http://pub.lmmp.nasa.gov/LMMPUI/LMMP_CLIENT/LMMP_WB.swf" "Mozilla/5.0 (Macintosh; Intel Mac OS X 10.10; rv:33.0) Gecko/20100101 Firefox/33.0" 1356 4887
127.0.0.1 - - [26/Nov/2014:21:49:18 -0500] "GET /opensso/namingservice HTTP/1.1" 200 7 "-" "Java/1.5.0_21" 220 183
66.249.64.135 - - [26/Nov/2014:21:49:20 -0500] "GET /redmine/issues/gantt?month=7&months=6&year=2823&zoom=2 HTTP/1.1" 200 30907 "-" "Mozilla/5.0 (compatible; Googlebot/2.1; +http://www.google.com/bot.html)" 285 31596
127.0.0.1 - - [26/Nov/2014:21:49:40 -0500] "GET /opensso/namingservice HTTP/1.1" 200 7 "-" "Java/1.5.0_21" 220 183
127.0.0.1 - - [26/Nov/2014:21:49:48 -0500] "GET /opensso/namingservice HTTP/1.1" 200 7 "-" "Java/1.5.0_21" 220 183
127.0.0.1 - - [26/Nov/2014:21:50:10 -0500] "GET /opensso/namingservice HTTP/1.1" 200 7 "-" "Java/1.5.0_21" 220 183
127.0.0.1 - - [26/Nov/2014:21:50:18 -0500] "GET /opensso/namingservice HTTP/1.1" 200 7 "-" "Java/1.5.0_21" 220 183
127.0.0.1 - - [26/Nov/2014:21:50:40 -0500] "GET /opensso/namingservice HTTP/1.1" 200 7 "-" "Java/1.5.0_21" 220 183
162.233.169.96 - - [26/Nov/2014:21:50:42 -0500] "GET /opensso/identity/isTokenValid?iPlanetDirectoryPro=AQIC5wM2LY4SfczxAwYv6SL6I4A14sX0%2F5rLd9AYkDWYT6A%3D%40AAJTSQACMDE%3D%23 HTTP/1.1" 200 13 "http://pub.lmmp.nasa.gov/LMMPUI/LMMP_CLIENT/LMMP_WB.swf" "Mozilla/5.0 (Macintosh; Intel Mac OS X 10.10; rv:33.0) Gecko/20100101 Firefox/33.0" 755 171
127.0.0.1 - - [26/Nov/2014:21:50:42 -0500] "POST /opensso/sessionservice HTTP/1.1" 200 2013 "-" "Java/1.5.0_21" 816 2191
162.233.169.96 - - [26/Nov/2014:21:50:42 -0500] "GET /LMMP/rest/dbxml/valsrvc?uuid=47663f43%2Dd2b4%2D40b7%2D8f85%2Dbdb9812cbfea&iPlanetDirectoryPro=AQIC5wM2LY4SfczxAwYv6SL6I4A14sX0%2F5rLd9AYkDWYT6A%3D%40AAJTSQACMDE%3D%23 HTTP/1.1" 200 31 "http://pub.lmmp.nasa.gov/LMMPUI/LMMP_CLIENT/LMMP_WB.swf" "Mozilla/5.0 (Macintosh; Intel Mac OS X 10.10; rv:33.0) Gecko/20100101 Firefox/33.0" 1449 488
127.0.0.1 - - [26/Nov/2014:21:50:48 -0500] "GET /opensso/namingservice HTTP/1.1" 200 7 "-" "Java/1.5.0_21" 220 183
162.233.169.96 - - [26/Nov/2014:21:50:50 -0500] "GET /opensso/identity/isTokenValid?iPlanetDirectoryPro=AQIC5wM2LY4SfczxAwYv6SL6I4A14sX0%2F5rLd9AYkDWYT6A%3D%40AAJTSQACMDE%3D%23 HTTP/1.1" 200 13 "http://pub.lmmp.nasa.gov/LMMPUI/LMMP_CLIENT/LMMP_WB.swf" "Mozilla/5.0 (Macintosh; Intel Mac OS X 10.10; rv:33.0) Gecko/20100101 Firefox/33.0" 755 171
162.233.169.96 - - [26/Nov/2014:21:50:51 -0500] "GET /LMMP/rest/dbxml/valsrvc?uuid=549e1c5f%2Dc892%2D47d2%2D9d3b%2D6c71bb816c0f&iPlanetDirectoryPro=AQIC5wM2LY4SfczxAwYv6SL6I4A14sX0%2F5rLd9AYkDWYT6A%3D%40AAJTSQACMDE%3D%23 HTTP/1.1" 200 31 "http://pub.lmmp.nasa.gov/LMMPUI/LMMP_CLIENT/LMMP_WB.swf" "Mozilla/5.0 (Macintosh; Intel Mac OS X 10.10; rv:33.0) Gecko/20100101 Firefox/33.0" 1449 488
162.233.169.96 - - [26/Nov/2014:21:50:59 -0500] "GET /opensso/identity/isTokenValid?iPlanetDirectoryPro=AQIC5wM2LY4SfczxAwYv6SL6I4A14sX0%2F5rLd9AYkDWYT6A%3D%40AAJTSQACMDE%3D%23 HTTP/1.1" 200 13 "http://pub.lmmp.nasa.gov/LMMPUI/LMMP_CLIENT/LMMP_WB.swf" "Mozilla/5.0 (Macintosh; Intel Mac OS X 10.10; rv:33.0) Gecko/20100101 Firefox/33.0" 755 171
162.233.169.96 - - [26/Nov/2014:21:50:59 -0500] "GET /LMMP/rest/dbxml/valsrvc?uuid=067b5c42%2Df227%2D42e9%2D8203%2D34ceb7819c18&iPlanetDirectoryPro=AQIC5wM2LY4SfczxAwYv6SL6I4A14sX0%2F5rLd9AYkDWYT6A%3D%40AAJTSQACMDE%3D%23 HTTP/1.1" 200 341 "http://pub.lmmp.nasa.gov/LMMPUI/LMMP_CLIENT/LMMP_WB.swf" "Mozilla/5.0 (Macintosh; Intel Mac OS X 10.10; rv:33.0) Gecko/20100101 Firefox/33.0" 1449 799
127.0.0.1 - - [26/Nov/2014:21:51:10 -0500] "GET /opensso/namingservice HTTP/1.1" 200 7 "-" "Java/1.5.0_21" 220 183
127.0.0.1 - - [26/Nov/2014:21:51:18 -0500] "GET /opensso/namingservice HTTP/1.1" 200 7 "-" "Java/1.5.0_21" 220 183
127.0.0.1 - - [26/Nov/2014:21:51:40 -0500] "GET /opensso/namingservice HTTP/1.1" 200 7 "-" "Java/1.5.0_21" 220 183
127.0.0.1 - - [26/Nov/2014:21:51:48 -0500] "GET /opensso/namingservice HTTP/1.1" 200 7 "-" "Java/1.5.0_21" 220 183
123.125.71.89 - - [26/Nov/2014:21:51:51 -0500] "GET / HTTP/1.1" 302 237 "-" "Mozilla/5.0 (compatible; Baiduspider/2.0; +http://www.baidu.com/search/spider.html)" 183 506
127.0.0.1 - - [26/Nov/2014:21:52:10 -0500] "GET /opensso/namingservice HTTP/1.1" 200 7 "-" "Java/1.5.0_21" 220 183
127.0.0.1 - - [26/Nov/2014:21:52:18 -0500] "GET /opensso/namingservice HTTP/1.1" 200 7 "-" "Java/1.5.0_21" 220 183
66.249.64.131 - - [26/Nov/2014:21:52:32 -0500] "GET /redmine/projects/lmmpwiki/activity?from=1994-12-26 HTTP/1.1" 200 4829 "-" "Mozilla/5.0 (compatible; Googlebot/2.1; +http://www.google.com/bot.html)" 281 5391
220.181.108.172 - - [26/Nov/2014:21:52:39 -0500] "GET / HTTP/1.1" 302 237 "-" "Mozilla/5.0 (compatible; Baiduspider/2.0; +http://www.baidu.com/search/spider.html)" 183 506
127.0.0.1 - - [26/Nov/2014:21:52:40 -0500] "GET /opensso/namingservice HTTP/1.1" 200 7 "-" "Java/1.5.0_21" 220 183
127.0.0.1 - - [26/Nov/2014:21:52:48 -0500] "GET /opensso/namingservice HTTP/1.1" 200 7 "-" "Java/1.5.0_21" 220 183
127.0.0.1 - - [26/Nov/2014:21:53:10 -0500] "GET /opensso/namingservice HTTP/1.1" 200 7 "-" "Java/1.5.0_21" 220 183
127.0.0.1 - - [26/Nov/2014:21:53:18 -0500] "GET /opensso/namingservice HTTP/1.1" 200 7 "-" "Java/1.5.0_21" 220 183
127.0.0.1 - - [26/Nov/2014:21:53:40 -0500] "GET /opensso/namingservice HTTP/1.1" 200 7 "-" "Java/1.5.0_21" 220 183
127.0.0.1 - - [26/Nov/2014:21:53:41 -0500] "POST /opensso/sessionservice HTTP/1.1" 200 2022 "-" "Java/1.5.0_21" 711 2200
127.0.0.1 - - [26/Nov/2014:21:53:41 -0500] "GET /opensso/identity//xml/read?name=TomcatApps3&attributes_names=realm&attributes_values_realm=%2Fappspub&attributes_names=objecttype&attributes_values_objecttype=Agent&admin=AQIC5wM2LY4SfcwjOoCkahvxCIYxAjqHmLwoHQUx5Ci%2Bspg%3D%40AAJTSQACMDE%3D%23 HTTP/1.1" 200 13732 "-" "Java/1.5.0_21" 442 13916
127.0.0.1 - - [26/Nov/2014:21:53:48 -0500] "GET /opensso/namingservice HTTP/1.1" 200 7 "-" "Java/1.5.0_21" 220 183
127.0.0.1 - - [26/Nov/2014:21:54:10 -0500] "GET /opensso/namingservice HTTP/1.1" 200 7 "-" "Java/1.5.0_21" 220 183
127.0.0.1 - - [26/Nov/2014:21:54:18 -0500] "GET /opensso/namingservice HTTP/1.1" 200 7 "-" "Java/1.5.0_21" 220 183
127.0.0.1 - - [26/Nov/2014:21:54:40 -0500] "GET /opensso/namingservice HTTP/1.1" 200 7 "-" "Java/1.5.0_21" 220 183
127.0.0.1 - - [26/Nov/2014:21:54:48 -0500] "GET /opensso/namingservice HTTP/1.1" 200 7 "-" "Java/1.5.0_21" 220 183
127.0.0.1 - - [26/Nov/2014:21:55:10 -0500] "GET /opensso/namingservice HTTP/1.1" 200 7 "-" "Java/1.5.0_21" 220 183
127.0.0.1 - - [26/Nov/2014:21:55:18 -0500] "GET /opensso/namingservice HTTP/1.1" 200 7 "-" "Java/1.5.0_21" 220 183
127.0.0.1 - - [26/Nov/2014:21:55:40 -0500] "GET /opensso/namingservice HTTP/1.1" 200 7 "-" "Java/1.5.0_21" 220 183
127.0.0.1 - - [26/Nov/2014:21:55:48 -0500] "GET /opensso/namingservice HTTP/1.1" 200 7 "-" "Java/1.5.0_21" 220 183
127.0.0.1 - - [26/Nov/2014:21:56:10 -0500] "GET /opensso/namingservice HTTP/1.1" 200 7 "-" "Java/1.5.0_21" 220 183
127.0.0.1 - - [26/Nov/2014:21:56:18 -0500] "GET /opensso/namingservice HTTP/1.1" 200 7 "-" "Java/1.5.0_21" 220 183
66.249.64.131 - - [26/Nov/2014:21:56:19 -0500] "GET /redmine/projects/lmmpwiki/activity?from=1867-10-20 HTTP/1.1" 200 4829 "-" "Mozilla/5.0 (compatible; Googlebot/2.1; +http://www.google.com/bot.html)" 281 5391
127.0.0.1 - - [26/Nov/2014:21:56:40 -0500] "GET /opensso/namingservice HTTP/1.1" 200 7 "-" "Java/1.5.0_21" 220 183
127.0.0.1 - - [26/Nov/2014:21:56:48 -0500] "GET /opensso/namingservice HTTP/1.1" 200 7 "-" "Java/1.5.0_21" 220 183
127.0.0.1 - - [26/Nov/2014:21:57:10 -0500] "GET /opensso/namingservice HTTP/1.1" 200 7 "-" "Java/1.5.0_21" 220 183
127.0.0.1 - - [26/Nov/2014:21:57:18 -0500] "GET /opensso/namingservice HTTP/1.1" 200 7 "-" "Java/1.5.0_21" 220 183
127.0.0.1 - - [26/Nov/2014:21:57:40 -0500] "GET /opensso/namingservice HTTP/1.1" 200 7 "-" "Java/1.5.0_21" 220 183
127.0.0.1 - - [26/Nov/2014:21:57:48 -0500] "GET /opensso/namingservice HTTP/1.1" 200 7 "-" "Java/1.5.0_21" 220 183
202.46.53.63 - - [26/Nov/2014:21:57:58 -0500] "GET / HTTP/1.1" 302 237 "-" "Mozilla/4.0 (compatible; MSIE 7.0; Windows NT 6.0)" 150 506
127.0.0.1 - - [26/Nov/2014:21:58:10 -0500] "GET /opensso/namingservice HTTP/1.1" 200 7 "-" "Java/1.5.0_21" 220 183
127.0.0.1 - - [26/Nov/2014:21:58:18 -0500] "GET /opensso/namingservice HTTP/1.1" 200 7 "-" "Java/1.5.0_21" 220 183
127.0.0.1 - - [26/Nov/2014:21:58:40 -0500] "GET /opensso/namingservice HTTP/1.1" 200 7 "-" "Java/1.5.0_21" 220 183
127.0.0.1 - - [26/Nov/2014:21:58:48 -0500] "GET /opensso/namingservice HTTP/1.1" 200 7 "-" "Java/1.5.0_21" 220 183
119.63.193.195 - - [26/Nov/2014:21:58:55 -0500] "GET / HTTP/1.1" 302 237 "-" "Mozilla/4.0 (compatible; MSIE 7.0; Windows NT 6.0)" 150 506
127.0.0.1 - - [26/Nov/2014:21:59:10 -0500] "GET /opensso/namingservice HTTP/1.1" 200 7 "-" "Java/1.5.0_21" 220 183
127.0.0.1 - - [26/Nov/2014:21:59:18 -0500] "GET /opensso/namingservice HTTP/1.1" 200 7 "-" "Java/1.5.0_21" 220 183
127.0.0.1 - - [26/Nov/2014:21:59:40 -0500] "GET /opensso/namingservice HTTP/1.1" 200 7 "-" "Java/1.5.0_21" 220 183
127.0.0.1 - - [26/Nov/2014:21:59:48 -0500] "GET /opensso/namingservice HTTP/1.1" 200 7 "-" "Java/1.5.0_21" 220 183
66.249.64.139 - - [26/Nov/2014:22:00:07 -0500] "GET /redmine/issues/gantt?month=1&months=6&year=1055&zoom=2 HTTP/1.1" 200 30882 "-" "Mozilla/5.0 (compatible; Googlebot/2.1; +http://www.google.com/bot.html)" 285 31571
127.0.0.1 - - [26/Nov/2014:22:00:10 -0500] "GET /opensso/namingservice HTTP/1.1" 200 7 "-" "Java/1.5.0_21" 220 183
127.0.0.1 - - [26/Nov/2014:22:00:18 -0500] "GET /opensso/namingservice HTTP/1.1" 200 7 "-" "Java/1.5.0_21" 220 183
127.0.0.1 - - [26/Nov/2014:22:00:40 -0500] "GET /opensso/namingservice HTTP/1.1" 200 7 "-" "Java/1.5.0_21" 220 183
127.0.0.1 - - [26/Nov/2014:22:00:48 -0500] "GET /opensso/namingservice HTTP/1.1" 200 7 "-" "Java/1.5.0_21" 220 183
127.0.0.1 - - [26/Nov/2014:22:01:10 -0500] "GET /opensso/namingservice HTTP/1.1" 200 7 "-" "Java/1.5.0_21" 220 183
127.0.0.1 - - [26/Nov/2014:22:01:18 -0500] "GET /opensso/namingservice HTTP/1.1" 200 7 "-" "Java/1.5.0_21" 220 183
127.0.0.1 - - [26/Nov/2014:22:01:40 -0500] "GET /opensso/namingservice HTTP/1.1" 200 7 "-" "Java/1.5.0_21" 220 183
127.0.0.1 - - [26/Nov/2014:22:01:48 -0500] "GET /opensso/namingservice HTTP/1.1" 200 7 "-" "Java/1.5.0_21" 220 183
127.0.0.1 - - [26/Nov/2014:22:02:10 -0500] "GET /opensso/namingservice HTTP/1.1" 200 7 "-" "Java/1.5.0_21" 220 183
127.0.0.1 - - [26/Nov/2014:22:02:18 -0500] "GET /opensso/namingservice HTTP/1.1" 200 7 "-" "Java/1.5.0_21" 220 183
66.249.64.135 - - [26/Nov/2014:22:02:30 -0500] "GET /redmine/projects/lmmpwiki/activity?from=1962-06-14&show_news=1 HTTP/1.1" 200 4917 "-" "Mozilla/5.0 (iPhone; CPU iPhone OS 6_0 like Mac OS X) AppleWebKit/536.26 (KHTML, like Gecko) Version/6.0 Mobile/10A5376e Safari/8536.25 (compatible; Googlebot/2.1; +http://www.google.com/bot.html)" 417 5480
127.0.0.1 - - [26/Nov/2014:22:02:40 -0500] "GET /opensso/namingservice HTTP/1.1" 200 7 "-" "Java/1.5.0_21" 220 183
127.0.0.1 - - [26/Nov/2014:22:02:48 -0500] "GET /opensso/namingservice HTTP/1.1" 200 7 "-" "Java/1.5.0_21" 220 183
127.0.0.1 - - [26/Nov/2014:22:03:10 -0500] "GET /opensso/namingservice HTTP/1.1" 200 7 "-" "Java/1.5.0_21" 220 183
127.0.0.1 - - [26/Nov/2014:22:03:18 -0500] "GET /opensso/namingservice HTTP/1.1" 200 7 "-" "Java/1.5.0_21" 220 183
127.0.0.1 - - [26/Nov/2014:22:03:40 -0500] "GET /opensso/namingservice HTTP/1.1" 200 7 "-" "Java/1.5.0_21" 220 183
127.0.0.1 - - [26/Nov/2014:22:03:48 -0500] "GET /opensso/namingservice HTTP/1.1" 200 7 "-" "Java/1.5.0_21" 220 183
127.0.0.1 - - [26/Nov/2014:22:04:10 -0500] "GET /opensso/namingservice HTTP/1.1" 200 7 "-" "Java/1.5.0_21" 220 183
127.0.0.1 - - [26/Nov/2014:22:04:18 -0500] "GET /opensso/namingservice HTTP/1.1" 200 7 "-" "Java/1.5.0_21" 220 183
66.249.64.137 - - [26/Nov/2014:22:04:38 -0500] "GET /redmine/issues/gantt?month=5&months=6&year=2430&zoom=2 HTTP/1.1" 200 30899 "-" "Mozilla/5.0 (compatible; Googlebot/2.1; +http://www.google.com/bot.html)" 616 35752
127.0.0.1 - - [26/Nov/2014:22:04:40 -0500] "GET /opensso/namingservice HTTP/1.1" 200 7 "-" "Java/1.5.0_21" 220 183
127.0.0.1 - - [26/Nov/2014:22:04:48 -0500] "GET /opensso/namingservice HTTP/1.1" 200 7 "-" "Java/1.5.0_21" 220 183
127.0.0.1 - - [26/Nov/2014:22:05:10 -0500] "GET /opensso/namingservice HTTP/1.1" 200 7 "-" "Java/1.5.0_21" 220 183
127.0.0.1 - - [26/Nov/2014:22:05:18 -0500] "GET /opensso/namingservice HTTP/1.1" 200 7 "-" "Java/1.5.0_21" 220 183
127.0.0.1 - - [26/Nov/2014:22:05:40 -0500] "GET /opensso/namingservice HTTP/1.1" 200 7 "-" "Java/1.5.0_21" 220 183
127.0.0.1 - - [26/Nov/2014:22:05:48 -0500] "GET /opensso/namingservice HTTP/1.1" 200 7 "-" "Java/1.5.0_21" 220 183
127.0.0.1 - - [26/Nov/2014:22:06:10 -0500] "GET /opensso/namingservice HTTP/1.1" 200 7 "-" "Java/1.5.0_21" 220 183
127.0.0.1 - - [26/Nov/2014:22:06:18 -0500] "GET /opensso/namingservice HTTP/1.1" 200 7 "-" "Java/1.5.0_21" 220 183
127.0.0.1 - - [26/Nov/2014:22:06:40 -0500] "GET /opensso/namingservice HTTP/1.1" 200 7 "-" "Java/1.5.0_21" 220 183
127.0.0.1 - - [26/Nov/2014:22:06:48 -0500] "GET /opensso/namingservice HTTP/1.1" 200 7 "-" "Java/1.5.0_21" 220 183
127.0.0.1 - - [26/Nov/2014:22:07:10 -0500] "GET /opensso/namingservice HTTP/1.1" 200 7 "-" "Java/1.5.0_21" 220 183
127.0.0.1 - - [26/Nov/2014:22:07:18 -0500] "GET /opensso/namingservice HTTP/1.1" 200 7 "-" "Java/1.5.0_21" 220 183
127.0.0.1 - - [26/Nov/2014:22:07:40 -0500] "GET /opensso/namingservice HTTP/1.1" 200 7 "-" "Java/1.5.0_21" 220 183
66.249.64.137 - - [26/Nov/2014:22:07:41 -0500] "GET /redmine/projects/lmmpwiki/activity?from=1945-08-13&show_news=1 HTTP/1.1" 200 4917 "-" "Mozilla/5.0 (compatible; Googlebot/2.1; +http://www.google.com/bot.html)" 624 9568
127.0.0.1 - - [26/Nov/2014:22:07:48 -0500] "GET /opensso/namingservice HTTP/1.1" 200 7 "-" "Java/1.5.0_21" 220 183
127.0.0.1 - - [26/Nov/2014:22:08:10 -0500] "GET /opensso/namingservice HTTP/1.1" 200 7 "-" "Java/1.5.0_21" 220 183
127.0.0.1 - - [26/Nov/2014:22:08:18 -0500] "GET /opensso/namingservice HTTP/1.1" 200 7 "-" "Java/1.5.0_21" 220 183
127.0.0.1 - - [26/Nov/2014:22:08:40 -0500] "GET /opensso/namingservice HTTP/1.1" 200 7 "-" "Java/1.5.0_21" 220 183
127.0.0.1 - - [26/Nov/2014:22:08:48 -0500] "GET /opensso/namingservice HTTP/1.1" 200 7 "-" "Java/1.5.0_21" 220 183
127.0.0.1 - - [26/Nov/2014:22:09:10 -0500] "GET /opensso/namingservice HTTP/1.1" 200 7 "-" "Java/1.5.0_21" 220 183
127.0.0.1 - - [26/Nov/2014:22:09:18 -0500] "GET /opensso/namingservice HTTP/1.1" 200 7 "-" "Java/1.5.0_21" 220 183
127.0.0.1 - - [26/Nov/2014:22:09:40 -0500] "GET /opensso/namingservice HTTP/1.1" 200 7 "-" "Java/1.5.0_21" 220 183
127.0.0.1 - - [26/Nov/2014:22:09:48 -0500] "GET /opensso/namingservice HTTP/1.1" 200 7 "-" "Java/1.5.0_21" 220 183
127.0.0.1 - - [26/Nov/2014:22:10:10 -0500] "GET /opensso/namingservice HTTP/1.1" 200 7 "-" "Java/1.5.0_21" 220 183
127.0.0.1 - - [26/Nov/2014:22:10:18 -0500] "GET /opensso/namingservice HTTP/1.1" 200 7 "-" "Java/1.5.0_21" 220 183
127.0.0.1 - - [26/Nov/2014:22:10:40 -0500] "GET /opensso/namingservice HTTP/1.1" 200 7 "-" "Java/1.5.0_21" 220 183
127.0.0.1 - - [26/Nov/2014:22:10:48 -0500] "GET /opensso/namingservice HTTP/1.1" 200 7 "-" "Java/1.5.0_21" 220 183
127.0.0.1 - - [26/Nov/2014:22:11:10 -0500] "GET /opensso/namingservice HTTP/1.1" 200 7 "-" "Java/1.5.0_21" 220 183
127.0.0.1 - - [26/Nov/2014:22:11:18 -0500] "GET /opensso/namingservice HTTP/1.1" 200 7 "-" "Java/1.5.0_21" 220 183
66.249.64.131 - - [26/Nov/2014:22:11:24 -0500] "GET /redmine/issues/gantt?month=10&months=6&year=1998&zoom=3 HTTP/1.1" 200 51214 "-" "Mozilla/5.0 (compatible; Googlebot/2.1; +http://www.google.com/bot.html)" 346 51903
66.249.64.137 - - [26/Nov/2014:22:11:29 -0500] "GET /redmine/issues/gantt?month=12&months=6&year=1722&zoom=2 HTTP/1.1" 200 30894 "-" "Mozilla/5.0 (compatible; Googlebot/2.1; +http://www.google.com/bot.html)" 617 35747
127.0.0.1 - - [26/Nov/2014:22:11:40 -0500] "GET /opensso/namingservice HTTP/1.1" 200 7 "-" "Java/1.5.0_21" 220 183
127.0.0.1 - - [26/Nov/2014:22:11:48 -0500] "GET /opensso/namingservice HTTP/1.1" 200 7 "-" "Java/1.5.0_21" 220 183
127.0.0.1 - - [26/Nov/2014:22:12:10 -0500] "GET /opensso/namingservice HTTP/1.1" 200 7 "-" "Java/1.5.0_21" 220 183
127.0.0.1 - - [26/Nov/2014:22:12:18 -0500] "GET /opensso/namingservice HTTP/1.1" 200 7 "-" "Java/1.5.0_21" 220 183
127.0.0.1 - - [26/Nov/2014:22:12:40 -0500] "GET /opensso/namingservice HTTP/1.1" 200 7 "-" "Java/1.5.0_21" 220 183
127.0.0.1 - - [26/Nov/2014:22:12:48 -0500] "GET /opensso/namingservice HTTP/1.1" 200 7 "-" "Java/1.5.0_21" 220 183
127.0.0.1 - - [26/Nov/2014:22:13:10 -0500] "GET /opensso/namingservice HTTP/1.1" 200 7 "-" "Java/1.5.0_21" 220 183
127.0.0.1 - - [26/Nov/2014:22:13:18 -0500] "GET /opensso/namingservice HTTP/1.1" 200 7 "-" "Java/1.5.0_21" 220 183
127.0.0.1 - - [26/Nov/2014:22:13:40 -0500] "GET /opensso/namingservice HTTP/1.1" 200 7 "-" "Java/1.5.0_21" 220 183
127.0.0.1 - - [26/Nov/2014:22:13:48 -0500] "GET /opensso/namingservice HTTP/1.1" 200 7 "-" "Java/1.5.0_21" 220 183
127.0.0.1 - - [26/Nov/2014:22:14:10 -0500] "GET /opensso/namingservice HTTP/1.1" 200 7 "-" "Java/1.5.0_21" 220 183
127.0.0.1 - - [26/Nov/2014:22:14:18 -0500] "GET /opensso/namingservice HTTP/1.1" 200 7 "-" "Java/1.5.0_21" 220 183
127.0.0.1 - - [26/Nov/2014:22:14:40 -0500] "GET /opensso/namingservice HTTP/1.1" 200 7 "-" "Java/1.5.0_21" 220 183
127.0.0.1 - - [26/Nov/2014:22:14:48 -0500] "GET /opensso/namingservice HTTP/1.1" 200 7 "-" "Java/1.5.0_21" 220 183
127.0.0.1 - - [26/Nov/2014:22:15:10 -0500] "GET /opensso/namingservice HTTP/1.1" 200 7 "-" "Java/1.5.0_21" 220 183
66.249.64.137 - - [26/Nov/2014:22:15:16 -0500] "GET /robots.txt HTTP/1.1" 404 208 "-" "Mozilla/5.0 (compatible; Googlebot/2.1; +http://www.google.com/bot.html)" 589 4542
66.249.64.137 - - [26/Nov/2014:22:15:16 -0500] "GET /redmine/projects/lmmpwiki/activity?from=1928-09-12 HTTP/1.1" 200 4829 "-" "Mozilla/5.0 (compatible; Googlebot/2.1; +http://www.google.com/bot.html)" 306 5440
127.0.0.1 - - [26/Nov/2014:22:15:18 -0500] "GET /opensso/namingservice HTTP/1.1" 200 7 "-" "Java/1.5.0_21" 220 183
127.0.0.1 - - [26/Nov/2014:22:15:40 -0500] "GET /opensso/namingservice HTTP/1.1" 200 7 "-" "Java/1.5.0_21" 220 183
127.0.0.1 - - [26/Nov/2014:22:15:48 -0500] "GET /opensso/namingservice HTTP/1.1" 200 7 "-" "Java/1.5.0_21" 220 183
127.0.0.1 - - [26/Nov/2014:22:16:10 -0500] "GET /opensso/namingservice HTTP/1.1" 200 7 "-" "Java/1.5.0_21" 220 183
127.0.0.1 - - [26/Nov/2014:22:16:18 -0500] "GET /opensso/namingservice HTTP/1.1" 200 7 "-" "Java/1.5.0_21" 220 183
127.0.0.1 - - [26/Nov/2014:22:16:40 -0500] "GET /opensso/namingservice HTTP/1.1" 200 7 "-" "Java/1.5.0_21" 220 183
127.0.0.1 - - [26/Nov/2014:22:16:48 -0500] "GET /opensso/namingservice HTTP/1.1" 200 7 "-" "Java/1.5.0_21" 220 183
127.0.0.1 - - [26/Nov/2014:22:17:10 -0500] "GET /opensso/namingservice HTTP/1.1" 200 7 "-" "Java/1.5.0_21" 220 183
127.0.0.1 - - [26/Nov/2014:22:17:18 -0500] "GET /opensso/namingservice HTTP/1.1" 200 7 "-" "Java/1.5.0_21" 220 183
127.0.0.1 - - [26/Nov/2014:22:17:40 -0500] "GET /opensso/namingservice HTTP/1.1" 200 7 "-" "Java/1.5.0_21" 220 183
127.0.0.1 - - [26/Nov/2014:22:17:48 -0500] "GET /opensso/namingservice HTTP/1.1" 200 7 "-" "Java/1.5.0_21" 220 183
127.0.0.1 - - [26/Nov/2014:22:18:10 -0500] "GET /opensso/namingservice HTTP/1.1" 200 7 "-" "Java/1.5.0_21" 220 183
127.0.0.1 - - [26/Nov/2014:22:18:18 -0500] "GET /opensso/namingservice HTTP/1.1" 200 7 "-" "Java/1.5.0_21" 220 183
127.0.0.1 - - [26/Nov/2014:22:18:40 -0500] "GET /opensso/namingservice HTTP/1.1" 200 7 "-" "Java/1.5.0_21" 220 183
127.0.0.1 - - [26/Nov/2014:22:18:48 -0500] "GET /opensso/namingservice HTTP/1.1" 200 7 "-" "Java/1.5.0_21" 220 183
127.0.0.1 - - [26/Nov/2014:22:19:10 -0500] "GET /opensso/namingservice HTTP/1.1" 200 7 "-" "Java/1.5.0_21" 220 183
127.0.0.1 - - [26/Nov/2014:22:19:18 -0500] "GET /opensso/namingservice HTTP/1.1" 200 7 "-" "Java/1.5.0_21" 220 183
127.0.0.1 - - [26/Nov/2014:22:19:40 -0500] "GET /opensso/namingservice HTTP/1.1" 200 7 "-" "Java/1.5.0_21" 220 183
127.0.0.1 - - [26/Nov/2014:22:19:48 -0500] "GET /opensso/namingservice HTTP/1.1" 200 7 "-" "Java/1.5.0_21" 220 183
66.249.64.131 - - [26/Nov/2014:22:19:58 -0500] "GET /redmine/projects/lmmpwiki/activity?from=1991-10-17 HTTP/1.1" 200 4829 "-" "Mozilla/5.0 (compatible; Googlebot/2.1; +http://www.google.com/bot.html)" 281 5391
127.0.0.1 - - [26/Nov/2014:22:20:10 -0500] "GET /opensso/namingservice HTTP/1.1" 200 7 "-" "Java/1.5.0_21" 220 183
127.0.0.1 - - [26/Nov/2014:22:20:18 -0500] "GET /opensso/namingservice HTTP/1.1" 200 7 "-" "Java/1.5.0_21" 220 183
127.0.0.1 - - [26/Nov/2014:22:20:40 -0500] "GET /opensso/namingservice HTTP/1.1" 200 7 "-" "Java/1.5.0_21" 220 183
180.76.5.151 - - [26/Nov/2014:22:20:47 -0500] "GET /LMMPUI/LMMP_CLIENT/LMMP.html HTTP/1.1" 200 8973 "-" "Mozilla/5.0 (compatible; Baiduspider/2.0; +http://www.baidu.com/search/spider.html)" 247 9266
127.0.0.1 - - [26/Nov/2014:22:20:48 -0500] "GET /opensso/namingservice HTTP/1.1" 200 7 "-" "Java/1.5.0_21" 220 183
127.0.0.1 - - [26/Nov/2014:22:21:10 -0500] "GET /opensso/namingservice HTTP/1.1" 200 7 "-" "Java/1.5.0_21" 220 183
127.0.0.1 - - [26/Nov/2014:22:21:18 -0500] "GET /opensso/namingservice HTTP/1.1" 200 7 "-" "Java/1.5.0_21" 220 183
127.0.0.1 - - [26/Nov/2014:22:21:40 -0500] "GET /opensso/namingservice HTTP/1.1" 200 7 "-" "Java/1.5.0_21" 220 183
127.0.0.1 - - [26/Nov/2014:22:21:48 -0500] "GET /opensso/namingservice HTTP/1.1" 200 7 "-" "Java/1.5.0_21" 220 183
127.0.0.1 - - [26/Nov/2014:22:22:10 -0500] "GET /opensso/namingservice HTTP/1.1" 200 7 "-" "Java/1.5.0_21" 220 183
127.0.0.1 - - [26/Nov/2014:22:22:18 -0500] "GET /opensso/namingservice HTTP/1.1" 200 7 "-" "Java/1.5.0_21" 220 183
127.0.0.1 - - [26/Nov/2014:22:22:40 -0500] "GET /opensso/namingservice HTTP/1.1" 200 7 "-" "Java/1.5.0_21" 220 183
127.0.0.1 - - [26/Nov/2014:22:22:48 -0500] "GET /opensso/namingservice HTTP/1.1" 200 7 "-" "Java/1.5.0_21" 220 183
66.249.64.139 - - [26/Nov/2014:22:22:51 -0500] "GET /redmine/projects/lmmpwiki/activity?from=1860-06-06 HTTP/1.1" 200 4829 "-" "Mozilla/5.0 (compatible; Googlebot/2.1; +http://www.google.com/bot.html)" 281 5392
127.0.0.1 - - [26/Nov/2014:22:23:10 -0500] "GET /opensso/namingservice HTTP/1.1" 200 7 "-" "Java/1.5.0_21" 220 183
127.0.0.1 - - [26/Nov/2014:22:23:18 -0500] "GET /opensso/namingservice HTTP/1.1" 200 7 "-" "Java/1.5.0_21" 220 183
127.0.0.1 - - [26/Nov/2014:22:23:40 -0500] "GET /opensso/namingservice HTTP/1.1" 200 7 "-" "Java/1.5.0_21" 220 183
127.0.0.1 - - [26/Nov/2014:22:23:48 -0500] "GET /opensso/namingservice HTTP/1.1" 200 7 "-" "Java/1.5.0_21" 220 183
127.0.0.1 - - [26/Nov/2014:22:24:10 -0500] "GET /opensso/namingservice HTTP/1.1" 200 7 "-" "Java/1.5.0_21" 220 183
127.0.0.1 - - [26/Nov/2014:22:24:18 -0500] "GET /opensso/namingservice HTTP/1.1" 200 7 "-" "Java/1.5.0_21" 220 183
127.0.0.1 - - [26/Nov/2014:22:24:40 -0500] "GET /opensso/namingservice HTTP/1.1" 200 7 "-" "Java/1.5.0_21" 220 183
127.0.0.1 - - [26/Nov/2014:22:24:48 -0500] "GET /opensso/namingservice HTTP/1.1" 200 7 "-" "Java/1.5.0_21" 220 183
127.0.0.1 - - [26/Nov/2014:22:25:10 -0500] "GET /opensso/namingservice HTTP/1.1" 200 7 "-" "Java/1.5.0_21" 220 183
127.0.0.1 - - [26/Nov/2014:22:25:18 -0500] "GET /opensso/namingservice HTTP/1.1" 200 7 "-" "Java/1.5.0_21" 220 183
127.0.0.1 - - [26/Nov/2014:22:25:20 -0500] "POST /opensso/sessionservice HTTP/1.1" 200 2021 "-" "Java/1.5.0_21" 710 2199
127.0.0.1 - - [26/Nov/2014:22:25:20 -0500] "GET /opensso/identity//xml/read?name=TomcatApps1&attributes_names=realm&attributes_values_realm=%2Fappspub&attributes_names=objecttype&attributes_values_objecttype=Agent&admin=AQIC5wM2LY4SfczRlxsnYhV4XsPIA0nKaqD5A7dO5hSyj5Q%3D%40AAJTSQACMDE%3D%23 HTTP/1.1" 200 13607 "-" "Java/1.5.0_21" 440 13791
127.0.0.1 - - [26/Nov/2014:22:25:40 -0500] "GET /opensso/namingservice HTTP/1.1" 200 7 "-" "Java/1.5.0_21" 220 183
127.0.0.1 - - [26/Nov/2014:22:25:48 -0500] "GET /opensso/namingservice HTTP/1.1" 200 7 "-" "Java/1.5.0_21" 220 183
127.0.0.1 - - [26/Nov/2014:22:26:10 -0500] "GET /opensso/namingservice HTTP/1.1" 200 7 "-" "Java/1.5.0_21" 220 183
127.0.0.1 - - [26/Nov/2014:22:26:18 -0500] "GET /opensso/namingservice HTTP/1.1" 200 7 "-" "Java/1.5.0_21" 220 183
66.249.64.141 - - [26/Nov/2014:22:26:38 -0500] "GET /redmine/issues/gantt?month=6&months=6&year=1817&zoom=2 HTTP/1.1" 200 30905 "-" "Mozilla/5.0 (compatible; Googlebot/2.1; +http://www.google.com/bot.html)" 616 35758
127.0.0.1 - - [26/Nov/2014:22:26:40 -0500] "GET /opensso/namingservice HTTP/1.1" 200 7 "-" "Java/1.5.0_21" 220 183
127.0.0.1 - - [26/Nov/2014:22:26:48 -0500] "GET /opensso/namingservice HTTP/1.1" 200 7 "-" "Java/1.5.0_21" 220 183
127.0.0.1 - - [26/Nov/2014:22:27:10 -0500] "GET /opensso/namingservice HTTP/1.1" 200 7 "-" "Java/1.5.0_21" 220 183
127.0.0.1 - - [26/Nov/2014:22:27:18 -0500] "GET /opensso/namingservice HTTP/1.1" 200 7 "-" "Java/1.5.0_21" 220 183
127.0.0.1 - - [26/Nov/2014:22:27:40 -0500] "GET /opensso/namingservice HTTP/1.1" 200 7 "-" "Java/1.5.0_21" 220 183
127.0.0.1 - - [26/Nov/2014:22:27:48 -0500] "GET /opensso/namingservice HTTP/1.1" 200 7 "-" "Java/1.5.0_21" 220 183
127.0.0.1 - - [26/Nov/2014:22:28:10 -0500] "GET /opensso/namingservice HTTP/1.1" 200 7 "-" "Java/1.5.0_21" 220 183
127.0.0.1 - - [26/Nov/2014:22:28:18 -0500] "GET /opensso/namingservice HTTP/1.1" 200 7 "-" "Java/1.5.0_21" 220 183
66.249.64.139 - - [26/Nov/2014:22:28:19 -0500] "GET /redmine/projects/lmmpwiki/wiki/date_index HTTP/1.1" 200 10210 "-" "Mozilla/5.0 (compatible; Googlebot/2.1; +http://www.google.com/bot.html)" 272 10692
127.0.0.1 - - [26/Nov/2014:22:28:40 -0500] "GET /opensso/namingservice HTTP/1.1" 200 7 "-" "Java/1.5.0_21" 220 183
127.0.0.1 - - [26/Nov/2014:22:28:48 -0500] "GET /opensso/namingservice HTTP/1.1" 200 7 "-" "Java/1.5.0_21" 220 183
127.0.0.1 - - [26/Nov/2014:22:29:10 -0500] "GET /opensso/namingservice HTTP/1.1" 200 7 "-" "Java/1.5.0_21" 220 183
127.0.0.1 - - [26/Nov/2014:22:29:18 -0500] "GET /opensso/namingservice HTTP/1.1" 200 7 "-" "Java/1.5.0_21" 220 183
127.0.0.1 - - [26/Nov/2014:22:29:40 -0500] "GET /opensso/namingservice HTTP/1.1" 200 7 "-" "Java/1.5.0_21" 220 183
127.0.0.1 - - [26/Nov/2014:22:29:48 -0500] "GET /opensso/namingservice HTTP/1.1" 200 7 "-" "Java/1.5.0_21" 220 183
66.249.64.135 - - [26/Nov/2014:22:30:06 -0500] "GET /redmine/projects/lmmpwiki/activity?from=1936-10-19&show_news=1 HTTP/1.1" 200 4917 "-" "Mozilla/5.0 (compatible; Googlebot/2.1; +http://www.google.com/bot.html)" 293 5479
127.0.0.1 - - [26/Nov/2014:22:30:10 -0500] "GET /opensso/namingservice HTTP/1.1" 200 7 "-" "Java/1.5.0_21" 220 183
127.0.0.1 - - [26/Nov/2014:22:30:18 -0500] "GET /opensso/namingservice HTTP/1.1" 200 7 "-" "Java/1.5.0_21" 220 183
127.0.0.1 - - [26/Nov/2014:22:30:40 -0500] "GET /opensso/namingservice HTTP/1.1" 200 7 "-" "Java/1.5.0_21" 220 183
127.0.0.1 - - [26/Nov/2014:22:30:48 -0500] "GET /opensso/namingservice HTTP/1.1" 200 7 "-" "Java/1.5.0_21" 220 183
127.0.0.1 - - [26/Nov/2014:22:31:10 -0500] "GET /opensso/namingservice HTTP/1.1" 200 7 "-" "Java/1.5.0_21" 220 183
127.0.0.1 - - [26/Nov/2014:22:31:18 -0500] "GET /opensso/namingservice HTTP/1.1" 200 7 "-" "Java/1.5.0_21" 220 183
127.0.0.1 - - [26/Nov/2014:22:31:40 -0500] "GET /opensso/namingservice HTTP/1.1" 200 7 "-" "Java/1.5.0_21" 220 183
127.0.0.1 - - [26/Nov/2014:22:31:48 -0500] "GET /opensso/namingservice HTTP/1.1" 200 7 "-" "Java/1.5.0_21" 220 183
127.0.0.1 - - [26/Nov/2014:22:32:10 -0500] "GET /opensso/namingservice HTTP/1.1" 200 7 "-" "Java/1.5.0_21" 220 183
127.0.0.1 - - [26/Nov/2014:22:32:18 -0500] "GET /opensso/namingservice HTTP/1.1" 200 7 "-" "Java/1.5.0_21" 220 183
127.0.0.1 - - [26/Nov/2014:22:32:40 -0500] "GET /opensso/namingservice HTTP/1.1" 200 7 "-" "Java/1.5.0_21" 220 183
127.0.0.1 - - [26/Nov/2014:22:32:48 -0500] "GET /opensso/namingservice HTTP/1.1" 200 7 "-" "Java/1.5.0_21" 220 183
127.0.0.1 - - [26/Nov/2014:22:33:10 -0500] "GET /opensso/namingservice HTTP/1.1" 200 7 "-" "Java/1.5.0_21" 220 183
127.0.0.1 - - [26/Nov/2014:22:33:18 -0500] "GET /opensso/namingservice HTTP/1.1" 200 7 "-" "Java/1.5.0_21" 220 183
127.0.0.1 - - [26/Nov/2014:22:33:40 -0500] "GET /opensso/namingservice HTTP/1.1" 200 7 "-" "Java/1.5.0_21" 220 183
127.0.0.1 - - [26/Nov/2014:22:33:48 -0500] "GET /opensso/namingservice HTTP/1.1" 200 7 "-" "Java/1.5.0_21" 220 183
127.0.0.1 - - [26/Nov/2014:22:34:10 -0500] "GET /opensso/namingservice HTTP/1.1" 200 7 "-" "Java/1.5.0_21" 220 183
66.249.64.137 - - [26/Nov/2014:22:34:14 -0500] "GET /redmine/projects/lmmpwiki/activity?from=1934-06-04 HTTP/1.1" 200 4829 "-" "Mozilla/5.0 (compatible; Googlebot/2.1; +http://www.google.com/bot.html)" 612 9480
