66.249.69.248 - - [28/Nov/2014:01:59:51 -0500] "GET /redmine/projects/lmmpwiki/activity?from=1920-12-26 HTTP/1.1" 200 4829 "-" "Mozilla/5.0 (compatible; Googlebot/2.1; +http://www.google.com/bot.html)" 612 9480
127.0.0.1 - - [28/Nov/2014:02:00:10 -0500] "GET /opensso/namingservice HTTP/1.1" 200 7 "-" "Java/1.5.0_21" 220 183
127.0.0.1 - - [28/Nov/2014:02:00:18 -0500] "GET /opensso/namingservice HTTP/1.1" 200 7 "-" "Java/1.5.0_21" 220 183
220.181.108.165 - - [28/Nov/2014:02:00:27 -0500] "GET / HTTP/1.1" 302 237 "-" "Mozilla/5.0 (compatible; Baiduspider/2.0; +http://www.baidu.com/search/spider.html)" 183 506
127.0.0.1 - - [28/Nov/2014:02:00:40 -0500] "GET /opensso/namingservice HTTP/1.1" 200 7 "-" "Java/1.5.0_21" 220 183
66.249.69.143 - - [28/Nov/2014:02:00:46 -0500] "GET /redmine/projects/lmmpwiki/wiki HTTP/1.1" 200 9765 "-" "Mozilla/5.0 (compatible; Googlebot/2.1; +http://www.google.com/bot.html)" 261 10246
127.0.0.1 - - [28/Nov/2014:02:00:48 -0500] "GET /opensso/namingservice HTTP/1.1" 200 7 "-" "Java/1.5.0_21" 220 183
127.0.0.1 - - [28/Nov/2014:02:00:56 -0500] "POST /opensso/sessionservice HTTP/1.1" 200 2341 "-" "Java/1.5.0_21" 816 2519
127.0.0.1 - - [28/Nov/2014:02:00:56 -0500] "POST /opensso/policyservice HTTP/1.1" 200 7692 "-" "Java/1.5.0_21" 1120 7870
127.0.0.1 - - [28/Nov/2014:02:00:56 -0500] "POST /opensso/jaxrpc/SMSObjectIF HTTP/1.1" 200 505 "-" "Java/1.5.0_21" 847 766
127.0.0.1 - - [28/Nov/2014:02:00:56 -0500] "POST /opensso/jaxrpc/DirectoryManagerIF HTTP/1.1" 200 1290 "-" "Java/1.5.0_21" 1362 1551
127.0.0.1 - - [28/Nov/2014:02:00:56 -0500] "POST /opensso/jaxrpc/SMSObjectIF HTTP/1.1" 200 505 "-" "Java/1.5.0_21" 847 766
127.0.0.1 - - [28/Nov/2014:02:00:56 -0500] "POST /opensso/jaxrpc/DirectoryManagerIF HTTP/1.1" 200 1290 "-" "Java/1.5.0_21" 1362 1551
68.209.225.157 - - [28/Nov/2014:02:00:56 -0500] "GET /LMMP/rest/dbxml/fgdc/legend/stream?label=LRO_NAC_ClrRoughness_15m_43S349E_150cmp HTTP/1.1" 200 3245 "-" "Moon%20Tours/1.0.0 CFNetwork/672.1.15 Darwin/14.0.0" 840 3819
68.209.225.157 - - [28/Nov/2014:02:00:56 -0500] "GET /arcgis/rest/services/CombinedNomenclature/MapServer/export?bboxSR=104903&dpi=163&size=464,544&transparent=true&format=png&bbox=-11.94366193,-43.77719381,-10.62523150,-42.22870371&f=image&imageSR=104903 HTTP/1.1" 200 2957 "arcgisios" "ArcGISiOS-2.3.2/7.1.2/iPhone3,1" 511 3213
127.0.0.1 - - [28/Nov/2014:02:01:10 -0500] "GET /opensso/namingservice HTTP/1.1" 200 7 "-" "Java/1.5.0_21" 220 183
68.209.225.157 - - [28/Nov/2014:02:01:11 -0500] "GET /arcgis/rest/services/CombinedNomenclature/MapServer/export?bboxSR=104903&dpi=163&size=464,544&transparent=true&format=png&bbox=-13.09898450,-45.10749643,-9.64075019,-41.04581712&f=image&imageSR=104903 HTTP/1.1" 200 2953 "arcgisios" "ArcGISiOS-2.3.2/7.1.2/iPhone3,1" 510 3236
127.0.0.1 - - [28/Nov/2014:02:01:18 -0500] "GET /opensso/namingservice HTTP/1.1" 200 7 "-" "Java/1.5.0_21" 220 183
68.209.225.157 - - [28/Nov/2014:02:01:34 -0500] "GET /arcgis/rest/services/CombinedNomenclature/MapServer/export?bboxSR=104903&dpi=163&size=464,544&transparent=true&format=png&bbox=-11.76832258,-44.08130445,-10.52900924,-42.62573700&f=image&imageSR=104903 HTTP/1.1" 200 2915 "arcgisios" "ArcGISiOS-2.3.2/7.1.2/iPhone3,1" 511 3198
123.125.71.69 - - [28/Nov/2014:02:01:39 -0500] "GET / HTTP/1.1" 302 237 "-" "Mozilla/5.0 (compatible; Baiduspider/2.0; +http://www.baidu.com/search/spider.html)" 183 506
127.0.0.1 - - [28/Nov/2014:02:01:40 -0500] "GET /opensso/namingservice HTTP/1.1" 200 7 "-" "Java/1.5.0_21" 220 183
127.0.0.1 - - [28/Nov/2014:02:01:48 -0500] "GET /opensso/namingservice HTTP/1.1" 200 7 "-" "Java/1.5.0_21" 220 183
68.209.225.157 - - [28/Nov/2014:02:01:56 -0500] "GET /arcgis/rest/services/CombinedNomenclature/MapServer/find?returnGeometry=true&contains=true&layers=0&searchFields=LABEL&searchText=Ap&f=json HTTP/1.1" 200 18837 "arcgisios" "ArcGISiOS-2.3.2/7.1.2/iPhone3,1" 449 19176
68.209.225.157 - - [28/Nov/2014:02:01:57 -0500] "GET /arcgis/rest/services/CombinedNomenclature/MapServer/find?returnGeometry=true&contains=true&layers=0&searchFields=LABEL&searchText=Apo&f=json HTTP/1.1" 200 3912 "arcgisios" "ArcGISiOS-2.3.2/7.1.2/iPhone3,1" 450 4250
68.209.225.157 - - [28/Nov/2014:02:01:55 -0500] "GET /arcgis/rest/services/CombinedNomenclature/MapServer/find?returnGeometry=true&contains=true&layers=0&searchFields=LABEL&searchText=A&f=json HTTP/1.1" 200 152785 "arcgisios" "ArcGISiOS-2.3.2/7.1.2/iPhone3,1" 448 153127
68.209.225.157 - - [28/Nov/2014:02:01:57 -0500] "GET /arcgis/rest/services/CombinedNomenclature/MapServer/find?returnGeometry=true&contains=true&layers=0&searchFields=LABEL&searchText=Apol&f=json HTTP/1.1" 200 3537 "arcgisios" "ArcGISiOS-2.3.2/7.1.2/iPhone3,1" 451 3875
68.209.225.157 - - [28/Nov/2014:02:01:57 -0500] "GET /arcgis/rest/services/CombinedNomenclature/MapServer/find?returnGeometry=true&contains=true&layers=0&searchFields=LABEL&searchText=Apoll&f=json HTTP/1.1" 200 3537 "arcgisios" "ArcGISiOS-2.3.2/7.1.2/iPhone3,1" 452 3875
68.209.225.157 - - [28/Nov/2014:02:01:58 -0500] "GET /arcgis/rest/services/CombinedNomenclature/MapServer/find?returnGeometry=true&contains=true&layers=0&searchFields=LABEL&searchText=Apollo&f=json HTTP/1.1" 200 3537 "arcgisios" "ArcGISiOS-2.3.2/7.1.2/iPhone3,1" 453 3874
68.209.225.157 - - [28/Nov/2014:02:02:02 -0500] "GET /arcgis/rest/services/CombinedNomenclature/MapServer/find?returnGeometry=true&contains=true&layers=0&searchFields=LABEL&searchText=Apollo%20&f=json HTTP/1.1" 200 1011 "arcgisios" "ArcGISiOS-2.3.2/7.1.2/iPhone3,1" 456 1349
68.209.225.157 - - [28/Nov/2014:02:02:02 -0500] "GET /arcgis/rest/services/CombinedNomenclature/MapServer/find?returnGeometry=true&contains=true&layers=0&searchFields=LABEL&searchText=Apollo%201&f=json HTTP/1.1" 200 954 "arcgisios" "ArcGISiOS-2.3.2/7.1.2/iPhone3,1" 457 1290
68.209.225.157 - - [28/Nov/2014:02:02:02 -0500] "GET /arcgis/rest/services/CombinedNomenclature/MapServer/find?returnGeometry=true&contains=true&layers=0&searchFields=LABEL&searchText=Apollo%2011&f=json HTTP/1.1" 200 647 "arcgisios" "ArcGISiOS-2.3.2/7.1.2/iPhone3,1" 458 984
68.209.225.157 - - [28/Nov/2014:02:02:05 -0500] "GET /arcgis/rest/services/CombinedNomenclature/MapServer/export?bboxSR=104903&dpi=163&size=464,544&transparent=true&format=png&bbox=22.89034333,-0.07778373,24.12965667,1.37778373&f=image&imageSR=104903 HTTP/1.1" 200 4581 "arcgisios" "ArcGISiOS-2.3.2/7.1.2/iPhone3,1" 506 4837
127.0.0.1 - - [28/Nov/2014:02:02:10 -0500] "GET /opensso/namingservice HTTP/1.1" 200 7 "-" "Java/1.5.0_21" 220 183
68.209.225.157 - - [28/Nov/2014:02:02:15 -0500] "GET /arcgis/rest/services/CombinedNomenclature/MapServer/export?bboxSR=104903&dpi=163&size=464,544&transparent=true&format=png&bbox=23.27329988,0.42285966,23.64847407,0.86349991&f=image&imageSR=104903 HTTP/1.1" 200 3656 "arcgisios" "ArcGISiOS-2.3.2/7.1.2/iPhone3,1" 505 3940
127.0.0.1 - - [28/Nov/2014:02:02:18 -0500] "GET /opensso/namingservice HTTP/1.1" 200 7 "-" "Java/1.5.0_21" 220 183
68.209.225.157 - - [28/Nov/2014:02:02:17 -0500] "GET /arcgis/rest/services/CombinedNomenclature/MapServer/export?bboxSR=104903&dpi=163&size=464,544&transparent=true&format=png&bbox=23.47132228,0.57724608,23.56962333,0.69270018&f=image&imageSR=104903 HTTP/1.1" 200 2055 "arcgisios" "ArcGISiOS-2.3.2/7.1.2/iPhone3,1" 505 2338
68.209.225.157 - - [28/Nov/2014:02:02:23 -0500] "GET /arcgis/rest/services/CombinedNomenclature/MapServer/export?bboxSR=104903&dpi=163&size=464,544&transparent=true&format=png&bbox=23.45154349,0.59684058,23.54984454,0.71229468&f=image&imageSR=104903 HTTP/1.1" 200 2038 "arcgisios" "ArcGISiOS-2.3.2/7.1.2/iPhone3,1" 505 2293
68.209.225.157 - - [28/Nov/2014:02:02:25 -0500] "GET /arcgis/rest/services/CombinedNomenclature/MapServer/export?bboxSR=104903&dpi=163&size=464,544&transparent=true&format=png&bbox=23.49404844,0.62841099,23.52641462,0.66642491&f=image&imageSR=104903 HTTP/1.1" 200 2061 "arcgisios" "ArcGISiOS-2.3.2/7.1.2/iPhone3,1" 505 2317
202.46.60.11 - - [28/Nov/2014:02:02:28 -0500] "GET / HTTP/1.1" 302 237 "-" "Mozilla/4.0 (compatible; MSIE 7.0; Windows NT 6.0)" 150 506
66.249.69.248 - - [28/Nov/2014:02:02:31 -0500] "GET /redmine/activity?from=2009-07-06&show_news=1&user_id=1 HTTP/1.1" 200 5677 "-" "Mozilla/5.0 (compatible; Googlebot/2.1; +http://www.google.com/bot.html)" 616 10328
68.209.225.157 - - [28/Nov/2014:02:02:30 -0500] "GET /arcgis/rest/services/CombinedNomenclature/MapServer/export?bboxSR=104903&dpi=163&size=464,544&transparent=true&format=png&bbox=23.49436158,0.64510843,23.52672777,0.68312236&f=image&imageSR=104903 HTTP/1.1" 200 2060 "arcgisios" "ArcGISiOS-2.3.2/7.1.2/iPhone3,1" 505 2316
68.209.225.157 - - [28/Nov/2014:02:02:32 -0500] "GET /arcgis/rest/services/CombinedNomenclature/MapServer/export?bboxSR=104903&dpi=163&size=464,544&transparent=true&format=png&bbox=23.49123037,0.61839647,23.52359656,0.65641040&f=image&imageSR=104903 HTTP/1.1" 200 2074 "arcgisios" "ArcGISiOS-2.3.2/7.1.2/iPhone3,1" 505 2357
68.209.225.157 - - [28/Nov/2014:02:02:34 -0500] "GET /arcgis/rest/services/CombinedNomenclature/MapServer/export?bboxSR=104903&dpi=163&size=464,544&transparent=true&format=png&bbox=23.49321661,0.62558393,23.52558279,0.66359785&f=image&imageSR=104903 HTTP/1.1" 200 2071 "arcgisios" "ArcGISiOS-2.3.2/7.1.2/iPhone3,1" 505 2354
68.209.225.157 - - [28/Nov/2014:02:02:36 -0500] "GET /arcgis/rest/services/CombinedNomenclature/MapServer/export?bboxSR=104903&dpi=163&size=464,544&transparent=true&format=png&bbox=23.47748139,0.62726471,23.50984757,0.66527863&f=image&imageSR=104903 HTTP/1.1" 200 252 "arcgisios" "ArcGISiOS-2.3.2/7.1.2/iPhone3,1" 505 508
127.0.0.1 - - [28/Nov/2014:02:02:40 -0500] "GET /opensso/namingservice HTTP/1.1" 200 7 "-" "Java/1.5.0_21" 220 183
68.209.225.157 - - [28/Nov/2014:02:02:39 -0500] "GET /arcgis/rest/services/CombinedNomenclature/MapServer/export?bboxSR=104903&dpi=163&size=464,544&transparent=true&format=png&bbox=23.49268064,0.62647828,23.52504682,0.66449221&f=image&imageSR=104903 HTTP/1.1" 200 2069 "arcgisios" "ArcGISiOS-2.3.2/7.1.2/iPhone3,1" 505 2352
127.0.0.1 - - [28/Nov/2014:02:02:48 -0500] "GET /opensso/namingservice HTTP/1.1" 200 7 "-" "Java/1.5.0_21" 220 183
68.209.225.157 - - [28/Nov/2014:02:02:53 -0500] "GET /arcgis/rest/services/CombinedNomenclature/MapServer/export?bboxSR=104903&dpi=163&size=464,544&transparent=true&format=png&bbox=-130.24879074,-152.97656822,130.24879074,152.97656822&f=image&imageSR=104903 HTTP/1.1" 200 252 "arcgisios" "ArcGISiOS-2.3.2/7.1.2/iPhone3,1" 513 508
127.0.0.1 - - [28/Nov/2014:02:03:10 -0500] "GET /opensso/namingservice HTTP/1.1" 200 7 "-" "Java/1.5.0_21" 220 183
127.0.0.1 - - [28/Nov/2014:02:03:18 -0500] "GET /opensso/namingservice HTTP/1.1" 200 7 "-" "Java/1.5.0_21" 220 183
119.63.193.196 - - [28/Nov/2014:02:03:37 -0500] "GET / HTTP/1.1" 302 237 "-" "Mozilla/4.0 (compatible; MSIE 7.0; Windows NT 6.0)" 150 506
127.0.0.1 - - [28/Nov/2014:02:03:40 -0500] "GET /opensso/namingservice HTTP/1.1" 200 7 "-" "Java/1.5.0_21" 220 183
68.209.225.157 - - [28/Nov/2014:02:03:43 -0500] "GET /arcgis/rest/services/CombinedNomenclature/MapServer/export?bboxSR=104903&dpi=163&size=320,460&transparent=true&format=png&bbox=-96.30934303,-111.02632671,83.69065697,147.72367329&f=image&imageSR=104903 HTTP/1.1" 200 200 "arcgisios" "ArcGISiOS-2.3.2/7.1.2/iPhone3,1" 511 456
127.0.0.1 - - [28/Nov/2014:02:03:48 -0500] "GET /opensso/namingservice HTTP/1.1" 200 7 "-" "Java/1.5.0_21" 220 183
68.209.225.157 - - [28/Nov/2014:02:03:50 -0500] "GET /arcgis/rest/services/CombinedNomenclature/MapServer/export?bboxSR=104903&dpi=163&size=320,460&transparent=true&format=png&bbox=-97.71559303,-111.58882671,82.28440697,147.16117329&f=image&imageSR=104903 HTTP/1.1" 200 200 "arcgisios" "ArcGISiOS-2.3.2/7.1.2/iPhone3,1" 511 456
68.209.225.157 - - [28/Nov/2014:02:04:01 -0500] "GET /arcgis/rest/services/CombinedNomenclature/MapServer/export?bboxSR=104903&dpi=163&size=320,460&transparent=true&format=png&bbox=-97.15309303,-107.65132671,82.84690697,151.09867329&f=image&imageSR=104903 HTTP/1.1" 200 200 "arcgisios" "ArcGISiOS-2.3.2/7.1.2/iPhone3,1" 511 483
68.209.225.157 - - [28/Nov/2014:02:04:06 -0500] "GET /arcgis/rest/services/CombinedNomenclature/MapServer/export?bboxSR=104903&dpi=163&size=320,460&transparent=true&format=png&bbox=-42.59059303,-103.71382671,137.40940697,155.03617329&f=image&imageSR=104903 HTTP/1.1" 200 200 "arcgisios" "ArcGISiOS-2.3.2/7.1.2/iPhone3,1" 512 456
68.209.225.157 - - [28/Nov/2014:02:04:06 -0500] "GET /arcgis/rest/services/CombinedNomenclature/MapServer/export?bboxSR=104903&dpi=163&size=320,460&transparent=true&format=png&bbox=-42.59059303,-103.71382671,137.40940697,155.03617329&f=image&imageSR=104903 HTTP/1.1" 200 200 "arcgisios" "ArcGISiOS-2.3.2/7.1.2/iPhone3,1" 512 483
127.0.0.1 - - [28/Nov/2014:02:04:10 -0500] "GET /opensso/namingservice HTTP/1.1" 200 7 "-" "Java/1.5.0_21" 220 183
68.209.225.157 - - [28/Nov/2014:02:04:10 -0500] "GET /arcgis/rest/services/CombinedNomenclature/MapServer/export?bboxSR=104903&dpi=163&size=320,460&transparent=true&format=png&bbox=-45.89741825,-110.92193728,134.10258175,147.82806272&f=image&imageSR=104903 HTTP/1.1" 200 200 "arcgisios" "ArcGISiOS-2.3.2/7.1.2/iPhone3,1" 512 456
68.209.225.157 - - [28/Nov/2014:02:04:11 -0500] "GET /arcgis/rest/services/CombinedNomenclature/MapServer/export?bboxSR=104903&dpi=163&size=320,460&transparent=true&format=png&bbox=21.32133175,-35.96881228,111.32133175,93.40618772&f=image&imageSR=104903 HTTP/1.1" 200 200 "arcgisios" "ArcGISiOS-2.3.2/7.1.2/iPhone3,1" 509 456
68.209.225.157 - - [28/Nov/2014:02:04:12 -0500] "GET /arcgis/rest/services/CombinedNomenclature/MapServer/export?bboxSR=104903&dpi=163&size=320,460&transparent=true&format=png&bbox=1.53488667,-56.32165783,91.53488667,73.05334217&f=image&imageSR=104903 HTTP/1.1" 200 200 "arcgisios" "ArcGISiOS-2.3.2/7.1.2/iPhone3,1" 507 483
68.209.225.157 - - [28/Nov/2014:02:04:14 -0500] "GET /arcgis/rest/services/CombinedNomenclature/MapServer/export?bboxSR=104903&dpi=163&size=320,460&transparent=true&format=png&bbox=-16.29958758,-82.80252821,73.70041242,46.57247179&f=image&imageSR=104903 HTTP/1.1" 200 200 "arcgisios" "ArcGISiOS-2.3.2/7.1.2/iPhone3,1" 509 455
68.209.225.157 - - [28/Nov/2014:02:04:16 -0500] "GET /arcgis/rest/services/CombinedNomenclature/MapServer/export?bboxSR=104903&dpi=163&size=320,460&transparent=true&format=png&bbox=-47.92898807,-117.58545763,42.07101193,11.78954237&f=image&imageSR=104903 HTTP/1.1" 200 200 "arcgisios" "ArcGISiOS-2.3.2/7.1.2/iPhone3,1" 510 456
127.0.0.1 - - [28/Nov/2014:02:04:18 -0500] "GET /opensso/namingservice HTTP/1.1" 200 7 "-" "Java/1.5.0_21" 220 183
68.209.225.157 - - [28/Nov/2014:02:04:18 -0500] "GET /arcgis/rest/services/CombinedNomenclature/MapServer/export?bboxSR=104903&dpi=163&size=320,460&transparent=true&format=png&bbox=-36.06148770,-88.86745662,53.93851230,40.50754338&f=image&imageSR=104903 HTTP/1.1" 200 200 "arcgisios" "ArcGISiOS-2.3.2/7.1.2/iPhone3,1" 509 483
68.209.225.157 - - [28/Nov/2014:02:04:19 -0500] "GET /arcgis/rest/services/CombinedNomenclature/MapServer/export?bboxSR=104903&dpi=163&size=320,460&transparent=true&format=png&bbox=-36.96397754,-64.96120662,53.03602246,64.41379338&f=image&imageSR=104903 HTTP/1.1" 200 200 "arcgisios" "ArcGISiOS-2.3.2/7.1.2/iPhone3,1" 509 483
68.209.225.157 - - [28/Nov/2014:02:04:21 -0500] "GET /arcgis/rest/services/CombinedNomenclature/MapServer/export?bboxSR=104903&dpi=163&size=320,460&transparent=true&format=png&bbox=10.27262307,-20.63223958,40.22942874,22.43066856&f=image&imageSR=104903 HTTP/1.1" 200 200 "arcgisios" "ArcGISiOS-2.3.2/7.1.2/iPhone3,1" 508 483
68.209.225.157 - - [28/Nov/2014:02:04:23 -0500] "GET /arcgis/rest/services/CombinedNomenclature/MapServer/export?bboxSR=104903&dpi=163&size=320,460&transparent=true&format=png&bbox=6.90283223,-34.31411244,36.85963789,8.74879571&f=image&imageSR=104903 HTTP/1.1" 200 1984 "arcgisios" "ArcGISiOS-2.3.2/7.1.2/iPhone3,1" 506 2240
68.209.225.157 - - [28/Nov/2014:02:04:28 -0500] "GET /arcgis/rest/services/CombinedNomenclature/MapServer/export?bboxSR=104903&dpi=163&size=320,460&transparent=true&format=png&bbox=19.30191763,-20.12792158,33.67091221,0.52750812&f=image&imageSR=104903 HTTP/1.1" 200 3046 "arcgisios" "ArcGISiOS-2.3.2/7.1.2/iPhone3,1" 507 3302
68.209.225.157 - - [28/Nov/2014:02:04:35 -0500] "GET /arcgis/rest/services/CombinedNomenclature/MapServer/export?bboxSR=104903&dpi=163&size=320,460&transparent=true&format=png&bbox=19.17521378,-13.34795095,33.54420836,7.30747876&f=image&imageSR=104903 HTTP/1.1" 200 4640 "arcgisios" "ArcGISiOS-2.3.2/7.1.2/iPhone3,1" 507 4923
68.209.225.157 - - [28/Nov/2014:02:04:37 -0500] "GET /arcgis/rest/services/CombinedNomenclature/MapServer/export?bboxSR=104903&dpi=163&size=320,460&transparent=true&format=png&bbox=13.70333985,-10.48011846,28.07233442,10.17531124&f=image&imageSR=104903 HTTP/1.1" 200 5187 "arcgisios" "ArcGISiOS-2.3.2/7.1.2/iPhone3,1" 508 5471
127.0.0.1 - - [28/Nov/2014:02:04:40 -0500] "GET /opensso/namingservice HTTP/1.1" 200 7 "-" "Java/1.5.0_21" 220 183
68.209.225.157 - - [28/Nov/2014:02:04:42 -0500] "GET /arcgis/rest/services/CombinedNomenclature/MapServer/export?bboxSR=104903&dpi=163&size=320,460&transparent=true&format=png&bbox=15.21980461,-13.18332354,29.58879919,7.47210616&f=image&imageSR=104903 HTTP/1.1" 200 5263 "arcgisios" "ArcGISiOS-2.3.2/7.1.2/iPhone3,1" 507 5519
68.209.225.157 - - [28/Nov/2014:02:04:44 -0500] "GET /arcgis/rest/services/CombinedNomenclature/MapServer/export?bboxSR=104903&dpi=163&size=320,460&transparent=true&format=png&bbox=20.53522475,-4.75719323,24.74679835,1.29694383&f=image&imageSR=104903 HTTP/1.1" 200 2785 "arcgisios" "ArcGISiOS-2.3.2/7.1.2/iPhone3,1" 506 3069
68.209.225.157 - - [28/Nov/2014:02:04:46 -0500] "GET /arcgis/rest/services/CombinedNomenclature/MapServer/export?bboxSR=104903&dpi=163&size=320,460&transparent=true&format=png&bbox=21.85763820,-2.94931229,23.58361824,-0.46821598&f=image&imageSR=104903 HTTP/1.1" 200 2594 "arcgisios" "ArcGISiOS-2.3.2/7.1.2/iPhone3,1" 507 2877
127.0.0.1 - - [28/Nov/2014:02:04:48 -0500] "GET /opensso/namingservice HTTP/1.1" 200 7 "-" "Java/1.5.0_21" 220 183
68.209.225.157 - - [28/Nov/2014:02:04:54 -0500] "GET /arcgis/rest/services/CombinedNomenclature/MapServer/export?bboxSR=104903&dpi=163&size=320,460&transparent=true&format=png&bbox=20.60209068,-2.83998040,22.32807072,-0.35888409&f=image&imageSR=104903 HTTP/1.1" 200 3278 "arcgisios" "ArcGISiOS-2.3.2/7.1.2/iPhone3,1" 507 3534
68.209.225.157 - - [28/Nov/2014:02:04:57 -0500] "GET /arcgis/rest/services/CombinedNomenclature/MapServer/export?bboxSR=104903&dpi=163&size=320,460&transparent=true&format=png&bbox=20.43862664,-2.21258553,22.16460668,0.26851078&f=image&imageSR=104903 HTTP/1.1" 200 2472 "arcgisios" "ArcGISiOS-2.3.2/7.1.2/iPhone3,1" 506 2728
68.209.225.157 - - [28/Nov/2014:02:04:58 -0500] "GET /arcgis/rest/services/CombinedNomenclature/MapServer/export?bboxSR=104903&dpi=163&size=320,460&transparent=true&format=png&bbox=20.02762129,-2.67056500,21.75360133,-0.18946869&f=image&imageSR=104903 HTTP/1.1" 200 2748 "arcgisios" "ArcGISiOS-2.3.2/7.1.2/iPhone3,1" 507 3031
68.209.225.157 - - [28/Nov/2014:02:05:03 -0500] "GET /arcgis/rest/services/CombinedNomenclature/MapServer/export?bboxSR=104903&dpi=163&size=320,460&transparent=true&format=png&bbox=21.38549759,-1.20339201,23.11147763,1.27770430&f=image&imageSR=104903 HTTP/1.1" 200 2650 "arcgisios" "ArcGISiOS-2.3.2/7.1.2/iPhone3,1" 506 2906
68.209.225.157 - - [28/Nov/2014:02:05:06 -0500] "GET /arcgis/rest/services/CombinedNomenclature/MapServer/export?bboxSR=104903&dpi=163&size=320,460&transparent=true&format=png&bbox=21.82039447,-1.21687623,23.54637451,1.26422008&f=image&imageSR=104903 HTTP/1.1" 200 4410 "arcgisios" "ArcGISiOS-2.3.2/7.1.2/iPhone3,1" 506 4693
68.209.225.157 - - [28/Nov/2014:02:05:08 -0500] "GET /arcgis/rest/services/CombinedNomenclature/MapServer/export?bboxSR=104903&dpi=163&size=320,460&transparent=true&format=png&bbox=22.29121755,-1.87378358,24.01719760,0.60731273&f=image&imageSR=104903 HTTP/1.1" 200 2755 "arcgisios" "ArcGISiOS-2.3.2/7.1.2/iPhone3,1" 506 3039
127.0.0.1 - - [28/Nov/2014:02:05:10 -0500] "GET /opensso/namingservice HTTP/1.1" 200 7 "-" "Java/1.5.0_21" 220 183
68.209.225.157 - - [28/Nov/2014:02:05:09 -0500] "GET /arcgis/rest/services/CombinedNomenclature/MapServer/export?bboxSR=104903&dpi=163&size=320,460&transparent=true&format=png&bbox=23.64184805,-1.89175808,25.36782810,0.58933823&f=image&imageSR=104903 HTTP/1.1" 200 2023 "arcgisios" "ArcGISiOS-2.3.2/7.1.2/iPhone3,1" 506 2278
68.209.225.157 - - [28/Nov/2014:02:05:13 -0500] "GET /arcgis/rest/services/CombinedNomenclature/MapServer/export?bboxSR=104903&dpi=163&size=320,460&transparent=true&format=png&bbox=23.74443789,-2.78789479,25.47041793,-0.30679848&f=image&imageSR=104903 HTTP/1.1" 200 2020 "arcgisios" "ArcGISiOS-2.3.2/7.1.2/iPhone3,1" 507 2276
68.209.225.157 - - [28/Nov/2014:02:05:16 -0500] "GET /arcgis/rest/services/CombinedNomenclature/MapServer/export?bboxSR=104903&dpi=163&size=320,460&transparent=true&format=png&bbox=23.63373451,-3.81269544,25.35971455,-1.33159913&f=image&imageSR=104903 HTTP/1.1" 200 1843 "arcgisios" "ArcGISiOS-2.3.2/7.1.2/iPhone3,1" 507 2099
127.0.0.1 - - [28/Nov/2014:02:05:18 -0500] "GET /opensso/namingservice HTTP/1.1" 200 7 "-" "Java/1.5.0_21" 220 183
68.209.225.157 - - [28/Nov/2014:02:05:18 -0500] "GET /arcgis/rest/services/CombinedNomenclature/MapServer/export?bboxSR=104903&dpi=163&size=320,460&transparent=true&format=png&bbox=23.63083439,-4.75789555,25.35681443,-2.27679924&f=image&imageSR=104903 HTTP/1.1" 200 2952 "arcgisios" "ArcGISiOS-2.3.2/7.1.2/iPhone3,1" 507 3207
68.209.225.157 - - [28/Nov/2014:02:05:22 -0500] "GET /arcgis/rest/services/CombinedNomenclature/MapServer/export?bboxSR=104903&dpi=163&size=320,460&transparent=true&format=png&bbox=23.54151429,-5.54313913,25.26749433,-3.06204282&f=image&imageSR=104903 HTTP/1.1" 200 2752 "arcgisios" "ArcGISiOS-2.3.2/7.1.2/iPhone3,1" 507 3008
68.209.225.157 - - [28/Nov/2014:02:05:23 -0500] "GET /arcgis/rest/services/CombinedNomenclature/MapServer/export?bboxSR=104903&dpi=163&size=320,460&transparent=true&format=png&bbox=23.32055852,-6.47085340,25.04653856,-3.98975709&f=image&imageSR=104903 HTTP/1.1" 200 2469 "arcgisios" "ArcGISiOS-2.3.2/7.1.2/iPhone3,1" 507 2753
68.209.225.157 - - [28/Nov/2014:02:05:26 -0500] "GET /arcgis/rest/services/CombinedNomenclature/MapServer/export?bboxSR=104903&dpi=163&size=320,460&transparent=true&format=png&bbox=22.98768430,-6.93961507,24.71366434,-4.45851876&f=image&imageSR=104903 HTTP/1.1" 200 3173 "arcgisios" "ArcGISiOS-2.3.2/7.1.2/iPhone3,1" 507 3429
68.209.225.157 - - [28/Nov/2014:02:05:28 -0500] "GET /arcgis/rest/services/CombinedNomenclature/MapServer/export?bboxSR=104903&dpi=163&size=320,460&transparent=true&format=png&bbox=22.65955163,-6.53337398,24.38553167,-4.05227767&f=image&imageSR=104903 HTTP/1.1" 200 2472 "arcgisios" "ArcGISiOS-2.3.2/7.1.2/iPhone3,1" 507 2755
68.209.225.157 - - [28/Nov/2014:02:05:29 -0500] "GET /arcgis/rest/services/CombinedNomenclature/MapServer/export?bboxSR=104903&dpi=163&size=320,460&transparent=true&format=png&bbox=22.73809318,-5.42599805,24.46407322,-2.94490174&f=image&imageSR=104903 HTTP/1.1" 200 3008 "arcgisios" "ArcGISiOS-2.3.2/7.1.2/iPhone3,1" 507 3264
68.209.225.157 - - [28/Nov/2014:02:05:31 -0500] "GET /arcgis/rest/services/CombinedNomenclature/MapServer/export?bboxSR=104903&dpi=163&size=320,460&transparent=true&format=png&bbox=21.81779029,-6.63339889,24.95176035,-2.12831694&f=image&imageSR=104903 HTTP/1.1" 200 2457 "arcgisios" "ArcGISiOS-2.3.2/7.1.2/iPhone3,1" 507 2741
68.209.225.157 - - [28/Nov/2014:02:05:35 -0500] "GET /arcgis/rest/services/CombinedNomenclature/MapServer/export?bboxSR=104903&dpi=163&size=320,460&transparent=true&format=png&bbox=21.75069549,-7.99199512,24.88466554,-3.48691317&f=image&imageSR=104903 HTTP/1.1" 200 2909 "arcgisios" "ArcGISiOS-2.3.2/7.1.2/iPhone3,1" 507 3164
68.209.225.157 - - [28/Nov/2014:02:05:36 -0500] "GET /arcgis/rest/services/CombinedNomenclature/MapServer/export?bboxSR=104903&dpi=163&size=320,460&transparent=true&format=png&bbox=19.40190369,-10.60797110,25.64492596,-1.63362657&f=image&imageSR=104903 HTTP/1.1" 200 200 "arcgisios" "ArcGISiOS-2.3.2/7.1.2/iPhone3,1" 508 456
127.0.0.1 - - [28/Nov/2014:02:05:40 -0500] "GET /opensso/namingservice HTTP/1.1" 200 7 "-" "Java/1.5.0_21" 220 183
68.209.225.157 - - [28/Nov/2014:02:05:41 -0500] "GET /arcgis/rest/services/CombinedNomenclature/MapServer/export?bboxSR=104903&dpi=163&size=320,460&transparent=true&format=png&bbox=15.09923365,-14.71051694,26.46543513,1.62839769&f=image&imageSR=104903 HTTP/1.1" 200 3319 "arcgisios" "ArcGISiOS-2.3.2/7.1.2/iPhone3,1" 507 3602
68.209.225.157 - - [28/Nov/2014:02:05:45 -0500] "GET /arcgis/rest/services/CombinedNomenclature/MapServer/export?bboxSR=104903&dpi=163&size=320,460&transparent=true&format=png&bbox=15.97969157,-9.47099738,27.34589305,6.86791725&f=image&imageSR=104903 HTTP/1.1" 200 2752 "arcgisios" "ArcGISiOS-2.3.2/7.1.2/iPhone3,1" 506 3008
127.0.0.1 - - [28/Nov/2014:02:05:48 -0500] "GET /opensso/namingservice HTTP/1.1" 200 7 "-" "Java/1.5.0_21" 220 183
68.209.225.157 - - [28/Nov/2014:02:05:51 -0500] "GET /arcgis/rest/services/CombinedNomenclature/MapServer/export?bboxSR=104903&dpi=163&size=320,460&transparent=true&format=png&bbox=20.48900431,-4.68971161,24.89269637,1.64059572&f=image&imageSR=104903 HTTP/1.1" 200 2782 "arcgisios" "ArcGISiOS-2.3.2/7.1.2/iPhone3,1" 506 3065
68.209.225.157 - - [28/Nov/2014:02:05:55 -0500] "GET /arcgis/rest/services/CombinedNomenclature/MapServer/export?bboxSR=104903&dpi=163&size=320,460&transparent=true&format=png&bbox=21.25276965,-3.67135782,25.65646171,2.65894951&f=image&imageSR=104903 HTTP/1.1" 200 2715 "arcgisios" "ArcGISiOS-2.3.2/7.1.2/iPhone3,1" 506 2971
68.209.225.157 - - [28/Nov/2014:02:05:57 -0500] "GET /arcgis/rest/services/CombinedNomenclature/MapServer/export?bboxSR=104903&dpi=163&size=320,460&transparent=true&format=png&bbox=22.64341842,-2.12450949,25.39284988,1.82779823&f=image&imageSR=104903 HTTP/1.1" 200 2698 "arcgisios" "ArcGISiOS-2.3.2/7.1.2/iPhone3,1" 506 2981
68.209.225.157 - - [28/Nov/2014:02:06:01 -0500] "GET /arcgis/rest/services/CombinedNomenclature/MapServer/export?bboxSR=104903&dpi=163&size=320,460&transparent=true&format=png&bbox=23.62916465,-1.05780826,25.15950898,1.14206173&f=image&imageSR=104903 HTTP/1.1" 200 1743 "arcgisios" "ArcGISiOS-2.3.2/7.1.2/iPhone3,1" 506 1997
68.209.225.157 - - [28/Nov/2014:02:06:02 -0500] "GET /arcgis/rest/services/CombinedNomenclature/MapServer/export?bboxSR=104903&dpi=163&size=320,460&transparent=true&format=png&bbox=23.20022210,-1.34059189,24.73056644,0.85927809&f=image&imageSR=104903 HTTP/1.1" 200 2924 "arcgisios" "ArcGISiOS-2.3.2/7.1.2/iPhone3,1" 506 3207
68.209.225.157 - - [28/Nov/2014:02:06:06 -0500] "GET /arcgis/rest/services/CombinedNomenclature/MapServer/export?bboxSR=104903&dpi=163&size=320,460&transparent=true&format=png&bbox=22.74016111,-1.12383499,24.27050545,1.07603500&f=image&imageSR=104903 HTTP/1.1" 200 4478 "arcgisios" "ArcGISiOS-2.3.2/7.1.2/iPhone3,1" 506 4762
127.0.0.1 - - [28/Nov/2014:02:06:10 -0500] "GET /opensso/namingservice HTTP/1.1" 200 7 "-" "Java/1.5.0_21" 220 183
68.209.225.157 - - [28/Nov/2014:02:06:13 -0500] "GET /arcgis/rest/services/CombinedNomenclature/MapServer/export?bboxSR=104903&dpi=163&size=320,460&transparent=true&format=png&bbox=22.74494344,-0.92536846,24.27528777,1.27450153&f=image&imageSR=104903 HTTP/1.1" 200 4199 "arcgisios" "ArcGISiOS-2.3.2/7.1.2/iPhone3,1" 506 4482
68.209.225.157 - - [28/Nov/2014:02:06:15 -0500] "GET /arcgis/rest/services/CombinedNomenclature/MapServer/export?bboxSR=104903&dpi=163&size=320,460&transparent=true&format=png&bbox=23.34383940,-0.14280154,23.95940232,0.74207016&f=image&imageSR=104903 HTTP/1.1" 200 1738 "arcgisios" "ArcGISiOS-2.3.2/7.1.2/iPhone3,1" 506 1994
127.0.0.1 - - [28/Nov/2014:02:06:18 -0500] "GET /opensso/namingservice HTTP/1.1" 200 7 "-" "Java/1.5.0_21" 220 183
66.249.69.175 - - [28/Nov/2014:02:06:18 -0500] "GET /redmine/projects/lmmpwiki/activity?from=1992-06-30 HTTP/1.1" 200 4829 "-" "Mozilla/5.0 (compatible; Googlebot/2.1; +http://www.google.com/bot.html)" 281 5392
68.209.225.157 - - [28/Nov/2014:02:06:19 -0500] "GET /arcgis/rest/services/CombinedNomenclature/MapServer/export?bboxSR=104903&dpi=163&size=320,460&transparent=true&format=png&bbox=23.29794161,0.01574071,23.91350453,0.90061241&f=image&imageSR=104903 HTTP/1.1" 200 3248 "arcgisios" "ArcGISiOS-2.3.2/7.1.2/iPhone3,1" 505 3504
68.209.225.157 - - [28/Nov/2014:02:06:22 -0500] "GET /arcgis/rest/services/CombinedNomenclature/MapServer/export?bboxSR=104903&dpi=163&size=320,460&transparent=true&format=png&bbox=23.26189613,0.21703878,23.87745905,1.10191048&f=image&imageSR=104903 HTTP/1.1" 200 3245 "arcgisios" "ArcGISiOS-2.3.2/7.1.2/iPhone3,1" 505 3528
68.209.225.157 - - [28/Nov/2014:02:06:25 -0500] "GET /arcgis/rest/services/CombinedNomenclature/MapServer/export?bboxSR=104903&dpi=163&size=320,460&transparent=true&format=png&bbox=23.16667624,0.08526984,23.78223916,0.97014154&f=image&imageSR=104903 HTTP/1.1" 200 3287 "arcgisios" "ArcGISiOS-2.3.2/7.1.2/iPhone3,1" 505 3543
68.209.225.157 - - [28/Nov/2014:02:06:27 -0500] "GET /arcgis/rest/services/CombinedNomenclature/MapServer/export?bboxSR=104903&dpi=163&size=320,460&transparent=true&format=png&bbox=23.45054804,0.42961724,23.64311223,0.70642827&f=image&imageSR=104903 HTTP/1.1" 200 1740 "arcgisios" "ArcGISiOS-2.3.2/7.1.2/iPhone3,1" 505 1996
68.209.225.157 - - [28/Nov/2014:02:06:34 -0500] "GET /arcgis/rest/services/CombinedNomenclature/MapServer/export?bboxSR=104903&dpi=163&size=320,460&transparent=true&format=png&bbox=23.42117570,0.43310908,23.61373989,0.70992010&f=image&imageSR=104903 HTTP/1.1" 200 1741 "arcgisios" "ArcGISiOS-2.3.2/7.1.2/iPhone3,1" 505 2024
68.209.225.157 - - [28/Nov/2014:02:06:37 -0500] "GET /arcgis/rest/services/CombinedNomenclature/MapServer/export?bboxSR=104903&dpi=163&size=320,460&transparent=true&format=png&bbox=23.39975548,0.36675364,23.59231967,0.64356466&f=image&imageSR=104903 HTTP/1.1" 200 200 "arcgisios" "ArcGISiOS-2.3.2/7.1.2/iPhone3,1" 505 454
127.0.0.1 - - [28/Nov/2014:02:06:40 -0500] "GET /opensso/namingservice HTTP/1.1" 200 7 "-" "Java/1.5.0_21" 220 183
68.209.225.157 - - [28/Nov/2014:02:06:41 -0500] "GET /arcgis/rest/services/CombinedNomenclature/MapServer/export?bboxSR=104903&dpi=163&size=320,460&transparent=true&format=png&bbox=23.43683528,0.44155523,23.62939947,0.71836626&f=image&imageSR=104903 HTTP/1.1" 200 1742 "arcgisios" "ArcGISiOS-2.3.2/7.1.2/iPhone3,1" 505 2025
68.209.225.157 - - [28/Nov/2014:02:06:41 -0500] "GET /arcgis/rest/services/CombinedNomenclature/MapServer/export?bboxSR=104903&dpi=163&size=320,460&transparent=true&format=png&bbox=23.43683528,0.44155523,23.62939947,0.71836626&f=image&imageSR=104903 HTTP/1.1" 200 1742 "arcgisios" "ArcGISiOS-2.3.2/7.1.2/iPhone3,1" 505 2025
68.209.225.157 - - [28/Nov/2014:02:06:42 -0500] "GET /arcgis/rest/services/CombinedNomenclature/MapServer/export?bboxSR=104903&dpi=163&size=320,460&transparent=true&format=png&bbox=23.43581344,0.47864593,23.62837763,0.75545696&f=image&imageSR=104903 HTTP/1.1" 200 1742 "arcgisios" "ArcGISiOS-2.3.2/7.1.2/iPhone3,1" 505 2025
68.209.225.157 - - [28/Nov/2014:02:06:44 -0500] "GET /arcgis/rest/services/CombinedNomenclature/MapServer/export?bboxSR=104903&dpi=163&size=320,460&transparent=true&format=png&bbox=23.51614866,0.56665219,23.60081246,0.68835640&f=image&imageSR=104903 HTTP/1.1" 200 200 "arcgisios" "ArcGISiOS-2.3.2/7.1.2/iPhone3,1" 505 455
162.233.169.96 - - [28/Nov/2014:02:06:45 -0500] "GET /favicon.ico HTTP/1.1" 404 209 "-" "Mozilla/5.0 (Macintosh; Intel Mac OS X 10.10; rv:33.0) Gecko/20100101 Firefox/33.0" 548 454
162.233.169.96 - - [28/Nov/2014:02:06:45 -0500] "GET /favicon.ico HTTP/1.1" 404 209 "-" "Mozilla/5.0 (Macintosh; Intel Mac OS X 10.10; rv:33.0) Gecko/20100101 Firefox/33.0" 578 453
162.233.169.96 - - [28/Nov/2014:02:06:46 -0500] "GET /LMMPUI/LMMP_CLIENT/config/config.xml?1417158406755 HTTP/1.1" 200 11871 "http://pub.lmmp.nasa.gov/LMMPUI/LMMP_CLIENT/LMMP_WB.swf" "Mozilla/5.0 (Macintosh; Intel Mac OS X 10.10; rv:33.0) Gecko/20100101 Firefox/33.0" 683 12208
127.0.0.1 - - [28/Nov/2014:02:06:47 -0500] "POST /opensso/sessionservice HTTP/1.1" 200 2015 "-" "Java/1.5.0_21" 710 2193
162.233.169.96 - - [28/Nov/2014:02:06:47 -0500] "GET /LMMPUI/rest/proxy/proxyService?cs=bG1tcGd1ZXN0fGd1ZXN0bG1tcHxodHRwOi8vcHViLmxtbXAubmFzYS5nb3Yvb3BlbnNzb3Jlc3QvdG9rZW4vbG9jYWxsZGFw HTTP/1.1" 200 63 "http://pub.lmmp.nasa.gov/LMMPUI/LMMP_CLIENT/LMMP_WB.swf" "Mozilla/5.0 (Macintosh; Intel Mac OS X 10.10; rv:33.0) Gecko/20100101 Firefox/33.0" 763 238
127.0.0.1 - - [28/Nov/2014:02:06:47 -0500] "GET /openssorest/token/localldap HTTP/1.1" 200 62 "-" "Java/1.5.0_21" 277 239
127.0.0.1 - - [28/Nov/2014:02:06:47 -0500] "POST /opensso/sessionservice HTTP/1.1" 200 411 "-" "Java/1.5.0_21" 815 588
162.233.169.96 - - [28/Nov/2014:02:06:47 -0500] "POST /openssorest/token/localldap HTTP/1.1" 200 62 "http://pub.lmmp.nasa.gov/LMMPUI/LMMP_CLIENT/LMMP_WB.swf/[[DYNAMIC]]/10" "Mozilla/5.0 (Macintosh; Intel Mac OS X 10.10; rv:33.0) Gecko/20100101 Firefox/33.0" 807 397
162.233.169.96 - - [28/Nov/2014:02:06:47 -0500] "GET /opensso/identity/isTokenValid?iPlanetDirectoryPro=AQIC5wM2LY4SfcziyfRct86xE4vMa7Mfult%2BnYUWULD6iSg%3D%40AAJTSQACMDE%3D%23 HTTP/1.1" 200 13 "http://pub.lmmp.nasa.gov/LMMPUI/LMMP_CLIENT/LMMP_WB.swf" "Mozilla/5.0 (Macintosh; Intel Mac OS X 10.10; rv:33.0) Gecko/20100101 Firefox/33.0" 755 170
162.233.169.96 - - [28/Nov/2014:02:06:47 -0500] "GET /opensso/identity/isTokenValid?iPlanetDirectoryPro=AQIC5wM2LY4SfcziyfRct86xE4vMa7Mfult%2BnYUWULD6iSg%3D%40AAJTSQACMDE%3D%23 HTTP/1.1" 200 13 "http://pub.lmmp.nasa.gov/LMMPUI/LMMP_CLIENT/LMMP_WB.swf" "Mozilla/5.0 (Macintosh; Intel Mac OS X 10.10; rv:33.0) Gecko/20100101 Firefox/33.0" 755 170
162.233.169.96 - - [28/Nov/2014:02:06:47 -0500] "GET /opensso/identity/attributes?iPlanetDirectoryPro=AQIC5wM2LY4SfcziyfRct86xE4vMa7Mfult%2BnYUWULD6iSg%3D%40AAJTSQACMDE%3D%23 HTTP/1.1" 200 981 "http://pub.lmmp.nasa.gov/LMMPUI/LMMP_CLIENT/LMMP_WB.swf" "Mozilla/5.0 (Macintosh; Intel Mac OS X 10.10; rv:33.0) Gecko/20100101 Firefox/33.0" 753 1139
127.0.0.1 - - [28/Nov/2014:02:06:47 -0500] "POST /opensso/sessionservice HTTP/1.1" 200 2013 "-" "Java/1.5.0_21" 816 2191
127.0.0.1 - - [28/Nov/2014:02:06:47 -0500] "POST /opensso/policyservice HTTP/1.1" 200 7690 "-" "Java/1.5.0_21" 1118 7868
127.0.0.1 - - [28/Nov/2014:02:06:47 -0500] "POST /opensso/jaxrpc/SMSObjectIF HTTP/1.1" 200 505 "-" "Java/1.5.0_21" 847 766
127.0.0.1 - - [28/Nov/2014:02:06:47 -0500] "POST /opensso/jaxrpc/DirectoryManagerIF HTTP/1.1" 200 1290 "-" "Java/1.5.0_21" 1362 1551
162.233.169.96 - - [28/Nov/2014:02:06:47 -0500] "GET /LMMP/rest/dbxml/resources?iPlanetDirectoryPro=AQIC5wM2LY4SfcziyfRct86xE4vMa7Mfult%2BnYUWULD6iSg%3D%40AAJTSQACMDE%3D%23 HTTP/1.1" 200 2827 "http://pub.lmmp.nasa.gov/LMMPUI/LMMP_CLIENT/LMMP_WB.swf" "Mozilla/5.0 (Macintosh; Intel Mac OS X 10.10; rv:33.0) Gecko/20100101 Firefox/33.0" 751 3080
162.233.169.96 - - [28/Nov/2014:02:06:47 -0500] "GET /opensso/identity/isTokenValid?iPlanetDirectoryPro=AQIC5wM2LY4SfcziyfRct86xE4vMa7Mfult%2BnYUWULD6iSg%3D%40AAJTSQACMDE%3D%23 HTTP/1.1" 200 13 "http://pub.lmmp.nasa.gov/LMMPUI/LMMP_CLIENT/LMMP_WB.swf" "Mozilla/5.0 (Macintosh; Intel Mac OS X 10.10; rv:33.0) Gecko/20100101 Firefox/33.0" 755 170
162.233.169.96 - - [28/Nov/2014:02:06:47 -0500] "GET /opensso/identity/isTokenValid?iPlanetDirectoryPro=AQIC5wM2LY4SfcziyfRct86xE4vMa7Mfult%2BnYUWULD6iSg%3D%40AAJTSQACMDE%3D%23 HTTP/1.1" 200 13 "http://pub.lmmp.nasa.gov/LMMPUI/LMMP_CLIENT/LMMP_WB.swf" "Mozilla/5.0 (Macintosh; Intel Mac OS X 10.10; rv:33.0) Gecko/20100101 Firefox/33.0" 755 170
162.233.169.96 - - [28/Nov/2014:02:06:47 -0500] "GET /LMMPUI/LMMP_CLIENT/config/basemap.xml?iPlanetDirectoryPro=AQIC5wM2LY4SfcziyfRct86xE4vMa7Mfult%2BnYUWULD6iSg%3D%40AAJTSQACMDE%3D%23 HTTP/1.1" 200 232 "http://pub.lmmp.nasa.gov/LMMPUI/LMMP_CLIENT/LMMP_WB.swf" "Mozilla/5.0 (Macintosh; Intel Mac OS X 10.10; rv:33.0) Gecko/20100101 Firefox/33.0" 763 565
162.233.169.96 - - [28/Nov/2014:02:06:47 -0500] "GET /opensso/identity/isTokenValid?iPlanetDirectoryPro=AQIC5wM2LY4SfcziyfRct86xE4vMa7Mfult%2BnYUWULD6iSg%3D%40AAJTSQACMDE%3D%23 HTTP/1.1" 200 13 "http://pub.lmmp.nasa.gov/LMMPUI/LMMP_CLIENT/LMMP_WB.swf" "Mozilla/5.0 (Macintosh; Intel Mac OS X 10.10; rv:33.0) Gecko/20100101 Firefox/33.0" 755 170
162.233.169.96 - - [28/Nov/2014:02:06:47 -0500] "GET /LMMPUI/LMMP_CLIENT/config/npBasemap.xml?iPlanetDirectoryPro=AQIC5wM2LY4SfcziyfRct86xE4vMa7Mfult%2BnYUWULD6iSg%3D%40AAJTSQACMDE%3D%23 HTTP/1.1" 200 178 "http://pub.lmmp.nasa.gov/LMMPUI/LMMP_CLIENT/LMMP_WB.swf" "Mozilla/5.0 (Macintosh; Intel Mac OS X 10.10; rv:33.0) Gecko/20100101 Firefox/33.0" 765 511
162.233.169.96 - - [28/Nov/2014:02:06:48 -0500] "GET /opensso/identity/isTokenValid?iPlanetDirectoryPro=AQIC5wM2LY4SfcziyfRct86xE4vMa7Mfult%2BnYUWULD6iSg%3D%40AAJTSQACMDE%3D%23 HTTP/1.1" 200 13 "http://pub.lmmp.nasa.gov/LMMPUI/LMMP_CLIENT/LMMP_WB.swf" "Mozilla/5.0 (Macintosh; Intel Mac OS X 10.10; rv:33.0) Gecko/20100101 Firefox/33.0" 755 170
127.0.0.1 - - [28/Nov/2014:02:06:48 -0500] "GET /opensso/namingservice HTTP/1.1" 200 7 "-" "Java/1.5.0_21" 220 182
162.233.169.96 - - [28/Nov/2014:02:06:48 -0500] "GET /LMMPUI/LMMP_CLIENT/config/spBasemap.xml?iPlanetDirectoryPro=AQIC5wM2LY4SfcziyfRct86xE4vMa7Mfult%2BnYUWULD6iSg%3D%40AAJTSQACMDE%3D%23 HTTP/1.1" 200 178 "http://pub.lmmp.nasa.gov/LMMPUI/LMMP_CLIENT/LMMP_WB.swf" "Mozilla/5.0 (Macintosh; Intel Mac OS X 10.10; rv:33.0) Gecko/20100101 Firefox/33.0" 765 511
162.233.169.96 - - [28/Nov/2014:02:06:48 -0500] "GET /opensso/identity/isTokenValid?iPlanetDirectoryPro=AQIC5wM2LY4SfcziyfRct86xE4vMa7Mfult%2BnYUWULD6iSg%3D%40AAJTSQACMDE%3D%23 HTTP/1.1" 200 13 "http://pub.lmmp.nasa.gov/LMMPUI/LMMP_CLIENT/LMMP_WB.swf" "Mozilla/5.0 (Macintosh; Intel Mac OS X 10.10; rv:33.0) Gecko/20100101 Firefox/33.0" 755 170
127.0.0.1 - - [28/Nov/2014:02:06:48 -0500] "POST /opensso/jaxrpc/SMSObjectIF HTTP/1.1" 200 505 "-" "Java/1.5.0_21" 847 766
162.233.169.96 - - [28/Nov/2014:02:06:48 -0500] "GET /opensso/identity/isTokenValid?iPlanetDirectoryPro=AQIC5wM2LY4SfcziyfRct86xE4vMa7Mfult%2BnYUWULD6iSg%3D%40AAJTSQACMDE%3D%23 HTTP/1.1" 200 13 "http://pub.lmmp.nasa.gov/LMMPUI/LMMP_CLIENT/LMMP_WB.swf" "Mozilla/5.0 (Macintosh; Intel Mac OS X 10.10; rv:33.0) Gecko/20100101 Firefox/33.0" 755 170
127.0.0.1 - - [28/Nov/2014:02:06:48 -0500] "POST /opensso/jaxrpc/DirectoryManagerIF HTTP/1.1" 200 1290 "-" "Java/1.5.0_21" 1362 1551
127.0.0.1 - - [28/Nov/2014:02:06:48 -0500] "POST /opensso/jaxrpc/SMSObjectIF HTTP/1.1" 200 505 "-" "Java/1.5.0_21" 847 766
127.0.0.1 - - [28/Nov/2014:02:06:48 -0500] "POST /opensso/jaxrpc/DirectoryManagerIF HTTP/1.1" 200 1290 "-" "Java/1.5.0_21" 1362 1551
127.0.0.1 - - [28/Nov/2014:02:06:48 -0500] "POST /opensso/jaxrpc/SMSObjectIF HTTP/1.1" 200 505 "-" "Java/1.5.0_21" 847 766
127.0.0.1 - - [28/Nov/2014:02:06:48 -0500] "POST /opensso/jaxrpc/DirectoryManagerIF HTTP/1.1" 200 1290 "-" "Java/1.5.0_21" 1362 1551
162.233.169.96 - - [28/Nov/2014:02:06:48 -0500] "GET /LMMP/rest/dbxml/layers?proj=IAU2000:30118&visOnly=true&iPlanetDirectoryPro=AQIC5wM2LY4SfcziyfRct86xE4vMa7Mfult%2BnYUWULD6iSg%3D%40AAJTSQACMDE%3D%23&sort=Mission%2Ctitle HTTP/1.1" 200 44040 "http://pub.lmmp.nasa.gov/LMMPUI/LMMP_CLIENT/LMMP_WB.swf" "Mozilla/5.0 (Macintosh; Intel Mac OS X 10.10; rv:33.0) Gecko/20100101 Firefox/33.0" 854 44328
162.233.169.96 - - [28/Nov/2014:02:06:48 -0500] "GET /LMMP/rest/dbxml/layers?proj=IAU2000:30120&visOnly=true&iPlanetDirectoryPro=AQIC5wM2LY4SfcziyfRct86xE4vMa7Mfult%2BnYUWULD6iSg%3D%40AAJTSQACMDE%3D%23&sort=Mission%2Ctitle HTTP/1.1" 200 55891 "http://pub.lmmp.nasa.gov/LMMPUI/LMMP_CLIENT/LMMP_WB.swf" "Mozilla/5.0 (Macintosh; Intel Mac OS X 10.10; rv:33.0) Gecko/20100101 Firefox/33.0" 854 56188
68.209.225.157 - - [28/Nov/2014:02:06:48 -0500] "GET /arcgis/rest/services/CombinedNomenclature/MapServer/export?bboxSR=104903&dpi=163&size=320,460&transparent=true&format=png&bbox=23.50946295,0.53375632,23.59412675,0.65546053&f=image&imageSR=104903 HTTP/1.1" 200 1729 "arcgisios" "ArcGISiOS-2.3.2/7.1.2/iPhone3,1" 505 1984
162.233.169.96 - - [28/Nov/2014:02:06:49 -0500] "GET /opensso/identity/isTokenValid?iPlanetDirectoryPro=AQIC5wM2LY4SfcziyfRct86xE4vMa7Mfult%2BnYUWULD6iSg%3D%40AAJTSQACMDE%3D%23 HTTP/1.1" 200 13 "http://pub.lmmp.nasa.gov/LMMPUI/LMMP_CLIENT/LMMP_WB.swf" "Mozilla/5.0 (Macintosh; Intel Mac OS X 10.10; rv:33.0) Gecko/20100101 Firefox/33.0" 755 170
127.0.0.1 - - [28/Nov/2014:02:06:49 -0500] "POST /opensso/jaxrpc/SMSObjectIF HTTP/1.1" 200 505 "-" "Java/1.5.0_21" 847 766
127.0.0.1 - - [28/Nov/2014:02:06:49 -0500] "POST /opensso/jaxrpc/DirectoryManagerIF HTTP/1.1" 200 1290 "-" "Java/1.5.0_21" 1362 1551
162.233.169.96 - - [28/Nov/2014:02:06:49 -0500] "GET /LMMP/rest/dbxml/layers/int?proj=IAU2000:30120&iPlanetDirectoryPro=AQIC5wM2LY4SfcziyfRct86xE4vMa7Mfult%2BnYUWULD6iSg%3D%40AAJTSQACMDE%3D%23&sort=Mission%2Ctitle HTTP/1.1" 200 10 "http://pub.lmmp.nasa.gov/LMMPUI/LMMP_CLIENT/LMMP_WB.swf" "Mozilla/5.0 (Macintosh; Intel Mac OS X 10.10; rv:33.0) Gecko/20100101 Firefox/33.0" 845 256
162.233.169.96 - - [28/Nov/2014:02:06:50 -0500] "GET /opensso/identity/isTokenValid?iPlanetDirectoryPro=AQIC5wM2LY4SfcziyfRct86xE4vMa7Mfult%2BnYUWULD6iSg%3D%40AAJTSQACMDE%3D%23 HTTP/1.1" 200 13 "http://pub.lmmp.nasa.gov/LMMPUI/LMMP_CLIENT/LMMP_WB.swf" "Mozilla/5.0 (Macintosh; Intel Mac OS X 10.10; rv:33.0) Gecko/20100101 Firefox/33.0" 755 170
127.0.0.1 - - [28/Nov/2014:02:06:50 -0500] "POST /opensso/jaxrpc/SMSObjectIF HTTP/1.1" 200 505 "-" "Java/1.5.0_21" 847 766
127.0.0.1 - - [28/Nov/2014:02:06:50 -0500] "POST /opensso/jaxrpc/DirectoryManagerIF HTTP/1.1" 200 1290 "-" "Java/1.5.0_21" 1362 1551
162.233.169.96 - - [28/Nov/2014:02:06:50 -0500] "GET /LMMP/rest/dbxml/layers/int?proj=IAU2000:30118&iPlanetDirectoryPro=AQIC5wM2LY4SfcziyfRct86xE4vMa7Mfult%2BnYUWULD6iSg%3D%40AAJTSQACMDE%3D%23&sort=Mission%2Ctitle HTTP/1.1" 200 8134 "http://pub.lmmp.nasa.gov/LMMPUI/LMMP_CLIENT/LMMP_WB.swf" "Mozilla/5.0 (Macintosh; Intel Mac OS X 10.10; rv:33.0) Gecko/20100101 Firefox/33.0" 845 8383
162.233.169.96 - - [28/Nov/2014:02:06:48 -0500] "GET /LMMP/rest/dbxml/layers?proj=IAU2000:30100&visOnly=true&iPlanetDirectoryPro=AQIC5wM2LY4SfcziyfRct86xE4vMa7Mfult%2BnYUWULD6iSg%3D%40AAJTSQACMDE%3D%23&sort=Mission%2Ctitle HTTP/1.1" 200 831579 "http://pub.lmmp.nasa.gov/LMMPUI/LMMP_CLIENT/LMMP_WB.swf" "Mozilla/5.0 (Macintosh; Intel Mac OS X 10.10; rv:33.0) Gecko/20100101 Firefox/33.0" 854 832637
162.233.169.96 - - [28/Nov/2014:02:06:54 -0500] "GET /opensso/identity/isTokenValid?iPlanetDirectoryPro=AQIC5wM2LY4SfcziyfRct86xE4vMa7Mfult%2BnYUWULD6iSg%3D%40AAJTSQACMDE%3D%23 HTTP/1.1" 200 13 "http://pub.lmmp.nasa.gov/LMMPUI/LMMP_CLIENT/LMMP_WB.swf" "Mozilla/5.0 (Macintosh; Intel Mac OS X 10.10; rv:33.0) Gecko/20100101 Firefox/33.0" 755 170
127.0.0.1 - - [28/Nov/2014:02:06:54 -0500] "POST /opensso/jaxrpc/SMSObjectIF HTTP/1.1" 200 505 "-" "Java/1.5.0_21" 847 766
68.209.225.157 - - [28/Nov/2014:02:06:53 -0500] "GET /arcgis/rest/services/CombinedNomenclature/MapServer/export?bboxSR=104903&dpi=163&size=320,460&transparent=true&format=png&bbox=23.48768599,0.55632803,23.57234979,0.67803224&f=image&imageSR=104903 HTTP/1.1" 200 1736 "arcgisios" "ArcGISiOS-2.3.2/7.1.2/iPhone3,1" 505 1992
127.0.0.1 - - [28/Nov/2014:02:06:54 -0500] "POST /opensso/jaxrpc/DirectoryManagerIF HTTP/1.1" 200 1290 "-" "Java/1.5.0_21" 1362 1551
68.209.225.157 - - [28/Nov/2014:02:06:56 -0500] "GET /arcgis/rest/services/CombinedNomenclature/MapServer/export?bboxSR=104903&dpi=163&size=320,460&transparent=true&format=png&bbox=23.47683422,0.58007770,23.56149802,0.70178190&f=image&imageSR=104903 HTTP/1.1" 200 1739 "arcgisios" "ArcGISiOS-2.3.2/7.1.2/iPhone3,1" 505 1995
162.233.169.96 - - [28/Nov/2014:02:06:54 -0500] "GET /LMMP/rest/dbxml/layers/int?proj=IAU2000:30100&iPlanetDirectoryPro=AQIC5wM2LY4SfcziyfRct86xE4vMa7Mfult%2BnYUWULD6iSg%3D%40AAJTSQACMDE%3D%23&sort=Mission%2Ctitle HTTP/1.1" 200 349346 "http://pub.lmmp.nasa.gov/LMMPUI/LMMP_CLIENT/LMMP_WB.swf" "Mozilla/5.0 (Macintosh; Intel Mac OS X 10.10; rv:33.0) Gecko/20100101 Firefox/33.0" 845 349931
162.233.169.96 - - [28/Nov/2014:02:06:57 -0500] "GET /opensso/identity/isTokenValid?iPlanetDirectoryPro=AQIC5wM2LY4SfcziyfRct86xE4vMa7Mfult%2BnYUWULD6iSg%3D%40AAJTSQACMDE%3D%23 HTTP/1.1" 200 13 "http://pub.lmmp.nasa.gov/LMMPUI/LMMP_CLIENT/LMMP_WB.swf" "Mozilla/5.0 (Macintosh; Intel Mac OS X 10.10; rv:33.0) Gecko/20100101 Firefox/33.0" 755 170
162.233.169.96 - - [28/Nov/2014:02:06:57 -0500] "GET /LMMPUI/LMMP_CLIENT/sampleData/emptyLayer.xml?iPlanetDirectoryPro=AQIC5wM2LY4SfcziyfRct86xE4vMa7Mfult%2BnYUWULD6iSg%3D%40AAJTSQACMDE%3D%23 HTTP/1.1" 200 19 "http://pub.lmmp.nasa.gov/LMMPUI/LMMP_CLIENT/LMMP_WB.swf" "Mozilla/5.0 (Macintosh; Intel Mac OS X 10.10; rv:33.0) Gecko/20100101 Firefox/33.0" 770 350
162.233.169.96 - - [28/Nov/2014:02:06:58 -0500] "GET /opensso/identity/isTokenValid?iPlanetDirectoryPro=AQIC5wM2LY4SfcziyfRct86xE4vMa7Mfult%2BnYUWULD6iSg%3D%40AAJTSQACMDE%3D%23 HTTP/1.1" 200 13 "http://pub.lmmp.nasa.gov/LMMPUI/LMMP_CLIENT/LMMP_WB.swf" "Mozilla/5.0 (Macintosh; Intel Mac OS X 10.10; rv:33.0) Gecko/20100101 Firefox/33.0" 755 170
162.233.169.96 - - [28/Nov/2014:02:06:58 -0500] "GET /opensso/identity/isTokenValid?iPlanetDirectoryPro=AQIC5wM2LY4SfcziyfRct86xE4vMa7Mfult%2BnYUWULD6iSg%3D%40AAJTSQACMDE%3D%23 HTTP/1.1" 200 13 "http://pub.lmmp.nasa.gov/LMMPUI/LMMP_CLIENT/LMMP_WB.swf" "Mozilla/5.0 (Macintosh; Intel Mac OS X 10.10; rv:33.0) Gecko/20100101 Firefox/33.0" 755 170
162.233.169.96 - - [28/Nov/2014:02:06:58 -0500] "GET /LMMP/rest/auxmd/types?iPlanetDirectoryPro=AQIC5wM2LY4SfcziyfRct86xE4vMa7Mfult%2BnYUWULD6iSg%3D%40AAJTSQACMDE%3D%23 HTTP/1.1" 200 119 "http://pub.lmmp.nasa.gov/LMMPUI/LMMP_CLIENT/LMMP_WB.swf" "Mozilla/5.0 (Macintosh; Intel Mac OS X 10.10; rv:33.0) Gecko/20100101 Firefox/33.0" 800 295
162.233.169.96 - - [28/Nov/2014:02:06:58 -0500] "GET /LMMP/rest/auxmd/acl?iPlanetDirectoryPro=AQIC5wM2LY4SfcziyfRct86xE4vMa7Mfult%2BnYUWULD6iSg%3D%40AAJTSQACMDE%3D%23 HTTP/1.1" 200 1468 "http://pub.lmmp.nasa.gov/LMMPUI/LMMP_CLIENT/LMMP_WB.swf" "Mozilla/5.0 (Macintosh; Intel Mac OS X 10.10; rv:33.0) Gecko/20100101 Firefox/33.0" 798 1644
162.233.169.96 - - [28/Nov/2014:02:06:58 -0500] "GET /opensso/identity/isTokenValid?iPlanetDirectoryPro=AQIC5wM2LY4SfcziyfRct86xE4vMa7Mfult%2BnYUWULD6iSg%3D%40AAJTSQACMDE%3D%23 HTTP/1.1" 200 13 "http://pub.lmmp.nasa.gov/LMMPUI/LMMP_CLIENT/LMMP_WB.swf" "Mozilla/5.0 (Macintosh; Intel Mac OS X 10.10; rv:33.0) Gecko/20100101 Firefox/33.0" 755 170
162.233.169.96 - - [28/Nov/2014:02:06:58 -0500] "GET /opensso/identity/isTokenValid?iPlanetDirectoryPro=AQIC5wM2LY4SfcziyfRct86xE4vMa7Mfult%2BnYUWULD6iSg%3D%40AAJTSQACMDE%3D%23 HTTP/1.1" 200 13 "http://pub.lmmp.nasa.gov/LMMPUI/LMMP_CLIENT/LMMP_WB.swf" "Mozilla/5.0 (Macintosh; Intel Mac OS X 10.10; rv:33.0) Gecko/20100101 Firefox/33.0" 755 170
68.209.225.157 - - [28/Nov/2014:02:06:57 -0500] "GET /arcgis/rest/services/CombinedNomenclature/MapServer/export?bboxSR=104903&dpi=163&size=320,460&transparent=true&format=png&bbox=23.46836063,0.60439284,23.55302443,0.72609705&f=image&imageSR=104903 HTTP/1.1" 200 1740 "arcgisios" "ArcGISiOS-2.3.2/7.1.2/iPhone3,1" 505 2024
162.233.169.96 - - [28/Nov/2014:02:06:58 -0500] "GET /LMMP/rest/auxmd/create?iPlanetDirectoryPro=AQIC5wM2LY4SfcziyfRct86xE4vMa7Mfult%2BnYUWULD6iSg%3D%40AAJTSQACMDE%3D%23&mdType=layer HTTP/1.1" 200 173 "http://pub.lmmp.nasa.gov/LMMPUI/LMMP_CLIENT/LMMP_WB.swf" "Mozilla/5.0 (Macintosh; Intel Mac OS X 10.10; rv:33.0) Gecko/20100101 Firefox/33.0" 814 348
162.233.169.96 - - [28/Nov/2014:02:06:58 -0500] "GET /opensso/identity/isTokenValid?iPlanetDirectoryPro=AQIC5wM2LY4SfcziyfRct86xE4vMa7Mfult%2BnYUWULD6iSg%3D%40AAJTSQACMDE%3D%23 HTTP/1.1" 200 13 "http://pub.lmmp.nasa.gov/LMMPUI/LMMP_CLIENT/LMMP_WB.swf" "Mozilla/5.0 (Macintosh; Intel Mac OS X 10.10; rv:33.0) Gecko/20100101 Firefox/33.0" 755 170
162.233.169.96 - - [28/Nov/2014:02:06:58 -0500] "GET /LMMP/rest/auxmd/create?iPlanetDirectoryPro=AQIC5wM2LY4SfcziyfRct86xE4vMa7Mfult%2BnYUWULD6iSg%3D%40AAJTSQACMDE%3D%23&mdType=point HTTP/1.1" 200 319 "http://pub.lmmp.nasa.gov/LMMPUI/LMMP_CLIENT/LMMP_WB.swf" "Mozilla/5.0 (Macintosh; Intel Mac OS X 10.10; rv:33.0) Gecko/20100101 Firefox/33.0" 814 496
162.233.169.96 - - [28/Nov/2014:02:06:58 -0500] "GET /opensso/identity/isTokenValid?iPlanetDirectoryPro=AQIC5wM2LY4SfcziyfRct86xE4vMa7Mfult%2BnYUWULD6iSg%3D%40AAJTSQACMDE%3D%23 HTTP/1.1" 200 13 "http://pub.lmmp.nasa.gov/LMMPUI/LMMP_CLIENT/LMMP_WB.swf" "Mozilla/5.0 (Macintosh; Intel Mac OS X 10.10; rv:33.0) Gecko/20100101 Firefox/33.0" 755 170
162.233.169.96 - - [28/Nov/2014:02:06:58 -0500] "GET /LMMP/rest/auxmd/create?iPlanetDirectoryPro=AQIC5wM2LY4SfcziyfRct86xE4vMa7Mfult%2BnYUWULD6iSg%3D%40AAJTSQACMDE%3D%23&mdType=bounding HTTP/1.1" 200 513 "http://pub.lmmp.nasa.gov/LMMPUI/LMMP_CLIENT/LMMP_WB.swf" "Mozilla/5.0 (Macintosh; Intel Mac OS X 10.10; rv:33.0) Gecko/20100101 Firefox/33.0" 817 689
162.233.169.96 - - [28/Nov/2014:02:06:58 -0500] "GET /opensso/identity/isTokenValid?iPlanetDirectoryPro=AQIC5wM2LY4SfcziyfRct86xE4vMa7Mfult%2BnYUWULD6iSg%3D%40AAJTSQACMDE%3D%23 HTTP/1.1" 200 13 "http://pub.lmmp.nasa.gov/LMMPUI/LMMP_CLIENT/LMMP_WB.swf" "Mozilla/5.0 (Macintosh; Intel Mac OS X 10.10; rv:33.0) Gecko/20100101 Firefox/33.0" 755 170
162.233.169.96 - - [28/Nov/2014:02:06:58 -0500] "GET /LMMP/rest/auxmd/create?iPlanetDirectoryPro=AQIC5wM2LY4SfcziyfRct86xE4vMa7Mfult%2BnYUWULD6iSg%3D%40AAJTSQACMDE%3D%23&mdType=polyo HTTP/1.1" 200 38 "http://pub.lmmp.nasa.gov/LMMPUI/LMMP_CLIENT/LMMP_WB.swf" "Mozilla/5.0 (Macintosh; Intel Mac OS X 10.10; rv:33.0) Gecko/20100101 Firefox/33.0" 814 213
162.233.169.96 - - [28/Nov/2014:02:06:58 -0500] "GET /LMMP/rest/auxmd/create?iPlanetDirectoryPro=AQIC5wM2LY4SfcziyfRct86xE4vMa7Mfult%2BnYUWULD6iSg%3D%40AAJTSQACMDE%3D%23&mdType=polyx HTTP/1.1" 200 38 "http://pub.lmmp.nasa.gov/LMMPUI/LMMP_CLIENT/LMMP_WB.swf" "Mozilla/5.0 (Macintosh; Intel Mac OS X 10.10; rv:33.0) Gecko/20100101 Firefox/33.0" 814 213
