1.46.3.68 - - [08/Dec/2015:23:09:47 -0500] "GET /arcgis/rest/services/CombinedNomenclature/MapServer/export?f=image&bbox=126.00703421795396%2C-34.36729782287925%2C126.5175180015768%2C-33.56451248626172&bboxSR=104903&size=489%2C769&format=png&transparent=true&dpi=213&imageSR=104903&layers=hide%3A-1 HTTP/1.1" 200 2639 "-" "ArcGIS.Android-10.2.3/5.1.1/SAMSUNG-SM-J200GU" 398 2926
1.46.3.68 - - [08/Dec/2015:23:09:49 -0500] "GET /arcgis/rest/services/ERGraticule/MapServer/export?f=image&bbox=126.1482097779414%2C-34.15671488055684%2C126.40345168190122%2C-33.75532219314355&bboxSR=104903&size=489%2C769&format=png&transparent=true&dpi=213&imageSR=104903&layers=hide%3A-1 HTTP/1.1" 200 312 "-" "ArcGIS.Android-10.2.3/5.1.1/SAMSUNG-SM-J200GU" 389 598
1.46.3.68 - - [08/Dec/2015:23:09:49 -0500] "GET /arcgis/rest/services/CombinedNomenclature/MapServer/export?f=image&bbox=126.1482097779414%2C-34.15671488055684%2C126.40345168190122%2C-33.75532219314355&bboxSR=104903&size=489%2C769&format=png&transparent=true&dpi=213&imageSR=104903&layers=hide%3A-1 HTTP/1.1" 200 2631 "-" "ArcGIS.Android-10.2.3/5.1.1/SAMSUNG-SM-J200GU" 398 2919
1.46.3.68 - - [08/Dec/2015:23:09:51 -0500] "GET /arcgis/rest/services/ERGraticule/MapServer/export?f=image&bbox=126.15761069265332%2C-34.164024425237514%2C126.41285259661313%2C-33.76263173782422&bboxSR=104903&size=489%2C769&format=png&transparent=true&dpi=213&imageSR=104903&layers=hide%3A-1 HTTP/1.1" 200 312 "-" "ArcGIS.Android-10.2.3/5.1.1/SAMSUNG-SM-J200GU" 391 599
1.46.3.68 - - [08/Dec/2015:23:09:51 -0500] "GET /arcgis/rest/services/CombinedNomenclature/MapServer/export?f=image&bbox=126.15761069265332%2C-34.164024425237514%2C126.41285259661313%2C-33.76263173782422&bboxSR=104903&size=489%2C769&format=png&transparent=true&dpi=213&imageSR=104903&layers=hide%3A-1 HTTP/1.1" 200 2620 "-" "ArcGIS.Android-10.2.3/5.1.1/SAMSUNG-SM-J200GU" 400 2909
1.46.3.68 - - [08/Dec/2015:23:09:52 -0500] "GET /arcgis/rest/services/ERGraticule/MapServer/export?f=image&bbox=125.99442727569186%2C-34.22854401016778%2C126.42010042571279%2C-33.55913163314101&bboxSR=104903&size=489%2C769&format=png&transparent=true&dpi=213&imageSR=104903&layers=hide%3A-1 HTTP/1.1" 200 312 "-" "ArcGIS.Android-10.2.3/5.1.1/SAMSUNG-SM-J200GU" 390 599
1.46.3.68 - - [08/Dec/2015:23:09:52 -0500] "GET /arcgis/rest/services/CombinedNomenclature/MapServer/export?f=image&bbox=125.99442727569186%2C-34.22854401016778%2C126.42010042571279%2C-33.55913163314101&bboxSR=104903&size=489%2C769&format=png&transparent=true&dpi=213&imageSR=104903&layers=hide%3A-1 HTTP/1.1" 200 2648 "-" "ArcGIS.Android-10.2.3/5.1.1/SAMSUNG-SM-J200GU" 399 2937
1.46.3.68 - - [08/Dec/2015:23:09:53 -0500] "GET /arcgis/rest/services/ERGraticule/MapServer/export?f=image&bbox=125.65657258736124%2C-34.82017861713176%2C126.80488967289382%2C-33.0143384560386&bboxSR=104903&size=489%2C769&format=png&transparent=true&dpi=213&imageSR=104903&layers=hide%3A-1 HTTP/1.1" 200 312 "-" "ArcGIS.Android-10.2.3/5.1.1/SAMSUNG-SM-J200GU" 389 599
1.46.3.68 - - [08/Dec/2015:23:09:53 -0500] "GET /arcgis/rest/services/CombinedNomenclature/MapServer/export?f=image&bbox=125.65657258736124%2C-34.82017861713176%2C126.80488967289382%2C-33.0143384560386&bboxSR=104903&size=489%2C769&format=png&transparent=true&dpi=213&imageSR=104903&layers=hide%3A-1 HTTP/1.1" 200 2634 "-" "ArcGIS.Android-10.2.3/5.1.1/SAMSUNG-SM-J200GU" 398 2921
1.46.3.68 - - [08/Dec/2015:23:09:59 -0500] "GET /arcgis/rest/services/ERGraticule/MapServer/export?f=image&bbox=125.34506052171564%2C-35.349006349505885%2C127.14438068351264%2C-32.519400614491786&bboxSR=104903&size=489%2C769&format=png&transparent=true&dpi=213&imageSR=104903&layers=hide%3A-1 HTTP/1.1" 200 2257 "-" "ArcGIS.Android-10.2.3/5.1.1/SAMSUNG-SM-J200GU" 392 2545
1.46.3.68 - - [08/Dec/2015:23:10:00 -0500] "GET /arcgis/rest/services/CombinedNomenclature/MapServer/export?f=image&bbox=125.34506052171564%2C-35.349006349505885%2C127.14438068351264%2C-32.519400614491786&bboxSR=104903&size=489%2C769&format=png&transparent=true&dpi=213&imageSR=104903&layers=hide%3A-1 HTTP/1.1" 200 2645 "-" "ArcGIS.Android-10.2.3/5.1.1/SAMSUNG-SM-J200GU" 401 2932
1.46.3.68 - - [08/Dec/2015:23:10:02 -0500] "GET /arcgis/rest/services/ERGraticule/MapServer/export?f=image&bbox=126.02005090423911%2C-33.06303433101313%2C126.28346843537958%2C-32.64878467570226&bboxSR=104903&size=489%2C769&format=png&transparent=true&dpi=213&imageSR=104903&layers=hide%3A-1 HTTP/1.1" 200 312 "-" "ArcGIS.Android-10.2.3/5.1.1/SAMSUNG-SM-J200GU" 390 600
1.46.3.68 - - [08/Dec/2015:23:10:02 -0500] "GET /arcgis/rest/services/CombinedNomenclature/MapServer/export?f=image&bbox=126.02005090423911%2C-33.06303433101313%2C126.28346843537958%2C-32.64878467570226&bboxSR=104903&size=489%2C769&format=png&transparent=true&dpi=213&imageSR=104903&layers=hide%3A-1 HTTP/1.1" 200 312 "-" "ArcGIS.Android-10.2.3/5.1.1/SAMSUNG-SM-J200GU" 399 599
1.46.3.68 - - [08/Dec/2015:23:10:03 -0500] "GET /arcgis/rest/services/ERGraticule/MapServer/export?f=image&bbox=125.81303927454903%2C-33.3333480116505%2C126.18431279344519%2C-32.749484338785166&bboxSR=104903&size=489%2C769&format=png&transparent=true&dpi=213&imageSR=104903&layers=hide%3A-1 HTTP/1.1" 200 312 "-" "ArcGIS.Android-10.2.3/5.1.1/SAMSUNG-SM-J200GU" 390 600
1.46.3.68 - - [08/Dec/2015:23:10:03 -0500] "GET /arcgis/rest/services/CombinedNomenclature/MapServer/export?f=image&bbox=125.81303927454903%2C-33.3333480116505%2C126.18431279344519%2C-32.749484338785166&bboxSR=104903&size=489%2C769&format=png&transparent=true&dpi=213&imageSR=104903&layers=hide%3A-1 HTTP/1.1" 200 312 "-" "ArcGIS.Android-10.2.3/5.1.1/SAMSUNG-SM-J200GU" 399 600
1.46.3.68 - - [08/Dec/2015:23:10:07 -0500] "GET /arcgis/rest/services/ERGraticule/MapServer/export?f=image&bbox=124.95054893795077%2C-34.35587845413741%2C126.95337097150517%2C-31.206246258220585&bboxSR=104903&size=489%2C769&format=png&transparent=true&dpi=213&imageSR=104903&layers=hide%3A-1 HTTP/1.1" 200 907 "-" "ArcGIS.Android-10.2.3/5.1.1/SAMSUNG-SM-J200GU" 391 1192
1.46.3.68 - - [08/Dec/2015:23:10:07 -0500] "GET /arcgis/rest/services/CombinedNomenclature/MapServer/export?f=image&bbox=124.95054893795077%2C-34.35587845413741%2C126.95337097150517%2C-31.206246258220585&bboxSR=104903&size=489%2C769&format=png&transparent=true&dpi=213&imageSR=104903&layers=hide%3A-1 HTTP/1.1" 200 2616 "-" "ArcGIS.Android-10.2.3/5.1.1/SAMSUNG-SM-J200GU" 400 2904
127.0.0.1 - - [08/Dec/2015:23:10:12 -0500] "GET /opensso/namingservice HTTP/1.1" 200 7 "-" "Java/1.5.0_21" 220 183
127.0.0.1 - - [08/Dec/2015:23:10:13 -0500] "GET /opensso/namingservice HTTP/1.1" 200 7 "-" "Java/1.5.0_21" 220 183
1.46.3.68 - - [08/Dec/2015:23:10:13 -0500] "GET /arcgis/rest/services/ERGraticule/MapServer/export?f=image&bbox=124.8710407070478%2C-33.896812483018934%2C126.14182347281212%2C-31.89838314381082&bboxSR=104903&size=489%2C769&format=png&transparent=true&dpi=213&imageSR=104903&layers=hide%3A-1 HTTP/1.1" 200 2250 "-" "ArcGIS.Android-10.2.3/5.1.1/SAMSUNG-SM-J200GU" 390 2538
1.46.3.68 - - [08/Dec/2015:23:10:14 -0500] "GET /arcgis/rest/services/CombinedNomenclature/MapServer/export?f=image&bbox=124.8710407070478%2C-33.896812483018934%2C126.14182347281212%2C-31.89838314381082&bboxSR=104903&size=489%2C769&format=png&transparent=true&dpi=213&imageSR=104903&layers=hide%3A-1 HTTP/1.1" 200 312 "-" "ArcGIS.Android-10.2.3/5.1.1/SAMSUNG-SM-J200GU" 399 600
1.46.3.68 - - [08/Dec/2015:23:10:16 -0500] "GET /arcgis/rest/services/ERGraticule/MapServer/export?f=image&bbox=124.85607826119477%2C-34.56762277578533%2C126.12686102695909%2C-32.569193436577216&bboxSR=104903&size=489%2C769&format=png&transparent=true&dpi=213&imageSR=104903&layers=hide%3A-1 HTTP/1.1" 200 2253 "-" "ArcGIS.Android-10.2.3/5.1.1/SAMSUNG-SM-J200GU" 391 2541
1.46.3.68 - - [08/Dec/2015:23:10:16 -0500] "GET /arcgis/rest/services/CombinedNomenclature/MapServer/export?f=image&bbox=124.85607826119477%2C-34.56762277578533%2C126.12686102695909%2C-32.569193436577216&bboxSR=104903&size=489%2C769&format=png&transparent=true&dpi=213&imageSR=104903&layers=hide%3A-1 HTTP/1.1" 200 312 "-" "ArcGIS.Android-10.2.3/5.1.1/SAMSUNG-SM-J200GU" 400 600
1.46.3.68 - - [08/Dec/2015:23:10:17 -0500] "GET /arcgis/rest/services/ERGraticule/MapServer/export?f=image&bbox=125.52312446501898%2C-33.400699479237915%2C125.84082020314507%2C-32.90109207101918&bboxSR=104903&size=489%2C769&format=png&transparent=true&dpi=213&imageSR=104903&layers=hide%3A-1 HTTP/1.1" 200 312 "-" "ArcGIS.Android-10.2.3/5.1.1/SAMSUNG-SM-J200GU" 391 599
1.46.3.68 - - [08/Dec/2015:23:10:17 -0500] "GET /arcgis/rest/services/CombinedNomenclature/MapServer/export?f=image&bbox=125.52312446501898%2C-33.400699479237915%2C125.84082020314507%2C-32.90109207101918&bboxSR=104903&size=489%2C769&format=png&transparent=true&dpi=213&imageSR=104903&layers=hide%3A-1 HTTP/1.1" 200 312 "-" "ArcGIS.Android-10.2.3/5.1.1/SAMSUNG-SM-J200GU" 400 599
1.46.3.68 - - [08/Dec/2015:23:10:19 -0500] "GET /arcgis/rest/services/ERGraticule/MapServer/export?f=image&bbox=125.33656949323866%2C-33.72906104164568%2C126.01218744364066%2C-32.666586187128004&bboxSR=104903&size=489%2C769&format=png&transparent=true&dpi=213&imageSR=104903&layers=hide%3A-1 HTTP/1.1" 200 312 "-" "ArcGIS.Android-10.2.3/5.1.1/SAMSUNG-SM-J200GU" 391 598
1.46.3.68 - - [08/Dec/2015:23:10:19 -0500] "GET /arcgis/rest/services/CombinedNomenclature/MapServer/export?f=image&bbox=125.33656949323866%2C-33.72906104164568%2C126.01218744364066%2C-32.666586187128004&bboxSR=104903&size=489%2C769&format=png&transparent=true&dpi=213&imageSR=104903&layers=hide%3A-1 HTTP/1.1" 200 312 "-" "ArcGIS.Android-10.2.3/5.1.1/SAMSUNG-SM-J200GU" 400 600
1.46.3.68 - - [08/Dec/2015:23:10:20 -0500] "GET /arcgis/rest/services/ERGraticule/MapServer/export?f=image&bbox=124.57261351554222%2C-35.06586768980998%2C126.76365644040183%2C-31.620239859100284&bboxSR=104903&size=489%2C769&format=png&transparent=true&dpi=213&imageSR=104903&layers=hide%3A-1 HTTP/1.1" 200 2587 "-" "ArcGIS.Android-10.2.3/5.1.1/SAMSUNG-SM-J200GU" 391 2876
1.46.3.68 - - [08/Dec/2015:23:10:21 -0500] "GET /arcgis/rest/services/ERGraticule/MapServer/export?f=image&bbox=123.79364272383386%2C-36.388147397347865%2C127.48858574664295%2C-30.577490578247264&bboxSR=104903&size=489%2C769&format=png&transparent=true&dpi=213&imageSR=104903&layers=hide%3A-1 HTTP/1.1" 200 2618 "-" "ArcGIS.Android-10.2.3/5.1.1/SAMSUNG-SM-J200GU" 392 2905
1.46.3.68 - - [08/Dec/2015:23:10:21 -0500] "GET /arcgis/rest/services/CombinedNomenclature/MapServer/export?f=image&bbox=124.57261351554222%2C-35.06586768980998%2C126.76365644040183%2C-31.620239859100284&bboxSR=104903&size=489%2C769&format=png&transparent=true&dpi=213&imageSR=104903&layers=hide%3A-1 HTTP/1.1" 200 2655 "-" "ArcGIS.Android-10.2.3/5.1.1/SAMSUNG-SM-J200GU" 400 2943
1.46.3.68 - - [08/Dec/2015:23:10:23 -0500] "GET /arcgis/rest/services/ERGraticule/MapServer/export?f=image&bbox=121.22919146880906%2C-40.7930047054068%2C129.98574113617906%2C-27.022479768377092&bboxSR=104903&size=489%2C769&format=png&transparent=true&dpi=213&imageSR=104903&layers=hide%3A-1 HTTP/1.1" 200 2247 "-" "ArcGIS.Android-10.2.3/5.1.1/SAMSUNG-SM-J200GU" 390 2535
137.78.207.218 - - [08/Dec/2015:23:10:23 -0500] "HEAD /LMMPUI/LMMP_CLIENT/LMMP.html HTTP/1.1" 200 - "-" "curl/7.38.0" 110 274
1.46.3.68 - - [08/Dec/2015:23:10:24 -0500] "GET /arcgis/rest/services/CombinedNomenclature/MapServer/export?f=image&bbox=119.39413411237581%2C-43.76649279267227%2C131.84907051333943%2C-24.17989546682149&bboxSR=104903&size=489%2C769&format=png&transparent=true&dpi=213&imageSR=104903&layers=hide%3A-1 HTTP/1.1" 200 3359 "-" "ArcGIS.Android-10.2.3/5.1.1/SAMSUNG-SM-J200GU" 399 3648
1.46.3.68 - - [08/Dec/2015:23:10:25 -0500] "GET /arcgis/rest/services/ERGraticule/MapServer/export?f=image&bbox=117.14746062330937%2C-47.37567696584121%2C134.38059613204385%2C-20.274897403025644&bboxSR=104903&size=489%2C769&format=png&transparent=true&dpi=213&imageSR=104903&layers=hide%3A-1 HTTP/1.1" 200 2528 "-" "ArcGIS.Android-10.2.3/5.1.1/SAMSUNG-SM-J200GU" 391 2816
1.46.3.68 - - [08/Dec/2015:23:10:26 -0500] "GET /arcgis/rest/services/CombinedNomenclature/MapServer/export?f=image&bbox=96.39926683911243%2C-83.30567836827615%2C156.0535109917205%2C10.50641519686819&bboxSR=104903&size=489%2C769&format=png&transparent=true&dpi=213&imageSR=104903&layers=hide%3A-1 HTTP/1.1" 200 3209 "-" "ArcGIS.Android-10.2.3/5.1.1/SAMSUNG-SM-J200GU" 396 3497
66.249.79.241 - - [08/Dec/2015:23:10:27 -0500] "GET /redmine/issues/gantt?month=10&months=6&year=2251&zoom=3 HTTP/1.1" 200 51321 "-" "Mozilla/5.0 (compatible; Googlebot/2.1; +http://www.google.com/bot.html)" 346 52010
1.46.3.68 - - [08/Dec/2015:23:10:28 -0500] "GET /arcgis/rest/services/ERGraticule/MapServer/export?f=image&bbox=116.8798372418337%2C-46.90023601450787%2C135.5237385381145%2C-17.58089021319922&bboxSR=104903&size=489%2C769&format=png&transparent=true&dpi=213&imageSR=104903&layers=hide%3A-1 HTTP/1.1" 200 2841 "-" "ArcGIS.Android-10.2.3/5.1.1/SAMSUNG-SM-J200GU" 388 3130
1.46.3.68 - - [08/Dec/2015:23:10:29 -0500] "GET /arcgis/rest/services/ERGraticule/MapServer/export?f=image&bbox=120.51634094663136%2C-40.42290042235108%2C131.63618915941555%2C-22.935858958892904&bboxSR=104903&size=489%2C769&format=png&transparent=true&dpi=213&imageSR=104903&layers=hide%3A-1 HTTP/1.1" 200 2232 "-" "ArcGIS.Android-10.2.3/5.1.1/SAMSUNG-SM-J200GU" 391 2521
1.46.3.68 - - [08/Dec/2015:23:10:30 -0500] "GET /arcgis/rest/services/CombinedNomenclature/MapServer/export?f=image&bbox=120.51634094663136%2C-40.42290042235108%2C131.63618915941555%2C-22.935858958892904&bboxSR=104903&size=489%2C769&format=png&transparent=true&dpi=213&imageSR=104903&layers=hide%3A-1 HTTP/1.1" 200 3363 "-" "ArcGIS.Android-10.2.3/5.1.1/SAMSUNG-SM-J200GU" 400 3651
1.46.3.68 - - [08/Dec/2015:23:10:30 -0500] "GET /arcgis/rest/services/ERGraticule/MapServer/export?f=image&bbox=122.68919529710845%2C-36.13853606590044%2C128.89118471175198%2C-26.38530526863895&bboxSR=104903&size=489%2C769&format=png&transparent=true&dpi=213&imageSR=104903&layers=hide%3A-1 HTTP/1.1" 200 2247 "-" "ArcGIS.Android-10.2.3/5.1.1/SAMSUNG-SM-J200GU" 390 2536
1.46.3.68 - - [08/Dec/2015:23:10:35 -0500] "GET /arcgis/rest/services/CombinedNomenclature/MapServer/export?f=image&bbox=119.5912958979585%2C-40.7041118896813%2C132.47489658493646%2C-20.443398334904117&bboxSR=104903&size=489%2C769&format=png&transparent=true&dpi=213&imageSR=104903&layers=hide%3A-1 HTTP/1.1" 200 4353 "-" "ArcGIS.Android-10.2.3/5.1.1/SAMSUNG-SM-J200GU" 398 4641
1.46.3.68 - - [08/Dec/2015:23:10:35 -0500] "GET /arcgis/rest/services/ERGraticule/MapServer/export?f=image&bbox=118.19737944728152%2C-42.935888055773404%2C134.20132860637665%2C-17.76812342725777&bboxSR=104903&size=489%2C769&format=png&transparent=true&dpi=213&imageSR=104903&layers=hide%3A-1 HTTP/1.1" 200 2838 "-" "ArcGIS.Android-10.2.3/5.1.1/SAMSUNG-SM-J200GU" 391 3126
1.46.3.68 - - [08/Dec/2015:23:10:37 -0500] "GET /arcgis/rest/services/ERGraticule/MapServer/export?f=image&bbox=123.95799506515478%2C-33.403525901824516%2C125.86814063945212%2C-30.399636440403942&bboxSR=104903&size=489%2C769&format=png&transparent=true&dpi=213&imageSR=104903&layers=hide%3A-1 HTTP/1.1" 200 2196 "-" "ArcGIS.Android-10.2.3/5.1.1/SAMSUNG-SM-J200GU" 392 2482
1.46.3.68 - - [08/Dec/2015:23:10:37 -0500] "GET /arcgis/rest/services/ERGraticule/MapServer/export?f=image&bbox=123.39300668818878%2C-34.36762871095881%2C126.70293254461158%2C-29.162448785418658&bboxSR=104903&size=489%2C769&format=png&transparent=true&dpi=213&imageSR=104903&layers=hide%3A-1 HTTP/1.1" 200 2525 "-" "ArcGIS.Android-10.2.3/5.1.1/SAMSUNG-SM-J200GU" 391 2814
1.46.3.68 - - [08/Dec/2015:23:10:38 -0500] "GET /arcgis/rest/services/CombinedNomenclature/MapServer/export?f=image&bbox=123.39300668818878%2C-34.36762871095881%2C126.70293254461158%2C-29.162448785418658&bboxSR=104903&size=489%2C769&format=png&transparent=true&dpi=213&imageSR=104903&layers=hide%3A-1 HTTP/1.1" 200 3593 "-" "ArcGIS.Android-10.2.3/5.1.1/SAMSUNG-SM-J200GU" 400 3880
1.46.3.68 - - [08/Dec/2015:23:10:39 -0500] "GET /arcgis/rest/services/ERGraticule/MapServer/export?f=image&bbox=123.80349666610591%2C-33.78013780716834%2C126.20735824039036%2C-29.999831977669896&bboxSR=104903&size=489%2C769&format=png&transparent=true&dpi=213&imageSR=104903&layers=hide%3A-1 HTTP/1.1" 200 2226 "-" "ArcGIS.Android-10.2.3/5.1.1/SAMSUNG-SM-J200GU" 391 2515
1.46.3.68 - - [08/Dec/2015:23:10:39 -0500] "GET /arcgis/rest/services/CombinedNomenclature/MapServer/export?f=image&bbox=123.80349666610591%2C-33.78013780716834%2C126.20735824039036%2C-29.999831977669896&bboxSR=104903&size=489%2C769&format=png&transparent=true&dpi=213&imageSR=104903&layers=hide%3A-1 HTTP/1.1" 200 2930 "-" "ArcGIS.Android-10.2.3/5.1.1/SAMSUNG-SM-J200GU" 400 3218
1.46.3.68 - - [08/Dec/2015:23:10:40 -0500] "GET /arcgis/rest/services/ERGraticule/MapServer/export?f=image&bbox=123.84338260603027%2C-33.71006777061429%2C126.12990901947057%2C-30.114282879130474&bboxSR=104903&size=489%2C769&format=png&transparent=true&dpi=213&imageSR=104903&layers=hide%3A-1 HTTP/1.1" 200 2212 "-" "ArcGIS.Android-10.2.3/5.1.1/SAMSUNG-SM-J200GU" 391 2499
127.0.0.1 - - [08/Dec/2015:23:10:42 -0500] "GET /opensso/namingservice HTTP/1.1" 200 7 "-" "Java/1.5.0_21" 220 183
1.46.3.68 - - [08/Dec/2015:23:10:41 -0500] "GET /arcgis/rest/services/CombinedNomenclature/MapServer/export?f=image&bbox=123.84338260603027%2C-33.71006777061429%2C126.12990901947057%2C-30.114282879130474&bboxSR=104903&size=489%2C769&format=png&transparent=true&dpi=213&imageSR=104903&layers=hide%3A-1 HTTP/1.1" 200 2929 "-" "ArcGIS.Android-10.2.3/5.1.1/SAMSUNG-SM-J200GU" 400 3218
127.0.0.1 - - [08/Dec/2015:23:10:43 -0500] "GET /opensso/namingservice HTTP/1.1" 200 7 "-" "Java/1.5.0_21" 220 183
1.46.3.68 - - [08/Dec/2015:23:10:43 -0500] "GET /arcgis/rest/services/ERGraticule/MapServer/export?f=image&bbox=122.93822044104904%2C-34.17110831259076%2C125.22474685448934%2C-30.575323421106948&bboxSR=104903&size=489%2C769&format=png&transparent=true&dpi=213&imageSR=104903&layers=hide%3A-1 HTTP/1.1" 200 2197 "-" "ArcGIS.Android-10.2.3/5.1.1/SAMSUNG-SM-J200GU" 391 2483
1.46.3.68 - - [08/Dec/2015:23:10:45 -0500] "GET /arcgis/rest/services/ERGraticule/MapServer/export?f=image&bbox=123.76139374152386%2C-34.44775631448202%2C126.04792015496416%2C-30.851971422998208&bboxSR=104903&size=489%2C769&format=png&transparent=true&dpi=213&imageSR=104903&layers=hide%3A-1 HTTP/1.1" 200 2196 "-" "ArcGIS.Android-10.2.3/5.1.1/SAMSUNG-SM-J200GU" 391 2484
1.46.3.68 - - [08/Dec/2015:23:10:45 -0500] "GET /arcgis/rest/services/CombinedNomenclature/MapServer/export?f=image&bbox=122.93822044104904%2C-34.17110831259076%2C125.22474685448934%2C-30.575323421106948&bboxSR=104903&size=489%2C769&format=png&transparent=true&dpi=213&imageSR=104903&layers=hide%3A-1 HTTP/1.1" 200 2964 "-" "ArcGIS.Android-10.2.3/5.1.1/SAMSUNG-SM-J200GU" 400 3252
1.46.3.68 - - [08/Dec/2015:23:10:46 -0500] "GET /arcgis/rest/services/ERGraticule/MapServer/export?f=image&bbox=124.07014824771854%2C-33.71498575705906%2C125.43869000193087%2C-31.562820912500193&bboxSR=104903&size=489%2C769&format=png&transparent=true&dpi=213&imageSR=104903&layers=hide%3A-1 HTTP/1.1" 200 2202 "-" "ArcGIS.Android-10.2.3/5.1.1/SAMSUNG-SM-J200GU" 391 2489
1.46.3.68 - - [08/Dec/2015:23:10:45 -0500] "GET /arcgis/rest/services/CombinedNomenclature/MapServer/export?f=image&bbox=124.07014824771854%2C-33.71498575705906%2C125.43869000193087%2C-31.562820912500193&bboxSR=104903&size=489%2C769&format=png&transparent=true&dpi=213&imageSR=104903&layers=hide%3A-1 HTTP/1.1" 200 2925 "-" "ArcGIS.Android-10.2.3/5.1.1/SAMSUNG-SM-J200GU" 400 3212
1.46.3.68 - - [08/Dec/2015:23:10:47 -0500] "GET /arcgis/rest/services/ERGraticule/MapServer/export?f=image&bbox=124.03587955780392%2C-33.793984261713206%2C125.49879979870619%2C-31.493400079190007&bboxSR=104903&size=489%2C769&format=png&transparent=true&dpi=213&imageSR=104903&layers=hide%3A-1 HTTP/1.1" 200 2202 "-" "ArcGIS.Android-10.2.3/5.1.1/SAMSUNG-SM-J200GU" 392 2491
1.46.3.68 - - [08/Dec/2015:23:10:47 -0500] "GET /arcgis/rest/services/CombinedNomenclature/MapServer/export?f=image&bbox=124.03587955780392%2C-33.793984261713206%2C125.49879979870619%2C-31.493400079190007&bboxSR=104903&size=489%2C769&format=png&transparent=true&dpi=213&imageSR=104903&layers=hide%3A-1 HTTP/1.1" 200 2925 "-" "ArcGIS.Android-10.2.3/5.1.1/SAMSUNG-SM-J200GU" 401 3212
1.46.3.68 - - [08/Dec/2015:23:10:48 -0500] "GET /arcgis/rest/services/ERGraticule/MapServer/export?f=image&bbox=124.82231039109246%2C-33.850665086016946%2C126.28523063199472%2C-31.550080903493747&bboxSR=104903&size=489%2C769&format=png&transparent=true&dpi=213&imageSR=104903&layers=hide%3A-1 HTTP/1.1" 200 2253 "-" "ArcGIS.Android-10.2.3/5.1.1/SAMSUNG-SM-J200GU" 392 2541
1.46.3.68 - - [08/Dec/2015:23:10:48 -0500] "GET /arcgis/rest/services/CombinedNomenclature/MapServer/export?f=image&bbox=124.82231039109246%2C-33.850665086016946%2C126.28523063199472%2C-31.550080903493747&bboxSR=104903&size=489%2C769&format=png&transparent=true&dpi=213&imageSR=104903&layers=hide%3A-1 HTTP/1.1" 200 312 "-" "ArcGIS.Android-10.2.3/5.1.1/SAMSUNG-SM-J200GU" 401 599
1.46.3.68 - - [08/Dec/2015:23:10:50 -0500] "GET /arcgis/rest/services/ERGraticule/MapServer/export?f=image&bbox=125.80344673399723%2C-34.01800535343456%2C127.2663669748995%2C-31.71742117091136&bboxSR=104903&size=489%2C769&format=png&transparent=true&dpi=213&imageSR=104903&layers=hide%3A-1 HTTP/1.1" 200 312 "-" "ArcGIS.Android-10.2.3/5.1.1/SAMSUNG-SM-J200GU" 389 598
1.46.3.68 - - [08/Dec/2015:23:10:50 -0500] "GET /arcgis/rest/services/CombinedNomenclature/MapServer/export?f=image&bbox=125.80344673399723%2C-34.01800535343456%2C127.2663669748995%2C-31.71742117091136&bboxSR=104903&size=489%2C769&format=png&transparent=true&dpi=213&imageSR=104903&layers=hide%3A-1 HTTP/1.1" 200 2641 "-" "ArcGIS.Android-10.2.3/5.1.1/SAMSUNG-SM-J200GU" 398 2928
1.46.3.68 - - [08/Dec/2015:23:11:00 -0500] "GET /arcgis/rest/services/ERGraticule/MapServer/export?f=image&bbox=125.87910605250318%2C-39.86990698463485%2C127.72295649398511%2C-36.97027305927778&bboxSR=104903&size=489%2C769&format=png&transparent=true&dpi=213&imageSR=104903&layers=hide%3A-1 HTTP/1.1" 200 312 "-" "ArcGIS.Android-10.2.3/5.1.1/SAMSUNG-SM-J200GU" 390 601
1.46.3.68 - - [08/Dec/2015:23:11:00 -0500] "GET /arcgis/rest/services/CombinedNomenclature/MapServer/export?f=image&bbox=125.87910605250318%2C-39.86990698463485%2C127.72295649398511%2C-36.97027305927778&bboxSR=104903&size=489%2C769&format=png&transparent=true&dpi=213&imageSR=104903&layers=hide%3A-1 HTTP/1.1" 200 2797 "-" "ArcGIS.Android-10.2.3/5.1.1/SAMSUNG-SM-J200GU" 399 3087
1.46.3.68 - - [08/Dec/2015:23:11:04 -0500] "GET /arcgis/rest/services/ERGraticule/MapServer/export?f=image&bbox=127.41909038970377%2C-41.41911621656562%2C129.26294083118572%2C-38.51948229120855&bboxSR=104903&size=489%2C769&format=png&transparent=true&dpi=213&imageSR=104903&layers=hide%3A-1 HTTP/1.1" 200 2232 "-" "ArcGIS.Android-10.2.3/5.1.1/SAMSUNG-SM-J200GU" 390 2521
1.46.3.68 - - [08/Dec/2015:23:11:04 -0500] "GET /arcgis/rest/services/CombinedNomenclature/MapServer/export?f=image&bbox=127.41909038970377%2C-41.41911621656562%2C129.26294083118572%2C-38.51948229120855&bboxSR=104903&size=489%2C769&format=png&transparent=true&dpi=213&imageSR=104903&layers=hide%3A-1 HTTP/1.1" 200 312 "-" "ArcGIS.Android-10.2.3/5.1.1/SAMSUNG-SM-J200GU" 399 599
1.46.3.68 - - [08/Dec/2015:23:11:05 -0500] "GET /arcgis/rest/services/ERGraticule/MapServer/export?f=image&bbox=128.15941252596423%2C-40.16625239898953%2C130.00326296744618%2C-37.266618473632455&bboxSR=104903&size=489%2C769&format=png&transparent=true&dpi=213&imageSR=104903&layers=hide%3A-1 HTTP/1.1" 200 2454 "-" "ArcGIS.Android-10.2.3/5.1.1/SAMSUNG-SM-J200GU" 391 2742
1.46.3.68 - - [08/Dec/2015:23:11:05 -0500] "GET /arcgis/rest/services/CombinedNomenclature/MapServer/export?f=image&bbox=128.15941252596423%2C-40.16625239898953%2C130.00326296744618%2C-37.266618473632455&bboxSR=104903&size=489%2C769&format=png&transparent=true&dpi=213&imageSR=104903&layers=hide%3A-1 HTTP/1.1" 200 2772 "-" "ArcGIS.Android-10.2.3/5.1.1/SAMSUNG-SM-J200GU" 400 3059
1.46.3.68 - - [08/Dec/2015:23:11:09 -0500] "GET /arcgis/rest/services/CombinedNomenclature/MapServer/export?f=image&bbox=129.3296490747585%2C-40.56104515559937%2C131.17349951624044%2C-37.6614112302423&bboxSR=104903&size=489%2C769&format=png&transparent=true&dpi=213&imageSR=104903&layers=hide%3A-1 HTTP/1.1" 200 2759 "-" "ArcGIS.Android-10.2.3/5.1.1/SAMSUNG-SM-J200GU" 397 3047
127.0.0.1 - - [08/Dec/2015:23:11:12 -0500] "GET /opensso/namingservice HTTP/1.1" 200 7 "-" "Java/1.5.0_21" 220 183
127.0.0.1 - - [08/Dec/2015:23:11:13 -0500] "GET /opensso/namingservice HTTP/1.1" 200 7 "-" "Java/1.5.0_21" 220 183
1.46.3.68 - - [08/Dec/2015:23:11:13 -0500] "GET /arcgis/rest/services/CombinedNomenclature/MapServer/export?f=image&bbox=129.540197761338%2C-39.387980217015354%2C130.2249932300213%2C-38.31107282352359&bboxSR=104903&size=489%2C769&format=png&transparent=true&dpi=213&imageSR=104903&layers=hide%3A-1 HTTP/1.1" 200 2766 "-" "ArcGIS.Android-10.2.3/5.1.1/SAMSUNG-SM-J200GU" 397 3054
1.46.3.68 - - [08/Dec/2015:23:11:17 -0500] "GET /arcgis/rest/services/CombinedNomenclature/MapServer/export?f=image&bbox=129.12130819621376%2C-41.3519813012998%2C131.51092641425956%2C-37.594074533043724&bboxSR=104903&size=489%2C769&format=png&transparent=true&dpi=213&imageSR=104903&layers=hide%3A-1 HTTP/1.1" 200 4170 "-" "ArcGIS.Android-10.2.3/5.1.1/SAMSUNG-SM-J200GU" 399 4459
1.46.3.68 - - [08/Dec/2015:23:11:18 -0500] "GET /arcgis/rest/services/ERGraticule/MapServer/export?f=image&bbox=129.7730590802681%2C-42.41592249744464%2C132.32675908928462%2C-38.39998117447182&bboxSR=104903&size=489%2C769&format=png&transparent=true&dpi=213&imageSR=104903&layers=hide%3A-1 HTTP/1.1" 200 2533 "-" "ArcGIS.Android-10.2.3/5.1.1/SAMSUNG-SM-J200GU" 389 2822
1.46.3.68 - - [08/Dec/2015:23:11:19 -0500] "GET /arcgis/rest/services/CombinedNomenclature/MapServer/export?f=image&bbox=129.7730590802681%2C-42.41592249744464%2C132.32675908928462%2C-38.39998117447182&bboxSR=104903&size=489%2C769&format=png&transparent=true&dpi=213&imageSR=104903&layers=hide%3A-1 HTTP/1.1" 200 4231 "-" "ArcGIS.Android-10.2.3/5.1.1/SAMSUNG-SM-J200GU" 398 4520
1.46.3.68 - - [08/Dec/2015:23:11:27 -0500] "GET /arcgis/rest/services/CombinedNomenclature/MapServer/export?f=image&bbox=134.0015185841088%2C-42.50877767640339%2C136.4018106018574%2C-38.73408532129365&bboxSR=104903&size=489%2C769&format=png&transparent=true&dpi=213&imageSR=104903&layers=hide%3A-1 HTTP/1.1" 200 312 "-" "ArcGIS.Android-10.2.3/5.1.1/SAMSUNG-SM-J200GU" 397 599
1.46.3.68 - - [08/Dec/2015:23:11:30 -0500] "GET /arcgis/rest/services/ERGraticule/MapServer/export?f=image&bbox=133.5379493383772%2C-43.310983000588905%2C136.33765294844665%2C-38.908177118905044&bboxSR=104903&size=489%2C769&format=png&transparent=true&dpi=213&imageSR=104903&layers=hide%3A-1 HTTP/1.1" 200 2911 "-" "ArcGIS.Android-10.2.3/5.1.1/SAMSUNG-SM-J200GU" 391 3199
1.46.3.68 - - [08/Dec/2015:23:11:31 -0500] "GET /arcgis/rest/services/CombinedNomenclature/MapServer/export?f=image&bbox=133.5379493383772%2C-43.310983000588905%2C136.33765294844665%2C-38.908177118905044&bboxSR=104903&size=489%2C769&format=png&transparent=true&dpi=213&imageSR=104903&layers=hide%3A-1 HTTP/1.1" 200 312 "-" "ArcGIS.Android-10.2.3/5.1.1/SAMSUNG-SM-J200GU" 400 599
1.46.3.68 - - [08/Dec/2015:23:11:34 -0500] "GET /arcgis/rest/services/ERGraticule/MapServer/export?f=image&bbox=133.62252581665575%2C-43.88206382929658%2C136.4222294267252%2C-39.47925794761271&bboxSR=104903&size=489%2C769&format=png&transparent=true&dpi=213&imageSR=104903&layers=hide%3A-1 HTTP/1.1" 200 2523 "-" "ArcGIS.Android-10.2.3/5.1.1/SAMSUNG-SM-J200GU" 389 2811
1.46.3.68 - - [08/Dec/2015:23:11:34 -0500] "GET /arcgis/rest/services/CombinedNomenclature/MapServer/export?f=image&bbox=133.62252581665575%2C-43.88206382929658%2C136.4222294267252%2C-39.47925794761271&bboxSR=104903&size=489%2C769&format=png&transparent=true&dpi=213&imageSR=104903&layers=hide%3A-1 HTTP/1.1" 200 312 "-" "ArcGIS.Android-10.2.3/5.1.1/SAMSUNG-SM-J200GU" 398 599
1.46.3.68 - - [08/Dec/2015:23:11:36 -0500] "GET /arcgis/rest/services/ERGraticule/MapServer/export?f=image&bbox=134.84528621813664%2C-44.10276901513536%2C137.6449898282061%2C-39.69996313345149&bboxSR=104903&size=489%2C769&format=png&transparent=true&dpi=213&imageSR=104903&layers=hide%3A-1 HTTP/1.1" 200 2242 "-" "ArcGIS.Android-10.2.3/5.1.1/SAMSUNG-SM-J200GU" 389 2530
1.46.3.68 - - [08/Dec/2015:23:11:37 -0500] "GET /arcgis/rest/services/CombinedNomenclature/MapServer/export?f=image&bbox=134.84528621813664%2C-44.10276901513536%2C137.6449898282061%2C-39.69996313345149&bboxSR=104903&size=489%2C769&format=png&transparent=true&dpi=213&imageSR=104903&layers=hide%3A-1 HTTP/1.1" 200 2608 "-" "ArcGIS.Android-10.2.3/5.1.1/SAMSUNG-SM-J200GU" 398 2896
127.0.0.1 - - [08/Dec/2015:23:11:42 -0500] "GET /opensso/namingservice HTTP/1.1" 200 7 "-" "Java/1.5.0_21" 220 183
127.0.0.1 - - [08/Dec/2015:23:11:43 -0500] "GET /opensso/namingservice HTTP/1.1" 200 7 "-" "Java/1.5.0_21" 220 183
1.46.3.68 - - [08/Dec/2015:23:11:42 -0500] "GET /arcgis/rest/services/ERGraticule/MapServer/export?f=image&bbox=134.96495859733074%2C-46.52158448184736%2C137.7646622074002%2C-42.118778600163495&bboxSR=104903&size=489%2C769&format=png&transparent=true&dpi=213&imageSR=104903&layers=hide%3A-1 HTTP/1.1" 200 2253 "-" "ArcGIS.Android-10.2.3/5.1.1/SAMSUNG-SM-J200GU" 390 2541
1.46.3.68 - - [08/Dec/2015:23:11:43 -0500] "GET /arcgis/rest/services/CombinedNomenclature/MapServer/export?f=image&bbox=134.96495859733074%2C-46.52158448184736%2C137.7646622074002%2C-42.118778600163495&bboxSR=104903&size=489%2C769&format=png&transparent=true&dpi=213&imageSR=104903&layers=hide%3A-1 HTTP/1.1" 200 3006 "-" "ArcGIS.Android-10.2.3/5.1.1/SAMSUNG-SM-J200GU" 399 3295
1.46.3.68 - - [08/Dec/2015:23:11:48 -0500] "GET /arcgis/rest/services/ERGraticule/MapServer/export?f=image&bbox=137.12726235708013%2C-45.04538220882675%2C137.8976663632991%2C-43.83384707430244&bboxSR=104903&size=489%2C769&format=png&transparent=true&dpi=213&imageSR=104903&layers=hide%3A-1 HTTP/1.1" 200 2249 "-" "ArcGIS.Android-10.2.3/5.1.1/SAMSUNG-SM-J200GU" 389 2537
1.46.3.68 - - [08/Dec/2015:23:11:49 -0500] "GET /arcgis/rest/services/CombinedNomenclature/MapServer/export?f=image&bbox=137.12726235708013%2C-45.04538220882675%2C137.8976663632991%2C-43.83384707430244&bboxSR=104903&size=489%2C769&format=png&transparent=true&dpi=213&imageSR=104903&layers=hide%3A-1 HTTP/1.1" 200 312 "-" "ArcGIS.Android-10.2.3/5.1.1/SAMSUNG-SM-J200GU" 398 601
1.46.3.68 - - [08/Dec/2015:23:11:53 -0500] "GET /arcgis/rest/services/ERGraticule/MapServer/export?f=image&bbox=135.0226477413497%2C-48.18413686609922%2C140.18840936047727%2C-40.060474933360766&bboxSR=104903&size=489%2C769&format=png&transparent=true&dpi=213&imageSR=104903&layers=hide%3A-1 HTTP/1.1" 200 2414 "-" "ArcGIS.Android-10.2.3/5.1.1/SAMSUNG-SM-J200GU" 390 2703
1.46.3.68 - - [08/Dec/2015:23:11:54 -0500] "GET /arcgis/rest/services/CombinedNomenclature/MapServer/export?f=image&bbox=135.0226477413497%2C-48.18413686609922%2C140.18840936047727%2C-40.060474933360766&bboxSR=104903&size=489%2C769&format=png&transparent=true&dpi=213&imageSR=104903&layers=hide%3A-1 HTTP/1.1" 200 2943 "-" "ArcGIS.Android-10.2.3/5.1.1/SAMSUNG-SM-J200GU" 399 3232
1.46.3.68 - - [08/Dec/2015:23:12:00 -0500] "GET /arcgis/rest/services/ERGraticule/MapServer/export?f=image&bbox=136.94307482933598%2C-51.094382717365875%2C143.849770678229%2C-40.23293259916809&bboxSR=104903&size=489%2C769&format=png&transparent=true&dpi=213&imageSR=104903&layers=hide%3A-1 HTTP/1.1" 200 2248 "-" "ArcGIS.Android-10.2.3/5.1.1/SAMSUNG-SM-J200GU" 389 2537
1.46.3.68 - - [08/Dec/2015:23:12:02 -0500] "GET /arcgis/rest/services/CombinedNomenclature/MapServer/export?f=image&bbox=139.5691353792421%2C-50.415391837451295%2C146.47583122813512%2C-39.55394171925351&bboxSR=104903&size=489%2C769&format=png&transparent=true&dpi=213&imageSR=104903&layers=hide%3A-1 HTTP/1.1" 200 4090 "-" "ArcGIS.Android-10.2.3/5.1.1/SAMSUNG-SM-J200GU" 399 4378
1.46.3.68 - - [08/Dec/2015:23:12:04 -0500] "GET /arcgis/rest/services/ERGraticule/MapServer/export?f=image&bbox=141.51455834564464%2C-45.84097030655975%2C143.5949464928159%2C-42.56935786243971&bboxSR=104903&size=489%2C769&format=png&transparent=true&dpi=213&imageSR=104903&layers=hide%3A-1 HTTP/1.1" 200 2249 "-" "ArcGIS.Android-10.2.3/5.1.1/SAMSUNG-SM-J200GU" 389 2537
1.46.3.68 - - [08/Dec/2015:23:12:05 -0500] "GET /arcgis/rest/services/CombinedNomenclature/MapServer/export?f=image&bbox=141.51455834564464%2C-45.84097030655975%2C143.5949464928159%2C-42.56935786243971&bboxSR=104903&size=489%2C769&format=png&transparent=true&dpi=213&imageSR=104903&layers=hide%3A-1 HTTP/1.1" 200 2419 "-" "ArcGIS.Android-10.2.3/5.1.1/SAMSUNG-SM-J200GU" 398 2708
1.46.3.68 - - [08/Dec/2015:23:12:07 -0500] "GET /arcgis/rest/services/ERGraticule/MapServer/export?f=image&bbox=141.0616153843262%2C-46.583608957641154%2C144.1493867359705%2C-41.727788570290514&bboxSR=104903&size=489%2C769&format=png&transparent=true&dpi=213&imageSR=104903&layers=hide%3A-1 HTTP/1.1" 200 2249 "-" "ArcGIS.Android-10.2.3/5.1.1/SAMSUNG-SM-J200GU" 390 2538
1.46.3.68 - - [08/Dec/2015:23:12:08 -0500] "GET /arcgis/rest/services/CombinedNomenclature/MapServer/export?f=image&bbox=141.19842300255573%2C-45.833114416822994%2C143.89371461117454%2C-41.59450654969035&bboxSR=104903&size=489%2C769&format=png&transparent=true&dpi=213&imageSR=104903&layers=hide%3A-1 HTTP/1.1" 200 312 "-" "ArcGIS.Android-10.2.3/5.1.1/SAMSUNG-SM-J200GU" 400 599
1.46.3.68 - - [08/Dec/2015:23:12:08 -0500] "GET /arcgis/rest/services/ERGraticule/MapServer/export?f=image&bbox=140.15591495754146%2C-47.68348341597905%2C145.2443935506639%2C-39.68135654867609&bboxSR=104903&size=489%2C769&format=png&transparent=true&dpi=213&imageSR=104903&layers=hide%3A-1 HTTP/1.1" 200 2747 "-" "ArcGIS.Android-10.2.3/5.1.1/SAMSUNG-SM-J200GU" 389 3035
127.0.0.1 - - [08/Dec/2015:23:12:12 -0500] "GET /opensso/namingservice HTTP/1.1" 200 7 "-" "Java/1.5.0_21" 220 183
127.0.0.1 - - [08/Dec/2015:23:12:13 -0500] "GET /opensso/namingservice HTTP/1.1" 200 7 "-" "Java/1.5.0_21" 220 183
1.46.3.68 - - [08/Dec/2015:23:12:23 -0500] "GET /arcgis/rest/services/ERGraticule/MapServer/export?f=image&bbox=138.76043439514055%2C-50.40180044445825%2C147.0339816920221%2C-37.39084365242977&bboxSR=104903&size=489%2C769&format=png&transparent=true&dpi=213&imageSR=104903&layers=hide%3A-1 HTTP/1.1" 200 2249 "-" "ArcGIS.Android-10.2.3/5.1.1/SAMSUNG-SM-J200GU" 389 2538
1.46.3.68 - - [08/Dec/2015:23:12:24 -0500] "GET /arcgis/rest/services/CombinedNomenclature/MapServer/export?f=image&bbox=138.76043439514055%2C-50.40180044445825%2C147.0339816920221%2C-37.39084365242977&bboxSR=104903&size=489%2C769&format=png&transparent=true&dpi=213&imageSR=104903&layers=hide%3A-1 HTTP/1.1" 200 5089 "-" "ArcGIS.Android-10.2.3/5.1.1/SAMSUNG-SM-J200GU" 398 5378
1.46.3.68 - - [08/Dec/2015:23:12:27 -0500] "GET /arcgis/rest/services/ERGraticule/MapServer/export?f=image&bbox=136.18385335047384%2C-65.08962030989314%2C158.25980836958126%2C-30.373036649988023&bboxSR=104903&size=489%2C769&format=png&transparent=true&dpi=213&imageSR=104903&layers=hide%3A-1 HTTP/1.1" 200 2824 "-" "ArcGIS.Android-10.2.3/5.1.1/SAMSUNG-SM-J200GU" 391 3111
1.46.3.68 - - [08/Dec/2015:23:12:28 -0500] "GET /arcgis/rest/services/CombinedNomenclature/MapServer/export?f=image&bbox=140.7195912730856%2C-49.009032866030346%2C162.79554629219302%2C-14.292449206125234&bboxSR=104903&size=489%2C769&format=png&transparent=true&dpi=213&imageSR=104903&layers=hide%3A-1 HTTP/1.1" 200 2778 "-" "ArcGIS.Android-10.2.3/5.1.1/SAMSUNG-SM-J200GU" 400 3066
1.46.3.68 - - [08/Dec/2015:23:12:30 -0500] "GET /arcgis/rest/services/ERGraticule/MapServer/export?f=image&bbox=140.36460444114138%2C-48.627140475614326%2C154.55571536782168%2C-26.310240061264327&bboxSR=104903&size=489%2C769&format=png&transparent=true&dpi=213&imageSR=104903&layers=hide%3A-1 HTTP/1.1" 200 2232 "-" "ArcGIS.Android-10.2.3/5.1.1/SAMSUNG-SM-J200GU" 392 2520
1.46.3.68 - - [08/Dec/2015:23:12:33 -0500] "GET /arcgis/rest/services/ERGraticule/MapServer/export?f=image&bbox=143.02648026968785%2C-42.93721264611896%2C150.6991388038158%2C-30.871211802060884&bboxSR=104903&size=489%2C769&format=png&transparent=true&dpi=213&imageSR=104903&layers=hide%3A-1 HTTP/1.1" 200 2171 "-" "ArcGIS.Android-10.2.3/5.1.1/SAMSUNG-SM-J200GU" 390 2459
1.46.3.68 - - [08/Dec/2015:23:12:34 -0500] "GET /arcgis/rest/services/CombinedNomenclature/MapServer/export?f=image&bbox=143.02648026968785%2C-42.93721264611896%2C150.6991388038158%2C-30.871211802060884&bboxSR=104903&size=489%2C769&format=png&transparent=true&dpi=213&imageSR=104903&layers=hide%3A-1 HTTP/1.1" 200 5138 "-" "ArcGIS.Android-10.2.3/5.1.1/SAMSUNG-SM-J200GU" 399 5426
1.46.3.68 - - [08/Dec/2015:23:12:36 -0500] "GET /arcgis/rest/services/ERGraticule/MapServer/export?f=image&bbox=140.84161122943124%2C-55.77615493508948%2C159.1254448369458%2C-27.023050550265964&bboxSR=104903&size=489%2C769&format=png&transparent=true&dpi=213&imageSR=104903&layers=hide%3A-1 HTTP/1.1" 200 2232 "-" "ArcGIS.Android-10.2.3/5.1.1/SAMSUNG-SM-J200GU" 390 2520
1.46.3.68 - - [08/Dec/2015:23:12:37 -0500] "GET /arcgis/rest/services/CombinedNomenclature/MapServer/export?f=image&bbox=145.170870148637%2C-48.06466253379007%2C154.31278839007248%2C-33.688108080489656&bboxSR=104903&size=489%2C769&format=png&transparent=true&dpi=213&imageSR=104903&layers=hide%3A-1 HTTP/1.1" 200 6339 "-" "ArcGIS.Android-10.2.3/5.1.1/SAMSUNG-SM-J200GU" 398 6628
1.46.3.68 - - [08/Dec/2015:23:12:38 -0500] "GET /arcgis/rest/services/ERGraticule/MapServer/export?f=image&bbox=128.9885398850352%2C-73.16824551251125%2C166.82955152355856%2C-13.65957894804405&bboxSR=104903&size=489%2C769&format=png&transparent=true&dpi=213&imageSR=104903&layers=hide%3A-1 HTTP/1.1" 200 2792 "-" "ArcGIS.Android-10.2.3/5.1.1/SAMSUNG-SM-J200GU" 389 3081
1.46.3.68 - - [08/Dec/2015:23:12:38 -0500] "GET /arcgis/rest/services/ERGraticule/MapServer/export?f=image&bbox=95.61415552166733%2C-126.74595058550811%2C193.40826145371273%2C27.044780420101077&bboxSR=104903&size=489%2C769&format=png&transparent=true&dpi=213&imageSR=104903&layers=hide%3A-1 HTTP/1.1" 200 4614 "-" "ArcGIS.Android-10.2.3/5.1.1/SAMSUNG-SM-J200GU" 390 4902
1.46.3.68 - - [08/Dec/2015:23:12:39 -0500] "GET /arcgis/rest/services/CombinedNomenclature/MapServer/export?f=image&bbox=95.61415552166733%2C-126.74595058550811%2C193.40826145371273%2C27.044780420101077&bboxSR=104903&size=489%2C769&format=png&transparent=true&dpi=213&imageSR=104903&layers=hide%3A-1 HTTP/1.1" 200 312 "-" "ArcGIS.Android-10.2.3/5.1.1/SAMSUNG-SM-J200GU" 399 598
127.0.0.1 - - [08/Dec/2015:23:12:42 -0500] "GET /opensso/namingservice HTTP/1.1" 200 7 "-" "Java/1.5.0_21" 220 183
127.0.0.1 - - [08/Dec/2015:23:12:43 -0500] "GET /opensso/namingservice HTTP/1.1" 200 7 "-" "Java/1.5.0_21" 220 183
1.46.3.68 - - [08/Dec/2015:23:12:43 -0500] "GET /arcgis/rest/services/ERGraticule/MapServer/export?f=image&bbox=139.66556412923714%2C-51.43466914851281%2C154.4544388341905%2C-28.177727127839713&bboxSR=104903&size=489%2C769&format=png&transparent=true&dpi=213&imageSR=104903&layers=hide%3A-1 HTTP/1.1" 200 2238 "-" "ArcGIS.Android-10.2.3/5.1.1/SAMSUNG-SM-J200GU" 390 2526
1.46.3.68 - - [08/Dec/2015:23:12:44 -0500] "GET /arcgis/rest/services/CombinedNomenclature/MapServer/export?f=image&bbox=139.66556412923714%2C-51.43466914851281%2C154.4544388341905%2C-28.177727127839713&bboxSR=104903&size=489%2C769&format=png&transparent=true&dpi=213&imageSR=104903&layers=hide%3A-1 HTTP/1.1" 200 4242 "-" "ArcGIS.Android-10.2.3/5.1.1/SAMSUNG-SM-J200GU" 399 4530
1.46.3.68 - - [08/Dec/2015:23:12:46 -0500] "GET /arcgis/rest/services/ERGraticule/MapServer/export?f=image&bbox=146.30933179508114%2C-47.318712056223276%2C157.24890158338425%2C-30.115175926969485&bboxSR=104903&size=489%2C769&format=png&transparent=true&dpi=213&imageSR=104903&layers=hide%3A-1 HTTP/1.1" 200 2232 "-" "ArcGIS.Android-10.2.3/5.1.1/SAMSUNG-SM-J200GU" 392 2520
1.46.3.68 - - [08/Dec/2015:23:12:47 -0500] "GET /arcgis/rest/services/CombinedNomenclature/MapServer/export?f=image&bbox=142.75563173060632%2C-51.46512734035502%2C153.69520151890944%2C-34.261591211101226&bboxSR=104903&size=489%2C769&format=png&transparent=true&dpi=213&imageSR=104903&layers=hide%3A-1 HTTP/1.1" 200 4162 "-" "ArcGIS.Android-10.2.3/5.1.1/SAMSUNG-SM-J200GU" 400 4451
1.46.3.68 - - [08/Dec/2015:23:12:48 -0500] "GET /arcgis/rest/services/ERGraticule/MapServer/export?f=image&bbox=144.85976885163632%2C-38.69295050814637%2C147.77214363956622%2C-34.112958254735126&bboxSR=104903&size=489%2C769&format=png&transparent=true&dpi=213&imageSR=104903&layers=hide%3A-1 HTTP/1.1" 200 2267 "-" "ArcGIS.Android-10.2.3/5.1.1/SAMSUNG-SM-J200GU" 391 2555
1.46.3.68 - - [08/Dec/2015:23:12:50 -0500] "GET /arcgis/rest/services/CombinedNomenclature/MapServer/export?f=image&bbox=145.2810038557699%2C-37.524775824112346%2C147.06427034365709%2C-34.72041605072741&bboxSR=104903&size=489%2C769&format=png&transparent=true&dpi=213&imageSR=104903&layers=hide%3A-1 HTTP/1.1" 200 312 "-" "ArcGIS.Android-10.2.3/5.1.1/SAMSUNG-SM-J200GU" 399 598
1.46.3.68 - - [08/Dec/2015:23:12:58 -0500] "GET /arcgis/rest/services/ERGraticule/MapServer/export?f=image&bbox=145.73467575639756%2C-35.78938290356516%2C146.68056650621713%2C-34.3018778184706&bboxSR=104903&size=489%2C769&format=png&transparent=true&dpi=213&imageSR=104903&layers=hide%3A-1 HTTP/1.1" 200 2257 "-" "ArcGIS.Android-10.2.3/5.1.1/SAMSUNG-SM-J200GU" 389 2546
1.46.3.68 - - [08/Dec/2015:23:12:58 -0500] "GET /arcgis/rest/services/CombinedNomenclature/MapServer/export?f=image&bbox=145.9377834662739%2C-35.372383325579634%2C146.39789843543997%2C-34.64880784237167&bboxSR=104903&size=489%2C769&format=png&transparent=true&dpi=213&imageSR=104903&layers=hide%3A-1 HTTP/1.1" 200 312 "-" "ArcGIS.Android-10.2.3/5.1.1/SAMSUNG-SM-J200GU" 399 599
1.46.3.68 - - [08/Dec/2015:23:13:03 -0500] "GET /arcgis/rest/services/ERGraticule/MapServer/export?f=image&bbox=145.6236968032246%2C-35.98122924043837%2C146.87948253785967%2C-34.006384189447814&bboxSR=104903&size=489%2C769&format=png&transparent=true&dpi=213&imageSR=104903&layers=hide%3A-1 HTTP/1.1" 200 2257 "-" "ArcGIS.Android-10.2.3/5.1.1/SAMSUNG-SM-J200GU" 390 2544
1.46.3.68 - - [08/Dec/2015:23:13:04 -0500] "GET /arcgis/rest/services/CombinedNomenclature/MapServer/export?f=image&bbox=145.6236968032246%2C-35.98122924043837%2C146.87948253785967%2C-34.006384189447814&bboxSR=104903&size=489%2C769&format=png&transparent=true&dpi=213&imageSR=104903&layers=hide%3A-1 HTTP/1.1" 200 312 "-" "ArcGIS.Android-10.2.3/5.1.1/SAMSUNG-SM-J200GU" 399 600
127.0.0.1 - - [08/Dec/2015:23:13:12 -0500] "GET /opensso/namingservice HTTP/1.1" 200 7 "-" "Java/1.5.0_21" 220 183
1.46.3.68 - - [08/Dec/2015:23:13:12 -0500] "GET /arcgis/rest/services/CombinedNomenclature/MapServer/export?f=image&bbox=145.69486019955696%2C-35.000832841436385%2C147.38939144973168%2C-32.33601784883034&bboxSR=104903&size=489%2C769&format=png&transparent=true&dpi=213&imageSR=104903&layers=hide%3A-1 HTTP/1.1" 200 3031 "-" "ArcGIS.Android-10.2.3/5.1.1/SAMSUNG-SM-J200GU" 400 3320
127.0.0.1 - - [08/Dec/2015:23:13:13 -0500] "GET /opensso/namingservice HTTP/1.1" 200 7 "-" "Java/1.5.0_21" 220 183
1.46.3.68 - - [08/Dec/2015:23:13:17 -0500] "GET /arcgis/rest/services/CombinedNomenclature/MapServer/export?f=image&bbox=144.51061009205836%2C-30.679475765093372%2C147.30356246453144%2C-26.287286860324873&bboxSR=104903&size=489%2C769&format=png&transparent=true&dpi=213&imageSR=104903&layers=hide%3A-1 HTTP/1.1" 200 2860 "-" "ArcGIS.Android-10.2.3/5.1.1/SAMSUNG-SM-J200GU" 401 3148
1.46.3.68 - - [08/Dec/2015:23:13:20 -0500] "GET /arcgis/rest/services/CombinedNomenclature/MapServer/export?f=image&bbox=149.69532107492975%2C-32.06064900322975%2C152.48827344740283%2C-27.66846009846125&bboxSR=104903&size=489%2C769&format=png&transparent=true&dpi=213&imageSR=104903&layers=hide%3A-1 HTTP/1.1" 200 2926 "-" "ArcGIS.Android-10.2.3/5.1.1/SAMSUNG-SM-J200GU" 399 3213
1.46.3.68 - - [08/Dec/2015:23:13:33 -0500] "GET /arcgis/rest/services/CombinedNomenclature/MapServer/export?f=image&bbox=157.5534389805684%2C-33.22491858855091%2C160.34639135304147%2C-28.832729683782414&bboxSR=104903&size=489%2C769&format=png&transparent=true&dpi=213&imageSR=104903&layers=hide%3A-1 HTTP/1.1" 200 312 "-" "ArcGIS.Android-10.2.3/5.1.1/SAMSUNG-SM-J200GU" 399 600
1.46.3.68 - - [08/Dec/2015:23:13:38 -0500] "GET /arcgis/rest/services/CombinedNomenclature/MapServer/export?f=image&bbox=159.02181218821514%2C-26.470421001189475%2C163.41320457264908%2C-19.564529909922193&bboxSR=104903&size=489%2C769&format=png&transparent=true&dpi=213&imageSR=104903&layers=hide%3A-1 HTTP/1.1" 200 3042 "-" "ArcGIS.Android-10.2.3/5.1.1/SAMSUNG-SM-J200GU" 401 3331
127.0.0.1 - - [08/Dec/2015:23:13:42 -0500] "GET /opensso/namingservice HTTP/1.1" 200 7 "-" "Java/1.5.0_21" 220 183
127.0.0.1 - - [08/Dec/2015:23:13:43 -0500] "GET /opensso/namingservice HTTP/1.1" 200 7 "-" "Java/1.5.0_21" 220 183
1.46.3.68 - - [08/Dec/2015:23:13:48 -0500] "GET /arcgis/rest/services/CombinedNomenclature/MapServer/export?f=image&bbox=157.197241809939%2C-18.28445030361117%2C164.7478599534358%2C-6.4103698284597055&bboxSR=104903&size=489%2C769&format=png&transparent=true&dpi=213&imageSR=104903&layers=hide%3A-1 HTTP/1.1" 200 4339 "-" "ArcGIS.Android-10.2.3/5.1.1/SAMSUNG-SM-J200GU" 397 4628
127.0.0.1 - - [08/Dec/2015:23:14:12 -0500] "GET /opensso/namingservice HTTP/1.1" 200 7 "-" "Java/1.5.0_21" 220 183
127.0.0.1 - - [08/Dec/2015:23:14:13 -0500] "GET /opensso/namingservice HTTP/1.1" 200 7 "-" "Java/1.5.0_21" 220 183
66.249.79.241 - - [08/Dec/2015:23:14:14 -0500] "GET /redmine/issues/gantt?month=8&months=6&year=2334&zoom=1 HTTP/1.1" 200 27586 "-" "Mozilla/5.0 (compatible; Googlebot/2.1; +http://www.google.com/bot.html)" 345 28275
1.46.3.68 - - [08/Dec/2015:23:14:40 -0500] "GET /opensso/UI/Login?module=Anonymous&org=appspub&goto=https://pub.lmmp.nasa.gov/LMMP/rest/dbxml/fgdc/abstract?label=LRO_LOLA_Coverage_Global_128ppd_v04 HTTP/1.1" 302 - "-" "Dalvik/2.1.0 (Linux; U; Android 5.1.1; SM-J200GU Build/LMY47X)" 314 985
127.0.0.1 - - [08/Dec/2015:23:14:42 -0500] "GET /opensso/namingservice HTTP/1.1" 200 7 "-" "Java/1.5.0_21" 220 183
127.0.0.1 - - [08/Dec/2015:23:14:43 -0500] "GET /opensso/namingservice HTTP/1.1" 200 7 "-" "Java/1.5.0_21" 220 183
127.0.0.1 - - [08/Dec/2015:23:14:43 -0500] "POST /opensso/sessionservice HTTP/1.1" 200 2394 "-" "Java/1.5.0_21" 819 2572
127.0.0.1 - - [08/Dec/2015:23:14:43 -0500] "POST /opensso/sessionservice HTTP/1.1" 200 273 "-" "Java/1.5.0_21" 885 450
127.0.0.1 - - [08/Dec/2015:23:14:43 -0500] "POST /opensso/sessionservice HTTP/1.1" 200 2343 "-" "Java/1.5.0_21" 819 2520
127.0.0.1 - - [08/Dec/2015:23:14:43 -0500] "POST /opensso/policyservice HTTP/1.1" 200 9465 "-" "Java/1.5.0_21" 1113 9650
127.0.0.1 - - [08/Dec/2015:23:14:43 -0500] "POST /opensso/jaxrpc/SMSObjectIF HTTP/1.1" 200 505 "-" "Java/1.5.0_21" 847 766
127.0.0.1 - - [08/Dec/2015:23:14:43 -0500] "POST /opensso/jaxrpc/DirectoryManagerIF HTTP/1.1" 200 1290 "-" "Java/1.5.0_21" 1362 1551
1.46.3.68 - - [08/Dec/2015:23:14:46 -0500] "GET /arcgis/rest/services/ERGraticule/MapServer/export?f=image&bbox=3.62756237679843%2C26.122018875405622%2C3.640766673211844%2C26.142783914141646&bboxSR=104903&size=489%2C769&format=png&transparent=true&dpi=213&imageSR=104903&layers=hide%3A-1 HTTP/1.1" 200 312 "-" "ArcGIS.Android-10.2.3/5.1.1/SAMSUNG-SM-J200GU" 387 599
1.46.3.68 - - [08/Dec/2015:23:14:47 -0500] "GET /arcgis/rest/services/CombinedNomenclature/MapServer/export?f=image&bbox=3.62756237679843%2C26.122018875405622%2C3.640766673211844%2C26.142783914141646&bboxSR=104903&size=489%2C769&format=png&transparent=true&dpi=213&imageSR=104903&layers=hide%3A-1 HTTP/1.1" 200 312 "-" "ArcGIS.Android-10.2.3/5.1.1/SAMSUNG-SM-J200GU" 396 599
1.46.3.68 - - [08/Dec/2015:23:14:43 -0500] "GET /LMMP/rest/dbxml/fgdc/abstract?label=LRO_LOLA_Coverage_Global_128ppd_v04&iPlanetDirectoryPro=AQIC5wM2LY4SfcxIea7ZoIWiy0HyWPBgFCiVToLqmZDu8pA%3D%40AAJTSQACMDE%3D%23 HTTP/1.1" 200 509 "-" "Dalvik/2.1.0 (Linux; U; Android 5.1.1; SM-J200GU Build/LMY47X)" 752 5068
127.0.0.1 - - [08/Dec/2015:23:15:12 -0500] "GET /opensso/namingservice HTTP/1.1" 200 7 "-" "Java/1.5.0_21" 220 183
1.46.3.68 - - [08/Dec/2015:23:15:12 -0500] "GET /opensso/UI/Login?module=Anonymous&org=appspub&goto=https://pub.lmmp.nasa.gov/LMMP/rest/dbxml/fgdc/legend/stream?label=LRO_LOLA_Coverage_Global_128ppd_v04 HTTP/1.1" 302 - "-" "Dalvik/2.1.0 (Linux; U; Android 5.1.1; SM-J200GU Build/LMY47X)" 319 994
127.0.0.1 - - [08/Dec/2015:23:15:13 -0500] "GET /opensso/namingservice HTTP/1.1" 200 7 "-" "Java/1.5.0_21" 220 183
127.0.0.1 - - [08/Dec/2015:23:15:13 -0500] "POST /opensso/sessionservice HTTP/1.1" 200 2405 "-" "Java/1.5.0_21" 819 2583
127.0.0.1 - - [08/Dec/2015:23:15:13 -0500] "POST /opensso/sessionservice HTTP/1.1" 200 273 "-" "Java/1.5.0_21" 885 450
127.0.0.1 - - [08/Dec/2015:23:15:13 -0500] "POST /opensso/policyservice HTTP/1.1" 200 9465 "-" "Java/1.5.0_21" 1113 9650
127.0.0.1 - - [08/Dec/2015:23:15:13 -0500] "POST /opensso/jaxrpc/SMSObjectIF HTTP/1.1" 200 505 "-" "Java/1.5.0_21" 847 766
127.0.0.1 - - [08/Dec/2015:23:15:13 -0500] "POST /opensso/jaxrpc/DirectoryManagerIF HTTP/1.1" 200 1290 "-" "Java/1.5.0_21" 1366 1551
127.0.0.1 - - [08/Dec/2015:23:15:13 -0500] "POST /opensso/jaxrpc/SMSObjectIF HTTP/1.1" 200 505 "-" "Java/1.5.0_21" 847 766
127.0.0.1 - - [08/Dec/2015:23:15:13 -0500] "POST /opensso/jaxrpc/DirectoryManagerIF HTTP/1.1" 200 1290 "-" "Java/1.5.0_21" 1366 1551
1.46.3.68 - - [08/Dec/2015:23:15:13 -0500] "GET /LMMP/rest/dbxml/fgdc/legend/stream?label=LRO_LOLA_Coverage_Global_128ppd_v04&iPlanetDirectoryPro=AQIC5wM2LY4Sfcxi1kdFDcLM%2FDvN%2BqhY8D5AVjNeeYiH4Kk%3D%40AAJTSQACMDE%3D%23 HTTP/1.1" 200 3320 "-" "Dalvik/2.1.0 (Linux; U; Android 5.1.1; SM-J200GU Build/LMY47X)" 986 3851
