127.0.0.1 - - [29/Feb/2016:20:09:28 -0500] "GET /opensso/namingservice HTTP/1.1" 200 7 "-" "Java/1.5.0_21" 220 183
127.0.0.1 - - [29/Feb/2016:20:09:42 -0500] "GET /opensso/namingservice HTTP/1.1" 200 7 "-" "Java/1.5.0_21" 220 183
127.0.0.1 - - [29/Feb/2016:20:09:58 -0500] "GET /opensso/namingservice HTTP/1.1" 200 7 "-" "Java/1.5.0_21" 220 183
127.0.0.1 - - [29/Feb/2016:20:10:12 -0500] "GET /opensso/namingservice HTTP/1.1" 200 7 "-" "Java/1.5.0_21" 220 183
66.249.64.218 - - [29/Feb/2016:20:10:16 -0500] "GET /redmine/issues/calendar?month=6&year=2192 HTTP/1.1" 200 27537 "-" "Mozilla/5.0 (compatible; Googlebot/2.1; +http://www.google.com/bot.html)" 332 28226
127.0.0.1 - - [29/Feb/2016:20:10:28 -0500] "GET /opensso/namingservice HTTP/1.1" 200 7 "-" "Java/1.5.0_21" 220 183
201.53.25.118 - - [29/Feb/2016:20:10:28 -0500] "GET /LMMPUI/LMMP_CLIENT/LMMP.html HTTP/1.1" 200 9400 "http://nasa3d.arc.nasa.gov/visualizations" "Mozilla/5.0 (Macintosh; Intel Mac OS X 10_11_2) AppleWebKit/537.36 (KHTML, like Gecko) Chrome/43.0.2357.132 Safari/537.36" 917 9730
201.53.25.118 - - [29/Feb/2016:20:10:29 -0500] "GET /LMMPUI/LMMP_CLIENT/swfobject.js HTTP/1.1" 200 25574 "http://pub.lmmp.nasa.gov/LMMPUI/LMMP_CLIENT/LMMP.html" "Mozilla/5.0 (Macintosh; Intel Mac OS X 10_11_2) AppleWebKit/537.36 (KHTML, like Gecko) Chrome/43.0.2357.132 Safari/537.36" 861 25912
201.53.25.118 - - [29/Feb/2016:20:10:29 -0500] "GET /LMMPUI/LMMP_CLIENT/history/history.js HTTP/1.1" 200 24650 "http://pub.lmmp.nasa.gov/LMMPUI/LMMP_CLIENT/LMMP.html" "Mozilla/5.0 (Macintosh; Intel Mac OS X 10_11_2) AppleWebKit/537.36 (KHTML, like Gecko) Chrome/43.0.2357.132 Safari/537.36" 867 24988
201.53.25.118 - - [29/Feb/2016:20:10:29 -0500] "GET /LMMPUI/LMMP_CLIENT/history/history.css HTTP/1.1" 200 365 "http://pub.lmmp.nasa.gov/LMMPUI/LMMP_CLIENT/LMMP.html" "Mozilla/5.0 (Macintosh; Intel Mac OS X 10_11_2) AppleWebKit/537.36 (KHTML, like Gecko) Chrome/43.0.2357.132 Safari/537.36" 883 692
201.53.25.118 - - [29/Feb/2016:20:10:33 -0500] "GET /favicon.ico HTTP/1.1" 404 209 "http://pub.lmmp.nasa.gov/LMMPUI/LMMP_CLIENT/LMMP.html" "Mozilla/5.0 (Macintosh; Intel Mac OS X 10_11_2) AppleWebKit/537.36 (KHTML, like Gecko) Chrome/43.0.2357.132 Safari/537.36" 849 453
201.53.25.118 - - [29/Feb/2016:20:10:31 -0500] "GET /LMMPUI/LMMP_CLIENT/LMMP_WB.swf HTTP/1.1" 200 972505 "http://pub.lmmp.nasa.gov/LMMPUI/LMMP_CLIENT/LMMP.html" "Mozilla/5.0 (Macintosh; Intel Mac OS X 10_11_2) AppleWebKit/537.36 (KHTML, like Gecko) Chrome/43.0.2357.132 Safari/537.36" 905 972858
201.53.25.118 - - [29/Feb/2016:20:10:39 -0500] "GET /LMMPUI/LMMP_CLIENT/assets/image/background.jpg HTTP/1.1" 200 69719 "http://pub.lmmp.nasa.gov/LMMPUI/LMMP_CLIENT/LMMP.html" "Mozilla/5.0 (Macintosh; Intel Mac OS X 10_11_2) AppleWebKit/537.36 (KHTML, like Gecko) Chrome/43.0.2357.132 Safari/537.36" 929 70051
201.53.25.118 - - [29/Feb/2016:20:10:39 -0500] "GET /LMMPUI/LMMP_CLIENT/assets/image/space.jpg HTTP/1.1" 200 25415 "http://pub.lmmp.nasa.gov/LMMPUI/LMMP_CLIENT/LMMP.html" "Mozilla/5.0 (Macintosh; Intel Mac OS X 10_11_2) AppleWebKit/537.36 (KHTML, like Gecko) Chrome/43.0.2357.132 Safari/537.36" 924 25747
201.53.25.118 - - [29/Feb/2016:20:10:39 -0500] "GET /LMMPUI/LMMP_CLIENT/config/config.xml?1456794639777 HTTP/1.1" 200 12261 "http://pub.lmmp.nasa.gov/LMMPUI/LMMP_CLIENT/LMMP.html" "Mozilla/5.0 (Macintosh; Intel Mac OS X 10_11_2) AppleWebKit/537.36 (KHTML, like Gecko) Chrome/43.0.2357.132 Safari/537.36" 933 12599
201.53.25.118 - - [29/Feb/2016:20:10:40 -0500] "GET /LMMPUI/LMMP_CLIENT/config/helpLinks.xml HTTP/1.1" 200 927 "http://pub.lmmp.nasa.gov/LMMPUI/LMMP_CLIENT/LMMP.html" "Mozilla/5.0 (Macintosh; Intel Mac OS X 10_11_2) AppleWebKit/537.36 (KHTML, like Gecko) Chrome/43.0.2357.132 Safari/537.36" 922 1261
201.53.25.118 - - [29/Feb/2016:20:10:40 -0500] "GET /LMMPUI/LMMP_CLIENT/config/ldap.xml HTTP/1.1" 200 492 "http://pub.lmmp.nasa.gov/LMMPUI/LMMP_CLIENT/LMMP.html" "Mozilla/5.0 (Macintosh; Intel Mac OS X 10_11_2) AppleWebKit/537.36 (KHTML, like Gecko) Chrome/43.0.2357.132 Safari/537.36" 917 826
201.53.25.118 - - [29/Feb/2016:20:10:40 -0500] "GET /LMMPUI/LMMP_CLIENT/assets/image/NASA_logo.png HTTP/1.1" 200 14512 "http://pub.lmmp.nasa.gov/LMMPUI/LMMP_CLIENT/LMMP.html" "Mozilla/5.0 (Macintosh; Intel Mac OS X 10_11_2) AppleWebKit/537.36 (KHTML, like Gecko) Chrome/43.0.2357.132 Safari/537.36" 928 14844
201.53.25.118 - - [29/Feb/2016:20:10:40 -0500] "GET /LMMPUI/LMMP_CLIENT/homepage/features.xml?v=1456794639874 HTTP/1.1" 200 1611 "http://pub.lmmp.nasa.gov/LMMPUI/LMMP_CLIENT/LMMP.html" "Mozilla/5.0 (Macintosh; Intel Mac OS X 10_11_2) AppleWebKit/537.36 (KHTML, like Gecko) Chrome/43.0.2357.132 Safari/537.36" 939 1947
127.0.0.1 - - [29/Feb/2016:20:10:40 -0500] "POST /opensso/sessionservice HTTP/1.1" 200 2019 "-" "Java/1.5.0_21" 714 2197
127.0.0.1 - - [29/Feb/2016:20:10:40 -0500] "GET /openssorest/token/localldap HTTP/1.1" 200 62 "-" "Java/1.5.0_21" 277 239
201.53.25.118 - - [29/Feb/2016:20:10:40 -0500] "GET /LMMPUI/rest/proxy/proxyService?cs=bG1tcGd1ZXN0fGd1ZXN0bG1tcHxodHRwOi8vcHViLmxtbXAubmFzYS5nb3Yvb3BlbnNzb3Jlc3QvdG9rZW4vbG9jYWxsZGFw HTTP/1.1" 200 63 "http://pub.lmmp.nasa.gov/LMMPUI/LMMP_CLIENT/LMMP.html" "Mozilla/5.0 (Macintosh; Intel Mac OS X 10_11_2) AppleWebKit/537.36 (KHTML, like Gecko) Chrome/43.0.2357.132 Safari/537.36" 1013 238
201.53.25.118 - - [29/Feb/2016:20:10:41 -0500] "POST /openssorest/token/localldap HTTP/1.1" 200 62 "http://pub.lmmp.nasa.gov/LMMPUI/LMMP_CLIENT/LMMP_WB.swf/[[DYNAMIC]]/10" "Mozilla/5.0 (Macintosh; Intel Mac OS X 10_11_2) AppleWebKit/537.36 (KHTML, like Gecko) Chrome/43.0.2357.132 Safari/537.36" 1087 238
201.53.25.118 - - [29/Feb/2016:20:10:41 -0500] "GET /opensso/identity/isTokenValid?iPlanetDirectoryPro=AQIC5wM2LY4SfcyRjGtUHhYaKuemuSL3gdsnPmPnRDDZOgw%3D%40AAJTSQACMDE%3D%23 HTTP/1.1" 200 13 "http://pub.lmmp.nasa.gov/LMMPUI/LMMP_CLIENT/LMMP.html" "Mozilla/5.0 (Macintosh; Intel Mac OS X 10_11_2) AppleWebKit/537.36 (KHTML, like Gecko) Chrome/43.0.2357.132 Safari/537.36" 1089 170
201.53.25.118 - - [29/Feb/2016:20:10:41 -0500] "GET /opensso/identity/isTokenValid?iPlanetDirectoryPro=AQIC5wM2LY4SfcyRjGtUHhYaKuemuSL3gdsnPmPnRDDZOgw%3D%40AAJTSQACMDE%3D%23 HTTP/1.1" 200 13 "http://pub.lmmp.nasa.gov/LMMPUI/LMMP_CLIENT/LMMP.html" "Mozilla/5.0 (Macintosh; Intel Mac OS X 10_11_2) AppleWebKit/537.36 (KHTML, like Gecko) Chrome/43.0.2357.132 Safari/537.36" 1089 170
127.0.0.1 - - [29/Feb/2016:20:10:42 -0500] "GET /opensso/namingservice HTTP/1.1" 200 7 "-" "Java/1.5.0_21" 220 182
201.53.25.118 - - [29/Feb/2016:20:10:42 -0500] "GET /opensso/identity/attributes?iPlanetDirectoryPro=AQIC5wM2LY4SfcyRjGtUHhYaKuemuSL3gdsnPmPnRDDZOgw%3D%40AAJTSQACMDE%3D%23 HTTP/1.1" 200 981 "http://pub.lmmp.nasa.gov/LMMPUI/LMMP_CLIENT/LMMP.html" "Mozilla/5.0 (Macintosh; Intel Mac OS X 10_11_2) AppleWebKit/537.36 (KHTML, like Gecko) Chrome/43.0.2357.132 Safari/537.36" 1087 1139
127.0.0.1 - - [29/Feb/2016:20:10:42 -0500] "POST /opensso/sessionservice HTTP/1.1" 200 2010 "-" "Java/1.5.0_21" 813 2188
127.0.0.1 - - [29/Feb/2016:20:10:42 -0500] "POST /opensso/sessionservice HTTP/1.1" 200 267 "-" "Java/1.5.0_21" 879 444
127.0.0.1 - - [29/Feb/2016:20:10:42 -0500] "POST /opensso/policyservice HTTP/1.1" 200 9456 "-" "Java/1.5.0_21" 1112 9641
127.0.0.1 - - [29/Feb/2016:20:10:42 -0500] "POST /opensso/jaxrpc/SMSObjectIF HTTP/1.1" 200 505 "-" "Java/1.5.0_21" 847 766
127.0.0.1 - - [29/Feb/2016:20:10:42 -0500] "POST /opensso/jaxrpc/DirectoryManagerIF HTTP/1.1" 200 1290 "-" "Java/1.5.0_21" 1362 1551
127.0.0.1 - - [29/Feb/2016:20:10:42 -0500] "POST /opensso/jaxrpc/SMSObjectIF HTTP/1.1" 200 505 "-" "Java/1.5.0_21" 847 766
127.0.0.1 - - [29/Feb/2016:20:10:42 -0500] "POST /opensso/jaxrpc/DirectoryManagerIF HTTP/1.1" 200 843 "-" "Java/1.5.0_21" 1289 1104
201.53.25.118 - - [29/Feb/2016:20:10:42 -0500] "GET /LMMP/rest/dbxml/resources?iPlanetDirectoryPro=AQIC5wM2LY4SfcyRjGtUHhYaKuemuSL3gdsnPmPnRDDZOgw%3D%40AAJTSQACMDE%3D%23 HTTP/1.1" 500 3216 "http://pub.lmmp.nasa.gov/LMMPUI/LMMP_CLIENT/LMMP.html" "Mozilla/5.0 (Macintosh; Intel Mac OS X 10_11_2) AppleWebKit/537.36 (KHTML, like Gecko) Chrome/43.0.2357.132 Safari/537.36" 1085 3371
127.0.0.1 - - [29/Feb/2016:20:10:58 -0500] "GET /opensso/namingservice HTTP/1.1" 200 7 "-" "Java/1.5.0_21" 220 183
66.249.64.218 - - [29/Feb/2016:20:11:05 -0500] "GET /redmine/projects/lmmpwiki/activity?from=2002-10-12&show_news=1 HTTP/1.1" 200 4917 "-" "Mozilla/5.0 (compatible; Googlebot/2.1; +http://www.google.com/bot.html)" 353 5479
127.0.0.1 - - [29/Feb/2016:20:11:12 -0500] "GET /opensso/namingservice HTTP/1.1" 200 7 "-" "Java/1.5.0_21" 220 183
137.78.207.218 - - [29/Feb/2016:20:11:13 -0500] "HEAD /LMMPUI/LMMP_CLIENT/LMMP.html HTTP/1.1" 200 - "-" "curl/7.38.0" 110 274
127.0.0.1 - - [29/Feb/2016:20:11:28 -0500] "GET /opensso/namingservice HTTP/1.1" 200 7 "-" "Java/1.5.0_21" 220 183
127.0.0.1 - - [29/Feb/2016:20:11:42 -0500] "GET /opensso/namingservice HTTP/1.1" 200 7 "-" "Java/1.5.0_21" 220 183
66.249.64.218 - - [29/Feb/2016:20:11:56 -0500] "GET /redmine/projects/lmmpwiki/activity?from=1984-08-09 HTTP/1.1" 200 4829 "-" "Mozilla/5.0 (compatible; Googlebot/2.1; +http://www.google.com/bot.html)" 341 5391
127.0.0.1 - - [29/Feb/2016:20:11:58 -0500] "GET /opensso/namingservice HTTP/1.1" 200 7 "-" "Java/1.5.0_21" 220 183
127.0.0.1 - - [29/Feb/2016:20:12:12 -0500] "GET /opensso/namingservice HTTP/1.1" 200 7 "-" "Java/1.5.0_21" 220 183
127.0.0.1 - - [29/Feb/2016:20:12:28 -0500] "GET /opensso/namingservice HTTP/1.1" 200 7 "-" "Java/1.5.0_21" 220 183
127.0.0.1 - - [29/Feb/2016:20:12:42 -0500] "GET /opensso/namingservice HTTP/1.1" 200 7 "-" "Java/1.5.0_21" 220 183
66.249.64.26 - - [29/Feb/2016:20:12:48 -0500] "GET /redmine/activity?from=1973-08-29&show_news=1&user_id=1 HTTP/1.1" 200 5677 "-" "Mozilla/5.0 (compatible; Googlebot/2.1; +http://www.google.com/bot.html)" 659 10328
127.0.0.1 - - [29/Feb/2016:20:12:58 -0500] "GET /opensso/namingservice HTTP/1.1" 200 7 "-" "Java/1.5.0_21" 220 183
127.0.0.1 - - [29/Feb/2016:20:13:12 -0500] "GET /opensso/namingservice HTTP/1.1" 200 7 "-" "Java/1.5.0_21" 220 183
127.0.0.1 - - [29/Feb/2016:20:13:28 -0500] "GET /opensso/namingservice HTTP/1.1" 200 7 "-" "Java/1.5.0_21" 220 183
127.0.0.1 - - [29/Feb/2016:20:13:42 -0500] "GET /opensso/namingservice HTTP/1.1" 200 7 "-" "Java/1.5.0_21" 220 183
66.249.64.218 - - [29/Feb/2016:20:13:48 -0500] "GET /redmine/issues/gantt?month=4&months=6&year=1059&zoom=2 HTTP/1.1" 200 30895 "-" "Mozilla/5.0 (compatible; Googlebot/2.1; +http://www.google.com/bot.html)" 345 31584
127.0.0.1 - - [29/Feb/2016:20:13:58 -0500] "GET /opensso/namingservice HTTP/1.1" 200 7 "-" "Java/1.5.0_21" 220 183
127.0.0.1 - - [29/Feb/2016:20:14:12 -0500] "GET /opensso/namingservice HTTP/1.1" 200 7 "-" "Java/1.5.0_21" 220 183
127.0.0.1 - - [29/Feb/2016:20:14:28 -0500] "GET /opensso/namingservice HTTP/1.1" 200 7 "-" "Java/1.5.0_21" 220 183
127.0.0.1 - - [29/Feb/2016:20:14:42 -0500] "GET /opensso/namingservice HTTP/1.1" 200 7 "-" "Java/1.5.0_21" 220 183
66.249.64.218 - - [29/Feb/2016:20:14:42 -0500] "GET /redmine/projects/lmmpwiki/activity?from=2002-09-12&show_news=1 HTTP/1.1" 200 4917 "-" "Mozilla/5.0 (compatible; Googlebot/2.1; +http://www.google.com/bot.html)" 353 5479
127.0.0.1 - - [29/Feb/2016:20:14:58 -0500] "GET /opensso/namingservice HTTP/1.1" 200 7 "-" "Java/1.5.0_21" 220 183
127.0.0.1 - - [29/Feb/2016:20:15:12 -0500] "GET /opensso/namingservice HTTP/1.1" 200 7 "-" "Java/1.5.0_21" 220 183
127.0.0.1 - - [29/Feb/2016:20:15:28 -0500] "GET /opensso/namingservice HTTP/1.1" 200 7 "-" "Java/1.5.0_21" 220 183
127.0.0.1 - - [29/Feb/2016:20:15:42 -0500] "GET /opensso/namingservice HTTP/1.1" 200 7 "-" "Java/1.5.0_21" 220 183
66.249.64.218 - - [29/Feb/2016:20:15:47 -0500] "GET /ArcGIS/rest/services/LRO_NAC_RockDenHaz_09S015E_150cmp/MapServer/find?f=help HTTP/1.1" 302 173 "-" "Mozilla/5.0 (compatible; Googlebot/2.1; +http://www.google.com/bot.html)" 367 504
127.0.0.1 - - [29/Feb/2016:20:15:58 -0500] "GET /opensso/namingservice HTTP/1.1" 200 7 "-" "Java/1.5.0_21" 220 183
127.0.0.1 - - [29/Feb/2016:20:16:12 -0500] "GET /opensso/namingservice HTTP/1.1" 200 7 "-" "Java/1.5.0_21" 220 183
137.78.207.218 - - [29/Feb/2016:20:16:13 -0500] "HEAD /LMMPUI/LMMP_CLIENT/LMMP.html HTTP/1.1" 200 - "-" "curl/7.38.0" 110 274
127.0.0.1 - - [29/Feb/2016:20:16:28 -0500] "GET /opensso/namingservice HTTP/1.1" 200 7 "-" "Java/1.5.0_21" 220 183
127.0.0.1 - - [29/Feb/2016:20:16:42 -0500] "GET /opensso/namingservice HTTP/1.1" 200 7 "-" "Java/1.5.0_21" 220 183
127.0.0.1 - - [29/Feb/2016:20:16:58 -0500] "GET /opensso/namingservice HTTP/1.1" 200 7 "-" "Java/1.5.0_21" 220 183
127.0.0.1 - - [29/Feb/2016:20:17:12 -0500] "GET /opensso/namingservice HTTP/1.1" 200 7 "-" "Java/1.5.0_21" 220 183
127.0.0.1 - - [29/Feb/2016:20:17:13 -0500] "POST /opensso/sessionservice HTTP/1.1" 200 259 "-" "Java/1.5.0_21" 803 437
127.0.0.1 - - [29/Feb/2016:20:17:15 -0500] "POST /opensso/sessionservice HTTP/1.1" 200 259 "-" "Java/1.5.0_21" 803 436
127.0.0.1 - - [29/Feb/2016:20:17:42 -0500] "GET /opensso/namingservice HTTP/1.1" 200 7 "-" "Java/1.5.0_21" 220 183
201.53.25.118 - - [29/Feb/2016:20:17:55 -0500] "GET /LMMPUI/LMMP_CLIENT/LMMP.html HTTP/1.1" 304 - "-" "Mozilla/5.0 (Macintosh; Intel Mac OS X 10_11_2) AppleWebKit/537.36 (KHTML, like Gecko) Chrome/43.0.2357.132 Safari/537.36" 1074 225
201.53.25.118 - - [29/Feb/2016:20:17:57 -0500] "GET /LMMPUI/LMMP_CLIENT/homepage/features.xml?v=1456795077434 HTTP/1.1" 200 1611 "http://pub.lmmp.nasa.gov/LMMPUI/LMMP_CLIENT/LMMP.html" "Mozilla/5.0 (Macintosh; Intel Mac OS X 10_11_2) AppleWebKit/537.36 (KHTML, like Gecko) Chrome/43.0.2357.132 Safari/537.36" 1025 1947
201.53.25.118 - - [29/Feb/2016:20:17:57 -0500] "GET /LMMPUI/LMMP_CLIENT/config/config.xml?1456795077359 HTTP/1.1" 200 12261 "http://pub.lmmp.nasa.gov/LMMPUI/LMMP_CLIENT/LMMP.html" "Mozilla/5.0 (Macintosh; Intel Mac OS X 10_11_2) AppleWebKit/537.36 (KHTML, like Gecko) Chrome/43.0.2357.132 Safari/537.36" 1019 12598
127.0.0.1 - - [29/Feb/2016:20:17:58 -0500] "POST /opensso/sessionservice HTTP/1.1" 200 2018 "-" "Java/1.5.0_21" 714 2196
127.0.0.1 - - [29/Feb/2016:20:17:58 -0500] "GET /openssorest/token/localldap HTTP/1.1" 200 62 "-" "Java/1.5.0_21" 277 239
201.53.25.118 - - [29/Feb/2016:20:17:58 -0500] "GET /LMMPUI/rest/proxy/proxyService?cs=bG1tcGd1ZXN0fGd1ZXN0bG1tcHxodHRwOi8vcHViLmxtbXAubmFzYS5nb3Yvb3BlbnNzb3Jlc3QvdG9rZW4vbG9jYWxsZGFw HTTP/1.1" 200 63 "http://pub.lmmp.nasa.gov/LMMPUI/LMMP_CLIENT/LMMP.html" "Mozilla/5.0 (Macintosh; Intel Mac OS X 10_11_2) AppleWebKit/537.36 (KHTML, like Gecko) Chrome/43.0.2357.132 Safari/537.36" 1099 238
201.53.25.118 - - [29/Feb/2016:20:17:58 -0500] "POST /openssorest/token/localldap HTTP/1.1" 200 62 "http://pub.lmmp.nasa.gov/LMMPUI/LMMP_CLIENT/LMMP_WB.swf/[[DYNAMIC]]/10" "Mozilla/5.0 (Macintosh; Intel Mac OS X 10_11_2) AppleWebKit/537.36 (KHTML, like Gecko) Chrome/43.0.2357.132 Safari/537.36" 1173 238
201.53.25.118 - - [29/Feb/2016:20:17:58 -0500] "GET /opensso/identity/isTokenValid?iPlanetDirectoryPro=AQIC5wM2LY4SfcyRjGtUHhYaKuemuSL3gdsnPmPnRDDZOgw%3D%40AAJTSQACMDE%3D%23 HTTP/1.1" 200 13 "http://pub.lmmp.nasa.gov/LMMPUI/LMMP_CLIENT/LMMP.html" "Mozilla/5.0 (Macintosh; Intel Mac OS X 10_11_2) AppleWebKit/537.36 (KHTML, like Gecko) Chrome/43.0.2357.132 Safari/537.36" 1089 170
201.53.25.118 - - [29/Feb/2016:20:17:59 -0500] "GET /opensso/identity/isTokenValid?iPlanetDirectoryPro=AQIC5wM2LY4SfcyRjGtUHhYaKuemuSL3gdsnPmPnRDDZOgw%3D%40AAJTSQACMDE%3D%23 HTTP/1.1" 200 13 "http://pub.lmmp.nasa.gov/LMMPUI/LMMP_CLIENT/LMMP.html" "Mozilla/5.0 (Macintosh; Intel Mac OS X 10_11_2) AppleWebKit/537.36 (KHTML, like Gecko) Chrome/43.0.2357.132 Safari/537.36" 1089 170
201.53.25.118 - - [29/Feb/2016:20:17:59 -0500] "GET /opensso/identity/attributes?iPlanetDirectoryPro=AQIC5wM2LY4SfcyRjGtUHhYaKuemuSL3gdsnPmPnRDDZOgw%3D%40AAJTSQACMDE%3D%23 HTTP/1.1" 200 981 "http://pub.lmmp.nasa.gov/LMMPUI/LMMP_CLIENT/LMMP.html" "Mozilla/5.0 (Macintosh; Intel Mac OS X 10_11_2) AppleWebKit/537.36 (KHTML, like Gecko) Chrome/43.0.2357.132 Safari/537.36" 1087 1139
201.53.25.118 - - [29/Feb/2016:20:17:59 -0500] "GET /LMMP/rest/dbxml/resources?iPlanetDirectoryPro=AQIC5wM2LY4SfcyRjGtUHhYaKuemuSL3gdsnPmPnRDDZOgw%3D%40AAJTSQACMDE%3D%23 HTTP/1.1" 503 323 "http://pub.lmmp.nasa.gov/LMMPUI/LMMP_CLIENT/LMMP.html" "Mozilla/5.0 (Macintosh; Intel Mac OS X 10_11_2) AppleWebKit/537.36 (KHTML, like Gecko) Chrome/43.0.2357.132 Safari/537.36" 1085 493
127.0.0.1 - - [29/Feb/2016:20:18:12 -0500] "GET /opensso/namingservice HTTP/1.1" 200 7 "-" "Java/1.5.0_21" 220 183
127.0.0.1 - - [29/Feb/2016:20:18:16 -0500] "POST /opensso/namingservice HTTP/1.1" 200 3197 "-" "Java/1.5.0_21" 537 3375
127.0.0.1 - - [29/Feb/2016:20:18:17 -0500] "POST /opensso/namingservice HTTP/1.1" 200 3197 "-" "Java/1.5.0_21" 537 3374
127.0.0.1 - - [29/Feb/2016:20:18:17 -0500] "GET /opensso/namingservice HTTP/1.1" 200 7 "-" "Java/1.5.0_21" 177 182
127.0.0.1 - - [29/Feb/2016:20:18:17 -0500] "POST /opensso/authservice HTTP/1.1" 200 565 "-" "Java/1.5.0_21" 678 883
127.0.0.1 - - [29/Feb/2016:20:18:17 -0500] "POST /opensso/authservice HTTP/1.1" 200 1848 "-" "Java/1.5.0_21" 970 2025
127.0.0.1 - - [29/Feb/2016:20:18:17 -0500] "POST /opensso/sessionservice HTTP/1.1" 200 2017 "-" "Java/1.5.0_21" 706 2194
127.0.0.1 - - [29/Feb/2016:20:18:17 -0500] "POST /opensso/authservice HTTP/1.1" 200 565 "-" "Java/1.5.0_21" 678 882
127.0.0.1 - - [29/Feb/2016:20:18:17 -0500] "POST /opensso/authservice HTTP/1.1" 200 1848 "-" "Java/1.5.0_21" 970 2025
127.0.0.1 - - [29/Feb/2016:20:18:17 -0500] "POST /opensso/sessionservice HTTP/1.1" 200 2016 "-" "Java/1.5.0_21" 706 2193
127.0.0.1 - - [29/Feb/2016:20:18:17 -0500] "POST /opensso/sessionservice HTTP/1.1" 200 2017 "-" "Java/1.5.0_21" 706 2194
127.0.0.1 - - [29/Feb/2016:20:18:17 -0500] "GET /opensso/identity//xml/read?name=TomcatApps3&attributes_names=realm&attributes_values_realm=%2Fappspub&attributes_names=objecttype&attributes_values_objecttype=Agent&admin=AQIC5wM2LY4SfcwasN5N11VpaNbbGvINyGOXq7CMCC10Aw8%3D%40AAJTSQACMDE%3D%23 HTTP/1.1" 200 13732 "-" "Java/1.5.0_21" 397 13916
127.0.0.1 - - [29/Feb/2016:20:18:17 -0500] "GET /opensso/SMSServlet?method=version HTTP/1.1" 200 64 "-" "Java/1.5.0_21" 189 257
127.0.0.1 - - [29/Feb/2016:20:18:17 -0500] "POST /opensso/sessionservice HTTP/1.1" 200 2017 "-" "Java/1.5.0_21" 706 2194
127.0.0.1 - - [29/Feb/2016:20:18:17 -0500] "GET /opensso/identity//xml/read?name=TomcatApps3&attributes_names=realm&attributes_values_realm=%2Fappspub&attributes_names=objecttype&attributes_values_objecttype=Agent&admin=AQIC5wM2LY4SfcwasN5N11VpaNbbGvINyGOXq7CMCC10Aw8%3D%40AAJTSQACMDE%3D%23 HTTP/1.1" 200 13732 "-" "Java/1.5.0_21" 397 13916
127.0.0.1 - - [29/Feb/2016:20:18:17 -0500] "POST /opensso/jaxrpc/SMSObjectIF HTTP/1.1" 200 505 "-" "Java/1.5.0_21" 804 766
127.0.0.1 - - [29/Feb/2016:20:18:17 -0500] "POST /opensso/jaxrpc/SMSObjectIF HTTP/1.1" 200 597 "-" "Java/1.5.0_21" 804 858
127.0.0.1 - - [29/Feb/2016:20:18:17 -0500] "POST /opensso/jaxrpc/SMSObjectIF HTTP/1.1" 200 505 "-" "Java/1.5.0_21" 804 766
127.0.0.1 - - [29/Feb/2016:20:18:17 -0500] "POST /opensso/jaxrpc/SMSObjectIF HTTP/1.1" 200 713 "-" "Java/1.5.0_21" 978 974
127.0.0.1 - - [29/Feb/2016:20:18:17 -0500] "POST /opensso/jaxrpc/SMSObjectIF HTTP/1.1" 200 505 "-" "Java/1.5.0_21" 804 766
127.0.0.1 - - [29/Feb/2016:20:18:17 -0500] "POST /opensso/jaxrpc/SMSObjectIF HTTP/1.1" 200 599 "-" "Java/1.5.0_21" 806 860
127.0.0.1 - - [29/Feb/2016:20:18:17 -0500] "POST /opensso/jaxrpc/SMSObjectIF HTTP/1.1" 200 505 "-" "Java/1.5.0_21" 804 766
127.0.0.1 - - [29/Feb/2016:20:18:17 -0500] "POST /opensso/jaxrpc/SMSObjectIF HTTP/1.1" 200 1957 "-" "Java/1.5.0_21" 996 2218
127.0.0.1 - - [29/Feb/2016:20:18:17 -0500] "POST /opensso/jaxrpc/SMSObjectIF HTTP/1.1" 200 505 "-" "Java/1.5.0_21" 804 766
127.0.0.1 - - [29/Feb/2016:20:18:17 -0500] "POST /opensso/jaxrpc/SMSObjectIF HTTP/1.1" 200 110117 "-" "Java/1.5.0_21" 1035 110482
127.0.0.1 - - [29/Feb/2016:20:18:17 -0500] "POST /opensso/jaxrpc/SMSObjectIF HTTP/1.1" 200 505 "-" "Java/1.5.0_21" 804 766
127.0.0.1 - - [29/Feb/2016:20:18:17 -0500] "POST /opensso/jaxrpc/SMSObjectIF HTTP/1.1" 200 573 "-" "Java/1.5.0_21" 998 834
127.0.0.1 - - [29/Feb/2016:20:18:17 -0500] "POST /opensso/jaxrpc/SMSObjectIF HTTP/1.1" 200 505 "-" "Java/1.5.0_21" 804 766
127.0.0.1 - - [29/Feb/2016:20:18:17 -0500] "POST /opensso/jaxrpc/SMSObjectIF HTTP/1.1" 200 1012 "-" "Java/1.5.0_21" 1062 1273
127.0.0.1 - - [29/Feb/2016:20:18:17 -0500] "POST /opensso/jaxrpc/SMSObjectIF HTTP/1.1" 200 505 "-" "Java/1.5.0_21" 804 766
127.0.0.1 - - [29/Feb/2016:20:18:17 -0500] "POST /opensso/jaxrpc/SMSObjectIF HTTP/1.1" 200 944 "-" "Java/1.5.0_21" 1328 1205
127.0.0.1 - - [29/Feb/2016:20:18:17 -0500] "POST /opensso/jaxrpc/SMSObjectIF HTTP/1.1" 200 505 "-" "Java/1.5.0_21" 804 766
127.0.0.1 - - [29/Feb/2016:20:18:17 -0500] "POST /opensso/jaxrpc/SMSObjectIF HTTP/1.1" 200 1494 "-" "Java/1.5.0_21" 1071 1755
127.0.0.1 - - [29/Feb/2016:20:18:17 -0500] "POST /opensso/jaxrpc/SMSObjectIF HTTP/1.1" 200 505 "-" "Java/1.5.0_21" 804 766
127.0.0.1 - - [29/Feb/2016:20:18:17 -0500] "POST /opensso/jaxrpc/SMSObjectIF HTTP/1.1" 200 1538 "-" "Java/1.5.0_21" 1076 1799
127.0.0.1 - - [29/Feb/2016:20:18:17 -0500] "POST /opensso/jaxrpc/SMSObjectIF HTTP/1.1" 200 505 "-" "Java/1.5.0_21" 804 766
127.0.0.1 - - [29/Feb/2016:20:18:17 -0500] "POST /opensso/jaxrpc/SMSObjectIF HTTP/1.1" 200 1428 "-" "Java/1.5.0_21" 1075 1689
127.0.0.1 - - [29/Feb/2016:20:18:17 -0500] "POST /opensso/jaxrpc/SMSObjectIF HTTP/1.1" 200 505 "-" "Java/1.5.0_21" 804 766
127.0.0.1 - - [29/Feb/2016:20:18:17 -0500] "POST /opensso/jaxrpc/SMSObjectIF HTTP/1.1" 200 1503 "-" "Java/1.5.0_21" 1078 1764
127.0.0.1 - - [29/Feb/2016:20:18:17 -0500] "POST /opensso/jaxrpc/SMSObjectIF HTTP/1.1" 200 505 "-" "Java/1.5.0_21" 804 766
127.0.0.1 - - [29/Feb/2016:20:18:17 -0500] "POST /opensso/jaxrpc/SMSObjectIF HTTP/1.1" 200 1472 "-" "Java/1.5.0_21" 1071 1733
127.0.0.1 - - [29/Feb/2016:20:18:17 -0500] "POST /opensso/jaxrpc/SMSObjectIF HTTP/1.1" 200 505 "-" "Java/1.5.0_21" 804 766
127.0.0.1 - - [29/Feb/2016:20:18:17 -0500] "POST /opensso/jaxrpc/SMSObjectIF HTTP/1.1" 200 1215 "-" "Java/1.5.0_21" 1071 1476
127.0.0.1 - - [29/Feb/2016:20:18:17 -0500] "POST /opensso/jaxrpc/SMSObjectIF HTTP/1.1" 200 505 "-" "Java/1.5.0_21" 804 766
127.0.0.1 - - [29/Feb/2016:20:18:17 -0500] "POST /opensso/jaxrpc/SMSObjectIF HTTP/1.1" 200 1471 "-" "Java/1.5.0_21" 1070 1732
127.0.0.1 - - [29/Feb/2016:20:18:18 -0500] "POST /opensso/jaxrpc/SMSObjectIF HTTP/1.1" 200 505 "-" "Java/1.5.0_21" 804 766
127.0.0.1 - - [29/Feb/2016:20:18:18 -0500] "POST /opensso/jaxrpc/SMSObjectIF HTTP/1.1" 200 1599 "-" "Java/1.5.0_21" 1070 1860
201.53.25.118 - - [29/Feb/2016:20:18:18 -0500] "GET /LMMPUI/LMMP_CLIENT/LMMP.html HTTP/1.1" 304 - "-" "Mozilla/5.0 (Macintosh; Intel Mac OS X 10_11_2) AppleWebKit/537.36 (KHTML, like Gecko) Chrome/43.0.2357.132 Safari/537.36" 1074 225
201.53.25.118 - - [29/Feb/2016:20:18:21 -0500] "GET /LMMPUI/LMMP_CLIENT/config/config.xml?1456795101312 HTTP/1.1" 200 12261 "http://pub.lmmp.nasa.gov/LMMPUI/LMMP_CLIENT/LMMP.html" "Mozilla/5.0 (Macintosh; Intel Mac OS X 10_11_2) AppleWebKit/537.36 (KHTML, like Gecko) Chrome/43.0.2357.132 Safari/537.36" 1019 12598
201.53.25.118 - - [29/Feb/2016:20:18:21 -0500] "GET /LMMPUI/LMMP_CLIENT/homepage/features.xml?v=1456795101410 HTTP/1.1" 200 1611 "http://pub.lmmp.nasa.gov/LMMPUI/LMMP_CLIENT/LMMP.html" "Mozilla/5.0 (Macintosh; Intel Mac OS X 10_11_2) AppleWebKit/537.36 (KHTML, like Gecko) Chrome/43.0.2357.132 Safari/537.36" 1025 1947
127.0.0.1 - - [29/Feb/2016:20:18:22 -0500] "GET /openssorest/token/localldap HTTP/1.1" 200 62 "-" "Java/1.5.0_21" 277 239
201.53.25.118 - - [29/Feb/2016:20:18:22 -0500] "GET /LMMPUI/rest/proxy/proxyService?cs=bG1tcGd1ZXN0fGd1ZXN0bG1tcHxodHRwOi8vcHViLmxtbXAubmFzYS5nb3Yvb3BlbnNzb3Jlc3QvdG9rZW4vbG9jYWxsZGFw HTTP/1.1" 200 63 "http://pub.lmmp.nasa.gov/LMMPUI/LMMP_CLIENT/LMMP.html" "Mozilla/5.0 (Macintosh; Intel Mac OS X 10_11_2) AppleWebKit/537.36 (KHTML, like Gecko) Chrome/43.0.2357.132 Safari/537.36" 1099 238
201.53.25.118 - - [29/Feb/2016:20:18:23 -0500] "POST /openssorest/token/localldap HTTP/1.1" 200 62 "http://pub.lmmp.nasa.gov/LMMPUI/LMMP_CLIENT/LMMP_WB.swf/[[DYNAMIC]]/11" "Mozilla/5.0 (Macintosh; Intel Mac OS X 10_11_2) AppleWebKit/537.36 (KHTML, like Gecko) Chrome/43.0.2357.132 Safari/537.36" 1173 238
201.53.25.118 - - [29/Feb/2016:20:18:24 -0500] "GET /opensso/identity/isTokenValid?iPlanetDirectoryPro=AQIC5wM2LY4SfcyRjGtUHhYaKuemuSL3gdsnPmPnRDDZOgw%3D%40AAJTSQACMDE%3D%23 HTTP/1.1" 200 13 "http://pub.lmmp.nasa.gov/LMMPUI/LMMP_CLIENT/LMMP.html" "Mozilla/5.0 (Macintosh; Intel Mac OS X 10_11_2) AppleWebKit/537.36 (KHTML, like Gecko) Chrome/43.0.2357.132 Safari/537.36" 1089 170
201.53.25.118 - - [29/Feb/2016:20:18:24 -0500] "GET /opensso/identity/isTokenValid?iPlanetDirectoryPro=AQIC5wM2LY4SfcyRjGtUHhYaKuemuSL3gdsnPmPnRDDZOgw%3D%40AAJTSQACMDE%3D%23 HTTP/1.1" 200 13 "http://pub.lmmp.nasa.gov/LMMPUI/LMMP_CLIENT/LMMP.html" "Mozilla/5.0 (Macintosh; Intel Mac OS X 10_11_2) AppleWebKit/537.36 (KHTML, like Gecko) Chrome/43.0.2357.132 Safari/537.36" 1089 170
201.53.25.118 - - [29/Feb/2016:20:18:24 -0500] "GET /opensso/identity/attributes?iPlanetDirectoryPro=AQIC5wM2LY4SfcyRjGtUHhYaKuemuSL3gdsnPmPnRDDZOgw%3D%40AAJTSQACMDE%3D%23 HTTP/1.1" 200 981 "http://pub.lmmp.nasa.gov/LMMPUI/LMMP_CLIENT/LMMP.html" "Mozilla/5.0 (Macintosh; Intel Mac OS X 10_11_2) AppleWebKit/537.36 (KHTML, like Gecko) Chrome/43.0.2357.132 Safari/537.36" 1087 1139
201.53.25.118 - - [29/Feb/2016:20:18:25 -0500] "GET /LMMP/rest/dbxml/resources?iPlanetDirectoryPro=AQIC5wM2LY4SfcyRjGtUHhYaKuemuSL3gdsnPmPnRDDZOgw%3D%40AAJTSQACMDE%3D%23 HTTP/1.1" 503 323 "http://pub.lmmp.nasa.gov/LMMPUI/LMMP_CLIENT/LMMP.html" "Mozilla/5.0 (Macintosh; Intel Mac OS X 10_11_2) AppleWebKit/537.36 (KHTML, like Gecko) Chrome/43.0.2357.132 Safari/537.36" 1085 493
127.0.0.1 - - [29/Feb/2016:20:18:42 -0500] "GET /opensso/namingservice HTTP/1.1" 200 7 "-" "Java/1.5.0_21" 220 183
127.0.0.1 - - [29/Feb/2016:20:18:47 -0500] "GET /opensso/namingservice HTTP/1.1" 200 7 "-" "Java/1.5.0_21" 220 183
127.0.0.1 - - [29/Feb/2016:20:18:59 -0500] "POST /opensso/sessionservice HTTP/1.1" 200 2018 "-" "Java/1.5.0_21" 707 2196
127.0.0.1 - - [29/Feb/2016:20:18:59 -0500] "POST /opensso/sessionservice HTTP/1.1" 200 2018 "-" "Java/1.5.0_21" 707 2195
127.0.0.1 - - [29/Feb/2016:20:18:59 -0500] "POST /opensso/policyservice HTTP/1.1" 200 338 "-" "Java/1.5.0_21" 765 515
127.0.0.1 - - [29/Feb/2016:20:18:59 -0500] "POST /opensso/sessionservice HTTP/1.1" 200 2010 "-" "Java/1.5.0_21" 812 2187
127.0.0.1 - - [29/Feb/2016:20:18:59 -0500] "POST /opensso/sessionservice HTTP/1.1" 200 266 "-" "Java/1.5.0_21" 878 443
127.0.0.1 - - [29/Feb/2016:20:18:59 -0500] "POST /opensso/policyservice HTTP/1.1" 200 9456 "-" "Java/1.5.0_21" 1110 9641
127.0.0.1 - - [29/Feb/2016:20:18:59 -0500] "POST /opensso/policyservice HTTP/1.1" 200 648 "-" "Java/1.5.0_21" 665 825
127.0.0.1 - - [29/Feb/2016:20:19:12 -0500] "GET /opensso/namingservice HTTP/1.1" 200 7 "-" "Java/1.5.0_21" 220 183
127.0.0.1 - - [29/Feb/2016:20:19:17 -0500] "GET /opensso/namingservice HTTP/1.1" 200 7 "-" "Java/1.5.0_21" 220 183
66.249.64.223 - - [29/Feb/2016:20:19:34 -0500] "GET /redmine/projects/lmmpwiki/activity?from=2002-08-13&show_news=1 HTTP/1.1" 200 4917 "-" "Mozilla/5.0 (compatible; Googlebot/2.1; +http://www.google.com/bot.html)" 353 5480
127.0.0.1 - - [29/Feb/2016:20:19:42 -0500] "GET /opensso/namingservice HTTP/1.1" 200 7 "-" "Java/1.5.0_21" 220 183
127.0.0.1 - - [29/Feb/2016:20:19:47 -0500] "GET /opensso/namingservice HTTP/1.1" 200 7 "-" "Java/1.5.0_21" 220 183
68.180.228.178 - - [29/Feb/2016:20:19:57 -0500] "GET / HTTP/1.1" 302 238 "-" "Mozilla/5.0 (compatible; Yahoo! Slurp; http://help.yahoo.com/help/us/ysearch/slurp)" 622 4610
68.180.228.178 - - [29/Feb/2016:20:19:58 -0500] "GET /LMMPUI/LMMP_CLIENT/LMMP.html HTTP/1.1" 200 9400 "-" "Mozilla/5.0 (compatible; Yahoo! Slurp; http://help.yahoo.com/help/us/ysearch/slurp)" 734 13831
127.0.0.1 - - [29/Feb/2016:20:20:12 -0500] "GET /opensso/namingservice HTTP/1.1" 200 7 "-" "Java/1.5.0_21" 220 183
127.0.0.1 - - [29/Feb/2016:20:20:17 -0500] "GET /opensso/namingservice HTTP/1.1" 200 7 "-" "Java/1.5.0_21" 220 183
127.0.0.1 - - [29/Feb/2016:20:20:42 -0500] "GET /opensso/namingservice HTTP/1.1" 200 7 "-" "Java/1.5.0_21" 220 183
127.0.0.1 - - [29/Feb/2016:20:20:47 -0500] "GET /opensso/namingservice HTTP/1.1" 200 7 "-" "Java/1.5.0_21" 220 183
127.0.0.1 - - [29/Feb/2016:20:21:12 -0500] "GET /opensso/namingservice HTTP/1.1" 200 7 "-" "Java/1.5.0_21" 220 183
137.78.207.218 - - [29/Feb/2016:20:21:13 -0500] "HEAD /LMMPUI/LMMP_CLIENT/LMMP.html HTTP/1.1" 200 - "-" "curl/7.38.0" 110 274
127.0.0.1 - - [29/Feb/2016:20:21:17 -0500] "GET /opensso/namingservice HTTP/1.1" 200 7 "-" "Java/1.5.0_21" 220 183
127.0.0.1 - - [29/Feb/2016:20:21:42 -0500] "GET /opensso/namingservice HTTP/1.1" 200 7 "-" "Java/1.5.0_21" 220 183
127.0.0.1 - - [29/Feb/2016:20:21:47 -0500] "GET /opensso/namingservice HTTP/1.1" 200 7 "-" "Java/1.5.0_21" 220 183
127.0.0.1 - - [29/Feb/2016:20:22:12 -0500] "GET /opensso/namingservice HTTP/1.1" 200 7 "-" "Java/1.5.0_21" 220 183
127.0.0.1 - - [29/Feb/2016:20:22:17 -0500] "GET /opensso/namingservice HTTP/1.1" 200 7 "-" "Java/1.5.0_21" 220 183
127.0.0.1 - - [29/Feb/2016:20:22:42 -0500] "GET /opensso/namingservice HTTP/1.1" 200 7 "-" "Java/1.5.0_21" 220 183
127.0.0.1 - - [29/Feb/2016:20:22:47 -0500] "GET /opensso/namingservice HTTP/1.1" 200 7 "-" "Java/1.5.0_21" 220 183
127.0.0.1 - - [29/Feb/2016:20:23:12 -0500] "GET /opensso/namingservice HTTP/1.1" 200 7 "-" "Java/1.5.0_21" 220 183
127.0.0.1 - - [29/Feb/2016:20:23:17 -0500] "GET /opensso/namingservice HTTP/1.1" 200 7 "-" "Java/1.5.0_21" 220 183
186.32.8.209 - - [29/Feb/2016:20:23:18 -0500] "GET /opensso/identity/isTokenValid HTTP/1.1" 200 14 "-" "Moon%20Tours/1.0.0 CFNetwork/758.2.8 Darwin/15.0.0" 229 172
186.32.8.209 - - [29/Feb/2016:20:23:18 -0500] "GET /lmmpmobile/config-1.0.json HTTP/1.1" 200 1338 "-" "Moon%20Tours/1.0.0 CFNetwork/758.2.8 Darwin/15.0.0" 217 1666
186.32.8.209 - - [29/Feb/2016:20:23:19 -0500] "GET /opensso/UI/Login?module=Anonymous&org=appspub&goto=http%3A%2F%2Fpub.lmmp.nasa.gov%2Flmmpmobile%2Frefresh HTTP/1.1" 302 - "-" "Moon%20Tours/1.0.0 CFNetwork/758.2.8 Darwin/15.0.0" 304 932
186.32.8.209 - - [29/Feb/2016:20:23:20 -0500] "GET /lmmpmobile/refresh?iPlanetDirectoryPro=AQIC5wM2LY4SfcymY7dF0sGeViQAtI%2FpEyucPfB3pjHxaY8%3D%40AAJTSQACMDE%3D%23 HTTP/1.1" 200 - "-" "Moon%20Tours/1.0.0 CFNetwork/758.2.8 Darwin/15.0.0" 420 316
186.32.8.209 - - [29/Feb/2016:20:23:21 -0500] "GET /lmmpmobile/bookmarks-1.0.2.json HTTP/1.1" 200 11401 "-" "Moon%20Tours/1.0.0 CFNetwork/758.2.8 Darwin/15.0.0" 331 11730
186.32.8.209 - - [29/Feb/2016:20:23:21 -0500] "GET /lmmpmobile/pages/about-1.0.2.html HTTP/1.1" 200 2716 "-" "Moon%20Tours/1.0.0 CFNetwork/758.2.8 Darwin/15.0.0" 333 3036
186.32.8.209 - - [29/Feb/2016:20:23:21 -0500] "GET /lmmpmobile/pages/glossary-1.0.2.html HTTP/1.1" 200 4306 "-" "Moon%20Tours/1.0.0 CFNetwork/758.2.8 Darwin/15.0.0" 336 4628
186.32.8.209 - - [29/Feb/2016:20:23:21 -0500] "GET /lmmpmobile/pages/help-1.0.2.html HTTP/1.1" 200 6781 "-" "Moon%20Tours/1.0.0 CFNetwork/758.2.8 Darwin/15.0.0" 332 7103
186.32.8.209 - - [29/Feb/2016:20:23:27 -0500] "GET /arcgis/rest/services/CombinedNomenclature/MapServer?f=json HTTP/1.1" 200 260 "arcgisios" "ArcGISiOS-2.3.2/9.2.1/iPad2,5" 366 539
186.32.8.209 - - [29/Feb/2016:20:23:27 -0500] "GET /arcgis/rest/services/ERGraticule/MapServer?f=json HTTP/1.1" 200 701 "arcgisios" "ArcGISiOS-2.3.2/9.2.1/iPad2,5" 357 997
66.249.64.26 - - [29/Feb/2016:20:23:29 -0500] "GET /redmine/activity?from=1973-09-28&show_news=1&user_id=1 HTTP/1.1" 200 5677 "-" "Mozilla/5.0 (compatible; Googlebot/2.1; +http://www.google.com/bot.html)" 659 10329
127.0.0.1 - - [29/Feb/2016:20:23:42 -0500] "GET /opensso/namingservice HTTP/1.1" 200 7 "-" "Java/1.5.0_21" 220 183
127.0.0.1 - - [29/Feb/2016:20:23:47 -0500] "GET /opensso/namingservice HTTP/1.1" 200 7 "-" "Java/1.5.0_21" 220 183
127.0.0.1 - - [29/Feb/2016:20:24:12 -0500] "GET /opensso/namingservice HTTP/1.1" 200 7 "-" "Java/1.5.0_21" 220 183
127.0.0.1 - - [29/Feb/2016:20:24:17 -0500] "GET /opensso/namingservice HTTP/1.1" 200 7 "-" "Java/1.5.0_21" 220 183
127.0.0.1 - - [29/Feb/2016:20:24:42 -0500] "POST /opensso/sessionservice HTTP/1.1" 200 2025 "-" "Java/1.5.0_21" 714 2203
127.0.0.1 - - [29/Feb/2016:20:24:43 -0500] "GET /opensso/identity//xml/read?name=TomcatApps1&attributes_names=realm&attributes_values_realm=%2Fappspub&attributes_names=objecttype&attributes_values_objecttype=Agent&admin=AQIC5wM2LY4SfcyRautyD4RKpwbzv6XrE24fIq8LDPQGnm0%3D%40AAJTSQACMDE%3D%23 HTTP/1.1" 200 13607 "-" "Java/1.5.0_21" 440 13791
127.0.0.1 - - [29/Feb/2016:20:24:43 -0500] "GET /opensso/namingservice HTTP/1.1" 200 7 "-" "Java/1.5.0_21" 220 182
127.0.0.1 - - [29/Feb/2016:20:24:47 -0500] "GET /opensso/namingservice HTTP/1.1" 200 7 "-" "Java/1.5.0_21" 220 183
127.0.0.1 - - [29/Feb/2016:20:25:12 -0500] "GET /opensso/namingservice HTTP/1.1" 200 7 "-" "Java/1.5.0_21" 220 183
127.0.0.1 - - [29/Feb/2016:20:25:17 -0500] "GET /opensso/namingservice HTTP/1.1" 200 7 "-" "Java/1.5.0_21" 220 183
127.0.0.1 - - [29/Feb/2016:20:25:42 -0500] "GET /opensso/namingservice HTTP/1.1" 200 7 "-" "Java/1.5.0_21" 220 183
127.0.0.1 - - [29/Feb/2016:20:25:47 -0500] "GET /opensso/namingservice HTTP/1.1" 200 7 "-" "Java/1.5.0_21" 220 183
66.87.119.102 - - [29/Feb/2016:20:26:10 -0500] "GET /arcgis/rest/services/CombinedNomenclature/MapServer?f=json HTTP/1.1" 502 481 "-" "ArcGIS.Android-10.2.3/5.1.1/SAMSUNG-SM-N910P" 236 668
127.0.0.1 - - [29/Feb/2016:20:26:12 -0500] "GET /opensso/namingservice HTTP/1.1" 200 7 "-" "Java/1.5.0_21" 220 183
137.78.207.218 - - [29/Feb/2016:20:26:13 -0500] "HEAD /LMMPUI/LMMP_CLIENT/LMMP.html HTTP/1.1" 200 - "-" "curl/7.38.0" 110 274
127.0.0.1 - - [29/Feb/2016:20:26:17 -0500] "GET /opensso/namingservice HTTP/1.1" 200 7 "-" "Java/1.5.0_21" 220 183
127.0.0.1 - - [29/Feb/2016:20:26:42 -0500] "GET /opensso/namingservice HTTP/1.1" 200 7 "-" "Java/1.5.0_21" 220 183
127.0.0.1 - - [29/Feb/2016:20:26:47 -0500] "GET /opensso/namingservice HTTP/1.1" 200 7 "-" "Java/1.5.0_21" 220 183
127.0.0.1 - - [29/Feb/2016:20:27:12 -0500] "GET /opensso/namingservice HTTP/1.1" 200 7 "-" "Java/1.5.0_21" 220 183
127.0.0.1 - - [29/Feb/2016:20:27:17 -0500] "GET /opensso/namingservice HTTP/1.1" 200 7 "-" "Java/1.5.0_21" 220 183
127.0.0.1 - - [29/Feb/2016:20:27:24 -0500] "POST /opensso/sessionservice HTTP/1.1" 200 2334 "-" "Java/1.5.0_21" 812 2512
127.0.0.1 - - [29/Feb/2016:20:27:24 -0500] "POST /opensso/sessionservice HTTP/1.1" 200 2332 "-" "Java/1.5.0_21" 812 2509
127.0.0.1 - - [29/Feb/2016:20:27:24 -0500] "POST /opensso/sessionservice HTTP/1.1" 200 267 "-" "Java/1.5.0_21" 879 444
127.0.0.1 - - [29/Feb/2016:20:27:24 -0500] "POST /opensso/policyservice HTTP/1.1" 200 9458 "-" "Java/1.5.0_21" 1112 9643
127.0.0.1 - - [29/Feb/2016:20:27:24 -0500] "POST /opensso/sessionservice HTTP/1.1" 200 267 "-" "Java/1.5.0_21" 879 444
127.0.0.1 - - [29/Feb/2016:20:27:42 -0500] "GET /opensso/namingservice HTTP/1.1" 200 7 "-" "Java/1.5.0_21" 220 183
127.0.0.1 - - [29/Feb/2016:20:27:47 -0500] "GET /opensso/namingservice HTTP/1.1" 200 7 "-" "Java/1.5.0_21" 220 183
127.0.0.1 - - [29/Feb/2016:20:28:12 -0500] "GET /opensso/namingservice HTTP/1.1" 200 7 "-" "Java/1.5.0_21" 220 183
127.0.0.1 - - [29/Feb/2016:20:28:17 -0500] "GET /opensso/namingservice HTTP/1.1" 200 7 "-" "Java/1.5.0_21" 220 183
127.0.0.1 - - [29/Feb/2016:20:28:42 -0500] "GET /opensso/namingservice HTTP/1.1" 200 7 "-" "Java/1.5.0_21" 220 183
127.0.0.1 - - [29/Feb/2016:20:28:47 -0500] "GET /opensso/namingservice HTTP/1.1" 200 7 "-" "Java/1.5.0_21" 220 183
127.0.0.1 - - [29/Feb/2016:20:29:12 -0500] "GET /opensso/namingservice HTTP/1.1" 200 7 "-" "Java/1.5.0_21" 220 183
127.0.0.1 - - [29/Feb/2016:20:29:17 -0500] "GET /opensso/namingservice HTTP/1.1" 200 7 "-" "Java/1.5.0_21" 220 183
127.0.0.1 - - [29/Feb/2016:20:29:42 -0500] "GET /opensso/namingservice HTTP/1.1" 200 7 "-" "Java/1.5.0_21" 220 183
127.0.0.1 - - [29/Feb/2016:20:29:47 -0500] "GET /opensso/namingservice HTTP/1.1" 200 7 "-" "Java/1.5.0_21" 220 183
127.0.0.1 - - [29/Feb/2016:20:30:12 -0500] "GET /opensso/namingservice HTTP/1.1" 200 7 "-" "Java/1.5.0_21" 220 183
186.32.8.209 - - [29/Feb/2016:20:30:15 -0500] "GET /opensso/identity/isTokenValid HTTP/1.1" 200 13 "-" "Moon%20Tours/1.0.0 CFNetwork/758.2.8 Darwin/15.0.0" 338 171
127.0.0.1 - - [29/Feb/2016:20:30:17 -0500] "GET /opensso/namingservice HTTP/1.1" 200 7 "-" "Java/1.5.0_21" 220 183
127.0.0.1 - - [29/Feb/2016:20:30:42 -0500] "GET /opensso/namingservice HTTP/1.1" 200 7 "-" "Java/1.5.0_21" 220 183
127.0.0.1 - - [29/Feb/2016:20:30:47 -0500] "GET /opensso/namingservice HTTP/1.1" 200 7 "-" "Java/1.5.0_21" 220 183
127.0.0.1 - - [29/Feb/2016:20:31:12 -0500] "GET /opensso/namingservice HTTP/1.1" 200 7 "-" "Java/1.5.0_21" 220 183
137.78.207.218 - - [29/Feb/2016:20:31:13 -0500] "HEAD /LMMPUI/LMMP_CLIENT/LMMP.html HTTP/1.1" 200 - "-" "curl/7.38.0" 110 274
127.0.0.1 - - [29/Feb/2016:20:31:17 -0500] "GET /opensso/namingservice HTTP/1.1" 200 7 "-" "Java/1.5.0_21" 220 183
186.32.8.209 - - [29/Feb/2016:20:31:37 -0500] "GET /arcgis/rest/services/CombinedNomenclature/MapServer/find?returnGeometry=true&contains=true&layers=0&searchFields=LABEL&searchText=E&f=json HTTP/1.1" 200 204 "arcgisios" "ArcGISiOS-2.3.2/9.2.1/iPad2,5" 446 556
186.32.8.209 - - [29/Feb/2016:20:31:37 -0500] "GET /arcgis/rest/services/CombinedNomenclature/MapServer/find?returnGeometry=true&contains=true&layers=0&searchFields=LABEL&searchText=Ed&f=json HTTP/1.1" 200 204 "arcgisios" "ArcGISiOS-2.3.2/9.2.1/iPad2,5" 447 556
186.32.8.209 - - [29/Feb/2016:20:31:38 -0500] "GET /arcgis/rest/services/CombinedNomenclature/MapServer/find?returnGeometry=true&contains=true&layers=0&searchFields=LABEL&searchText=Edi&f=json HTTP/1.1" 200 204 "arcgisios" "ArcGISiOS-2.3.2/9.2.1/iPad2,5" 448 555
186.32.8.209 - - [29/Feb/2016:20:31:39 -0500] "GET /arcgis/rest/services/CombinedNomenclature/MapServer/find?returnGeometry=true&contains=true&layers=0&searchFields=LABEL&searchText=Edif&f=json HTTP/1.1" 200 204 "arcgisios" "ArcGISiOS-2.3.2/9.2.1/iPad2,5" 449 555
186.32.8.209 - - [29/Feb/2016:20:31:39 -0500] "GET /arcgis/rest/services/CombinedNomenclature/MapServer/find?returnGeometry=true&contains=true&layers=0&searchFields=LABEL&searchText=Edifi&f=json HTTP/1.1" 200 204 "arcgisios" "ArcGISiOS-2.3.2/9.2.1/iPad2,5" 450 555
186.32.8.209 - - [29/Feb/2016:20:31:40 -0500] "GET /arcgis/rest/services/CombinedNomenclature/MapServer/find?returnGeometry=true&contains=true&layers=0&searchFields=LABEL&searchText=Edific&f=json HTTP/1.1" 200 204 "arcgisios" "ArcGISiOS-2.3.2/9.2.1/iPad2,5" 451 555
186.32.8.209 - - [29/Feb/2016:20:31:40 -0500] "GET /arcgis/rest/services/CombinedNomenclature/MapServer/find?returnGeometry=true&contains=true&layers=0&searchFields=LABEL&searchText=Edifici&f=json HTTP/1.1" 200 204 "arcgisios" "ArcGISiOS-2.3.2/9.2.1/iPad2,5" 452 555
186.32.8.209 - - [29/Feb/2016:20:31:41 -0500] "GET /arcgis/rest/services/CombinedNomenclature/MapServer/find?returnGeometry=true&contains=true&layers=0&searchFields=LABEL&searchText=Edificio&f=json HTTP/1.1" 200 204 "arcgisios" "ArcGISiOS-2.3.2/9.2.1/iPad2,5" 453 556
127.0.0.1 - - [29/Feb/2016:20:31:42 -0500] "GET /opensso/namingservice HTTP/1.1" 200 7 "-" "Java/1.5.0_21" 220 183
127.0.0.1 - - [29/Feb/2016:20:31:47 -0500] "GET /opensso/namingservice HTTP/1.1" 200 7 "-" "Java/1.5.0_21" 220 183
127.0.0.1 - - [29/Feb/2016:20:32:12 -0500] "GET /opensso/namingservice HTTP/1.1" 200 7 "-" "Java/1.5.0_21" 220 183
127.0.0.1 - - [29/Feb/2016:20:32:17 -0500] "GET /opensso/namingservice HTTP/1.1" 200 7 "-" "Java/1.5.0_21" 220 183
127.0.0.1 - - [29/Feb/2016:20:32:42 -0500] "GET /opensso/namingservice HTTP/1.1" 200 7 "-" "Java/1.5.0_21" 220 183
127.0.0.1 - - [29/Feb/2016:20:32:47 -0500] "GET /opensso/namingservice HTTP/1.1" 200 7 "-" "Java/1.5.0_21" 220 183
127.0.0.1 - - [29/Feb/2016:20:33:12 -0500] "GET /opensso/namingservice HTTP/1.1" 200 7 "-" "Java/1.5.0_21" 220 183
127.0.0.1 - - [29/Feb/2016:20:33:17 -0500] "GET /opensso/namingservice HTTP/1.1" 200 7 "-" "Java/1.5.0_21" 220 183
127.0.0.1 - - [29/Feb/2016:20:33:42 -0500] "GET /opensso/namingservice HTTP/1.1" 200 7 "-" "Java/1.5.0_21" 220 183
127.0.0.1 - - [29/Feb/2016:20:33:47 -0500] "GET /opensso/namingservice HTTP/1.1" 200 7 "-" "Java/1.5.0_21" 220 183
127.0.0.1 - - [29/Feb/2016:20:34:12 -0500] "GET /opensso/namingservice HTTP/1.1" 200 7 "-" "Java/1.5.0_21" 220 183
127.0.0.1 - - [29/Feb/2016:20:34:17 -0500] "GET /opensso/namingservice HTTP/1.1" 200 7 "-" "Java/1.5.0_21" 220 183
127.0.0.1 - - [29/Feb/2016:20:34:42 -0500] "GET /opensso/namingservice HTTP/1.1" 200 7 "-" "Java/1.5.0_21" 220 183
127.0.0.1 - - [29/Feb/2016:20:34:47 -0500] "GET /opensso/namingservice HTTP/1.1" 200 7 "-" "Java/1.5.0_21" 220 183
127.0.0.1 - - [29/Feb/2016:20:35:12 -0500] "GET /opensso/namingservice HTTP/1.1" 200 7 "-" "Java/1.5.0_21" 220 183
127.0.0.1 - - [29/Feb/2016:20:35:17 -0500] "GET /opensso/namingservice HTTP/1.1" 200 7 "-" "Java/1.5.0_21" 220 183
127.0.0.1 - - [29/Feb/2016:20:35:42 -0500] "GET /opensso/namingservice HTTP/1.1" 200 7 "-" "Java/1.5.0_21" 220 183
127.0.0.1 - - [29/Feb/2016:20:35:47 -0500] "GET /opensso/namingservice HTTP/1.1" 200 7 "-" "Java/1.5.0_21" 220 183
127.0.0.1 - - [29/Feb/2016:20:36:12 -0500] "GET /opensso/namingservice HTTP/1.1" 200 7 "-" "Java/1.5.0_21" 220 183
137.78.207.218 - - [29/Feb/2016:20:36:13 -0500] "HEAD /LMMPUI/LMMP_CLIENT/LMMP.html HTTP/1.1" 200 - "-" "curl/7.38.0" 110 274
127.0.0.1 - - [29/Feb/2016:20:36:17 -0500] "GET /opensso/namingservice HTTP/1.1" 200 7 "-" "Java/1.5.0_21" 220 183
127.0.0.1 - - [29/Feb/2016:20:36:42 -0500] "GET /opensso/namingservice HTTP/1.1" 200 7 "-" "Java/1.5.0_21" 220 183
127.0.0.1 - - [29/Feb/2016:20:36:47 -0500] "GET /opensso/namingservice HTTP/1.1" 200 7 "-" "Java/1.5.0_21" 220 183
127.0.0.1 - - [29/Feb/2016:20:37:12 -0500] "GET /opensso/namingservice HTTP/1.1" 200 7 "-" "Java/1.5.0_21" 220 183
127.0.0.1 - - [29/Feb/2016:20:37:17 -0500] "GET /opensso/namingservice HTTP/1.1" 200 7 "-" "Java/1.5.0_21" 220 183
127.0.0.1 - - [29/Feb/2016:20:37:42 -0500] "GET /opensso/namingservice HTTP/1.1" 200 7 "-" "Java/1.5.0_21" 220 183
127.0.0.1 - - [29/Feb/2016:20:37:47 -0500] "GET /opensso/namingservice HTTP/1.1" 200 7 "-" "Java/1.5.0_21" 220 183
127.0.0.1 - - [29/Feb/2016:20:38:12 -0500] "GET /opensso/namingservice HTTP/1.1" 200 7 "-" "Java/1.5.0_21" 220 183
127.0.0.1 - - [29/Feb/2016:20:38:17 -0500] "GET /opensso/namingservice HTTP/1.1" 200 7 "-" "Java/1.5.0_21" 220 183
127.0.0.1 - - [29/Feb/2016:20:38:42 -0500] "GET /opensso/namingservice HTTP/1.1" 200 7 "-" "Java/1.5.0_21" 220 183
127.0.0.1 - - [29/Feb/2016:20:38:47 -0500] "GET /opensso/namingservice HTTP/1.1" 200 7 "-" "Java/1.5.0_21" 220 183
127.0.0.1 - - [29/Feb/2016:20:39:12 -0500] "GET /opensso/namingservice HTTP/1.1" 200 7 "-" "Java/1.5.0_21" 220 183
127.0.0.1 - - [29/Feb/2016:20:39:17 -0500] "GET /opensso/namingservice HTTP/1.1" 200 7 "-" "Java/1.5.0_21" 220 183
127.0.0.1 - - [29/Feb/2016:20:39:21 -0500] "POST /opensso/jaxrpc/SMSObjectIF HTTP/1.1" 200 505 "-" "Java/1.5.0_21" 847 767
127.0.0.1 - - [29/Feb/2016:20:39:21 -0500] "POST /opensso/jaxrpc/SMSObjectIF HTTP/1.1" 200 3901 "-" "Java/1.5.0_21" 1073 4162
127.0.0.1 - - [29/Feb/2016:20:39:21 -0500] "POST /opensso/sessionservice HTTP/1.1" 200 2335 "-" "Java/1.5.0_21" 814 2512
127.0.0.1 - - [29/Feb/2016:20:39:21 -0500] "POST /opensso/sessionservice HTTP/1.1" 200 2335 "-" "Java/1.5.0_21" 814 2513
127.0.0.1 - - [29/Feb/2016:20:39:21 -0500] "POST /opensso/sessionservice HTTP/1.1" 200 2335 "-" "Java/1.5.0_21" 814 2513
127.0.0.1 - - [29/Feb/2016:20:39:21 -0500] "POST /opensso/sessionservice HTTP/1.1" 200 2335 "-" "Java/1.5.0_21" 814 2513
127.0.0.1 - - [29/Feb/2016:20:39:21 -0500] "POST /opensso/sessionservice HTTP/1.1" 200 2013 "-" "Java/1.5.0_21" 813 2191
127.0.0.1 - - [29/Feb/2016:20:39:21 -0500] "POST /opensso/sessionservice HTTP/1.1" 200 2335 "-" "Java/1.5.0_21" 813 2513
127.0.0.1 - - [29/Feb/2016:20:39:21 -0500] "POST /opensso/sessionservice HTTP/1.1" 200 2333 "-" "Java/1.5.0_21" 814 2511
127.0.0.1 - - [29/Feb/2016:20:39:21 -0500] "POST /opensso/jaxrpc/SMSObjectIF HTTP/1.1" 200 505 "-" "Java/1.5.0_21" 847 766
127.0.0.1 - - [29/Feb/2016:20:39:21 -0500] "POST /opensso/jaxrpc/DirectoryManagerIF HTTP/1.1" 200 609 "-" "Java/1.5.0_21" 998 870
127.0.0.1 - - [29/Feb/2016:20:39:21 -0500] "POST /opensso/jaxrpc/SMSObjectIF HTTP/1.1" 200 505 "-" "Java/1.5.0_21" 847 766
127.0.0.1 - - [29/Feb/2016:20:39:21 -0500] "POST /opensso/jaxrpc/DirectoryManagerIF HTTP/1.1" 200 1290 "-" "Java/1.5.0_21" 1366 1551
127.0.0.1 - - [29/Feb/2016:20:39:21 -0500] "POST /opensso/jaxrpc/SMSObjectIF HTTP/1.1" 200 505 "-" "Java/1.5.0_21" 847 766
127.0.0.1 - - [29/Feb/2016:20:39:21 -0500] "POST /opensso/jaxrpc/DirectoryManagerIF HTTP/1.1" 200 843 "-" "Java/1.5.0_21" 1293 1104
127.0.0.1 - - [29/Feb/2016:20:39:21 -0500] "POST /opensso/jaxrpc/SMSObjectIF HTTP/1.1" 200 505 "-" "Java/1.5.0_21" 847 766
127.0.0.1 - - [29/Feb/2016:20:39:21 -0500] "POST /opensso/jaxrpc/SMSObjectIF HTTP/1.1" 200 505 "-" "Java/1.5.0_21" 847 766
127.0.0.1 - - [29/Feb/2016:20:39:21 -0500] "POST /opensso/jaxrpc/SMSObjectIF HTTP/1.1" 200 505 "-" "Java/1.5.0_21" 847 766
127.0.0.1 - - [29/Feb/2016:20:39:21 -0500] "POST /opensso/jaxrpc/SMSObjectIF HTTP/1.1" 200 505 "-" "Java/1.5.0_21" 847 767
127.0.0.1 - - [29/Feb/2016:20:39:21 -0500] "POST /opensso/jaxrpc/SMSObjectIF HTTP/1.1" 200 505 "-" "Java/1.5.0_21" 847 766
127.0.0.1 - - [29/Feb/2016:20:39:21 -0500] "POST /opensso/jaxrpc/SMSObjectIF HTTP/1.1" 200 505 "-" "Java/1.5.0_21" 847 766
127.0.0.1 - - [29/Feb/2016:20:39:21 -0500] "POST /opensso/jaxrpc/DirectoryManagerIF HTTP/1.1" 200 1290 "-" "Java/1.5.0_21" 1362 1551
127.0.0.1 - - [29/Feb/2016:20:39:21 -0500] "POST /opensso/jaxrpc/DirectoryManagerIF HTTP/1.1" 200 1290 "-" "Java/1.5.0_21" 1366 1551
127.0.0.1 - - [29/Feb/2016:20:39:21 -0500] "POST /opensso/jaxrpc/DirectoryManagerIF HTTP/1.1" 200 1290 "-" "Java/1.5.0_21" 1366 1551
127.0.0.1 - - [29/Feb/2016:20:39:21 -0500] "POST /opensso/jaxrpc/DirectoryManagerIF HTTP/1.1" 200 1290 "-" "Java/1.5.0_21" 1366 1551
127.0.0.1 - - [29/Feb/2016:20:39:21 -0500] "POST /opensso/jaxrpc/DirectoryManagerIF HTTP/1.1" 200 1290 "-" "Java/1.5.0_21" 1366 1551
127.0.0.1 - - [29/Feb/2016:20:39:21 -0500] "POST /opensso/jaxrpc/DirectoryManagerIF HTTP/1.1" 200 1290 "-" "Java/1.5.0_21" 1366 1551
127.0.0.1 - - [29/Feb/2016:20:39:21 -0500] "POST /opensso/jaxrpc/SMSObjectIF HTTP/1.1" 200 505 "-" "Java/1.5.0_21" 847 766
127.0.0.1 - - [29/Feb/2016:20:39:21 -0500] "POST /opensso/jaxrpc/DirectoryManagerIF HTTP/1.1" 200 843 "-" "Java/1.5.0_21" 1289 1104
128.149.8.99 - - [29/Feb/2016:20:18:59 -0500] "GET /LMMP/rest/dbxml/resources HTTP/1.1" 500 3216 "-" "Mozilla/5.0 (Macintosh; Intel Mac OS X 10_8_5) AppleWebKit/537.36 (KHTML, like Gecko) Chrome/48.0.2564.109 Safari/537.36" 652 3371
186.32.8.209 - - [29/Feb/2016:20:28:13 -0500] "GET /LMMP/rest/dbxml/fgdc/legend/stream?label=LRO_NAC_Gray_43S349E_150cmp HTTP/1.1" 500 3300 "-" "Moon%20Tours/1.0.0 CFNetwork/758.2.8 Darwin/15.0.0" 673 3739
186.32.8.209 - - [29/Feb/2016:20:29:00 -0500] "GET /LMMP/rest/dbxml/fgdc/abstract?label=LRO_NAC_Mosaic_19S129E_50cmp HTTP/1.1" 500 3300 "-" "Moon%20Tours/1.0.0 CFNetwork/758.2.8 Darwin/15.0.0" 673 3739
186.32.8.209 - - [29/Feb/2016:20:29:09 -0500] "GET /LMMP/rest/dbxml/fgdc/abstract?label=Apollo15_PanCam_Mosaic_19S129E_2mp HTTP/1.1" 500 3300 "-" "Moon%20Tours/1.0.0 CFNetwork/758.2.8 Darwin/15.0.0" 673 3739
186.32.8.209 - - [29/Feb/2016:20:27:24 -0500] "GET /LMMP/rest/dbxml/fgdc/legend/stream?label=LRO_NAC_Gray_43S349E_150cmp HTTP/1.1" 500 3300 "-" "Moon%20Tours/1.0.0 CFNetwork/758.2.8 Darwin/15.0.0" 751 7450
186.32.8.209 - - [29/Feb/2016:20:27:24 -0500] "GET /LMMP/rest/dbxml/fgdc/legend/stream?label=LRO_NAC_ClrShade_43S349E_150cmp HTTP/1.1" 500 3300 "-" "Moon%20Tours/1.0.0 CFNetwork/758.2.8 Darwin/15.0.0" 689 3739
186.32.8.209 - - [29/Feb/2016:20:29:21 -0500] "GET /LMMP/rest/dbxml/fgdc/abstract?label=LRO_WAC_Mosaic_Global_303ppd HTTP/1.1" 500 3300 "-" "Moon%20Tours/1.0.0 CFNetwork/758.2.8 Darwin/15.0.0" 673 3739
128.149.8.99 - - [29/Feb/2016:20:39:22 -0500] "GET /favicon.ico HTTP/1.1" 404 209 "http://pub.lmmp.nasa.gov/LMMP/rest/dbxml/resources" "Mozilla/5.0 (Macintosh; Intel Mac OS X 10_8_5) AppleWebKit/537.36 (KHTML, like Gecko) Chrome/48.0.2564.109 Safari/537.36" 545 454
127.0.0.1 - - [29/Feb/2016:20:39:42 -0500] "GET /opensso/namingservice HTTP/1.1" 200 7 "-" "Java/1.5.0_21" 220 183
127.0.0.1 - - [29/Feb/2016:20:39:47 -0500] "GET /opensso/namingservice HTTP/1.1" 200 7 "-" "Java/1.5.0_21" 220 183
127.0.0.1 - - [29/Feb/2016:20:39:54 -0500] "POST /opensso/sessionservice HTTP/1.1" 200 259 "-" "Java/1.5.0_21" 803 437
127.0.0.1 - - [29/Feb/2016:20:39:56 -0500] "POST /opensso/sessionservice HTTP/1.1" 200 259 "-" "Java/1.5.0_21" 803 436
127.0.0.1 - - [29/Feb/2016:20:40:12 -0500] "GET /opensso/namingservice HTTP/1.1" 200 7 "-" "Java/1.5.0_21" 220 183
127.0.0.1 - - [29/Feb/2016:20:40:12 -0500] "POST /opensso/namingservice HTTP/1.1" 200 3197 "-" "Java/1.5.0_21" 537 3375
127.0.0.1 - - [29/Feb/2016:20:40:12 -0500] "GET /opensso/namingservice HTTP/1.1" 200 7 "-" "Java/1.5.0_21" 177 183
127.0.0.1 - - [29/Feb/2016:20:40:12 -0500] "POST /opensso/namingservice HTTP/1.1" 200 3197 "-" "Java/1.5.0_21" 537 3374
127.0.0.1 - - [29/Feb/2016:20:40:12 -0500] "POST /opensso/authservice HTTP/1.1" 200 565 "-" "Java/1.5.0_21" 678 882
127.0.0.1 - - [29/Feb/2016:20:40:12 -0500] "POST /opensso/authservice HTTP/1.1" 200 1848 "-" "Java/1.5.0_21" 970 2025
127.0.0.1 - - [29/Feb/2016:20:40:12 -0500] "POST /opensso/sessionservice HTTP/1.1" 200 2017 "-" "Java/1.5.0_21" 706 2194
127.0.0.1 - - [29/Feb/2016:20:40:13 -0500] "POST /opensso/authservice HTTP/1.1" 200 565 "-" "Java/1.5.0_21" 678 882
127.0.0.1 - - [29/Feb/2016:20:40:13 -0500] "POST /opensso/authservice HTTP/1.1" 200 1848 "-" "Java/1.5.0_21" 970 2025
127.0.0.1 - - [29/Feb/2016:20:40:13 -0500] "POST /opensso/sessionservice HTTP/1.1" 200 2017 "-" "Java/1.5.0_21" 706 2194
