127.0.0.1 - - [11/Dec/2015:01:40:13 -0500] "GET /opensso/namingservice HTTP/1.1" 200 7 "-" "Java/1.5.0_21" 220 183
137.78.207.218 - - [11/Dec/2015:01:40:24 -0500] "HEAD /LMMPUI/LMMP_CLIENT/LMMP.html HTTP/1.1" 200 - "-" "curl/7.38.0" 110 274
127.0.0.1 - - [11/Dec/2015:01:40:42 -0500] "GET /opensso/namingservice HTTP/1.1" 200 7 "-" "Java/1.5.0_21" 220 183
127.0.0.1 - - [11/Dec/2015:01:40:43 -0500] "GET /opensso/namingservice HTTP/1.1" 200 7 "-" "Java/1.5.0_21" 220 183
66.249.79.135 - - [11/Dec/2015:01:40:57 -0500] "GET /redmine/issues/gantt?month=6&months=6&year=2096&zoom=4 HTTP/1.1" 200 51261 "-" "Mozilla/5.0 (compatible; Googlebot/2.1; +http://www.google.com/bot.html)" 345 51951
66.249.74.87 - - [11/Dec/2015:01:41:06 -0500] "GET /redmine/search HTTP/1.1" 200 4058 "-" "Mozilla/5.0 (compatible; Googlebot/2.1; +http://www.google.com/bot.html)" 619 8627
127.0.0.1 - - [11/Dec/2015:01:41:12 -0500] "GET /opensso/namingservice HTTP/1.1" 200 7 "-" "Java/1.5.0_21" 220 183
127.0.0.1 - - [11/Dec/2015:01:41:13 -0500] "GET /opensso/namingservice HTTP/1.1" 200 7 "-" "Java/1.5.0_21" 220 183
180.76.15.30 - - [11/Dec/2015:01:41:41 -0500] "GET / HTTP/1.1" 302 237 "-" "Mozilla/5.0 (compatible; Baiduspider/2.0; +http://www.baidu.com/search/spider.html)" 183 506
127.0.0.1 - - [11/Dec/2015:01:41:42 -0500] "GET /opensso/namingservice HTTP/1.1" 200 7 "-" "Java/1.5.0_21" 220 183
127.0.0.1 - - [11/Dec/2015:01:41:43 -0500] "GET /opensso/namingservice HTTP/1.1" 200 7 "-" "Java/1.5.0_21" 220 183
180.76.15.162 - - [11/Dec/2015:01:41:43 -0500] "GET / HTTP/1.1" 302 237 "-" "Mozilla/5.0 (compatible; Baiduspider/2.0; +http://www.baidu.com/search/spider.html)" 183 506
127.0.0.1 - - [11/Dec/2015:01:42:12 -0500] "GET /opensso/namingservice HTTP/1.1" 200 7 "-" "Java/1.5.0_21" 220 183
127.0.0.1 - - [11/Dec/2015:01:42:13 -0500] "GET /opensso/namingservice HTTP/1.1" 200 7 "-" "Java/1.5.0_21" 220 183
66.249.79.248 - - [11/Dec/2015:01:42:16 -0500] "GET /redmine/issues/gantt?month=7&months=6&year=2042&zoom=2 HTTP/1.1" 200 30908 "-" "Mozilla/5.0 (compatible; Googlebot/2.1; +http://www.google.com/bot.html)" 345 31597
180.76.15.25 - - [11/Dec/2015:01:42:24 -0500] "GET / HTTP/1.1" 302 237 "-" "Mozilla/5.0 (compatible; Baiduspider/2.0; +http://www.baidu.com/search/spider.html)" 183 506
180.76.15.151 - - [11/Dec/2015:01:42:26 -0500] "GET / HTTP/1.1" 302 237 "-" "Mozilla/5.0 (compatible; Baiduspider/2.0; +http://www.baidu.com/search/spider.html)" 183 506
127.0.0.1 - - [11/Dec/2015:01:42:42 -0500] "GET /opensso/namingservice HTTP/1.1" 200 7 "-" "Java/1.5.0_21" 220 183
127.0.0.1 - - [11/Dec/2015:01:42:43 -0500] "GET /opensso/namingservice HTTP/1.1" 200 7 "-" "Java/1.5.0_21" 220 183
127.0.0.1 - - [11/Dec/2015:01:43:12 -0500] "GET /opensso/namingservice HTTP/1.1" 200 7 "-" "Java/1.5.0_21" 220 183
127.0.0.1 - - [11/Dec/2015:01:43:13 -0500] "GET /opensso/namingservice HTTP/1.1" 200 7 "-" "Java/1.5.0_21" 220 183
127.0.0.1 - - [11/Dec/2015:01:43:42 -0500] "GET /opensso/namingservice HTTP/1.1" 200 7 "-" "Java/1.5.0_21" 220 183
127.0.0.1 - - [11/Dec/2015:01:43:43 -0500] "GET /opensso/namingservice HTTP/1.1" 200 7 "-" "Java/1.5.0_21" 220 183
127.0.0.1 - - [11/Dec/2015:01:44:12 -0500] "GET /opensso/namingservice HTTP/1.1" 200 7 "-" "Java/1.5.0_21" 220 183
127.0.0.1 - - [11/Dec/2015:01:44:13 -0500] "GET /opensso/namingservice HTTP/1.1" 200 7 "-" "Java/1.5.0_21" 220 183
123.125.71.58 - - [11/Dec/2015:01:44:39 -0500] "GET / HTTP/1.1" 302 237 "-" "Mozilla/5.0 (Windows NT 5.1; rv:6.0.2) Gecko/20100101 Firefox/6.0.2" 179 506
127.0.0.1 - - [11/Dec/2015:01:44:42 -0500] "GET /opensso/namingservice HTTP/1.1" 200 7 "-" "Java/1.5.0_21" 220 183
127.0.0.1 - - [11/Dec/2015:01:44:43 -0500] "GET /opensso/namingservice HTTP/1.1" 200 7 "-" "Java/1.5.0_21" 220 183
66.249.79.135 - - [11/Dec/2015:01:44:44 -0500] "GET /redmine/issues/gantt?month=10&months=6&year=2483&zoom=3 HTTP/1.1" 200 51321 "-" "Mozilla/5.0 (compatible; Googlebot/2.1; +http://www.google.com/bot.html)" 346 52010
127.0.0.1 - - [11/Dec/2015:01:45:12 -0500] "GET /opensso/namingservice HTTP/1.1" 200 7 "-" "Java/1.5.0_21" 220 183
127.0.0.1 - - [11/Dec/2015:01:45:13 -0500] "GET /opensso/namingservice HTTP/1.1" 200 7 "-" "Java/1.5.0_21" 220 183
137.78.207.218 - - [11/Dec/2015:01:45:25 -0500] "HEAD /LMMPUI/LMMP_CLIENT/LMMP.html HTTP/1.1" 200 - "-" "curl/7.38.0" 110 274
127.0.0.1 - - [11/Dec/2015:01:45:42 -0500] "GET /opensso/namingservice HTTP/1.1" 200 7 "-" "Java/1.5.0_21" 220 183
127.0.0.1 - - [11/Dec/2015:01:45:43 -0500] "GET /opensso/namingservice HTTP/1.1" 200 7 "-" "Java/1.5.0_21" 220 183
127.0.0.1 - - [11/Dec/2015:01:46:12 -0500] "GET /opensso/namingservice HTTP/1.1" 200 7 "-" "Java/1.5.0_21" 220 183
127.0.0.1 - - [11/Dec/2015:01:46:13 -0500] "GET /opensso/namingservice HTTP/1.1" 200 7 "-" "Java/1.5.0_21" 220 183
127.0.0.1 - - [11/Dec/2015:01:46:42 -0500] "GET /opensso/namingservice HTTP/1.1" 200 7 "-" "Java/1.5.0_21" 220 183
127.0.0.1 - - [11/Dec/2015:01:46:43 -0500] "GET /opensso/namingservice HTTP/1.1" 200 7 "-" "Java/1.5.0_21" 220 183
127.0.0.1 - - [11/Dec/2015:01:47:12 -0500] "GET /opensso/namingservice HTTP/1.1" 200 7 "-" "Java/1.5.0_21" 220 183
127.0.0.1 - - [11/Dec/2015:01:47:13 -0500] "GET /opensso/namingservice HTTP/1.1" 200 7 "-" "Java/1.5.0_21" 220 183
127.0.0.1 - - [11/Dec/2015:01:47:42 -0500] "GET /opensso/namingservice HTTP/1.1" 200 7 "-" "Java/1.5.0_21" 220 183
127.0.0.1 - - [11/Dec/2015:01:47:43 -0500] "GET /opensso/namingservice HTTP/1.1" 200 7 "-" "Java/1.5.0_21" 220 183
123.125.71.36 - - [11/Dec/2015:01:47:59 -0500] "GET /LMMPUI/LMMP_CLIENT/LMMP.html HTTP/1.1" 200 9400 "-" "Mozilla/5.0 (Windows NT 5.1; rv:6.0.2) Gecko/20100101 Firefox/6.0.2" 207 9693
127.0.0.1 - - [11/Dec/2015:01:48:12 -0500] "GET /opensso/namingservice HTTP/1.1" 200 7 "-" "Java/1.5.0_21" 220 183
127.0.0.1 - - [11/Dec/2015:01:48:13 -0500] "GET /opensso/namingservice HTTP/1.1" 200 7 "-" "Java/1.5.0_21" 220 183
66.249.79.241 - - [11/Dec/2015:01:48:31 -0500] "GET /redmine/issues/gantt?month=10&months=6&year=2296&zoom=2 HTTP/1.1" 200 30906 "-" "Mozilla/5.0 (compatible; Googlebot/2.1; +http://www.google.com/bot.html)" 346 31595
127.0.0.1 - - [11/Dec/2015:01:48:42 -0500] "GET /opensso/namingservice HTTP/1.1" 200 7 "-" "Java/1.5.0_21" 220 183
127.0.0.1 - - [11/Dec/2015:01:48:43 -0500] "GET /opensso/namingservice HTTP/1.1" 200 7 "-" "Java/1.5.0_21" 220 183
127.0.0.1 - - [11/Dec/2015:01:49:12 -0500] "GET /opensso/namingservice HTTP/1.1" 200 7 "-" "Java/1.5.0_21" 220 183
127.0.0.1 - - [11/Dec/2015:01:49:13 -0500] "GET /opensso/namingservice HTTP/1.1" 200 7 "-" "Java/1.5.0_21" 220 183
127.0.0.1 - - [11/Dec/2015:01:49:42 -0500] "GET /opensso/namingservice HTTP/1.1" 200 7 "-" "Java/1.5.0_21" 220 183
127.0.0.1 - - [11/Dec/2015:01:49:43 -0500] "GET /opensso/namingservice HTTP/1.1" 200 7 "-" "Java/1.5.0_21" 220 183
127.0.0.1 - - [11/Dec/2015:01:50:12 -0500] "GET /opensso/namingservice HTTP/1.1" 200 7 "-" "Java/1.5.0_21" 220 183
127.0.0.1 - - [11/Dec/2015:01:50:13 -0500] "GET /opensso/namingservice HTTP/1.1" 200 7 "-" "Java/1.5.0_21" 220 183
137.78.207.218 - - [11/Dec/2015:01:50:25 -0500] "HEAD /LMMPUI/LMMP_CLIENT/LMMP.html HTTP/1.1" 200 - "-" "curl/7.38.0" 110 274
127.0.0.1 - - [11/Dec/2015:01:50:42 -0500] "GET /opensso/namingservice HTTP/1.1" 200 7 "-" "Java/1.5.0_21" 220 183
127.0.0.1 - - [11/Dec/2015:01:50:43 -0500] "GET /opensso/namingservice HTTP/1.1" 200 7 "-" "Java/1.5.0_21" 220 183
127.0.0.1 - - [11/Dec/2015:01:51:12 -0500] "GET /opensso/namingservice HTTP/1.1" 200 7 "-" "Java/1.5.0_21" 220 183
127.0.0.1 - - [11/Dec/2015:01:51:13 -0500] "GET /opensso/namingservice HTTP/1.1" 200 7 "-" "Java/1.5.0_21" 220 183
127.0.0.1 - - [11/Dec/2015:01:51:42 -0500] "GET /opensso/namingservice HTTP/1.1" 200 7 "-" "Java/1.5.0_21" 220 183
127.0.0.1 - - [11/Dec/2015:01:51:43 -0500] "GET /opensso/namingservice HTTP/1.1" 200 7 "-" "Java/1.5.0_21" 220 183
127.0.0.1 - - [11/Dec/2015:01:52:12 -0500] "GET /opensso/namingservice HTTP/1.1" 200 7 "-" "Java/1.5.0_21" 220 183
127.0.0.1 - - [11/Dec/2015:01:52:13 -0500] "GET /opensso/namingservice HTTP/1.1" 200 7 "-" "Java/1.5.0_21" 220 183
66.249.79.248 - - [11/Dec/2015:01:52:18 -0500] "GET /redmine/issues/gantt?month=9&months=6&year=1891&zoom=1 HTTP/1.1" 200 27588 "-" "Mozilla/5.0 (compatible; Googlebot/2.1; +http://www.google.com/bot.html)" 345 28277
127.0.0.1 - - [11/Dec/2015:01:52:42 -0500] "GET /opensso/namingservice HTTP/1.1" 200 7 "-" "Java/1.5.0_21" 220 183
127.0.0.1 - - [11/Dec/2015:01:52:43 -0500] "GET /opensso/namingservice HTTP/1.1" 200 7 "-" "Java/1.5.0_21" 220 183
127.0.0.1 - - [11/Dec/2015:01:53:12 -0500] "GET /opensso/namingservice HTTP/1.1" 200 7 "-" "Java/1.5.0_21" 220 183
127.0.0.1 - - [11/Dec/2015:01:53:13 -0500] "GET /opensso/namingservice HTTP/1.1" 200 7 "-" "Java/1.5.0_21" 220 183
127.0.0.1 - - [11/Dec/2015:01:53:42 -0500] "GET /opensso/namingservice HTTP/1.1" 200 7 "-" "Java/1.5.0_21" 220 183
127.0.0.1 - - [11/Dec/2015:01:53:43 -0500] "GET /opensso/namingservice HTTP/1.1" 200 7 "-" "Java/1.5.0_21" 220 183
127.0.0.1 - - [11/Dec/2015:01:54:12 -0500] "GET /opensso/namingservice HTTP/1.1" 200 7 "-" "Java/1.5.0_21" 220 183
127.0.0.1 - - [11/Dec/2015:01:54:13 -0500] "GET /opensso/namingservice HTTP/1.1" 200 7 "-" "Java/1.5.0_21" 220 183
127.0.0.1 - - [11/Dec/2015:01:54:42 -0500] "GET /opensso/namingservice HTTP/1.1" 200 7 "-" "Java/1.5.0_21" 220 183
127.0.0.1 - - [11/Dec/2015:01:54:43 -0500] "GET /opensso/namingservice HTTP/1.1" 200 7 "-" "Java/1.5.0_21" 220 183
127.0.0.1 - - [11/Dec/2015:01:55:12 -0500] "GET /opensso/namingservice HTTP/1.1" 200 7 "-" "Java/1.5.0_21" 220 183
127.0.0.1 - - [11/Dec/2015:01:55:13 -0500] "GET /opensso/namingservice HTTP/1.1" 200 7 "-" "Java/1.5.0_21" 220 183
137.78.207.218 - - [11/Dec/2015:01:55:25 -0500] "HEAD /LMMPUI/LMMP_CLIENT/LMMP.html HTTP/1.1" 200 - "-" "curl/7.38.0" 110 274
127.0.0.1 - - [11/Dec/2015:01:55:42 -0500] "GET /opensso/namingservice HTTP/1.1" 200 7 "-" "Java/1.5.0_21" 220 183
127.0.0.1 - - [11/Dec/2015:01:55:43 -0500] "GET /opensso/namingservice HTTP/1.1" 200 7 "-" "Java/1.5.0_21" 220 183
66.249.79.135 - - [11/Dec/2015:01:56:05 -0500] "GET /redmine/issues/gantt?month=7&months=6&year=2097&zoom=2 HTTP/1.1" 200 30924 "-" "Mozilla/5.0 (compatible; Googlebot/2.1; +http://www.google.com/bot.html)" 345 31614
127.0.0.1 - - [11/Dec/2015:01:56:12 -0500] "GET /opensso/namingservice HTTP/1.1" 200 7 "-" "Java/1.5.0_21" 220 183
127.0.0.1 - - [11/Dec/2015:01:56:13 -0500] "GET /opensso/namingservice HTTP/1.1" 200 7 "-" "Java/1.5.0_21" 220 183
127.0.0.1 - - [11/Dec/2015:01:56:42 -0500] "GET /opensso/namingservice HTTP/1.1" 200 7 "-" "Java/1.5.0_21" 220 183
127.0.0.1 - - [11/Dec/2015:01:56:43 -0500] "GET /opensso/namingservice HTTP/1.1" 200 7 "-" "Java/1.5.0_21" 220 183
127.0.0.1 - - [11/Dec/2015:01:57:12 -0500] "GET /opensso/namingservice HTTP/1.1" 200 7 "-" "Java/1.5.0_21" 220 183
127.0.0.1 - - [11/Dec/2015:01:57:13 -0500] "GET /opensso/namingservice HTTP/1.1" 200 7 "-" "Java/1.5.0_21" 220 183
127.0.0.1 - - [11/Dec/2015:01:57:42 -0500] "GET /opensso/namingservice HTTP/1.1" 200 7 "-" "Java/1.5.0_21" 220 183
127.0.0.1 - - [11/Dec/2015:01:57:43 -0500] "GET /opensso/namingservice HTTP/1.1" 200 7 "-" "Java/1.5.0_21" 220 183
127.0.0.1 - - [11/Dec/2015:01:58:12 -0500] "GET /opensso/namingservice HTTP/1.1" 200 7 "-" "Java/1.5.0_21" 220 183
127.0.0.1 - - [11/Dec/2015:01:58:13 -0500] "GET /opensso/namingservice HTTP/1.1" 200 7 "-" "Java/1.5.0_21" 220 183
127.0.0.1 - - [11/Dec/2015:01:58:42 -0500] "GET /opensso/namingservice HTTP/1.1" 200 7 "-" "Java/1.5.0_21" 220 183
127.0.0.1 - - [11/Dec/2015:01:58:43 -0500] "GET /opensso/namingservice HTTP/1.1" 200 7 "-" "Java/1.5.0_21" 220 183
127.0.0.1 - - [11/Dec/2015:01:59:12 -0500] "GET /opensso/namingservice HTTP/1.1" 200 7 "-" "Java/1.5.0_21" 220 183
127.0.0.1 - - [11/Dec/2015:01:59:13 -0500] "GET /opensso/namingservice HTTP/1.1" 200 7 "-" "Java/1.5.0_21" 220 183
127.0.0.1 - - [11/Dec/2015:01:59:42 -0500] "GET /opensso/namingservice HTTP/1.1" 200 7 "-" "Java/1.5.0_21" 220 183
127.0.0.1 - - [11/Dec/2015:01:59:43 -0500] "GET /opensso/namingservice HTTP/1.1" 200 7 "-" "Java/1.5.0_21" 220 183
66.249.79.241 - - [11/Dec/2015:01:59:52 -0500] "GET /redmine/issues/gantt?month=11&months=6&year=1011&zoom=1 HTTP/1.1" 200 27584 "-" "Mozilla/5.0 (compatible; Googlebot/2.1; +http://www.google.com/bot.html)" 346 28273
100.43.85.13 - - [11/Dec/2015:02:00:00 -0500] "GET /LMMPUI/LMMP_CLIENT/LMMP.html HTTP/1.1" 200 9400 "-" "Mozilla/5.0 (compatible; YandexBot/3.0; +http://yandex.com/bots)" 310 9730
141.8.143.152 - - [11/Dec/2015:02:00:03 -0500] "GET /LMMPUI/LMMP_CLIENT/LMMP.html HTTP/1.1" 200 9400 "-" "Mozilla/5.0 (compatible; YandexBot/3.0; +http://yandex.com/bots)" 310 9730
127.0.0.1 - - [11/Dec/2015:02:00:12 -0500] "GET /opensso/namingservice HTTP/1.1" 200 7 "-" "Java/1.5.0_21" 220 183
127.0.0.1 - - [11/Dec/2015:02:00:13 -0500] "GET /opensso/namingservice HTTP/1.1" 200 7 "-" "Java/1.5.0_21" 220 183
137.78.207.218 - - [11/Dec/2015:02:00:25 -0500] "HEAD /LMMPUI/LMMP_CLIENT/LMMP.html HTTP/1.1" 200 - "-" "curl/7.38.0" 110 274
127.0.0.1 - - [11/Dec/2015:02:00:42 -0500] "GET /opensso/namingservice HTTP/1.1" 200 7 "-" "Java/1.5.0_21" 220 183
127.0.0.1 - - [11/Dec/2015:02:00:43 -0500] "GET /opensso/namingservice HTTP/1.1" 200 7 "-" "Java/1.5.0_21" 220 183
127.0.0.1 - - [11/Dec/2015:02:01:12 -0500] "GET /opensso/namingservice HTTP/1.1" 200 7 "-" "Java/1.5.0_21" 220 183
127.0.0.1 - - [11/Dec/2015:02:01:13 -0500] "GET /opensso/namingservice HTTP/1.1" 200 7 "-" "Java/1.5.0_21" 220 183
127.0.0.1 - - [11/Dec/2015:02:01:42 -0500] "GET /opensso/namingservice HTTP/1.1" 200 7 "-" "Java/1.5.0_21" 220 183
127.0.0.1 - - [11/Dec/2015:02:01:43 -0500] "GET /opensso/namingservice HTTP/1.1" 200 7 "-" "Java/1.5.0_21" 220 183
127.0.0.1 - - [11/Dec/2015:02:02:12 -0500] "GET /opensso/namingservice HTTP/1.1" 200 7 "-" "Java/1.5.0_21" 220 183
127.0.0.1 - - [11/Dec/2015:02:02:13 -0500] "GET /opensso/namingservice HTTP/1.1" 200 7 "-" "Java/1.5.0_21" 220 183
127.0.0.1 - - [11/Dec/2015:02:02:42 -0500] "GET /opensso/namingservice HTTP/1.1" 200 7 "-" "Java/1.5.0_21" 220 183
127.0.0.1 - - [11/Dec/2015:02:02:43 -0500] "GET /opensso/namingservice HTTP/1.1" 200 7 "-" "Java/1.5.0_21" 220 183
127.0.0.1 - - [11/Dec/2015:02:03:12 -0500] "GET /opensso/namingservice HTTP/1.1" 200 7 "-" "Java/1.5.0_21" 220 183
127.0.0.1 - - [11/Dec/2015:02:03:13 -0500] "GET /opensso/namingservice HTTP/1.1" 200 7 "-" "Java/1.5.0_21" 220 183
66.249.79.135 - - [11/Dec/2015:02:03:39 -0500] "GET /redmine/issues/gantt?month=7&months=6&year=2444&zoom=2 HTTP/1.1" 200 30909 "-" "Mozilla/5.0 (compatible; Googlebot/2.1; +http://www.google.com/bot.html)" 345 31598
127.0.0.1 - - [11/Dec/2015:02:03:42 -0500] "GET /opensso/namingservice HTTP/1.1" 200 7 "-" "Java/1.5.0_21" 220 183
127.0.0.1 - - [11/Dec/2015:02:03:43 -0500] "GET /opensso/namingservice HTTP/1.1" 200 7 "-" "Java/1.5.0_21" 220 183
127.0.0.1 - - [11/Dec/2015:02:04:12 -0500] "GET /opensso/namingservice HTTP/1.1" 200 7 "-" "Java/1.5.0_21" 220 183
127.0.0.1 - - [11/Dec/2015:02:04:13 -0500] "GET /opensso/namingservice HTTP/1.1" 200 7 "-" "Java/1.5.0_21" 220 183
127.0.0.1 - - [11/Dec/2015:02:04:42 -0500] "GET /opensso/namingservice HTTP/1.1" 200 7 "-" "Java/1.5.0_21" 220 183
127.0.0.1 - - [11/Dec/2015:02:04:43 -0500] "GET /opensso/namingservice HTTP/1.1" 200 7 "-" "Java/1.5.0_21" 220 183
127.0.0.1 - - [11/Dec/2015:02:05:12 -0500] "GET /opensso/namingservice HTTP/1.1" 200 7 "-" "Java/1.5.0_21" 220 183
127.0.0.1 - - [11/Dec/2015:02:05:13 -0500] "GET /opensso/namingservice HTTP/1.1" 200 7 "-" "Java/1.5.0_21" 220 183
137.78.207.218 - - [11/Dec/2015:02:05:24 -0500] "HEAD /LMMPUI/LMMP_CLIENT/LMMP.html HTTP/1.1" 200 - "-" "curl/7.38.0" 110 274
127.0.0.1 - - [11/Dec/2015:02:05:42 -0500] "GET /opensso/namingservice HTTP/1.1" 200 7 "-" "Java/1.5.0_21" 220 183
127.0.0.1 - - [11/Dec/2015:02:05:43 -0500] "GET /opensso/namingservice HTTP/1.1" 200 7 "-" "Java/1.5.0_21" 220 183
127.0.0.1 - - [11/Dec/2015:02:06:12 -0500] "GET /opensso/namingservice HTTP/1.1" 200 7 "-" "Java/1.5.0_21" 220 183
127.0.0.1 - - [11/Dec/2015:02:06:13 -0500] "GET /opensso/namingservice HTTP/1.1" 200 7 "-" "Java/1.5.0_21" 220 183
127.0.0.1 - - [11/Dec/2015:02:06:42 -0500] "GET /opensso/namingservice HTTP/1.1" 200 7 "-" "Java/1.5.0_21" 220 183
127.0.0.1 - - [11/Dec/2015:02:06:43 -0500] "GET /opensso/namingservice HTTP/1.1" 200 7 "-" "Java/1.5.0_21" 220 183
127.0.0.1 - - [11/Dec/2015:02:07:12 -0500] "GET /opensso/namingservice HTTP/1.1" 200 7 "-" "Java/1.5.0_21" 220 183
127.0.0.1 - - [11/Dec/2015:02:07:13 -0500] "GET /opensso/namingservice HTTP/1.1" 200 7 "-" "Java/1.5.0_21" 220 183
66.249.79.241 - - [11/Dec/2015:02:07:26 -0500] "GET /redmine/issues/gantt?month=8&months=6&year=2333&zoom=2 HTTP/1.1" 200 30907 "-" "Mozilla/5.0 (compatible; Googlebot/2.1; +http://www.google.com/bot.html)" 345 31596
127.0.0.1 - - [11/Dec/2015:02:07:42 -0500] "GET /opensso/namingservice HTTP/1.1" 200 7 "-" "Java/1.5.0_21" 220 183
127.0.0.1 - - [11/Dec/2015:02:07:43 -0500] "GET /opensso/namingservice HTTP/1.1" 200 7 "-" "Java/1.5.0_21" 220 183
127.0.0.1 - - [11/Dec/2015:02:08:12 -0500] "GET /opensso/namingservice HTTP/1.1" 200 7 "-" "Java/1.5.0_21" 220 183
127.0.0.1 - - [11/Dec/2015:02:08:13 -0500] "GET /opensso/namingservice HTTP/1.1" 200 7 "-" "Java/1.5.0_21" 220 183
127.0.0.1 - - [11/Dec/2015:02:08:42 -0500] "GET /opensso/namingservice HTTP/1.1" 200 7 "-" "Java/1.5.0_21" 220 183
127.0.0.1 - - [11/Dec/2015:02:08:43 -0500] "GET /opensso/namingservice HTTP/1.1" 200 7 "-" "Java/1.5.0_21" 220 183
127.0.0.1 - - [11/Dec/2015:02:09:12 -0500] "GET /opensso/namingservice HTTP/1.1" 200 7 "-" "Java/1.5.0_21" 220 183
127.0.0.1 - - [11/Dec/2015:02:09:13 -0500] "GET /opensso/namingservice HTTP/1.1" 200 7 "-" "Java/1.5.0_21" 220 183
127.0.0.1 - - [11/Dec/2015:02:09:42 -0500] "GET /opensso/namingservice HTTP/1.1" 200 7 "-" "Java/1.5.0_21" 220 183
127.0.0.1 - - [11/Dec/2015:02:09:43 -0500] "GET /opensso/namingservice HTTP/1.1" 200 7 "-" "Java/1.5.0_21" 220 183
127.0.0.1 - - [11/Dec/2015:02:10:12 -0500] "GET /opensso/namingservice HTTP/1.1" 200 7 "-" "Java/1.5.0_21" 220 183
127.0.0.1 - - [11/Dec/2015:02:10:13 -0500] "GET /opensso/namingservice HTTP/1.1" 200 7 "-" "Java/1.5.0_21" 220 183
137.78.207.218 - - [11/Dec/2015:02:10:25 -0500] "HEAD /LMMPUI/LMMP_CLIENT/LMMP.html HTTP/1.1" 200 - "-" "curl/7.38.0" 110 274
127.0.0.1 - - [11/Dec/2015:02:10:42 -0500] "GET /opensso/namingservice HTTP/1.1" 200 7 "-" "Java/1.5.0_21" 220 183
127.0.0.1 - - [11/Dec/2015:02:10:43 -0500] "GET /opensso/namingservice HTTP/1.1" 200 7 "-" "Java/1.5.0_21" 220 183
127.0.0.1 - - [11/Dec/2015:02:11:12 -0500] "GET /opensso/namingservice HTTP/1.1" 200 7 "-" "Java/1.5.0_21" 220 183
127.0.0.1 - - [11/Dec/2015:02:11:13 -0500] "GET /opensso/namingservice HTTP/1.1" 200 7 "-" "Java/1.5.0_21" 220 183
66.249.79.241 - - [11/Dec/2015:02:11:13 -0500] "GET /redmine/issues/gantt?month=2&months=6&year=1891&zoom=2 HTTP/1.1" 200 30884 "-" "Mozilla/5.0 (compatible; Googlebot/2.1; +http://www.google.com/bot.html)" 345 31573
127.0.0.1 - - [11/Dec/2015:02:11:42 -0500] "GET /opensso/namingservice HTTP/1.1" 200 7 "-" "Java/1.5.0_21" 220 183
127.0.0.1 - - [11/Dec/2015:02:11:43 -0500] "GET /opensso/namingservice HTTP/1.1" 200 7 "-" "Java/1.5.0_21" 220 183
119.147.225.234 - - [11/Dec/2015:02:12:05 -0500] "GET /redmine/projects/lmmpwiki/wiki HTTP/1.1" 200 9756 "-" "Mozilla/5.0 (Linux; U; Android 4.3; zh-CN; SCH-N719 Build/JSS15J) AppleWebKit/533.1 (KHTML, like Gecko) Version/4.0 UCBrowser/9.9.5.489 U3/0.8.0 Mobile Safari/533.1" 569 10236
119.147.225.234 - - [11/Dec/2015:02:12:06 -0500] "GET /redmine/themes/basecamp/stylesheets/application.css?1296725292 HTTP/1.1" 200 6116 "http://pub.lmmp.nasa.gov/redmine/projects/lmmpwiki/wiki" "Mozilla/5.0 (Linux; U; Android 4.3; zh-CN; SCH-N719 Build/JSS15J) AppleWebKit/533.1 (KHTML, like Gecko) Version/4.0 UCBrowser/9.9.5.489 U3/0.8.0 Mobile Safari/533.1" 756 6350
119.147.225.234 - - [11/Dec/2015:02:12:06 -0500] "GET /redmine/stylesheets/jstoolbar.css?1296684278 HTTP/1.1" 200 1937 "http://pub.lmmp.nasa.gov/redmine/projects/lmmpwiki/wiki" "Mozilla/5.0 (Linux; U; Android 4.3; zh-CN; SCH-N719 Build/JSS15J) AppleWebKit/533.1 (KHTML, like Gecko) Version/4.0 UCBrowser/9.9.5.489 U3/0.8.0 Mobile Safari/533.1" 738 2170
119.147.225.234 - - [11/Dec/2015:02:12:06 -0500] "GET /redmine/javascripts/application.js?1296684277 HTTP/1.1" 200 7727 "http://pub.lmmp.nasa.gov/redmine/projects/lmmpwiki/wiki" "Mozilla/5.0 (Linux; U; Android 4.3; zh-CN; SCH-N719 Build/JSS15J) AppleWebKit/533.1 (KHTML, like Gecko) Version/4.0 UCBrowser/9.9.5.489 U3/0.8.0 Mobile Safari/533.1" 724 7968
119.147.225.234 - - [11/Dec/2015:02:12:06 -0500] "GET /redmine/stylesheets/scm.css?1296684278 HTTP/1.1" 200 6947 "http://pub.lmmp.nasa.gov/redmine/projects/lmmpwiki/wiki" "Mozilla/5.0 (Linux; U; Android 4.3; zh-CN; SCH-N719 Build/JSS15J) AppleWebKit/533.1 (KHTML, like Gecko) Version/4.0 UCBrowser/9.9.5.489 U3/0.8.0 Mobile Safari/533.1" 732 7181
119.147.225.234 - - [11/Dec/2015:02:12:06 -0500] "GET /redmine/images/jstoolbar/bt_strong.png HTTP/1.1" 200 244 "http://pub.lmmp.nasa.gov/redmine/projects/lmmpwiki/wiki" "Mozilla/5.0 (Linux; U; Android 4.3; zh-CN; SCH-N719 Build/JSS15J) AppleWebKit/533.1 (KHTML, like Gecko) Version/4.0 UCBrowser/9.9.5.489 U3/0.8.0 Mobile Safari/533.1" 644 475
119.147.225.234 - - [11/Dec/2015:02:12:06 -0500] "GET /redmine/images/jstoolbar/bt_del.png HTTP/1.1" 200 252 "http://pub.lmmp.nasa.gov/redmine/projects/lmmpwiki/wiki" "Mozilla/5.0 (Linux; U; Android 4.3; zh-CN; SCH-N719 Build/JSS15J) AppleWebKit/533.1 (KHTML, like Gecko) Version/4.0 UCBrowser/9.9.5.489 U3/0.8.0 Mobile Safari/533.1" 641 484
119.147.225.234 - - [11/Dec/2015:02:12:06 -0500] "GET /redmine/images/jstoolbar/bt_em.png HTTP/1.1" 200 197 "http://pub.lmmp.nasa.gov/redmine/projects/lmmpwiki/wiki" "Mozilla/5.0 (Linux; U; Android 4.3; zh-CN; SCH-N719 Build/JSS15J) AppleWebKit/533.1 (KHTML, like Gecko) Version/4.0 UCBrowser/9.9.5.489 U3/0.8.0 Mobile Safari/533.1" 640 429
119.147.225.234 - - [11/Dec/2015:02:12:06 -0500] "GET /redmine/images/jstoolbar/bt_ins.png HTTP/1.1" 200 937 "http://pub.lmmp.nasa.gov/redmine/projects/lmmpwiki/wiki" "Mozilla/5.0 (Linux; U; Android 4.3; zh-CN; SCH-N719 Build/JSS15J) AppleWebKit/533.1 (KHTML, like Gecko) Version/4.0 UCBrowser/9.9.5.489 U3/0.8.0 Mobile Safari/533.1" 641 1170
119.147.225.234 - - [11/Dec/2015:02:12:06 -0500] "GET /redmine/images/jstoolbar/bt_h2.png HTTP/1.1" 200 252 "http://pub.lmmp.nasa.gov/redmine/projects/lmmpwiki/wiki" "Mozilla/5.0 (Linux; U; Android 4.3; zh-CN; SCH-N719 Build/JSS15J) AppleWebKit/533.1 (KHTML, like Gecko) Version/4.0 UCBrowser/9.9.5.489 U3/0.8.0 Mobile Safari/533.1" 640 484
119.147.225.234 - - [11/Dec/2015:02:12:07 -0500] "GET /redmine/images/jstoolbar/bt_h1.png HTTP/1.1" 200 247 "http://pub.lmmp.nasa.gov/redmine/projects/lmmpwiki/wiki" "Mozilla/5.0 (Linux; U; Android 4.3; zh-CN; SCH-N719 Build/JSS15J) AppleWebKit/533.1 (KHTML, like Gecko) Version/4.0 UCBrowser/9.9.5.489 U3/0.8.0 Mobile Safari/533.1" 640 479
119.147.225.234 - - [11/Dec/2015:02:12:08 -0500] "GET /redmine/images/jstoolbar/bt_ul.png HTTP/1.1" 200 249 "http://pub.lmmp.nasa.gov/redmine/projects/lmmpwiki/wiki" "Mozilla/5.0 (Linux; U; Android 4.3; zh-CN; SCH-N719 Build/JSS15J) AppleWebKit/533.1 (KHTML, like Gecko) Version/4.0 UCBrowser/9.9.5.489 U3/0.8.0 Mobile Safari/533.1" 640 481
119.147.225.234 - - [11/Dec/2015:02:12:08 -0500] "GET /redmine/images/jstoolbar/bt_ol.png HTTP/1.1" 200 248 "http://pub.lmmp.nasa.gov/redmine/projects/lmmpwiki/wiki" "Mozilla/5.0 (Linux; U; Android 4.3; zh-CN; SCH-N719 Build/JSS15J) AppleWebKit/533.1 (KHTML, like Gecko) Version/4.0 UCBrowser/9.9.5.489 U3/0.8.0 Mobile Safari/533.1" 640 480
119.147.225.234 - - [11/Dec/2015:02:12:09 -0500] "GET /redmine/images/jstoolbar/bt_pre.png HTTP/1.1" 200 918 "http://pub.lmmp.nasa.gov/redmine/projects/lmmpwiki/wiki" "Mozilla/5.0 (Linux; U; Android 4.3; zh-CN; SCH-N719 Build/JSS15J) AppleWebKit/533.1 (KHTML, like Gecko) Version/4.0 UCBrowser/9.9.5.489 U3/0.8.0 Mobile Safari/533.1" 641 1151
119.147.225.234 - - [11/Dec/2015:02:12:09 -0500] "GET /redmine/images/jstoolbar/bt_img.png HTTP/1.1" 200 1027 "http://pub.lmmp.nasa.gov/redmine/projects/lmmpwiki/wiki" "Mozilla/5.0 (Linux; U; Android 4.3; zh-CN; SCH-N719 Build/JSS15J) AppleWebKit/533.1 (KHTML, like Gecko) Version/4.0 UCBrowser/9.9.5.489 U3/0.8.0 Mobile Safari/533.1" 641 1261
119.147.225.234 - - [11/Dec/2015:02:12:09 -0500] "GET /redmine/images/bullet_orange.png HTTP/1.1" 200 268 "http://pub.lmmp.nasa.gov/redmine/projects/lmmpwiki/wiki" "Mozilla/5.0 (Linux; U; Android 4.3; zh-CN; SCH-N719 Build/JSS15J) AppleWebKit/533.1 (KHTML, like Gecko) Version/4.0 UCBrowser/9.9.5.489 U3/0.8.0 Mobile Safari/533.1" 638 501
119.147.225.234 - - [11/Dec/2015:02:12:09 -0500] "GET /redmine/images/folder_open_orange.png HTTP/1.1" 200 403 "http://pub.lmmp.nasa.gov/redmine/projects/lmmpwiki/wiki" "Mozilla/5.0 (Linux; U; Android 4.3; zh-CN; SCH-N719 Build/JSS15J) AppleWebKit/533.1 (KHTML, like Gecko) Version/4.0 UCBrowser/9.9.5.489 U3/0.8.0 Mobile Safari/533.1" 643 636
119.147.225.234 - - [11/Dec/2015:02:12:09 -0500] "GET /redmine/images/bullet_black.png HTTP/1.1" 200 171 "http://pub.lmmp.nasa.gov/redmine/projects/lmmpwiki/wiki" "Mozilla/5.0 (Linux; U; Android 4.3; zh-CN; SCH-N719 Build/JSS15J) AppleWebKit/533.1 (KHTML, like Gecko) Version/4.0 UCBrowser/9.9.5.489 U3/0.8.0 Mobile Safari/533.1" 637 402
119.147.225.234 - - [11/Dec/2015:02:12:10 -0500] "GET /redmine/images/jstoolbar/bt_code.png HTTP/1.1" 200 927 "http://pub.lmmp.nasa.gov/redmine/projects/lmmpwiki/wiki" "Mozilla/5.0 (Linux; U; Android 4.3; zh-CN; SCH-N719 Build/JSS15J) AppleWebKit/533.1 (KHTML, like Gecko) Version/4.0 UCBrowser/9.9.5.489 U3/0.8.0 Mobile Safari/533.1" 642 1160
119.147.225.234 - - [11/Dec/2015:02:12:10 -0500] "GET /redmine/images/jstoolbar/bt_link.png HTTP/1.1" 200 293 "http://pub.lmmp.nasa.gov/redmine/projects/lmmpwiki/wiki" "Mozilla/5.0 (Linux; U; Android 4.3; zh-CN; SCH-N719 Build/JSS15J) AppleWebKit/533.1 (KHTML, like Gecko) Version/4.0 UCBrowser/9.9.5.489 U3/0.8.0 Mobile Safari/533.1" 642 526
119.147.225.234 - - [11/Dec/2015:02:12:10 -0500] "GET /redmine/images/jstoolbar/bt_h3.png HTTP/1.1" 200 261 "http://pub.lmmp.nasa.gov/redmine/projects/lmmpwiki/wiki" "Mozilla/5.0 (Linux; U; Android 4.3; zh-CN; SCH-N719 Build/JSS15J) AppleWebKit/533.1 (KHTML, like Gecko) Version/4.0 UCBrowser/9.9.5.489 U3/0.8.0 Mobile Safari/533.1" 640 494
119.147.225.234 - - [11/Dec/2015:02:12:10 -0500] "GET /redmine/images/folder_open.png HTTP/1.1" 200 973 "http://pub.lmmp.nasa.gov/redmine/projects/lmmpwiki/wiki" "Mozilla/5.0 (Linux; U; Android 4.3; zh-CN; SCH-N719 Build/JSS15J) AppleWebKit/533.1 (KHTML, like Gecko) Version/4.0 UCBrowser/9.9.5.489 U3/0.8.0 Mobile Safari/533.1" 636 1206
119.147.225.234 - - [11/Dec/2015:02:12:10 -0500] "GET /redmine/images/bullet_add.png HTTP/1.1" 200 233 "http://pub.lmmp.nasa.gov/redmine/projects/lmmpwiki/wiki" "Mozilla/5.0 (Linux; U; Android 4.3; zh-CN; SCH-N719 Build/JSS15J) AppleWebKit/533.1 (KHTML, like Gecko) Version/4.0 UCBrowser/9.9.5.489 U3/0.8.0 Mobile Safari/533.1" 635 465
119.147.225.234 - - [11/Dec/2015:02:12:10 -0500] "GET /redmine/images/bullet_delete.png HTTP/1.1" 200 255 "http://pub.lmmp.nasa.gov/redmine/projects/lmmpwiki/wiki" "Mozilla/5.0 (Linux; U; Android 4.3; zh-CN; SCH-N719 Build/JSS15J) AppleWebKit/533.1 (KHTML, like Gecko) Version/4.0 UCBrowser/9.9.5.489 U3/0.8.0 Mobile Safari/533.1" 638 487
119.147.225.234 - - [11/Dec/2015:02:12:10 -0500] "GET /redmine/images/bullet_purple.png HTTP/1.1" 200 244 "http://pub.lmmp.nasa.gov/redmine/projects/lmmpwiki/wiki" "Mozilla/5.0 (Linux; U; Android 4.3; zh-CN; SCH-N719 Build/JSS15J) AppleWebKit/533.1 (KHTML, like Gecko) Version/4.0 UCBrowser/9.9.5.489 U3/0.8.0 Mobile Safari/533.1" 638 476
119.147.225.234 - - [11/Dec/2015:02:12:06 -0500] "GET /redmine/stylesheets/application.css HTTP/1.1" 200 35743 "http://pub.lmmp.nasa.gov/redmine/themes/basecamp/stylesheets/application.css?1296725292" "Mozilla/5.0 (Linux; U; Android 4.3; zh-CN; SCH-N719 Build/JSS15J) AppleWebKit/533.1 (KHTML, like Gecko) Version/4.0 UCBrowser/9.9.5.489 U3/0.8.0 Mobile Safari/533.1" 766 35977
119.147.225.234 - - [11/Dec/2015:02:12:06 -0500] "GET /redmine/javascripts/prototype.js?1296684278 HTTP/1.1" 200 119793 "http://pub.lmmp.nasa.gov/redmine/projects/lmmpwiki/wiki" "Mozilla/5.0 (Linux; U; Android 4.3; zh-CN; SCH-N719 Build/JSS15J) AppleWebKit/533.1 (KHTML, like Gecko) Version/4.0 UCBrowser/9.9.5.489 U3/0.8.0 Mobile Safari/533.1" 722 119697
119.147.225.234 - - [11/Dec/2015:02:12:10 -0500] "GET /redmine/themes/basecamp/stylesheets/background.jpg HTTP/1.1" 200 69719 "http://pub.lmmp.nasa.gov/redmine/projects/lmmpwiki/wiki" "Mozilla/5.0 (Linux; U; Android 4.3; zh-CN; SCH-N719 Build/JSS15J) AppleWebKit/533.1 (KHTML, like Gecko) Version/4.0 UCBrowser/9.9.5.489 U3/0.8.0 Mobile Safari/533.1" 656 69957
127.0.0.1 - - [11/Dec/2015:02:12:12 -0500] "GET /opensso/namingservice HTTP/1.1" 200 7 "-" "Java/1.5.0_21" 220 183
119.147.225.234 - - [11/Dec/2015:02:12:10 -0500] "GET /redmine/javascripts/effects.js?1296684277 HTTP/1.1" 200 15795 "http://pub.lmmp.nasa.gov/redmine/projects/lmmpwiki/wiki" "Mozilla/5.0 (Linux; U; Android 4.3; zh-CN; SCH-N719 Build/JSS15J) AppleWebKit/533.1 (KHTML, like Gecko) Version/4.0 UCBrowser/9.9.5.489 U3/0.8.0 Mobile Safari/533.1" 720 14600
127.0.0.1 - - [11/Dec/2015:02:12:13 -0500] "GET /opensso/namingservice HTTP/1.1" 200 7 "-" "Java/1.5.0_21" 220 183
119.147.225.234 - - [11/Dec/2015:02:12:15 -0500] "GET /redmine/images/jstoolbar/bt_bq_remove.png HTTP/1.1" 200 379 "http://pub.lmmp.nasa.gov/redmine/projects/lmmpwiki/wiki" "Mozilla/5.0 (Linux; U; Android 4.3; zh-CN; SCH-N719 Build/JSS15J) AppleWebKit/533.1 (KHTML, like Gecko) Version/4.0 UCBrowser/9.9.5.489 U3/0.8.0 Mobile Safari/533.1" 647 612
119.147.225.234 - - [11/Dec/2015:02:12:28 -0500] "GET /redmine/images/folder_open_add.png HTTP/1.1" 200 375 "http://pub.lmmp.nasa.gov/redmine/projects/lmmpwiki/wiki" "Mozilla/5.0 (Linux; U; Android 4.3; zh-CN; SCH-N719 Build/JSS15J) AppleWebKit/533.1 (KHTML, like Gecko) Version/4.0 UCBrowser/9.9.5.489 U3/0.8.0 Mobile Safari/533.1" 640 608
119.147.225.234 - - [11/Dec/2015:02:12:28 -0500] "GET /redmine/images/bullet_blue.png HTTP/1.1" 200 241 "http://pub.lmmp.nasa.gov/redmine/projects/lmmpwiki/wiki" "Mozilla/5.0 (Linux; U; Android 4.3; zh-CN; SCH-N719 Build/JSS15J) AppleWebKit/533.1 (KHTML, like Gecko) Version/4.0 UCBrowser/9.9.5.489 U3/0.8.0 Mobile Safari/533.1" 636 473
119.147.225.234 - - [11/Dec/2015:02:12:27 -0500] "GET /redmine/javascripts/controls.js?1296684277 HTTP/1.1" 200 15795 "http://pub.lmmp.nasa.gov/redmine/projects/lmmpwiki/wiki" "Mozilla/5.0 (Linux; U; Android 4.3; zh-CN; SCH-N719 Build/JSS15J) AppleWebKit/533.1 (KHTML, like Gecko) Version/4.0 UCBrowser/9.9.5.489 U3/0.8.0 Mobile Safari/533.1" 721 14600
127.0.0.1 - - [11/Dec/2015:02:12:42 -0500] "GET /opensso/namingservice HTTP/1.1" 200 7 "-" "Java/1.5.0_21" 220 183
127.0.0.1 - - [11/Dec/2015:02:12:43 -0500] "GET /opensso/namingservice HTTP/1.1" 200 7 "-" "Java/1.5.0_21" 220 183
127.0.0.1 - - [11/Dec/2015:02:13:12 -0500] "GET /opensso/namingservice HTTP/1.1" 200 7 "-" "Java/1.5.0_21" 220 183
127.0.0.1 - - [11/Dec/2015:02:13:13 -0500] "GET /opensso/namingservice HTTP/1.1" 200 7 "-" "Java/1.5.0_21" 220 183
127.0.0.1 - - [11/Dec/2015:02:13:42 -0500] "GET /opensso/namingservice HTTP/1.1" 200 7 "-" "Java/1.5.0_21" 220 183
127.0.0.1 - - [11/Dec/2015:02:13:43 -0500] "GET /opensso/namingservice HTTP/1.1" 200 7 "-" "Java/1.5.0_21" 220 183
127.0.0.1 - - [11/Dec/2015:02:14:12 -0500] "GET /opensso/namingservice HTTP/1.1" 200 7 "-" "Java/1.5.0_21" 220 183
84.0.233.4 - - [11/Dec/2015:02:13:50 -0500] "GET /arcgis/rest/services/CombinedNomenclature/MapServer?f=json HTTP/1.1" 200 801 "-" "ArcGIS.Android-10.2.3/5.0.2/SAMSUNG-SM-G530FZ" 207 1098
127.0.0.1 - - [11/Dec/2015:02:14:13 -0500] "GET /opensso/namingservice HTTP/1.1" 200 7 "-" "Java/1.5.0_21" 220 183
84.0.233.4 - - [11/Dec/2015:02:14:13 -0500] "GET /arcgis/rest/services/CombinedNomenclature/MapServer/export?f=image&bbox=77.02767573979841%2C-91.1270961891756%2C163.01848893775912%2C61.67196418566226&bboxSR=104903&size=520%2C924&format=png&transparent=true&dpi=213&imageSR=104903&layers=hide%3A-1 HTTP/1.1" 200 363 "-" "ArcGIS.Android-10.2.3/5.0.2/SAMSUNG-SM-G530FZ" 396 650
84.0.233.4 - - [11/Dec/2015:02:14:16 -0500] "GET /arcgis/rest/services/CombinedNomenclature/MapServer/export?f=image&bbox=130.12356316468697%2C-42.90874536903966%2C141.1877050117567%2C-23.248616394631135&bboxSR=104903&size=520%2C924&format=png&transparent=true&dpi=213&imageSR=104903&layers=hide%3A-1 HTTP/1.1" 200 3460 "-" "ArcGIS.Android-10.2.3/5.0.2/SAMSUNG-SM-G530FZ" 399 3747
84.0.233.4 - - [11/Dec/2015:02:14:17 -0500] "GET /arcgis/rest/services/CombinedNomenclature/MapServer/export?f=image&bbox=100.21676546984102%2C-72.30163842994469%2C150.50083754613644%2C17.04928964408792&bboxSR=104903&size=520%2C924&format=png&transparent=true&dpi=213&imageSR=104903&layers=hide%3A-1 HTTP/1.1" 200 3345 "-" "ArcGIS.Android-10.2.3/5.0.2/SAMSUNG-SM-G530FZ" 398 3632
84.0.233.4 - - [11/Dec/2015:02:14:18 -0500] "GET /arcgis/rest/services/CombinedNomenclature/MapServer/export?f=image&bbox=40.890785483966596%2C-139.64047699110304%2C172.98924843341118%2C95.08833024983312&bboxSR=104903&size=520%2C924&format=png&transparent=true&dpi=213&imageSR=104903&layers=hide%3A-1 HTTP/1.1" 200 363 "-" "ArcGIS.Android-10.2.3/5.0.2/SAMSUNG-SM-G530FZ" 399 651
84.0.233.4 - - [11/Dec/2015:02:14:25 -0500] "GET /arcgis/rest/services/CombinedNomenclature/MapServer/export?f=image&bbox=-13.929875743489013%2C-66.49057253188457%2C47.599524462668775%2C42.84243860367273&bboxSR=104903&size=520%2C924&format=png&transparent=true&dpi=213&imageSR=104903&layers=hide%3A-1 HTTP/1.1" 200 7922 "-" "ArcGIS.Android-10.2.3/5.0.2/SAMSUNG-SM-G530FZ" 399 8211
84.0.233.4 - - [11/Dec/2015:02:14:14 -0500] "GET /arcgis/rest/services/CombinedNomenclature/MapServer/export?f=image&bbox=119.54912492556173%2C-54.85500322453664%2C145.8624723070295%2C-8.09820903131314&bboxSR=104903&size=520%2C924&format=png&transparent=true&dpi=213&imageSR=104903&layers=hide%3A-1 HTTP/1.1" 200 363 "-" "ArcGIS.Android-10.2.3/5.0.2/SAMSUNG-SM-G530FZ" 397 652
84.0.233.4 - - [11/Dec/2015:02:14:27 -0500] "GET /arcgis/rest/services/CombinedNomenclature/MapServer/export?f=image&bbox=23.07919533695612%2C-26.035094618318006%2C84.6085955431139%2C83.29791651723929&bboxSR=104903&size=520%2C924&format=png&transparent=true&dpi=213&imageSR=104903&layers=hide%3A-1 HTTP/1.1" 200 7628 "-" "ArcGIS.Android-10.2.3/5.0.2/SAMSUNG-SM-G530FZ" 396 7915
84.0.233.4 - - [11/Dec/2015:02:14:27 -0500] "GET /arcgis/rest/services/CombinedNomenclature/MapServer/export?f=image&bbox=37.392633619894596%2C-5.954505190566238%2C80.00337415795398%2C69.76150299629313&bboxSR=104903&size=520%2C924&format=png&transparent=true&dpi=213&imageSR=104903&layers=hide%3A-1 HTTP/1.1" 200 3412 "-" "ArcGIS.Android-10.2.3/5.0.2/SAMSUNG-SM-G530FZ" 397 3699
84.0.233.4 - - [11/Dec/2015:02:14:29 -0500] "GET /arcgis/rest/services/CombinedNomenclature/MapServer/export?f=image&bbox=54.021302511285626%2C18.307179812900994%2C73.7782303677335%2C53.4137208501276&bboxSR=104903&size=520%2C924&format=png&transparent=true&dpi=213&imageSR=104903&layers=hide%3A-1 HTTP/1.1" 200 363 "-" "ArcGIS.Android-10.2.3/5.0.2/SAMSUNG-SM-G530FZ" 395 649
84.0.233.4 - - [11/Dec/2015:02:14:30 -0500] "GET /arcgis/rest/services/CombinedNomenclature/MapServer/export?f=image&bbox=51.70560478087221%2C41.136177532257335%2C71.46253263732008%2C76.24271856948394&bboxSR=104903&size=520%2C924&format=png&transparent=true&dpi=213&imageSR=104903&layers=hide%3A-1 HTTP/1.1" 200 363 "-" "ArcGIS.Android-10.2.3/5.0.2/SAMSUNG-SM-G530FZ" 396 650
84.0.233.4 - - [11/Dec/2015:02:14:32 -0500] "GET /arcgis/rest/services/CombinedNomenclature/MapServer/export?f=image&bbox=60.241961279322396%2C49.33214482601752%2C67.53255417657414%2C62.286967589595605&bboxSR=104903&size=520%2C924&format=png&transparent=true&dpi=213&imageSR=104903&layers=hide%3A-1 HTTP/1.1" 200 363 "-" "ArcGIS.Android-10.2.3/5.0.2/SAMSUNG-SM-G530FZ" 397 651
84.0.233.4 - - [11/Dec/2015:02:14:32 -0500] "GET /arcgis/rest/services/CombinedNomenclature/MapServer/export?f=image&bbox=59.27100635683051%2C48.705069771908114%2C66.56159925408224%2C61.65989253548619&bboxSR=104903&size=520%2C924&format=png&transparent=true&dpi=213&imageSR=104903&layers=hide%3A-1 HTTP/1.1" 200 363 "-" "ArcGIS.Android-10.2.3/5.0.2/SAMSUNG-SM-G530FZ" 396 649
84.0.233.4 - - [11/Dec/2015:02:14:33 -0500] "GET /arcgis/rest/services/CombinedNomenclature/MapServer/export?f=image&bbox=64.33879117874989%2C52.931894075240216%2C71.62938407600163%2C65.8867168388183&bboxSR=104903&size=520%2C924&format=png&transparent=true&dpi=213&imageSR=104903&layers=hide%3A-1 HTTP/1.1" 200 3777 "-" "ArcGIS.Android-10.2.3/5.0.2/SAMSUNG-SM-G530FZ" 395 4064
84.0.233.4 - - [11/Dec/2015:02:14:36 -0500] "GET /arcgis/rest/services/CombinedNomenclature/MapServer/export?f=image&bbox=60.09700560077788%2C48.51355683307594%2C73.60718335186732%2C72.52010345231949&bboxSR=104903&size=520%2C924&format=png&transparent=true&dpi=213&imageSR=104903&layers=hide%3A-1 HTTP/1.1" 200 363 "-" "ArcGIS.Android-10.2.3/5.0.2/SAMSUNG-SM-G530FZ" 395 650
84.0.233.4 - - [11/Dec/2015:02:14:38 -0500] "GET /arcgis/rest/services/CombinedNomenclature/MapServer/export?f=image&bbox=42.59153892946712%2C32.44374202539873%2C79.14738564451511%2C97.40066964983015&bboxSR=104903&size=520%2C924&format=png&transparent=true&dpi=213&imageSR=104903&layers=hide%3A-1 HTTP/1.1" 200 363 "-" "ArcGIS.Android-10.2.3/5.0.2/SAMSUNG-SM-G530FZ" 395 649
84.0.233.4 - - [11/Dec/2015:02:14:40 -0500] "GET /arcgis/rest/services/CombinedNomenclature/MapServer/export?f=image&bbox=50.29995986389605%2C25.546733820909758%2C86.85580657894403%2C90.50366144534118&bboxSR=104903&size=520%2C924&format=png&transparent=true&dpi=213&imageSR=104903&layers=hide%3A-1 HTTP/1.1" 200 363 "-" "ArcGIS.Android-10.2.3/5.0.2/SAMSUNG-SM-G530FZ" 396 650
127.0.0.1 - - [11/Dec/2015:02:14:42 -0500] "GET /opensso/namingservice HTTP/1.1" 200 7 "-" "Java/1.5.0_21" 220 183
84.0.233.4 - - [11/Dec/2015:02:14:41 -0500] "GET /arcgis/rest/services/CombinedNomenclature/MapServer/export?f=image&bbox=56.554599657182735%2C16.621193791571088%2C93.11044637223071%2C81.5781214160025&bboxSR=104903&size=520%2C924&format=png&transparent=true&dpi=213&imageSR=104903&layers=hide%3A-1 HTTP/1.1" 200 363 "-" "ArcGIS.Android-10.2.3/5.0.2/SAMSUNG-SM-G530FZ" 396 649
127.0.0.1 - - [11/Dec/2015:02:14:43 -0500] "GET /opensso/namingservice HTTP/1.1" 200 7 "-" "Java/1.5.0_21" 220 183
84.0.233.4 - - [11/Dec/2015:02:14:43 -0500] "GET /arcgis/rest/services/CombinedNomenclature/MapServer/export?f=image&bbox=82.73835574114923%2C41.207313420402244%2C97.08959351005174%2C66.70835899437516&bboxSR=104903&size=520%2C924&format=png&transparent=true&dpi=213&imageSR=104903&layers=hide%3A-1 HTTP/1.1" 200 3050 "-" "ArcGIS.Android-10.2.3/5.0.2/SAMSUNG-SM-G530FZ" 396 3338
84.0.233.4 - - [11/Dec/2015:02:14:44 -0500] "GET /arcgis/rest/services/CombinedNomenclature/MapServer/export?f=image&bbox=79.24948366548927%2C45.79207019770706%2C93.60072143439177%2C71.29311577167998&bboxSR=104903&size=520%2C924&format=png&transparent=true&dpi=213&imageSR=104903&layers=hide%3A-1 HTTP/1.1" 200 4515 "-" "ArcGIS.Android-10.2.3/5.0.2/SAMSUNG-SM-G530FZ" 395 4804
84.0.233.4 - - [11/Dec/2015:02:14:47 -0500] "GET /arcgis/rest/services/CombinedNomenclature/MapServer/export?f=image&bbox=75.69098844156655%2C41.74747265454347%2C90.04222621046905%2C67.24851822851639&bboxSR=104903&size=520%2C924&format=png&transparent=true&dpi=213&imageSR=104903&layers=hide%3A-1 HTTP/1.1" 200 5075 "-" "ArcGIS.Android-10.2.3/5.0.2/SAMSUNG-SM-G530FZ" 395 5364
84.0.233.4 - - [11/Dec/2015:02:14:48 -0500] "GET /arcgis/rest/services/CombinedNomenclature/MapServer/export?f=image&bbox=81.47652266103748%2C48.04424939126389%2C85.72145746197191%2C55.58717199907815&bboxSR=104903&size=520%2C924&format=png&transparent=true&dpi=213&imageSR=104903&layers=hide%3A-1 HTTP/1.1" 200 363 "-" "ArcGIS.Android-10.2.3/5.0.2/SAMSUNG-SM-G530FZ" 395 652
84.0.233.4 - - [11/Dec/2015:02:14:50 -0500] "GET /arcgis/rest/services/CombinedNomenclature/MapServer/export?f=image&bbox=79.33243476972581%2C45.97877891894084%2C83.57736957066024%2C53.5217015267551&bboxSR=104903&size=520%2C924&format=png&transparent=true&dpi=213&imageSR=104903&layers=hide%3A-1 HTTP/1.1" 200 363 "-" "ArcGIS.Android-10.2.3/5.0.2/SAMSUNG-SM-G530FZ" 394 650
84.0.233.4 - - [11/Dec/2015:02:14:51 -0500] "GET /arcgis/rest/services/CombinedNomenclature/MapServer/export?f=image&bbox=71.48671458112142%2C37.96152487153252%2C86.85188096264356%2C65.26424359562186&bboxSR=104903&size=520%2C924&format=png&transparent=true&dpi=213&imageSR=104903&layers=hide%3A-1 HTTP/1.1" 200 5124 "-" "ArcGIS.Android-10.2.3/5.0.2/SAMSUNG-SM-G530FZ" 395 5413
84.0.233.4 - - [11/Dec/2015:02:14:53 -0500] "GET /arcgis/rest/services/CombinedNomenclature/MapServer/export?f=image&bbox=50.37959093322783%2C13.742995994150647%2C96.71981975540187%2C96.0860179781676&bboxSR=104903&size=520%2C924&format=png&transparent=true&dpi=213&imageSR=104903&layers=hide%3A-1 HTTP/1.1" 200 3411 "-" "ArcGIS.Android-10.2.3/5.0.2/SAMSUNG-SM-G530FZ" 395 3700
84.0.233.4 - - [11/Dec/2015:02:14:54 -0500] "GET /arcgis/rest/services/CombinedNomenclature/MapServer/export?f=image&bbox=18.860371253723756%2C-17.84569988331109%2C109.11587362238097%2C142.53138509484137&bboxSR=104903&size=520%2C924&format=png&transparent=true&dpi=213&imageSR=104903&layers=hide%3A-1 HTTP/1.1" 200 363 "-" "ArcGIS.Android-10.2.3/5.0.2/SAMSUNG-SM-G530FZ" 399 649
84.0.233.4 - - [11/Dec/2015:02:14:55 -0500] "GET /arcgis/rest/services/CombinedNomenclature/MapServer/export?f=image&bbox=-10.680493317728917%2C-45.61236091548891%2C121.41796963171566%2C189.11644632544727&bboxSR=104903&size=520%2C924&format=png&transparent=true&dpi=213&imageSR=104903&layers=hide%3A-1 HTTP/1.1" 200 363 "-" "ArcGIS.Android-10.2.3/5.0.2/SAMSUNG-SM-G530FZ" 400 650
84.0.233.4 - - [11/Dec/2015:02:14:57 -0500] "GET /arcgis/rest/services/CombinedNomenclature/MapServer/export?f=image&bbox=-16.981442100660303%2C-142.90675404578428%2C115.11702084878428%2C91.82205319515188&bboxSR=104903&size=520%2C924&format=png&transparent=true&dpi=213&imageSR=104903&layers=hide%3A-1 HTTP/1.1" 200 363 "-" "ArcGIS.Android-10.2.3/5.0.2/SAMSUNG-SM-G530FZ" 400 651
84.0.233.4 - - [11/Dec/2015:02:14:58 -0500] "GET /arcgis/rest/services/CombinedNomenclature/MapServer/export?f=image&bbox=-16.981442100660303%2C-142.90675404578428%2C115.11702084878428%2C91.82205319515188&bboxSR=104903&size=520%2C924&format=png&transparent=true&dpi=213&imageSR=104903&layers=hide%3A-1 HTTP/1.1" 200 363 "-" "ArcGIS.Android-10.2.3/5.0.2/SAMSUNG-SM-G530FZ" 400 652
66.249.79.248 - - [11/Dec/2015:02:15:00 -0500] "GET /redmine/issues/gantt?month=4&months=6&year=2849&zoom=1 HTTP/1.1" 200 27570 "-" "Mozilla/5.0 (compatible; Googlebot/2.1; +http://www.google.com/bot.html)" 345 28259
84.0.233.4 - - [11/Dec/2015:02:15:03 -0500] "GET /arcgis/rest/services/CombinedNomenclature/MapServer/export?f=image&bbox=18.25209416602695%2C-125.53549049645349%2C150.35055711547153%2C109.19331674448267&bboxSR=104903&size=520%2C924&format=png&transparent=true&dpi=213&imageSR=104903&layers=hide%3A-1 HTTP/1.1" 200 363 "-" "ArcGIS.Android-10.2.3/5.0.2/SAMSUNG-SM-G530FZ" 399 650
84.0.233.4 - - [11/Dec/2015:02:15:03 -0500] "GET /arcgis/rest/services/CombinedNomenclature/MapServer/export?f=image&bbox=18.25209416602695%2C-125.29114660422064%2C150.35055711547153%2C109.43766063671552&bboxSR=104903&size=520%2C924&format=png&transparent=true&dpi=213&imageSR=104903&layers=hide%3A-1 HTTP/1.1" 200 363 "-" "ArcGIS.Android-10.2.3/5.0.2/SAMSUNG-SM-G530FZ" 399 651
84.0.233.4 - - [11/Dec/2015:02:15:06 -0500] "GET /arcgis/rest/services/CombinedNomenclature/MapServer?f=json HTTP/1.1" 200 801 "-" "ArcGIS.Android-10.2.3/5.0.2/SAMSUNG-SM-G530FZ" 207 1097
84.0.233.4 - - [11/Dec/2015:02:15:06 -0500] "GET /arcgis/rest/services/CombinedNomenclature/MapServer/export?f=image&bbox=18.25209416602695%2C-112.0965764236462%2C150.35055711547153%2C96.21253822740105&bboxSR=104903&size=520%2C820&format=png&transparent=true&dpi=213&imageSR=104903&layers=hide%3A-1 HTTP/1.1" 200 336 "-" "ArcGIS.Android-10.2.3/5.0.2/SAMSUNG-SM-G530FZ" 397 623
84.0.233.4 - - [11/Dec/2015:02:15:09 -0500] "GET /arcgis/rest/services/CombinedNomenclature/MapServer/export?f=image&bbox=73.89275443515477%2C-63.20544996840039%2C205.99121738459934%2C145.10366468264687&bboxSR=104903&size=520%2C820&format=png&transparent=true&dpi=213&imageSR=104903&layers=hide%3A-1 HTTP/1.1" 200 336 "-" "ArcGIS.Android-10.2.3/5.0.2/SAMSUNG-SM-G530FZ" 398 622
127.0.0.1 - - [11/Dec/2015:02:15:12 -0500] "GET /opensso/namingservice HTTP/1.1" 200 7 "-" "Java/1.5.0_21" 220 183
127.0.0.1 - - [11/Dec/2015:02:15:13 -0500] "GET /opensso/namingservice HTTP/1.1" 200 7 "-" "Java/1.5.0_21" 220 183
137.78.207.218 - - [11/Dec/2015:02:15:24 -0500] "HEAD /LMMPUI/LMMP_CLIENT/LMMP.html HTTP/1.1" 200 - "-" "curl/7.38.0" 110 274
84.0.233.4 - - [11/Dec/2015:02:15:34 -0500] "GET /arcgis/rest/services/CombinedNomenclature/MapServer/export?f=image&bbox=73.89275443515477%2C-63.20544996840037%2C205.99121738459934%2C145.1036646826468&bboxSR=104903&size=520%2C820&format=png&transparent=true&dpi=213&imageSR=104903&layers=hide%3A-1 HTTP/1.1" 200 336 "-" "ArcGIS.Android-10.2.3/5.0.2/SAMSUNG-SM-G530FZ" 397 624
127.0.0.1 - - [11/Dec/2015:02:15:42 -0500] "GET /opensso/namingservice HTTP/1.1" 200 7 "-" "Java/1.5.0_21" 220 183
127.0.0.1 - - [11/Dec/2015:02:15:43 -0500] "GET /opensso/namingservice HTTP/1.1" 200 7 "-" "Java/1.5.0_21" 220 183
84.0.233.4 - - [11/Dec/2015:02:15:55 -0500] "GET /arcgis/rest/services/CombinedNomenclature/MapServer/export?f=image&bbox=73.89275443515477%2C-63.20544996840037%2C205.99121738459934%2C145.1036646826468&bboxSR=104903&size=520%2C820&format=png&transparent=true&dpi=213&imageSR=104903&layers=hide%3A-1 HTTP/1.1" 200 336 "-" "ArcGIS.Android-10.2.3/5.0.2/SAMSUNG-SM-G530FZ" 397 624
84.0.233.4 - - [11/Dec/2015:02:16:04 -0500] "GET /arcgis/rest/services/CombinedNomenclature/MapServer/export?f=image&bbox=73.89275443515477%2C-63.20544996840037%2C205.99121738459934%2C145.1036646826468&bboxSR=104903&size=520%2C820&format=png&transparent=true&dpi=213&imageSR=104903&layers=hide%3A-1 HTTP/1.1" 200 336 "-" "ArcGIS.Android-10.2.3/5.0.2/SAMSUNG-SM-G530FZ" 397 624
84.0.233.4 - - [11/Dec/2015:02:16:04 -0500] "GET /arcgis/rest/services/CombinedNomenclature/MapServer/export?f=image&bbox=127.46814953894746%2C-7.947782352266401%2C171.28342077440809%2C61.145529980575375&bboxSR=104903&size=520%2C820&format=png&transparent=true&dpi=213&imageSR=104903&layers=hide%3A-1 HTTP/1.1" 200 336 "-" "ArcGIS.Android-10.2.3/5.0.2/SAMSUNG-SM-G530FZ" 399 625
84.0.233.4 - - [11/Dec/2015:02:16:07 -0500] "GET /arcgis/rest/services/CombinedNomenclature/MapServer/export?f=image&bbox=130.0717653623576%2C14.350129637515543%2C173.88703659781825%2C83.44344197035733&bboxSR=104903&size=520%2C820&format=png&transparent=true&dpi=213&imageSR=104903&layers=hide%3A-1 HTTP/1.1" 200 336 "-" "ArcGIS.Android-10.2.3/5.0.2/SAMSUNG-SM-G530FZ" 397 623
84.0.233.4 - - [11/Dec/2015:02:16:09 -0500] "GET /arcgis/rest/services/CombinedNomenclature/MapServer/export?f=image&bbox=102.26691081057638%2C-33.716536039321426%2C147.8836567821161%2C38.21756337733737&bboxSR=104903&size=520%2C820&format=png&transparent=true&dpi=213&imageSR=104903&layers=hide%3A-1 HTTP/1.1" 200 336 "-" "ArcGIS.Android-10.2.3/5.0.2/SAMSUNG-SM-G530FZ" 398 624
84.0.233.4 - - [11/Dec/2015:02:16:10 -0500] "GET /arcgis/rest/services/CombinedNomenclature/MapServer/export?f=image&bbox=80.42625195415901%2C-97.18825870714754%2C212.52471490360358%2C111.12085594389971&bboxSR=104903&size=520%2C820&format=png&transparent=true&dpi=213&imageSR=104903&layers=hide%3A-1 HTTP/1.1" 200 336 "-" "ArcGIS.Android-10.2.3/5.0.2/SAMSUNG-SM-G530FZ" 398 624
127.0.0.1 - - [11/Dec/2015:02:16:12 -0500] "GET /opensso/namingservice HTTP/1.1" 200 7 "-" "Java/1.5.0_21" 220 183
127.0.0.1 - - [11/Dec/2015:02:16:13 -0500] "POST /opensso/sessionservice HTTP/1.1" 200 2025 "-" "Java/1.5.0_21" 714 2203
127.0.0.1 - - [11/Dec/2015:02:16:13 -0500] "GET /opensso/identity//xml/read?name=TomcatApps3&attributes_names=realm&attributes_values_realm=%2Fappspub&attributes_names=objecttype&attributes_values_objecttype=Agent&admin=AQIC5wM2LY4Sfcwfuin4GF3PcpsYz2%2Bb0KEYXSwMUvZPjqA%3D%40AAJTSQACMDE%3D%23 HTTP/1.1" 200 13732 "-" "Java/1.5.0_21" 442 13916
127.0.0.1 - - [11/Dec/2015:02:16:13 -0500] "GET /opensso/namingservice HTTP/1.1" 200 7 "-" "Java/1.5.0_21" 220 182
84.0.233.4 - - [11/Dec/2015:02:16:13 -0500] "GET /arcgis/rest/services/CombinedNomenclature/MapServer/export?f=image&bbox=69.61866347036649%2C-98.85951775748937%2C201.71712641981105%2C109.44959689355788&bboxSR=104903&size=520%2C820&format=png&transparent=true&dpi=213&imageSR=104903&layers=hide%3A-1 HTTP/1.1" 200 336 "-" "ArcGIS.Android-10.2.3/5.0.2/SAMSUNG-SM-G530FZ" 398 623
84.0.233.4 - - [11/Dec/2015:02:16:14 -0500] "GET /arcgis/rest/services/CombinedNomenclature/MapServer/export?f=image&bbox=87.25947473644221%2C-99.10235679017002%2C219.35793768588678%2C109.20675786087723&bboxSR=104903&size=520%2C820&format=png&transparent=true&dpi=213&imageSR=104903&layers=hide%3A-1 HTTP/1.1" 200 336 "-" "ArcGIS.Android-10.2.3/5.0.2/SAMSUNG-SM-G530FZ" 398 623
84.0.233.4 - - [11/Dec/2015:02:16:15 -0500] "GET /arcgis/rest/services/CombinedNomenclature/MapServer/export?f=image&bbox=78.70743850829224%2C-80.53222098047267%2C210.8059014577368%2C127.77689367057458&bboxSR=104903&size=520%2C820&format=png&transparent=true&dpi=213&imageSR=104903&layers=hide%3A-1 HTTP/1.1" 200 336 "-" "ArcGIS.Android-10.2.3/5.0.2/SAMSUNG-SM-G530FZ" 397 623
