70.34.7.112 - - [21/Aug/2015:21:55:07 -0400] "GET /LMMPUI/LMMP_CLIENT/sampleData/nomenclature.xml HTTP/1.1" 200 1725 "http://pub.lmmp.nasa.gov/LMMPUI/LMMP_CLIENT/LMMP.html" "Mozilla/5.0 (Windows NT 6.3; WOW64) AppleWebKit/537.36 (KHTML, like Gecko) Chrome/44.0.2403.157 Safari/537.36" 569 2061
70.34.7.112 - - [21/Aug/2015:21:55:07 -0400] "GET /LMMPUI/LMMP_CLIENT/config/searchResultFields.xml HTTP/1.1" 200 1711 "http://pub.lmmp.nasa.gov/LMMPUI/LMMP_CLIENT/LMMP.html" "Mozilla/5.0 (Windows NT 6.3; WOW64) AppleWebKit/537.36 (KHTML, like Gecko) Chrome/44.0.2403.157 Safari/537.36" 571 2047
70.34.7.112 - - [21/Aug/2015:21:55:07 -0400] "GET /LMMPUI/LMMP_CLIENT/config/nomenclatureType.xml HTTP/1.1" 200 691 "http://pub.lmmp.nasa.gov/LMMPUI/LMMP_CLIENT/LMMP.html" "Mozilla/5.0 (Windows NT 6.3; WOW64) AppleWebKit/537.36 (KHTML, like Gecko) Chrome/44.0.2403.157 Safari/537.36" 569 1025
70.34.7.112 - - [21/Aug/2015:21:55:07 -0400] "GET /opensso/identity/isTokenValid?iPlanetDirectoryPro=AQIC5wM2LY4Sfcz1afr2jMGhNDBJPCjZBRyeGOZ0jUaRb3c%3D%40AAJTSQACMDE%3D%23 HTTP/1.1" 200 13 "http://pub.lmmp.nasa.gov/LMMPUI/LMMP_CLIENT/LMMP.html" "Mozilla/5.0 (Windows NT 6.3; WOW64) AppleWebKit/537.36 (KHTML, like Gecko) Chrome/44.0.2403.157 Safari/537.36" 629 171
70.34.7.112 - - [21/Aug/2015:21:55:08 -0400] "GET /LMMP/rest/auxmd/types?iPlanetDirectoryPro=AQIC5wM2LY4Sfcz1afr2jMGhNDBJPCjZBRyeGOZ0jUaRb3c%3D%40AAJTSQACMDE%3D%23 HTTP/1.1" 200 119 "http://pub.lmmp.nasa.gov/LMMPUI/LMMP_CLIENT/LMMP.html" "Mozilla/5.0 (Windows NT 6.3; WOW64) AppleWebKit/537.36 (KHTML, like Gecko) Chrome/44.0.2403.157 Safari/537.36" 674 294
70.34.7.112 - - [21/Aug/2015:21:55:08 -0400] "GET /LMMP/rest/auxmd/acl?iPlanetDirectoryPro=AQIC5wM2LY4Sfcz1afr2jMGhNDBJPCjZBRyeGOZ0jUaRb3c%3D%40AAJTSQACMDE%3D%23 HTTP/1.1" 200 1468 "http://pub.lmmp.nasa.gov/LMMPUI/LMMP_CLIENT/LMMP.html" "Mozilla/5.0 (Windows NT 6.3; WOW64) AppleWebKit/537.36 (KHTML, like Gecko) Chrome/44.0.2403.157 Safari/537.36" 672 1644
70.34.7.112 - - [21/Aug/2015:21:55:08 -0400] "GET /opensso/identity/isTokenValid?iPlanetDirectoryPro=AQIC5wM2LY4Sfcz1afr2jMGhNDBJPCjZBRyeGOZ0jUaRb3c%3D%40AAJTSQACMDE%3D%23 HTTP/1.1" 200 13 "http://pub.lmmp.nasa.gov/LMMPUI/LMMP_CLIENT/LMMP.html" "Mozilla/5.0 (Windows NT 6.3; WOW64) AppleWebKit/537.36 (KHTML, like Gecko) Chrome/44.0.2403.157 Safari/537.36" 629 170
70.34.7.112 - - [21/Aug/2015:21:55:08 -0400] "GET /opensso/identity/isTokenValid?iPlanetDirectoryPro=AQIC5wM2LY4Sfcz1afr2jMGhNDBJPCjZBRyeGOZ0jUaRb3c%3D%40AAJTSQACMDE%3D%23 HTTP/1.1" 200 13 "http://pub.lmmp.nasa.gov/LMMPUI/LMMP_CLIENT/LMMP.html" "Mozilla/5.0 (Windows NT 6.3; WOW64) AppleWebKit/537.36 (KHTML, like Gecko) Chrome/44.0.2403.157 Safari/537.36" 629 170
70.34.7.112 - - [21/Aug/2015:21:55:08 -0400] "GET /opensso/identity/isTokenValid?iPlanetDirectoryPro=AQIC5wM2LY4Sfcz1afr2jMGhNDBJPCjZBRyeGOZ0jUaRb3c%3D%40AAJTSQACMDE%3D%23 HTTP/1.1" 200 13 "http://pub.lmmp.nasa.gov/LMMPUI/LMMP_CLIENT/LMMP.html" "Mozilla/5.0 (Windows NT 6.3; WOW64) AppleWebKit/537.36 (KHTML, like Gecko) Chrome/44.0.2403.157 Safari/537.36" 629 170
70.34.7.112 - - [21/Aug/2015:21:55:09 -0400] "GET /opensso/identity/isTokenValid?iPlanetDirectoryPro=AQIC5wM2LY4Sfcz1afr2jMGhNDBJPCjZBRyeGOZ0jUaRb3c%3D%40AAJTSQACMDE%3D%23 HTTP/1.1" 200 13 "http://pub.lmmp.nasa.gov/LMMPUI/LMMP_CLIENT/LMMP.html" "Mozilla/5.0 (Windows NT 6.3; WOW64) AppleWebKit/537.36 (KHTML, like Gecko) Chrome/44.0.2403.157 Safari/537.36" 629 170
70.34.7.112 - - [21/Aug/2015:21:55:09 -0400] "GET /opensso/identity/isTokenValid?iPlanetDirectoryPro=AQIC5wM2LY4Sfcz1afr2jMGhNDBJPCjZBRyeGOZ0jUaRb3c%3D%40AAJTSQACMDE%3D%23 HTTP/1.1" 200 13 "http://pub.lmmp.nasa.gov/LMMPUI/LMMP_CLIENT/LMMP.html" "Mozilla/5.0 (Windows NT 6.3; WOW64) AppleWebKit/537.36 (KHTML, like Gecko) Chrome/44.0.2403.157 Safari/537.36" 629 170
70.34.7.112 - - [21/Aug/2015:21:55:09 -0400] "GET /LMMP/rest/auxmd/create?mdType=bounding&iPlanetDirectoryPro=AQIC5wM2LY4Sfcz1afr2jMGhNDBJPCjZBRyeGOZ0jUaRb3c%3D%40AAJTSQACMDE%3D%23 HTTP/1.1" 200 513 "http://pub.lmmp.nasa.gov/LMMPUI/LMMP_CLIENT/LMMP.html" "Mozilla/5.0 (Windows NT 6.3; WOW64) AppleWebKit/537.36 (KHTML, like Gecko) Chrome/44.0.2403.157 Safari/537.36" 691 689
70.34.7.112 - - [21/Aug/2015:21:55:09 -0400] "GET /LMMP/rest/auxmd/create?mdType=polyx&iPlanetDirectoryPro=AQIC5wM2LY4Sfcz1afr2jMGhNDBJPCjZBRyeGOZ0jUaRb3c%3D%40AAJTSQACMDE%3D%23 HTTP/1.1" 200 38 "http://pub.lmmp.nasa.gov/LMMPUI/LMMP_CLIENT/LMMP.html" "Mozilla/5.0 (Windows NT 6.3; WOW64) AppleWebKit/537.36 (KHTML, like Gecko) Chrome/44.0.2403.157 Safari/537.36" 688 213
70.34.7.112 - - [21/Aug/2015:21:55:09 -0400] "GET /LMMP/rest/auxmd/create?mdType=point&iPlanetDirectoryPro=AQIC5wM2LY4Sfcz1afr2jMGhNDBJPCjZBRyeGOZ0jUaRb3c%3D%40AAJTSQACMDE%3D%23 HTTP/1.1" 200 319 "http://pub.lmmp.nasa.gov/LMMPUI/LMMP_CLIENT/LMMP.html" "Mozilla/5.0 (Windows NT 6.3; WOW64) AppleWebKit/537.36 (KHTML, like Gecko) Chrome/44.0.2403.157 Safari/537.36" 688 495
70.34.7.112 - - [21/Aug/2015:21:55:09 -0400] "GET /LMMP/rest/auxmd/create?mdType=layer&iPlanetDirectoryPro=AQIC5wM2LY4Sfcz1afr2jMGhNDBJPCjZBRyeGOZ0jUaRb3c%3D%40AAJTSQACMDE%3D%23 HTTP/1.1" 200 173 "http://pub.lmmp.nasa.gov/LMMPUI/LMMP_CLIENT/LMMP.html" "Mozilla/5.0 (Windows NT 6.3; WOW64) AppleWebKit/537.36 (KHTML, like Gecko) Chrome/44.0.2403.157 Safari/537.36" 688 348
70.34.7.112 - - [21/Aug/2015:21:55:09 -0400] "GET /LMMP/rest/auxmd/create?mdType=polyo&iPlanetDirectoryPro=AQIC5wM2LY4Sfcz1afr2jMGhNDBJPCjZBRyeGOZ0jUaRb3c%3D%40AAJTSQACMDE%3D%23 HTTP/1.1" 200 38 "http://pub.lmmp.nasa.gov/LMMPUI/LMMP_CLIENT/LMMP.html" "Mozilla/5.0 (Windows NT 6.3; WOW64) AppleWebKit/537.36 (KHTML, like Gecko) Chrome/44.0.2403.157 Safari/537.36" 688 213
70.34.7.112 - - [21/Aug/2015:21:55:09 -0400] "GET /LMMPUI/LMMP_CLIENT/assets/system/complete.png HTTP/1.1" 200 272 "http://pub.lmmp.nasa.gov/LMMPUI/LMMP_CLIENT/LMMP.html" "Mozilla/5.0 (Windows NT 6.3; WOW64) AppleWebKit/537.36 (KHTML, like Gecko) Chrome/44.0.2403.157 Safari/537.36" 568 599
70.34.7.112 - - [21/Aug/2015:21:55:09 -0400] "GET /LMMPUI/LMMP_CLIENT/assets/menu/layers.png HTTP/1.1" 200 15248 "http://pub.lmmp.nasa.gov/LMMPUI/LMMP_CLIENT/LMMP.html" "Mozilla/5.0 (Windows NT 6.3; WOW64) AppleWebKit/537.36 (KHTML, like Gecko) Chrome/44.0.2403.157 Safari/537.36" 564 15579
70.34.7.112 - - [21/Aug/2015:21:55:09 -0400] "GET /LMMPUI/LMMP_CLIENT/assets/menu/search.png HTTP/1.1" 200 15244 "http://pub.lmmp.nasa.gov/LMMPUI/LMMP_CLIENT/LMMP.html" "Mozilla/5.0 (Windows NT 6.3; WOW64) AppleWebKit/537.36 (KHTML, like Gecko) Chrome/44.0.2403.157 Safari/537.36" 564 15575
70.34.7.112 - - [21/Aug/2015:21:55:09 -0400] "GET /LMMPUI/LMMP_CLIENT/assets/menu/fullextent.png HTTP/1.1" 200 15565 "http://pub.lmmp.nasa.gov/LMMPUI/LMMP_CLIENT/LMMP.html" "Mozilla/5.0 (Windows NT 6.3; WOW64) AppleWebKit/537.36 (KHTML, like Gecko) Chrome/44.0.2403.157 Safari/537.36" 568 15896
70.34.7.112 - - [21/Aug/2015:21:55:09 -0400] "GET /LMMPUI/LMMP_CLIENT/assets/menu/upload.png HTTP/1.1" 200 11528 "http://pub.lmmp.nasa.gov/LMMPUI/LMMP_CLIENT/LMMP.html" "Mozilla/5.0 (Windows NT 6.3; WOW64) AppleWebKit/537.36 (KHTML, like Gecko) Chrome/44.0.2403.157 Safari/537.36" 564 11859
70.34.7.112 - - [21/Aug/2015:21:55:09 -0400] "GET /LMMPUI/LMMP_CLIENT/assets/menu/info.png HTTP/1.1" 200 9601 "http://pub.lmmp.nasa.gov/LMMPUI/LMMP_CLIENT/LMMP.html" "Mozilla/5.0 (Windows NT 6.3; WOW64) AppleWebKit/537.36 (KHTML, like Gecko) Chrome/44.0.2403.157 Safari/537.36" 562 9931
70.34.7.112 - - [21/Aug/2015:21:55:09 -0400] "GET /LMMPUI/LMMP_CLIENT/assets/menu/fullscreen.png HTTP/1.1" 200 6741 "http://pub.lmmp.nasa.gov/LMMPUI/LMMP_CLIENT/LMMP.html" "Mozilla/5.0 (Windows NT 6.3; WOW64) AppleWebKit/537.36 (KHTML, like Gecko) Chrome/44.0.2403.157 Safari/537.36" 568 7070
70.34.7.112 - - [21/Aug/2015:21:55:09 -0400] "GET /LMMPUI/LMMP_CLIENT/assets/menu/link.png HTTP/1.1" 200 11578 "http://pub.lmmp.nasa.gov/LMMPUI/LMMP_CLIENT/LMMP.html" "Mozilla/5.0 (Windows NT 6.3; WOW64) AppleWebKit/537.36 (KHTML, like Gecko) Chrome/44.0.2403.157 Safari/537.36" 562 11909
70.34.7.112 - - [21/Aug/2015:21:55:10 -0400] "GET /LMMPUI/LMMP_CLIENT/assets/system/i_expand3.png HTTP/1.1" 200 1686 "http://pub.lmmp.nasa.gov/LMMPUI/LMMP_CLIENT/LMMP.html" "Mozilla/5.0 (Windows NT 6.3; WOW64) AppleWebKit/537.36 (KHTML, like Gecko) Chrome/44.0.2403.157 Safari/537.36" 569 2015
70.34.7.112 - - [21/Aug/2015:21:55:10 -0400] "GET /LMMPUI/LMMP_CLIENT/assets/system/w_closeCircle.png HTTP/1.1" 200 1612 "http://pub.lmmp.nasa.gov/LMMPUI/LMMP_CLIENT/LMMP.html" "Mozilla/5.0 (Windows NT 6.3; WOW64) AppleWebKit/537.36 (KHTML, like Gecko) Chrome/44.0.2403.157 Safari/537.36" 573 1941
70.34.7.112 - - [21/Aug/2015:21:55:10 -0400] "GET /LMMPUI/LMMP_CLIENT/assets/system/nameSearch.png HTTP/1.1" 200 1475 "http://pub.lmmp.nasa.gov/LMMPUI/LMMP_CLIENT/LMMP.html" "Mozilla/5.0 (Windows NT 6.3; WOW64) AppleWebKit/537.36 (KHTML, like Gecko) Chrome/44.0.2403.157 Safari/537.36" 570 1804
70.34.7.112 - - [21/Aug/2015:21:55:10 -0400] "GET /LMMPUI/LMMP_CLIENT/assets/system/plus.png HTTP/1.1" 200 1567 "http://pub.lmmp.nasa.gov/LMMPUI/LMMP_CLIENT/LMMP.html" "Mozilla/5.0 (Windows NT 6.3; WOW64) AppleWebKit/537.36 (KHTML, like Gecko) Chrome/44.0.2403.157 Safari/537.36" 564 1896
70.34.7.112 - - [21/Aug/2015:21:55:10 -0400] "GET /LMMPUI/LMMP_CLIENT/assets/system/minus.png HTTP/1.1" 200 1277 "http://pub.lmmp.nasa.gov/LMMPUI/LMMP_CLIENT/LMMP.html" "Mozilla/5.0 (Windows NT 6.3; WOW64) AppleWebKit/537.36 (KHTML, like Gecko) Chrome/44.0.2403.157 Safari/537.36" 565 1606
70.34.7.112 - - [21/Aug/2015:21:55:10 -0400] "GET /LMMPUI/LMMP_CLIENT/assets/proto/wiki.png HTTP/1.1" 200 13450 "http://pub.lmmp.nasa.gov/LMMPUI/LMMP_CLIENT/LMMP.html" "Mozilla/5.0 (Windows NT 6.3; WOW64) AppleWebKit/537.36 (KHTML, like Gecko) Chrome/44.0.2403.157 Safari/537.36" 563 13781
70.34.7.112 - - [21/Aug/2015:21:55:10 -0400] "GET /LMMPUI/LMMP_CLIENT/assets/image/MoonTourLogo.jpg HTTP/1.1" 200 3967 "http://pub.lmmp.nasa.gov/LMMPUI/LMMP_CLIENT/LMMP.html" "Mozilla/5.0 (Windows NT 6.3; WOW64) AppleWebKit/537.36 (KHTML, like Gecko) Chrome/44.0.2403.157 Safari/537.36" 571 4297
70.34.7.112 - - [21/Aug/2015:21:55:10 -0400] "GET /LMMPUI/LMMP_CLIENT/assets/proto/survey.png HTTP/1.1" 200 7637 "http://pub.lmmp.nasa.gov/LMMPUI/LMMP_CLIENT/LMMP.html" "Mozilla/5.0 (Windows NT 6.3; WOW64) AppleWebKit/537.36 (KHTML, like Gecko) Chrome/44.0.2403.157 Safari/537.36" 565 7966
70.34.7.112 - - [21/Aug/2015:21:55:10 -0400] "GET /LMMPUI/LMMP_CLIENT/assets/image/badge_appstore-lrg.png HTTP/1.1" 200 3394 "http://pub.lmmp.nasa.gov/LMMPUI/LMMP_CLIENT/LMMP.html" "Mozilla/5.0 (Windows NT 6.3; WOW64) AppleWebKit/537.36 (KHTML, like Gecko) Chrome/44.0.2403.157 Safari/537.36" 577 3723
70.34.7.112 - - [21/Aug/2015:21:55:10 -0400] "GET /LMMPUI/LMMP_CLIENT/assets/proto/gallery.png HTTP/1.1" 200 18089 "http://pub.lmmp.nasa.gov/LMMPUI/LMMP_CLIENT/LMMP.html" "Mozilla/5.0 (Windows NT 6.3; WOW64) AppleWebKit/537.36 (KHTML, like Gecko) Chrome/44.0.2403.157 Safari/537.36" 566 18420
70.34.7.112 - - [21/Aug/2015:21:55:11 -0400] "GET /LMMPUI/LMMP_CLIENT/homepage/data.xml?v=1440208508502 HTTP/1.1" 200 3907 "http://pub.lmmp.nasa.gov/LMMPUI/LMMP_CLIENT/LMMP.html" "Mozilla/5.0 (Windows NT 6.3; WOW64) AppleWebKit/537.36 (KHTML, like Gecko) Chrome/44.0.2403.157 Safari/537.36" 575 4242
70.34.7.112 - - [21/Aug/2015:21:55:11 -0400] "GET /LMMPUI/LMMP_CLIENT/assets/proto/mariusHills.jpg HTTP/1.1" 200 61059 "http://pub.lmmp.nasa.gov/LMMPUI/LMMP_CLIENT/LMMP.html" "Mozilla/5.0 (Windows NT 6.3; WOW64) AppleWebKit/537.36 (KHTML, like Gecko) Chrome/44.0.2403.157 Safari/537.36" 570 61391
70.34.7.112 - - [21/Aug/2015:21:55:11 -0400] "GET /LMMPUI/LMMP_CLIENT/assets/proto/gruithuisen.jpg HTTP/1.1" 200 62986 "http://pub.lmmp.nasa.gov/LMMPUI/LMMP_CLIENT/LMMP.html" "Mozilla/5.0 (Windows NT 6.3; WOW64) AppleWebKit/537.36 (KHTML, like Gecko) Chrome/44.0.2403.157 Safari/537.36" 570 63318
127.0.0.1 - - [21/Aug/2015:21:55:12 -0400] "GET /opensso/namingservice HTTP/1.1" 200 7 "-" "Java/1.5.0_21" 220 183
70.34.7.112 - - [21/Aug/2015:21:55:11 -0400] "GET /LMMPUI/LMMP_CLIENT/assets/proto/inaDCaldera.jpg HTTP/1.1" 200 74885 "http://pub.lmmp.nasa.gov/LMMPUI/LMMP_CLIENT/LMMP.html" "Mozilla/5.0 (Windows NT 6.3; WOW64) AppleWebKit/537.36 (KHTML, like Gecko) Chrome/44.0.2403.157 Safari/537.36" 570 75217
127.0.0.1 - - [21/Aug/2015:21:55:13 -0400] "GET /opensso/namingservice HTTP/1.1" 200 7 "-" "Java/1.5.0_21" 220 183
66.249.64.168 - - [21/Aug/2015:21:55:13 -0400] "GET /redmine/issues/gantt?month=4&months=6&year=2032&zoom=2 HTTP/1.1" 200 30895 "-" "Mozilla/5.0 (compatible; Googlebot/2.1; +http://www.google.com/bot.html)" 345 31584
127.0.0.1 - - [21/Aug/2015:21:55:42 -0400] "GET /opensso/namingservice HTTP/1.1" 200 7 "-" "Java/1.5.0_21" 220 183
127.0.0.1 - - [21/Aug/2015:21:55:43 -0400] "GET /opensso/namingservice HTTP/1.1" 200 7 "-" "Java/1.5.0_21" 220 183
70.34.7.112 - - [21/Aug/2015:21:56:00 -0400] "GET /redmine/projects/lmmpwiki/wiki/showcase HTTP/1.1" 200 14609 "http://pub.lmmp.nasa.gov/LMMPUI/LMMP_CLIENT/LMMP.html" "Mozilla/5.0 (Windows NT 6.3; WOW64) AppleWebKit/537.36 (KHTML, like Gecko) Chrome/44.0.2403.157 Safari/537.36" 649 15091
70.34.7.112 - - [21/Aug/2015:21:56:01 -0400] "GET /redmine/themes/basecamp/stylesheets/application.css?1296725292 HTTP/1.1" 200 6116 "http://pub.lmmp.nasa.gov/redmine/projects/lmmpwiki/wiki/showcase" "Mozilla/5.0 (Windows NT 6.3; WOW64) AppleWebKit/537.36 (KHTML, like Gecko) Chrome/44.0.2403.157 Safari/537.36" 683 6349
70.34.7.112 - - [21/Aug/2015:21:56:01 -0400] "GET /redmine/stylesheets/jstoolbar.css?1296684278 HTTP/1.1" 200 1937 "http://pub.lmmp.nasa.gov/redmine/projects/lmmpwiki/wiki/showcase" "Mozilla/5.0 (Windows NT 6.3; WOW64) AppleWebKit/537.36 (KHTML, like Gecko) Chrome/44.0.2403.157 Safari/537.36" 665 2170
70.34.7.112 - - [21/Aug/2015:21:56:01 -0400] "GET /redmine/stylesheets/scm.css?1296684278 HTTP/1.1" 200 6947 "http://pub.lmmp.nasa.gov/redmine/projects/lmmpwiki/wiki/showcase" "Mozilla/5.0 (Windows NT 6.3; WOW64) AppleWebKit/537.36 (KHTML, like Gecko) Chrome/44.0.2403.157 Safari/537.36" 659 7181
70.34.7.112 - - [21/Aug/2015:21:56:01 -0400] "GET /redmine/javascripts/dragdrop.js?1296684277 HTTP/1.1" 200 31103 "http://pub.lmmp.nasa.gov/redmine/projects/lmmpwiki/wiki/showcase" "Mozilla/5.0 (Windows NT 6.3; WOW64) AppleWebKit/537.36 (KHTML, like Gecko) Chrome/44.0.2403.157 Safari/537.36" 648 31345
70.34.7.112 - - [21/Aug/2015:21:56:01 -0400] "GET /redmine/javascripts/controls.js?1296684277 HTTP/1.1" 200 34716 "http://pub.lmmp.nasa.gov/redmine/projects/lmmpwiki/wiki/showcase" "Mozilla/5.0 (Windows NT 6.3; WOW64) AppleWebKit/537.36 (KHTML, like Gecko) Chrome/44.0.2403.157 Safari/537.36" 648 34957
70.34.7.112 - - [21/Aug/2015:21:56:02 -0400] "GET /redmine/stylesheets/application.css HTTP/1.1" 200 35743 "http://pub.lmmp.nasa.gov/redmine/projects/lmmpwiki/wiki/showcase" "Mozilla/5.0 (Windows NT 6.3; WOW64) AppleWebKit/537.36 (KHTML, like Gecko) Chrome/44.0.2403.157 Safari/537.36" 656 35977
70.34.7.112 - - [21/Aug/2015:21:56:02 -0400] "GET /redmine/javascripts/application.js?1296684277 HTTP/1.1" 200 7727 "http://pub.lmmp.nasa.gov/redmine/projects/lmmpwiki/wiki/showcase" "Mozilla/5.0 (Windows NT 6.3; WOW64) AppleWebKit/537.36 (KHTML, like Gecko) Chrome/44.0.2403.157 Safari/537.36" 651 7967
70.34.7.112 - - [21/Aug/2015:21:56:01 -0400] "GET /redmine/javascripts/effects.js?1296684277 HTTP/1.1" 200 38675 "http://pub.lmmp.nasa.gov/redmine/projects/lmmpwiki/wiki/showcase" "Mozilla/5.0 (Windows NT 6.3; WOW64) AppleWebKit/537.36 (KHTML, like Gecko) Chrome/44.0.2403.157 Safari/537.36" 647 38917
70.34.7.112 - - [21/Aug/2015:21:56:01 -0400] "GET /redmine/javascripts/prototype.js?1296684278 HTTP/1.1" 200 129738 "http://pub.lmmp.nasa.gov/redmine/projects/lmmpwiki/wiki/showcase" "Mozilla/5.0 (Windows NT 6.3; WOW64) AppleWebKit/537.36 (KHTML, like Gecko) Chrome/44.0.2403.157 Safari/537.36" 649 129982
70.34.7.112 - - [21/Aug/2015:21:56:02 -0400] "GET /redmine/attachments/download/453 HTTP/1.1" 200 93701 "http://pub.lmmp.nasa.gov/redmine/projects/lmmpwiki/wiki/showcase" "Mozilla/5.0 (Windows NT 6.3; WOW64) AppleWebKit/537.36 (KHTML, like Gecko) Chrome/44.0.2403.157 Safari/537.36" 655 94179
70.34.7.112 - - [21/Aug/2015:21:56:02 -0400] "GET /redmine/attachments/download/445 HTTP/1.1" 200 41700 "http://pub.lmmp.nasa.gov/redmine/projects/lmmpwiki/wiki/showcase" "Mozilla/5.0 (Windows NT 6.3; WOW64) AppleWebKit/537.36 (KHTML, like Gecko) Chrome/44.0.2403.157 Safari/537.36" 655 42202
70.34.7.112 - - [21/Aug/2015:21:56:02 -0400] "GET /redmine/attachments/download/448 HTTP/1.1" 200 30951 "http://pub.lmmp.nasa.gov/redmine/projects/lmmpwiki/wiki/showcase" "Mozilla/5.0 (Windows NT 6.3; WOW64) AppleWebKit/537.36 (KHTML, like Gecko) Chrome/44.0.2403.157 Safari/537.36" 655 31461
70.34.7.112 - - [21/Aug/2015:21:56:03 -0400] "GET /redmine/themes/basecamp/stylesheets/background.jpg HTTP/1.1" 200 69719 "http://pub.lmmp.nasa.gov/redmine/themes/basecamp/stylesheets/application.css?1296725292" "Mozilla/5.0 (Windows NT 6.3; WOW64) AppleWebKit/537.36 (KHTML, like Gecko) Chrome/44.0.2403.157 Safari/537.36" 696 69956
70.34.7.112 - - [21/Aug/2015:21:56:03 -0400] "GET /redmine/images/external.png HTTP/1.1" 200 136 "http://pub.lmmp.nasa.gov/redmine/stylesheets/application.css" "Mozilla/5.0 (Windows NT 6.3; WOW64) AppleWebKit/537.36 (KHTML, like Gecko) Chrome/44.0.2403.157 Safari/537.36" 646 367
70.34.7.112 - - [21/Aug/2015:21:56:02 -0400] "GET /redmine/attachments/download/447 HTTP/1.1" 200 73084 "http://pub.lmmp.nasa.gov/redmine/projects/lmmpwiki/wiki/showcase" "Mozilla/5.0 (Windows NT 6.3; WOW64) AppleWebKit/537.36 (KHTML, like Gecko) Chrome/44.0.2403.157 Safari/537.36" 655 73582
70.34.7.112 - - [21/Aug/2015:21:56:03 -0400] "GET /redmine/images/attachment.png HTTP/1.1" 200 939 "http://pub.lmmp.nasa.gov/redmine/stylesheets/application.css" "Mozilla/5.0 (Windows NT 6.3; WOW64) AppleWebKit/537.36 (KHTML, like Gecko) Chrome/44.0.2403.157 Safari/537.36" 648 1171
70.34.7.112 - - [21/Aug/2015:21:56:02 -0400] "GET /redmine/attachments/download/450 HTTP/1.1" 200 134044 "http://pub.lmmp.nasa.gov/redmine/projects/lmmpwiki/wiki/showcase" "Mozilla/5.0 (Windows NT 6.3; WOW64) AppleWebKit/537.36 (KHTML, like Gecko) Chrome/44.0.2403.157 Safari/537.36" 655 134534
70.34.7.112 - - [21/Aug/2015:21:56:02 -0400] "GET /redmine/attachments/download/451 HTTP/1.1" 200 106189 "http://pub.lmmp.nasa.gov/redmine/projects/lmmpwiki/wiki/showcase" "Mozilla/5.0 (Windows NT 6.3; WOW64) AppleWebKit/537.36 (KHTML, like Gecko) Chrome/44.0.2403.157 Safari/537.36" 655 106695
70.34.7.112 - - [21/Aug/2015:21:56:04 -0400] "GET /redmine/favicon.ico?1296684277 HTTP/1.1" 200 7886 "http://pub.lmmp.nasa.gov/redmine/projects/lmmpwiki/wiki/showcase" "Mozilla/5.0 (Windows NT 6.3; WOW64) AppleWebKit/537.36 (KHTML, like Gecko) Chrome/44.0.2403.157 Safari/537.36" 636 8123
127.0.0.1 - - [21/Aug/2015:21:56:12 -0400] "GET /opensso/namingservice HTTP/1.1" 200 7 "-" "Java/1.5.0_21" 220 183
127.0.0.1 - - [21/Aug/2015:21:56:13 -0400] "GET /opensso/namingservice HTTP/1.1" 200 7 "-" "Java/1.5.0_21" 220 183
68.180.228.178 - - [21/Aug/2015:21:56:28 -0400] "GET /redmine/projects/lmmpwiki/wiki/Functionality_List HTTP/1.1" 200 20493 "-" "Mozilla/5.0 (compatible; Yahoo! Slurp; http://help.yahoo.com/help/us/ysearch/slurp)" 225 20919
127.0.0.1 - - [21/Aug/2015:21:56:42 -0400] "GET /opensso/namingservice HTTP/1.1" 200 7 "-" "Java/1.5.0_21" 220 183
127.0.0.1 - - [21/Aug/2015:21:56:43 -0400] "GET /opensso/namingservice HTTP/1.1" 200 7 "-" "Java/1.5.0_21" 220 183
70.34.7.112 - - [21/Aug/2015:21:57:08 -0400] "GET /redmine/projects/lmmpwiki/activity HTTP/1.1" 200 4398 "http://pub.lmmp.nasa.gov/redmine/projects/lmmpwiki/wiki/showcase" "Mozilla/5.0 (Windows NT 6.3; WOW64) AppleWebKit/537.36 (KHTML, like Gecko) Chrome/44.0.2403.157 Safari/537.36" 741 4960
70.34.7.112 - - [21/Aug/2015:21:57:08 -0400] "GET /redmine/images/feed.png HTTP/1.1" 200 427 "http://pub.lmmp.nasa.gov/redmine/stylesheets/application.css" "Mozilla/5.0 (Windows NT 6.3; WOW64) AppleWebKit/537.36 (KHTML, like Gecko) Chrome/44.0.2403.157 Safari/537.36" 724 659
70.34.7.112 - - [21/Aug/2015:21:57:11 -0400] "GET /redmine/projects/lmmpwiki HTTP/1.1" 200 4587 "http://pub.lmmp.nasa.gov/redmine/projects/lmmpwiki/activity" "Mozilla/5.0 (Windows NT 6.3; WOW64) AppleWebKit/537.36 (KHTML, like Gecko) Chrome/44.0.2403.157 Safari/537.36" 809 5148
70.34.7.112 - - [21/Aug/2015:21:57:11 -0400] "GET /redmine/images/group.png HTTP/1.1" 200 700 "http://pub.lmmp.nasa.gov/redmine/stylesheets/application.css" "Mozilla/5.0 (Windows NT 6.3; WOW64) AppleWebKit/537.36 (KHTML, like Gecko) Chrome/44.0.2403.157 Safari/537.36" 725 932
70.34.7.112 - - [21/Aug/2015:21:57:11 -0400] "GET /redmine/images/news.png HTTP/1.1" 200 605 "http://pub.lmmp.nasa.gov/redmine/stylesheets/application.css" "Mozilla/5.0 (Windows NT 6.3; WOW64) AppleWebKit/537.36 (KHTML, like Gecko) Chrome/44.0.2403.157 Safari/537.36" 724 838
127.0.0.1 - - [21/Aug/2015:21:57:12 -0400] "GET /opensso/namingservice HTTP/1.1" 200 7 "-" "Java/1.5.0_21" 220 183
127.0.0.1 - - [21/Aug/2015:21:57:13 -0400] "GET /opensso/namingservice HTTP/1.1" 200 7 "-" "Java/1.5.0_21" 220 183
70.34.7.112 - - [21/Aug/2015:21:57:14 -0400] "GET /redmine/news/9 HTTP/1.1" 200 12617 "http://pub.lmmp.nasa.gov/redmine/projects/lmmpwiki" "Mozilla/5.0 (Windows NT 6.3; WOW64) AppleWebKit/537.36 (KHTML, like Gecko) Chrome/44.0.2403.157 Safari/537.36" 789 13179
70.34.7.112 - - [21/Aug/2015:21:57:14 -0400] "GET /redmine/images/comment.png HTTP/1.1" 200 360 "http://pub.lmmp.nasa.gov/redmine/stylesheets/application.css" "Mozilla/5.0 (Windows NT 6.3; WOW64) AppleWebKit/537.36 (KHTML, like Gecko) Chrome/44.0.2403.157 Safari/537.36" 727 592
70.34.7.112 - - [21/Aug/2015:21:57:26 -0400] "GET /redmine/projects/lmmpwiki/wiki HTTP/1.1" 200 9765 "http://pub.lmmp.nasa.gov/redmine/news/9" "Mozilla/5.0 (Windows NT 6.3; WOW64) AppleWebKit/537.36 (KHTML, like Gecko) Chrome/44.0.2403.157 Safari/537.36" 822 10327
70.34.7.112 - - [21/Aug/2015:21:57:27 -0400] "GET /redmine/attachments/download/327 HTTP/1.1" 200 123192 "http://pub.lmmp.nasa.gov/redmine/projects/lmmpwiki/wiki" "Mozilla/5.0 (Windows NT 6.3; WOW64) AppleWebKit/537.36 (KHTML, like Gecko) Chrome/44.0.2403.157 Safari/537.36" 728 123761
70.34.7.112 - - [21/Aug/2015:21:57:27 -0400] "GET /redmine/attachments/download/328 HTTP/1.1" 200 389517 "http://pub.lmmp.nasa.gov/redmine/projects/lmmpwiki/wiki" "Mozilla/5.0 (Windows NT 6.3; WOW64) AppleWebKit/537.36 (KHTML, like Gecko) Chrome/44.0.2403.157 Safari/537.36" 728 390086
127.0.0.1 - - [21/Aug/2015:21:57:42 -0400] "GET /opensso/namingservice HTTP/1.1" 200 7 "-" "Java/1.5.0_21" 220 183
127.0.0.1 - - [21/Aug/2015:21:57:43 -0400] "GET /opensso/namingservice HTTP/1.1" 200 7 "-" "Java/1.5.0_21" 220 183
137.78.207.218 - - [21/Aug/2015:21:58:05 -0400] "HEAD /LMMPUI/LMMP_CLIENT/LMMP.html HTTP/1.1" 200 - "-" "curl/7.38.0" 110 274
127.0.0.1 - - [21/Aug/2015:21:58:12 -0400] "GET /opensso/namingservice HTTP/1.1" 200 7 "-" "Java/1.5.0_21" 220 183
127.0.0.1 - - [21/Aug/2015:21:58:13 -0400] "GET /opensso/namingservice HTTP/1.1" 200 7 "-" "Java/1.5.0_21" 220 183
127.0.0.1 - - [21/Aug/2015:21:58:42 -0400] "GET /opensso/namingservice HTTP/1.1" 200 7 "-" "Java/1.5.0_21" 220 183
127.0.0.1 - - [21/Aug/2015:21:58:43 -0400] "GET /opensso/namingservice HTTP/1.1" 200 7 "-" "Java/1.5.0_21" 220 183
66.249.64.173 - - [21/Aug/2015:21:58:54 -0400] "GET /redmine/issues/gantt?month=5&months=6&year=2838&zoom=3 HTTP/1.1" 200 51459 "-" "Mozilla/5.0 (compatible; Googlebot/2.1; +http://www.google.com/bot.html)" 345 52148
70.34.7.112 - - [21/Aug/2015:21:59:09 -0400] "GET /redmine/projects/lmmpwiki/wiki/ILIADS HTTP/1.1" 200 8941 "http://pub.lmmp.nasa.gov/redmine/projects/lmmpwiki/wiki" "Mozilla/5.0 (Windows NT 6.3; WOW64) AppleWebKit/537.36 (KHTML, like Gecko) Chrome/44.0.2403.157 Safari/537.36" 845 9503
127.0.0.1 - - [21/Aug/2015:21:59:12 -0400] "GET /opensso/namingservice HTTP/1.1" 200 7 "-" "Java/1.5.0_21" 220 183
127.0.0.1 - - [21/Aug/2015:21:59:13 -0400] "GET /opensso/namingservice HTTP/1.1" 200 7 "-" "Java/1.5.0_21" 220 183
70.34.7.112 - - [21/Aug/2015:21:59:30 -0400] "GET /redmine/projects/lmmpwiki/wiki/Portal_Demonstration HTTP/1.1" 200 7650 "http://pub.lmmp.nasa.gov/redmine/projects/lmmpwiki/wiki/ILIADS" "Mozilla/5.0 (Windows NT 6.3; WOW64) AppleWebKit/537.36 (KHTML, like Gecko) Chrome/44.0.2403.157 Safari/537.36" 866 8212
127.0.0.1 - - [21/Aug/2015:21:59:42 -0400] "GET /opensso/namingservice HTTP/1.1" 200 7 "-" "Java/1.5.0_21" 220 183
127.0.0.1 - - [21/Aug/2015:21:59:43 -0400] "GET /opensso/namingservice HTTP/1.1" 200 7 "-" "Java/1.5.0_21" 220 183
127.0.0.1 - - [21/Aug/2015:22:00:12 -0400] "GET /opensso/namingservice HTTP/1.1" 200 7 "-" "Java/1.5.0_21" 220 183
127.0.0.1 - - [21/Aug/2015:22:00:13 -0400] "GET /opensso/namingservice HTTP/1.1" 200 7 "-" "Java/1.5.0_21" 220 183
70.34.7.112 - - [21/Aug/2015:22:00:13 -0400] "GET /opensso/identity/isTokenValid?iPlanetDirectoryPro=AQIC5wM2LY4Sfcz1afr2jMGhNDBJPCjZBRyeGOZ0jUaRb3c%3D%40AAJTSQACMDE%3D%23 HTTP/1.1" 200 13 "http://pub.lmmp.nasa.gov/LMMPUI/LMMP_CLIENT/LMMP.html" "Mozilla/5.0 (Windows NT 6.3; WOW64) AppleWebKit/537.36 (KHTML, like Gecko) Chrome/44.0.2403.157 Safari/537.36" 842 171
70.34.7.112 - - [21/Aug/2015:22:00:13 -0400] "GET /opensso/identity/isTokenValid?iPlanetDirectoryPro=AQIC5wM2LY4Sfcz1afr2jMGhNDBJPCjZBRyeGOZ0jUaRb3c%3D%40AAJTSQACMDE%3D%23 HTTP/1.1" 200 13 "http://pub.lmmp.nasa.gov/LMMPUI/LMMP_CLIENT/LMMP.html" "Mozilla/5.0 (Windows NT 6.3; WOW64) AppleWebKit/537.36 (KHTML, like Gecko) Chrome/44.0.2403.157 Safari/537.36" 842 170
70.34.7.112 - - [21/Aug/2015:22:00:13 -0400] "GET /opensso/identity/isTokenValid?iPlanetDirectoryPro=AQIC5wM2LY4Sfcz1afr2jMGhNDBJPCjZBRyeGOZ0jUaRb3c%3D%40AAJTSQACMDE%3D%23 HTTP/1.1" 200 13 "http://pub.lmmp.nasa.gov/LMMPUI/LMMP_CLIENT/LMMP.html" "Mozilla/5.0 (Windows NT 6.3; WOW64) AppleWebKit/537.36 (KHTML, like Gecko) Chrome/44.0.2403.157 Safari/537.36" 842 170
70.34.7.112 - - [21/Aug/2015:22:00:14 -0400] "GET /crossdomain.xml HTTP/1.1" 200 295 "http://pub.lmmp.nasa.gov/" "Mozilla/5.0 (Windows NT 6.3; WOW64) AppleWebKit/537.36 (KHTML, like Gecko) Chrome/44.0.2403.157 Safari/537.36" 1126 4733
127.0.0.1 - - [21/Aug/2015:22:00:14 -0400] "POST /opensso/sessionservice HTTP/1.1" 200 2016 "-" "Java/1.5.0_21" 819 2194
127.0.0.1 - - [21/Aug/2015:22:00:14 -0400] "POST /opensso/policyservice HTTP/1.1" 200 9465 "-" "Java/1.5.0_21" 1117 9650
70.34.7.112 - - [21/Aug/2015:22:00:14 -0400] "GET /LMMP/rest/dbxml/valsrvc?uuid=&iPlanetDirectoryPro=AQIC5wM2LY4Sfcz1afr2jMGhNDBJPCjZBRyeGOZ0jUaRb3c%3D%40AAJTSQACMDE%3D%23 HTTP/1.1" 200 31 "http://pub.lmmp.nasa.gov/" "Mozilla/5.0 (Windows NT 6.3; WOW64) AppleWebKit/537.36 (KHTML, like Gecko) Chrome/44.0.2403.157 Safari/537.36" 938 377
70.34.7.112 - - [21/Aug/2015:22:00:14 -0400] "GET /LMMP/rest/dbxml/valsrvc?uuid=&iPlanetDirectoryPro=AQIC5wM2LY4Sfcz1afr2jMGhNDBJPCjZBRyeGOZ0jUaRb3c%3D%40AAJTSQACMDE%3D%23 HTTP/1.1" 200 31 "http://pub.lmmp.nasa.gov/" "Mozilla/5.0 (Windows NT 6.3; WOW64) AppleWebKit/537.36 (KHTML, like Gecko) Chrome/44.0.2403.157 Safari/537.36" 938 377
70.34.7.112 - - [21/Aug/2015:22:00:14 -0400] "GET /LMMP/rest/dbxml/valsrvc?uuid=&iPlanetDirectoryPro=AQIC5wM2LY4Sfcz1afr2jMGhNDBJPCjZBRyeGOZ0jUaRb3c%3D%40AAJTSQACMDE%3D%23 HTTP/1.1" 200 31 "http://pub.lmmp.nasa.gov/" "Mozilla/5.0 (Windows NT 6.3; WOW64) AppleWebKit/537.36 (KHTML, like Gecko) Chrome/44.0.2403.157 Safari/537.36" 938 377
127.0.0.1 - - [21/Aug/2015:22:00:42 -0400] "GET /opensso/namingservice HTTP/1.1" 200 7 "-" "Java/1.5.0_21" 220 183
127.0.0.1 - - [21/Aug/2015:22:00:43 -0400] "GET /opensso/namingservice HTTP/1.1" 200 7 "-" "Java/1.5.0_21" 220 183
127.0.0.1 - - [21/Aug/2015:22:01:12 -0400] "GET /opensso/namingservice HTTP/1.1" 200 7 "-" "Java/1.5.0_21" 220 183
127.0.0.1 - - [21/Aug/2015:22:01:13 -0400] "GET /opensso/namingservice HTTP/1.1" 200 7 "-" "Java/1.5.0_21" 220 183
127.0.0.1 - - [21/Aug/2015:22:01:42 -0400] "GET /opensso/namingservice HTTP/1.1" 200 7 "-" "Java/1.5.0_21" 220 183
127.0.0.1 - - [21/Aug/2015:22:01:43 -0400] "GET /opensso/namingservice HTTP/1.1" 200 7 "-" "Java/1.5.0_21" 220 183
70.34.7.112 - - [21/Aug/2015:22:01:47 -0400] "GET /opensso/identity/isTokenValid?iPlanetDirectoryPro=AQIC5wM2LY4Sfcz1afr2jMGhNDBJPCjZBRyeGOZ0jUaRb3c%3D%40AAJTSQACMDE%3D%23 HTTP/1.1" 200 13 "http://pub.lmmp.nasa.gov/LMMPUI/LMMP_CLIENT/LMMP.html" "Mozilla/5.0 (Windows NT 6.3; WOW64) AppleWebKit/537.36 (KHTML, like Gecko) Chrome/44.0.2403.157 Safari/537.36" 842 171
127.0.0.1 - - [21/Aug/2015:22:01:47 -0400] "POST /opensso/policyservice HTTP/1.1" 200 9463 "-" "Java/1.5.0_21" 1115 9649
127.0.0.1 - - [21/Aug/2015:22:01:47 -0400] "POST /opensso/jaxrpc/SMSObjectIF HTTP/1.1" 200 505 "-" "Java/1.5.0_21" 847 766
127.0.0.1 - - [21/Aug/2015:22:01:47 -0400] "POST /opensso/jaxrpc/DirectoryManagerIF HTTP/1.1" 200 1290 "-" "Java/1.5.0_21" 1362 1551
70.34.7.112 - - [21/Aug/2015:22:01:47 -0400] "GET /LMMP/rest/dbxml/fgdc/data?uuid=ecc4bba8-a083-4eb3-bcd3-0d96e8fc7cd4&iPlanetDirectoryPro=AQIC5wM2LY4Sfcz1afr2jMGhNDBJPCjZBRyeGOZ0jUaRb3c%3D%40AAJTSQACMDE%3D%23 HTTP/1.1" 200 91 "http://pub.lmmp.nasa.gov/LMMPUI/LMMP_CLIENT/LMMP.html" "Mozilla/5.0 (Windows NT 6.3; WOW64) AppleWebKit/537.36 (KHTML, like Gecko) Chrome/44.0.2403.157 Safari/537.36" 933 340
127.0.0.1 - - [21/Aug/2015:22:01:54 -0400] "POST /opensso/policyservice HTTP/1.1" 200 9465 "-" "Java/1.5.0_21" 1113 9651
127.0.0.1 - - [21/Aug/2015:22:01:54 -0400] "POST /opensso/jaxrpc/SMSObjectIF HTTP/1.1" 200 505 "-" "Java/1.5.0_21" 847 766
127.0.0.1 - - [21/Aug/2015:22:01:54 -0400] "POST /opensso/jaxrpc/DirectoryManagerIF HTTP/1.1" 200 1290 "-" "Java/1.5.0_21" 1362 1551
127.0.0.1 - - [21/Aug/2015:22:01:54 -0400] "GET /LMMP/rest/dbxml/fgdc/find?xPath=//metadata[//MetadataExts/UUID='ecc4bba8-a083-4eb3-bcd3-0d96e8fc7cd4'] HTTP/1.1" 200 22348 "-" "Jakarta Commons-HttpClient/3.0.1" 716 26359
70.34.7.112 - - [21/Aug/2015:22:01:54 -0400] "GET /LMMP/rest/transform/fgdc/html?uuid=ecc4bba8-a083-4eb3-bcd3-0d96e8fc7cd4 HTTP/1.1" 200 25115 "http://pub.lmmp.nasa.gov/LMMPUI/LMMP_CLIENT/LMMP.html" "Mozilla/5.0 (Windows NT 6.3; WOW64) AppleWebKit/537.36 (KHTML, like Gecko) Chrome/44.0.2403.157 Safari/537.36" 902 25316
127.0.0.1 - - [21/Aug/2015:22:02:12 -0400] "GET /opensso/namingservice HTTP/1.1" 200 7 "-" "Java/1.5.0_21" 220 183
127.0.0.1 - - [21/Aug/2015:22:02:13 -0400] "GET /opensso/namingservice HTTP/1.1" 200 7 "-" "Java/1.5.0_21" 220 183
66.249.64.173 - - [21/Aug/2015:22:02:41 -0400] "GET /redmine/issues/gantt?month=8&months=6&year=1403&zoom=2 HTTP/1.1" 200 30907 "-" "Mozilla/5.0 (compatible; Googlebot/2.1; +http://www.google.com/bot.html)" 345 31596
127.0.0.1 - - [21/Aug/2015:22:02:42 -0400] "GET /opensso/namingservice HTTP/1.1" 200 7 "-" "Java/1.5.0_21" 220 183
127.0.0.1 - - [21/Aug/2015:22:02:43 -0400] "GET /opensso/namingservice HTTP/1.1" 200 7 "-" "Java/1.5.0_21" 220 183
137.78.207.218 - - [21/Aug/2015:22:03:05 -0400] "HEAD /LMMPUI/LMMP_CLIENT/LMMP.html HTTP/1.1" 200 - "-" "curl/7.38.0" 110 274
127.0.0.1 - - [21/Aug/2015:22:03:12 -0400] "GET /opensso/namingservice HTTP/1.1" 200 7 "-" "Java/1.5.0_21" 220 183
127.0.0.1 - - [21/Aug/2015:22:03:13 -0400] "GET /opensso/namingservice HTTP/1.1" 200 7 "-" "Java/1.5.0_21" 220 183
127.0.0.1 - - [21/Aug/2015:22:03:42 -0400] "GET /opensso/namingservice HTTP/1.1" 200 7 "-" "Java/1.5.0_21" 220 183
127.0.0.1 - - [21/Aug/2015:22:03:43 -0400] "GET /opensso/namingservice HTTP/1.1" 200 7 "-" "Java/1.5.0_21" 220 183
127.0.0.1 - - [21/Aug/2015:22:04:12 -0400] "GET /opensso/namingservice HTTP/1.1" 200 7 "-" "Java/1.5.0_21" 220 183
127.0.0.1 - - [21/Aug/2015:22:04:13 -0400] "GET /opensso/namingservice HTTP/1.1" 200 7 "-" "Java/1.5.0_21" 220 183
127.0.0.1 - - [21/Aug/2015:22:04:42 -0400] "GET /opensso/namingservice HTTP/1.1" 200 7 "-" "Java/1.5.0_21" 220 183
127.0.0.1 - - [21/Aug/2015:22:04:43 -0400] "GET /opensso/namingservice HTTP/1.1" 200 7 "-" "Java/1.5.0_21" 220 183
127.0.0.1 - - [21/Aug/2015:22:05:12 -0400] "GET /opensso/namingservice HTTP/1.1" 200 7 "-" "Java/1.5.0_21" 220 183
127.0.0.1 - - [21/Aug/2015:22:05:13 -0400] "GET /opensso/namingservice HTTP/1.1" 200 7 "-" "Java/1.5.0_21" 220 183
127.0.0.1 - - [21/Aug/2015:22:05:42 -0400] "GET /opensso/namingservice HTTP/1.1" 200 7 "-" "Java/1.5.0_21" 220 183
127.0.0.1 - - [21/Aug/2015:22:05:43 -0400] "GET /opensso/namingservice HTTP/1.1" 200 7 "-" "Java/1.5.0_21" 220 183
68.180.228.178 - - [21/Aug/2015:22:05:49 -0400] "GET /redmine/projects/lmmpwiki/wiki/LMMP HTTP/1.1" 200 9765 "-" "Mozilla/5.0 (compatible; Yahoo! Slurp; http://help.yahoo.com/help/us/ysearch/slurp)" 211 10190
127.0.0.1 - - [21/Aug/2015:22:06:12 -0400] "GET /opensso/namingservice HTTP/1.1" 200 7 "-" "Java/1.5.0_21" 220 183
127.0.0.1 - - [21/Aug/2015:22:06:13 -0400] "GET /opensso/namingservice HTTP/1.1" 200 7 "-" "Java/1.5.0_21" 220 183
66.249.64.36 - - [21/Aug/2015:22:06:28 -0400] "GET /redmine/issues/gantt?month=12&months=6&year=2230&zoom=3 HTTP/1.1" 200 51201 "-" "Mozilla/5.0 (compatible; Googlebot/2.1; +http://www.google.com/bot.html)" 711 56129
127.0.0.1 - - [21/Aug/2015:22:06:42 -0400] "GET /opensso/namingservice HTTP/1.1" 200 7 "-" "Java/1.5.0_21" 220 183
127.0.0.1 - - [21/Aug/2015:22:06:43 -0400] "GET /opensso/namingservice HTTP/1.1" 200 7 "-" "Java/1.5.0_21" 220 183
127.0.0.1 - - [21/Aug/2015:22:06:56 -0400] "POST /opensso/sessionservice HTTP/1.1" 200 2018 "-" "Java/1.5.0_21" 819 2196
127.0.0.1 - - [21/Aug/2015:22:06:56 -0400] "POST /opensso/policyservice HTTP/1.1" 200 9463 "-" "Java/1.5.0_21" 1115 9648
127.0.0.1 - - [21/Aug/2015:22:06:56 -0400] "POST /opensso/policyservice HTTP/1.1" 200 9465 "-" "Java/1.5.0_21" 1113 9650
127.0.0.1 - - [21/Aug/2015:22:06:56 -0400] "POST /opensso/jaxrpc/SMSObjectIF HTTP/1.1" 200 505 "-" "Java/1.5.0_21" 847 766
127.0.0.1 - - [21/Aug/2015:22:06:56 -0400] "POST /opensso/jaxrpc/DirectoryManagerIF HTTP/1.1" 200 1290 "-" "Java/1.5.0_21" 1362 1551
127.0.0.1 - - [21/Aug/2015:22:06:56 -0400] "GET /LMMP/rest/dbxml/fgdc/find?xPath=//metadata[//MetadataExts/UUID='d3338b7f-77d2-4200-8a97-0765770e4fee'] HTTP/1.1" 200 23781 "-" "Jakarta Commons-HttpClient/3.0.1" 459 24429
70.34.7.112 - - [21/Aug/2015:22:06:56 -0400] "GET /LMMP/rest/transform/fgdc/html?uuid=d3338b7f-77d2-4200-8a97-0765770e4fee HTTP/1.1" 200 26006 "http://pub.lmmp.nasa.gov/LMMPUI/LMMP_CLIENT/LMMP.html" "Mozilla/5.0 (Windows NT 6.3; WOW64) AppleWebKit/537.36 (KHTML, like Gecko) Chrome/44.0.2403.157 Safari/537.36" 902 26207
127.0.0.1 - - [21/Aug/2015:22:07:12 -0400] "GET /opensso/namingservice HTTP/1.1" 200 7 "-" "Java/1.5.0_21" 220 183
127.0.0.1 - - [21/Aug/2015:22:07:13 -0400] "GET /opensso/namingservice HTTP/1.1" 200 7 "-" "Java/1.5.0_21" 220 183
127.0.0.1 - - [21/Aug/2015:22:07:42 -0400] "GET /opensso/namingservice HTTP/1.1" 200 7 "-" "Java/1.5.0_21" 220 183
127.0.0.1 - - [21/Aug/2015:22:07:43 -0400] "GET /opensso/namingservice HTTP/1.1" 200 7 "-" "Java/1.5.0_21" 220 183
137.78.207.218 - - [21/Aug/2015:22:08:05 -0400] "HEAD /LMMPUI/LMMP_CLIENT/LMMP.html HTTP/1.1" 200 - "-" "curl/7.38.0" 110 274
127.0.0.1 - - [21/Aug/2015:22:08:12 -0400] "GET /opensso/namingservice HTTP/1.1" 200 7 "-" "Java/1.5.0_21" 220 183
127.0.0.1 - - [21/Aug/2015:22:08:13 -0400] "GET /opensso/namingservice HTTP/1.1" 200 7 "-" "Java/1.5.0_21" 220 183
127.0.0.1 - - [21/Aug/2015:22:08:42 -0400] "GET /opensso/namingservice HTTP/1.1" 200 7 "-" "Java/1.5.0_21" 220 183
127.0.0.1 - - [21/Aug/2015:22:08:43 -0400] "GET /opensso/namingservice HTTP/1.1" 200 7 "-" "Java/1.5.0_21" 220 183
127.0.0.1 - - [21/Aug/2015:22:09:12 -0400] "GET /opensso/namingservice HTTP/1.1" 200 7 "-" "Java/1.5.0_21" 220 183
127.0.0.1 - - [21/Aug/2015:22:09:13 -0400] "GET /opensso/namingservice HTTP/1.1" 200 7 "-" "Java/1.5.0_21" 220 183
127.0.0.1 - - [21/Aug/2015:22:09:42 -0400] "GET /opensso/namingservice HTTP/1.1" 200 7 "-" "Java/1.5.0_21" 220 183
127.0.0.1 - - [21/Aug/2015:22:09:43 -0400] "GET /opensso/namingservice HTTP/1.1" 200 7 "-" "Java/1.5.0_21" 220 183
127.0.0.1 - - [21/Aug/2015:22:10:12 -0400] "GET /opensso/namingservice HTTP/1.1" 200 7 "-" "Java/1.5.0_21" 220 183
127.0.0.1 - - [21/Aug/2015:22:10:13 -0400] "GET /opensso/namingservice HTTP/1.1" 200 7 "-" "Java/1.5.0_21" 220 183
66.249.64.168 - - [21/Aug/2015:22:10:15 -0400] "GET /redmine/issues/gantt?month=2&months=6&year=1639&zoom=3 HTTP/1.1" 200 50977 "-" "Mozilla/5.0 (compatible; Googlebot/2.1; +http://www.google.com/bot.html)" 345 51666
127.0.0.1 - - [21/Aug/2015:22:10:42 -0400] "GET /opensso/namingservice HTTP/1.1" 200 7 "-" "Java/1.5.0_21" 220 183
127.0.0.1 - - [21/Aug/2015:22:10:43 -0400] "GET /opensso/namingservice HTTP/1.1" 200 7 "-" "Java/1.5.0_21" 220 183
127.0.0.1 - - [21/Aug/2015:22:10:59 -0400] "POST /opensso/sessionservice HTTP/1.1" 200 2018 "-" "Java/1.5.0_21" 819 2196
127.0.0.1 - - [21/Aug/2015:22:10:59 -0400] "POST /opensso/policyservice HTTP/1.1" 200 9463 "-" "Java/1.5.0_21" 1115 9648
127.0.0.1 - - [21/Aug/2015:22:10:59 -0400] "POST /opensso/policyservice HTTP/1.1" 200 9465 "-" "Java/1.5.0_21" 1113 9650
127.0.0.1 - - [21/Aug/2015:22:10:59 -0400] "POST /opensso/jaxrpc/SMSObjectIF HTTP/1.1" 200 505 "-" "Java/1.5.0_21" 847 766
127.0.0.1 - - [21/Aug/2015:22:10:59 -0400] "POST /opensso/jaxrpc/DirectoryManagerIF HTTP/1.1" 200 1290 "-" "Java/1.5.0_21" 1362 1551
127.0.0.1 - - [21/Aug/2015:22:10:59 -0400] "GET /LMMP/rest/dbxml/fgdc/find?xPath=//metadata[//MetadataExts/UUID='f0d436fb-c2a8-4c33-ba1c-afdf55bbd688'] HTTP/1.1" 200 10841 "-" "Jakarta Commons-HttpClient/3.0.1" 459 11417
70.34.7.112 - - [21/Aug/2015:22:10:59 -0400] "GET /LMMP/rest/transform/fgdc/html?uuid=f0d436fb-c2a8-4c33-ba1c-afdf55bbd688 HTTP/1.1" 200 17711 "http://pub.lmmp.nasa.gov/LMMPUI/LMMP_CLIENT/LMMP.html" "Mozilla/5.0 (Windows NT 6.3; WOW64) AppleWebKit/537.36 (KHTML, like Gecko) Chrome/44.0.2403.157 Safari/537.36" 902 17904
70.34.7.112 - - [21/Aug/2015:22:01:48 -0400] "GET /lmmp-services/data?productID=1202965e-a50c-406f-8383-27869b88d54f HTTP/1.1" 200 411450600 "http://pub.lmmp.nasa.gov/LMMPUI/LMMP_CLIENT/LMMP.html" "Mozilla/5.0 (Windows NT 6.3; WOW64) AppleWebKit/537.36 (KHTML, like Gecko) Chrome/44.0.2403.157 Safari/537.36" 888 411442762
127.0.0.1 - - [21/Aug/2015:22:11:12 -0400] "GET /opensso/namingservice HTTP/1.1" 200 7 "-" "Java/1.5.0_21" 220 183
127.0.0.1 - - [21/Aug/2015:22:11:13 -0400] "GET /opensso/namingservice HTTP/1.1" 200 7 "-" "Java/1.5.0_21" 220 183
127.0.0.1 - - [21/Aug/2015:22:11:42 -0400] "GET /opensso/namingservice HTTP/1.1" 200 7 "-" "Java/1.5.0_21" 220 183
127.0.0.1 - - [21/Aug/2015:22:11:43 -0400] "GET /opensso/namingservice HTTP/1.1" 200 7 "-" "Java/1.5.0_21" 220 183
127.0.0.1 - - [21/Aug/2015:22:12:12 -0400] "GET /opensso/namingservice HTTP/1.1" 200 7 "-" "Java/1.5.0_21" 220 183
127.0.0.1 - - [21/Aug/2015:22:12:13 -0400] "GET /opensso/namingservice HTTP/1.1" 200 7 "-" "Java/1.5.0_21" 220 183
127.0.0.1 - - [21/Aug/2015:22:12:42 -0400] "GET /opensso/namingservice HTTP/1.1" 200 7 "-" "Java/1.5.0_21" 220 183
127.0.0.1 - - [21/Aug/2015:22:12:43 -0400] "GET /opensso/namingservice HTTP/1.1" 200 7 "-" "Java/1.5.0_21" 220 183
70.34.7.112 - - [21/Aug/2015:22:12:59 -0400] "GET /opensso/identity/isTokenValid?iPlanetDirectoryPro=AQIC5wM2LY4Sfcz1afr2jMGhNDBJPCjZBRyeGOZ0jUaRb3c%3D%40AAJTSQACMDE%3D%23 HTTP/1.1" 200 13 "http://pub.lmmp.nasa.gov/LMMPUI/LMMP_CLIENT/LMMP.html" "Mozilla/5.0 (Windows NT 6.3; WOW64) AppleWebKit/537.36 (KHTML, like Gecko) Chrome/44.0.2403.157 Safari/537.36" 842 171
70.34.7.112 - - [21/Aug/2015:22:13:00 -0400] "GET /opensso/identity/isTokenValid?iPlanetDirectoryPro=AQIC5wM2LY4Sfcz1afr2jMGhNDBJPCjZBRyeGOZ0jUaRb3c%3D%40AAJTSQACMDE%3D%23 HTTP/1.1" 200 13 "http://pub.lmmp.nasa.gov/LMMPUI/LMMP_CLIENT/LMMP.html" "Mozilla/5.0 (Windows NT 6.3; WOW64) AppleWebKit/537.36 (KHTML, like Gecko) Chrome/44.0.2403.157 Safari/537.36" 842 170
127.0.0.1 - - [21/Aug/2015:22:13:00 -0400] "POST /opensso/jaxrpc/SMSObjectIF HTTP/1.1" 200 505 "-" "Java/1.5.0_21" 847 767
127.0.0.1 - - [21/Aug/2015:22:13:00 -0400] "POST /opensso/jaxrpc/DirectoryManagerIF HTTP/1.1" 200 1290 "-" "Java/1.5.0_21" 1362 1551
70.34.7.112 - - [21/Aug/2015:22:13:00 -0400] "GET /LMMP/rest/dbxml/layers?proj=IAU2000:30100&visOnly=true&sort=InstrumentType%2Ctitle&iPlanetDirectoryPro=AQIC5wM2LY4Sfcz1afr2jMGhNDBJPCjZBRyeGOZ0jUaRb3c%3D%40AAJTSQACMDE%3D%23 HTTP/1.1" 200 841961 "http://pub.lmmp.nasa.gov/LMMPUI/LMMP_CLIENT/LMMP.html" "Mozilla/5.0 (Windows NT 6.3; WOW64) AppleWebKit/537.36 (KHTML, like Gecko) Chrome/44.0.2403.157 Safari/537.36" 948 843026
70.34.7.112 - - [21/Aug/2015:22:13:05 -0400] "GET /opensso/identity/isTokenValid?iPlanetDirectoryPro=AQIC5wM2LY4Sfcz1afr2jMGhNDBJPCjZBRyeGOZ0jUaRb3c%3D%40AAJTSQACMDE%3D%23 HTTP/1.1" 200 13 "http://pub.lmmp.nasa.gov/LMMPUI/LMMP_CLIENT/LMMP.html" "Mozilla/5.0 (Windows NT 6.3; WOW64) AppleWebKit/537.36 (KHTML, like Gecko) Chrome/44.0.2403.157 Safari/537.36" 842 170
127.0.0.1 - - [21/Aug/2015:22:13:05 -0400] "POST /opensso/jaxrpc/SMSObjectIF HTTP/1.1" 200 505 "-" "Java/1.5.0_21" 847 767
127.0.0.1 - - [21/Aug/2015:22:13:05 -0400] "POST /opensso/jaxrpc/DirectoryManagerIF HTTP/1.1" 200 1290 "-" "Java/1.5.0_21" 1362 1551
137.78.207.218 - - [21/Aug/2015:22:13:06 -0400] "HEAD /LMMPUI/LMMP_CLIENT/LMMP.html HTTP/1.1" 200 - "-" "curl/7.38.0" 110 274
70.34.7.112 - - [21/Aug/2015:22:13:05 -0400] "GET /LMMP/rest/dbxml/layers/int?proj=IAU2000:30100&sort=InstrumentType%2Ctitle&iPlanetDirectoryPro=AQIC5wM2LY4Sfcz1afr2jMGhNDBJPCjZBRyeGOZ0jUaRb3c%3D%40AAJTSQACMDE%3D%23 HTTP/1.1" 200 354600 "http://pub.lmmp.nasa.gov/LMMPUI/LMMP_CLIENT/LMMP.html" "Mozilla/5.0 (Windows NT 6.3; WOW64) AppleWebKit/537.36 (KHTML, like Gecko) Chrome/44.0.2403.157 Safari/537.36" 939 355192
70.34.7.112 - - [21/Aug/2015:22:13:08 -0400] "GET /opensso/identity/isTokenValid?iPlanetDirectoryPro=AQIC5wM2LY4Sfcz1afr2jMGhNDBJPCjZBRyeGOZ0jUaRb3c%3D%40AAJTSQACMDE%3D%23 HTTP/1.1" 200 13 "http://pub.lmmp.nasa.gov/LMMPUI/LMMP_CLIENT/LMMP.html" "Mozilla/5.0 (Windows NT 6.3; WOW64) AppleWebKit/537.36 (KHTML, like Gecko) Chrome/44.0.2403.157 Safari/537.36" 842 170
127.0.0.1 - - [21/Aug/2015:22:13:12 -0400] "GET /opensso/namingservice HTTP/1.1" 200 7 "-" "Java/1.5.0_21" 220 183
127.0.0.1 - - [21/Aug/2015:22:13:13 -0400] "GET /opensso/namingservice HTTP/1.1" 200 7 "-" "Java/1.5.0_21" 220 183
127.0.0.1 - - [21/Aug/2015:22:13:42 -0400] "GET /opensso/namingservice HTTP/1.1" 200 7 "-" "Java/1.5.0_21" 220 183
127.0.0.1 - - [21/Aug/2015:22:13:43 -0400] "GET /opensso/namingservice HTTP/1.1" 200 7 "-" "Java/1.5.0_21" 220 183
70.34.7.112 - - [21/Aug/2015:22:13:54 -0400] "GET /opensso/identity/isTokenValid?iPlanetDirectoryPro=AQIC5wM2LY4Sfcz1afr2jMGhNDBJPCjZBRyeGOZ0jUaRb3c%3D%40AAJTSQACMDE%3D%23 HTTP/1.1" 200 13 "http://pub.lmmp.nasa.gov/LMMPUI/LMMP_CLIENT/LMMP.html" "Mozilla/5.0 (Windows NT 6.3; WOW64) AppleWebKit/537.36 (KHTML, like Gecko) Chrome/44.0.2403.157 Safari/537.36" 842 171
127.0.0.1 - - [21/Aug/2015:22:13:54 -0400] "POST /opensso/policyservice HTTP/1.1" 200 9465 "-" "Java/1.5.0_21" 1117 9651
70.34.7.112 - - [21/Aug/2015:22:13:54 -0400] "GET /LMMP/rest/dbxml/valsrvc?uuid=f5a68a55%2D8777%2D4c83%2D83fc%2D7865188d395c&iPlanetDirectoryPro=AQIC5wM2LY4Sfcz1afr2jMGhNDBJPCjZBRyeGOZ0jUaRb3c%3D%40AAJTSQACMDE%3D%23 HTTP/1.1" 200 813 "http://pub.lmmp.nasa.gov/" "Mozilla/5.0 (Windows NT 6.3; WOW64) AppleWebKit/537.36 (KHTML, like Gecko) Chrome/44.0.2403.157 Safari/537.36" 1562 1306
66.249.64.168 - - [21/Aug/2015:22:14:02 -0400] "GET /redmine/issues/calendar?month=6&year=2000 HTTP/1.1" 200 27536 "-" "Mozilla/5.0 (compatible; Googlebot/2.1; +http://www.google.com/bot.html)" 332 28225
127.0.0.1 - - [21/Aug/2015:22:14:12 -0400] "GET /opensso/namingservice HTTP/1.1" 200 7 "-" "Java/1.5.0_21" 220 183
127.0.0.1 - - [21/Aug/2015:22:14:13 -0400] "GET /opensso/namingservice HTTP/1.1" 200 7 "-" "Java/1.5.0_21" 220 183
70.34.7.112 - - [21/Aug/2015:22:14:34 -0400] "GET /LMMPUI/LMMP_CLIENT/LMMP.html HTTP/1.1" 304 - "http://nasa3d.arc.nasa.gov/" "Mozilla/5.0 (Windows NT 6.3; WOW64) AppleWebKit/537.36 (KHTML, like Gecko) Chrome/44.0.2403.157 Safari/537.36" 909 225
70.34.7.112 - - [21/Aug/2015:22:14:35 -0400] "GET /LMMPUI/LMMP_CLIENT/history/history.css HTTP/1.1" 304 - "http://pub.lmmp.nasa.gov/LMMPUI/LMMP_CLIENT/LMMP.html" "Mozilla/5.0 (Windows NT 6.3; WOW64) AppleWebKit/537.36 (KHTML, like Gecko) Chrome/44.0.2403.157 Safari/537.36" 858 223
70.34.7.112 - - [21/Aug/2015:22:14:35 -0400] "GET /LMMPUI/LMMP_CLIENT/history/history.js HTTP/1.1" 304 - "http://pub.lmmp.nasa.gov/LMMPUI/LMMP_CLIENT/LMMP.html" "Mozilla/5.0 (Windows NT 6.3; WOW64) AppleWebKit/537.36 (KHTML, like Gecko) Chrome/44.0.2403.157 Safari/537.36" 844 226
70.34.7.112 - - [21/Aug/2015:22:14:35 -0400] "GET /LMMPUI/LMMP_CLIENT/swfobject.js HTTP/1.1" 304 - "http://pub.lmmp.nasa.gov/LMMPUI/LMMP_CLIENT/LMMP.html" "Mozilla/5.0 (Windows NT 6.3; WOW64) AppleWebKit/537.36 (KHTML, like Gecko) Chrome/44.0.2403.157 Safari/537.36" 838 226
70.34.7.112 - - [21/Aug/2015:22:14:35 -0400] "GET /LMMPUI/LMMP_CLIENT/LMMP_WB.swf HTTP/1.1" 304 - "http://pub.lmmp.nasa.gov/LMMPUI/LMMP_CLIENT/LMMP.html" "Mozilla/5.0 (Windows NT 6.3; WOW64) AppleWebKit/537.36 (KHTML, like Gecko) Chrome/44.0.2403.157 Safari/537.36" 883 226
70.34.7.112 - - [21/Aug/2015:22:14:36 -0400] "GET /LMMPUI/LMMP_CLIENT/config/config.xml?1440209673552 HTTP/1.1" 200 12261 "http://pub.lmmp.nasa.gov/LMMPUI/LMMP_CLIENT/LMMP.html" "Mozilla/5.0 (Windows NT 6.3; WOW64) AppleWebKit/537.36 (KHTML, like Gecko) Chrome/44.0.2403.157 Safari/537.36" 786 12598
70.34.7.112 - - [21/Aug/2015:22:14:36 -0400] "GET /LMMPUI/LMMP_CLIENT/homepage/features.xml?v=1440209673610 HTTP/1.1" 200 1611 "http://pub.lmmp.nasa.gov/LMMPUI/LMMP_CLIENT/LMMP.html" "Mozilla/5.0 (Windows NT 6.3; WOW64) AppleWebKit/537.36 (KHTML, like Gecko) Chrome/44.0.2403.157 Safari/537.36" 792 1946
127.0.0.1 - - [21/Aug/2015:22:14:36 -0400] "POST /opensso/sessionservice HTTP/1.1" 200 2018 "-" "Java/1.5.0_21" 714 2196
127.0.0.1 - - [21/Aug/2015:22:14:36 -0400] "GET /openssorest/token/localldap HTTP/1.1" 200 62 "-" "Java/1.5.0_21" 277 239
70.34.7.112 - - [21/Aug/2015:22:14:36 -0400] "GET /LMMPUI/rest/proxy/proxyService?cs=bG1tcGd1ZXN0fGd1ZXN0bG1tcHxodHRwOi8vcHViLmxtbXAubmFzYS5nb3Yvb3BlbnNzb3Jlc3QvdG9rZW4vbG9jYWxsZGFw HTTP/1.1" 200 63 "http://pub.lmmp.nasa.gov/LMMPUI/LMMP_CLIENT/LMMP.html" "Mozilla/5.0 (Windows NT 6.3; WOW64) AppleWebKit/537.36 (KHTML, like Gecko) Chrome/44.0.2403.157 Safari/537.36" 852 238
70.34.7.112 - - [21/Aug/2015:22:14:36 -0400] "POST /openssorest/token/localldap HTTP/1.1" 200 62 "http://pub.lmmp.nasa.gov/LMMPUI/LMMP_CLIENT/LMMP_WB.swf/[[DYNAMIC]]/11" "Mozilla/5.0 (Windows NT 6.3; WOW64) AppleWebKit/537.36 (KHTML, like Gecko) Chrome/44.0.2403.157 Safari/537.36" 926 238
70.34.7.112 - - [21/Aug/2015:22:14:37 -0400] "GET /opensso/identity/isTokenValid?iPlanetDirectoryPro=AQIC5wM2LY4Sfcz1afr2jMGhNDBJPCjZBRyeGOZ0jUaRb3c%3D%40AAJTSQACMDE%3D%23 HTTP/1.1" 200 13 "http://pub.lmmp.nasa.gov/LMMPUI/LMMP_CLIENT/LMMP.html" "Mozilla/5.0 (Windows NT 6.3; WOW64) AppleWebKit/537.36 (KHTML, like Gecko) Chrome/44.0.2403.157 Safari/537.36" 842 170
70.34.7.112 - - [21/Aug/2015:22:14:37 -0400] "GET /opensso/identity/isTokenValid?iPlanetDirectoryPro=AQIC5wM2LY4Sfcz1afr2jMGhNDBJPCjZBRyeGOZ0jUaRb3c%3D%40AAJTSQACMDE%3D%23 HTTP/1.1" 200 13 "http://pub.lmmp.nasa.gov/LMMPUI/LMMP_CLIENT/LMMP.html" "Mozilla/5.0 (Windows NT 6.3; WOW64) AppleWebKit/537.36 (KHTML, like Gecko) Chrome/44.0.2403.157 Safari/537.36" 842 170
70.34.7.112 - - [21/Aug/2015:22:14:37 -0400] "GET /opensso/identity/attributes?iPlanetDirectoryPro=AQIC5wM2LY4Sfcz1afr2jMGhNDBJPCjZBRyeGOZ0jUaRb3c%3D%40AAJTSQACMDE%3D%23 HTTP/1.1" 200 981 "http://pub.lmmp.nasa.gov/LMMPUI/LMMP_CLIENT/LMMP.html" "Mozilla/5.0 (Windows NT 6.3; WOW64) AppleWebKit/537.36 (KHTML, like Gecko) Chrome/44.0.2403.157 Safari/537.36" 840 1139
127.0.0.1 - - [21/Aug/2015:22:14:37 -0400] "POST /opensso/sessionservice HTTP/1.1" 200 2016 "-" "Java/1.5.0_21" 819 2194
127.0.0.1 - - [21/Aug/2015:22:14:37 -0400] "POST /opensso/policyservice HTTP/1.1" 200 9463 "-" "Java/1.5.0_21" 1115 9648
127.0.0.1 - - [21/Aug/2015:22:14:37 -0400] "POST /opensso/jaxrpc/SMSObjectIF HTTP/1.1" 200 505 "-" "Java/1.5.0_21" 847 766
127.0.0.1 - - [21/Aug/2015:22:14:37 -0400] "POST /opensso/jaxrpc/DirectoryManagerIF HTTP/1.1" 200 1290 "-" "Java/1.5.0_21" 1362 1551
70.34.7.112 - - [21/Aug/2015:22:14:37 -0400] "GET /LMMP/rest/dbxml/resources?iPlanetDirectoryPro=AQIC5wM2LY4Sfcz1afr2jMGhNDBJPCjZBRyeGOZ0jUaRb3c%3D%40AAJTSQACMDE%3D%23 HTTP/1.1" 200 2827 "http://pub.lmmp.nasa.gov/LMMPUI/LMMP_CLIENT/LMMP.html" "Mozilla/5.0 (Windows NT 6.3; WOW64) AppleWebKit/537.36 (KHTML, like Gecko) Chrome/44.0.2403.157 Safari/537.36" 891 3002
70.34.7.112 - - [21/Aug/2015:22:14:37 -0400] "GET /opensso/identity/isTokenValid?iPlanetDirectoryPro=AQIC5wM2LY4Sfcz1afr2jMGhNDBJPCjZBRyeGOZ0jUaRb3c%3D%40AAJTSQACMDE%3D%23 HTTP/1.1" 200 13 "http://pub.lmmp.nasa.gov/LMMPUI/LMMP_CLIENT/LMMP.html" "Mozilla/5.0 (Windows NT 6.3; WOW64) AppleWebKit/537.36 (KHTML, like Gecko) Chrome/44.0.2403.157 Safari/537.36" 842 170
70.34.7.112 - - [21/Aug/2015:22:14:37 -0400] "GET /opensso/identity/isTokenValid?iPlanetDirectoryPro=AQIC5wM2LY4Sfcz1afr2jMGhNDBJPCjZBRyeGOZ0jUaRb3c%3D%40AAJTSQACMDE%3D%23 HTTP/1.1" 200 13 "http://pub.lmmp.nasa.gov/LMMPUI/LMMP_CLIENT/LMMP.html" "Mozilla/5.0 (Windows NT 6.3; WOW64) AppleWebKit/537.36 (KHTML, like Gecko) Chrome/44.0.2403.157 Safari/537.36" 842 170
70.34.7.112 - - [21/Aug/2015:22:14:37 -0400] "GET /opensso/identity/isTokenValid?iPlanetDirectoryPro=AQIC5wM2LY4Sfcz1afr2jMGhNDBJPCjZBRyeGOZ0jUaRb3c%3D%40AAJTSQACMDE%3D%23 HTTP/1.1" 200 13 "http://pub.lmmp.nasa.gov/LMMPUI/LMMP_CLIENT/LMMP.html" "Mozilla/5.0 (Windows NT 6.3; WOW64) AppleWebKit/537.36 (KHTML, like Gecko) Chrome/44.0.2403.157 Safari/537.36" 842 170
70.34.7.112 - - [21/Aug/2015:22:14:37 -0400] "GET /opensso/identity/isTokenValid?iPlanetDirectoryPro=AQIC5wM2LY4Sfcz1afr2jMGhNDBJPCjZBRyeGOZ0jUaRb3c%3D%40AAJTSQACMDE%3D%23 HTTP/1.1" 200 13 "http://pub.lmmp.nasa.gov/LMMPUI/LMMP_CLIENT/LMMP.html" "Mozilla/5.0 (Windows NT 6.3; WOW64) AppleWebKit/537.36 (KHTML, like Gecko) Chrome/44.0.2403.157 Safari/537.36" 842 170
