127.0.0.1 - - [17/Jan/2016:20:52:08 -0500] "GET /opensso/namingservice HTTP/1.1" 200 7 "-" "Java/1.5.0_21" 220 183
127.0.0.1 - - [17/Jan/2016:20:52:12 -0500] "GET /opensso/namingservice HTTP/1.1" 200 7 "-" "Java/1.5.0_21" 220 183
127.0.0.1 - - [17/Jan/2016:20:52:38 -0500] "GET /opensso/namingservice HTTP/1.1" 200 7 "-" "Java/1.5.0_21" 220 183
127.0.0.1 - - [17/Jan/2016:20:52:42 -0500] "GET /opensso/namingservice HTTP/1.1" 200 7 "-" "Java/1.5.0_21" 220 183
127.0.0.1 - - [17/Jan/2016:20:53:08 -0500] "GET /opensso/namingservice HTTP/1.1" 200 7 "-" "Java/1.5.0_21" 220 183
127.0.0.1 - - [17/Jan/2016:20:53:12 -0500] "GET /opensso/namingservice HTTP/1.1" 200 7 "-" "Java/1.5.0_21" 220 183
127.0.0.1 - - [17/Jan/2016:20:53:38 -0500] "GET /opensso/namingservice HTTP/1.1" 200 7 "-" "Java/1.5.0_21" 220 183
127.0.0.1 - - [17/Jan/2016:20:53:42 -0500] "GET /opensso/namingservice HTTP/1.1" 200 7 "-" "Java/1.5.0_21" 220 183
127.0.0.1 - - [17/Jan/2016:20:54:08 -0500] "GET /opensso/namingservice HTTP/1.1" 200 7 "-" "Java/1.5.0_21" 220 183
127.0.0.1 - - [17/Jan/2016:20:54:12 -0500] "GET /opensso/namingservice HTTP/1.1" 200 7 "-" "Java/1.5.0_21" 220 183
127.0.0.1 - - [17/Jan/2016:20:54:38 -0500] "GET /opensso/namingservice HTTP/1.1" 200 7 "-" "Java/1.5.0_21" 220 183
127.0.0.1 - - [17/Jan/2016:20:54:42 -0500] "GET /opensso/namingservice HTTP/1.1" 200 7 "-" "Java/1.5.0_21" 220 183
127.0.0.1 - - [17/Jan/2016:20:55:08 -0500] "GET /opensso/namingservice HTTP/1.1" 200 7 "-" "Java/1.5.0_21" 220 183
127.0.0.1 - - [17/Jan/2016:20:55:12 -0500] "GET /opensso/namingservice HTTP/1.1" 200 7 "-" "Java/1.5.0_21" 220 183
127.0.0.1 - - [17/Jan/2016:20:55:38 -0500] "GET /opensso/namingservice HTTP/1.1" 200 7 "-" "Java/1.5.0_21" 220 183
127.0.0.1 - - [17/Jan/2016:20:55:42 -0500] "GET /opensso/namingservice HTTP/1.1" 200 7 "-" "Java/1.5.0_21" 220 183
137.78.207.218 - - [17/Jan/2016:20:55:51 -0500] "HEAD /LMMPUI/LMMP_CLIENT/LMMP.html HTTP/1.1" 200 - "-" "curl/7.38.0" 110 274
127.0.0.1 - - [17/Jan/2016:20:56:08 -0500] "GET /opensso/namingservice HTTP/1.1" 200 7 "-" "Java/1.5.0_21" 220 183
127.0.0.1 - - [17/Jan/2016:20:56:12 -0500] "GET /opensso/namingservice HTTP/1.1" 200 7 "-" "Java/1.5.0_21" 220 183
127.0.0.1 - - [17/Jan/2016:20:56:38 -0500] "GET /opensso/namingservice HTTP/1.1" 200 7 "-" "Java/1.5.0_21" 220 183
127.0.0.1 - - [17/Jan/2016:20:56:42 -0500] "GET /opensso/namingservice HTTP/1.1" 200 7 "-" "Java/1.5.0_21" 220 183
127.0.0.1 - - [17/Jan/2016:20:57:08 -0500] "GET /opensso/namingservice HTTP/1.1" 200 7 "-" "Java/1.5.0_21" 220 183
127.0.0.1 - - [17/Jan/2016:20:57:12 -0500] "GET /opensso/namingservice HTTP/1.1" 200 7 "-" "Java/1.5.0_21" 220 183
127.0.0.1 - - [17/Jan/2016:20:57:38 -0500] "GET /opensso/namingservice HTTP/1.1" 200 7 "-" "Java/1.5.0_21" 220 183
127.0.0.1 - - [17/Jan/2016:20:57:42 -0500] "GET /opensso/namingservice HTTP/1.1" 200 7 "-" "Java/1.5.0_21" 220 183
127.0.0.1 - - [17/Jan/2016:20:58:08 -0500] "GET /opensso/namingservice HTTP/1.1" 200 7 "-" "Java/1.5.0_21" 220 183
127.0.0.1 - - [17/Jan/2016:20:58:12 -0500] "GET /opensso/namingservice HTTP/1.1" 200 7 "-" "Java/1.5.0_21" 220 183
127.0.0.1 - - [17/Jan/2016:20:58:38 -0500] "GET /opensso/namingservice HTTP/1.1" 200 7 "-" "Java/1.5.0_21" 220 183
127.0.0.1 - - [17/Jan/2016:20:58:42 -0500] "GET /opensso/namingservice HTTP/1.1" 200 7 "-" "Java/1.5.0_21" 220 183
127.0.0.1 - - [17/Jan/2016:20:59:08 -0500] "GET /opensso/namingservice HTTP/1.1" 200 7 "-" "Java/1.5.0_21" 220 183
127.0.0.1 - - [17/Jan/2016:20:59:12 -0500] "GET /opensso/namingservice HTTP/1.1" 200 7 "-" "Java/1.5.0_21" 220 183
127.0.0.1 - - [17/Jan/2016:20:59:38 -0500] "GET /opensso/namingservice HTTP/1.1" 200 7 "-" "Java/1.5.0_21" 220 183
127.0.0.1 - - [17/Jan/2016:20:59:42 -0500] "GET /opensso/namingservice HTTP/1.1" 200 7 "-" "Java/1.5.0_21" 220 183
127.0.0.1 - - [17/Jan/2016:21:00:08 -0500] "GET /opensso/namingservice HTTP/1.1" 200 7 "-" "Java/1.5.0_21" 220 183
127.0.0.1 - - [17/Jan/2016:21:00:12 -0500] "GET /opensso/namingservice HTTP/1.1" 200 7 "-" "Java/1.5.0_21" 220 183
127.0.0.1 - - [17/Jan/2016:21:00:38 -0500] "GET /opensso/namingservice HTTP/1.1" 200 7 "-" "Java/1.5.0_21" 220 183
127.0.0.1 - - [17/Jan/2016:21:00:42 -0500] "GET /opensso/namingservice HTTP/1.1" 200 7 "-" "Java/1.5.0_21" 220 183
137.78.207.218 - - [17/Jan/2016:21:00:51 -0500] "HEAD /LMMPUI/LMMP_CLIENT/LMMP.html HTTP/1.1" 200 - "-" "curl/7.38.0" 110 274
127.0.0.1 - - [17/Jan/2016:21:01:08 -0500] "GET /opensso/namingservice HTTP/1.1" 200 7 "-" "Java/1.5.0_21" 220 183
127.0.0.1 - - [17/Jan/2016:21:01:12 -0500] "GET /opensso/namingservice HTTP/1.1" 200 7 "-" "Java/1.5.0_21" 220 183
127.0.0.1 - - [17/Jan/2016:21:01:38 -0500] "GET /opensso/namingservice HTTP/1.1" 200 7 "-" "Java/1.5.0_21" 220 183
127.0.0.1 - - [17/Jan/2016:21:01:42 -0500] "GET /opensso/namingservice HTTP/1.1" 200 7 "-" "Java/1.5.0_21" 220 183
127.0.0.1 - - [17/Jan/2016:21:02:08 -0500] "GET /opensso/namingservice HTTP/1.1" 200 7 "-" "Java/1.5.0_21" 220 183
127.0.0.1 - - [17/Jan/2016:21:02:12 -0500] "GET /opensso/namingservice HTTP/1.1" 200 7 "-" "Java/1.5.0_21" 220 183
127.0.0.1 - - [17/Jan/2016:21:02:38 -0500] "GET /opensso/namingservice HTTP/1.1" 200 7 "-" "Java/1.5.0_21" 220 183
127.0.0.1 - - [17/Jan/2016:21:02:42 -0500] "GET /opensso/namingservice HTTP/1.1" 200 7 "-" "Java/1.5.0_21" 220 183
66.249.66.171 - - [17/Jan/2016:21:02:53 -0500] "GET /redmine/issues/calendar?month=10&year=2012 HTTP/1.1" 200 27547 "-" "Mozilla/5.0 (compatible; Googlebot/2.1; +http://www.google.com/bot.html)" 333 28236
127.0.0.1 - - [17/Jan/2016:21:03:08 -0500] "GET /opensso/namingservice HTTP/1.1" 200 7 "-" "Java/1.5.0_21" 220 183
127.0.0.1 - - [17/Jan/2016:21:03:12 -0500] "GET /opensso/namingservice HTTP/1.1" 200 7 "-" "Java/1.5.0_21" 220 183
127.0.0.1 - - [17/Jan/2016:21:03:38 -0500] "GET /opensso/namingservice HTTP/1.1" 200 7 "-" "Java/1.5.0_21" 220 183
127.0.0.1 - - [17/Jan/2016:21:03:42 -0500] "GET /opensso/namingservice HTTP/1.1" 200 7 "-" "Java/1.5.0_21" 220 183
127.0.0.1 - - [17/Jan/2016:21:04:08 -0500] "GET /opensso/namingservice HTTP/1.1" 200 7 "-" "Java/1.5.0_21" 220 183
127.0.0.1 - - [17/Jan/2016:21:04:12 -0500] "GET /opensso/namingservice HTTP/1.1" 200 7 "-" "Java/1.5.0_21" 220 183
127.0.0.1 - - [17/Jan/2016:21:04:38 -0500] "GET /opensso/namingservice HTTP/1.1" 200 7 "-" "Java/1.5.0_21" 220 183
127.0.0.1 - - [17/Jan/2016:21:04:42 -0500] "GET /opensso/namingservice HTTP/1.1" 200 7 "-" "Java/1.5.0_21" 220 183
127.0.0.1 - - [17/Jan/2016:21:05:08 -0500] "GET /opensso/namingservice HTTP/1.1" 200 7 "-" "Java/1.5.0_21" 220 183
127.0.0.1 - - [17/Jan/2016:21:05:12 -0500] "GET /opensso/namingservice HTTP/1.1" 200 7 "-" "Java/1.5.0_21" 220 183
66.249.66.167 - - [17/Jan/2016:21:05:05 -0500] "GET /ArcGIS/rest/services/LRO_LOLA_Gray_SPole75_30mp_v04/MapServer HTTP/1.1" 200 8202 "-" "Mozilla/5.0 (compatible; Googlebot/2.1; +http://www.google.com/bot.html)" 352 8477
127.0.0.1 - - [17/Jan/2016:21:05:38 -0500] "GET /opensso/namingservice HTTP/1.1" 200 7 "-" "Java/1.5.0_21" 220 183
127.0.0.1 - - [17/Jan/2016:21:05:42 -0500] "GET /opensso/namingservice HTTP/1.1" 200 7 "-" "Java/1.5.0_21" 220 183
137.78.207.218 - - [17/Jan/2016:21:05:51 -0500] "HEAD /LMMPUI/LMMP_CLIENT/LMMP.html HTTP/1.1" 200 - "-" "curl/7.38.0" 110 274
127.0.0.1 - - [17/Jan/2016:21:06:08 -0500] "GET /opensso/namingservice HTTP/1.1" 200 7 "-" "Java/1.5.0_21" 220 183
127.0.0.1 - - [17/Jan/2016:21:06:12 -0500] "GET /opensso/namingservice HTTP/1.1" 200 7 "-" "Java/1.5.0_21" 220 183
197.211.53.6 - - [17/Jan/2016:21:06:35 -0500] "GET /arcgis/rest/services/CombinedNomenclature/MapServer?f=json HTTP/1.1" 200 808 "-" "ArcGIS.Android-10.2.3/4.2.2/SAMSUNG-SAMSUNG-SGH-I527" 326 1105
127.0.0.1 - - [17/Jan/2016:21:06:38 -0500] "GET /opensso/namingservice HTTP/1.1" 200 7 "-" "Java/1.5.0_21" 220 183
127.0.0.1 - - [17/Jan/2016:21:06:42 -0500] "GET /opensso/namingservice HTTP/1.1" 200 7 "-" "Java/1.5.0_21" 220 183
127.0.0.1 - - [17/Jan/2016:21:07:08 -0500] "GET /opensso/namingservice HTTP/1.1" 200 7 "-" "Java/1.5.0_21" 220 183
127.0.0.1 - - [17/Jan/2016:21:07:12 -0500] "GET /opensso/namingservice HTTP/1.1" 200 7 "-" "Java/1.5.0_21" 220 183
127.0.0.1 - - [17/Jan/2016:21:07:38 -0500] "GET /opensso/namingservice HTTP/1.1" 200 7 "-" "Java/1.5.0_21" 220 183
127.0.0.1 - - [17/Jan/2016:21:07:42 -0500] "GET /opensso/namingservice HTTP/1.1" 200 7 "-" "Java/1.5.0_21" 220 183
127.0.0.1 - - [17/Jan/2016:21:08:08 -0500] "GET /opensso/namingservice HTTP/1.1" 200 7 "-" "Java/1.5.0_21" 220 183
127.0.0.1 - - [17/Jan/2016:21:08:12 -0500] "GET /opensso/namingservice HTTP/1.1" 200 7 "-" "Java/1.5.0_21" 220 183
197.211.53.6 - - [17/Jan/2016:21:08:27 -0500] "GET /arcgis/rest/services/ERGraticule/MapServer?f=json HTTP/1.1" 200 697 "-" "ArcGIS.Android-10.2.3/4.2.2/SAMSUNG-SAMSUNG-SGH-I527" 317 994
127.0.0.1 - - [17/Jan/2016:21:08:38 -0500] "GET /opensso/namingservice HTTP/1.1" 200 7 "-" "Java/1.5.0_21" 220 183
127.0.0.1 - - [17/Jan/2016:21:08:42 -0500] "GET /opensso/namingservice HTTP/1.1" 200 7 "-" "Java/1.5.0_21" 220 183
127.0.0.1 - - [17/Jan/2016:21:09:08 -0500] "GET /opensso/namingservice HTTP/1.1" 200 7 "-" "Java/1.5.0_21" 220 183
127.0.0.1 - - [17/Jan/2016:21:09:12 -0500] "GET /opensso/namingservice HTTP/1.1" 200 7 "-" "Java/1.5.0_21" 220 183
66.249.66.167 - - [17/Jan/2016:21:09:35 -0500] "GET /ArcGIS/rest/services/LRO_LOLA_Gray_SPole75_30mp_v04/MapServer/tile/4/31/33 HTTP/1.1" 200 2220 "-" "Mozilla/5.0 (compatible; Googlebot/2.1; +http://www.google.com/bot.html)" 365 2524
127.0.0.1 - - [17/Jan/2016:21:09:38 -0500] "GET /opensso/namingservice HTTP/1.1" 200 7 "-" "Java/1.5.0_21" 220 183
127.0.0.1 - - [17/Jan/2016:21:09:42 -0500] "GET /opensso/namingservice HTTP/1.1" 200 7 "-" "Java/1.5.0_21" 220 183
66.249.66.163 - - [17/Jan/2016:21:09:50 -0500] "GET /ArcGIS/rest/services/LRO_LOLA_Gray_SPole75_30mp_v04/MapServer?f=help HTTP/1.1" 302 178 "-" "Mozilla/5.0 (compatible; Googlebot/2.1; +http://www.google.com/bot.html)" 359 514
197.211.53.6 - - [17/Jan/2016:21:09:52 -0500] "GET /opensso/UI/Login?module=Anonymous&org=appspub&goto=https://pub.lmmp.nasa.gov/LMMP/rest/dbxml/fgdc/legend/stream?label=LRO_NAC_ClrShade_43S349E_150cmp HTTP/1.1" 302 - "-" "Dalvik/1.6.0 (Linux; U; Android 4.2.2; SAMSUNG-SGH-I527 Build/JDQ39)" 433 988
66.249.66.163 - - [17/Jan/2016:21:10:06 -0500] "GET /ArcGIS/rest/services/LRO_LOLA_Gray_SPole75_30mp_v04/MapServer/tile/5/63/66 HTTP/1.1" 200 2220 "-" "Mozilla/5.0 (compatible; Googlebot/2.1; +http://www.google.com/bot.html)" 365 2524
127.0.0.1 - - [17/Jan/2016:21:10:08 -0500] "GET /opensso/namingservice HTTP/1.1" 200 7 "-" "Java/1.5.0_21" 220 183
127.0.0.1 - - [17/Jan/2016:21:10:12 -0500] "GET /opensso/namingservice HTTP/1.1" 200 7 "-" "Java/1.5.0_21" 220 183
66.249.66.163 - - [17/Jan/2016:21:10:23 -0500] "GET /ArcGIS/rest/services/LRO_LOLA_Gray_SPole75_30mp_v04/MapServer/tile/5/0/0 HTTP/1.1" 200 2220 "-" "Mozilla/5.0 (compatible; Googlebot/2.1; +http://www.google.com/bot.html)" 363 2524
127.0.0.1 - - [17/Jan/2016:21:10:38 -0500] "GET /opensso/namingservice HTTP/1.1" 200 7 "-" "Java/1.5.0_21" 220 183
127.0.0.1 - - [17/Jan/2016:21:10:42 -0500] "GET /opensso/namingservice HTTP/1.1" 200 7 "-" "Java/1.5.0_21" 220 183
66.249.66.163 - - [17/Jan/2016:21:10:42 -0500] "GET /ArcGIS/rest/services/LRO_LOLA_Gray_SPole75_30mp_v04/MapServer?f=json&pretty=true HTTP/1.1" 200 1244 "-" "Mozilla/5.0 (compatible; Googlebot/2.1; +http://www.google.com/bot.html)" 371 1542
137.78.207.218 - - [17/Jan/2016:21:10:51 -0500] "HEAD /LMMPUI/LMMP_CLIENT/LMMP.html HTTP/1.1" 200 - "-" "curl/7.38.0" 110 274
66.249.66.171 - - [17/Jan/2016:21:11:02 -0500] "GET /ArcGIS/rest/services/LRO_LOLA_Gray_SPole75_30mp_v04/MapServer/identify HTTP/1.1" 200 3116 "-" "Mozilla/5.0 (compatible; Googlebot/2.1; +http://www.google.com/bot.html)" 361 3372
127.0.0.1 - - [17/Jan/2016:21:11:08 -0500] "GET /opensso/namingservice HTTP/1.1" 200 7 "-" "Java/1.5.0_21" 220 183
127.0.0.1 - - [17/Jan/2016:21:11:12 -0500] "GET /opensso/namingservice HTTP/1.1" 200 7 "-" "Java/1.5.0_21" 220 183
66.249.66.163 - - [17/Jan/2016:21:11:26 -0500] "GET /ArcGIS/rest/services/LRO_LOLA_Gray_SPole75_30mp_v04/MapServer?f=kmz HTTP/1.1" 200 1268 "-" "Mozilla/5.0 (compatible; Googlebot/2.1; +http://www.google.com/bot.html)" 358 1636
127.0.0.1 - - [17/Jan/2016:21:11:38 -0500] "GET /opensso/namingservice HTTP/1.1" 200 7 "-" "Java/1.5.0_21" 220 183
127.0.0.1 - - [17/Jan/2016:21:11:42 -0500] "GET /opensso/namingservice HTTP/1.1" 200 7 "-" "Java/1.5.0_21" 220 183
127.0.0.1 - - [17/Jan/2016:21:12:08 -0500] "GET /opensso/namingservice HTTP/1.1" 200 7 "-" "Java/1.5.0_21" 220 183
66.249.66.171 - - [17/Jan/2016:21:12:10 -0500] "GET /ArcGIS/rest/services/LRO_LOLA_Gray_SPole75_30mp_v04/MapServer/tile/2/7/8 HTTP/1.1" 200 2220 "-" "Mozilla/5.0 (compatible; Googlebot/2.1; +http://www.google.com/bot.html)" 363 2524
127.0.0.1 - - [17/Jan/2016:21:12:12 -0500] "GET /opensso/namingservice HTTP/1.1" 200 7 "-" "Java/1.5.0_21" 220 183
127.0.0.1 - - [17/Jan/2016:21:12:38 -0500] "GET /opensso/namingservice HTTP/1.1" 200 7 "-" "Java/1.5.0_21" 220 183
127.0.0.1 - - [17/Jan/2016:21:12:42 -0500] "GET /opensso/namingservice HTTP/1.1" 200 7 "-" "Java/1.5.0_21" 220 183
66.249.66.163 - - [17/Jan/2016:21:12:56 -0500] "GET /ArcGIS/rest/services/LRO_LOLA_Gray_SPole75_30mp_v04/MapServer/tile/2/0/0 HTTP/1.1" 200 2220 "-" "Mozilla/5.0 (compatible; Googlebot/2.1; +http://www.google.com/bot.html)" 363 2524
127.0.0.1 - - [17/Jan/2016:21:13:08 -0500] "GET /opensso/namingservice HTTP/1.1" 200 7 "-" "Java/1.5.0_21" 220 183
127.0.0.1 - - [17/Jan/2016:21:13:12 -0500] "GET /opensso/namingservice HTTP/1.1" 200 7 "-" "Java/1.5.0_21" 220 183
127.0.0.1 - - [17/Jan/2016:21:13:38 -0500] "GET /opensso/namingservice HTTP/1.1" 200 7 "-" "Java/1.5.0_21" 220 183
127.0.0.1 - - [17/Jan/2016:21:13:42 -0500] "GET /opensso/namingservice HTTP/1.1" 200 7 "-" "Java/1.5.0_21" 220 183
66.249.66.167 - - [17/Jan/2016:21:13:44 -0500] "GET /ArcGIS/rest/services/LRO_LOLA_Gray_SPole75_30mp_v04/MapServer/generatekml HTTP/1.1" 200 2356 "-" "Mozilla/5.0 (compatible; Googlebot/2.1; +http://www.google.com/bot.html)" 364 2612
127.0.0.1 - - [17/Jan/2016:21:14:08 -0500] "GET /opensso/namingservice HTTP/1.1" 200 7 "-" "Java/1.5.0_21" 220 183
127.0.0.1 - - [17/Jan/2016:21:14:12 -0500] "GET /opensso/namingservice HTTP/1.1" 200 7 "-" "Java/1.5.0_21" 220 183
127.0.0.1 - - [17/Jan/2016:21:14:38 -0500] "GET /opensso/namingservice HTTP/1.1" 200 7 "-" "Java/1.5.0_21" 220 183
127.0.0.1 - - [17/Jan/2016:21:14:42 -0500] "GET /opensso/namingservice HTTP/1.1" 200 7 "-" "Java/1.5.0_21" 220 183
127.0.0.1 - - [17/Jan/2016:21:15:08 -0500] "GET /opensso/namingservice HTTP/1.1" 200 7 "-" "Java/1.5.0_21" 220 183
127.0.0.1 - - [17/Jan/2016:21:15:12 -0500] "GET /opensso/namingservice HTTP/1.1" 200 7 "-" "Java/1.5.0_21" 220 183
66.249.66.167 - - [17/Jan/2016:21:15:29 -0500] "GET /ArcGIS/rest/services/LRO_LOLA_Gray_SPole75_30mp_v04/MapServer/identify?f=help HTTP/1.1" 302 177 "-" "Mozilla/5.0 (compatible; Googlebot/2.1; +http://www.google.com/bot.html)" 368 512
127.0.0.1 - - [17/Jan/2016:21:15:38 -0500] "GET /opensso/namingservice HTTP/1.1" 200 7 "-" "Java/1.5.0_21" 220 183
127.0.0.1 - - [17/Jan/2016:21:15:42 -0500] "GET /opensso/namingservice HTTP/1.1" 200 7 "-" "Java/1.5.0_21" 220 183
137.78.207.218 - - [17/Jan/2016:21:15:51 -0500] "HEAD /LMMPUI/LMMP_CLIENT/LMMP.html HTTP/1.1" 200 - "-" "curl/7.38.0" 110 274
216.14.155.79 - - [17/Jan/2016:21:15:56 -0500] "GET /arcgis/rest/services/CombinedNomenclature/MapServer?f=json HTTP/1.1" 200 808 "-" "ArcGIS.Android-10.2.3/4.4.2/LGE-LG-D801" 201 1105
216.14.155.79 - - [17/Jan/2016:21:15:57 -0500] "GET /arcgis/rest/services/CombinedNomenclature/MapServer/export?f=image&bbox=-62.42774566473989%2C-90.00000000000001%2C62.48107881998155%2C90.01565881621617&bboxSR=104903&size=544%2C784&format=png&transparent=true&dpi=213&imageSR=104903&layers=hide%3A-1 HTTP/1.1" 200 336 "-" "ArcGIS.Android-10.2.3/4.4.2/LGE-LG-D801" 391 625
127.0.0.1 - - [17/Jan/2016:21:16:08 -0500] "GET /opensso/namingservice HTTP/1.1" 200 7 "-" "Java/1.5.0_21" 220 183
216.14.155.79 - - [17/Jan/2016:21:16:07 -0500] "GET /arcgis/rest/services/CombinedNomenclature/MapServer/export?f=image&bbox=52.17670951033253%2C-112.9586669123089%2C177.08553399505396%2C67.05699190390729&bboxSR=104903&size=544%2C784&format=png&transparent=true&dpi=213&imageSR=104903&layers=hide%3A-1 HTTP/1.1" 200 336 "-" "ArcGIS.Android-10.2.3/4.4.2/LGE-LG-D801" 391 624
216.14.155.79 - - [17/Jan/2016:21:16:10 -0500] "GET /arcgis/rest/services/CombinedNomenclature/MapServer/export?f=image&bbox=56.68375007436809%2C-92.63663413819434%2C181.59257455908954%2C87.37902467802185&bboxSR=104903&size=544%2C784&format=png&transparent=true&dpi=213&imageSR=104903&layers=hide%3A-1 HTTP/1.1" 200 336 "-" "ArcGIS.Android-10.2.3/4.4.2/LGE-LG-D801" 391 623
127.0.0.1 - - [17/Jan/2016:21:16:12 -0500] "GET /opensso/namingservice HTTP/1.1" 200 7 "-" "Java/1.5.0_21" 220 183
216.14.155.79 - - [17/Jan/2016:21:16:12 -0500] "GET /arcgis/rest/services/CombinedNomenclature/MapServer/export?f=image&bbox=-4.993249056321822%2C-101.07155161019598%2C119.91557542839962%2C78.9441072060202&bboxSR=104903&size=544%2C784&format=png&transparent=true&dpi=213&imageSR=104903&layers=hide%3A-1 HTTP/1.1" 200 336 "-" "ArcGIS.Android-10.2.3/4.4.2/LGE-LG-D801" 392 623
216.14.155.79 - - [17/Jan/2016:21:16:13 -0500] "GET /arcgis/rest/services/CombinedNomenclature/MapServer/export?f=image&bbox=-71.63674588390481%2C-119.79012379679297%2C53.27207860081663%2C60.22553501942322&bboxSR=104903&size=544%2C784&format=png&transparent=true&dpi=213&imageSR=104903&layers=hide%3A-1 HTTP/1.1" 200 336 "-" "ArcGIS.Android-10.2.3/4.4.2/LGE-LG-D801" 392 624
216.14.155.79 - - [17/Jan/2016:21:16:14 -0500] "GET /arcgis/rest/services/CombinedNomenclature/MapServer/export?f=image&bbox=-74.417380593081%2C-103.76689233454599%2C50.49144389164043%2C76.2487664816702&bboxSR=104903&size=544%2C784&format=png&transparent=true&dpi=213&imageSR=104903&layers=hide%3A-1 HTTP/1.1" 200 336 "-" "ArcGIS.Android-10.2.3/4.4.2/LGE-LG-D801" 389 623
216.14.155.79 - - [17/Jan/2016:21:16:18 -0500] "GET /arcgis/rest/services/CombinedNomenclature/MapServer/export?f=image&bbox=-31.404490325163685%2C7.423801231638322%2C9.903173931024725%2C66.95543501261574&bboxSR=104903&size=544%2C784&format=png&transparent=true&dpi=213&imageSR=104903&layers=hide%3A-1 HTTP/1.1" 200 8386 "-" "ArcGIS.Android-10.2.3/4.4.2/LGE-LG-D801" 391 8674
216.14.155.79 - - [17/Jan/2016:21:16:19 -0500] "GET /arcgis/rest/services/CombinedNomenclature/MapServer/export?f=image&bbox=-39.19650254169503%2C35.700389419288705%2C2.1111617144933774%2C95.23202320026611&bboxSR=104903&size=544%2C784&format=png&transparent=true&dpi=213&imageSR=104903&layers=hide%3A-1 HTTP/1.1" 200 3384 "-" "ArcGIS.Android-10.2.3/4.4.2/LGE-LG-D801" 392 3672
216.14.155.79 - - [17/Jan/2016:21:16:22 -0500] "GET /arcgis/rest/services/CombinedNomenclature/MapServer/export?f=image&bbox=-74.50704516342532%2C25.904576263514826%2C-33.19938090723691%2C85.43621004449224&bboxSR=104903&size=544%2C784&format=png&transparent=true&dpi=213&imageSR=104903&layers=hide%3A-1 HTTP/1.1" 200 336 "-" "ArcGIS.Android-10.2.3/4.4.2/LGE-LG-D801" 392 622
216.14.155.79 - - [17/Jan/2016:21:16:23 -0500] "GET /arcgis/rest/services/CombinedNomenclature/MapServer/export?f=image&bbox=-83.40674550551584%2C29.534679258351794%2C-42.09908124932743%2C89.0663130393292&bboxSR=104903&size=544%2C784&format=png&transparent=true&dpi=213&imageSR=104903&layers=hide%3A-1 HTTP/1.1" 200 336 "-" "ArcGIS.Android-10.2.3/4.4.2/LGE-LG-D801" 391 624
216.14.155.79 - - [17/Jan/2016:21:16:30 -0500] "GET /arcgis/rest/services/CombinedNomenclature/MapServer/export?f=image&bbox=-104.68605448108525%2C19.40453881371255%2C-63.37839022489684%2C78.93617259468996&bboxSR=104903&size=544%2C784&format=png&transparent=true&dpi=213&imageSR=104903&layers=hide%3A-1 HTTP/1.1" 200 336 "-" "ArcGIS.Android-10.2.3/4.4.2/LGE-LG-D801" 392 624
216.14.155.79 - - [17/Jan/2016:21:16:31 -0500] "GET /arcgis/rest/services/CombinedNomenclature/MapServer/export?f=image&bbox=-124.44317827186862%2C16.15655487113122%2C-83.1355140156802%2C75.68818865210864&bboxSR=104903&size=544%2C784&format=png&transparent=true&dpi=213&imageSR=104903&layers=hide%3A-1 HTTP/1.1" 200 336 "-" "ArcGIS.Android-10.2.3/4.4.2/LGE-LG-D801" 391 623
216.14.155.79 - - [17/Jan/2016:21:16:33 -0500] "GET /arcgis/rest/services/CombinedNomenclature/MapServer/export?f=image&bbox=-145.01180218677973%2C24.20009605075858%2C-103.70413793059132%2C83.73172983173599&bboxSR=104903&size=544%2C784&format=png&transparent=true&dpi=213&imageSR=104903&layers=hide%3A-1 HTTP/1.1" 200 336 "-" "ArcGIS.Android-10.2.3/4.4.2/LGE-LG-D801" 393 623
216.14.155.79 - - [17/Jan/2016:21:16:34 -0500] "GET /arcgis/rest/services/CombinedNomenclature/MapServer/export?f=image&bbox=-151.82347401595592%2C39.63758348826976%2C-110.5158097597675%2C99.16921726924717&bboxSR=104903&size=544%2C784&format=png&transparent=true&dpi=213&imageSR=104903&layers=hide%3A-1 HTTP/1.1" 200 336 "-" "ArcGIS.Android-10.2.3/4.4.2/LGE-LG-D801" 392 621
216.14.155.79 - - [17/Jan/2016:21:16:35 -0500] "GET /arcgis/rest/services/CombinedNomenclature/MapServer/export?f=image&bbox=-170.9765194720722%2C37.039614491305365%2C-129.66885521588378%2C96.57124827228277&bboxSR=104903&size=544%2C784&format=png&transparent=true&dpi=213&imageSR=104903&layers=hide%3A-1 HTTP/1.1" 200 336 "-" "ArcGIS.Android-10.2.3/4.4.2/LGE-LG-D801" 393 624
216.14.155.79 - - [17/Jan/2016:21:16:36 -0500] "GET /arcgis/rest/services/CombinedNomenclature/MapServer/export?f=image&bbox=-188.43215511730034%2C35.3965184341747%2C-147.12449086111192%2C94.92815221515211&bboxSR=104903&size=544%2C784&format=png&transparent=true&dpi=213&imageSR=104903&layers=hide%3A-1 HTTP/1.1" 200 336 "-" "ArcGIS.Android-10.2.3/4.4.2/LGE-LG-D801" 392 623
127.0.0.1 - - [17/Jan/2016:21:16:38 -0500] "GET /opensso/namingservice HTTP/1.1" 200 7 "-" "Java/1.5.0_21" 220 183
67.87.213.218 - - [17/Jan/2016:21:16:40 -0500] "GET /opensso/identity/isTokenValid HTTP/1.1" 200 13 "-" "Moon%20Tours/1.0.0 CFNetwork/758.2.8 Darwin/15.0.0" 338 171
216.14.155.79 - - [17/Jan/2016:21:16:40 -0500] "GET /arcgis/rest/services/CombinedNomenclature/MapServer/export?f=image&bbox=-178.04280627308054%2C15.335426866439441%2C-136.73514201689213%2C74.86706064741685&bboxSR=104903&size=544%2C784&format=png&transparent=true&dpi=213&imageSR=104903&layers=hide%3A-1 HTTP/1.1" 200 336 "-" "ArcGIS.Android-10.2.3/4.4.2/LGE-LG-D801" 394 624
216.14.155.79 - - [17/Jan/2016:21:16:41 -0500] "GET /arcgis/rest/services/CombinedNomenclature/MapServer/export?f=image&bbox=-169.74361522946646%2C-5.831816239518243%2C-128.43595097327804%2C53.69981754145917&bboxSR=104903&size=544%2C784&format=png&transparent=true&dpi=213&imageSR=104903&layers=hide%3A-1 HTTP/1.1" 200 3201 "-" "ArcGIS.Android-10.2.3/4.4.2/LGE-LG-D801" 394 3488
67.87.213.218 - - [17/Jan/2016:21:16:41 -0500] "GET /lmmpmobile/config-1.0.json HTTP/1.1" 200 1338 "-" "Moon%20Tours/1.0.0 CFNetwork/758.2.8 Darwin/15.0.0" 326 1665
127.0.0.1 - - [17/Jan/2016:21:16:42 -0500] "GET /opensso/namingservice HTTP/1.1" 200 7 "-" "Java/1.5.0_21" 220 183
216.14.155.79 - - [17/Jan/2016:21:16:42 -0500] "GET /arcgis/rest/services/CombinedNomenclature/MapServer/export?f=image&bbox=-161.87521000423476%2C-27.15388947906043%2C-120.56754574804634%2C32.37774430191698&bboxSR=104903&size=544%2C784&format=png&transparent=true&dpi=213&imageSR=104903&layers=hide%3A-1 HTTP/1.1" 200 3201 "-" "ArcGIS.Android-10.2.3/4.4.2/LGE-LG-D801" 394 3488
67.87.213.218 - - [17/Jan/2016:21:16:43 -0500] "GET /lmmpmobile/bookmarks-1.0.2.json HTTP/1.1" 200 11401 "-" "Moon%20Tours/1.0.0 CFNetwork/758.2.8 Darwin/15.0.0" 331 11730
67.87.213.218 - - [17/Jan/2016:21:16:43 -0500] "GET /lmmpmobile/pages/glossary-1.0.2.html HTTP/1.1" 200 4306 "-" "Moon%20Tours/1.0.0 CFNetwork/758.2.8 Darwin/15.0.0" 336 4628
67.87.213.218 - - [17/Jan/2016:21:16:43 -0500] "GET /lmmpmobile/pages/about-1.0.2.html HTTP/1.1" 200 2716 "-" "Moon%20Tours/1.0.0 CFNetwork/758.2.8 Darwin/15.0.0" 333 3037
67.87.213.218 - - [17/Jan/2016:21:16:43 -0500] "GET /lmmpmobile/pages/help-1.0.2.html HTTP/1.1" 200 6781 "-" "Moon%20Tours/1.0.0 CFNetwork/758.2.8 Darwin/15.0.0" 332 7103
67.87.213.218 - - [17/Jan/2016:21:16:43 -0500] "GET /arcgis/rest/services/CombinedNomenclature/MapServer?f=json HTTP/1.1" 200 808 "arcgisios" "ArcGISiOS-2.3.2/9.2/iPhone8,1" 366 1104
67.87.213.218 - - [17/Jan/2016:21:16:43 -0500] "GET /arcgis/rest/services/ERGraticule/MapServer?f=json HTTP/1.1" 200 697 "arcgisios" "ArcGISiOS-2.3.2/9.2/iPhone8,1" 357 993
216.14.155.79 - - [17/Jan/2016:21:16:43 -0500] "GET /arcgis/rest/services/CombinedNomenclature/MapServer/export?f=image&bbox=-153.63767846523%2C-51.456106771005835%2C-112.3300142090416%2C8.075527009971573&bboxSR=104903&size=544%2C784&format=png&transparent=true&dpi=213&imageSR=104903&layers=hide%3A-1 HTTP/1.1" 200 3858 "-" "ArcGIS.Android-10.2.3/4.4.2/LGE-LG-D801" 391 4146
216.14.155.79 - - [17/Jan/2016:21:16:45 -0500] "GET /arcgis/rest/services/CombinedNomenclature/MapServer/export?f=image&bbox=-117.05388728600519%2C-32.88131982393307%2C-75.74622302981678%2C26.65031395704434&bboxSR=104903&size=544%2C784&format=png&transparent=true&dpi=213&imageSR=104903&layers=hide%3A-1 HTTP/1.1" 200 4943 "-" "ArcGIS.Android-10.2.3/4.4.2/LGE-LG-D801" 393 5232
216.14.155.79 - - [17/Jan/2016:21:16:50 -0500] "GET /arcgis/rest/services/CombinedNomenclature/MapServer/export?f=image&bbox=-95.89322688752978%2C-33.14880036035278%2C-54.58556263134137%2C26.382833420624628&bboxSR=104903&size=544%2C784&format=png&transparent=true&dpi=213&imageSR=104903&layers=hide%3A-1 HTTP/1.1" 200 4968 "-" "ArcGIS.Android-10.2.3/4.4.2/LGE-LG-D801" 393 5256
216.14.155.79 - - [17/Jan/2016:21:16:52 -0500] "GET /arcgis/rest/services/CombinedNomenclature/MapServer/export?f=image&bbox=-79.58347587221107%2C-35.021168782223214%2C-38.27581161602266%2C24.510464998754195&bboxSR=104903&size=544%2C784&format=png&transparent=true&dpi=213&imageSR=104903&layers=hide%3A-1 HTTP/1.1" 200 3615 "-" "ArcGIS.Android-10.2.3/4.4.2/LGE-LG-D801" 394 3903
216.14.155.79 - - [17/Jan/2016:21:16:59 -0500] "GET /arcgis/rest/services/CombinedNomenclature/MapServer/export?f=image&bbox=-57.40967588880271%2C-33.7750139531458%2C-16.1020116326143%2C25.756619827831607&bboxSR=104903&size=544%2C784&format=png&transparent=true&dpi=213&imageSR=104903&layers=hide%3A-1 HTTP/1.1" 200 6164 "-" "ArcGIS.Android-10.2.3/4.4.2/LGE-LG-D801" 391 6452
216.14.155.79 - - [17/Jan/2016:21:17:01 -0500] "GET /arcgis/rest/services/CombinedNomenclature/MapServer/export?f=image&bbox=-36.31516925038122%2C-26.81026442332342%2C4.992495005807193%2C32.721369357653984&bboxSR=104903&size=544%2C784&format=png&transparent=true&dpi=213&imageSR=104903&layers=hide%3A-1 HTTP/1.1" 200 6116 "-" "ArcGIS.Android-10.2.3/4.4.2/LGE-LG-D801" 392 6403
216.14.155.79 - - [17/Jan/2016:21:17:03 -0500] "GET /arcgis/rest/services/CombinedNomenclature/MapServer/export?f=image&bbox=-16.758744533619367%2C-9.500408563941821%2C24.548919722569043%2C50.03122521703558&bboxSR=104903&size=544%2C784&format=png&transparent=true&dpi=213&imageSR=104903&layers=hide%3A-1 HTTP/1.1" 200 6224 "-" "ArcGIS.Android-10.2.3/4.4.2/LGE-LG-D801" 393 6512
127.0.0.1 - - [17/Jan/2016:21:17:08 -0500] "GET /opensso/namingservice HTTP/1.1" 200 7 "-" "Java/1.5.0_21" 220 183
216.14.155.79 - - [17/Jan/2016:21:17:07 -0500] "GET /arcgis/rest/services/CombinedNomenclature/MapServer/export?f=image&bbox=-2.626172098335619%2C17.973735680983346%2C38.68149215785279%2C77.50536946196075&bboxSR=104903&size=544%2C784&format=png&transparent=true&dpi=213&imageSR=104903&layers=hide%3A-1 HTTP/1.1" 200 6147 "-" "ArcGIS.Android-10.2.3/4.4.2/LGE-LG-D801" 391 6435
216.14.155.79 - - [17/Jan/2016:21:17:10 -0500] "GET /arcgis/rest/services/CombinedNomenclature/MapServer/export?f=image&bbox=-0.02883313718114877%2C44.54990622011919%2C41.278831119007265%2C104.0815400010966&bboxSR=104903&size=544%2C784&format=png&transparent=true&dpi=213&imageSR=104903&layers=hide%3A-1 HTTP/1.1" 200 3353 "-" "ArcGIS.Android-10.2.3/4.4.2/LGE-LG-D801" 393 3642
127.0.0.1 - - [17/Jan/2016:21:17:12 -0500] "GET /opensso/namingservice HTTP/1.1" 200 7 "-" "Java/1.5.0_21" 220 183
216.14.155.79 - - [17/Jan/2016:21:17:12 -0500] "GET /arcgis/rest/services/CombinedNomenclature/MapServer/export?f=image&bbox=13.583776097479697%2C61.98436439819704%2C33.03972372511938%2C90.02381833214834&bboxSR=104903&size=544%2C784&format=png&transparent=true&dpi=213&imageSR=104903&layers=hide%3A-1 HTTP/1.1" 200 3941 "-" "ArcGIS.Android-10.2.3/4.4.2/LGE-LG-D801" 390 4230
216.14.155.79 - - [17/Jan/2016:21:17:17 -0500] "GET /arcgis/rest/services/CombinedNomenclature/MapServer/export?f=image&bbox=6.999284464034892%2C62.00236048198774%2C26.455232091674574%2C90.04181441593904&bboxSR=104903&size=544%2C784&format=png&transparent=true&dpi=213&imageSR=104903&layers=hide%3A-1 HTTP/1.1" 200 3955 "-" "ArcGIS.Android-10.2.3/4.4.2/LGE-LG-D801" 390 4242
216.14.155.79 - - [17/Jan/2016:21:17:18 -0500] "GET /arcgis/rest/services/CombinedNomenclature/MapServer/export?f=image&bbox=-0.9099427059617913%2C63.847791062442816%2C18.54600492167789%2C91.88724499639412&bboxSR=104903&size=544%2C784&format=png&transparent=true&dpi=213&imageSR=104903&layers=hide%3A-1 HTTP/1.1" 200 2818 "-" "ArcGIS.Android-10.2.3/4.4.2/LGE-LG-D801" 392 3107
216.14.155.79 - - [17/Jan/2016:21:17:19 -0500] "GET /arcgis/rest/services/CombinedNomenclature/MapServer/export?f=image&bbox=-10.067064860404056%2C65.0356381028339%2C9.388882767235625%2C93.07509203678521&bboxSR=104903&size=544%2C784&format=png&transparent=true&dpi=213&imageSR=104903&layers=hide%3A-1 HTTP/1.1" 200 5605 "-" "ArcGIS.Android-10.2.3/4.4.2/LGE-LG-D801" 390 5892
216.14.155.79 - - [17/Jan/2016:21:17:20 -0500] "GET /arcgis/rest/services/CombinedNomenclature/MapServer/export?f=image&bbox=-20.465525529409554%2C58.57446591397541%2C-1.0095779017698732%2C86.61391984792671&bboxSR=104903&size=544%2C784&format=png&transparent=true&dpi=213&imageSR=104903&layers=hide%3A-1 HTTP/1.1" 200 4737 "-" "ArcGIS.Android-10.2.3/4.4.2/LGE-LG-D801" 393 5025
216.14.155.79 - - [17/Jan/2016:21:17:21 -0500] "GET /arcgis/rest/services/CombinedNomenclature/MapServer/export?f=image&bbox=-30.573290755144768%2C58.24540817030971%2C-11.117343127505087%2C86.28486210426101&bboxSR=104903&size=544%2C784&format=png&transparent=true&dpi=213&imageSR=104903&layers=hide%3A-1 HTTP/1.1" 200 2944 "-" "ArcGIS.Android-10.2.3/4.4.2/LGE-LG-D801" 393 3231
216.14.155.79 - - [17/Jan/2016:21:17:22 -0500] "GET /arcgis/rest/services/CombinedNomenclature/MapServer/export?f=image&bbox=-39.640461615845275%2C57.84945695871681%2C-20.184513988205595%2C85.88891089266811&bboxSR=104903&size=544%2C784&format=png&transparent=true&dpi=213&imageSR=104903&layers=hide%3A-1 HTTP/1.1" 200 2959 "-" "ArcGIS.Android-10.2.3/4.4.2/LGE-LG-D801" 393 3248
216.14.155.79 - - [17/Jan/2016:21:17:23 -0500] "GET /arcgis/rest/services/CombinedNomenclature/MapServer/export?f=image&bbox=-46.782657645063864%2C58.89332433813585%2C-27.326710017424183%2C86.93277827208715&bboxSR=104903&size=544%2C784&format=png&transparent=true&dpi=213&imageSR=104903&layers=hide%3A-1 HTTP/1.1" 200 2820 "-" "ArcGIS.Android-10.2.3/4.4.2/LGE-LG-D801" 393 3108
216.14.155.79 - - [17/Jan/2016:21:17:24 -0500] "GET /arcgis/rest/services/CombinedNomenclature/MapServer/export?f=image&bbox=-55.29212520905527%2C63.194775234864075%2C-35.83617758141559%2C91.23422916881538&bboxSR=104903&size=544%2C784&format=png&transparent=true&dpi=213&imageSR=104903&layers=hide%3A-1 HTTP/1.1" 200 336 "-" "ArcGIS.Android-10.2.3/4.4.2/LGE-LG-D801" 392 623
216.14.155.79 - - [17/Jan/2016:21:17:25 -0500] "GET /arcgis/rest/services/CombinedNomenclature/MapServer/export?f=image&bbox=-63.03699935755543%2C57.44450880429313%2C-43.58105172991575%2C85.48396273824443&bboxSR=104903&size=544%2C784&format=png&transparent=true&dpi=213&imageSR=104903&layers=hide%3A-1 HTTP/1.1" 200 3890 "-" "ArcGIS.Android-10.2.3/4.4.2/LGE-LG-D801" 391 4179
216.14.155.79 - - [17/Jan/2016:21:17:26 -0500] "GET /arcgis/rest/services/CombinedNomenclature/MapServer/export?f=image&bbox=-66.38321693968103%2C48.13969819537989%2C-46.92726931204135%2C76.1791521293312&bboxSR=104903&size=544%2C784&format=png&transparent=true&dpi=213&imageSR=104903&layers=hide%3A-1 HTTP/1.1" 200 4905 "-" "ArcGIS.Android-10.2.3/4.4.2/LGE-LG-D801" 390 5194
216.14.155.79 - - [17/Jan/2016:21:17:27 -0500] "GET /arcgis/rest/services/CombinedNomenclature/MapServer/export?f=image&bbox=-69.42359726551653%2C34.37145764778194%2C-49.96764963787685%2C62.410911581733245&bboxSR=104903&size=544%2C784&format=png&transparent=true&dpi=213&imageSR=104903&layers=hide%3A-1 HTTP/1.1" 200 5005 "-" "ArcGIS.Android-10.2.3/4.4.2/LGE-LG-D801" 392 5294
216.14.155.79 - - [17/Jan/2016:21:17:29 -0500] "GET /arcgis/rest/services/CombinedNomenclature/MapServer/export?f=image&bbox=-60.81827093554841%2C32.38419058232844%2C-41.36232330790873%2C60.42364451627975&bboxSR=104903&size=544%2C784&format=png&transparent=true&dpi=213&imageSR=104903&layers=hide%3A-1 HTTP/1.1" 200 6014 "-" "ArcGIS.Android-10.2.3/4.4.2/LGE-LG-D801" 391 6302
216.14.155.79 - - [17/Jan/2016:21:17:31 -0500] "GET /arcgis/rest/services/CombinedNomenclature/MapServer/export?f=image&bbox=-52.08392321383962%2C33.833006116171134%2C-32.62797558619994%2C61.87246005012244&bboxSR=104903&size=544%2C784&format=png&transparent=true&dpi=213&imageSR=104903&layers=hide%3A-1 HTTP/1.1" 200 8189 "-" "ArcGIS.Android-10.2.3/4.4.2/LGE-LG-D801" 392 8476
216.14.155.79 - - [17/Jan/2016:21:17:35 -0500] "GET /arcgis/rest/services/CombinedNomenclature/MapServer/export?f=image&bbox=-44.437995653315234%2C33.59903504559936%2C-24.982048025675553%2C61.63848897955066&bboxSR=104903&size=544%2C784&format=png&transparent=true&dpi=213&imageSR=104903&layers=hide%3A-1 HTTP/1.1" 200 6222 "-" "ArcGIS.Android-10.2.3/4.4.2/LGE-LG-D801" 393 6510
127.0.0.1 - - [17/Jan/2016:21:17:38 -0500] "GET /opensso/namingservice HTTP/1.1" 200 7 "-" "Java/1.5.0_21" 220 183
216.14.155.79 - - [17/Jan/2016:21:17:39 -0500] "GET /arcgis/rest/services/CombinedNomenclature/MapServer/export?f=image&bbox=-39.05036511787525%2C42.679704080942976%2C-30.520635870128064%2C54.97254917328451&bboxSR=104903&size=544%2C784&format=png&transparent=true&dpi=213&imageSR=104903&layers=hide%3A-1 HTTP/1.1" 200 4178 "-" "ArcGIS.Android-10.2.3/4.4.2/LGE-LG-D801" 393 4466
127.0.0.1 - - [17/Jan/2016:21:17:42 -0500] "GET /opensso/namingservice HTTP/1.1" 200 7 "-" "Java/1.5.0_21" 220 183
216.14.155.79 - - [17/Jan/2016:21:17:45 -0500] "GET /arcgis/rest/services/CombinedNomenclature/MapServer/export?f=image&bbox=-33.25759942750339%2C46.8203235365232%2C-24.727870179756206%2C59.113168628864734&bboxSR=104903&size=544%2C784&format=png&transparent=true&dpi=213&imageSR=104903&layers=hide%3A-1 HTTP/1.1" 200 336 "-" "ArcGIS.Android-10.2.3/4.4.2/LGE-LG-D801" 392 624
216.14.155.79 - - [17/Jan/2016:21:17:46 -0500] "GET /arcgis/rest/services/CombinedNomenclature/MapServer/export?f=image&bbox=-34.913916500280195%2C51.25473675966774%2C-26.384187252533007%2C63.54758185200928&bboxSR=104903&size=544%2C784&format=png&transparent=true&dpi=213&imageSR=104903&layers=hide%3A-1 HTTP/1.1" 200 336 "-" "ArcGIS.Android-10.2.3/4.4.2/LGE-LG-D801" 393 623
216.14.155.79 - - [17/Jan/2016:21:17:48 -0500] "GET /arcgis/rest/services/CombinedNomenclature/MapServer/export?f=image&bbox=-41.18470742936067%2C51.159963967719264%2C-32.65497818161349%2C63.4528090600608&bboxSR=104903&size=544%2C784&format=png&transparent=true&dpi=213&imageSR=104903&layers=hide%3A-1 HTTP/1.1" 200 336 "-" "ArcGIS.Android-10.2.3/4.4.2/LGE-LG-D801" 391 623
216.14.155.79 - - [17/Jan/2016:21:17:52 -0500] "GET /arcgis/rest/services/CombinedNomenclature/MapServer/export?f=image&bbox=-55.95571515961541%2C38.5324919829455%2C-28.296442529407738%2C78.39438489118596&bboxSR=104903&size=544%2C784&format=png&transparent=true&dpi=213&imageSR=104903&layers=hide%3A-1 HTTP/1.1" 200 4233 "-" "ArcGIS.Android-10.2.3/4.4.2/LGE-LG-D801" 391 4521
216.14.155.79 - - [17/Jan/2016:21:17:54 -0500] "GET /arcgis/rest/services/CombinedNomenclature/MapServer/export?f=image&bbox=-80.28638693272916%2C43.977329150324756%2C-52.62711430252149%2C83.83922205856521&bboxSR=104903&size=544%2C784&format=png&transparent=true&dpi=213&imageSR=104903&layers=hide%3A-1 HTTP/1.1" 200 336 "-" "ArcGIS.Android-10.2.3/4.4.2/LGE-LG-D801" 392 623
216.14.155.79 - - [17/Jan/2016:21:17:55 -0500] "GET /arcgis/rest/services/CombinedNomenclature/MapServer/export?f=image&bbox=-80.26081086721263%2C41.469884123972356%2C-52.60153823700496%2C81.33177703221281&bboxSR=104903&size=544%2C784&format=png&transparent=true&dpi=213&imageSR=104903&layers=hide%3A-1 HTTP/1.1" 200 336 "-" "ArcGIS.Android-10.2.3/4.4.2/LGE-LG-D801" 392 622
216.14.155.79 - - [17/Jan/2016:21:17:59 -0500] "GET /arcgis/rest/services/CombinedNomenclature/MapServer/export?f=image&bbox=-66.43969705958878%2C55.52817511926493%2C-57.10682810692106%2C68.97848625693312&bboxSR=104903&size=544%2C784&format=png&transparent=true&dpi=213&imageSR=104903&layers=hide%3A-1 HTTP/1.1" 200 6611 "-" "ArcGIS.Android-10.2.3/4.4.2/LGE-LG-D801" 391 6898
216.14.155.79 - - [17/Jan/2016:21:18:01 -0500] "GET /arcgis/rest/services/CombinedNomenclature/MapServer/export?f=image&bbox=-67.3458331006815%2C56.36992739801093%2C-58.01296414801378%2C69.82023853567912&bboxSR=104903&size=544%2C784&format=png&transparent=true&dpi=213&imageSR=104903&layers=hide%3A-1 HTTP/1.1" 200 6292 "-" "ArcGIS.Android-10.2.3/4.4.2/LGE-LG-D801" 390 6579
216.14.155.79 - - [17/Jan/2016:21:18:03 -0500] "GET /arcgis/rest/services/CombinedNomenclature/MapServer/export?f=image&bbox=-64.51088649527121%2C59.40478585710025%2C-59.21579141928932%2C67.03595229013298&bboxSR=104903&size=544%2C784&format=png&transparent=true&dpi=213&imageSR=104903&layers=hide%3A-1 HTTP/1.1" 200 3120 "-" "ArcGIS.Android-10.2.3/4.4.2/LGE-LG-D801" 391 3408
216.14.155.79 - - [17/Jan/2016:21:18:05 -0500] "GET /arcgis/rest/services/CombinedNomenclature/MapServer?f=json HTTP/1.1" 200 808 "-" "ArcGIS.Android-10.2.3/4.4.2/LGE-LG-D801" 201 1104
216.14.155.79 - - [17/Jan/2016:21:18:05 -0500] "GET /arcgis/rest/services/CombinedNomenclature/MapServer/export?f=image&bbox=-69.59843647025973%2C59.40478585710025%2C-54.11780631467097%2C67.04235338961418&bboxSR=104903&size=904%2C446&format=png&transparent=true&dpi=213&imageSR=104903&layers=hide%3A-1 HTTP/1.1" 200 3530 "-" "ArcGIS.Android-10.2.3/4.4.2/LGE-LG-D801" 391 3819
127.0.0.1 - - [17/Jan/2016:21:18:08 -0500] "GET /opensso/namingservice HTTP/1.1" 200 7 "-" "Java/1.5.0_21" 220 183
127.0.0.1 - - [17/Jan/2016:21:18:12 -0500] "GET /opensso/namingservice HTTP/1.1" 200 7 "-" "Java/1.5.0_21" 220 183
216.14.155.79 - - [17/Jan/2016:21:18:14 -0500] "GET /arcgis/rest/services/CombinedNomenclature/MapServer?f=json HTTP/1.1" 200 808 "-" "ArcGIS.Android-10.2.3/4.4.2/LGE-LG-D801" 201 1105
216.14.155.79 - - [17/Jan/2016:21:18:14 -0500] "GET /arcgis/rest/services/CombinedNomenclature/MapServer/export?f=image&bbox=-69.59843647025973%2C52.07023464315847%2C-54.123895058095%2C74.37177961951352&bboxSR=104903&size=544%2C784&format=png&transparent=true&dpi=213&imageSR=104903&layers=hide%3A-1 HTTP/1.1" 200 3996 "-" "ArcGIS.Android-10.2.3/4.4.2/LGE-LG-D801" 389 4286
216.14.155.79 - - [17/Jan/2016:21:18:17 -0500] "GET /arcgis/rest/services/CombinedNomenclature/MapServer/export?f=image&bbox=-64.51894080959686%2C58.30343894970202%2C-57.94966273277218%2C67.77092794277287&bboxSR=104903&size=544%2C784&format=png&transparent=true&dpi=213&imageSR=104903&layers=hide%3A-1 HTTP/1.1" 200 4095 "-" "ArcGIS.Android-10.2.3/4.4.2/LGE-LG-D801" 391 4383
216.14.155.79 - - [17/Jan/2016:21:18:18 -0500] "GET /arcgis/rest/services/CombinedNomenclature/MapServer/export?f=image&bbox=-62.89134662324147%2C60.5559105033297%2C-59.5330210943548%2C65.39585023613695&bboxSR=104903&size=544%2C784&format=png&transparent=true&dpi=213&imageSR=104903&layers=hide%3A-1 HTTP/1.1" 200 336 "-" "ArcGIS.Android-10.2.3/4.4.2/LGE-LG-D801" 389 623
216.14.155.79 - - [17/Jan/2016:21:18:35 -0500] "GET /arcgis/rest/services/CombinedNomenclature/MapServer/export?f=image&bbox=-67.79194239178409%2C56.66641423985146%2C-59.094563506409116%2C69.20087204524481&bboxSR=104903&size=544%2C784&format=png&transparent=true&dpi=213&imageSR=104903&layers=hide%3A-1 HTTP/1.1" 200 6260 "-" "ArcGIS.Android-10.2.3/4.4.2/LGE-LG-D801" 392 6548
216.14.155.79 - - [17/Jan/2016:21:18:36 -0500] "GET /arcgis/rest/services/CombinedNomenclature/MapServer/export?f=image&bbox=-80.4957942932647%2C42.695428691336446%2C-53.49550246063502%2C81.60761397953804&bboxSR=104903&size=544%2C784&format=png&transparent=true&dpi=213&imageSR=104903&layers=hide%3A-1 HTTP/1.1" 200 336 "-" "ArcGIS.Android-10.2.3/4.4.2/LGE-LG-D801" 391 623
127.0.0.1 - - [17/Jan/2016:21:18:38 -0500] "GET /opensso/namingservice HTTP/1.1" 200 7 "-" "Java/1.5.0_21" 220 183
216.14.155.79 - - [17/Jan/2016:21:18:39 -0500] "GET /arcgis/rest/services/CombinedNomenclature/MapServer/export?f=image&bbox=-83.21235737782443%2C39.57577969714321%2C-52.079232562908864%2C84.44410663628624&bboxSR=104903&size=544%2C784&format=png&transparent=true&dpi=213&imageSR=104903&layers=hide%3A-1 HTTP/1.1" 200 336 "-" "ArcGIS.Android-10.2.3/4.4.2/LGE-LG-D801" 392 622
216.14.155.79 - - [17/Jan/2016:21:18:40 -0500] "GET /arcgis/rest/services/CombinedNomenclature/MapServer/export?f=image&bbox=-109.20920337895545%2C31.3310583398669%2C-78.07607856403988%2C76.19938527900993&bboxSR=104903&size=544%2C784&format=png&transparent=true&dpi=213&imageSR=104903&layers=hide%3A-1 HTTP/1.1" 200 2781 "-" "ArcGIS.Android-10.2.3/4.4.2/LGE-LG-D801" 391 3068
127.0.0.1 - - [17/Jan/2016:21:18:42 -0500] "GET /opensso/namingservice HTTP/1.1" 200 7 "-" "Java/1.5.0_21" 220 183
216.14.155.79 - - [17/Jan/2016:21:18:42 -0500] "GET /arcgis/rest/services/CombinedNomenclature/MapServer/export?f=image&bbox=-125.10263250684896%2C28.3597128842343%2C-93.96950769193339%2C73.22803982337732&bboxSR=104903&size=544%2C784&format=png&transparent=true&dpi=213&imageSR=104903&layers=hide%3A-1 HTTP/1.1" 200 2742 "-" "ArcGIS.Android-10.2.3/4.4.2/LGE-LG-D801" 391 3031
216.14.155.79 - - [17/Jan/2016:21:18:46 -0500] "GET /arcgis/rest/services/CombinedNomenclature/MapServer/export?f=image&bbox=-143.35422688151917%2C30.894083843920136%2C-112.2211020666036%2C75.76241078306316&bboxSR=104903&size=544%2C784&format=png&transparent=true&dpi=213&imageSR=104903&layers=hide%3A-1 HTTP/1.1" 200 336 "-" "ArcGIS.Android-10.2.3/4.4.2/LGE-LG-D801" 393 624
216.14.155.79 - - [17/Jan/2016:21:18:49 -0500] "GET /arcgis/rest/services/CombinedNomenclature/MapServer/export?f=image&bbox=-160.22399708472508%2C31.930873402733866%2C-129.09087226980952%2C76.79920034187688&bboxSR=104903&size=544%2C784&format=png&transparent=true&dpi=213&imageSR=104903&layers=hide%3A-1 HTTP/1.1" 200 2795 "-" "ArcGIS.Android-10.2.3/4.4.2/LGE-LG-D801" 394 3082
216.14.155.79 - - [17/Jan/2016:21:18:54 -0500] "GET /arcgis/rest/services/CombinedNomenclature/MapServer/export?f=image&bbox=-167.1391929535956%2C29.774045063067035%2C-132.26809143756918%2C80.02945607145807&bboxSR=104903&size=544%2C784&format=png&transparent=true&dpi=213&imageSR=104903&layers=hide%3A-1 HTTP/1.1" 200 2781 "-" "ArcGIS.Android-10.2.3/4.4.2/LGE-LG-D801" 393 3068
216.14.155.79 - - [17/Jan/2016:21:18:57 -0500] "GET /arcgis/rest/services/CombinedNomenclature/MapServer/export?f=image&bbox=-187.24358453181347%2C32.04819922916275%2C-152.37248301578705%2C82.30361023755378&bboxSR=104903&size=544%2C784&format=png&transparent=true&dpi=213&imageSR=104903&layers=hide%3A-1 HTTP/1.1" 200 336 "-" "ArcGIS.Android-10.2.3/4.4.2/LGE-LG-D801" 393 623
216.14.155.79 - - [17/Jan/2016:21:19:02 -0500] "GET /arcgis/rest/services/CombinedNomenclature/MapServer/export?f=image&bbox=-187.6305172648981%2C28.822452452950124%2C-152.75941574887167%2C79.07786346134115&bboxSR=104903&size=544%2C784&format=png&transparent=true&dpi=213&imageSR=104903&layers=hide%3A-1 HTTP/1.1" 200 336 "-" "ArcGIS.Android-10.2.3/4.4.2/LGE-LG-D801" 393 623
216.14.155.79 - - [17/Jan/2016:21:19:03 -0500] "GET /arcgis/rest/services/CombinedNomenclature/MapServer/export?f=image&bbox=-178.98901430637054%2C7.371235504697388%2C-144.11791279034412%2C57.62664651308842&bboxSR=104903&size=544%2C784&format=png&transparent=true&dpi=213&imageSR=104903&layers=hide%3A-1 HTTP/1.1" 200 336 "-" "ArcGIS.Android-10.2.3/4.4.2/LGE-LG-D801" 393 622
216.14.155.79 - - [17/Jan/2016:21:19:07 -0500] "GET /arcgis/rest/services/CombinedNomenclature/MapServer/export?f=image&bbox=-177.8966649815494%2C-7.7636462490622264%2C-143.02556346552296%2C42.4917647593288&bboxSR=104903&size=544%2C784&format=png&transparent=true&dpi=213&imageSR=104903&layers=hide%3A-1 HTTP/1.1" 200 2863 "-" "ArcGIS.Android-10.2.3/4.4.2/LGE-LG-D801" 393 3150
127.0.0.1 - - [17/Jan/2016:21:19:08 -0500] "GET /opensso/namingservice HTTP/1.1" 200 7 "-" "Java/1.5.0_21" 220 183
216.14.155.79 - - [17/Jan/2016:21:19:10 -0500] "GET /arcgis/rest/services/CombinedNomenclature/MapServer/export?f=image&bbox=-164.12830035485476%2C-25.085907638941457%2C-129.25719883882834%2C25.169503369449572&bboxSR=104903&size=544%2C784&format=png&transparent=true&dpi=213&imageSR=104903&layers=hide%3A-1 HTTP/1.1" 200 2798 "-" "ArcGIS.Android-10.2.3/4.4.2/LGE-LG-D801" 396 3085
127.0.0.1 - - [17/Jan/2016:21:19:12 -0500] "GET /opensso/namingservice HTTP/1.1" 200 7 "-" "Java/1.5.0_21" 220 183
216.14.155.79 - - [17/Jan/2016:21:19:13 -0500] "GET /arcgis/rest/services/CombinedNomenclature/MapServer/export?f=image&bbox=-154.00355393959327%2C-19.311819195738476%2C-119.13245242356685%2C30.943591812652553&bboxSR=104903&size=544%2C784&format=png&transparent=true&dpi=213&imageSR=104903&layers=hide%3A-1 HTTP/1.1" 200 3236 "-" "ArcGIS.Android-10.2.3/4.4.2/LGE-LG-D801" 396 3525
216.14.155.79 - - [17/Jan/2016:21:19:15 -0500] "GET /arcgis/rest/services/CombinedNomenclature/MapServer/export?f=image&bbox=-146.00693952616172%2C-5.231687950572507%2C-111.13583801013529%2C45.02372305781852&bboxSR=104903&size=544%2C784&format=png&transparent=true&dpi=213&imageSR=104903&layers=hide%3A-1 HTTP/1.1" 200 3205 "-" "ArcGIS.Android-10.2.3/4.4.2/LGE-LG-D801" 394 3493
216.14.155.79 - - [17/Jan/2016:21:19:20 -0500] "GET /arcgis/rest/services/CombinedNomenclature/MapServer/export?f=image&bbox=-141.10578697740587%2C1.864954169148735%2C-106.23468546137944%2C52.12036517753977&bboxSR=104903&size=544%2C784&format=png&transparent=true&dpi=213&imageSR=104903&layers=hide%3A-1 HTTP/1.1" 200 336 "-" "ArcGIS.Android-10.2.3/4.4.2/LGE-LG-D801" 393 623
216.14.155.79 - - [17/Jan/2016:21:19:21 -0500] "GET /arcgis/rest/services/CombinedNomenclature/MapServer/export?f=image&bbox=-135.59199257615384%2C-4.263966084560764%2C-100.72089106012741%2C45.991444923830265&bboxSR=104903&size=544%2C784&format=png&transparent=true&dpi=213&imageSR=104903&layers=hide%3A-1 HTTP/1.1" 200 3165 "-" "ArcGIS.Android-10.2.3/4.4.2/LGE-LG-D801" 395 3454
216.14.155.79 - - [17/Jan/2016:21:19:24 -0500] "GET /arcgis/rest/services/CombinedNomenclature/MapServer/export?f=image&bbox=-145.42494286589329%2C2.2402253005110673%2C-110.55384134986686%2C52.49563630890209&bboxSR=104903&size=544%2C784&format=png&transparent=true&dpi=213&imageSR=104903&layers=hide%3A-1 HTTP/1.1" 200 336 "-" "ArcGIS.Android-10.2.3/4.4.2/LGE-LG-D801" 394 622
216.14.155.79 - - [17/Jan/2016:21:19:28 -0500] "GET /arcgis/rest/services/CombinedNomenclature/MapServer/export?f=image&bbox=-134.00575717284184%2C18.589960426206808%2C-118.78104690615515%2C40.531454634078784&bboxSR=104903&size=544%2C784&format=png&transparent=true&dpi=213&imageSR=104903&layers=hide%3A-1 HTTP/1.1" 200 5382 "-" "ArcGIS.Android-10.2.3/4.4.2/LGE-LG-D801" 395 5671
216.14.155.79 - - [17/Jan/2016:21:19:30 -0500] "GET /arcgis/rest/services/CombinedNomenclature/MapServer/export?f=image&bbox=-130.00864241593706%2C25.24850561280462%2C-123.17474481617802%2C35.09735803598676&bboxSR=104903&size=544%2C784&format=png&transparent=true&dpi=213&imageSR=104903&layers=hide%3A-1 HTTP/1.1" 200 3233 "-" "ArcGIS.Android-10.2.3/4.4.2/LGE-LG-D801" 393 3520
216.14.155.79 - - [17/Jan/2016:21:19:36 -0500] "GET /arcgis/rest/services/CombinedNomenclature/MapServer/export?f=image&bbox=-142.81888610458086%2C15.505018707405693%2C-122.14853907186756%2C45.29463648984545&bboxSR=104903&size=544%2C784&format=png&transparent=true&dpi=213&imageSR=104903&layers=hide%3A-1 HTTP/1.1" 200 336 "-" "ArcGIS.Android-10.2.3/4.4.2/LGE-LG-D801" 394 623
127.0.0.1 - - [17/Jan/2016:21:19:38 -0500] "GET /opensso/namingservice HTTP/1.1" 200 7 "-" "Java/1.5.0_21" 220 183
216.14.155.79 - - [17/Jan/2016:21:19:38 -0500] "GET /arcgis/rest/services/CombinedNomenclature/MapServer/export?f=image&bbox=-130.33636472161223%2C7.060029731031193%2C-109.66601768889893%2C36.849647513470956&bboxSR=104903&size=544%2C784&format=png&transparent=true&dpi=213&imageSR=104903&layers=hide%3A-1 HTTP/1.1" 200 336 "-" "ArcGIS.Android-10.2.3/4.4.2/LGE-LG-D801" 394 622
216.14.155.79 - - [17/Jan/2016:21:19:38 -0500] "GET /arcgis/rest/services/CombinedNomenclature/MapServer/export?f=image&bbox=-143.3588610482277%2C-4.538447405270414%2C-105.19254739826846%2C50.465945796141426&bboxSR=104903&size=544%2C784&format=png&transparent=true&dpi=213&imageSR=104903&layers=hide%3A-1 HTTP/1.1" 200 3201 "-" "ArcGIS.Android-10.2.3/4.4.2/LGE-LG-D801" 394 3489
216.14.155.79 - - [17/Jan/2016:21:19:40 -0500] "GET /arcgis/rest/services/CombinedNomenclature/MapServer/export?f=image&bbox=-128.25356939238173%2C-24.024605354691012%2C-90.08725574242249%2C30.979787846720832&bboxSR=104903&size=544%2C784&format=png&transparent=true&dpi=213&imageSR=104903&layers=hide%3A-1 HTTP/1.1" 200 4948 "-" "ArcGIS.Android-10.2.3/4.4.2/LGE-LG-D801" 395 5237
127.0.0.1 - - [17/Jan/2016:21:19:42 -0500] "GET /opensso/namingservice HTTP/1.1" 200 7 "-" "Java/1.5.0_21" 220 183
216.14.155.79 - - [17/Jan/2016:21:19:30 -0500] "GET /arcgis/rest/services/CombinedNomenclature/MapServer/export?f=image&bbox=-132.79706387941008%2C26.032394843428463%2C-125.96316627965103%2C35.8812472666106&bboxSR=104903&size=544%2C784&format=png&transparent=true&dpi=213&imageSR=104903&layers=hide%3A-1 HTTP/1.1" 200 4767 "-" "ArcGIS.Android-10.2.3/4.4.2/LGE-LG-D801" 393 5054
