127.0.0.1 - - [03/Sep/2015:00:24:42 -0400] "GET /opensso/identity//xml/read?name=TomcatApps1&attributes_names=realm&attributes_values_realm=%2Fappspub&attributes_names=objecttype&attributes_values_objecttype=Agent&admin=AQIC5wM2LY4SfcyRautyD4RKpwbzv6XrE24fIq8LDPQGnm0%3D%40AAJTSQACMDE%3D%23 HTTP/1.1" 200 13607 "-" "Java/1.5.0_21" 440 13791
127.0.0.1 - - [03/Sep/2015:00:24:42 -0400] "GET /opensso/namingservice HTTP/1.1" 200 7 "-" "Java/1.5.0_21" 220 182
127.0.0.1 - - [03/Sep/2015:00:24:43 -0400] "GET /opensso/namingservice HTTP/1.1" 200 7 "-" "Java/1.5.0_21" 220 183
66.249.67.91 - - [03/Sep/2015:00:25:06 -0400] "GET /redmine/issues/gantt?month=6&months=6&year=1161&zoom=3 HTTP/1.1" 200 51321 "-" "Mozilla/5.0 (compatible; Googlebot/2.1; +http://www.google.com/bot.html)" 345 52010
127.0.0.1 - - [03/Sep/2015:00:25:12 -0400] "GET /opensso/namingservice HTTP/1.1" 200 7 "-" "Java/1.5.0_21" 220 183
127.0.0.1 - - [03/Sep/2015:00:25:13 -0400] "GET /opensso/namingservice HTTP/1.1" 200 7 "-" "Java/1.5.0_21" 220 183
127.0.0.1 - - [03/Sep/2015:00:25:42 -0400] "GET /opensso/namingservice HTTP/1.1" 200 7 "-" "Java/1.5.0_21" 220 183
127.0.0.1 - - [03/Sep/2015:00:25:43 -0400] "GET /opensso/namingservice HTTP/1.1" 200 7 "-" "Java/1.5.0_21" 220 183
127.0.0.1 - - [03/Sep/2015:00:26:12 -0400] "GET /opensso/namingservice HTTP/1.1" 200 7 "-" "Java/1.5.0_21" 220 183
127.0.0.1 - - [03/Sep/2015:00:26:13 -0400] "GET /opensso/namingservice HTTP/1.1" 200 7 "-" "Java/1.5.0_21" 220 183
157.55.39.125 - - [03/Sep/2015:00:26:30 -0400] "GET /olyblog/evergroove88 HTTP/1.1" 404 218 "-" "Mozilla/5.0 (compatible; bingbot/2.0; +http://www.bing.com/bingbot.htm)" 292 463
207.46.13.76 - - [03/Sep/2015:00:26:41 -0400] "GET /robots.txt HTTP/1.1" 404 208 "-" "Mozilla/5.0 (compatible; bingbot/2.0; +http://www.bing.com/bingbot.htm)" 269 453
127.0.0.1 - - [03/Sep/2015:00:26:42 -0400] "GET /opensso/namingservice HTTP/1.1" 200 7 "-" "Java/1.5.0_21" 220 183
127.0.0.1 - - [03/Sep/2015:00:26:43 -0400] "GET /opensso/namingservice HTTP/1.1" 200 7 "-" "Java/1.5.0_21" 220 183
127.0.0.1 - - [03/Sep/2015:00:27:12 -0400] "GET /opensso/namingservice HTTP/1.1" 200 7 "-" "Java/1.5.0_21" 220 183
127.0.0.1 - - [03/Sep/2015:00:27:13 -0400] "GET /opensso/namingservice HTTP/1.1" 200 7 "-" "Java/1.5.0_21" 220 183
127.0.0.1 - - [03/Sep/2015:00:27:42 -0400] "GET /opensso/namingservice HTTP/1.1" 200 7 "-" "Java/1.5.0_21" 220 183
127.0.0.1 - - [03/Sep/2015:00:27:43 -0400] "GET /opensso/namingservice HTTP/1.1" 200 7 "-" "Java/1.5.0_21" 220 183
127.0.0.1 - - [03/Sep/2015:00:28:12 -0400] "GET /opensso/namingservice HTTP/1.1" 200 7 "-" "Java/1.5.0_21" 220 183
127.0.0.1 - - [03/Sep/2015:00:28:13 -0400] "GET /opensso/namingservice HTTP/1.1" 200 7 "-" "Java/1.5.0_21" 220 183
137.78.207.218 - - [03/Sep/2015:00:28:16 -0400] "HEAD /LMMPUI/LMMP_CLIENT/LMMP.html HTTP/1.1" 200 - "-" "curl/7.38.0" 110 274
127.0.0.1 - - [03/Sep/2015:00:28:42 -0400] "GET /opensso/namingservice HTTP/1.1" 200 7 "-" "Java/1.5.0_21" 220 183
127.0.0.1 - - [03/Sep/2015:00:28:43 -0400] "GET /opensso/namingservice HTTP/1.1" 200 7 "-" "Java/1.5.0_21" 220 183
66.249.67.4 - - [03/Sep/2015:00:28:53 -0400] "GET /redmine/issues/gantt?month=6&months=6&year=1839&zoom=3 HTTP/1.1" 200 51340 "-" "Mozilla/5.0 (compatible; Googlebot/2.1; +http://www.google.com/bot.html)" 714 56268
127.0.0.1 - - [03/Sep/2015:00:29:12 -0400] "GET /opensso/namingservice HTTP/1.1" 200 7 "-" "Java/1.5.0_21" 220 183
127.0.0.1 - - [03/Sep/2015:00:29:13 -0400] "GET /opensso/namingservice HTTP/1.1" 200 7 "-" "Java/1.5.0_21" 220 183
127.0.0.1 - - [03/Sep/2015:00:29:42 -0400] "GET /opensso/namingservice HTTP/1.1" 200 7 "-" "Java/1.5.0_21" 220 183
127.0.0.1 - - [03/Sep/2015:00:29:43 -0400] "GET /opensso/namingservice HTTP/1.1" 200 7 "-" "Java/1.5.0_21" 220 183
127.0.0.1 - - [03/Sep/2015:00:30:12 -0400] "GET /opensso/namingservice HTTP/1.1" 200 7 "-" "Java/1.5.0_21" 220 183
127.0.0.1 - - [03/Sep/2015:00:30:13 -0400] "GET /opensso/namingservice HTTP/1.1" 200 7 "-" "Java/1.5.0_21" 220 183
127.0.0.1 - - [03/Sep/2015:00:30:42 -0400] "GET /opensso/namingservice HTTP/1.1" 200 7 "-" "Java/1.5.0_21" 220 183
127.0.0.1 - - [03/Sep/2015:00:30:43 -0400] "GET /opensso/namingservice HTTP/1.1" 200 7 "-" "Java/1.5.0_21" 220 183
127.0.0.1 - - [03/Sep/2015:00:31:12 -0400] "GET /opensso/namingservice HTTP/1.1" 200 7 "-" "Java/1.5.0_21" 220 183
207.46.13.76 - - [03/Sep/2015:00:31:12 -0400] "GET /LMMPUI/LMMP_CLIENT/LMMP.html HTTP/1.1" 200 8973 "-" "Mozilla/5.0 (iPhone; CPU iPhone OS 7_0 like Mac OS X) AppleWebKit/537.51.1 (KHTML, like Gecko) Version/7.0 Mobile/11A465 Safari/9537.53 (compatible; bingbot/2.0;  http://www.bing.com/bingbot.htm)" 424 9303
127.0.0.1 - - [03/Sep/2015:00:31:13 -0400] "GET /opensso/namingservice HTTP/1.1" 200 7 "-" "Java/1.5.0_21" 220 183
127.0.0.1 - - [03/Sep/2015:00:31:42 -0400] "GET /opensso/namingservice HTTP/1.1" 200 7 "-" "Java/1.5.0_21" 220 183
127.0.0.1 - - [03/Sep/2015:00:31:43 -0400] "GET /opensso/namingservice HTTP/1.1" 200 7 "-" "Java/1.5.0_21" 220 183
127.0.0.1 - - [03/Sep/2015:00:32:12 -0400] "GET /opensso/namingservice HTTP/1.1" 200 7 "-" "Java/1.5.0_21" 220 183
127.0.0.1 - - [03/Sep/2015:00:32:13 -0400] "GET /opensso/namingservice HTTP/1.1" 200 7 "-" "Java/1.5.0_21" 220 183
66.249.67.85 - - [03/Sep/2015:00:32:40 -0400] "GET /redmine/issues/gantt?month=7&months=6&year=2391&zoom=4 HTTP/1.1" 200 51390 "-" "Mozilla/5.0 (compatible; Googlebot/2.1; +http://www.google.com/bot.html)" 345 52079
127.0.0.1 - - [03/Sep/2015:00:32:42 -0400] "GET /opensso/namingservice HTTP/1.1" 200 7 "-" "Java/1.5.0_21" 220 183
127.0.0.1 - - [03/Sep/2015:00:32:43 -0400] "GET /opensso/namingservice HTTP/1.1" 200 7 "-" "Java/1.5.0_21" 220 183
127.0.0.1 - - [03/Sep/2015:00:33:12 -0400] "GET /opensso/namingservice HTTP/1.1" 200 7 "-" "Java/1.5.0_21" 220 183
127.0.0.1 - - [03/Sep/2015:00:33:13 -0400] "GET /opensso/namingservice HTTP/1.1" 200 7 "-" "Java/1.5.0_21" 220 183
137.78.207.218 - - [03/Sep/2015:00:33:15 -0400] "HEAD /LMMPUI/LMMP_CLIENT/LMMP.html HTTP/1.1" 200 - "-" "curl/7.38.0" 110 274
127.0.0.1 - - [03/Sep/2015:00:33:42 -0400] "GET /opensso/namingservice HTTP/1.1" 200 7 "-" "Java/1.5.0_21" 220 183
127.0.0.1 - - [03/Sep/2015:00:33:43 -0400] "GET /opensso/namingservice HTTP/1.1" 200 7 "-" "Java/1.5.0_21" 220 183
127.0.0.1 - - [03/Sep/2015:00:34:12 -0400] "GET /opensso/namingservice HTTP/1.1" 200 7 "-" "Java/1.5.0_21" 220 183
127.0.0.1 - - [03/Sep/2015:00:34:13 -0400] "GET /opensso/namingservice HTTP/1.1" 200 7 "-" "Java/1.5.0_21" 220 183
127.0.0.1 - - [03/Sep/2015:00:34:42 -0400] "GET /opensso/namingservice HTTP/1.1" 200 7 "-" "Java/1.5.0_21" 220 183
127.0.0.1 - - [03/Sep/2015:00:34:43 -0400] "GET /opensso/namingservice HTTP/1.1" 200 7 "-" "Java/1.5.0_21" 220 183
127.0.0.1 - - [03/Sep/2015:00:35:12 -0400] "GET /opensso/namingservice HTTP/1.1" 200 7 "-" "Java/1.5.0_21" 220 183
127.0.0.1 - - [03/Sep/2015:00:35:13 -0400] "GET /opensso/namingservice HTTP/1.1" 200 7 "-" "Java/1.5.0_21" 220 183
157.55.39.6 - - [03/Sep/2015:00:35:26 -0400] "GET /redmine/projects/lmmpwiki/wiki/Lunar_Mapper HTTP/1.1" 304 - "-" "Mozilla/5.0 (compatible; bingbot/2.0; +http://www.bing.com/bingbot.htm)" 366 400
127.0.0.1 - - [03/Sep/2015:00:35:42 -0400] "GET /opensso/namingservice HTTP/1.1" 200 7 "-" "Java/1.5.0_21" 220 183
127.0.0.1 - - [03/Sep/2015:00:35:43 -0400] "GET /opensso/namingservice HTTP/1.1" 200 7 "-" "Java/1.5.0_21" 220 183
127.0.0.1 - - [03/Sep/2015:00:36:12 -0400] "GET /opensso/namingservice HTTP/1.1" 200 7 "-" "Java/1.5.0_21" 220 183
127.0.0.1 - - [03/Sep/2015:00:36:13 -0400] "GET /opensso/namingservice HTTP/1.1" 200 7 "-" "Java/1.5.0_21" 220 183
66.249.67.91 - - [03/Sep/2015:00:36:27 -0400] "GET /redmine/issues/gantt?month=8&months=6&year=2868&zoom=1 HTTP/1.1" 200 27586 "-" "Mozilla/5.0 (compatible; Googlebot/2.1; +http://www.google.com/bot.html)" 345 28275
127.0.0.1 - - [03/Sep/2015:00:36:42 -0400] "GET /opensso/namingservice HTTP/1.1" 200 7 "-" "Java/1.5.0_21" 220 183
127.0.0.1 - - [03/Sep/2015:00:36:43 -0400] "GET /opensso/namingservice HTTP/1.1" 200 7 "-" "Java/1.5.0_21" 220 183
127.0.0.1 - - [03/Sep/2015:00:37:12 -0400] "GET /opensso/namingservice HTTP/1.1" 200 7 "-" "Java/1.5.0_21" 220 183
127.0.0.1 - - [03/Sep/2015:00:37:13 -0400] "GET /opensso/namingservice HTTP/1.1" 200 7 "-" "Java/1.5.0_21" 220 183
127.0.0.1 - - [03/Sep/2015:00:37:42 -0400] "GET /opensso/namingservice HTTP/1.1" 200 7 "-" "Java/1.5.0_21" 220 183
127.0.0.1 - - [03/Sep/2015:00:37:43 -0400] "GET /opensso/namingservice HTTP/1.1" 200 7 "-" "Java/1.5.0_21" 220 183
216.218.147.199 - - [03/Sep/2015:00:37:44 -0400] "GET /redmine/issues/gantt?month=9&months=6&year=2013&zoom=1 HTTP/1.0" 200 27588 "-" "GigablastOpenSource/1.0" 166 28240
68.224.96.63 - - [03/Sep/2015:00:37:47 -0400] "GET /LMMPUI/LMMP_CLIENT/LMMP.html?x=58.7901&y=10.898&level=9&projection=equirectangular&basemap=LRO_WAC_Mosaic_Global_303ppd&layers=LRO_NAC_ClrShade_10N058E_150cmp,Graticule,Nomenclature&visibility=true,false,true&transparency=1,1,1&size=fullscreen HTTP/1.1" 200 8973 "-" "Mozilla/5.0 (Windows NT 6.0; WOW64) AppleWebKit/537.36 (KHTML, like Gecko) Chrome/45.0.2454.85 Safari/537.36" 1030 13442
68.224.96.63 - - [03/Sep/2015:00:37:48 -0400] "GET /LMMPUI/LMMP_CLIENT/history/history.css HTTP/1.1" 200 365 "https://pub.lmmp.nasa.gov/LMMPUI/LMMP_CLIENT/LMMP.html?x=58.7901&y=10.898&level=9&projection=equirectangular&basemap=LRO_WAC_Mosaic_Global_303ppd&layers=LRO_NAC_ClrShade_10N058E_150cmp,Graticule,Nomenclature&visibility=true,false,true&transparency=1,1,1&size=fullscreen" "Mozilla/5.0 (Windows NT 6.0; WOW64) AppleWebKit/537.36 (KHTML, like Gecko) Chrome/45.0.2454.85 Safari/537.36" 682 762
68.224.96.63 - - [03/Sep/2015:00:37:48 -0400] "GET /LMMPUI/LMMP_CLIENT/history/history.js HTTP/1.1" 200 24650 "https://pub.lmmp.nasa.gov/LMMPUI/LMMP_CLIENT/LMMP.html?x=58.7901&y=10.898&level=9&projection=equirectangular&basemap=LRO_WAC_Mosaic_Global_303ppd&layers=LRO_NAC_ClrShade_10N058E_150cmp,Graticule,Nomenclature&visibility=true,false,true&transparency=1,1,1&size=fullscreen" "Mozilla/5.0 (Windows NT 6.0; WOW64) AppleWebKit/537.36 (KHTML, like Gecko) Chrome/45.0.2454.85 Safari/537.36" 1014 29196
68.224.96.63 - - [03/Sep/2015:00:37:48 -0400] "GET /LMMPUI/LMMP_CLIENT/swfobject.js HTTP/1.1" 200 25574 "https://pub.lmmp.nasa.gov/LMMPUI/LMMP_CLIENT/LMMP.html?x=58.7901&y=10.898&level=9&projection=equirectangular&basemap=LRO_WAC_Mosaic_Global_303ppd&layers=LRO_NAC_ClrShade_10N058E_150cmp,Graticule,Nomenclature&visibility=true,false,true&transparency=1,1,1&size=fullscreen" "Mozilla/5.0 (Windows NT 6.0; WOW64) AppleWebKit/537.36 (KHTML, like Gecko) Chrome/45.0.2454.85 Safari/537.36" 650 26073
195.154.165.177 - - [03/Sep/2015:00:37:52 -0400] "GET / HTTP/1.1" 302 231 "-" "Mozilla/5.0 (Windows NT 5.1)" 119 494
68.224.96.63 - - [03/Sep/2015:00:37:57 -0400] "GET /favicon.ico HTTP/1.1" 404 209 "https://pub.lmmp.nasa.gov/LMMPUI/LMMP_CLIENT/LMMP.html?x=58.7901&y=10.898&level=9&projection=equirectangular&basemap=LRO_WAC_Mosaic_Global_303ppd&layers=LRO_NAC_ClrShade_10N058E_150cmp,Graticule,Nomenclature&visibility=true,false,true&transparency=1,1,1&size=fullscreen" "Mozilla/5.0 (Windows NT 6.0; WOW64) AppleWebKit/537.36 (KHTML, like Gecko) Chrome/45.0.2454.85 Safari/537.36" 1210 667
68.224.96.63 - - [03/Sep/2015:00:37:57 -0400] "GET /LMMPUI/LMMP_CLIENT/LMMP_WB.swf HTTP/1.1" 200 972505 "https://pub.lmmp.nasa.gov/LMMPUI/LMMP_CLIENT/LMMP.html?x=58.7901&y=10.898&level=9&projection=equirectangular&basemap=LRO_WAC_Mosaic_Global_303ppd&layers=LRO_NAC_ClrShade_10N058E_150cmp,Graticule,Nomenclature&visibility=true,false,true&transparency=1,1,1&size=fullscreen" "Mozilla/5.0 (Windows NT 6.0; WOW64) AppleWebKit/537.36 (KHTML, like Gecko) Chrome/45.0.2454.85 Safari/537.36" 1274 976489
68.224.96.63 - - [03/Sep/2015:00:38:05 -0400] "GET /LMMPUI/LMMP_CLIENT/assets/image/background.jpg HTTP/1.1" 200 69719 "https://pub.lmmp.nasa.gov/LMMPUI/LMMP_CLIENT/LMMP.html?x=58.7901&y=10.898&level=9&projection=equirectangular&basemap=LRO_WAC_Mosaic_Global_303ppd&layers=LRO_NAC_ClrShade_10N058E_150cmp,Graticule,Nomenclature&visibility=true,false,true&transparency=1,1,1&size=fullscreen" "Mozilla/5.0 (Windows NT 6.0; WOW64) AppleWebKit/537.36 (KHTML, like Gecko) Chrome/45.0.2454.85 Safari/537.36" 1290 70499
68.224.96.63 - - [03/Sep/2015:00:38:07 -0400] "GET /LMMPUI/LMMP_CLIENT/assets/image/space.jpg HTTP/1.1" 200 25415 "https://pub.lmmp.nasa.gov/LMMPUI/LMMP_CLIENT/LMMP.html?x=58.7901&y=10.898&level=9&projection=equirectangular&basemap=LRO_WAC_Mosaic_Global_303ppd&layers=LRO_NAC_ClrShade_10N058E_150cmp,Graticule,Nomenclature&visibility=true,false,true&transparency=1,1,1&size=fullscreen" "Mozilla/5.0 (Windows NT 6.0; WOW64) AppleWebKit/537.36 (KHTML, like Gecko) Chrome/45.0.2454.85 Safari/537.36" 714 25913
68.224.96.63 - - [03/Sep/2015:00:38:08 -0400] "GET /LMMPUI/LMMP_CLIENT/config/config.xml?1441255087400 HTTP/1.1" 200 12261 "https://pub.lmmp.nasa.gov/LMMPUI/LMMP_CLIENT/LMMP.html?x=58.7901&y=10.898&level=9&projection=equirectangular&basemap=LRO_WAC_Mosaic_Global_303ppd&layers=LRO_NAC_ClrShade_10N058E_150cmp,Graticule,Nomenclature&visibility=true,false,true&transparency=1,1,1&size=fullscreen" "Mozilla/5.0 (Windows NT 6.0; WOW64) AppleWebKit/537.36 (KHTML, like Gecko) Chrome/45.0.2454.85 Safari/537.36" 714 12703
68.224.96.63 - - [03/Sep/2015:00:38:08 -0400] "GET /LMMPUI/LMMP_CLIENT/config/helpLinks.xml HTTP/1.1" 200 927 "https://pub.lmmp.nasa.gov/LMMPUI/LMMP_CLIENT/LMMP.html?x=58.7901&y=10.898&level=9&projection=equirectangular&basemap=LRO_WAC_Mosaic_Global_303ppd&layers=LRO_NAC_ClrShade_10N058E_150cmp,Graticule,Nomenclature&visibility=true,false,true&transparency=1,1,1&size=fullscreen" "Mozilla/5.0 (Windows NT 6.0; WOW64) AppleWebKit/537.36 (KHTML, like Gecko) Chrome/45.0.2454.85 Safari/537.36" 1290 1483
68.224.96.63 - - [03/Sep/2015:00:38:08 -0400] "GET /LMMPUI/LMMP_CLIENT/config/ldap.xml HTTP/1.1" 200 492 "https://pub.lmmp.nasa.gov/LMMPUI/LMMP_CLIENT/LMMP.html?x=58.7901&y=10.898&level=9&projection=equirectangular&basemap=LRO_WAC_Mosaic_Global_303ppd&layers=LRO_NAC_ClrShade_10N058E_150cmp,Graticule,Nomenclature&visibility=true,false,true&transparency=1,1,1&size=fullscreen" "Mozilla/5.0 (Windows NT 6.0; WOW64) AppleWebKit/537.36 (KHTML, like Gecko) Chrome/45.0.2454.85 Safari/537.36" 1274 1051
68.224.96.63 - - [03/Sep/2015:00:38:08 -0400] "GET /LMMPUI/LMMP_CLIENT/assets/image/NASA_logo.png HTTP/1.1" 200 14512 "https://pub.lmmp.nasa.gov/LMMPUI/LMMP_CLIENT/LMMP.html?x=58.7901&y=10.898&level=9&projection=equirectangular&basemap=LRO_WAC_Mosaic_Global_303ppd&layers=LRO_NAC_ClrShade_10N058E_150cmp,Graticule,Nomenclature&visibility=true,false,true&transparency=1,1,1&size=fullscreen" "Mozilla/5.0 (Windows NT 6.0; WOW64) AppleWebKit/537.36 (KHTML, like Gecko) Chrome/45.0.2454.85 Safari/537.36" 1290 15088
68.224.96.63 - - [03/Sep/2015:00:38:08 -0400] "GET /LMMPUI/LMMP_CLIENT/homepage/features.xml?v=1441255088256 HTTP/1.1" 200 1611 "https://pub.lmmp.nasa.gov/LMMPUI/LMMP_CLIENT/LMMP.html?x=58.7901&y=10.898&level=9&projection=equirectangular&basemap=LRO_WAC_Mosaic_Global_303ppd&layers=LRO_NAC_ClrShade_10N058E_150cmp,Graticule,Nomenclature&visibility=true,false,true&transparency=1,1,1&size=fullscreen" "Mozilla/5.0 (Windows NT 6.0; WOW64) AppleWebKit/537.36 (KHTML, like Gecko) Chrome/45.0.2454.85 Safari/537.36" 1306 2155
127.0.0.1 - - [03/Sep/2015:00:38:09 -0400] "POST /opensso/sessionservice HTTP/1.1" 200 415 "-" "Java/1.5.0_21" 714 593
127.0.0.1 - - [03/Sep/2015:00:38:09 -0400] "POST /opensso/authservice HTTP/1.1" 200 839 "-" "Java/1.5.0_21" 694 1156
127.0.0.1 - - [03/Sep/2015:00:38:09 -0400] "POST /opensso/authservice HTTP/1.1" 200 1844 "-" "Java/1.5.0_21" 1039 2021
127.0.0.1 - - [03/Sep/2015:00:38:09 -0400] "POST /opensso/sessionservice HTTP/1.1" 200 2016 "-" "Java/1.5.0_21" 714 2193
127.0.0.1 - - [03/Sep/2015:00:38:09 -0400] "POST /opensso/sessionservice HTTP/1.1" 200 273 "-" "Java/1.5.0_21" 780 450
127.0.0.1 - - [03/Sep/2015:00:38:09 -0400] "GET /openssorest/token/localldap HTTP/1.1" 200 62 "-" "Java/1.5.0_21" 277 239
68.224.96.63 - - [03/Sep/2015:00:38:09 -0400] "GET /LMMPUI/rest/proxy/proxyService?cs=bG1tcGd1ZXN0fGd1ZXN0bG1tcHxodHRwOi8vcHViLmxtbXAubmFzYS5nb3Yvb3BlbnNzb3Jlc3QvdG9rZW4vbG9jYWxsZGFw HTTP/1.1" 200 63 "-" "Mozilla/5.0 (Windows NT 6.0; WOW64) AppleWebKit/537.36 (KHTML, like Gecko) Chrome/45.0.2454.85 Safari/537.36" 448 239
68.224.96.63 - - [03/Sep/2015:00:38:09 -0400] "POST /openssorest/token/localldap HTTP/1.1" 200 62 "-" "Mozilla/5.0 (Windows NT 6.0; WOW64) AppleWebKit/537.36 (KHTML, like Gecko) Chrome/45.0.2454.85 Safari/537.36" 506 238
68.224.96.63 - - [03/Sep/2015:00:38:10 -0400] "GET /opensso/identity/isTokenValid?iPlanetDirectoryPro=AQIC5wM2LY4SfcxXlNGU3OP4giWYW5ziGC97AJnheSMxTG4%3D%40AAJTSQACMDE%3D%23 HTTP/1.1" 200 13 "-" "Mozilla/5.0 (Windows NT 6.0; WOW64) AppleWebKit/537.36 (KHTML, like Gecko) Chrome/45.0.2454.85 Safari/537.36" 532 170
68.224.96.63 - - [03/Sep/2015:00:38:10 -0400] "GET /opensso/identity/isTokenValid?iPlanetDirectoryPro=AQIC5wM2LY4SfcxXlNGU3OP4giWYW5ziGC97AJnheSMxTG4%3D%40AAJTSQACMDE%3D%23 HTTP/1.1" 200 13 "-" "Mozilla/5.0 (Windows NT 6.0; WOW64) AppleWebKit/537.36 (KHTML, like Gecko) Chrome/45.0.2454.85 Safari/537.36" 532 170
68.224.96.63 - - [03/Sep/2015:00:38:10 -0400] "GET /opensso/identity/attributes?iPlanetDirectoryPro=AQIC5wM2LY4SfcxXlNGU3OP4giWYW5ziGC97AJnheSMxTG4%3D%40AAJTSQACMDE%3D%23 HTTP/1.1" 200 981 "-" "Mozilla/5.0 (Windows NT 6.0; WOW64) AppleWebKit/537.36 (KHTML, like Gecko) Chrome/45.0.2454.85 Safari/537.36" 530 1139
127.0.0.1 - - [03/Sep/2015:00:38:10 -0400] "POST /opensso/sessionservice HTTP/1.1" 200 2016 "-" "Java/1.5.0_21" 819 2194
127.0.0.1 - - [03/Sep/2015:00:38:10 -0400] "POST /opensso/sessionservice HTTP/1.1" 200 273 "-" "Java/1.5.0_21" 885 450
127.0.0.1 - - [03/Sep/2015:00:38:10 -0400] "POST /opensso/policyservice HTTP/1.1" 200 9463 "-" "Java/1.5.0_21" 1117 9648
127.0.0.1 - - [03/Sep/2015:00:38:10 -0400] "POST /opensso/jaxrpc/SMSObjectIF HTTP/1.1" 200 505 "-" "Java/1.5.0_21" 847 766
127.0.0.1 - - [03/Sep/2015:00:38:10 -0400] "POST /opensso/jaxrpc/DirectoryManagerIF HTTP/1.1" 200 1290 "-" "Java/1.5.0_21" 1362 1551
68.224.96.63 - - [03/Sep/2015:00:38:10 -0400] "GET /LMMP/rest/dbxml/resources?iPlanetDirectoryPro=AQIC5wM2LY4SfcxXlNGU3OP4giWYW5ziGC97AJnheSMxTG4%3D%40AAJTSQACMDE%3D%23 HTTP/1.1" 200 2827 "-" "Mozilla/5.0 (Windows NT 6.0; WOW64) AppleWebKit/537.36 (KHTML, like Gecko) Chrome/45.0.2454.85 Safari/537.36" 528 3079
68.224.96.63 - - [03/Sep/2015:00:38:10 -0400] "GET /opensso/identity/isTokenValid?iPlanetDirectoryPro=AQIC5wM2LY4SfcxXlNGU3OP4giWYW5ziGC97AJnheSMxTG4%3D%40AAJTSQACMDE%3D%23 HTTP/1.1" 200 13 "-" "Mozilla/5.0 (Windows NT 6.0; WOW64) AppleWebKit/537.36 (KHTML, like Gecko) Chrome/45.0.2454.85 Safari/537.36" 532 170
68.224.96.63 - - [03/Sep/2015:00:38:10 -0400] "GET /opensso/identity/isTokenValid?iPlanetDirectoryPro=AQIC5wM2LY4SfcxXlNGU3OP4giWYW5ziGC97AJnheSMxTG4%3D%40AAJTSQACMDE%3D%23 HTTP/1.1" 200 13 "-" "Mozilla/5.0 (Windows NT 6.0; WOW64) AppleWebKit/537.36 (KHTML, like Gecko) Chrome/45.0.2454.85 Safari/537.36" 532 170
68.224.96.63 - - [03/Sep/2015:00:38:10 -0400] "GET /LMMPUI/LMMP_CLIENT/config/basemap.xml?iPlanetDirectoryPro=AQIC5wM2LY4SfcxXlNGU3OP4giWYW5ziGC97AJnheSMxTG4%3D%40AAJTSQACMDE%3D%23 HTTP/1.1" 200 232 "https://pub.lmmp.nasa.gov/LMMPUI/LMMP_CLIENT/LMMP.html?x=58.7901&y=10.898&level=9&projection=equirectangular&basemap=LRO_WAC_Mosaic_Global_303ppd&layers=LRO_NAC_ClrShade_10N058E_150cmp,Graticule,Nomenclature&visibility=true,false,true&transparency=1,1,1&size=fullscreen" "Mozilla/5.0 (Windows NT 6.0; WOW64) AppleWebKit/537.36 (KHTML, like Gecko) Chrome/45.0.2454.85 Safari/537.36" 890 634
68.224.96.63 - - [03/Sep/2015:00:38:10 -0400] "GET /opensso/identity/isTokenValid?iPlanetDirectoryPro=AQIC5wM2LY4SfcxXlNGU3OP4giWYW5ziGC97AJnheSMxTG4%3D%40AAJTSQACMDE%3D%23 HTTP/1.1" 200 13 "-" "Mozilla/5.0 (Windows NT 6.0; WOW64) AppleWebKit/537.36 (KHTML, like Gecko) Chrome/45.0.2454.85 Safari/537.36" 532 170
68.224.96.63 - - [03/Sep/2015:00:38:11 -0400] "GET /LMMPUI/LMMP_CLIENT/config/npBasemap.xml?iPlanetDirectoryPro=AQIC5wM2LY4SfcxXlNGU3OP4giWYW5ziGC97AJnheSMxTG4%3D%40AAJTSQACMDE%3D%23 HTTP/1.1" 200 178 "https://pub.lmmp.nasa.gov/LMMPUI/LMMP_CLIENT/LMMP.html?x=58.7901&y=10.898&level=9&projection=equirectangular&basemap=LRO_WAC_Mosaic_Global_303ppd&layers=LRO_NAC_ClrShade_10N058E_150cmp,Graticule,Nomenclature&visibility=true,false,true&transparency=1,1,1&size=fullscreen" "Mozilla/5.0 (Windows NT 6.0; WOW64) AppleWebKit/537.36 (KHTML, like Gecko) Chrome/45.0.2454.85 Safari/537.36" 890 586
68.224.96.63 - - [03/Sep/2015:00:38:11 -0400] "GET /opensso/identity/isTokenValid?iPlanetDirectoryPro=AQIC5wM2LY4SfcxXlNGU3OP4giWYW5ziGC97AJnheSMxTG4%3D%40AAJTSQACMDE%3D%23 HTTP/1.1" 200 13 "-" "Mozilla/5.0 (Windows NT 6.0; WOW64) AppleWebKit/537.36 (KHTML, like Gecko) Chrome/45.0.2454.85 Safari/537.36" 532 170
68.224.96.63 - - [03/Sep/2015:00:38:11 -0400] "GET /LMMPUI/LMMP_CLIENT/config/spBasemap.xml?iPlanetDirectoryPro=AQIC5wM2LY4SfcxXlNGU3OP4giWYW5ziGC97AJnheSMxTG4%3D%40AAJTSQACMDE%3D%23 HTTP/1.1" 200 178 "https://pub.lmmp.nasa.gov/LMMPUI/LMMP_CLIENT/LMMP.html?x=58.7901&y=10.898&level=9&projection=equirectangular&basemap=LRO_WAC_Mosaic_Global_303ppd&layers=LRO_NAC_ClrShade_10N058E_150cmp,Graticule,Nomenclature&visibility=true,false,true&transparency=1,1,1&size=fullscreen" "Mozilla/5.0 (Windows NT 6.0; WOW64) AppleWebKit/537.36 (KHTML, like Gecko) Chrome/45.0.2454.85 Safari/537.36" 890 586
127.0.0.1 - - [03/Sep/2015:00:38:11 -0400] "POST /opensso/jaxrpc/SMSObjectIF HTTP/1.1" 200 505 "-" "Java/1.5.0_21" 847 766
127.0.0.1 - - [03/Sep/2015:00:38:11 -0400] "POST /opensso/jaxrpc/DirectoryManagerIF HTTP/1.1" 200 1290 "-" "Java/1.5.0_21" 1362 1551
68.224.96.63 - - [03/Sep/2015:00:38:11 -0400] "GET /opensso/identity/isTokenValid?iPlanetDirectoryPro=AQIC5wM2LY4SfcxXlNGU3OP4giWYW5ziGC97AJnheSMxTG4%3D%40AAJTSQACMDE%3D%23 HTTP/1.1" 200 13 "-" "Mozilla/5.0 (Windows NT 6.0; WOW64) AppleWebKit/537.36 (KHTML, like Gecko) Chrome/45.0.2454.85 Safari/537.36" 532 171
68.224.96.63 - - [03/Sep/2015:00:38:11 -0400] "GET /opensso/identity/isTokenValid?iPlanetDirectoryPro=AQIC5wM2LY4SfcxXlNGU3OP4giWYW5ziGC97AJnheSMxTG4%3D%40AAJTSQACMDE%3D%23 HTTP/1.1" 200 13 "-" "Mozilla/5.0 (Windows NT 6.0; WOW64) AppleWebKit/537.36 (KHTML, like Gecko) Chrome/45.0.2454.85 Safari/537.36" 532 170
127.0.0.1 - - [03/Sep/2015:00:38:11 -0400] "POST /opensso/jaxrpc/SMSObjectIF HTTP/1.1" 200 505 "-" "Java/1.5.0_21" 847 766
127.0.0.1 - - [03/Sep/2015:00:38:11 -0400] "POST /opensso/jaxrpc/SMSObjectIF HTTP/1.1" 200 505 "-" "Java/1.5.0_21" 847 767
127.0.0.1 - - [03/Sep/2015:00:38:11 -0400] "POST /opensso/jaxrpc/DirectoryManagerIF HTTP/1.1" 200 1290 "-" "Java/1.5.0_21" 1362 1551
127.0.0.1 - - [03/Sep/2015:00:38:11 -0400] "POST /opensso/jaxrpc/DirectoryManagerIF HTTP/1.1" 200 1290 "-" "Java/1.5.0_21" 1362 1551
127.0.0.1 - - [03/Sep/2015:00:38:12 -0400] "GET /opensso/namingservice HTTP/1.1" 200 7 "-" "Java/1.5.0_21" 220 182
68.224.96.63 - - [03/Sep/2015:00:38:11 -0400] "GET /LMMP/rest/dbxml/layers?proj=IAU2000:30118&visOnly=true&iPlanetDirectoryPro=AQIC5wM2LY4SfcxXlNGU3OP4giWYW5ziGC97AJnheSMxTG4%3D%40AAJTSQACMDE%3D%23&sort=Mission%2Ctitle HTTP/1.1" 200 44040 "-" "Mozilla/5.0 (Windows NT 6.0; WOW64) AppleWebKit/537.36 (KHTML, like Gecko) Chrome/45.0.2454.85 Safari/537.36" 631 44328
127.0.0.1 - - [03/Sep/2015:00:38:13 -0400] "GET /opensso/namingservice HTTP/1.1" 200 7 "-" "Java/1.5.0_21" 220 182
68.224.96.63 - - [03/Sep/2015:00:38:11 -0400] "GET /LMMP/rest/dbxml/layers?proj=IAU2000:30120&visOnly=true&iPlanetDirectoryPro=AQIC5wM2LY4SfcxXlNGU3OP4giWYW5ziGC97AJnheSMxTG4%3D%40AAJTSQACMDE%3D%23&sort=Mission%2Ctitle HTTP/1.1" 200 46095 "-" "Mozilla/5.0 (Windows NT 6.0; WOW64) AppleWebKit/537.36 (KHTML, like Gecko) Chrome/45.0.2454.85 Safari/537.36" 631 46385
68.224.96.63 - - [03/Sep/2015:00:38:13 -0400] "GET /opensso/identity/isTokenValid?iPlanetDirectoryPro=AQIC5wM2LY4SfcxXlNGU3OP4giWYW5ziGC97AJnheSMxTG4%3D%40AAJTSQACMDE%3D%23 HTTP/1.1" 200 13 "-" "Mozilla/5.0 (Windows NT 6.0; WOW64) AppleWebKit/537.36 (KHTML, like Gecko) Chrome/45.0.2454.85 Safari/537.36" 532 170
68.224.96.63 - - [03/Sep/2015:00:38:13 -0400] "GET /opensso/identity/isTokenValid?iPlanetDirectoryPro=AQIC5wM2LY4SfcxXlNGU3OP4giWYW5ziGC97AJnheSMxTG4%3D%40AAJTSQACMDE%3D%23 HTTP/1.1" 200 13 "-" "Mozilla/5.0 (Windows NT 6.0; WOW64) AppleWebKit/537.36 (KHTML, like Gecko) Chrome/45.0.2454.85 Safari/537.36" 532 170
127.0.0.1 - - [03/Sep/2015:00:38:13 -0400] "POST /opensso/jaxrpc/SMSObjectIF HTTP/1.1" 200 505 "-" "Java/1.5.0_21" 847 766
127.0.0.1 - - [03/Sep/2015:00:38:13 -0400] "POST /opensso/jaxrpc/DirectoryManagerIF HTTP/1.1" 200 1290 "-" "Java/1.5.0_21" 1362 1551
127.0.0.1 - - [03/Sep/2015:00:38:13 -0400] "POST /opensso/jaxrpc/SMSObjectIF HTTP/1.1" 200 505 "-" "Java/1.5.0_21" 847 766
127.0.0.1 - - [03/Sep/2015:00:38:13 -0400] "POST /opensso/jaxrpc/DirectoryManagerIF HTTP/1.1" 200 1290 "-" "Java/1.5.0_21" 1362 1551
68.224.96.63 - - [03/Sep/2015:00:38:13 -0400] "GET /LMMP/rest/dbxml/layers/int?proj=IAU2000:30118&iPlanetDirectoryPro=AQIC5wM2LY4SfcxXlNGU3OP4giWYW5ziGC97AJnheSMxTG4%3D%40AAJTSQACMDE%3D%23&sort=Mission%2Ctitle HTTP/1.1" 200 8314 "-" "Mozilla/5.0 (Windows NT 6.0; WOW64) AppleWebKit/537.36 (KHTML, like Gecko) Chrome/45.0.2454.85 Safari/537.36" 622 8569
68.224.96.63 - - [03/Sep/2015:00:38:13 -0400] "GET /LMMP/rest/dbxml/layers/int?proj=IAU2000:30120&iPlanetDirectoryPro=AQIC5wM2LY4SfcxXlNGU3OP4giWYW5ziGC97AJnheSMxTG4%3D%40AAJTSQACMDE%3D%23&sort=Mission%2Ctitle HTTP/1.1" 200 9412 "-" "Mozilla/5.0 (Windows NT 6.0; WOW64) AppleWebKit/537.36 (KHTML, like Gecko) Chrome/45.0.2454.85 Safari/537.36" 622 9668
137.78.207.218 - - [03/Sep/2015:00:38:16 -0400] "HEAD /LMMPUI/LMMP_CLIENT/LMMP.html HTTP/1.1" 200 - "-" "curl/7.38.0" 110 274
68.224.96.63 - - [03/Sep/2015:00:38:11 -0400] "GET /LMMP/rest/dbxml/layers?proj=IAU2000:30100&visOnly=true&iPlanetDirectoryPro=AQIC5wM2LY4SfcxXlNGU3OP4giWYW5ziGC97AJnheSMxTG4%3D%40AAJTSQACMDE%3D%23&sort=Mission%2Ctitle HTTP/1.1" 200 831579 "-" "Mozilla/5.0 (Windows NT 6.0; WOW64) AppleWebKit/537.36 (KHTML, like Gecko) Chrome/45.0.2454.85 Safari/537.36" 631 832636
68.224.96.63 - - [03/Sep/2015:00:38:18 -0400] "GET /opensso/identity/isTokenValid?iPlanetDirectoryPro=AQIC5wM2LY4SfcxXlNGU3OP4giWYW5ziGC97AJnheSMxTG4%3D%40AAJTSQACMDE%3D%23 HTTP/1.1" 200 13 "-" "Mozilla/5.0 (Windows NT 6.0; WOW64) AppleWebKit/537.36 (KHTML, like Gecko) Chrome/45.0.2454.85 Safari/537.36" 532 170
127.0.0.1 - - [03/Sep/2015:00:38:18 -0400] "POST /opensso/jaxrpc/SMSObjectIF HTTP/1.1" 200 505 "-" "Java/1.5.0_21" 847 766
127.0.0.1 - - [03/Sep/2015:00:38:18 -0400] "POST /opensso/jaxrpc/DirectoryManagerIF HTTP/1.1" 200 1290 "-" "Java/1.5.0_21" 1362 1551
68.224.96.63 - - [03/Sep/2015:00:38:18 -0400] "GET /LMMP/rest/dbxml/layers/int?proj=IAU2000:30100&iPlanetDirectoryPro=AQIC5wM2LY4SfcxXlNGU3OP4giWYW5ziGC97AJnheSMxTG4%3D%40AAJTSQACMDE%3D%23&sort=Mission%2Ctitle HTTP/1.1" 200 349706 "-" "Mozilla/5.0 (Windows NT 6.0; WOW64) AppleWebKit/537.36 (KHTML, like Gecko) Chrome/45.0.2454.85 Safari/537.36" 622 350291
68.224.96.63 - - [03/Sep/2015:00:38:22 -0400] "GET /opensso/identity/isTokenValid?iPlanetDirectoryPro=AQIC5wM2LY4SfcxXlNGU3OP4giWYW5ziGC97AJnheSMxTG4%3D%40AAJTSQACMDE%3D%23 HTTP/1.1" 200 13 "-" "Mozilla/5.0 (Windows NT 6.0; WOW64) AppleWebKit/537.36 (KHTML, like Gecko) Chrome/45.0.2454.85 Safari/537.36" 532 170
68.224.96.63 - - [03/Sep/2015:00:38:22 -0400] "GET /LMMPUI/LMMP_CLIENT/sampleData/emptyLayer.xml?iPlanetDirectoryPro=AQIC5wM2LY4SfcxXlNGU3OP4giWYW5ziGC97AJnheSMxTG4%3D%40AAJTSQACMDE%3D%23 HTTP/1.1" 200 19 "https://pub.lmmp.nasa.gov/LMMPUI/LMMP_CLIENT/LMMP.html?x=58.7901&y=10.898&level=9&projection=equirectangular&basemap=LRO_WAC_Mosaic_Global_303ppd&layers=LRO_NAC_ClrShade_10N058E_150cmp,Graticule,Nomenclature&visibility=true,false,true&transparency=1,1,1&size=fullscreen" "Mozilla/5.0 (Windows NT 6.0; WOW64) AppleWebKit/537.36 (KHTML, like Gecko) Chrome/45.0.2454.85 Safari/537.36" 1466 571
68.224.96.63 - - [03/Sep/2015:00:38:26 -0400] "GET /opensso/identity/isTokenValid?iPlanetDirectoryPro=AQIC5wM2LY4SfcxXlNGU3OP4giWYW5ziGC97AJnheSMxTG4%3D%40AAJTSQACMDE%3D%23 HTTP/1.1" 200 13 "-" "Mozilla/5.0 (Windows NT 6.0; WOW64) AppleWebKit/537.36 (KHTML, like Gecko) Chrome/45.0.2454.85 Safari/537.36" 532 170
68.224.96.63 - - [03/Sep/2015:00:38:26 -0400] "GET /LMMPUI/LMMP_CLIENT/sampleData/nomenclature.xml HTTP/1.1" 200 1725 "https://pub.lmmp.nasa.gov/LMMPUI/LMMP_CLIENT/LMMP.html?x=58.7901&y=10.898&level=9&projection=equirectangular&basemap=LRO_WAC_Mosaic_Global_303ppd&layers=LRO_NAC_ClrShade_10N058E_150cmp,Graticule,Nomenclature&visibility=true,false,true&transparency=1,1,1&size=fullscreen" "Mozilla/5.0 (Windows NT 6.0; WOW64) AppleWebKit/537.36 (KHTML, like Gecko) Chrome/45.0.2454.85 Safari/537.36" 810 2138
68.224.96.63 - - [03/Sep/2015:00:38:26 -0400] "GET /opensso/identity/isTokenValid?iPlanetDirectoryPro=AQIC5wM2LY4SfcxXlNGU3OP4giWYW5ziGC97AJnheSMxTG4%3D%40AAJTSQACMDE%3D%23 HTTP/1.1" 200 13 "-" "Mozilla/5.0 (Windows NT 6.0; WOW64) AppleWebKit/537.36 (KHTML, like Gecko) Chrome/45.0.2454.85 Safari/537.36" 532 170
68.224.96.63 - - [03/Sep/2015:00:38:26 -0400] "GET /LMMPUI/LMMP_CLIENT/sampleData/graticule.xml HTTP/1.1" 200 1234 "https://pub.lmmp.nasa.gov/LMMPUI/LMMP_CLIENT/LMMP.html?x=58.7901&y=10.898&level=9&projection=equirectangular&basemap=LRO_WAC_Mosaic_Global_303ppd&layers=LRO_NAC_ClrShade_10N058E_150cmp,Graticule,Nomenclature&visibility=true,false,true&transparency=1,1,1&size=fullscreen" "Mozilla/5.0 (Windows NT 6.0; WOW64) AppleWebKit/537.36 (KHTML, like Gecko) Chrome/45.0.2454.85 Safari/537.36" 810 1642
68.224.96.63 - - [03/Sep/2015:00:38:26 -0400] "GET /LMMPUI/LMMP_CLIENT/config/searchResultFields.xml HTTP/1.1" 200 1711 "https://pub.lmmp.nasa.gov/LMMPUI/LMMP_CLIENT/LMMP.html?x=58.7901&y=10.898&level=9&projection=equirectangular&basemap=LRO_WAC_Mosaic_Global_303ppd&layers=LRO_NAC_ClrShade_10N058E_150cmp,Graticule,Nomenclature&visibility=true,false,true&transparency=1,1,1&size=fullscreen" "Mozilla/5.0 (Windows NT 6.0; WOW64) AppleWebKit/537.36 (KHTML, like Gecko) Chrome/45.0.2454.85 Safari/537.36" 810 2122
68.224.96.63 - - [03/Sep/2015:00:38:26 -0400] "GET /LMMPUI/LMMP_CLIENT/config/nomenclatureType.xml HTTP/1.1" 200 691 "https://pub.lmmp.nasa.gov/LMMPUI/LMMP_CLIENT/LMMP.html?x=58.7901&y=10.898&level=9&projection=equirectangular&basemap=LRO_WAC_Mosaic_Global_303ppd&layers=LRO_NAC_ClrShade_10N058E_150cmp,Graticule,Nomenclature&visibility=true,false,true&transparency=1,1,1&size=fullscreen" "Mozilla/5.0 (Windows NT 6.0; WOW64) AppleWebKit/537.36 (KHTML, like Gecko) Chrome/45.0.2454.85 Safari/537.36" 1386 1243
68.224.96.63 - - [03/Sep/2015:00:38:26 -0400] "GET /LMMP/rest/auxmd/types?iPlanetDirectoryPro=AQIC5wM2LY4SfcxXlNGU3OP4giWYW5ziGC97AJnheSMxTG4%3D%40AAJTSQACMDE%3D%23 HTTP/1.1" 200 119 "-" "Mozilla/5.0 (Windows NT 6.0; WOW64) AppleWebKit/537.36 (KHTML, like Gecko) Chrome/45.0.2454.85 Safari/537.36" 577 294
68.224.96.63 - - [03/Sep/2015:00:38:26 -0400] "GET /LMMP/rest/auxmd/acl?iPlanetDirectoryPro=AQIC5wM2LY4SfcxXlNGU3OP4giWYW5ziGC97AJnheSMxTG4%3D%40AAJTSQACMDE%3D%23 HTTP/1.1" 200 1468 "-" "Mozilla/5.0 (Windows NT 6.0; WOW64) AppleWebKit/537.36 (KHTML, like Gecko) Chrome/45.0.2454.85 Safari/537.36" 575 1645
68.224.96.63 - - [03/Sep/2015:00:38:26 -0400] "GET /opensso/identity/isTokenValid?iPlanetDirectoryPro=AQIC5wM2LY4SfcxXlNGU3OP4giWYW5ziGC97AJnheSMxTG4%3D%40AAJTSQACMDE%3D%23 HTTP/1.1" 200 13 "-" "Mozilla/5.0 (Windows NT 6.0; WOW64) AppleWebKit/537.36 (KHTML, like Gecko) Chrome/45.0.2454.85 Safari/537.36" 532 170
68.224.96.63 - - [03/Sep/2015:00:38:27 -0400] "GET /opensso/identity/isTokenValid?iPlanetDirectoryPro=AQIC5wM2LY4SfcxXlNGU3OP4giWYW5ziGC97AJnheSMxTG4%3D%40AAJTSQACMDE%3D%23 HTTP/1.1" 200 13 "-" "Mozilla/5.0 (Windows NT 6.0; WOW64) AppleWebKit/537.36 (KHTML, like Gecko) Chrome/45.0.2454.85 Safari/537.36" 532 170
68.224.96.63 - - [03/Sep/2015:00:38:27 -0400] "GET /LMMP/rest/auxmd/create?iPlanetDirectoryPro=AQIC5wM2LY4SfcxXlNGU3OP4giWYW5ziGC97AJnheSMxTG4%3D%40AAJTSQACMDE%3D%23&mdType=layer HTTP/1.1" 200 173 "-" "Mozilla/5.0 (Windows NT 6.0; WOW64) AppleWebKit/537.36 (KHTML, like Gecko) Chrome/45.0.2454.85 Safari/537.36" 591 348
68.224.96.63 - - [03/Sep/2015:00:38:27 -0400] "GET /opensso/identity/isTokenValid?iPlanetDirectoryPro=AQIC5wM2LY4SfcxXlNGU3OP4giWYW5ziGC97AJnheSMxTG4%3D%40AAJTSQACMDE%3D%23 HTTP/1.1" 200 13 "-" "Mozilla/5.0 (Windows NT 6.0; WOW64) AppleWebKit/537.36 (KHTML, like Gecko) Chrome/45.0.2454.85 Safari/537.36" 532 170
68.224.96.63 - - [03/Sep/2015:00:38:27 -0400] "GET /opensso/identity/isTokenValid?iPlanetDirectoryPro=AQIC5wM2LY4SfcxXlNGU3OP4giWYW5ziGC97AJnheSMxTG4%3D%40AAJTSQACMDE%3D%23 HTTP/1.1" 200 13 "-" "Mozilla/5.0 (Windows NT 6.0; WOW64) AppleWebKit/537.36 (KHTML, like Gecko) Chrome/45.0.2454.85 Safari/537.36" 532 170
68.224.96.63 - - [03/Sep/2015:00:38:27 -0400] "GET /LMMP/rest/auxmd/create?iPlanetDirectoryPro=AQIC5wM2LY4SfcxXlNGU3OP4giWYW5ziGC97AJnheSMxTG4%3D%40AAJTSQACMDE%3D%23&mdType=point HTTP/1.1" 200 319 "-" "Mozilla/5.0 (Windows NT 6.0; WOW64) AppleWebKit/537.36 (KHTML, like Gecko) Chrome/45.0.2454.85 Safari/537.36" 591 495
68.224.96.63 - - [03/Sep/2015:00:38:27 -0400] "GET /opensso/identity/isTokenValid?iPlanetDirectoryPro=AQIC5wM2LY4SfcxXlNGU3OP4giWYW5ziGC97AJnheSMxTG4%3D%40AAJTSQACMDE%3D%23 HTTP/1.1" 200 13 "-" "Mozilla/5.0 (Windows NT 6.0; WOW64) AppleWebKit/537.36 (KHTML, like Gecko) Chrome/45.0.2454.85 Safari/537.36" 532 170
68.224.96.63 - - [03/Sep/2015:00:38:27 -0400] "GET /LMMP/rest/auxmd/create?iPlanetDirectoryPro=AQIC5wM2LY4SfcxXlNGU3OP4giWYW5ziGC97AJnheSMxTG4%3D%40AAJTSQACMDE%3D%23&mdType=bounding HTTP/1.1" 200 513 "-" "Mozilla/5.0 (Windows NT 6.0; WOW64) AppleWebKit/537.36 (KHTML, like Gecko) Chrome/45.0.2454.85 Safari/537.36" 594 689
68.224.96.63 - - [03/Sep/2015:00:38:27 -0400] "GET /LMMP/rest/auxmd/create?iPlanetDirectoryPro=AQIC5wM2LY4SfcxXlNGU3OP4giWYW5ziGC97AJnheSMxTG4%3D%40AAJTSQACMDE%3D%23&mdType=polyo HTTP/1.1" 200 38 "-" "Mozilla/5.0 (Windows NT 6.0; WOW64) AppleWebKit/537.36 (KHTML, like Gecko) Chrome/45.0.2454.85 Safari/537.36" 591 213
68.224.96.63 - - [03/Sep/2015:00:38:27 -0400] "GET /LMMP/rest/auxmd/create?iPlanetDirectoryPro=AQIC5wM2LY4SfcxXlNGU3OP4giWYW5ziGC97AJnheSMxTG4%3D%40AAJTSQACMDE%3D%23&mdType=polyx HTTP/1.1" 200 38 "-" "Mozilla/5.0 (Windows NT 6.0; WOW64) AppleWebKit/537.36 (KHTML, like Gecko) Chrome/45.0.2454.85 Safari/537.36" 591 213
68.224.96.63 - - [03/Sep/2015:00:38:30 -0400] "GET /LMMPUI/LMMP_CLIENT/assets/system/complete.png HTTP/1.1" 200 272 "https://pub.lmmp.nasa.gov/LMMPUI/LMMP_CLIENT/LMMP.html?x=58.7901&y=10.898&level=9&projection=equirectangular&basemap=LRO_WAC_Mosaic_Global_303ppd&layers=LRO_NAC_ClrShade_10N058E_150cmp,Graticule,Nomenclature&visibility=true,false,true&transparency=1,1,1&size=fullscreen" "Mozilla/5.0 (Windows NT 6.0; WOW64) AppleWebKit/537.36 (KHTML, like Gecko) Chrome/45.0.2454.85 Safari/537.36" 810 666
68.224.96.63 - - [03/Sep/2015:00:38:30 -0400] "GET /LMMPUI/LMMP_CLIENT/assets/menu/layers.png HTTP/1.1" 200 15248 "https://pub.lmmp.nasa.gov/LMMPUI/LMMP_CLIENT/LMMP.html?x=58.7901&y=10.898&level=9&projection=equirectangular&basemap=LRO_WAC_Mosaic_Global_303ppd&layers=LRO_NAC_ClrShade_10N058E_150cmp,Graticule,Nomenclature&visibility=true,false,true&transparency=1,1,1&size=fullscreen" "Mozilla/5.0 (Windows NT 6.0; WOW64) AppleWebKit/537.36 (KHTML, like Gecko) Chrome/45.0.2454.85 Safari/537.36" 810 15663
68.224.96.63 - - [03/Sep/2015:00:38:30 -0400] "GET /LMMPUI/LMMP_CLIENT/assets/menu/search.png HTTP/1.1" 200 15244 "https://pub.lmmp.nasa.gov/LMMPUI/LMMP_CLIENT/LMMP.html?x=58.7901&y=10.898&level=9&projection=equirectangular&basemap=LRO_WAC_Mosaic_Global_303ppd&layers=LRO_NAC_ClrShade_10N058E_150cmp,Graticule,Nomenclature&visibility=true,false,true&transparency=1,1,1&size=fullscreen" "Mozilla/5.0 (Windows NT 6.0; WOW64) AppleWebKit/537.36 (KHTML, like Gecko) Chrome/45.0.2454.85 Safari/537.36" 1386 15824
68.224.96.63 - - [03/Sep/2015:00:38:30 -0400] "GET /LMMPUI/LMMP_CLIENT/assets/menu/upload.png HTTP/1.1" 200 11528 "https://pub.lmmp.nasa.gov/LMMPUI/LMMP_CLIENT/LMMP.html?x=58.7901&y=10.898&level=9&projection=equirectangular&basemap=LRO_WAC_Mosaic_Global_303ppd&layers=LRO_NAC_ClrShade_10N058E_150cmp,Graticule,Nomenclature&visibility=true,false,true&transparency=1,1,1&size=fullscreen" "Mozilla/5.0 (Windows NT 6.0; WOW64) AppleWebKit/537.36 (KHTML, like Gecko) Chrome/45.0.2454.85 Safari/537.36" 1386 12112
68.224.96.63 - - [03/Sep/2015:00:38:30 -0400] "GET /LMMPUI/LMMP_CLIENT/assets/menu/fullextent.png HTTP/1.1" 200 15565 "https://pub.lmmp.nasa.gov/LMMPUI/LMMP_CLIENT/LMMP.html?x=58.7901&y=10.898&level=9&projection=equirectangular&basemap=LRO_WAC_Mosaic_Global_303ppd&layers=LRO_NAC_ClrShade_10N058E_150cmp,Graticule,Nomenclature&visibility=true,false,true&transparency=1,1,1&size=fullscreen" "Mozilla/5.0 (Windows NT 6.0; WOW64) AppleWebKit/537.36 (KHTML, like Gecko) Chrome/45.0.2454.85 Safari/537.36" 810 15983
68.224.96.63 - - [03/Sep/2015:00:38:31 -0400] "GET /LMMPUI/LMMP_CLIENT/assets/menu/info.png HTTP/1.1" 200 9601 "https://pub.lmmp.nasa.gov/LMMPUI/LMMP_CLIENT/LMMP.html?x=58.7901&y=10.898&level=9&projection=equirectangular&basemap=LRO_WAC_Mosaic_Global_303ppd&layers=LRO_NAC_ClrShade_10N058E_150cmp,Graticule,Nomenclature&visibility=true,false,true&transparency=1,1,1&size=fullscreen" "Mozilla/5.0 (Windows NT 6.0; WOW64) AppleWebKit/537.36 (KHTML, like Gecko) Chrome/45.0.2454.85 Safari/537.36" 1370 10160
68.224.96.63 - - [03/Sep/2015:00:38:31 -0400] "GET /LMMPUI/LMMP_CLIENT/assets/menu/fullscreen.png HTTP/1.1" 200 6741 "https://pub.lmmp.nasa.gov/LMMPUI/LMMP_CLIENT/LMMP.html?x=58.7901&y=10.898&level=9&projection=equirectangular&basemap=LRO_WAC_Mosaic_Global_303ppd&layers=LRO_NAC_ClrShade_10N058E_150cmp,Graticule,Nomenclature&visibility=true,false,true&transparency=1,1,1&size=fullscreen" "Mozilla/5.0 (Windows NT 6.0; WOW64) AppleWebKit/537.36 (KHTML, like Gecko) Chrome/45.0.2454.85 Safari/537.36" 1386 7275
68.224.96.63 - - [03/Sep/2015:00:38:31 -0400] "GET /LMMPUI/LMMP_CLIENT/assets/menu/link.png HTTP/1.1" 200 11578 "https://pub.lmmp.nasa.gov/LMMPUI/LMMP_CLIENT/LMMP.html?x=58.7901&y=10.898&level=9&projection=equirectangular&basemap=LRO_WAC_Mosaic_Global_303ppd&layers=LRO_NAC_ClrShade_10N058E_150cmp,Graticule,Nomenclature&visibility=true,false,true&transparency=1,1,1&size=fullscreen" "Mozilla/5.0 (Windows NT 6.0; WOW64) AppleWebKit/537.36 (KHTML, like Gecko) Chrome/45.0.2454.85 Safari/537.36" 794 11999
68.224.96.63 - - [03/Sep/2015:00:38:31 -0400] "GET /LMMPUI/LMMP_CLIENT/assets/system/i_expand3.png HTTP/1.1" 200 1686 "https://pub.lmmp.nasa.gov/LMMPUI/LMMP_CLIENT/LMMP.html?x=58.7901&y=10.898&level=9&projection=equirectangular&basemap=LRO_WAC_Mosaic_Global_303ppd&layers=LRO_NAC_ClrShade_10N058E_150cmp,Graticule,Nomenclature&visibility=true,false,true&transparency=1,1,1&size=fullscreen" "Mozilla/5.0 (Windows NT 6.0; WOW64) AppleWebKit/537.36 (KHTML, like Gecko) Chrome/45.0.2454.85 Safari/537.36" 810 2074
68.224.96.63 - - [03/Sep/2015:00:38:31 -0400] "GET /LMMPUI/LMMP_CLIENT/assets/system/nameSearch.png HTTP/1.1" 200 1475 "https://pub.lmmp.nasa.gov/LMMPUI/LMMP_CLIENT/LMMP.html?x=58.7901&y=10.898&level=9&projection=equirectangular&basemap=LRO_WAC_Mosaic_Global_303ppd&layers=LRO_NAC_ClrShade_10N058E_150cmp,Graticule,Nomenclature&visibility=true,false,true&transparency=1,1,1&size=fullscreen" "Mozilla/5.0 (Windows NT 6.0; WOW64) AppleWebKit/537.36 (KHTML, like Gecko) Chrome/45.0.2454.85 Safari/537.36" 810 1866
68.224.96.63 - - [03/Sep/2015:00:38:31 -0400] "GET /LMMPUI/LMMP_CLIENT/assets/system/w_closeCircle.png HTTP/1.1" 200 1612 "https://pub.lmmp.nasa.gov/LMMPUI/LMMP_CLIENT/LMMP.html?x=58.7901&y=10.898&level=9&projection=equirectangular&basemap=LRO_WAC_Mosaic_Global_303ppd&layers=LRO_NAC_ClrShade_10N058E_150cmp,Graticule,Nomenclature&visibility=true,false,true&transparency=1,1,1&size=fullscreen" "Mozilla/5.0 (Windows NT 6.0; WOW64) AppleWebKit/537.36 (KHTML, like Gecko) Chrome/45.0.2454.85 Safari/537.36" 810 2010
68.224.96.63 - - [03/Sep/2015:00:38:31 -0400] "GET /LMMPUI/LMMP_CLIENT/assets/system/plus.png HTTP/1.1" 200 1567 "https://pub.lmmp.nasa.gov/LMMPUI/LMMP_CLIENT/LMMP.html?x=58.7901&y=10.898&level=9&projection=equirectangular&basemap=LRO_WAC_Mosaic_Global_303ppd&layers=LRO_NAC_ClrShade_10N058E_150cmp,Graticule,Nomenclature&visibility=true,false,true&transparency=1,1,1&size=fullscreen" "Mozilla/5.0 (Windows NT 6.0; WOW64) AppleWebKit/537.36 (KHTML, like Gecko) Chrome/45.0.2454.85 Safari/537.36" 810 1962
68.224.96.63 - - [03/Sep/2015:00:38:31 -0400] "GET /LMMPUI/LMMP_CLIENT/assets/system/minus.png HTTP/1.1" 200 1277 "https://pub.lmmp.nasa.gov/LMMPUI/LMMP_CLIENT/LMMP.html?x=58.7901&y=10.898&level=9&projection=equirectangular&basemap=LRO_WAC_Mosaic_Global_303ppd&layers=LRO_NAC_ClrShade_10N058E_150cmp,Graticule,Nomenclature&visibility=true,false,true&transparency=1,1,1&size=fullscreen" "Mozilla/5.0 (Windows NT 6.0; WOW64) AppleWebKit/537.36 (KHTML, like Gecko) Chrome/45.0.2454.85 Safari/537.36" 810 1674
68.224.96.63 - - [03/Sep/2015:00:38:31 -0400] "GET /LMMPUI/LMMP_CLIENT/assets/proto/wiki.png HTTP/1.1" 200 13450 "https://pub.lmmp.nasa.gov/LMMPUI/LMMP_CLIENT/LMMP.html?x=58.7901&y=10.898&level=9&projection=equirectangular&basemap=LRO_WAC_Mosaic_Global_303ppd&layers=LRO_NAC_ClrShade_10N058E_150cmp,Graticule,Nomenclature&visibility=true,false,true&transparency=1,1,1&size=fullscreen" "Mozilla/5.0 (Windows NT 6.0; WOW64) AppleWebKit/537.36 (KHTML, like Gecko) Chrome/45.0.2454.85 Safari/537.36" 794 13871
68.224.96.63 - - [03/Sep/2015:00:38:31 -0400] "GET /LMMPUI/LMMP_CLIENT/assets/proto/survey.png HTTP/1.1" 200 7637 "https://pub.lmmp.nasa.gov/LMMPUI/LMMP_CLIENT/LMMP.html?x=58.7901&y=10.898&level=9&projection=equirectangular&basemap=LRO_WAC_Mosaic_Global_303ppd&layers=LRO_NAC_ClrShade_10N058E_150cmp,Graticule,Nomenclature&visibility=true,false,true&transparency=1,1,1&size=fullscreen" "Mozilla/5.0 (Windows NT 6.0; WOW64) AppleWebKit/537.36 (KHTML, like Gecko) Chrome/45.0.2454.85 Safari/537.36" 810 8026
68.224.96.63 - - [03/Sep/2015:00:38:31 -0400] "GET /LMMPUI/LMMP_CLIENT/assets/image/MoonTourLogo.jpg HTTP/1.1" 200 3967 "https://pub.lmmp.nasa.gov/LMMPUI/LMMP_CLIENT/LMMP.html?x=58.7901&y=10.898&level=9&projection=equirectangular&basemap=LRO_WAC_Mosaic_Global_303ppd&layers=LRO_NAC_ClrShade_10N058E_150cmp,Graticule,Nomenclature&visibility=true,false,true&transparency=1,1,1&size=fullscreen" "Mozilla/5.0 (Windows NT 6.0; WOW64) AppleWebKit/537.36 (KHTML, like Gecko) Chrome/45.0.2454.85 Safari/537.36" 810 4362
68.224.96.63 - - [03/Sep/2015:00:38:31 -0400] "GET /LMMPUI/LMMP_CLIENT/assets/image/badge_appstore-lrg.png HTTP/1.1" 200 3394 "https://pub.lmmp.nasa.gov/LMMPUI/LMMP_CLIENT/LMMP.html?x=58.7901&y=10.898&level=9&projection=equirectangular&basemap=LRO_WAC_Mosaic_Global_303ppd&layers=LRO_NAC_ClrShade_10N058E_150cmp,Graticule,Nomenclature&visibility=true,false,true&transparency=1,1,1&size=fullscreen" "Mozilla/5.0 (Windows NT 6.0; WOW64) AppleWebKit/537.36 (KHTML, like Gecko) Chrome/45.0.2454.85 Safari/537.36" 810 3786
68.224.96.63 - - [03/Sep/2015:00:38:31 -0400] "GET /LMMPUI/LMMP_CLIENT/assets/proto/gallery.png HTTP/1.1" 200 18089 "https://pub.lmmp.nasa.gov/LMMPUI/LMMP_CLIENT/LMMP.html?x=58.7901&y=10.898&level=9&projection=equirectangular&basemap=LRO_WAC_Mosaic_Global_303ppd&layers=LRO_NAC_ClrShade_10N058E_150cmp,Graticule,Nomenclature&visibility=true,false,true&transparency=1,1,1&size=fullscreen" "Mozilla/5.0 (Windows NT 6.0; WOW64) AppleWebKit/537.36 (KHTML, like Gecko) Chrome/45.0.2454.85 Safari/537.36" 810 18532
68.224.96.63 - - [03/Sep/2015:00:38:32 -0400] "GET /LMMPUI/LMMP_CLIENT/homepage/data.xml?v=1441255112820 HTTP/1.1" 200 3907 "https://pub.lmmp.nasa.gov/LMMPUI/LMMP_CLIENT/LMMP.html?x=58.7901&y=10.898&level=9&projection=equirectangular&basemap=LRO_WAC_Mosaic_Global_303ppd&layers=LRO_NAC_ClrShade_10N058E_150cmp,Graticule,Nomenclature&visibility=true,false,true&transparency=1,1,1&size=fullscreen" "Mozilla/5.0 (Windows NT 6.0; WOW64) AppleWebKit/537.36 (KHTML, like Gecko) Chrome/45.0.2454.85 Safari/537.36" 810 4314
68.224.96.63 - - [03/Sep/2015:00:38:33 -0400] "GET /LMMPUI/LMMP_CLIENT/assets/proto/gruithuisen.jpg HTTP/1.1" 200 62986 "https://pub.lmmp.nasa.gov/LMMPUI/LMMP_CLIENT/LMMP.html?x=58.7901&y=10.898&level=9&projection=equirectangular&basemap=LRO_WAC_Mosaic_Global_303ppd&layers=LRO_NAC_ClrShade_10N058E_150cmp,Graticule,Nomenclature&visibility=true,false,true&transparency=1,1,1&size=fullscreen" "Mozilla/5.0 (Windows NT 6.0; WOW64) AppleWebKit/537.36 (KHTML, like Gecko) Chrome/45.0.2454.85 Safari/537.36" 810 63597
68.224.96.63 - - [03/Sep/2015:00:38:33 -0400] "GET /LMMPUI/LMMP_CLIENT/assets/proto/mariusHills.jpg HTTP/1.1" 200 61059 "https://pub.lmmp.nasa.gov/LMMPUI/LMMP_CLIENT/LMMP.html?x=58.7901&y=10.898&level=9&projection=equirectangular&basemap=LRO_WAC_Mosaic_Global_303ppd&layers=LRO_NAC_ClrShade_10N058E_150cmp,Graticule,Nomenclature&visibility=true,false,true&transparency=1,1,1&size=fullscreen" "Mozilla/5.0 (Windows NT 6.0; WOW64) AppleWebKit/537.36 (KHTML, like Gecko) Chrome/45.0.2454.85 Safari/537.36" 810 61661
68.224.96.63 - - [03/Sep/2015:00:38:33 -0400] "GET /LMMPUI/LMMP_CLIENT/assets/proto/inaDCaldera.jpg HTTP/1.1" 200 74885 "https://pub.lmmp.nasa.gov/LMMPUI/LMMP_CLIENT/LMMP.html?x=58.7901&y=10.898&level=9&projection=equirectangular&basemap=LRO_WAC_Mosaic_Global_303ppd&layers=LRO_NAC_ClrShade_10N058E_150cmp,Graticule,Nomenclature&visibility=true,false,true&transparency=1,1,1&size=fullscreen" "Mozilla/5.0 (Windows NT 6.0; WOW64) AppleWebKit/537.36 (KHTML, like Gecko) Chrome/45.0.2454.85 Safari/537.36" 810 75559
127.0.0.1 - - [03/Sep/2015:00:38:42 -0400] "GET /opensso/namingservice HTTP/1.1" 200 7 "-" "Java/1.5.0_21" 220 183
127.0.0.1 - - [03/Sep/2015:00:38:43 -0400] "GET /opensso/namingservice HTTP/1.1" 200 7 "-" "Java/1.5.0_21" 220 183
127.0.0.1 - - [03/Sep/2015:00:39:12 -0400] "GET /opensso/namingservice HTTP/1.1" 200 7 "-" "Java/1.5.0_21" 220 183
127.0.0.1 - - [03/Sep/2015:00:39:13 -0400] "GET /opensso/namingservice HTTP/1.1" 200 7 "-" "Java/1.5.0_21" 220 183
127.0.0.1 - - [03/Sep/2015:00:39:42 -0400] "GET /opensso/namingservice HTTP/1.1" 200 7 "-" "Java/1.5.0_21" 220 183
127.0.0.1 - - [03/Sep/2015:00:39:43 -0400] "GET /opensso/namingservice HTTP/1.1" 200 7 "-" "Java/1.5.0_21" 220 183
127.0.0.1 - - [03/Sep/2015:00:40:12 -0400] "GET /opensso/namingservice HTTP/1.1" 200 7 "-" "Java/1.5.0_21" 220 183
127.0.0.1 - - [03/Sep/2015:00:40:13 -0400] "GET /opensso/namingservice HTTP/1.1" 200 7 "-" "Java/1.5.0_21" 220 183
66.249.67.85 - - [03/Sep/2015:00:40:14 -0400] "GET /redmine/issues/gantt?month=11&months=6&year=1509&zoom=3 HTTP/1.1" 200 51101 "-" "Mozilla/5.0 (compatible; Googlebot/2.1; +http://www.google.com/bot.html)" 346 51790
127.0.0.1 - - [03/Sep/2015:00:40:42 -0400] "GET /opensso/namingservice HTTP/1.1" 200 7 "-" "Java/1.5.0_21" 220 183
127.0.0.1 - - [03/Sep/2015:00:40:43 -0400] "GET /opensso/namingservice HTTP/1.1" 200 7 "-" "Java/1.5.0_21" 220 183
127.0.0.1 - - [03/Sep/2015:00:41:12 -0400] "GET /opensso/namingservice HTTP/1.1" 200 7 "-" "Java/1.5.0_21" 220 183
127.0.0.1 - - [03/Sep/2015:00:41:13 -0400] "GET /opensso/namingservice HTTP/1.1" 200 7 "-" "Java/1.5.0_21" 220 183
127.0.0.1 - - [03/Sep/2015:00:41:42 -0400] "GET /opensso/namingservice HTTP/1.1" 200 7 "-" "Java/1.5.0_21" 220 183
127.0.0.1 - - [03/Sep/2015:00:41:43 -0400] "GET /opensso/namingservice HTTP/1.1" 200 7 "-" "Java/1.5.0_21" 220 183
127.0.0.1 - - [03/Sep/2015:00:42:12 -0400] "GET /opensso/namingservice HTTP/1.1" 200 7 "-" "Java/1.5.0_21" 220 183
127.0.0.1 - - [03/Sep/2015:00:42:13 -0400] "GET /opensso/namingservice HTTP/1.1" 200 7 "-" "Java/1.5.0_21" 220 183
127.0.0.1 - - [03/Sep/2015:00:42:42 -0400] "GET /opensso/namingservice HTTP/1.1" 200 7 "-" "Java/1.5.0_21" 220 183
127.0.0.1 - - [03/Sep/2015:00:42:43 -0400] "GET /opensso/namingservice HTTP/1.1" 200 7 "-" "Java/1.5.0_21" 220 183
127.0.0.1 - - [03/Sep/2015:00:43:12 -0400] "GET /opensso/namingservice HTTP/1.1" 200 7 "-" "Java/1.5.0_21" 220 183
127.0.0.1 - - [03/Sep/2015:00:43:13 -0400] "GET /opensso/namingservice HTTP/1.1" 200 7 "-" "Java/1.5.0_21" 220 183
137.78.207.218 - - [03/Sep/2015:00:43:16 -0400] "HEAD /LMMPUI/LMMP_CLIENT/LMMP.html HTTP/1.1" 200 - "-" "curl/7.38.0" 110 274
127.0.0.1 - - [03/Sep/2015:00:43:42 -0400] "GET /opensso/namingservice HTTP/1.1" 200 7 "-" "Java/1.5.0_21" 220 183
127.0.0.1 - - [03/Sep/2015:00:43:43 -0400] "GET /opensso/namingservice HTTP/1.1" 200 7 "-" "Java/1.5.0_21" 220 183
66.249.67.85 - - [03/Sep/2015:00:44:01 -0400] "GET /4fpe1bjrYywEYs6VvffJuHfysglLPiBmSu100jWOWI= HTTP/1.1" 404 241 "-" "Mozilla/5.0 (compatible; Googlebot/2.1; +http://www.google.com/bot.html)" 334 486
127.0.0.1 - - [03/Sep/2015:00:44:12 -0400] "GET /opensso/namingservice HTTP/1.1" 200 7 "-" "Java/1.5.0_21" 220 183
127.0.0.1 - - [03/Sep/2015:00:44:13 -0400] "GET /opensso/namingservice HTTP/1.1" 200 7 "-" "Java/1.5.0_21" 220 183
216.218.147.199 - - [03/Sep/2015:00:44:18 -0400] "GET /redmine/issues/gantt?month=11&months=6&year=2013&zoom=1 HTTP/1.0" 200 27584 "-" "GigablastOpenSource/1.0" 167 28236
127.0.0.1 - - [03/Sep/2015:00:44:42 -0400] "GET /opensso/namingservice HTTP/1.1" 200 7 "-" "Java/1.5.0_21" 220 183
127.0.0.1 - - [03/Sep/2015:00:44:43 -0400] "GET /opensso/namingservice HTTP/1.1" 200 7 "-" "Java/1.5.0_21" 220 183
127.0.0.1 - - [03/Sep/2015:00:45:12 -0400] "GET /opensso/namingservice HTTP/1.1" 200 7 "-" "Java/1.5.0_21" 220 183
127.0.0.1 - - [03/Sep/2015:00:45:13 -0400] "GET /opensso/namingservice HTTP/1.1" 200 7 "-" "Java/1.5.0_21" 220 183
127.0.0.1 - - [03/Sep/2015:00:45:42 -0400] "GET /opensso/namingservice HTTP/1.1" 200 7 "-" "Java/1.5.0_21" 220 183
127.0.0.1 - - [03/Sep/2015:00:45:43 -0400] "GET /opensso/namingservice HTTP/1.1" 200 7 "-" "Java/1.5.0_21" 220 183
127.0.0.1 - - [03/Sep/2015:00:46:12 -0400] "GET /opensso/namingservice HTTP/1.1" 200 7 "-" "Java/1.5.0_21" 220 183
