164.126.149.80 - - [25/Dec/2015:19:46:02 -0500] "GET /arcgis/rest/services/CombinedNomenclature/MapServer/export?f=image&bbox=111.9215412871492%2C32.293490301955835%2C114.79388207458037%2C33.70273250078925&bboxSR=104903&size=1280%2C628&format=png&transparent=true&dpi=188&imageSR=104903&layers=hide%3A-1 HTTP/1.1" 200 3464 "-" "ArcGIS.Android-10.2.3/5.1.1/LENOVO-LENOVO-YT3-850L" 403 3751
164.126.149.80 - - [25/Dec/2015:19:46:03 -0500] "GET /arcgis/rest/services/CombinedNomenclature/MapServer/export?f=image&bbox=111.96414431348937%2C31.811629040505448%2C114.83648510092054%2C33.223115255579046&bboxSR=104903&size=1280%2C629&format=png&transparent=true&dpi=188&imageSR=104903&layers=hide%3A-1 HTTP/1.1" 200 2830 "-" "ArcGIS.Android-10.2.3/5.1.1/LENOVO-LENOVO-YT3-850L" 405 3119
164.126.149.80 - - [25/Dec/2015:19:46:05 -0500] "GET /arcgis/rest/services/CombinedNomenclature/MapServer/export?f=image&bbox=111.93163134784301%2C31.003671157585103%2C114.80397213527418%2C32.41291335641852&bboxSR=104903&size=1280%2C628&format=png&transparent=true&dpi=188&imageSR=104903&layers=hide%3A-1 HTTP/1.1" 200 519 "-" "ArcGIS.Android-10.2.3/5.1.1/LENOVO-LENOVO-YT3-850L" 404 807
164.126.149.80 - - [25/Dec/2015:19:46:06 -0500] "GET /arcgis/rest/services/CombinedNomenclature/MapServer/export?f=image&bbox=112.41637545800785%2C29.353171493413775%2C115.28871624543902%2C30.762413692247193&bboxSR=104903&size=1280%2C628&format=png&transparent=true&dpi=188&imageSR=104903&layers=hide%3A-1 HTTP/1.1" 200 3239 "-" "ArcGIS.Android-10.2.3/5.1.1/LENOVO-LENOVO-YT3-850L" 405 3526
127.0.0.1 - - [25/Dec/2015:19:46:08 -0500] "GET /opensso/namingservice HTTP/1.1" 200 7 "-" "Java/1.5.0_21" 220 183
164.126.149.80 - - [25/Dec/2015:19:46:08 -0500] "GET /arcgis/rest/services/CombinedNomenclature/MapServer/export?f=image&bbox=112.15639036096633%2C27.820468272899824%2C115.0287311483975%2C29.22971047173324&bboxSR=104903&size=1280%2C628&format=png&transparent=true&dpi=188&imageSR=104903&layers=hide%3A-1 HTTP/1.1" 200 3039 "-" "ArcGIS.Android-10.2.3/5.1.1/LENOVO-LENOVO-YT3-850L" 403 3326
127.0.0.1 - - [25/Dec/2015:19:46:12 -0500] "GET /opensso/namingservice HTTP/1.1" 200 7 "-" "Java/1.5.0_21" 220 183
207.46.13.116 - - [25/Dec/2015:19:46:15 -0500] "GET /redmine/projects/lmmpwiki/wiki/Functionality_list HTTP/1.1" 200 20493 "-" "Mozilla/5.0 (compatible; bingbot/2.0; +http://www.bing.com/bingbot.htm)" 321 20975
164.126.149.80 - - [25/Dec/2015:19:46:16 -0500] "GET /arcgis/rest/services/CombinedNomenclature/MapServer?f=json HTTP/1.1" 200 806 "-" "ArcGIS.Android-10.2.3/5.1.1/LENOVO-LENOVO-YT3-850L" 212 1103
164.126.149.80 - - [25/Dec/2015:19:46:20 -0500] "GET /arcgis/rest/services/CombinedNomenclature/MapServer/export?f=image&bbox=112.15639036096633%2C26.535993377020446%2C115.0287311483975%2C30.517775793596908&bboxSR=104903&size=800%2C1109&format=png&transparent=true&dpi=188&imageSR=104903&layers=hide%3A-1 HTTP/1.1" 200 4642 "-" "ArcGIS.Android-10.2.3/5.1.1/LENOVO-LENOVO-YT3-850L" 404 4930
164.126.149.80 - - [25/Dec/2015:19:46:33 -0500] "GET /arcgis/rest/services/CombinedNomenclature/MapServer?f=json HTTP/1.1" 200 806 "-" "ArcGIS.Android-10.2.3/5.1.1/LENOVO-LENOVO-YT3-850L" 212 1103
164.126.149.80 - - [25/Dec/2015:19:46:34 -0500] "GET /arcgis/rest/services/CombinedNomenclature/MapServer/export?f=image&bbox=109.53835235662619%2C26.535993377020446%2C117.64676915273762%2C30.51418536761262&bboxSR=104903&size=1280%2C628&format=png&transparent=true&dpi=188&imageSR=104903&layers=hide%3A-1 HTTP/1.1" 200 5078 "-" "ArcGIS.Android-10.2.3/5.1.1/LENOVO-LENOVO-YT3-850L" 404 5366
127.0.0.1 - - [25/Dec/2015:19:46:38 -0500] "GET /opensso/namingservice HTTP/1.1" 200 7 "-" "Java/1.5.0_21" 220 183
127.0.0.1 - - [25/Dec/2015:19:46:42 -0500] "GET /opensso/namingservice HTTP/1.1" 200 7 "-" "Java/1.5.0_21" 220 183
127.0.0.1 - - [25/Dec/2015:19:47:08 -0500] "GET /opensso/namingservice HTTP/1.1" 200 7 "-" "Java/1.5.0_21" 220 183
127.0.0.1 - - [25/Dec/2015:19:47:12 -0500] "GET /opensso/namingservice HTTP/1.1" 200 7 "-" "Java/1.5.0_21" 220 183
127.0.0.1 - - [25/Dec/2015:19:47:38 -0500] "GET /opensso/namingservice HTTP/1.1" 200 7 "-" "Java/1.5.0_21" 220 183
127.0.0.1 - - [25/Dec/2015:19:47:42 -0500] "GET /opensso/namingservice HTTP/1.1" 200 7 "-" "Java/1.5.0_21" 220 183
127.0.0.1 - - [25/Dec/2015:19:48:08 -0500] "GET /opensso/namingservice HTTP/1.1" 200 7 "-" "Java/1.5.0_21" 220 183
127.0.0.1 - - [25/Dec/2015:19:48:12 -0500] "GET /opensso/namingservice HTTP/1.1" 200 7 "-" "Java/1.5.0_21" 220 183
127.0.0.1 - - [25/Dec/2015:19:48:38 -0500] "GET /opensso/namingservice HTTP/1.1" 200 7 "-" "Java/1.5.0_21" 220 183
127.0.0.1 - - [25/Dec/2015:19:48:42 -0500] "GET /opensso/namingservice HTTP/1.1" 200 7 "-" "Java/1.5.0_21" 220 183
127.0.0.1 - - [25/Dec/2015:19:49:08 -0500] "GET /opensso/namingservice HTTP/1.1" 200 7 "-" "Java/1.5.0_21" 220 183
127.0.0.1 - - [25/Dec/2015:19:49:12 -0500] "GET /opensso/namingservice HTTP/1.1" 200 7 "-" "Java/1.5.0_21" 220 183
66.249.66.167 - - [25/Dec/2015:19:49:16 -0500] "GET /redmine/issues/gantt?month=12&months=6&year=1896&zoom=3 HTTP/1.1" 200 51202 "-" "Mozilla/5.0 (compatible; Googlebot/2.1; +http://www.google.com/bot.html)" 346 51891
83.56.199.239 - - [25/Dec/2015:19:49:25 -0500] "GET /opensso/identity/isTokenValid HTTP/1.1" 200 13 "-" "Moon%20Tours/1.0.0 CFNetwork/758.2.8 Darwin/15.0.0" 338 171
127.0.0.1 - - [25/Dec/2015:19:49:38 -0500] "GET /opensso/namingservice HTTP/1.1" 200 7 "-" "Java/1.5.0_21" 220 183
127.0.0.1 - - [25/Dec/2015:19:49:42 -0500] "GET /opensso/namingservice HTTP/1.1" 200 7 "-" "Java/1.5.0_21" 220 183
127.0.0.1 - - [25/Dec/2015:19:50:08 -0500] "GET /opensso/namingservice HTTP/1.1" 200 7 "-" "Java/1.5.0_21" 220 183
127.0.0.1 - - [25/Dec/2015:19:50:12 -0500] "GET /opensso/namingservice HTTP/1.1" 200 7 "-" "Java/1.5.0_21" 220 183
137.78.207.218 - - [25/Dec/2015:19:50:36 -0500] "HEAD /LMMPUI/LMMP_CLIENT/LMMP.html HTTP/1.1" 200 - "-" "curl/7.38.0" 110 274
127.0.0.1 - - [25/Dec/2015:19:50:38 -0500] "GET /opensso/namingservice HTTP/1.1" 200 7 "-" "Java/1.5.0_21" 220 183
127.0.0.1 - - [25/Dec/2015:19:50:42 -0500] "GET /opensso/namingservice HTTP/1.1" 200 7 "-" "Java/1.5.0_21" 220 183
127.0.0.1 - - [25/Dec/2015:19:51:08 -0500] "GET /opensso/namingservice HTTP/1.1" 200 7 "-" "Java/1.5.0_21" 220 183
127.0.0.1 - - [25/Dec/2015:19:51:12 -0500] "GET /opensso/namingservice HTTP/1.1" 200 7 "-" "Java/1.5.0_21" 220 183
127.0.0.1 - - [25/Dec/2015:19:51:25 -0500] "POST /opensso/sessionservice HTTP/1.1" 200 2338 "-" "Java/1.5.0_21" 817 2516
127.0.0.1 - - [25/Dec/2015:19:51:25 -0500] "POST /opensso/sessionservice HTTP/1.1" 200 271 "-" "Java/1.5.0_21" 883 448
127.0.0.1 - - [25/Dec/2015:19:51:25 -0500] "POST /opensso/sessionservice HTTP/1.1" 200 2407 "-" "Java/1.5.0_21" 817 2584
127.0.0.1 - - [25/Dec/2015:19:51:25 -0500] "POST /opensso/policyservice HTTP/1.1" 200 9462 "-" "Java/1.5.0_21" 1118 9647
127.0.0.1 - - [25/Dec/2015:19:51:25 -0500] "POST /opensso/jaxrpc/SMSObjectIF HTTP/1.1" 200 505 "-" "Java/1.5.0_21" 847 766
127.0.0.1 - - [25/Dec/2015:19:51:25 -0500] "POST /opensso/jaxrpc/DirectoryManagerIF HTTP/1.1" 200 1290 "-" "Java/1.5.0_21" 1362 1551
127.0.0.1 - - [25/Dec/2015:19:51:25 -0500] "POST /opensso/jaxrpc/SMSObjectIF HTTP/1.1" 200 505 "-" "Java/1.5.0_21" 847 766
127.0.0.1 - - [25/Dec/2015:19:51:25 -0500] "POST /opensso/jaxrpc/DirectoryManagerIF HTTP/1.1" 200 1290 "-" "Java/1.5.0_21" 1362 1551
83.56.199.239 - - [25/Dec/2015:19:51:25 -0500] "GET /LMMP/rest/dbxml/fgdc/legend/stream?label=LRO_NAC_Gray_43S349E_150cmp HTTP/1.1" 200 4536 "-" "Moon%20Tours/1.0.0 CFNetwork/758.2.8 Darwin/15.0.0" 751 8778
127.0.0.1 - - [25/Dec/2015:19:51:26 -0500] "POST /opensso/jaxrpc/SMSObjectIF HTTP/1.1" 200 505 "-" "Java/1.5.0_21" 847 766
127.0.0.1 - - [25/Dec/2015:19:51:26 -0500] "POST /opensso/jaxrpc/DirectoryManagerIF HTTP/1.1" 200 1290 "-" "Java/1.5.0_21" 1362 1551
127.0.0.1 - - [25/Dec/2015:19:51:26 -0500] "POST /opensso/jaxrpc/SMSObjectIF HTTP/1.1" 200 505 "-" "Java/1.5.0_21" 847 766
127.0.0.1 - - [25/Dec/2015:19:51:26 -0500] "POST /opensso/jaxrpc/DirectoryManagerIF HTTP/1.1" 200 1290 "-" "Java/1.5.0_21" 1362 1551
83.56.199.239 - - [25/Dec/2015:19:51:26 -0500] "GET /LMMP/rest/dbxml/fgdc/legend/stream?label=LRO_NAC_ClrShade_43S349E_150cmp HTTP/1.1" 200 4060 "-" "Moon%20Tours/1.0.0 CFNetwork/758.2.8 Darwin/15.0.0" 689 4603
127.0.0.1 - - [25/Dec/2015:19:51:38 -0500] "GET /opensso/namingservice HTTP/1.1" 200 7 "-" "Java/1.5.0_21" 220 183
127.0.0.1 - - [25/Dec/2015:19:51:42 -0500] "GET /opensso/namingservice HTTP/1.1" 200 7 "-" "Java/1.5.0_21" 220 183
162.223.216.2 - - [25/Dec/2015:19:51:44 -0500] "GET /arcgis/rest/services/CombinedNomenclature/MapServer?f=json HTTP/1.1" 200 806 "-" "ArcGIS.Android-10.2.3/5.1/LGE-VS986" 197 1103
162.223.216.2 - - [25/Dec/2015:19:51:44 -0500] "GET /arcgis/rest/services/CombinedNomenclature/MapServer/export?f=image&bbox=-61.714285714285715%2C-90.0%2C61.82275884309765%2C90.00494058098593&bboxSR=104903&size=571%2C832&format=png&transparent=true&dpi=213&imageSR=104903&layers=hide%3A-1 HTTP/1.1" 200 360 "-" "ArcGIS.Android-10.2.3/5.1/LGE-VS986" 375 649
162.223.216.2 - - [25/Dec/2015:19:51:49 -0500] "GET /arcgis/rest/services/CombinedNomenclature/MapServer/export?f=image&bbox=-10.911445262132101%2C-28.968021973505536%2C24.186617183268876%2C22.17311279807698&bboxSR=104903&size=571%2C832&format=png&transparent=true&dpi=213&imageSR=104903&layers=hide%3A-1 HTTP/1.1" 200 8799 "-" "ArcGIS.Android-10.2.3/5.1/LGE-VS986" 390 9086
162.223.216.2 - - [25/Dec/2015:19:51:51 -0500] "GET /arcgis/rest/services/CombinedNomenclature/MapServer/export?f=image&bbox=-97.47506864425495%2C-82.66515906683732%2C35.63580002947069%2C111.28973189032506&bboxSR=104903&size=571%2C832&format=png&transparent=true&dpi=213&imageSR=104903&layers=hide%3A-1 HTTP/1.1" 200 360 "-" "ArcGIS.Android-10.2.3/5.1/LGE-VS986" 388 647
162.223.216.2 - - [25/Dec/2015:19:51:52 -0500] "GET /arcgis/rest/services/CombinedNomenclature/MapServer/export?f=image&bbox=-34.808476778766405%2C-26.673301009486487%2C7.337201613790725%2C34.73686435409938&bboxSR=104903&size=571%2C832&format=png&transparent=true&dpi=213&imageSR=104903&layers=hide%3A-1 HTTP/1.1" 200 7444 "-" "ArcGIS.Android-10.2.3/5.1/LGE-VS986" 389 7734
40.77.167.4 - - [25/Dec/2015:19:51:53 -0500] "GET / HTTP/1.1" 302 237 "-" "Mozilla/5.0 (compatible; bingbot/2.0; +http://www.bing.com/bingbot.htm)" 272 543
162.223.216.2 - - [25/Dec/2015:19:51:54 -0500] "GET /arcgis/rest/services/CombinedNomenclature/MapServer/export?f=image&bbox=-8.770633715206639%2C-30.50178032587303%2C33.37504467735049%2C30.90838503771284&bboxSR=104903&size=571%2C832&format=png&transparent=true&dpi=213&imageSR=104903&layers=hide%3A-1 HTTP/1.1" 200 8023 "-" "ArcGIS.Android-10.2.3/5.1/LGE-VS986" 387 8310
162.223.216.2 - - [25/Dec/2015:19:51:54 -0500] "GET /arcgis/rest/services/CombinedNomenclature/MapServer/export?f=image&bbox=-18.97613822257511%2C-23.65912114328215%2C23.16954016998202%2C37.75104422030372&bboxSR=104903&size=571%2C832&format=png&transparent=true&dpi=213&imageSR=104903&layers=hide%3A-1 HTTP/1.1" 200 7684 "-" "ArcGIS.Android-10.2.3/5.1/LGE-VS986" 387 7972
162.223.216.2 - - [25/Dec/2015:19:51:56 -0500] "GET /arcgis/rest/services/CombinedNomenclature/MapServer/export?f=image&bbox=-39.855021369455%2C-26.203186736809524%2C2.2906570231021277%2C35.20697862677635&bboxSR=104903&size=571%2C832&format=png&transparent=true&dpi=213&imageSR=104903&layers=hide%3A-1 HTTP/1.1" 200 7444 "-" "ArcGIS.Android-10.2.3/5.1/LGE-VS986" 387 7732
162.223.216.2 - - [25/Dec/2015:19:51:57 -0500] "GET /arcgis/rest/services/CombinedNomenclature/MapServer/export?f=image&bbox=-2.63525964047027%2C-12.053168511960571%2C39.51041875208686%2C49.3569968516253&bboxSR=104903&size=571%2C832&format=png&transparent=true&dpi=213&imageSR=104903&layers=hide%3A-1 HTTP/1.1" 200 6940 "-" "ArcGIS.Android-10.2.3/5.1/LGE-VS986" 386 7229
162.223.216.2 - - [25/Dec/2015:19:51:58 -0500] "GET /arcgis/rest/services/CombinedNomenclature/MapServer/export?f=image&bbox=14.7345675153373%2C-15.094350370889849%2C56.880245907894434%2C46.31581499269602&bboxSR=104903&size=571%2C832&format=png&transparent=true&dpi=213&imageSR=104903&layers=hide%3A-1 HTTP/1.1" 200 6894 "-" "ArcGIS.Android-10.2.3/5.1/LGE-VS986" 387 7182
162.223.216.2 - - [25/Dec/2015:19:52:01 -0500] "GET /arcgis/rest/services/CombinedNomenclature/MapServer/export?f=image&bbox=29.49410765940575%2C-2.716095525824352%2C50.23236839008439%2C27.50147527614522&bboxSR=104903&size=571%2C832&format=png&transparent=true&dpi=213&imageSR=104903&layers=hide%3A-1 HTTP/1.1" 200 13957 "-" "ArcGIS.Android-10.2.3/5.1/LGE-VS986" 386 14246
162.223.216.2 - - [25/Dec/2015:19:52:01 -0500] "GET /arcgis/rest/services/CombinedNomenclature/MapServer/export?f=image&bbox=39.22102061263628%2C-0.06853342021130793%2C59.95928134331491%2C30.149037381758262&bboxSR=104903&size=571%2C832&format=png&transparent=true&dpi=213&imageSR=104903&layers=hide%3A-1 HTTP/1.1" 200 12657 "-" "ArcGIS.Android-10.2.3/5.1/LGE-VS986" 389 12946
162.223.216.2 - - [25/Dec/2015:19:52:02 -0500] "GET /arcgis/rest/services/CombinedNomenclature/MapServer/export?f=image&bbox=47.048595533579224%2C6.550371843821313%2C67.78685626425786%2C36.76794264579088&bboxSR=104903&size=571%2C832&format=png&transparent=true&dpi=213&imageSR=104903&layers=hide%3A-1 HTTP/1.1" 200 10782 "-" "ArcGIS.Android-10.2.3/5.1/LGE-VS986" 386 11072
162.223.216.2 - - [25/Dec/2015:19:52:03 -0500] "GET /arcgis/rest/services/CombinedNomenclature/MapServer/export?f=image&bbox=48.904766792405745%2C14.52183600963452%2C69.64302752308438%2C44.73940681160409&bboxSR=104903&size=571%2C832&format=png&transparent=true&dpi=213&imageSR=104903&layers=hide%3A-1 HTTP/1.1" 200 7855 "-" "ArcGIS.Android-10.2.3/5.1/LGE-VS986" 386 8143
162.223.216.2 - - [25/Dec/2015:19:52:04 -0500] "GET /arcgis/rest/services/CombinedNomenclature/MapServer/export?f=image&bbox=47.871850109860645%2C25.66828258534459%2C68.61011084053928%2C55.88585338731416&bboxSR=104903&size=571%2C832&format=png&transparent=true&dpi=213&imageSR=104903&layers=hide%3A-1 HTTP/1.1" 200 6104 "-" "ArcGIS.Android-10.2.3/5.1/LGE-VS986" 386 6392
162.223.216.2 - - [25/Dec/2015:19:52:05 -0500] "GET /arcgis/rest/services/CombinedNomenclature/MapServer/export?f=image&bbox=50.40430081957745%2C32.704466659500994%2C71.14256155025609%2C62.922037461470566&bboxSR=104903&size=571%2C832&format=png&transparent=true&dpi=213&imageSR=104903&layers=hide%3A-1 HTTP/1.1" 200 5841 "-" "ArcGIS.Android-10.2.3/5.1/LGE-VS986" 387 6130
127.0.0.1 - - [25/Dec/2015:19:52:08 -0500] "GET /opensso/namingservice HTTP/1.1" 200 7 "-" "Java/1.5.0_21" 220 183
162.223.216.2 - - [25/Dec/2015:19:52:08 -0500] "GET /arcgis/rest/services/CombinedNomenclature/MapServer/export?f=image&bbox=81.75283644102734%2C34.94609690239594%2C102.49109717170597%2C65.16366770436551&bboxSR=104903&size=571%2C832&format=png&transparent=true&dpi=213&imageSR=104903&layers=hide%3A-1 HTTP/1.1" 200 5380 "-" "ArcGIS.Android-10.2.3/5.1/LGE-VS986" 386 5667
162.223.216.2 - - [25/Dec/2015:19:52:09 -0500] "GET /arcgis/rest/services/CombinedNomenclature/MapServer/export?f=image&bbox=51.611436630691934%2C28.867921104316817%2C72.34969736137057%2C59.08549190628639&bboxSR=104903&size=571%2C832&format=png&transparent=true&dpi=213&imageSR=104903&layers=hide%3A-1 HTTP/1.1" 200 5065 "-" "ArcGIS.Android-10.2.3/5.1/LGE-VS986" 387 5352
127.0.0.1 - - [25/Dec/2015:19:52:12 -0500] "GET /opensso/namingservice HTTP/1.1" 200 7 "-" "Java/1.5.0_21" 220 183
162.223.216.2 - - [25/Dec/2015:19:52:12 -0500] "GET /arcgis/rest/services/CombinedNomenclature/MapServer/export?f=image&bbox=50.6761565390351%2C20.248955336587326%2C71.41441726971374%2C50.4665261385569&bboxSR=104903&size=571%2C832&format=png&transparent=true&dpi=213&imageSR=104903&layers=hide%3A-1 HTTP/1.1" 200 6425 "-" "ArcGIS.Android-10.2.3/5.1/LGE-VS986" 384 6714
162.223.216.2 - - [25/Dec/2015:19:52:13 -0500] "GET /arcgis/rest/services/CombinedNomenclature/MapServer/export?f=image&bbox=48.560984639442026%2C9.658706914135063%2C69.29924537012066%2C39.87627771610464&bboxSR=104903&size=571%2C832&format=png&transparent=true&dpi=213&imageSR=104903&layers=hide%3A-1 HTTP/1.1" 200 11621 "-" "ArcGIS.Android-10.2.3/5.1/LGE-VS986" 386 11910
162.223.216.2 - - [25/Dec/2015:19:52:14 -0500] "GET /arcgis/rest/services/CombinedNomenclature/MapServer/export?f=image&bbox=54.69066647091571%2C2.1332994074196456%2C75.42892720159435%2C32.350870209389214&bboxSR=104903&size=571%2C832&format=png&transparent=true&dpi=213&imageSR=104903&layers=hide%3A-1 HTTP/1.1" 200 11283 "-" "ArcGIS.Android-10.2.3/5.1/LGE-VS986" 387 11574
162.223.216.2 - - [25/Dec/2015:19:52:15 -0500] "GET /arcgis/rest/services/CombinedNomenclature/MapServer/export?f=image&bbox=54.53238830155839%2C-7.70872494170718%2C75.27064903223703%2C22.50884586026239&bboxSR=104903&size=571%2C832&format=png&transparent=true&dpi=213&imageSR=104903&layers=hide%3A-1 HTTP/1.1" 200 13132 "-" "ArcGIS.Android-10.2.3/5.1/LGE-VS986" 385 13421
162.223.216.2 - - [25/Dec/2015:19:52:17 -0500] "GET /arcgis/rest/services/CombinedNomenclature/MapServer/export?f=image&bbox=44.33676383250275%2C-29.91001079009811%2C65.07502456318139%2C0.30756001187146254&bboxSR=104903&size=571%2C832&format=png&transparent=true&dpi=213&imageSR=104903&layers=hide%3A-1 HTTP/1.1" 200 9991 "-" "ArcGIS.Android-10.2.3/5.1/LGE-VS986" 388 10279
162.223.216.2 - - [25/Dec/2015:19:52:19 -0500] "GET /arcgis/rest/services/CombinedNomenclature/MapServer/export?f=image&bbox=4.736773189574029%2C-37.584065238494546%2C25.475033920252663%2C-7.366494436524974&bboxSR=104903&size=571%2C832&format=png&transparent=true&dpi=213&imageSR=104903&layers=hide%3A-1 HTTP/1.1" 200 5859 "-" "ArcGIS.Android-10.2.3/5.1/LGE-VS986" 389 6147
162.223.216.2 - - [25/Dec/2015:19:52:21 -0500] "GET /arcgis/rest/services/CombinedNomenclature/MapServer/export?f=image&bbox=-15.257989850783954%2C-40.28335318318619%2C5.480270879894682%2C-10.065782381216621&bboxSR=104903&size=571%2C832&format=png&transparent=true&dpi=213&imageSR=104903&layers=hide%3A-1 HTTP/1.1" 200 9264 "-" "ArcGIS.Android-10.2.3/5.1/LGE-VS986" 390 9552
162.223.216.2 - - [25/Dec/2015:19:52:22 -0500] "GET /arcgis/rest/services/CombinedNomenclature/MapServer/export?f=image&bbox=-25.17195882234589%2C-39.103461375249964%2C-4.433698091667253%2C-8.885890573280392&bboxSR=104903&size=571%2C832&format=png&transparent=true&dpi=213&imageSR=104903&layers=hide%3A-1 HTTP/1.1" 200 10248 "-" "ArcGIS.Android-10.2.3/5.1/LGE-VS986" 390 10538
162.223.216.2 - - [25/Dec/2015:19:52:28 -0500] "GET /arcgis/rest/services/CombinedNomenclature/MapServer/export?f=image&bbox=-38.81564927522418%2C-30.191482430566957%2C-18.077388544545546%2C0.026088371402614996&bboxSR=104903&size=571%2C832&format=png&transparent=true&dpi=213&imageSR=104903&layers=hide%3A-1 HTTP/1.1" 200 12032 "-" "ArcGIS.Android-10.2.3/5.1/LGE-VS986" 393 12321
162.223.216.2 - - [25/Dec/2015:19:52:29 -0500] "GET /arcgis/rest/services/CombinedNomenclature/MapServer/export?f=image&bbox=-51.96712625636735%2C-31.759875199652996%2C-31.228865525688715%2C-1.5423043976834236&bboxSR=104903&size=571%2C832&format=png&transparent=true&dpi=213&imageSR=104903&layers=hide%3A-1 HTTP/1.1" 200 13275 "-" "ArcGIS.Android-10.2.3/5.1/LGE-VS986" 392 13565
162.223.216.2 - - [25/Dec/2015:19:52:30 -0500] "GET /arcgis/rest/services/CombinedNomenclature/MapServer/export?f=image&bbox=-62.701263923689886%2C-34.27793698488283%2C-41.96300319301125%2C-4.060366182913256&bboxSR=104903&size=571%2C832&format=png&transparent=true&dpi=213&imageSR=104903&layers=hide%3A-1 HTTP/1.1" 200 10360 "-" "ArcGIS.Android-10.2.3/5.1/LGE-VS986" 390 10650
162.223.216.2 - - [25/Dec/2015:19:52:31 -0500] "GET /arcgis/rest/services/CombinedNomenclature/MapServer/export?f=image&bbox=-73.00760685182316%2C-37.95383294698104%2C-52.26934612114452%2C-7.736262145011466&bboxSR=104903&size=571%2C832&format=png&transparent=true&dpi=213&imageSR=104903&layers=hide%3A-1 HTTP/1.1" 200 8029 "-" "ArcGIS.Android-10.2.3/5.1/LGE-VS986" 389 8317
162.223.216.2 - - [25/Dec/2015:19:52:32 -0500] "GET /arcgis/rest/services/CombinedNomenclature/MapServer/export?f=image&bbox=-83.58346634978824%2C-36.889052534941044%2C-62.845205619109606%2C-6.671481732971472&bboxSR=104903&size=571%2C832&format=png&transparent=true&dpi=213&imageSR=104903&layers=hide%3A-1 HTTP/1.1" 200 8097 "-" "ArcGIS.Android-10.2.3/5.1/LGE-VS986" 391 8386
162.223.216.2 - - [25/Dec/2015:19:52:34 -0500] "GET /arcgis/rest/services/CombinedNomenclature/MapServer/export?f=image&bbox=-104.74440941080347%2C-32.99204388997117%2C-84.00614868012484%2C-2.7744730880015993&bboxSR=104903&size=571%2C832&format=png&transparent=true&dpi=213&imageSR=104903&layers=hide%3A-1 HTTP/1.1" 200 9591 "-" "ArcGIS.Android-10.2.3/5.1/LGE-VS986" 391 9878
127.0.0.1 - - [25/Dec/2015:19:52:38 -0500] "GET /opensso/namingservice HTTP/1.1" 200 7 "-" "Java/1.5.0_21" 220 183
162.223.216.2 - - [25/Dec/2015:19:52:37 -0500] "GET /arcgis/rest/services/CombinedNomenclature/MapServer/export?f=image&bbox=-98.13989307125775%2C-32.20065304318469%2C-77.40163234057911%2C-1.983082241215115&bboxSR=104903&size=571%2C832&format=png&transparent=true&dpi=213&imageSR=104903&layers=hide%3A-1 HTTP/1.1" 200 10499 "-" "ArcGIS.Android-10.2.3/5.1/LGE-VS986" 389 10788
127.0.0.1 - - [25/Dec/2015:19:52:42 -0500] "GET /opensso/namingservice HTTP/1.1" 200 7 "-" "Java/1.5.0_21" 220 183
162.223.216.2 - - [25/Dec/2015:19:52:41 -0500] "GET /arcgis/rest/services/CombinedNomenclature/MapServer/export?f=image&bbox=-79.53389922050454%2C-29.579202925190973%2C-58.795638489825905%2C0.6383678767785987&bboxSR=104903&size=571%2C832&format=png&transparent=true&dpi=213&imageSR=104903&layers=hide%3A-1 HTTP/1.1" 200 8968 "-" "ArcGIS.Android-10.2.3/5.1/LGE-VS986" 391 9257
162.223.216.2 - - [25/Dec/2015:19:52:43 -0500] "GET /arcgis/rest/services/CombinedNomenclature/MapServer/export?f=image&bbox=-82.06634993022125%2C-24.284078713964874%2C-61.32808919954262%2C5.933492088004698&bboxSR=104903&size=571%2C832&format=png&transparent=true&dpi=213&imageSR=104903&layers=hide%3A-1 HTTP/1.1" 200 8037 "-" "ArcGIS.Android-10.2.3/5.1/LGE-VS986" 389 8325
162.223.216.2 - - [25/Dec/2015:19:52:46 -0500] "GET /arcgis/rest/services/CombinedNomenclature/MapServer/export?f=image&bbox=-84.38390450344416%2C-12.594127463092374%2C-63.645643772765524%2C17.6234433388772&bboxSR=104903&size=571%2C832&format=png&transparent=true&dpi=213&imageSR=104903&layers=hide%3A-1 HTTP/1.1" 200 10851 "-" "ArcGIS.Android-10.2.3/5.1/LGE-VS986" 389 11141
162.223.216.2 - - [25/Dec/2015:19:52:49 -0500] "GET /arcgis/rest/services/CombinedNomenclature/MapServer/export?f=image&bbox=-75.12922123491492%2C-3.800503407497653%2C-69.65512555138773%2C4.175762106853705&bboxSR=104903&size=571%2C832&format=png&transparent=true&dpi=213&imageSR=104903&layers=hide%3A-1 HTTP/1.1" 200 3831 "-" "ArcGIS.Android-10.2.3/5.1/LGE-VS986" 388 4119
162.223.216.2 - - [25/Dec/2015:19:52:50 -0500] "GET /arcgis/rest/services/CombinedNomenclature/MapServer/export?f=image&bbox=-77.68155614385576%2C-3.568818244632509%2C-72.20746046032856%2C4.407447269718849&bboxSR=104903&size=571%2C832&format=png&transparent=true&dpi=213&imageSR=104903&layers=hide%3A-1 HTTP/1.1" 200 4277 "-" "ArcGIS.Android-10.2.3/5.1/LGE-VS986" 388 4566
162.223.216.2 - - [25/Dec/2015:19:52:58 -0500] "GET /arcgis/rest/services/CombinedNomenclature/MapServer/export?f=image&bbox=-80.7048576133749%2C-2.9649175742135205%2C-75.2307619298477%2C5.0113479401378385&bboxSR=104903&size=571%2C832&format=png&transparent=true&dpi=213&imageSR=104903&layers=hide%3A-1 HTTP/1.1" 200 2678 "-" "ArcGIS.Android-10.2.3/5.1/LGE-VS986" 388 2967
162.223.216.2 - - [25/Dec/2015:19:52:59 -0500] "GET /arcgis/rest/services/CombinedNomenclature/MapServer/export?f=image&bbox=-82.75584102234518%2C-1.772308703071611%2C-77.28174533881798%2C6.203956811279747&bboxSR=104903&size=571%2C832&format=png&transparent=true&dpi=213&imageSR=104903&layers=hide%3A-1 HTTP/1.1" 200 2894 "-" "ArcGIS.Android-10.2.3/5.1/LGE-VS986" 388 3183
162.223.216.2 - - [25/Dec/2015:19:53:01 -0500] "GET /arcgis/rest/services/CombinedNomenclature/MapServer/export?f=image&bbox=-85.59683285551162%2C-0.46195819178512476%2C-80.12273717198443%2C7.514307322566234&bboxSR=104903&size=571%2C832&format=png&transparent=true&dpi=213&imageSR=104903&layers=hide%3A-1 HTTP/1.1" 200 360 "-" "ArcGIS.Android-10.2.3/5.1/LGE-VS986" 390 647
162.223.216.2 - - [25/Dec/2015:19:53:02 -0500] "GET /arcgis/rest/services/CombinedNomenclature/MapServer/export?f=image&bbox=-90.0452786646003%2C-0.6988670248283237%2C-84.57118298107311%2C7.277398489523035&bboxSR=104903&size=571%2C832&format=png&transparent=true&dpi=213&imageSR=104903&layers=hide%3A-1 HTTP/1.1" 200 360 "-" "ArcGIS.Android-10.2.3/5.1/LGE-VS986" 388 648
162.223.216.2 - - [25/Dec/2015:19:53:03 -0500] "GET /arcgis/rest/services/CombinedNomenclature/MapServer/export?f=image&bbox=-92.30136041446774%2C-0.3228533998504668%2C-86.82726473094054%2C7.653412114500892&bboxSR=104903&size=571%2C832&format=png&transparent=true&dpi=213&imageSR=104903&layers=hide%3A-1 HTTP/1.1" 200 360 "-" "ArcGIS.Android-10.2.3/5.1/LGE-VS986" 389 649
162.223.216.2 - - [25/Dec/2015:19:53:04 -0500] "GET /arcgis/rest/services/CombinedNomenclature/MapServer/export?f=image&bbox=-94.37133441055826%2C0.2544604486003874%2C-88.89723872703107%2C8.230725962951746&bboxSR=104903&size=571%2C832&format=png&transparent=true&dpi=213&imageSR=104903&layers=hide%3A-1 HTTP/1.1" 200 360 "-" "ArcGIS.Android-10.2.3/5.1/LGE-VS986" 388 647
162.223.216.2 - - [25/Dec/2015:19:53:06 -0500] "GET /arcgis/rest/services/CombinedNomenclature/MapServer/export?f=image&bbox=-100.70997558528289%2C1.6268944957017646%2C-95.2358799017557%2C9.603160010053124&bboxSR=104903&size=571%2C832&format=png&transparent=true&dpi=213&imageSR=104903&layers=hide%3A-1 HTTP/1.1" 200 3247 "-" "ArcGIS.Android-10.2.3/5.1/LGE-VS986" 388 3536
127.0.0.1 - - [25/Dec/2015:19:53:08 -0500] "GET /opensso/namingservice HTTP/1.1" 200 7 "-" "Java/1.5.0_21" 220 183
162.223.216.2 - - [25/Dec/2015:19:53:10 -0500] "GET /arcgis/rest/services/CombinedNomenclature/MapServer/export?f=image&bbox=-105.01179214315681%2C1.0209768287153849%2C-99.53769645962961%2C8.997242343066743&bboxSR=104903&size=571%2C832&format=png&transparent=true&dpi=213&imageSR=104903&layers=hide%3A-1 HTTP/1.1" 200 2627 "-" "ArcGIS.Android-10.2.3/5.1/LGE-VS986" 389 2915
127.0.0.1 - - [25/Dec/2015:19:53:12 -0500] "GET /opensso/namingservice HTTP/1.1" 200 7 "-" "Java/1.5.0_21" 220 183
162.223.216.2 - - [25/Dec/2015:19:53:13 -0500] "GET /arcgis/rest/services/CombinedNomenclature/MapServer/export?f=image&bbox=-103.32542800689255%2C0.029668181046464515%2C-97.85133232336536%2C8.005933695397824&bboxSR=104903&size=571%2C832&format=png&transparent=true&dpi=213&imageSR=104903&layers=hide%3A-1 HTTP/1.1" 200 2641 "-" "ArcGIS.Android-10.2.3/5.1/LGE-VS986" 391 2929
162.223.216.2 - - [25/Dec/2015:19:53:16 -0500] "GET /arcgis/rest/services/CombinedNomenclature/MapServer/export?f=image&bbox=-101.12929048032149%2C1.762256303962428%2C-98.91740399127589%2C4.985180224953552&bboxSR=104903&size=571%2C832&format=png&transparent=true&dpi=213&imageSR=104903&layers=hide%3A-1 HTTP/1.1" 200 2668 "-" "ArcGIS.Android-10.2.3/5.1/LGE-VS986" 388 2956
162.223.216.2 - - [25/Dec/2015:19:53:17 -0500] "GET /arcgis/rest/services/CombinedNomenclature/MapServer/export?f=image&bbox=-103.88748605996436%2C-0.3158951833547441%2C-97.52680123845919%2C8.95221299789272&bboxSR=104903&size=571%2C832&format=png&transparent=true&dpi=213&imageSR=104903&layers=hide%3A-1 HTTP/1.1" 200 2645 "-" "ArcGIS.Android-10.2.3/5.1/LGE-VS986" 389 2931
162.223.216.2 - - [25/Dec/2015:19:53:19 -0500] "GET /arcgis/rest/services/CombinedNomenclature/MapServer/export?f=image&bbox=-101.13821423733472%2C1.7893517195186959%2C-98.90633333964095%2C5.041409349783525&bboxSR=104903&size=571%2C832&format=png&transparent=true&dpi=213&imageSR=104903&layers=hide%3A-1 HTTP/1.1" 200 2668 "-" "ArcGIS.Android-10.2.3/5.1/LGE-VS986" 389 2956
66.249.66.163 - - [25/Dec/2015:19:53:22 -0500] "GET /redmine/issues/gantt?month=11&months=6&year=2440&zoom=4 HTTP/1.1" 200 51039 "-" "Mozilla/5.0 (compatible; Googlebot/2.1; +http://www.google.com/bot.html)" 346 51728
162.223.216.2 - - [25/Dec/2015:19:53:22 -0500] "GET /arcgis/rest/services/CombinedNomenclature/MapServer/export?f=image&bbox=-104.71902009017025%2C2.1038982103632886%2C-102.48713919247648%2C5.355955840628117&bboxSR=104903&size=571%2C832&format=png&transparent=true&dpi=213&imageSR=104903&layers=hide%3A-1 HTTP/1.1" 200 360 "-" "ArcGIS.Android-10.2.3/5.1/LGE-VS986" 390 648
162.223.216.2 - - [25/Dec/2015:19:53:24 -0500] "GET /arcgis/rest/services/CombinedNomenclature/MapServer/export?f=image&bbox=-106.07179703085053%2C2.8519123259844097%2C-103.83991613315676%2C6.103969956249238&bboxSR=104903&size=571%2C832&format=png&transparent=true&dpi=213&imageSR=104903&layers=hide%3A-1 HTTP/1.1" 200 360 "-" "ArcGIS.Android-10.2.3/5.1/LGE-VS986" 390 647
162.223.216.2 - - [25/Dec/2015:19:53:25 -0500] "GET /arcgis/rest/services/CombinedNomenclature/MapServer/export?f=image&bbox=-106.97925106208079%2C2.5483952779961188%2C-104.74737016438702%2C5.800452908260947&bboxSR=104903&size=571%2C832&format=png&transparent=true&dpi=213&imageSR=104903&layers=hide%3A-1 HTTP/1.1" 200 360 "-" "ArcGIS.Android-10.2.3/5.1/LGE-VS986" 390 649
162.223.216.2 - - [25/Dec/2015:19:53:30 -0500] "GET /arcgis/rest/services/CombinedNomenclature/MapServer/export?f=image&bbox=-107.0510953600207%2C0.9786497611156648%2C-104.81921446232693%2C4.230707391380493&bboxSR=104903&size=571%2C832&format=png&transparent=true&dpi=213&imageSR=104903&layers=hide%3A-1 HTTP/1.1" 200 360 "-" "ArcGIS.Android-10.2.3/5.1/LGE-VS986" 389 647
162.223.216.2 - - [25/Dec/2015:19:53:32 -0500] "GET /arcgis/rest/services/CombinedNomenclature/MapServer/export?f=image&bbox=-105.2634870238537%2C1.0558418317690352%2C-103.03160612615993%2C4.3078994620338635&bboxSR=104903&size=571%2C832&format=png&transparent=true&dpi=213&imageSR=104903&layers=hide%3A-1 HTTP/1.1" 200 360 "-" "ArcGIS.Android-10.2.3/5.1/LGE-VS986" 390 648
162.223.216.2 - - [25/Dec/2015:19:53:34 -0500] "GET /arcgis/rest/services/CombinedNomenclature/MapServer/export?f=image&bbox=-105.98666284737675%2C1.2277315885379136%2C-103.75478194968298%2C4.479789218802742&bboxSR=104903&size=571%2C832&format=png&transparent=true&dpi=213&imageSR=104903&layers=hide%3A-1 HTTP/1.1" 200 360 "-" "ArcGIS.Android-10.2.3/5.1/LGE-VS986" 390 646
162.223.216.2 - - [25/Dec/2015:19:53:35 -0500] "GET /arcgis/rest/services/CombinedNomenclature/MapServer/export?f=image&bbox=-107.14033734100569%2C1.1642407774791372%2C-104.90845644331192%2C4.416298407743966&bboxSR=104903&size=571%2C832&format=png&transparent=true&dpi=213&imageSR=104903&layers=hide%3A-1 HTTP/1.1" 200 360 "-" "ArcGIS.Android-10.2.3/5.1/LGE-VS986" 390 647
162.223.216.2 - - [25/Dec/2015:19:53:36 -0500] "GET /arcgis/rest/services/CombinedNomenclature/MapServer/export?f=image&bbox=-108.22432679810669%2C1.6675215968474804%2C-105.99244590041292%2C4.919579227112309&bboxSR=104903&size=571%2C832&format=png&transparent=true&dpi=213&imageSR=104903&layers=hide%3A-1 HTTP/1.1" 200 360 "-" "ArcGIS.Android-10.2.3/5.1/LGE-VS986" 390 645
127.0.0.1 - - [25/Dec/2015:19:53:38 -0500] "GET /opensso/namingservice HTTP/1.1" 200 7 "-" "Java/1.5.0_21" 220 183
162.223.216.2 - - [25/Dec/2015:19:53:37 -0500] "GET /arcgis/rest/services/CombinedNomenclature/MapServer/export?f=image&bbox=-109.32070470614595%2C1.5281515237916292%2C-107.08882380845218%2C4.7802091540564575&bboxSR=104903&size=571%2C832&format=png&transparent=true&dpi=213&imageSR=104903&layers=hide%3A-1 HTTP/1.1" 200 2969 "-" "ArcGIS.Android-10.2.3/5.1/LGE-VS986" 391 3256
162.223.216.2 - - [25/Dec/2015:19:53:40 -0500] "GET /arcgis/rest/services/CombinedNomenclature/MapServer/export?f=image&bbox=-109.59170207042108%2C0.38996259383552334%2C-107.35982117272731%2C3.642020224100352&bboxSR=104903&size=571%2C832&format=png&transparent=true&dpi=213&imageSR=104903&layers=hide%3A-1 HTTP/1.1" 200 2970 "-" "ArcGIS.Android-10.2.3/5.1/LGE-VS986" 391 3258
127.0.0.1 - - [25/Dec/2015:19:53:42 -0500] "GET /opensso/namingservice HTTP/1.1" 200 7 "-" "Java/1.5.0_21" 220 183
162.223.216.2 - - [25/Dec/2015:19:53:43 -0500] "GET /arcgis/rest/services/CombinedNomenclature/MapServer/export?f=image&bbox=-110.37991726137021%2C0.400802488406532%2C-108.14803636367644%2C3.6528601186713603&bboxSR=104903&size=571%2C832&format=png&transparent=true&dpi=213&imageSR=104903&layers=hide%3A-1 HTTP/1.1" 200 3006 "-" "ArcGIS.Android-10.2.3/5.1/LGE-VS986" 390 3294
162.223.216.2 - - [25/Dec/2015:19:53:45 -0500] "GET /arcgis/rest/services/CombinedNomenclature/MapServer/export?f=image&bbox=-110.56884113817918%2C1.4460780363253998%2C-108.33696024048541%2C4.698135666590228&bboxSR=104903&size=571%2C832&format=png&transparent=true&dpi=213&imageSR=104903&layers=hide%3A-1 HTTP/1.1" 200 3002 "-" "ArcGIS.Android-10.2.3/5.1/LGE-VS986" 390 3290
162.223.216.2 - - [25/Dec/2015:19:53:46 -0500] "GET /arcgis/rest/services/CombinedNomenclature/MapServer/export?f=image&bbox=-110.97920857551023%2C2.410828653145333%2C-108.74732767781646%2C5.662886283410161&bboxSR=104903&size=571%2C832&format=png&transparent=true&dpi=213&imageSR=104903&layers=hide%3A-1 HTTP/1.1" 200 3139 "-" "ArcGIS.Android-10.2.3/5.1/LGE-VS986" 389 3428
162.223.216.2 - - [25/Dec/2015:19:53:48 -0500] "GET /arcgis/rest/services/CombinedNomenclature/MapServer/export?f=image&bbox=-111.58542198440122%2C4.136857382617833%2C-109.35354108670745%2C7.388915012882662&bboxSR=104903&size=571%2C832&format=png&transparent=true&dpi=213&imageSR=104903&layers=hide%3A-1 HTTP/1.1" 200 4455 "-" "ArcGIS.Android-10.2.3/5.1/LGE-VS986" 389 4742
162.223.216.2 - - [25/Dec/2015:19:53:51 -0500] "GET /arcgis/rest/services/CombinedNomenclature/MapServer/export?f=image&bbox=-110.81424091349214%2C4.070269458824487%2C-108.58236001579837%2C7.322327089089316&bboxSR=104903&size=571%2C832&format=png&transparent=true&dpi=213&imageSR=104903&layers=hide%3A-1 HTTP/1.1" 200 3164 "-" "ArcGIS.Android-10.2.3/5.1/LGE-VS986" 389 3453
162.223.216.2 - - [25/Dec/2015:19:53:52 -0500] "GET /arcgis/rest/services/CombinedNomenclature/MapServer/export?f=image&bbox=-111.90287603969499%2C4.0594295642534775%2C-109.67099514200122%2C7.311487194518306&bboxSR=104903&size=571%2C832&format=png&transparent=true&dpi=213&imageSR=104903&layers=hide%3A-1 HTTP/1.1" 200 3856 "-" "ArcGIS.Android-10.2.3/5.1/LGE-VS986" 390 4146
162.223.216.2 - - [25/Dec/2015:19:53:54 -0500] "GET /arcgis/rest/services/CombinedNomenclature/MapServer/export?f=image&bbox=-112.90943767843163%2C4.101240586170234%2C-110.67755678073786%2C7.353298216435062&bboxSR=104903&size=571%2C832&format=png&transparent=true&dpi=213&imageSR=104903&layers=hide%3A-1 HTTP/1.1" 200 3875 "-" "ArcGIS.Android-10.2.3/5.1/LGE-VS986" 389 4164
162.223.216.2 - - [25/Dec/2015:19:53:55 -0500] "GET /arcgis/rest/services/CombinedNomenclature/MapServer/export?f=image&bbox=-115.09755320534249%2C4.339615870600387%2C-112.86567230764872%2C7.591673500865215&bboxSR=104903&size=571%2C832&format=png&transparent=true&dpi=213&imageSR=104903&layers=hide%3A-1 HTTP/1.1" 200 360 "-" "ArcGIS.Android-10.2.3/5.1/LGE-VS986" 389 647
162.223.216.2 - - [25/Dec/2015:19:53:56 -0500] "GET /arcgis/rest/services/CombinedNomenclature/MapServer/export?f=image&bbox=-116.74010025409049%2C4.465958750601371%2C-114.50821935639672%2C7.7180163808661995&bboxSR=104903&size=571%2C832&format=png&transparent=true&dpi=213&imageSR=104903&layers=hide%3A-1 HTTP/1.1" 200 360 "-" "ArcGIS.Android-10.2.3/5.1/LGE-VS986" 390 647
162.223.216.2 - - [25/Dec/2015:19:53:57 -0500] "GET /arcgis/rest/services/CombinedNomenclature/MapServer/export?f=image&bbox=-117.60574326340392%2C4.867034849728763%2C-115.37386236571015%2C8.119092479993592&bboxSR=104903&size=571%2C832&format=png&transparent=true&dpi=213&imageSR=104903&layers=hide%3A-1 HTTP/1.1" 200 360 "-" "ArcGIS.Android-10.2.3/5.1/LGE-VS986" 389 647
162.223.216.2 - - [25/Dec/2015:19:53:58 -0500] "GET /arcgis/rest/services/CombinedNomenclature/MapServer/export?f=image&bbox=-118.57599766367005%2C6.682985800564575%2C-116.34411676597628%2C9.935043430829403&bboxSR=104903&size=571%2C832&format=png&transparent=true&dpi=213&imageSR=104903&layers=hide%3A-1 HTTP/1.1" 200 360 "-" "ArcGIS.Android-10.2.3/5.1/LGE-VS986" 389 647
162.223.216.2 - - [25/Dec/2015:19:54:00 -0500] "GET /arcgis/rest/services/CombinedNomenclature/MapServer/export?f=image&bbox=-120.36162171098509%2C5.158065748907706%2C-115.5968320366401%2C12.100806570370121&bboxSR=104903&size=571%2C832&format=png&transparent=true&dpi=213&imageSR=104903&layers=hide%3A-1 HTTP/1.1" 200 360 "-" "ArcGIS.Android-10.2.3/5.1/LGE-VS986" 389 646
162.223.216.2 - - [25/Dec/2015:19:54:00 -0500] "GET /arcgis/rest/services/CombinedNomenclature/MapServer/export?f=image&bbox=-122.35181945350914%2C4.926647406753757%2C-117.58702977916414%2C11.869388228216174&bboxSR=104903&size=571%2C832&format=png&transparent=true&dpi=213&imageSR=104903&layers=hide%3A-1 HTTP/1.1" 200 3134 "-" "ArcGIS.Android-10.2.3/5.1/LGE-VS986" 390 3423
162.223.216.2 - - [25/Dec/2015:19:54:01 -0500] "GET /arcgis/rest/services/CombinedNomenclature/MapServer/export?f=image&bbox=-124.73873435401143%2C4.420833030331533%2C-119.97394467966643%2C11.363573851793948&bboxSR=104903&size=571%2C832&format=png&transparent=true&dpi=213&imageSR=104903&layers=hide%3A-1 HTTP/1.1" 200 3190 "-" "ArcGIS.Android-10.2.3/5.1/LGE-VS986" 390 3479
127.0.0.1 - - [25/Dec/2015:19:54:08 -0500] "GET /opensso/namingservice HTTP/1.1" 200 7 "-" "Java/1.5.0_21" 220 183
127.0.0.1 - - [25/Dec/2015:19:54:12 -0500] "GET /opensso/namingservice HTTP/1.1" 200 7 "-" "Java/1.5.0_21" 220 183
162.223.216.2 - - [25/Dec/2015:19:54:24 -0500] "GET /arcgis/rest/services/CombinedNomenclature/MapServer/export?f=image&bbox=-129.89152943644416%2C8.84657515313112%2C-125.12673976209916%2C15.789315974593535&bboxSR=104903&size=571%2C832&format=png&transparent=true&dpi=213&imageSR=104903&layers=hide%3A-1 HTTP/1.1" 200 360 "-" "ArcGIS.Android-10.2.3/5.1/LGE-VS986" 389 648
162.223.216.2 - - [25/Dec/2015:19:54:26 -0500] "GET /arcgis/rest/services/CombinedNomenclature/MapServer/export?f=image&bbox=-124.79490424105386%2C9.151444469393642%2C-120.03011456670886%2C16.094185290856057&bboxSR=104903&size=571%2C832&format=png&transparent=true&dpi=213&imageSR=104903&layers=hide%3A-1 HTTP/1.1" 200 2890 "-" "ArcGIS.Android-10.2.3/5.1/LGE-VS986" 390 3178
162.223.216.2 - - [25/Dec/2015:19:54:27 -0500] "GET /arcgis/rest/services/CombinedNomenclature/MapServer/export?f=image&bbox=-122.09989440707274%2C9.297291825853938%2C-117.33510473272774%2C16.240032647316355&bboxSR=104903&size=571%2C832&format=png&transparent=true&dpi=213&imageSR=104903&layers=hide%3A-1 HTTP/1.1" 200 2927 "-" "ArcGIS.Android-10.2.3/5.1/LGE-VS986" 390 3216
162.223.216.2 - - [25/Dec/2015:19:54:31 -0500] "GET /arcgis/rest/services/CombinedNomenclature/MapServer/export?f=image&bbox=-121.94781949651438%2C7.326929941228775%2C-117.18302982216939%2C14.269670762691192&bboxSR=104903&size=571%2C832&format=png&transparent=true&dpi=213&imageSR=104903&layers=hide%3A-1 HTTP/1.1" 200 360 "-" "ArcGIS.Android-10.2.3/5.1/LGE-VS986" 390 648
162.223.216.2 - - [25/Dec/2015:19:54:34 -0500] "GET /arcgis/rest/services/CombinedNomenclature/MapServer/export?f=image&bbox=-118.13867029238068%2C7.772912080019459%2C-113.37388061803568%2C14.715652901481874&bboxSR=104903&size=571%2C832&format=png&transparent=true&dpi=213&imageSR=104903&layers=hide%3A-1 HTTP/1.1" 200 4574 "-" "ArcGIS.Android-10.2.3/5.1/LGE-VS986" 390 4862
162.223.216.2 - - [25/Dec/2015:19:54:36 -0500] "GET /arcgis/rest/services/CombinedNomenclature/MapServer/export?f=image&bbox=-116.26673213099657%2C8.168707805349111%2C-111.50194245665158%2C15.111448626811526&bboxSR=104903&size=571%2C832&format=png&transparent=true&dpi=213&imageSR=104903&layers=hide%3A-1 HTTP/1.1" 200 3093 "-" "ArcGIS.Android-10.2.3/5.1/LGE-VS986" 390 3380
127.0.0.1 - - [25/Dec/2015:19:54:38 -0500] "GET /opensso/namingservice HTTP/1.1" 200 7 "-" "Java/1.5.0_21" 220 183
127.0.0.1 - - [25/Dec/2015:19:54:42 -0500] "GET /opensso/namingservice HTTP/1.1" 200 7 "-" "Java/1.5.0_21" 220 183
162.223.216.2 - - [25/Dec/2015:19:54:57 -0500] "GET /arcgis/rest/services/CombinedNomenclature/MapServer/export?f=image&bbox=-66.36896314577552%2C-12.148231745935204%2C-42.80411192606472%2C22.18794376159437&bboxSR=104903&size=571%2C832&format=png&transparent=true&dpi=213&imageSR=104903&layers=hide%3A-1 HTTP/1.1" 200 9292 "-" "ArcGIS.Android-10.2.3/5.1/LGE-VS986" 389 9580
162.223.216.2 - - [25/Dec/2015:19:55:04 -0500] "GET /arcgis/rest/services/CombinedNomenclature/MapServer/export?f=image&bbox=-41.49619023192089%2C-0.7419042710722845%2C-32.111400817157005%2C12.932604998776325&bboxSR=104903&size=571%2C832&format=png&transparent=true&dpi=213&imageSR=104903&layers=hide%3A-1 HTTP/1.1" 200 5035 "-" "ArcGIS.Android-10.2.3/5.1/LGE-VS986" 391 5324
127.0.0.1 - - [25/Dec/2015:19:55:08 -0500] "GET /opensso/namingservice HTTP/1.1" 200 7 "-" "Java/1.5.0_21" 220 183
127.0.0.1 - - [25/Dec/2015:19:55:12 -0500] "GET /opensso/namingservice HTTP/1.1" 200 7 "-" "Java/1.5.0_21" 220 183
162.223.216.2 - - [25/Dec/2015:19:55:11 -0500] "GET /arcgis/rest/services/CombinedNomenclature/MapServer/export?f=image&bbox=-38.64085272942212%2C7.012765401221755%2C-37.06848926149704%2C9.303844920159875&bboxSR=104903&size=571%2C832&format=png&transparent=true&dpi=213&imageSR=104903&layers=hide%3A-1 HTTP/1.1" 200 2938 "-" "ArcGIS.Android-10.2.3/5.1/LGE-VS986" 387 3227
162.223.216.2 - - [25/Dec/2015:19:55:18 -0500] "GET /arcgis/rest/services/CombinedNomenclature/MapServer/export?f=image&bbox=-39.19429249205645%2C6.54299209524894%2C-36.892474461032606%2C9.896954620313457&bboxSR=104903&size=571%2C832&format=png&transparent=true&dpi=213&imageSR=104903&layers=hide%3A-1 HTTP/1.1" 200 3251 "-" "ArcGIS.Android-10.2.3/5.1/LGE-VS986" 387 3539
162.223.216.2 - - [25/Dec/2015:19:55:18 -0500] "GET /arcgis/rest/services/CombinedNomenclature/MapServer/export?f=image&bbox=-39.74013144103042%2C6.1163218096277365%2C-36.764279413546475%2C10.452414431110473&bboxSR=104903&size=571%2C832&format=png&transparent=true&dpi=213&imageSR=104903&layers=hide%3A-1 HTTP/1.1" 200 3258 "-" "ArcGIS.Android-10.2.3/5.1/LGE-VS986" 390 3548
162.223.216.2 - - [25/Dec/2015:19:55:27 -0500] "GET /arcgis/rest/services/CombinedNomenclature/MapServer/export?f=image&bbox=-40.72127281174362%2C4.2226876049642925%2C-36.10895021248074%2C10.943269746096888&bboxSR=104903&size=571%2C832&format=png&transparent=true&dpi=213&imageSR=104903&layers=hide%3A-1 HTTP/1.1" 200 360 "-" "ArcGIS.Android-10.2.3/5.1/LGE-VS986" 389 648
137.78.207.218 - - [25/Dec/2015:19:55:36 -0500] "HEAD /LMMPUI/LMMP_CLIENT/LMMP.html HTTP/1.1" 200 - "-" "curl/7.38.0" 110 274
127.0.0.1 - - [25/Dec/2015:19:55:38 -0500] "GET /opensso/namingservice HTTP/1.1" 200 7 "-" "Java/1.5.0_21" 220 183
127.0.0.1 - - [25/Dec/2015:19:55:42 -0500] "GET /opensso/namingservice HTTP/1.1" 200 7 "-" "Java/1.5.0_21" 220 183
162.223.216.2 - - [25/Dec/2015:19:55:47 -0500] "GET /arcgis/rest/services/CombinedNomenclature/MapServer/export?f=image&bbox=-43.56602995821018%2C0.07022506969813946%2C-33.53971668944686%2C14.679494140820875&bboxSR=104903&size=571%2C832&format=png&transparent=true&dpi=213&imageSR=104903&layers=hide%3A-1 HTTP/1.1" 200 3719 "-" "ArcGIS.Android-10.2.3/5.1/LGE-VS986" 390 4008
162.223.216.2 - - [25/Dec/2015:19:55:49 -0500] "GET /arcgis/rest/services/CombinedNomenclature/MapServer/export?f=image&bbox=-22.122582497390887%2C6.392939345306637%2C-16.517173943248224%2C14.560539900554787&bboxSR=104903&size=571%2C832&format=png&transparent=true&dpi=213&imageSR=104903&layers=hide%3A-1 HTTP/1.1" 200 4843 "-" "ArcGIS.Android-10.2.3/5.1/LGE-VS986" 390 5131
127.0.0.1 - - [25/Dec/2015:19:55:50 -0500] "POST /opensso/sessionservice HTTP/1.1" 200 2338 "-" "Java/1.5.0_21" 817 2516
127.0.0.1 - - [25/Dec/2015:19:55:50 -0500] "POST /opensso/policyservice HTTP/1.1" 200 9462 "-" "Java/1.5.0_21" 1118 9647
127.0.0.1 - - [25/Dec/2015:19:55:50 -0500] "POST /opensso/jaxrpc/SMSObjectIF HTTP/1.1" 200 505 "-" "Java/1.5.0_21" 847 766
127.0.0.1 - - [25/Dec/2015:19:55:50 -0500] "POST /opensso/jaxrpc/DirectoryManagerIF HTTP/1.1" 200 1290 "-" "Java/1.5.0_21" 1362 1551
162.223.216.2 - - [25/Dec/2015:19:55:54 -0500] "GET /arcgis/rest/services/CombinedNomenclature/MapServer/export?f=image&bbox=-21.822940793456578%2C7.588445791319239%2C-18.879437785485454%2C11.877402888748266&bboxSR=104903&size=571%2C832&format=png&transparent=true&dpi=213&imageSR=104903&layers=hide%3A-1 HTTP/1.1" 200 4904 "-" "ArcGIS.Android-10.2.3/5.1/LGE-VS986" 390 5192
162.223.216.2 - - [25/Dec/2015:19:55:57 -0500] "GET /arcgis/rest/services/CombinedNomenclature/MapServer/export?f=image&bbox=-84.52927000746621%2C-39.878391852198476%2C3.1807003522824147%2C87.92317616761038&bboxSR=104903&size=571%2C832&format=png&transparent=true&dpi=213&imageSR=104903&layers=hide%3A-1 HTTP/1.1" 200 8705 "-" "ArcGIS.Android-10.2.3/5.1/LGE-VS986" 389 8993
83.56.199.239 - - [25/Dec/2015:19:55:50 -0500] "GET /LMMP/rest/dbxml/fgdc/abstract?label=LRO_NAC_ClrShade_43S349E_150cmp HTTP/1.1" 200 618 "-" "Moon%20Tours/1.0.0 CFNetwork/758.2.8 Darwin/15.0.0" 772 1178
162.223.216.2 - - [25/Dec/2015:19:55:59 -0500] "GET /arcgis/rest/services/CombinedNomenclature/MapServer/export?f=image&bbox=-118.64544545614723%2C-67.92046748094644%2C26.28628328792925%2C143.25851380639438&bboxSR=104903&size=571%2C832&format=png&transparent=true&dpi=213&imageSR=104903&layers=hide%3A-1 HTTP/1.1" 200 360 "-" "ArcGIS.Android-10.2.3/5.1/LGE-VS986" 389 647
162.223.216.2 - - [25/Dec/2015:19:56:00 -0500] "GET /arcgis/rest/services/CombinedNomenclature/MapServer/export?f=image&bbox=-111.80745660609955%2C-127.35063528062267%2C33.12427213797693%2C83.82834600671816&bboxSR=104903&size=571%2C832&format=png&transparent=true&dpi=213&imageSR=104903&layers=hide%3A-1 HTTP/1.1" 200 360 "-" "ArcGIS.Android-10.2.3/5.1/LGE-VS986" 389 648
162.223.216.2 - - [25/Dec/2015:19:56:01 -0500] "GET /arcgis/rest/services/CombinedNomenclature/MapServer/export?f=image&bbox=-106.22916104420052%2C-138.71966050611155%2C38.70256769987596%2C72.45932078122928&bboxSR=104903&size=571%2C832&format=png&transparent=true&dpi=213&imageSR=104903&layers=hide%3A-1 HTTP/1.1" 200 360 "-" "ArcGIS.Android-10.2.3/5.1/LGE-VS986" 389 646
162.223.216.2 - - [25/Dec/2015:19:56:02 -0500] "GET /arcgis/rest/services/CombinedNomenclature/MapServer/export?f=image&bbox=-72.14404564801042%2C-15.586592537495662%2C72.78768309606606%2C195.59238874984516&bboxSR=104903&size=571%2C832&format=png&transparent=true&dpi=213&imageSR=104903&layers=hide%3A-1 HTTP/1.1" 200 360 "-" "ArcGIS.Android-10.2.3/5.1/LGE-VS986" 389 647
162.223.216.2 - - [25/Dec/2015:19:56:03 -0500] "GET /arcgis/rest/services/CombinedNomenclature/MapServer/export?f=image&bbox=-60.66218828584617%2C-10.868145930942532%2C69.18867913587344%2C178.33662060998688&bboxSR=104903&size=571%2C832&format=png&transparent=true&dpi=213&imageSR=104903&layers=hide%3A-1 HTTP/1.1" 200 360 "-" "ArcGIS.Android-10.2.3/5.1/LGE-VS986" 389 647
127.0.0.1 - - [25/Dec/2015:19:56:08 -0500] "GET /opensso/namingservice HTTP/1.1" 200 7 "-" "Java/1.5.0_21" 220 183
127.0.0.1 - - [25/Dec/2015:19:56:12 -0500] "GET /opensso/namingservice HTTP/1.1" 200 7 "-" "Java/1.5.0_21" 220 183
127.0.0.1 - - [25/Dec/2015:19:56:38 -0500] "GET /opensso/namingservice HTTP/1.1" 200 7 "-" "Java/1.5.0_21" 220 183
127.0.0.1 - - [25/Dec/2015:19:56:42 -0500] "GET /opensso/namingservice HTTP/1.1" 200 7 "-" "Java/1.5.0_21" 220 183
66.249.66.167 - - [25/Dec/2015:19:56:50 -0500] "GET /redmine/issues/gantt?month=7&months=6&year=2790&zoom=4 HTTP/1.1" 200 51500 "-" "Mozilla/5.0 (compatible; Googlebot/2.1; +http://www.google.com/bot.html)" 345 52189
127.0.0.1 - - [25/Dec/2015:19:57:08 -0500] "GET /opensso/namingservice HTTP/1.1" 200 7 "-" "Java/1.5.0_21" 220 183
127.0.0.1 - - [25/Dec/2015:19:57:12 -0500] "GET /opensso/namingservice HTTP/1.1" 200 7 "-" "Java/1.5.0_21" 220 183
127.0.0.1 - - [25/Dec/2015:19:57:38 -0500] "GET /opensso/namingservice HTTP/1.1" 200 7 "-" "Java/1.5.0_21" 220 183
127.0.0.1 - - [25/Dec/2015:19:57:42 -0500] "GET /opensso/namingservice HTTP/1.1" 200 7 "-" "Java/1.5.0_21" 220 183
127.0.0.1 - - [25/Dec/2015:19:58:08 -0500] "GET /opensso/namingservice HTTP/1.1" 200 7 "-" "Java/1.5.0_21" 220 183
127.0.0.1 - - [25/Dec/2015:19:58:12 -0500] "GET /opensso/namingservice HTTP/1.1" 200 7 "-" "Java/1.5.0_21" 220 183
127.0.0.1 - - [25/Dec/2015:19:58:38 -0500] "GET /opensso/namingservice HTTP/1.1" 200 7 "-" "Java/1.5.0_21" 220 183
127.0.0.1 - - [25/Dec/2015:19:58:42 -0500] "GET /opensso/namingservice HTTP/1.1" 200 7 "-" "Java/1.5.0_21" 220 183
127.0.0.1 - - [25/Dec/2015:19:59:08 -0500] "GET /opensso/namingservice HTTP/1.1" 200 7 "-" "Java/1.5.0_21" 220 183
127.0.0.1 - - [25/Dec/2015:19:59:12 -0500] "GET /opensso/namingservice HTTP/1.1" 200 7 "-" "Java/1.5.0_21" 220 183
127.0.0.1 - - [25/Dec/2015:19:59:38 -0500] "GET /opensso/namingservice HTTP/1.1" 200 7 "-" "Java/1.5.0_21" 220 183
127.0.0.1 - - [25/Dec/2015:19:59:42 -0500] "GET /opensso/namingservice HTTP/1.1" 200 7 "-" "Java/1.5.0_21" 220 183
127.0.0.1 - - [25/Dec/2015:20:00:08 -0500] "GET /opensso/namingservice HTTP/1.1" 200 7 "-" "Java/1.5.0_21" 220 183
127.0.0.1 - - [25/Dec/2015:20:00:12 -0500] "GET /opensso/namingservice HTTP/1.1" 200 7 "-" "Java/1.5.0_21" 220 183
137.78.207.218 - - [25/Dec/2015:20:00:35 -0500] "HEAD /LMMPUI/LMMP_CLIENT/LMMP.html HTTP/1.1" 200 - "-" "curl/7.38.0" 110 274
66.249.66.163 - - [25/Dec/2015:20:00:37 -0500] "GET /redmine/issues/gantt?month=8&months=6&year=2293&zoom=3 HTTP/1.1" 200 51430 "-" "Mozilla/5.0 (compatible; Googlebot/2.1; +http://www.google.com/bot.html)" 345 52119
127.0.0.1 - - [25/Dec/2015:20:00:38 -0500] "GET /opensso/namingservice HTTP/1.1" 200 7 "-" "Java/1.5.0_21" 220 183
127.0.0.1 - - [25/Dec/2015:20:00:42 -0500] "GET /opensso/namingservice HTTP/1.1" 200 7 "-" "Java/1.5.0_21" 220 183
127.0.0.1 - - [25/Dec/2015:20:01:08 -0500] "GET /opensso/namingservice HTTP/1.1" 200 7 "-" "Java/1.5.0_21" 220 183
127.0.0.1 - - [25/Dec/2015:20:01:12 -0500] "GET /opensso/namingservice HTTP/1.1" 200 7 "-" "Java/1.5.0_21" 220 183
