220.181.108.103 - - [08/Dec/2015:20:57:07 -0500] "GET / HTTP/1.1" 302 237 "-" "Mozilla/5.0 (Windows NT 5.1; rv:6.0.2) Gecko/20100101 Firefox/6.0.2" 179 506
127.0.0.1 - - [08/Dec/2015:20:57:12 -0500] "GET /opensso/namingservice HTTP/1.1" 200 7 "-" "Java/1.5.0_21" 220 183
127.0.0.1 - - [08/Dec/2015:20:57:13 -0500] "GET /opensso/namingservice HTTP/1.1" 200 7 "-" "Java/1.5.0_21" 220 183
127.0.0.1 - - [08/Dec/2015:20:57:42 -0500] "GET /opensso/namingservice HTTP/1.1" 200 7 "-" "Java/1.5.0_21" 220 183
127.0.0.1 - - [08/Dec/2015:20:57:43 -0500] "GET /opensso/namingservice HTTP/1.1" 200 7 "-" "Java/1.5.0_21" 220 183
66.249.79.241 - - [08/Dec/2015:20:58:02 -0500] "GET /redmine/issues/gantt?month=9&months=6&year=1466&zoom=2 HTTP/1.1" 200 30812 "-" "Mozilla/5.0 (compatible; Googlebot/2.1; +http://www.google.com/bot.html)" 345 31501
127.0.0.1 - - [08/Dec/2015:20:58:12 -0500] "GET /opensso/namingservice HTTP/1.1" 200 7 "-" "Java/1.5.0_21" 220 183
127.0.0.1 - - [08/Dec/2015:20:58:13 -0500] "GET /opensso/namingservice HTTP/1.1" 200 7 "-" "Java/1.5.0_21" 220 183
127.0.0.1 - - [08/Dec/2015:20:58:42 -0500] "GET /opensso/namingservice HTTP/1.1" 200 7 "-" "Java/1.5.0_21" 220 183
127.0.0.1 - - [08/Dec/2015:20:58:43 -0500] "GET /opensso/namingservice HTTP/1.1" 200 7 "-" "Java/1.5.0_21" 220 183
127.0.0.1 - - [08/Dec/2015:20:59:12 -0500] "GET /opensso/namingservice HTTP/1.1" 200 7 "-" "Java/1.5.0_21" 220 183
127.0.0.1 - - [08/Dec/2015:20:59:13 -0500] "GET /opensso/namingservice HTTP/1.1" 200 7 "-" "Java/1.5.0_21" 220 183
127.0.0.1 - - [08/Dec/2015:20:59:42 -0500] "GET /opensso/namingservice HTTP/1.1" 200 7 "-" "Java/1.5.0_21" 220 183
127.0.0.1 - - [08/Dec/2015:20:59:43 -0500] "GET /opensso/namingservice HTTP/1.1" 200 7 "-" "Java/1.5.0_21" 220 183
127.0.0.1 - - [08/Dec/2015:21:00:12 -0500] "GET /opensso/namingservice HTTP/1.1" 200 7 "-" "Java/1.5.0_21" 220 183
127.0.0.1 - - [08/Dec/2015:21:00:13 -0500] "GET /opensso/namingservice HTTP/1.1" 200 7 "-" "Java/1.5.0_21" 220 183
137.78.207.218 - - [08/Dec/2015:21:00:23 -0500] "HEAD /LMMPUI/LMMP_CLIENT/LMMP.html HTTP/1.1" 200 - "-" "curl/7.38.0" 110 274
220.181.108.112 - - [08/Dec/2015:21:00:33 -0500] "GET /LMMPUI/LMMP_CLIENT/LMMP.html HTTP/1.1" 200 9400 "-" "Mozilla/5.0 (Windows NT 5.1; rv:6.0.2) Gecko/20100101 Firefox/6.0.2" 207 9693
127.0.0.1 - - [08/Dec/2015:21:00:42 -0500] "GET /opensso/namingservice HTTP/1.1" 200 7 "-" "Java/1.5.0_21" 220 183
127.0.0.1 - - [08/Dec/2015:21:00:43 -0500] "GET /opensso/namingservice HTTP/1.1" 200 7 "-" "Java/1.5.0_21" 220 183
127.0.0.1 - - [08/Dec/2015:21:01:12 -0500] "GET /opensso/namingservice HTTP/1.1" 200 7 "-" "Java/1.5.0_21" 220 183
127.0.0.1 - - [08/Dec/2015:21:01:13 -0500] "GET /opensso/namingservice HTTP/1.1" 200 7 "-" "Java/1.5.0_21" 220 183
127.0.0.1 - - [08/Dec/2015:21:01:42 -0500] "GET /opensso/namingservice HTTP/1.1" 200 7 "-" "Java/1.5.0_21" 220 183
127.0.0.1 - - [08/Dec/2015:21:01:43 -0500] "GET /opensso/namingservice HTTP/1.1" 200 7 "-" "Java/1.5.0_21" 220 183
66.249.79.241 - - [08/Dec/2015:21:01:49 -0500] "GET /redmine/issues/gantt?month=2&months=6&year=2961&zoom=2 HTTP/1.1" 200 30884 "-" "Mozilla/5.0 (compatible; Googlebot/2.1; +http://www.google.com/bot.html)" 345 31573
127.0.0.1 - - [08/Dec/2015:21:02:12 -0500] "GET /opensso/namingservice HTTP/1.1" 200 7 "-" "Java/1.5.0_21" 220 183
127.0.0.1 - - [08/Dec/2015:21:02:13 -0500] "GET /opensso/namingservice HTTP/1.1" 200 7 "-" "Java/1.5.0_21" 220 183
127.0.0.1 - - [08/Dec/2015:21:02:42 -0500] "GET /opensso/namingservice HTTP/1.1" 200 7 "-" "Java/1.5.0_21" 220 183
127.0.0.1 - - [08/Dec/2015:21:02:43 -0500] "GET /opensso/namingservice HTTP/1.1" 200 7 "-" "Java/1.5.0_21" 220 183
127.0.0.1 - - [08/Dec/2015:21:03:12 -0500] "GET /opensso/namingservice HTTP/1.1" 200 7 "-" "Java/1.5.0_21" 220 183
127.0.0.1 - - [08/Dec/2015:21:03:13 -0500] "GET /opensso/namingservice HTTP/1.1" 200 7 "-" "Java/1.5.0_21" 220 183
127.0.0.1 - - [08/Dec/2015:21:03:42 -0500] "GET /opensso/namingservice HTTP/1.1" 200 7 "-" "Java/1.5.0_21" 220 183
127.0.0.1 - - [08/Dec/2015:21:03:43 -0500] "GET /opensso/namingservice HTTP/1.1" 200 7 "-" "Java/1.5.0_21" 220 183
127.0.0.1 - - [08/Dec/2015:21:04:12 -0500] "GET /opensso/namingservice HTTP/1.1" 200 7 "-" "Java/1.5.0_21" 220 183
127.0.0.1 - - [08/Dec/2015:21:04:13 -0500] "GET /opensso/namingservice HTTP/1.1" 200 7 "-" "Java/1.5.0_21" 220 183
127.0.0.1 - - [08/Dec/2015:21:04:42 -0500] "GET /opensso/namingservice HTTP/1.1" 200 7 "-" "Java/1.5.0_21" 220 183
127.0.0.1 - - [08/Dec/2015:21:04:43 -0500] "GET /opensso/namingservice HTTP/1.1" 200 7 "-" "Java/1.5.0_21" 220 183
188.143.232.41 - - [08/Dec/2015:21:04:58 -0500] "GET /LMMPUI/LMMP_CLIENT/LMMP.html HTTP/1.1" 200 9400 "-" "Mozilla/4.0 (compatible; MSIE 6.0; Windows NT 5.1; SV1)" 232 9693
127.0.0.1 - - [08/Dec/2015:21:05:12 -0500] "GET /opensso/namingservice HTTP/1.1" 200 7 "-" "Java/1.5.0_21" 220 183
127.0.0.1 - - [08/Dec/2015:21:05:13 -0500] "GET /opensso/namingservice HTTP/1.1" 200 7 "-" "Java/1.5.0_21" 220 183
137.78.207.218 - - [08/Dec/2015:21:05:23 -0500] "HEAD /LMMPUI/LMMP_CLIENT/LMMP.html HTTP/1.1" 200 - "-" "curl/7.38.0" 110 274
66.249.79.241 - - [08/Dec/2015:21:05:36 -0500] "GET /redmine/issues/gantt?month=3&months=6&year=1901&zoom=3 HTTP/1.1" 200 51428 "-" "Mozilla/5.0 (compatible; Googlebot/2.1; +http://www.google.com/bot.html)" 345 52117
127.0.0.1 - - [08/Dec/2015:21:05:42 -0500] "GET /opensso/namingservice HTTP/1.1" 200 7 "-" "Java/1.5.0_21" 220 183
127.0.0.1 - - [08/Dec/2015:21:05:43 -0500] "GET /opensso/namingservice HTTP/1.1" 200 7 "-" "Java/1.5.0_21" 220 183
127.0.0.1 - - [08/Dec/2015:21:06:12 -0500] "GET /opensso/namingservice HTTP/1.1" 200 7 "-" "Java/1.5.0_21" 220 183
127.0.0.1 - - [08/Dec/2015:21:06:13 -0500] "GET /opensso/namingservice HTTP/1.1" 200 7 "-" "Java/1.5.0_21" 220 183
127.0.0.1 - - [08/Dec/2015:21:06:42 -0500] "GET /opensso/namingservice HTTP/1.1" 200 7 "-" "Java/1.5.0_21" 220 183
127.0.0.1 - - [08/Dec/2015:21:06:43 -0500] "GET /opensso/namingservice HTTP/1.1" 200 7 "-" "Java/1.5.0_21" 220 183
127.0.0.1 - - [08/Dec/2015:21:07:12 -0500] "GET /opensso/namingservice HTTP/1.1" 200 7 "-" "Java/1.5.0_21" 220 183
127.0.0.1 - - [08/Dec/2015:21:07:13 -0500] "GET /opensso/namingservice HTTP/1.1" 200 7 "-" "Java/1.5.0_21" 220 183
127.0.0.1 - - [08/Dec/2015:21:07:42 -0500] "GET /opensso/namingservice HTTP/1.1" 200 7 "-" "Java/1.5.0_21" 220 183
127.0.0.1 - - [08/Dec/2015:21:07:43 -0500] "GET /opensso/namingservice HTTP/1.1" 200 7 "-" "Java/1.5.0_21" 220 183
217.69.133.169 - - [08/Dec/2015:21:07:51 -0500] "GET / HTTP/1.1" 302 237 "-" "Mozilla/5.0 (X11; Linux x86_64; rv:18.0) Gecko/20100101 Firefox/18.0" 169 487
217.69.133.169 - - [08/Dec/2015:21:07:51 -0500] "GET /LMMPUI/LMMP_CLIENT/LMMP.html HTTP/1.1" 200 9400 "-" "Mozilla/5.0 (X11; Linux x86_64; rv:18.0) Gecko/20100101 Firefox/18.0" 197 9674
217.69.133.169 - - [08/Dec/2015:21:07:51 -0500] "GET /favicon.ico HTTP/1.1" 404 209 "-" "Mozilla/5.0 (X11; Linux x86_64; rv:18.0) Gecko/20100101 Firefox/18.0" 180 398
127.0.0.1 - - [08/Dec/2015:21:08:12 -0500] "GET /opensso/namingservice HTTP/1.1" 200 7 "-" "Java/1.5.0_21" 220 183
127.0.0.1 - - [08/Dec/2015:21:08:13 -0500] "GET /opensso/namingservice HTTP/1.1" 200 7 "-" "Java/1.5.0_21" 220 183
127.0.0.1 - - [08/Dec/2015:21:08:42 -0500] "GET /opensso/namingservice HTTP/1.1" 200 7 "-" "Java/1.5.0_21" 220 183
127.0.0.1 - - [08/Dec/2015:21:08:43 -0500] "GET /opensso/namingservice HTTP/1.1" 200 7 "-" "Java/1.5.0_21" 220 183
127.0.0.1 - - [08/Dec/2015:21:09:12 -0500] "GET /opensso/namingservice HTTP/1.1" 200 7 "-" "Java/1.5.0_21" 220 183
127.0.0.1 - - [08/Dec/2015:21:09:13 -0500] "GET /opensso/namingservice HTTP/1.1" 200 7 "-" "Java/1.5.0_21" 220 183
66.249.79.241 - - [08/Dec/2015:21:09:23 -0500] "GET /redmine/issues/gantt?month=6&months=6&year=1466&zoom=3 HTTP/1.1" 200 51338 "-" "Mozilla/5.0 (compatible; Googlebot/2.1; +http://www.google.com/bot.html)" 345 52027
127.0.0.1 - - [08/Dec/2015:21:09:42 -0500] "GET /opensso/namingservice HTTP/1.1" 200 7 "-" "Java/1.5.0_21" 220 183
127.0.0.1 - - [08/Dec/2015:21:09:43 -0500] "GET /opensso/namingservice HTTP/1.1" 200 7 "-" "Java/1.5.0_21" 220 183
127.0.0.1 - - [08/Dec/2015:21:10:12 -0500] "GET /opensso/namingservice HTTP/1.1" 200 7 "-" "Java/1.5.0_21" 220 183
127.0.0.1 - - [08/Dec/2015:21:10:13 -0500] "GET /opensso/namingservice HTTP/1.1" 200 7 "-" "Java/1.5.0_21" 220 183
137.78.207.218 - - [08/Dec/2015:21:10:23 -0500] "HEAD /LMMPUI/LMMP_CLIENT/LMMP.html HTTP/1.1" 200 - "-" "curl/7.38.0" 110 274
127.0.0.1 - - [08/Dec/2015:21:10:42 -0500] "GET /opensso/namingservice HTTP/1.1" 200 7 "-" "Java/1.5.0_21" 220 183
127.0.0.1 - - [08/Dec/2015:21:10:43 -0500] "GET /opensso/namingservice HTTP/1.1" 200 7 "-" "Java/1.5.0_21" 220 183
127.0.0.1 - - [08/Dec/2015:21:11:12 -0500] "GET /opensso/namingservice HTTP/1.1" 200 7 "-" "Java/1.5.0_21" 220 183
127.0.0.1 - - [08/Dec/2015:21:11:13 -0500] "GET /opensso/namingservice HTTP/1.1" 200 7 "-" "Java/1.5.0_21" 220 183
127.0.0.1 - - [08/Dec/2015:21:11:42 -0500] "GET /opensso/namingservice HTTP/1.1" 200 7 "-" "Java/1.5.0_21" 220 183
127.0.0.1 - - [08/Dec/2015:21:11:43 -0500] "GET /opensso/namingservice HTTP/1.1" 200 7 "-" "Java/1.5.0_21" 220 183
127.0.0.1 - - [08/Dec/2015:21:12:12 -0500] "GET /opensso/namingservice HTTP/1.1" 200 7 "-" "Java/1.5.0_21" 220 183
127.0.0.1 - - [08/Dec/2015:21:12:13 -0500] "GET /opensso/namingservice HTTP/1.1" 200 7 "-" "Java/1.5.0_21" 220 183
127.0.0.1 - - [08/Dec/2015:21:12:42 -0500] "GET /opensso/namingservice HTTP/1.1" 200 7 "-" "Java/1.5.0_21" 220 183
127.0.0.1 - - [08/Dec/2015:21:12:43 -0500] "GET /opensso/namingservice HTTP/1.1" 200 7 "-" "Java/1.5.0_21" 220 183
66.249.79.241 - - [08/Dec/2015:21:13:10 -0500] "GET /redmine/issues/gantt?month=11&months=6&year=2357&zoom=4 HTTP/1.1" 200 51039 "-" "Mozilla/5.0 (compatible; Googlebot/2.1; +http://www.google.com/bot.html)" 346 51728
127.0.0.1 - - [08/Dec/2015:21:13:12 -0500] "GET /opensso/namingservice HTTP/1.1" 200 7 "-" "Java/1.5.0_21" 220 183
127.0.0.1 - - [08/Dec/2015:21:13:13 -0500] "GET /opensso/namingservice HTTP/1.1" 200 7 "-" "Java/1.5.0_21" 220 183
127.0.0.1 - - [08/Dec/2015:21:13:42 -0500] "GET /opensso/namingservice HTTP/1.1" 200 7 "-" "Java/1.5.0_21" 220 183
127.0.0.1 - - [08/Dec/2015:21:13:43 -0500] "GET /opensso/namingservice HTTP/1.1" 200 7 "-" "Java/1.5.0_21" 220 183
127.0.0.1 - - [08/Dec/2015:21:14:12 -0500] "GET /opensso/namingservice HTTP/1.1" 200 7 "-" "Java/1.5.0_21" 220 183
127.0.0.1 - - [08/Dec/2015:21:14:13 -0500] "GET /opensso/namingservice HTTP/1.1" 200 7 "-" "Java/1.5.0_21" 220 183
127.0.0.1 - - [08/Dec/2015:21:14:42 -0500] "GET /opensso/namingservice HTTP/1.1" 200 7 "-" "Java/1.5.0_21" 220 183
127.0.0.1 - - [08/Dec/2015:21:14:43 -0500] "GET /opensso/namingservice HTTP/1.1" 200 7 "-" "Java/1.5.0_21" 220 183
127.0.0.1 - - [08/Dec/2015:21:15:12 -0500] "GET /opensso/namingservice HTTP/1.1" 200 7 "-" "Java/1.5.0_21" 220 183
127.0.0.1 - - [08/Dec/2015:21:15:13 -0500] "GET /opensso/namingservice HTTP/1.1" 200 7 "-" "Java/1.5.0_21" 220 183
137.78.207.218 - - [08/Dec/2015:21:15:23 -0500] "HEAD /LMMPUI/LMMP_CLIENT/LMMP.html HTTP/1.1" 200 - "-" "curl/7.38.0" 110 274
127.0.0.1 - - [08/Dec/2015:21:15:42 -0500] "GET /opensso/namingservice HTTP/1.1" 200 7 "-" "Java/1.5.0_21" 220 183
127.0.0.1 - - [08/Dec/2015:21:15:43 -0500] "GET /opensso/namingservice HTTP/1.1" 200 7 "-" "Java/1.5.0_21" 220 183
127.0.0.1 - - [08/Dec/2015:21:16:12 -0500] "GET /opensso/namingservice HTTP/1.1" 200 7 "-" "Java/1.5.0_21" 220 183
127.0.0.1 - - [08/Dec/2015:21:16:13 -0500] "POST /opensso/sessionservice HTTP/1.1" 200 2025 "-" "Java/1.5.0_21" 714 2203
127.0.0.1 - - [08/Dec/2015:21:16:13 -0500] "GET /opensso/identity//xml/read?name=TomcatApps3&attributes_names=realm&attributes_values_realm=%2Fappspub&attributes_names=objecttype&attributes_values_objecttype=Agent&admin=AQIC5wM2LY4Sfcwfuin4GF3PcpsYz2%2Bb0KEYXSwMUvZPjqA%3D%40AAJTSQACMDE%3D%23 HTTP/1.1" 200 13732 "-" "Java/1.5.0_21" 442 13916
127.0.0.1 - - [08/Dec/2015:21:16:13 -0500] "GET /opensso/namingservice HTTP/1.1" 200 7 "-" "Java/1.5.0_21" 220 182
127.0.0.1 - - [08/Dec/2015:21:16:42 -0500] "GET /opensso/namingservice HTTP/1.1" 200 7 "-" "Java/1.5.0_21" 220 183
127.0.0.1 - - [08/Dec/2015:21:16:43 -0500] "GET /opensso/namingservice HTTP/1.1" 200 7 "-" "Java/1.5.0_21" 220 183
66.249.79.248 - - [08/Dec/2015:21:16:57 -0500] "GET /redmine/issues/gantt?month=12&months=6&year=2960&zoom=1 HTTP/1.1" 200 27577 "-" "Mozilla/5.0 (compatible; Googlebot/2.1; +http://www.google.com/bot.html)" 346 28266
127.0.0.1 - - [08/Dec/2015:21:17:12 -0500] "GET /opensso/namingservice HTTP/1.1" 200 7 "-" "Java/1.5.0_21" 220 183
127.0.0.1 - - [08/Dec/2015:21:17:13 -0500] "GET /opensso/namingservice HTTP/1.1" 200 7 "-" "Java/1.5.0_21" 220 183
127.0.0.1 - - [08/Dec/2015:21:17:42 -0500] "GET /opensso/namingservice HTTP/1.1" 200 7 "-" "Java/1.5.0_21" 220 183
127.0.0.1 - - [08/Dec/2015:21:17:43 -0500] "GET /opensso/namingservice HTTP/1.1" 200 7 "-" "Java/1.5.0_21" 220 183
24.32.241.76 - - [08/Dec/2015:21:18:01 -0500] "GET /lmmpmobile/config-1.0.json HTTP/1.1" 200 1338 "-" "Moon%20Tours/1.0.0 CFNetwork/711.5.6 Darwin/14.0.0" 217 1666
24.32.241.76 - - [08/Dec/2015:21:18:01 -0500] "GET /opensso/identity/isTokenValid HTTP/1.1" 200 14 "-" "Moon%20Tours/1.0.0 CFNetwork/711.5.6 Darwin/14.0.0" 229 172
24.32.241.76 - - [08/Dec/2015:21:18:01 -0500] "GET /opensso/UI/Login?module=Anonymous&org=appspub&goto=http%3A%2F%2Fpub.lmmp.nasa.gov%2Flmmpmobile%2Frefresh HTTP/1.1" 302 - "-" "Moon%20Tours/1.0.0 CFNetwork/711.5.6 Darwin/14.0.0" 304 936
24.32.241.76 - - [08/Dec/2015:21:18:01 -0500] "GET /lmmpmobile/refresh?iPlanetDirectoryPro=AQIC5wM2LY4Sfcwe3uslSAromDm%2Bb%2BvrtZINwrOS51FO0%2F4%3D%40AAJTSQACMDE%3D%23 HTTP/1.1" 200 - "-" "Moon%20Tours/1.0.0 CFNetwork/711.5.6 Darwin/14.0.0" 424 316
127.0.0.1 - - [08/Dec/2015:21:18:09 -0500] "POST /opensso/sessionservice HTTP/1.1" 200 2342 "-" "Java/1.5.0_21" 819 2520
127.0.0.1 - - [08/Dec/2015:21:18:09 -0500] "POST /opensso/sessionservice HTTP/1.1" 200 273 "-" "Java/1.5.0_21" 885 450
127.0.0.1 - - [08/Dec/2015:21:18:09 -0500] "POST /opensso/sessionservice HTTP/1.1" 200 2340 "-" "Java/1.5.0_21" 819 2517
127.0.0.1 - - [08/Dec/2015:21:18:09 -0500] "POST /opensso/policyservice HTTP/1.1" 200 9465 "-" "Java/1.5.0_21" 1119 9650
127.0.0.1 - - [08/Dec/2015:21:18:09 -0500] "POST /opensso/jaxrpc/SMSObjectIF HTTP/1.1" 200 505 "-" "Java/1.5.0_21" 847 766
127.0.0.1 - - [08/Dec/2015:21:18:09 -0500] "POST /opensso/jaxrpc/DirectoryManagerIF HTTP/1.1" 200 1290 "-" "Java/1.5.0_21" 1366 1551
180.76.15.15 - - [08/Dec/2015:21:18:09 -0500] "GET / HTTP/1.1" 302 237 "-" "Mozilla/5.0 (compatible; Baiduspider/2.0; +http://www.baidu.com/search/spider.html)" 183 506
127.0.0.1 - - [08/Dec/2015:21:18:12 -0500] "GET /opensso/namingservice HTTP/1.1" 200 7 "-" "Java/1.5.0_21" 220 183
127.0.0.1 - - [08/Dec/2015:21:18:13 -0500] "GET /opensso/namingservice HTTP/1.1" 200 7 "-" "Java/1.5.0_21" 220 182
24.32.241.76 - - [08/Dec/2015:21:18:09 -0500] "GET /LMMP/rest/dbxml/fgdc/abstract?label=LRO_WAC_Mosaic_Global_303ppd HTTP/1.1" 200 291 "-" "Moon%20Tours/1.0.0 CFNetwork/711.5.6 Darwin/14.0.0" 727 4649
24.32.241.76 - - [08/Dec/2015:21:18:02 -0500] "GET /arcgis/rest/services/CombinedNomenclature/MapServer?f=json HTTP/1.1" 200 810 "arcgisios" "ArcGISiOS-2.3.2/8.4.1/iPad4,1" 366 1105
24.32.241.76 - - [08/Dec/2015:21:18:02 -0500] "GET /arcgis/rest/services/ERGraticule/MapServer?f=json HTTP/1.1" 200 701 "arcgisios" "ArcGISiOS-2.3.2/8.4.1/iPad4,1" 357 996
127.0.0.1 - - [08/Dec/2015:21:18:42 -0500] "GET /opensso/namingservice HTTP/1.1" 200 7 "-" "Java/1.5.0_21" 220 183
127.0.0.1 - - [08/Dec/2015:21:18:43 -0500] "GET /opensso/namingservice HTTP/1.1" 200 7 "-" "Java/1.5.0_21" 220 183
127.0.0.1 - - [08/Dec/2015:21:19:12 -0500] "GET /opensso/namingservice HTTP/1.1" 200 7 "-" "Java/1.5.0_21" 220 183
180.76.15.26 - - [08/Dec/2015:21:19:12 -0500] "GET / HTTP/1.1" 302 237 "-" "Mozilla/5.0 (compatible; Baiduspider/2.0; +http://www.baidu.com/search/spider.html)" 183 506
127.0.0.1 - - [08/Dec/2015:21:19:13 -0500] "GET /opensso/namingservice HTTP/1.1" 200 7 "-" "Java/1.5.0_21" 220 183
24.32.241.76 - - [08/Dec/2015:21:19:38 -0500] "GET /opensso/identity/isTokenValid HTTP/1.1" 200 13 "-" "Moon%20Tours/1.0.0 CFNetwork/711.5.6 Darwin/14.0.0" 338 171
127.0.0.1 - - [08/Dec/2015:21:19:42 -0500] "GET /opensso/namingservice HTTP/1.1" 200 7 "-" "Java/1.5.0_21" 220 183
127.0.0.1 - - [08/Dec/2015:21:19:43 -0500] "GET /opensso/namingservice HTTP/1.1" 200 7 "-" "Java/1.5.0_21" 220 183
40.77.167.93 - - [08/Dec/2015:21:20:07 -0500] "GET /robots.txt HTTP/1.1" 404 208 "-" "Mozilla/5.0 (compatible; bingbot/2.0; +http://www.bing.com/bingbot.htm)" 269 453
127.0.0.1 - - [08/Dec/2015:21:20:12 -0500] "GET /opensso/namingservice HTTP/1.1" 200 7 "-" "Java/1.5.0_21" 220 183
127.0.0.1 - - [08/Dec/2015:21:20:13 -0500] "GET /opensso/namingservice HTTP/1.1" 200 7 "-" "Java/1.5.0_21" 220 183
137.78.207.218 - - [08/Dec/2015:21:20:23 -0500] "HEAD /LMMPUI/LMMP_CLIENT/LMMP.html HTTP/1.1" 200 - "-" "curl/7.38.0" 110 274
127.0.0.1 - - [08/Dec/2015:21:20:42 -0500] "GET /opensso/namingservice HTTP/1.1" 200 7 "-" "Java/1.5.0_21" 220 183
127.0.0.1 - - [08/Dec/2015:21:20:43 -0500] "GET /opensso/namingservice HTTP/1.1" 200 7 "-" "Java/1.5.0_21" 220 183
66.249.79.135 - - [08/Dec/2015:21:20:44 -0500] "GET /redmine/issues/gantt?month=7&months=6&year=1891&zoom=1 HTTP/1.1" 200 27583 "-" "Mozilla/5.0 (compatible; Googlebot/2.1; +http://www.google.com/bot.html)" 345 28272
127.0.0.1 - - [08/Dec/2015:21:21:12 -0500] "GET /opensso/namingservice HTTP/1.1" 200 7 "-" "Java/1.5.0_21" 220 183
127.0.0.1 - - [08/Dec/2015:21:21:13 -0500] "GET /opensso/namingservice HTTP/1.1" 200 7 "-" "Java/1.5.0_21" 220 183
127.0.0.1 - - [08/Dec/2015:21:21:42 -0500] "GET /opensso/namingservice HTTP/1.1" 200 7 "-" "Java/1.5.0_21" 220 183
127.0.0.1 - - [08/Dec/2015:21:21:43 -0500] "GET /opensso/namingservice HTTP/1.1" 200 7 "-" "Java/1.5.0_21" 220 183
127.0.0.1 - - [08/Dec/2015:21:22:12 -0500] "GET /opensso/namingservice HTTP/1.1" 200 7 "-" "Java/1.5.0_21" 220 183
127.0.0.1 - - [08/Dec/2015:21:22:13 -0500] "GET /opensso/namingservice HTTP/1.1" 200 7 "-" "Java/1.5.0_21" 220 183
127.0.0.1 - - [08/Dec/2015:21:22:42 -0500] "GET /opensso/namingservice HTTP/1.1" 200 7 "-" "Java/1.5.0_21" 220 183
127.0.0.1 - - [08/Dec/2015:21:22:43 -0500] "GET /opensso/namingservice HTTP/1.1" 200 7 "-" "Java/1.5.0_21" 220 183
40.77.167.93 - - [08/Dec/2015:21:22:47 -0500] "GET / HTTP/1.1" 302 237 "-" "Mozilla/5.0 (iPhone; CPU iPhone OS 7_0 like Mac OS X) AppleWebKit/537.51.1 (KHTML, like Gecko) Version/7.0 Mobile/11A465 Safari/9537.53 (compatible; bingbot/2.0;  http://www.bing.com/bingbot.htm)" 396 543
40.77.167.93 - - [08/Dec/2015:21:22:48 -0500] "GET /LMMPUI/LMMP_CLIENT/LMMP.html HTTP/1.1" 200 9400 "-" "Mozilla/5.0 (iPhone; CPU iPhone OS 7_0 like Mac OS X) AppleWebKit/537.51.1 (KHTML, like Gecko) Version/7.0 Mobile/11A465 Safari/9537.53 (compatible; bingbot/2.0;  http://www.bing.com/bingbot.htm)" 424 9730
127.0.0.1 - - [08/Dec/2015:21:23:12 -0500] "GET /opensso/namingservice HTTP/1.1" 200 7 "-" "Java/1.5.0_21" 220 183
127.0.0.1 - - [08/Dec/2015:21:23:13 -0500] "GET /opensso/namingservice HTTP/1.1" 200 7 "-" "Java/1.5.0_21" 220 183
127.0.0.1 - - [08/Dec/2015:21:23:42 -0500] "GET /opensso/namingservice HTTP/1.1" 200 7 "-" "Java/1.5.0_21" 220 183
127.0.0.1 - - [08/Dec/2015:21:23:43 -0500] "GET /opensso/namingservice HTTP/1.1" 200 7 "-" "Java/1.5.0_21" 220 183
127.0.0.1 - - [08/Dec/2015:21:24:12 -0500] "GET /opensso/namingservice HTTP/1.1" 200 7 "-" "Java/1.5.0_21" 220 183
127.0.0.1 - - [08/Dec/2015:21:24:13 -0500] "GET /opensso/namingservice HTTP/1.1" 200 7 "-" "Java/1.5.0_21" 220 183
66.249.79.135 - - [08/Dec/2015:21:24:31 -0500] "GET /redmine/issues/gantt?month=1&months=6&year=1623&zoom=2 HTTP/1.1" 200 30882 "-" "Mozilla/5.0 (compatible; Googlebot/2.1; +http://www.google.com/bot.html)" 345 31571
127.0.0.1 - - [08/Dec/2015:21:24:42 -0500] "POST /opensso/sessionservice HTTP/1.1" 200 2025 "-" "Java/1.5.0_21" 714 2203
127.0.0.1 - - [08/Dec/2015:21:24:42 -0500] "GET /opensso/identity//xml/read?name=TomcatApps1&attributes_names=realm&attributes_values_realm=%2Fappspub&attributes_names=objecttype&attributes_values_objecttype=Agent&admin=AQIC5wM2LY4SfcyRautyD4RKpwbzv6XrE24fIq8LDPQGnm0%3D%40AAJTSQACMDE%3D%23 HTTP/1.1" 200 13607 "-" "Java/1.5.0_21" 440 13791
127.0.0.1 - - [08/Dec/2015:21:24:42 -0500] "GET /opensso/namingservice HTTP/1.1" 200 7 "-" "Java/1.5.0_21" 220 182
127.0.0.1 - - [08/Dec/2015:21:24:43 -0500] "GET /opensso/namingservice HTTP/1.1" 200 7 "-" "Java/1.5.0_21" 220 183
127.0.0.1 - - [08/Dec/2015:21:25:12 -0500] "GET /opensso/namingservice HTTP/1.1" 200 7 "-" "Java/1.5.0_21" 220 183
127.0.0.1 - - [08/Dec/2015:21:25:13 -0500] "GET /opensso/namingservice HTTP/1.1" 200 7 "-" "Java/1.5.0_21" 220 183
137.78.207.218 - - [08/Dec/2015:21:25:23 -0500] "HEAD /LMMPUI/LMMP_CLIENT/LMMP.html HTTP/1.1" 200 - "-" "curl/7.38.0" 110 274
127.0.0.1 - - [08/Dec/2015:21:25:42 -0500] "GET /opensso/namingservice HTTP/1.1" 200 7 "-" "Java/1.5.0_21" 220 183
127.0.0.1 - - [08/Dec/2015:21:25:43 -0500] "GET /opensso/namingservice HTTP/1.1" 200 7 "-" "Java/1.5.0_21" 220 183
127.0.0.1 - - [08/Dec/2015:21:26:12 -0500] "GET /opensso/namingservice HTTP/1.1" 200 7 "-" "Java/1.5.0_21" 220 183
127.0.0.1 - - [08/Dec/2015:21:26:13 -0500] "GET /opensso/namingservice HTTP/1.1" 200 7 "-" "Java/1.5.0_21" 220 183
127.0.0.1 - - [08/Dec/2015:21:26:42 -0500] "GET /opensso/namingservice HTTP/1.1" 200 7 "-" "Java/1.5.0_21" 220 183
127.0.0.1 - - [08/Dec/2015:21:26:43 -0500] "GET /opensso/namingservice HTTP/1.1" 200 7 "-" "Java/1.5.0_21" 220 183
127.0.0.1 - - [08/Dec/2015:21:27:12 -0500] "GET /opensso/namingservice HTTP/1.1" 200 7 "-" "Java/1.5.0_21" 220 183
127.0.0.1 - - [08/Dec/2015:21:27:13 -0500] "GET /opensso/namingservice HTTP/1.1" 200 7 "-" "Java/1.5.0_21" 220 183
127.0.0.1 - - [08/Dec/2015:21:27:42 -0500] "GET /opensso/namingservice HTTP/1.1" 200 7 "-" "Java/1.5.0_21" 220 183
127.0.0.1 - - [08/Dec/2015:21:27:43 -0500] "GET /opensso/namingservice HTTP/1.1" 200 7 "-" "Java/1.5.0_21" 220 183
2.64.247.144 - - [08/Dec/2015:21:27:48 -0500] "GET /opensso/identity/isTokenValid HTTP/1.1" 200 14 "-" "Moon%20Tours/1.0.0 CFNetwork/711.5.6 Darwin/14.0.0" 229 172
2.64.247.144 - - [08/Dec/2015:21:27:48 -0500] "GET /lmmpmobile/config-1.0.json HTTP/1.1" 200 1338 "-" "Moon%20Tours/1.0.0 CFNetwork/711.5.6 Darwin/14.0.0" 217 1666
2.64.247.144 - - [08/Dec/2015:21:27:48 -0500] "GET /opensso/UI/Login?module=Anonymous&org=appspub&goto=http%3A%2F%2Fpub.lmmp.nasa.gov%2Flmmpmobile%2Frefresh HTTP/1.1" 302 - "-" "Moon%20Tours/1.0.0 CFNetwork/711.5.6 Darwin/14.0.0" 304 930
2.64.247.144 - - [08/Dec/2015:21:27:49 -0500] "GET /lmmpmobile/refresh?iPlanetDirectoryPro=AQIC5wM2LY4SfcxWfsjRoMTUBzOj6kongmCJNHUQrCxOsms%3D%40AAJTSQACMDE%3D%23 HTTP/1.1" 200 - "-" "Moon%20Tours/1.0.0 CFNetwork/711.5.6 Darwin/14.0.0" 418 316
2.64.247.144 - - [08/Dec/2015:21:27:49 -0500] "GET /opensso/identity/isTokenValid HTTP/1.1" 200 13 "-" "Moon%20Tours/1.0.0 CFNetwork/711.5.6 Darwin/14.0.0" 338 170
2.64.247.144 - - [08/Dec/2015:21:27:52 -0500] "GET /arcgis/rest/services/ERGraticule/MapServer?f=json HTTP/1.1" 200 701 "arcgisios" "ArcGISiOS-2.3.2/8.4.1/iPhone4,1" 359 997
2.64.247.144 - - [08/Dec/2015:21:27:52 -0500] "GET /arcgis/rest/services/CombinedNomenclature/MapServer?f=json HTTP/1.1" 200 810 "arcgisios" "ArcGISiOS-2.3.2/8.4.1/iPhone4,1" 368 1106
127.0.0.1 - - [08/Dec/2015:21:28:12 -0500] "GET /opensso/namingservice HTTP/1.1" 200 7 "-" "Java/1.5.0_21" 220 183
127.0.0.1 - - [08/Dec/2015:21:28:13 -0500] "GET /opensso/namingservice HTTP/1.1" 200 7 "-" "Java/1.5.0_21" 220 183
66.249.74.87 - - [08/Dec/2015:21:28:19 -0500] "GET /redmine/issues/gantt?month=3&months=6&year=1578&zoom=1 HTTP/1.1" 200 27562 "-" "Mozilla/5.0 (compatible; Googlebot/2.1; +http://www.google.com/bot.html)" 659 32415
127.0.0.1 - - [08/Dec/2015:21:28:42 -0500] "GET /opensso/namingservice HTTP/1.1" 200 7 "-" "Java/1.5.0_21" 220 183
127.0.0.1 - - [08/Dec/2015:21:28:43 -0500] "GET /opensso/namingservice HTTP/1.1" 200 7 "-" "Java/1.5.0_21" 220 183
127.0.0.1 - - [08/Dec/2015:21:29:12 -0500] "GET /opensso/namingservice HTTP/1.1" 200 7 "-" "Java/1.5.0_21" 220 183
127.0.0.1 - - [08/Dec/2015:21:29:13 -0500] "GET /opensso/namingservice HTTP/1.1" 200 7 "-" "Java/1.5.0_21" 220 183
47.60.47.191 - - [08/Dec/2015:21:29:22 -0500] "GET /arcgis/rest/services/CombinedNomenclature/MapServer?f=json HTTP/1.1" 200 1288 "-" "ArcGIS.Android-10.2.3/4.4.4/SONY-D6603" 203 1562
47.60.47.191 - - [08/Dec/2015:21:29:24 -0500] "GET /arcgis/rest/services/CombinedNomenclature/MapServer/export?f=image&bbox=-62.42774566473988%2C-90.0%2C62.60970526464423%2C90.11900459158491&bboxSR=104903&size=538%2C775&format=png&transparent=true&dpi=213&imageSR=104903&layers=hide%3A-1 HTTP/1.1" 200 331 "-" "ArcGIS.Android-10.2.3/4.4.4/SONY-D6603" 380 617
47.60.47.191 - - [08/Dec/2015:21:29:30 -0500] "GET /arcgis/rest/services/CombinedNomenclature/MapServer/export?f=image&bbox=-242.4277456647399%2C-74.2572655761616%2C-117.39029473535578%2C105.86173901542331&bboxSR=104903&size=538%2C775&format=png&transparent=true&dpi=213&imageSR=104903&layers=hide%3A-1 HTTP/1.1" 200 331 "-" "ArcGIS.Android-10.2.3/4.4.4/SONY-D6603" 395 619
47.60.47.191 - - [08/Dec/2015:21:29:32 -0500] "GET /arcgis/rest/services/CombinedNomenclature/MapServer/export?f=image&bbox=-130.98676555339176%2C-107.69132397916857%2C-5.9493146240076555%2C72.42768061241634&bboxSR=104903&size=538%2C775&format=png&transparent=true&dpi=213&imageSR=104903&layers=hide%3A-1 HTTP/1.1" 200 331 "-" "ArcGIS.Android-10.2.3/4.4.4/SONY-D6603" 397 618
47.60.47.191 - - [08/Dec/2015:21:29:35 -0500] "GET /arcgis/rest/services/CombinedNomenclature/MapServer/export?f=image&bbox=-84.45928981617755%2C-39.6760453057756%2C-60.8560823487863%2C-5.675142355537282&bboxSR=104903&size=538%2C775&format=png&transparent=true&dpi=213&imageSR=104903&layers=hide%3A-1 HTTP/1.1" 200 4635 "-" "ArcGIS.Android-10.2.3/4.4.4/SONY-D6603" 393 4922
47.60.47.191 - - [08/Dec/2015:21:29:38 -0500] "GET /arcgis/rest/services/CombinedNomenclature/MapServer/export?f=image&bbox=-71.38081896617459%2C-27.375166836011623%2C-65.79365435666826%2C-19.326741980310125&bboxSR=104903&size=538%2C775&format=png&transparent=true&dpi=213&imageSR=104903&layers=hide%3A-1 HTTP/1.1" 200 5171 "-" "ArcGIS.Android-10.2.3/4.4.4/SONY-D6603" 397 5459
47.60.47.191 - - [08/Dec/2015:21:29:40 -0500] "GET /arcgis/rest/services/CombinedNomenclature/MapServer/export?f=image&bbox=-67.98281655924004%2C-24.495385629544202%2C-66.58163122457437%2C-22.476949506187513&bboxSR=104903&size=538%2C775&format=png&transparent=true&dpi=213&imageSR=104903&layers=hide%3A-1 HTTP/1.1" 200 2979 "-" "ArcGIS.Android-10.2.3/4.4.4/SONY-D6603" 397 3267
127.0.0.1 - - [08/Dec/2015:21:29:42 -0500] "GET /opensso/namingservice HTTP/1.1" 200 7 "-" "Java/1.5.0_21" 220 183
127.0.0.1 - - [08/Dec/2015:21:29:43 -0500] "GET /opensso/namingservice HTTP/1.1" 200 7 "-" "Java/1.5.0_21" 220 183
47.60.47.191 - - [08/Dec/2015:21:29:43 -0500] "GET /arcgis/rest/services/CombinedNomenclature/MapServer/export?f=image&bbox=-70.22697775316432%2C-24.43074151127237%2C-68.82579241849865%2C-22.41230538791568&bboxSR=104903&size=538%2C775&format=png&transparent=true&dpi=213&imageSR=104903&layers=hide%3A-1 HTTP/1.1" 200 3457 "-" "ArcGIS.Android-10.2.3/4.4.4/SONY-D6603" 395 3745
47.60.47.191 - - [08/Dec/2015:21:29:44 -0500] "GET /arcgis/rest/services/CombinedNomenclature/MapServer/export?f=image&bbox=-70.60350437087607%2C-24.55093652223416%2C-69.2023190362104%2C-22.53250039887747&bboxSR=104903&size=538%2C775&format=png&transparent=true&dpi=213&imageSR=104903&layers=hide%3A-1 HTTP/1.1" 200 3560 "-" "ArcGIS.Android-10.2.3/4.4.4/SONY-D6603" 394 3849
47.60.47.191 - - [08/Dec/2015:21:29:45 -0500] "GET /arcgis/rest/services/CombinedNomenclature/MapServer/export?f=image&bbox=-70.90634356076772%2C-25.14425106079153%2C-69.50515822610205%2C-23.12581493743484&bboxSR=104903&size=538%2C775&format=png&transparent=true&dpi=213&imageSR=104903&layers=hide%3A-1 HTTP/1.1" 200 2699 "-" "ArcGIS.Android-10.2.3/4.4.4/SONY-D6603" 395 2987
47.60.47.191 - - [08/Dec/2015:21:29:48 -0500] "GET /arcgis/rest/services/CombinedNomenclature/MapServer/export?f=image&bbox=-72.88015044028731%2C-25.000827159954948%2C-71.47896510562164%2C-22.98239103659826&bboxSR=104903&size=538%2C775&format=png&transparent=true&dpi=213&imageSR=104903&layers=hide%3A-1 HTTP/1.1" 200 331 "-" "ArcGIS.Android-10.2.3/4.4.4/SONY-D6603" 396 619
47.60.47.191 - - [08/Dec/2015:21:29:49 -0500] "GET /arcgis/rest/services/CombinedNomenclature/MapServer/export?f=image&bbox=-73.41466778254184%2C-24.194684039969367%2C-72.01348244787617%2C-22.176247916612677&bboxSR=104903&size=538%2C775&format=png&transparent=true&dpi=213&imageSR=104903&layers=hide%3A-1 HTTP/1.1" 200 331 "-" "ArcGIS.Android-10.2.3/4.4.4/SONY-D6603" 397 618
47.60.47.191 - - [08/Dec/2015:21:29:50 -0500] "GET /arcgis/rest/services/CombinedNomenclature/MapServer/export?f=image&bbox=-76.3547460643806%2C-27.614593879677006%2C-70.4033924472091%2C-19.041547312190175&bboxSR=104903&size=538%2C775&format=png&transparent=true&dpi=213&imageSR=104903&layers=hide%3A-1 HTTP/1.1" 200 4114 "-" "ArcGIS.Android-10.2.3/4.4.4/SONY-D6603" 395 4402
47.60.47.191 - - [08/Dec/2015:21:29:52 -0500] "GET /arcgis/rest/services/CombinedNomenclature/MapServer/export?f=image&bbox=-82.56393853257534%2C-34.30795048378597%2C-67.36195808679187%2C-12.40918683047336&bboxSR=104903&size=538%2C775&format=png&transparent=true&dpi=213&imageSR=104903&layers=hide%3A-1 HTTP/1.1" 200 4845 "-" "ArcGIS.Android-10.2.3/4.4.4/SONY-D6603" 395 5132
47.60.47.191 - - [08/Dec/2015:21:29:53 -0500] "GET /arcgis/rest/services/CombinedNomenclature/MapServer/export?f=image&bbox=-77.98696265951283%2C-34.249253818474315%2C-62.784982213729364%2C-12.350490165161702&bboxSR=104903&size=538%2C775&format=png&transparent=true&dpi=213&imageSR=104903&layers=hide%3A-1 HTTP/1.1" 200 6051 "-" "ArcGIS.Android-10.2.3/4.4.4/SONY-D6603" 398 6339
47.60.47.191 - - [08/Dec/2015:21:29:54 -0500] "GET /arcgis/rest/services/CombinedNomenclature/MapServer/export?f=image&bbox=-103.87814516830815%2C-61.141195268336965%2C-51.024680761184776%2C14.995300857166036&bboxSR=104903&size=538%2C775&format=png&transparent=true&dpi=213&imageSR=104903&layers=hide%3A-1 HTTP/1.1" 200 4224 "-" "ArcGIS.Android-10.2.3/4.4.4/SONY-D6603" 398 4511
47.60.47.191 - - [08/Dec/2015:21:29:55 -0500] "GET /arcgis/rest/services/CombinedNomenclature/MapServer/export?f=image&bbox=-163.14972209886355%2C-123.4661422395446%2C-26.68945684759464%2C73.10765993468105&bboxSR=104903&size=538%2C775&format=png&transparent=true&dpi=213&imageSR=104903&layers=hide%3A-1 HTTP/1.1" 200 331 "-" "ArcGIS.Android-10.2.3/4.4.4/SONY-D6603" 395 618
47.60.47.191 - - [08/Dec/2015:21:29:57 -0500] "GET /arcgis/rest/services/CombinedNomenclature/MapServer/export?f=image&bbox=-163.27255592165602%2C-123.45959664683106%2C-26.812290670387114%2C73.11420552739459&bboxSR=104903&size=538%2C775&format=png&transparent=true&dpi=213&imageSR=104903&layers=hide%3A-1 HTTP/1.1" 200 331 "-" "ArcGIS.Android-10.2.3/4.4.4/SONY-D6603" 397 618
47.60.47.191 - - [08/Dec/2015:21:29:59 -0500] "GET /arcgis/rest/services/CombinedNomenclature/MapServer/export?f=image&bbox=-38.92880635700564%2C-122.82504139357127%2C97.53145889426327%2C73.74876078065438&bboxSR=104903&size=538%2C775&format=png&transparent=true&dpi=213&imageSR=104903&layers=hide%3A-1 HTTP/1.1" 200 331 "-" "ArcGIS.Android-10.2.3/4.4.4/SONY-D6603" 394 618
47.60.47.191 - - [08/Dec/2015:21:30:00 -0500] "GET /arcgis/rest/services/CombinedNomenclature/MapServer/export?f=image&bbox=52.98457226176633%2C-134.05578260321693%2C189.44483751303522%2C62.51801957100872&bboxSR=104903&size=538%2C775&format=png&transparent=true&dpi=213&imageSR=104903&layers=hide%3A-1 HTTP/1.1" 200 331 "-" "ArcGIS.Android-10.2.3/4.4.4/SONY-D6603" 394 619
47.60.47.191 - - [08/Dec/2015:21:30:05 -0500] "GET /arcgis/rest/services/CombinedNomenclature/MapServer/export?f=image&bbox=43.00632441576555%2C-110.32176375185128%2C179.46658966703444%2C86.25203842237437&bboxSR=104903&size=538%2C775&format=png&transparent=true&dpi=213&imageSR=104903&layers=hide%3A-1 HTTP/1.1" 200 331 "-" "ArcGIS.Android-10.2.3/4.4.4/SONY-D6603" 394 618
127.0.0.1 - - [08/Dec/2015:21:30:12 -0500] "GET /opensso/namingservice HTTP/1.1" 200 7 "-" "Java/1.5.0_21" 220 183
127.0.0.1 - - [08/Dec/2015:21:30:13 -0500] "GET /opensso/namingservice HTTP/1.1" 200 7 "-" "Java/1.5.0_21" 220 183
137.78.207.218 - - [08/Dec/2015:21:30:24 -0500] "HEAD /LMMPUI/LMMP_CLIENT/LMMP.html HTTP/1.1" 200 - "-" "curl/7.38.0" 110 274
207.46.13.70 - - [08/Dec/2015:21:30:26 -0500] "GET /lmmpui/lmmp_client/lmmp.html HTTP/1.1" 404 226 "-" "Mozilla/5.0 (iPhone; CPU iPhone OS 7_0 like Mac OS X) AppleWebKit/537.51.1 (KHTML, like Gecko) Version/7.0 Mobile/11A465 Safari/9537.53 (compatible; bingbot/2.0;  http://www.bing.com/bingbot.htm)" 424 471
127.0.0.1 - - [08/Dec/2015:21:30:42 -0500] "GET /opensso/namingservice HTTP/1.1" 200 7 "-" "Java/1.5.0_21" 220 183
127.0.0.1 - - [08/Dec/2015:21:30:43 -0500] "GET /opensso/namingservice HTTP/1.1" 200 7 "-" "Java/1.5.0_21" 220 183
127.0.0.1 - - [08/Dec/2015:21:31:12 -0500] "GET /opensso/namingservice HTTP/1.1" 200 7 "-" "Java/1.5.0_21" 220 183
47.60.47.191 - - [08/Dec/2015:21:31:12 -0500] "GET /arcgis/rest/services/CombinedNomenclature/MapServer/export?f=image&bbox=45.83670031067648%2C-118.67408636757095%2C182.2969655619454%2C77.8997158066547&bboxSR=104903&size=538%2C775&format=png&transparent=true&dpi=213&imageSR=104903&layers=hide%3A-1 HTTP/1.1" 200 331 "-" "ArcGIS.Android-10.2.3/4.4.4/SONY-D6603" 392 619
127.0.0.1 - - [08/Dec/2015:21:31:13 -0500] "GET /opensso/namingservice HTTP/1.1" 200 7 "-" "Java/1.5.0_21" 220 183
47.60.47.191 - - [08/Dec/2015:21:31:13 -0500] "GET /arcgis/rest/services/CombinedNomenclature/MapServer/export?f=image&bbox=45.02364528728768%2C-99.05146980931916%2C181.4839105385566%2C97.52233236490649&bboxSR=104903&size=538%2C775&format=png&transparent=true&dpi=213&imageSR=104903&layers=hide%3A-1 HTTP/1.1" 200 331 "-" "ArcGIS.Android-10.2.3/4.4.4/SONY-D6603" 392 617
47.60.47.191 - - [08/Dec/2015:21:31:14 -0500] "GET /arcgis/rest/services/CombinedNomenclature/MapServer/export?f=image&bbox=-175.31149688784842%2C-93.86272491268471%2C-38.85123163657951%2C102.71107726154094&bboxSR=104903&size=538%2C775&format=png&transparent=true&dpi=213&imageSR=104903&layers=hide%3A-1 HTTP/1.1" 200 331 "-" "ArcGIS.Android-10.2.3/4.4.4/SONY-D6603" 396 617
47.60.47.191 - - [08/Dec/2015:21:31:16 -0500] "GET /arcgis/rest/services/CombinedNomenclature/MapServer/export?f=image&bbox=-216.62047920506805%2C-97.95784793751751%2C-80.16021395379914%2C98.61595423670813&bboxSR=104903&size=538%2C775&format=png&transparent=true&dpi=213&imageSR=104903&layers=hide%3A-1 HTTP/1.1" 200 331 "-" "ArcGIS.Android-10.2.3/4.4.4/SONY-D6603" 395 617
47.60.47.191 - - [08/Dec/2015:21:31:36 -0500] "GET /arcgis/rest/services/CombinedNomenclature/MapServer/export?f=image&bbox=12.784890332086249%2C-91.50341302176915%2C149.24515558335514%2C105.0703891524565&bboxSR=104903&size=538%2C775&format=png&transparent=true&dpi=213&imageSR=104903&layers=hide%3A-1 HTTP/1.1" 200 331 "-" "ArcGIS.Android-10.2.3/4.4.4/SONY-D6603" 394 620
47.60.47.191 - - [08/Dec/2015:21:31:39 -0500] "GET /arcgis/rest/services/CombinedNomenclature/MapServer/export?f=image&bbox=78.33958569732178%2C-119.63970923268458%2C214.7998509485907%2C76.93409294154107&bboxSR=104903&size=538%2C775&format=png&transparent=true&dpi=213&imageSR=104903&layers=hide%3A-1 HTTP/1.1" 200 331 "-" "ArcGIS.Android-10.2.3/4.4.4/SONY-D6603" 393 618
127.0.0.1 - - [08/Dec/2015:21:31:42 -0500] "GET /opensso/namingservice HTTP/1.1" 200 7 "-" "Java/1.5.0_21" 220 183
127.0.0.1 - - [08/Dec/2015:21:31:43 -0500] "GET /opensso/namingservice HTTP/1.1" 200 7 "-" "Java/1.5.0_21" 220 183
47.60.47.191 - - [08/Dec/2015:21:31:42 -0500] "GET /arcgis/rest/services/CombinedNomenclature/MapServer/export?f=image&bbox=-239.836509265675%2C-94.51561638143718%2C-103.3762440144061%2C102.05818579278846&bboxSR=104903&size=538%2C775&format=png&transparent=true&dpi=213&imageSR=104903&layers=hide%3A-1 HTTP/1.1" 200 331 "-" "ArcGIS.Android-10.2.3/4.4.4/SONY-D6603" 394 618
47.60.47.191 - - [08/Dec/2015:21:31:56 -0500] "GET /arcgis/rest/services/CombinedNomenclature/MapServer/export?f=image&bbox=-93.31437481926146%2C-102.79165025197415%2C43.14589043200745%2C93.7821519222515&bboxSR=104903&size=538%2C775&format=png&transparent=true&dpi=213&imageSR=104903&layers=hide%3A-1 HTTP/1.1" 200 331 "-" "ArcGIS.Android-10.2.3/4.4.4/SONY-D6603" 393 619
47.60.47.191 - - [08/Dec/2015:21:31:58 -0500] "GET /arcgis/rest/services/CombinedNomenclature/MapServer/export?f=image&bbox=36.139965550772686%2C-101.73114633869965%2C172.6002308020416%2C94.842655835526&bboxSR=104903&size=538%2C775&format=png&transparent=true&dpi=213&imageSR=104903&layers=hide%3A-1 HTTP/1.1" 200 331 "-" "ArcGIS.Android-10.2.3/4.4.4/SONY-D6603" 392 618
47.60.47.191 - - [08/Dec/2015:21:32:02 -0500] "GET /arcgis/rest/services/CombinedNomenclature/MapServer/export?f=image&bbox=119.62236815774882%2C-22.68456117950015%2C144.87691847593405%2C13.695134910822418&bboxSR=104903&size=538%2C775&format=png&transparent=true&dpi=213&imageSR=104903&layers=hide%3A-1 HTTP/1.1" 200 3075 "-" "ArcGIS.Android-10.2.3/4.4.4/SONY-D6603" 395 3363
47.60.47.191 - - [08/Dec/2015:21:32:05 -0500] "GET /arcgis/rest/services/CombinedNomenclature/MapServer/export?f=image&bbox=133.02894926151666%2C-13.100366379168358%2C140.7702818843837%2C-1.9488184558933366&bboxSR=104903&size=538%2C775&format=png&transparent=true&dpi=213&imageSR=104903&layers=hide%3A-1 HTTP/1.1" 200 8793 "-" "ArcGIS.Android-10.2.3/4.4.4/SONY-D6603" 396 9080
66.249.79.135 - - [08/Dec/2015:21:32:05 -0500] "GET /redmine/issues/gantt?month=1&months=6&year=1466&zoom=3 HTTP/1.1" 200 51082 "-" "Mozilla/5.0 (compatible; Googlebot/2.1; +http://www.google.com/bot.html)" 345 51771
47.60.47.191 - - [08/Dec/2015:21:32:06 -0500] "GET /arcgis/rest/services/CombinedNomenclature/MapServer/export?f=image&bbox=132.66226767951056%2C-13.474802505843755%2C140.8668482135506%2C-1.6559364949124458&bboxSR=104903&size=538%2C775&format=png&transparent=true&dpi=213&imageSR=104903&layers=hide%3A-1 HTTP/1.1" 200 8782 "-" "ArcGIS.Android-10.2.3/4.4.4/SONY-D6603" 396 9071
47.60.47.191 - - [08/Dec/2015:21:32:08 -0500] "GET /arcgis/rest/services/CombinedNomenclature/MapServer/export?f=image&bbox=128.48385465327598%2C-24.00750575069589%2C134.89384844122966%2C-14.773778639796065&bboxSR=104903&size=538%2C775&format=png&transparent=true&dpi=213&imageSR=104903&layers=hide%3A-1 HTTP/1.1" 200 4728 "-" "ArcGIS.Android-10.2.3/4.4.4/SONY-D6603" 396 5016
47.60.47.191 - - [08/Dec/2015:21:32:09 -0500] "GET /arcgis/rest/services/CombinedNomenclature/MapServer/export?f=image&bbox=131.2798548407308%2C-21.089751374008937%2C133.38518206336815%2C-18.056984464075946&bboxSR=104903&size=538%2C775&format=png&transparent=true&dpi=213&imageSR=104903&layers=hide%3A-1 HTTP/1.1" 200 331 "-" "ArcGIS.Android-10.2.3/4.4.4/SONY-D6603" 396 618
127.0.0.1 - - [08/Dec/2015:21:32:12 -0500] "GET /opensso/namingservice HTTP/1.1" 200 7 "-" "Java/1.5.0_21" 220 183
127.0.0.1 - - [08/Dec/2015:21:32:13 -0500] "GET /opensso/namingservice HTTP/1.1" 200 7 "-" "Java/1.5.0_21" 220 183
47.60.47.191 - - [08/Dec/2015:21:32:14 -0500] "GET /arcgis/rest/services/CombinedNomenclature/MapServer/export?f=image&bbox=127.7603613646213%2C-21.641980801022893%2C129.86568858725866%2C-18.6092138910899&bboxSR=104903&size=538%2C775&format=png&transparent=true&dpi=213&imageSR=104903&layers=hide%3A-1 HTTP/1.1" 200 4700 "-" "ArcGIS.Android-10.2.3/4.4.4/SONY-D6603" 394 4988
47.60.47.191 - - [08/Dec/2015:21:32:15 -0500] "GET /arcgis/rest/services/CombinedNomenclature/MapServer/export?f=image&bbox=124.24461297621535%2C-25.88493925540925%2C132.09877847704837%2C-14.570853264432321&bboxSR=104903&size=538%2C775&format=png&transparent=true&dpi=213&imageSR=104903&layers=hide%3A-1 HTTP/1.1" 200 5697 "-" "ArcGIS.Android-10.2.3/4.4.4/SONY-D6603" 396 5985
47.60.47.191 - - [08/Dec/2015:21:32:16 -0500] "GET /arcgis/rest/services/CombinedNomenclature/MapServer/export?f=image&bbox=111.32629613816397%2C-40.64963604814483%2C138.70277726700263%2C-1.2132552398735044&bboxSR=104903&size=538%2C775&format=png&transparent=true&dpi=213&imageSR=104903&layers=hide%3A-1 HTTP/1.1" 200 2523 "-" "ArcGIS.Android-10.2.3/4.4.4/SONY-D6603" 396 2813
47.60.47.191 - - [08/Dec/2015:21:32:17 -0500] "GET /arcgis/rest/services/CombinedNomenclature/MapServer/export?f=image&bbox=81.71734056780767%2C-75.73300548360328%2C154.55662392267737%2C29.19347146811424&bboxSR=104903&size=538%2C775&format=png&transparent=true&dpi=213&imageSR=104903&layers=hide%3A-1 HTTP/1.1" 200 4641 "-" "ArcGIS.Android-10.2.3/4.4.4/SONY-D6603" 393 4929
47.60.47.191 - - [08/Dec/2015:21:32:19 -0500] "GET /arcgis/rest/services/CombinedNomenclature/MapServer/export?f=image&bbox=34.41034506626663%2C-121.34457506251829%2C170.87061031753552%2C75.22922711170736&bboxSR=104903&size=538%2C775&format=png&transparent=true&dpi=213&imageSR=104903&layers=hide%3A-1 HTTP/1.1" 200 331 "-" "ArcGIS.Android-10.2.3/4.4.4/SONY-D6603" 394 617
47.60.47.191 - - [08/Dec/2015:21:32:20 -0500] "GET /arcgis/rest/services/CombinedNomenclature/MapServer/export?f=image&bbox=35.47067718097816%2C-121.34445955205864%2C171.93094243224706%2C75.22934262216701&bboxSR=104903&size=538%2C775&format=png&transparent=true&dpi=213&imageSR=104903&layers=hide%3A-1 HTTP/1.1" 200 331 "-" "ArcGIS.Android-10.2.3/4.4.4/SONY-D6603" 394 618
47.60.47.191 - - [08/Dec/2015:21:32:34 -0500] "GET /arcgis/rest/services/CombinedNomenclature/MapServer/export?f=image&bbox=84.9267304885822%2C-108.71841360741963%2C221.3869957398511%2C87.85538856680601&bboxSR=104903&size=538%2C775&format=png&transparent=true&dpi=213&imageSR=104903&layers=hide%3A-1 HTTP/1.1" 200 331 "-" "ArcGIS.Android-10.2.3/4.4.4/SONY-D6603" 392 619
47.60.47.191 - - [08/Dec/2015:21:32:36 -0500] "GET /arcgis/rest/services/CombinedNomenclature/MapServer/export?f=image&bbox=-113.3626591493569%2C-109.0231350729611%2C23.097606101912007%2C87.55066710126455&bboxSR=104903&size=538%2C775&format=png&transparent=true&dpi=213&imageSR=104903&layers=hide%3A-1 HTTP/1.1" 200 331 "-" "ArcGIS.Android-10.2.3/4.4.4/SONY-D6603" 394 618
47.60.47.191 - - [08/Dec/2015:21:32:39 -0500] "GET /arcgis/rest/services/CombinedNomenclature/MapServer/export?f=image&bbox=-207.1715280306031%2C-98.54870119667235%2C-70.71126277933419%2C98.0251009775533&bboxSR=104903&size=538%2C775&format=png&transparent=true&dpi=213&imageSR=104903&layers=hide%3A-1 HTTP/1.1" 200 331 "-" "ArcGIS.Android-10.2.3/4.4.4/SONY-D6603" 393 618
47.60.47.191 - - [08/Dec/2015:21:32:40 -0500] "GET /arcgis/rest/services/CombinedNomenclature/MapServer/export?f=image&bbox=-248.13084135296614%2C-88.92552720178932%2C-111.67057610169724%2C107.64827497243633&bboxSR=104903&size=538%2C775&format=png&transparent=true&dpi=213&imageSR=104903&layers=hide%3A-1 HTTP/1.1" 200 331 "-" "ArcGIS.Android-10.2.3/4.4.4/SONY-D6603" 397 617
127.0.0.1 - - [08/Dec/2015:21:32:42 -0500] "GET /opensso/namingservice HTTP/1.1" 200 7 "-" "Java/1.5.0_21" 220 183
127.0.0.1 - - [08/Dec/2015:21:32:43 -0500] "GET /opensso/namingservice HTTP/1.1" 200 7 "-" "Java/1.5.0_21" 220 183
47.60.47.191 - - [08/Dec/2015:21:32:46 -0500] "GET /arcgis/rest/services/CombinedNomenclature/MapServer/export?f=image&bbox=-152.40923288866014%2C10.614541472074144%2C-133.6574728314455%2C37.62683523479043&bboxSR=104903&size=538%2C775&format=png&transparent=true&dpi=213&imageSR=104903&layers=hide%3A-1 HTTP/1.1" 200 2614 "-" "ArcGIS.Android-10.2.3/4.4.4/SONY-D6603" 395 2902
47.60.47.191 - - [08/Dec/2015:21:32:49 -0500] "GET /arcgis/rest/services/CombinedNomenclature/MapServer/export?f=image&bbox=-146.61363591809734%2C17.7139827536026%2C-140.52701157054614%2C26.481889573959833&bboxSR=104903&size=538%2C775&format=png&transparent=true&dpi=213&imageSR=104903&layers=hide%3A-1 HTTP/1.1" 200 4121 "-" "ArcGIS.Android-10.2.3/4.4.4/SONY-D6603" 395 4409
47.60.47.191 - - [08/Dec/2015:21:32:51 -0500] "GET /arcgis/rest/services/CombinedNomenclature/MapServer/export?f=image&bbox=-150.2571889120555%2C15.694851741583529%2C-144.1705645645043%2C24.462758561940763&bboxSR=104903&size=538%2C775&format=png&transparent=true&dpi=213&imageSR=104903&layers=hide%3A-1 HTTP/1.1" 200 3387 "-" "ArcGIS.Android-10.2.3/4.4.4/SONY-D6603" 395 3674
47.60.47.191 - - [08/Dec/2015:21:32:52 -0500] "GET /arcgis/rest/services/CombinedNomenclature/MapServer/export?f=image&bbox=-151.9718301499409%2C17.441807151541575%2C-145.8852058023897%2C26.209713971898807&bboxSR=104903&size=538%2C775&format=png&transparent=true&dpi=213&imageSR=104903&layers=hide%3A-1 HTTP/1.1" 200 4191 "-" "ArcGIS.Android-10.2.3/4.4.4/SONY-D6603" 395 4481
47.60.47.191 - - [08/Dec/2015:21:32:55 -0500] "GET /arcgis/rest/services/CombinedNomenclature/MapServer/export?f=image&bbox=-153.77060007201322%2C18.826372855718574%2C-147.68397572446202%2C27.594279676075807&bboxSR=104903&size=538%2C775&format=png&transparent=true&dpi=213&imageSR=104903&layers=hide%3A-1 HTTP/1.1" 200 2826 "-" "ArcGIS.Android-10.2.3/4.4.4/SONY-D6603" 397 3113
47.60.47.191 - - [08/Dec/2015:21:32:57 -0500] "GET /arcgis/rest/services/CombinedNomenclature/MapServer/export?f=image&bbox=-153.87815781043133%2C20.917061559557276%2C-147.79153346288012%2C29.68496837991451&bboxSR=104903&size=538%2C775&format=png&transparent=true&dpi=213&imageSR=104903&layers=hide%3A-1 HTTP/1.1" 200 2822 "-" "ArcGIS.Android-10.2.3/4.4.4/SONY-D6603" 396 3110
47.60.47.191 - - [08/Dec/2015:21:32:59 -0500] "GET /arcgis/rest/services/CombinedNomenclature/MapServer/export?f=image&bbox=-153.45453402115467%2C24.53076965284548%2C-147.36790967360346%2C33.29867647320271&bboxSR=104903&size=538%2C775&format=png&transparent=true&dpi=213&imageSR=104903&layers=hide%3A-1 HTTP/1.1" 200 4560 "-" "ArcGIS.Android-10.2.3/4.4.4/SONY-D6603" 395 4848
47.60.47.191 - - [08/Dec/2015:21:33:04 -0500] "GET /arcgis/rest/services/CombinedNomenclature/MapServer/export?f=image&bbox=-147.34829533477006%2C30.65875657837713%2C-141.26167098721885%2C39.42666339873436&bboxSR=104903&size=538%2C775&format=png&transparent=true&dpi=213&imageSR=104903&layers=hide%3A-1 HTTP/1.1" 200 2546 "-" "ArcGIS.Android-10.2.3/4.4.4/SONY-D6603" 395 2835
127.0.0.1 - - [08/Dec/2015:21:33:12 -0500] "GET /opensso/namingservice HTTP/1.1" 200 7 "-" "Java/1.5.0_21" 220 183
127.0.0.1 - - [08/Dec/2015:21:33:13 -0500] "GET /opensso/namingservice HTTP/1.1" 200 7 "-" "Java/1.5.0_21" 220 183
47.60.47.191 - - [08/Dec/2015:21:33:24 -0500] "GET /arcgis/rest/services/CombinedNomenclature/MapServer/export?f=image&bbox=-147.34829533477006%2C30.042538551191278%2C-141.26167098721885%2C40.04360904047618&bboxSR=104903&size=538%2C884&format=png&transparent=true&dpi=213&imageSR=104903&layers=hide%3A-1 HTTP/1.1" 200 2791 "-" "ArcGIS.Android-10.2.3/4.4.4/SONY-D6603" 396 3079
47.60.47.191 - - [08/Dec/2015:21:33:27 -0500] "GET /arcgis/rest/services/CombinedNomenclature/MapServer/export?f=image&bbox=-141.3882542332225%2C29.388237574642574%2C-135.3016298856713%2C39.38930806392747&bboxSR=104903&size=538%2C884&format=png&transparent=true&dpi=213&imageSR=104903&layers=hide%3A-1 HTTP/1.1" 200 3769 "-" "ArcGIS.Android-10.2.3/4.4.4/SONY-D6603" 394 4057
47.60.47.191 - - [08/Dec/2015:21:33:28 -0500] "GET /arcgis/rest/services/CombinedNomenclature/MapServer/export?f=image&bbox=-151.74078716598564%2C22.730751991575552%2C-133.76567011936572%2C52.266074425055095&bboxSR=104903&size=538%2C884&format=png&transparent=true&dpi=213&imageSR=104903&layers=hide%3A-1 HTTP/1.1" 200 3620 "-" "ArcGIS.Android-10.2.3/4.4.4/SONY-D6603" 397 3909
47.60.47.191 - - [08/Dec/2015:21:33:29 -0500] "GET /arcgis/rest/services/CombinedNomenclature/MapServer/export?f=image&bbox=-139.78326145391387%2C35.68205936808651%2C-135.75375400479476%2C42.30303443318188&bboxSR=104903&size=538%2C884&format=png&transparent=true&dpi=213&imageSR=104903&layers=hide%3A-1 HTTP/1.1" 200 3586 "-" "ArcGIS.Android-10.2.3/4.4.4/SONY-D6603" 395 3874
47.60.47.191 - - [08/Dec/2015:21:33:32 -0500] "GET /arcgis/rest/services/CombinedNomenclature/MapServer/export?f=image&bbox=-139.69841205385322%2C39.81024517125955%2C-135.6689046047341%2C46.43122023635492&bboxSR=104903&size=538%2C884&format=png&transparent=true&dpi=213&imageSR=104903&layers=hide%3A-1 HTTP/1.1" 200 5661 "-" "ArcGIS.Android-10.2.3/4.4.4/SONY-D6603" 394 5950
47.60.47.191 - - [08/Dec/2015:21:33:24 -0500] "GET /arcgis/rest/services/CombinedNomenclature/MapServer/export?f=image&bbox=-147.34829533477006%2C30.447723007423072%2C-141.26167098721885%2C39.63422666952639&bboxSR=104903&size=538%2C812&format=png&transparent=true&dpi=213&imageSR=104903&layers=hide%3A-1 HTTP/1.1" 200 2629 "-" "ArcGIS.Android-10.2.3/4.4.4/SONY-D6603" 396 2918
47.60.47.191 - - [08/Dec/2015:21:33:36 -0500] "GET /arcgis/rest/services/CombinedNomenclature/MapServer/export?f=image&bbox=-137.85537554278568%2C41.74090374384629%2C-136.5643685483212%2C43.8621866120742&bboxSR=104903&size=538%2C884&format=png&transparent=true&dpi=213&imageSR=104903&layers=hide%3A-1 HTTP/1.1" 200 360 "-" "ArcGIS.Android-10.2.3/4.4.4/SONY-D6603" 393 648
47.60.47.191 - - [08/Dec/2015:21:33:36 -0500] "GET /arcgis/rest/services/CombinedNomenclature/MapServer/export?f=image&bbox=-138.72037699788027%2C41.62734034609727%2C-137.42937000341578%2C43.74862321432518&bboxSR=104903&size=538%2C884&format=png&transparent=true&dpi=213&imageSR=104903&layers=hide%3A-1 HTTP/1.1" 200 3035 "-" "ArcGIS.Android-10.2.3/4.4.4/SONY-D6603" 395 3323
47.60.47.191 - - [08/Dec/2015:21:33:38 -0500] "GET /arcgis/rest/services/CombinedNomenclature/MapServer/export?f=image&bbox=-138.12245586148225%2C42.29501602079244%2C-137.58940795034448%2C43.17087913128647&bboxSR=104903&size=538%2C884&format=png&transparent=true&dpi=213&imageSR=104903&layers=hide%3A-1 HTTP/1.1" 200 3032 "-" "ArcGIS.Android-10.2.3/4.4.4/SONY-D6603" 395 3320
127.0.0.1 - - [08/Dec/2015:21:33:42 -0500] "GET /opensso/namingservice HTTP/1.1" 200 7 "-" "Java/1.5.0_21" 220 183
