127.0.0.1 - - [30/Jan/2016:21:06:38 -0500] "GET /opensso/namingservice HTTP/1.1" 200 7 "-" "Java/1.5.0_21" 220 183
127.0.0.1 - - [30/Jan/2016:21:06:42 -0500] "GET /opensso/namingservice HTTP/1.1" 200 7 "-" "Java/1.5.0_21" 220 183
127.0.0.1 - - [30/Jan/2016:21:07:08 -0500] "GET /opensso/namingservice HTTP/1.1" 200 7 "-" "Java/1.5.0_21" 220 183
127.0.0.1 - - [30/Jan/2016:21:07:12 -0500] "GET /opensso/namingservice HTTP/1.1" 200 7 "-" "Java/1.5.0_21" 220 183
127.0.0.1 - - [30/Jan/2016:21:07:38 -0500] "GET /opensso/namingservice HTTP/1.1" 200 7 "-" "Java/1.5.0_21" 220 183
127.0.0.1 - - [30/Jan/2016:21:07:42 -0500] "GET /opensso/namingservice HTTP/1.1" 200 7 "-" "Java/1.5.0_21" 220 183
127.0.0.1 - - [30/Jan/2016:21:08:08 -0500] "GET /opensso/namingservice HTTP/1.1" 200 7 "-" "Java/1.5.0_21" 220 183
127.0.0.1 - - [30/Jan/2016:21:08:12 -0500] "GET /opensso/namingservice HTTP/1.1" 200 7 "-" "Java/1.5.0_21" 220 183
127.0.0.1 - - [30/Jan/2016:21:08:38 -0500] "GET /opensso/namingservice HTTP/1.1" 200 7 "-" "Java/1.5.0_21" 220 183
127.0.0.1 - - [30/Jan/2016:21:08:42 -0500] "GET /opensso/namingservice HTTP/1.1" 200 7 "-" "Java/1.5.0_21" 220 183
127.0.0.1 - - [30/Jan/2016:21:09:08 -0500] "GET /opensso/namingservice HTTP/1.1" 200 7 "-" "Java/1.5.0_21" 220 183
127.0.0.1 - - [30/Jan/2016:21:09:12 -0500] "GET /opensso/namingservice HTTP/1.1" 200 7 "-" "Java/1.5.0_21" 220 183
127.0.0.1 - - [30/Jan/2016:21:09:38 -0500] "GET /opensso/namingservice HTTP/1.1" 200 7 "-" "Java/1.5.0_21" 220 183
127.0.0.1 - - [30/Jan/2016:21:09:42 -0500] "GET /opensso/namingservice HTTP/1.1" 200 7 "-" "Java/1.5.0_21" 220 183
127.0.0.1 - - [30/Jan/2016:21:10:08 -0500] "GET /opensso/namingservice HTTP/1.1" 200 7 "-" "Java/1.5.0_21" 220 183
127.0.0.1 - - [30/Jan/2016:21:10:12 -0500] "GET /opensso/namingservice HTTP/1.1" 200 7 "-" "Java/1.5.0_21" 220 183
127.0.0.1 - - [30/Jan/2016:21:10:38 -0500] "GET /opensso/namingservice HTTP/1.1" 200 7 "-" "Java/1.5.0_21" 220 183
127.0.0.1 - - [30/Jan/2016:21:10:42 -0500] "GET /opensso/namingservice HTTP/1.1" 200 7 "-" "Java/1.5.0_21" 220 183
137.78.207.218 - - [30/Jan/2016:21:10:58 -0500] "HEAD /LMMPUI/LMMP_CLIENT/LMMP.html HTTP/1.1" 200 - "-" "curl/7.38.0" 110 274
127.0.0.1 - - [30/Jan/2016:21:11:08 -0500] "GET /opensso/namingservice HTTP/1.1" 200 7 "-" "Java/1.5.0_21" 220 183
127.0.0.1 - - [30/Jan/2016:21:11:12 -0500] "GET /opensso/namingservice HTTP/1.1" 200 7 "-" "Java/1.5.0_21" 220 183
127.0.0.1 - - [30/Jan/2016:21:11:38 -0500] "GET /opensso/namingservice HTTP/1.1" 200 7 "-" "Java/1.5.0_21" 220 183
127.0.0.1 - - [30/Jan/2016:21:11:42 -0500] "GET /opensso/namingservice HTTP/1.1" 200 7 "-" "Java/1.5.0_21" 220 183
99.225.40.141 - - [30/Jan/2016:21:11:49 -0500] "GET /opensso/identity/isTokenValid HTTP/1.1" 200 14 "-" "Moon%20Tours/1.0.0 CFNetwork/758.0.2 Darwin/15.0.0" 229 172
99.225.40.141 - - [30/Jan/2016:21:11:49 -0500] "GET /opensso/UI/Login?module=Anonymous&org=appspub&goto=http%3A%2F%2Fpub.lmmp.nasa.gov%2Flmmpmobile%2Frefresh HTTP/1.1" 302 - "-" "Moon%20Tours/1.0.0 CFNetwork/758.0.2 Darwin/15.0.0" 304 930
99.225.40.141 - - [30/Jan/2016:21:11:49 -0500] "GET /lmmpmobile/refresh?iPlanetDirectoryPro=AQIC5wM2LY4Sfcw3E7elC7VPftIvMjiY2RsYwEiHqV1bHOw%3D%40AAJTSQACMDE%3D%23 HTTP/1.1" 200 - "-" "Moon%20Tours/1.0.0 CFNetwork/758.0.2 Darwin/15.0.0" 418 316
99.225.40.141 - - [30/Jan/2016:21:12:02 -0500] "GET /lmmpmobile/config-1.0.json HTTP/1.1" 200 1338 "-" "Moon%20Tours/1.0.0 CFNetwork/758.0.2 Darwin/15.0.0" 326 1666
99.225.40.141 - - [30/Jan/2016:21:12:04 -0500] "GET /lmmpmobile/bookmarks-1.0.2.json HTTP/1.1" 200 11401 "-" "Moon%20Tours/1.0.0 CFNetwork/758.0.2 Darwin/15.0.0" 331 11730
99.225.40.141 - - [30/Jan/2016:21:12:04 -0500] "GET /lmmpmobile/pages/about-1.0.2.html HTTP/1.1" 200 2716 "-" "Moon%20Tours/1.0.0 CFNetwork/758.0.2 Darwin/15.0.0" 333 3037
99.225.40.141 - - [30/Jan/2016:21:12:04 -0500] "GET /lmmpmobile/pages/help-1.0.2.html HTTP/1.1" 200 6781 "-" "Moon%20Tours/1.0.0 CFNetwork/758.0.2 Darwin/15.0.0" 332 7103
99.225.40.141 - - [30/Jan/2016:21:12:04 -0500] "GET /lmmpmobile/pages/glossary-1.0.2.html HTTP/1.1" 200 4306 "-" "Moon%20Tours/1.0.0 CFNetwork/758.0.2 Darwin/15.0.0" 336 4628
99.225.40.141 - - [30/Jan/2016:21:12:04 -0500] "GET /arcgis/rest/services/CombinedNomenclature/MapServer?f=json HTTP/1.1" 200 810 "arcgisios" "ArcGISiOS-2.3.2/9.0.2/iPhone7,2" 368 1105
99.225.40.141 - - [30/Jan/2016:21:12:04 -0500] "GET /arcgis/rest/services/ERGraticule/MapServer?f=json HTTP/1.1" 200 701 "arcgisios" "ArcGISiOS-2.3.2/9.0.2/iPhone7,2" 359 996
127.0.0.1 - - [30/Jan/2016:21:12:08 -0500] "GET /opensso/namingservice HTTP/1.1" 200 7 "-" "Java/1.5.0_21" 220 183
127.0.0.1 - - [30/Jan/2016:21:12:12 -0500] "GET /opensso/namingservice HTTP/1.1" 200 7 "-" "Java/1.5.0_21" 220 183
127.0.0.1 - - [30/Jan/2016:21:12:38 -0500] "GET /opensso/namingservice HTTP/1.1" 200 7 "-" "Java/1.5.0_21" 220 183
127.0.0.1 - - [30/Jan/2016:21:12:42 -0500] "GET /opensso/namingservice HTTP/1.1" 200 7 "-" "Java/1.5.0_21" 220 183
127.0.0.1 - - [30/Jan/2016:21:13:08 -0500] "GET /opensso/namingservice HTTP/1.1" 200 7 "-" "Java/1.5.0_21" 220 183
127.0.0.1 - - [30/Jan/2016:21:13:12 -0500] "GET /opensso/namingservice HTTP/1.1" 200 7 "-" "Java/1.5.0_21" 220 183
127.0.0.1 - - [30/Jan/2016:21:13:38 -0500] "GET /opensso/namingservice HTTP/1.1" 200 7 "-" "Java/1.5.0_21" 220 183
127.0.0.1 - - [30/Jan/2016:21:13:42 -0500] "GET /opensso/namingservice HTTP/1.1" 200 7 "-" "Java/1.5.0_21" 220 183
127.0.0.1 - - [30/Jan/2016:21:14:08 -0500] "GET /opensso/namingservice HTTP/1.1" 200 7 "-" "Java/1.5.0_21" 220 183
127.0.0.1 - - [30/Jan/2016:21:14:12 -0500] "GET /opensso/namingservice HTTP/1.1" 200 7 "-" "Java/1.5.0_21" 220 183
127.0.0.1 - - [30/Jan/2016:21:14:38 -0500] "GET /opensso/namingservice HTTP/1.1" 200 7 "-" "Java/1.5.0_21" 220 183
93.57.250.83 - - [30/Jan/2016:21:14:39 -0500] "GET /arcgis/rest/services/CombinedNomenclature/MapServer?f=json HTTP/1.1" 200 810 "-" "ArcGIS.Android-10.2.3/5.0/SAMSUNG-SM-G900F" 204 1106
127.0.0.1 - - [30/Jan/2016:21:14:42 -0500] "GET /opensso/namingservice HTTP/1.1" 200 7 "-" "Java/1.5.0_21" 220 183
127.0.0.1 - - [30/Jan/2016:21:15:08 -0500] "GET /opensso/namingservice HTTP/1.1" 200 7 "-" "Java/1.5.0_21" 220 183
127.0.0.1 - - [30/Jan/2016:21:15:12 -0500] "GET /opensso/namingservice HTTP/1.1" 200 7 "-" "Java/1.5.0_21" 220 183
127.0.0.1 - - [30/Jan/2016:21:15:38 -0500] "GET /opensso/namingservice HTTP/1.1" 200 7 "-" "Java/1.5.0_21" 220 183
127.0.0.1 - - [30/Jan/2016:21:15:42 -0500] "GET /opensso/namingservice HTTP/1.1" 200 7 "-" "Java/1.5.0_21" 220 183
137.78.207.218 - - [30/Jan/2016:21:15:57 -0500] "HEAD /LMMPUI/LMMP_CLIENT/LMMP.html HTTP/1.1" 200 - "-" "curl/7.38.0" 110 274
127.0.0.1 - - [30/Jan/2016:21:16:08 -0500] "GET /opensso/namingservice HTTP/1.1" 200 7 "-" "Java/1.5.0_21" 220 183
127.0.0.1 - - [30/Jan/2016:21:16:12 -0500] "GET /opensso/namingservice HTTP/1.1" 200 7 "-" "Java/1.5.0_21" 220 183
127.0.0.1 - - [30/Jan/2016:21:16:38 -0500] "GET /opensso/namingservice HTTP/1.1" 200 7 "-" "Java/1.5.0_21" 220 183
127.0.0.1 - - [30/Jan/2016:21:16:42 -0500] "GET /opensso/namingservice HTTP/1.1" 200 7 "-" "Java/1.5.0_21" 220 183
127.0.0.1 - - [30/Jan/2016:21:17:08 -0500] "GET /opensso/namingservice HTTP/1.1" 200 7 "-" "Java/1.5.0_21" 220 183
127.0.0.1 - - [30/Jan/2016:21:17:12 -0500] "GET /opensso/namingservice HTTP/1.1" 200 7 "-" "Java/1.5.0_21" 220 183
127.0.0.1 - - [30/Jan/2016:21:17:38 -0500] "GET /opensso/namingservice HTTP/1.1" 200 7 "-" "Java/1.5.0_21" 220 183
127.0.0.1 - - [30/Jan/2016:21:17:42 -0500] "GET /opensso/namingservice HTTP/1.1" 200 7 "-" "Java/1.5.0_21" 220 183
127.0.0.1 - - [30/Jan/2016:21:18:08 -0500] "GET /opensso/namingservice HTTP/1.1" 200 7 "-" "Java/1.5.0_21" 220 183
127.0.0.1 - - [30/Jan/2016:21:18:12 -0500] "GET /opensso/namingservice HTTP/1.1" 200 7 "-" "Java/1.5.0_21" 220 183
127.0.0.1 - - [30/Jan/2016:21:18:38 -0500] "GET /opensso/namingservice HTTP/1.1" 200 7 "-" "Java/1.5.0_21" 220 183
127.0.0.1 - - [30/Jan/2016:21:18:42 -0500] "GET /opensso/namingservice HTTP/1.1" 200 7 "-" "Java/1.5.0_21" 220 183
100.43.91.4 - - [30/Jan/2016:21:18:56 -0500] "GET /robots.txt HTTP/1.1" 404 208 "-" "Mozilla/5.0 (compatible; YandexBot/3.0; +http://yandex.com/bots)" 187 453
100.43.91.4 - - [30/Jan/2016:21:18:58 -0500] "GET /redmine/attachments/392/tableSearchResults.png HTTP/1.1" 200 10004 "-" "Mozilla/5.0 (compatible; YandexImages/3.0; +http://yandex.com/bots)" 331 10499
100.43.91.4 - - [30/Jan/2016:21:19:00 -0500] "GET /LMMPUI/LMMP_CLIENT/LMMP.html HTTP/1.1" 200 9400 "-" "Mozilla/5.0 (compatible; YandexBot/3.0; +http://yandex.com/bots)" 310 9729
100.43.91.27 - - [30/Jan/2016:21:19:03 -0500] "GET /redmine/attachments/452/lro.png HTTP/1.1" 200 243344 "-" "Mozilla/5.0 (compatible; YandexImages/3.0; +http://yandex.com/bots)" 316 243824
100.43.85.17 - - [30/Jan/2016:21:19:07 -0500] "GET /LMMPUI/LMMP_CLIENT/LMMP.html HTTP/1.1" 200 9400 "-" "Mozilla/5.0 (compatible; YandexBot/3.0; +http://yandex.com/bots)" 310 9730
127.0.0.1 - - [30/Jan/2016:21:19:08 -0500] "GET /opensso/namingservice HTTP/1.1" 200 7 "-" "Java/1.5.0_21" 220 183
127.0.0.1 - - [30/Jan/2016:21:19:12 -0500] "GET /opensso/namingservice HTTP/1.1" 200 7 "-" "Java/1.5.0_21" 220 183
127.0.0.1 - - [30/Jan/2016:21:19:38 -0500] "GET /opensso/namingservice HTTP/1.1" 200 7 "-" "Java/1.5.0_21" 220 183
127.0.0.1 - - [30/Jan/2016:21:19:42 -0500] "GET /opensso/namingservice HTTP/1.1" 200 7 "-" "Java/1.5.0_21" 220 183
127.0.0.1 - - [30/Jan/2016:21:20:08 -0500] "GET /opensso/namingservice HTTP/1.1" 200 7 "-" "Java/1.5.0_21" 220 183
127.0.0.1 - - [30/Jan/2016:21:20:12 -0500] "GET /opensso/namingservice HTTP/1.1" 200 7 "-" "Java/1.5.0_21" 220 183
127.0.0.1 - - [30/Jan/2016:21:20:38 -0500] "GET /opensso/namingservice HTTP/1.1" 200 7 "-" "Java/1.5.0_21" 220 183
127.0.0.1 - - [30/Jan/2016:21:20:42 -0500] "GET /opensso/namingservice HTTP/1.1" 200 7 "-" "Java/1.5.0_21" 220 183
137.78.207.218 - - [30/Jan/2016:21:20:58 -0500] "HEAD /LMMPUI/LMMP_CLIENT/LMMP.html HTTP/1.1" 200 - "-" "curl/7.38.0" 110 274
127.0.0.1 - - [30/Jan/2016:21:21:08 -0500] "GET /opensso/namingservice HTTP/1.1" 200 7 "-" "Java/1.5.0_21" 220 183
127.0.0.1 - - [30/Jan/2016:21:21:12 -0500] "GET /opensso/namingservice HTTP/1.1" 200 7 "-" "Java/1.5.0_21" 220 183
127.0.0.1 - - [30/Jan/2016:21:21:38 -0500] "GET /opensso/namingservice HTTP/1.1" 200 7 "-" "Java/1.5.0_21" 220 183
127.0.0.1 - - [30/Jan/2016:21:21:42 -0500] "GET /opensso/namingservice HTTP/1.1" 200 7 "-" "Java/1.5.0_21" 220 183
127.0.0.1 - - [30/Jan/2016:21:22:08 -0500] "GET /opensso/namingservice HTTP/1.1" 200 7 "-" "Java/1.5.0_21" 220 183
127.0.0.1 - - [30/Jan/2016:21:22:12 -0500] "GET /opensso/namingservice HTTP/1.1" 200 7 "-" "Java/1.5.0_21" 220 183
127.0.0.1 - - [30/Jan/2016:21:22:38 -0500] "GET /opensso/namingservice HTTP/1.1" 200 7 "-" "Java/1.5.0_21" 220 183
127.0.0.1 - - [30/Jan/2016:21:22:42 -0500] "GET /opensso/namingservice HTTP/1.1" 200 7 "-" "Java/1.5.0_21" 220 183
127.0.0.1 - - [30/Jan/2016:21:23:08 -0500] "GET /opensso/namingservice HTTP/1.1" 200 7 "-" "Java/1.5.0_21" 220 183
127.0.0.1 - - [30/Jan/2016:21:23:12 -0500] "GET /opensso/namingservice HTTP/1.1" 200 7 "-" "Java/1.5.0_21" 220 183
127.0.0.1 - - [30/Jan/2016:21:23:38 -0500] "GET /opensso/namingservice HTTP/1.1" 200 7 "-" "Java/1.5.0_21" 220 183
127.0.0.1 - - [30/Jan/2016:21:23:42 -0500] "GET /opensso/namingservice HTTP/1.1" 200 7 "-" "Java/1.5.0_21" 220 183
142.255.242.104 - - [30/Jan/2016:21:23:45 -0500] "GET /arcgis/rest/services/ERGraticule/MapServer?f=json HTTP/1.1" 200 701 "-" "ArcGIS.Android-10.2.3/4.4.4/COOLPAD-CP3700A" 196 997
142.255.242.104 - - [30/Jan/2016:21:23:46 -0500] "GET /opensso/UI/Login?module=Anonymous&org=appspub&goto=https://pub.lmmp.nasa.gov/LMMP/rest/dbxml/fgdc/legend/stream?label=LRO_Diviner_ST_Avg_Gray_Global_32ppd HTTP/1.1" 302 - "-" "Dalvik/1.6.0 (Linux; U; Android 4.4.4; CP3700A Build/KTU84P)" 318 993
127.0.0.1 - - [30/Jan/2016:21:23:47 -0500] "POST /opensso/sessionservice HTTP/1.1" 200 2416 "-" "Java/1.5.0_21" 818 2594
127.0.0.1 - - [30/Jan/2016:21:23:47 -0500] "POST /opensso/sessionservice HTTP/1.1" 200 272 "-" "Java/1.5.0_21" 884 449
127.0.0.1 - - [30/Jan/2016:21:23:47 -0500] "POST /opensso/sessionservice HTTP/1.1" 200 2412 "-" "Java/1.5.0_21" 818 2589
127.0.0.1 - - [30/Jan/2016:21:23:47 -0500] "POST /opensso/policyservice HTTP/1.1" 200 9464 "-" "Java/1.5.0_21" 1124 9649
127.0.0.1 - - [30/Jan/2016:21:23:47 -0500] "POST /opensso/jaxrpc/SMSObjectIF HTTP/1.1" 200 505 "-" "Java/1.5.0_21" 847 766
127.0.0.1 - - [30/Jan/2016:21:23:47 -0500] "POST /opensso/jaxrpc/DirectoryManagerIF HTTP/1.1" 200 1290 "-" "Java/1.5.0_21" 1362 1551
127.0.0.1 - - [30/Jan/2016:21:23:47 -0500] "POST /opensso/jaxrpc/SMSObjectIF HTTP/1.1" 200 505 "-" "Java/1.5.0_21" 847 766
127.0.0.1 - - [30/Jan/2016:21:23:47 -0500] "POST /opensso/jaxrpc/DirectoryManagerIF HTTP/1.1" 200 1290 "-" "Java/1.5.0_21" 1362 1551
142.255.242.104 - - [30/Jan/2016:21:23:47 -0500] "GET /LMMP/rest/dbxml/fgdc/legend/stream?label=LRO_Diviner_ST_Avg_Gray_Global_32ppd&iPlanetDirectoryPro=AQIC5wM2LY4SfcwH6QabL%2BWezbxvrSfmDCptByZLAGLY1uo%3D%40AAJTSQACMDE%3D%23 HTTP/1.1" 200 52859 "-" "Dalvik/1.6.0 (Linux; U; Android 4.4.4; CP3700A Build/KTU84P)" 1119 57416
142.255.242.104 - - [30/Jan/2016:21:23:48 -0500] "GET /opensso/UI/Login?module=Anonymous&org=appspub&goto=https://pub.lmmp.nasa.gov/LMMP/rest/dbxml/fgdc/legend/stream?label=LRO_Diviner_ST_Avg_Gray_Global_32ppd HTTP/1.1" 302 - "-" "Dalvik/1.6.0 (Linux; U; Android 4.4.4; CP3700A Build/KTU84P)" 318 992
127.0.0.1 - - [30/Jan/2016:21:23:48 -0500] "POST /opensso/sessionservice HTTP/1.1" 200 2416 "-" "Java/1.5.0_21" 818 2593
127.0.0.1 - - [30/Jan/2016:21:23:48 -0500] "POST /opensso/sessionservice HTTP/1.1" 200 272 "-" "Java/1.5.0_21" 884 449
127.0.0.1 - - [30/Jan/2016:21:23:48 -0500] "POST /opensso/policyservice HTTP/1.1" 200 9464 "-" "Java/1.5.0_21" 1124 9649
127.0.0.1 - - [30/Jan/2016:21:23:48 -0500] "POST /opensso/jaxrpc/SMSObjectIF HTTP/1.1" 200 505 "-" "Java/1.5.0_21" 847 766
127.0.0.1 - - [30/Jan/2016:21:23:48 -0500] "POST /opensso/jaxrpc/DirectoryManagerIF HTTP/1.1" 200 1290 "-" "Java/1.5.0_21" 1366 1551
127.0.0.1 - - [30/Jan/2016:21:23:48 -0500] "POST /opensso/jaxrpc/SMSObjectIF HTTP/1.1" 200 505 "-" "Java/1.5.0_21" 847 766
127.0.0.1 - - [30/Jan/2016:21:23:48 -0500] "POST /opensso/jaxrpc/DirectoryManagerIF HTTP/1.1" 200 1290 "-" "Java/1.5.0_21" 1366 1551
142.255.242.104 - - [30/Jan/2016:21:23:48 -0500] "GET /LMMP/rest/dbxml/fgdc/legend/stream?label=LRO_Diviner_ST_Avg_Gray_Global_32ppd&iPlanetDirectoryPro=AQIC5wM2LY4Sfcwyq%2FzNabsRcIyURbTHbhIlRjilip36WiM%3D%40AAJTSQACMDE%3D%23 HTTP/1.1" 200 52859 "-" "Dalvik/1.6.0 (Linux; U; Android 4.4.4; CP3700A Build/KTU84P)" 852 53854
142.255.242.104 - - [30/Jan/2016:21:23:47 -0500] "GET /arcgis/rest/services/CombinedNomenclature/MapServer/export?f=image&bbox=-145.0188846310303%2C-64.86792444291703%2C145.01885220341376%2C64.86792505445723&bboxSR=104903&size=854%2C382&format=png&transparent=true&dpi=159&imageSR=104903&layers=hide%3A-1 HTTP/1.1" 200 287 "-" "ArcGIS.Android-10.2.3/4.4.4/COOLPAD-CP3700A" 396 575
142.255.242.104 - - [30/Jan/2016:21:23:47 -0500] "GET /arcgis/rest/services/ERGraticule/MapServer/export?f=image&bbox=-145.0188846310303%2C-64.86792444291703%2C145.01885220341376%2C64.86792505445723&bboxSR=104903&size=854%2C382&format=png&transparent=true&dpi=159&imageSR=104903&layers=hide%3A-1 HTTP/1.1" 200 4833 "-" "ArcGIS.Android-10.2.3/4.4.4/COOLPAD-CP3700A" 387 5121
142.255.242.104 - - [30/Jan/2016:21:23:54 -0500] "GET /arcgis/rest/services/CombinedNomenclature/MapServer/export?f=image&bbox=-153.16029275126124%2C-96.72608403025865%2C136.8774440831828%2C33.00976546711561&bboxSR=104903&size=854%2C382&format=png&transparent=true&dpi=159&imageSR=104903&layers=hide%3A-1 HTTP/1.1" 200 287 "-" "ArcGIS.Android-10.2.3/4.4.4/COOLPAD-CP3700A" 396 573
142.255.242.104 - - [30/Jan/2016:21:23:54 -0500] "GET /arcgis/rest/services/ERGraticule/MapServer/export?f=image&bbox=-153.16029275126124%2C-96.72608403025865%2C136.8774440831828%2C33.00976546711561&bboxSR=104903&size=854%2C382&format=png&transparent=true&dpi=159&imageSR=104903&layers=hide%3A-1 HTTP/1.1" 200 5016 "-" "ArcGIS.Android-10.2.3/4.4.4/COOLPAD-CP3700A" 387 5305
142.255.242.104 - - [30/Jan/2016:21:23:55 -0500] "GET /arcgis/rest/services/CombinedNomenclature/MapServer/export?f=image&bbox=-153.16029275126138%2C-154.86792474868713%2C136.87744408318267%2C-25.13207525131287&bboxSR=104903&size=854%2C382&format=png&transparent=true&dpi=159&imageSR=104903&layers=hide%3A-1 HTTP/1.1" 200 287 "-" "ArcGIS.Android-10.2.3/4.4.4/COOLPAD-CP3700A" 399 575
142.255.242.104 - - [30/Jan/2016:21:23:55 -0500] "GET /arcgis/rest/services/ERGraticule/MapServer/export?f=image&bbox=-153.16029275126138%2C-154.86792474868713%2C136.87744408318267%2C-25.13207525131287&bboxSR=104903&size=854%2C382&format=png&transparent=true&dpi=159&imageSR=104903&layers=hide%3A-1 HTTP/1.1" 200 3985 "-" "ArcGIS.Android-10.2.3/4.4.4/COOLPAD-CP3700A" 390 4273
142.255.242.104 - - [30/Jan/2016:21:23:57 -0500] "GET /arcgis/rest/services/CombinedNomenclature/MapServer/export?f=image&bbox=-155.0018957733052%2C-94.7991858745472%2C135.03584106113885%2C34.936663622827055&bboxSR=104903&size=854%2C382&format=png&transparent=true&dpi=159&imageSR=104903&layers=hide%3A-1 HTTP/1.1" 200 287 "-" "ArcGIS.Android-10.2.3/4.4.4/COOLPAD-CP3700A" 396 572
142.255.242.104 - - [30/Jan/2016:21:23:57 -0500] "GET /arcgis/rest/services/ERGraticule/MapServer/export?f=image&bbox=-155.0018957733052%2C-94.7991858745472%2C135.03584106113885%2C34.936663622827055&bboxSR=104903&size=854%2C382&format=png&transparent=true&dpi=159&imageSR=104903&layers=hide%3A-1 HTTP/1.1" 200 5197 "-" "ArcGIS.Android-10.2.3/4.4.4/COOLPAD-CP3700A" 387 5485
142.255.242.104 - - [30/Jan/2016:21:23:58 -0500] "GET /arcgis/rest/services/CombinedNomenclature/MapServer/export?f=image&bbox=-143.12901238612235%2C-154.86792474868713%2C146.9087244483217%2C-25.13207525131287&bboxSR=104903&size=854%2C382&format=png&transparent=true&dpi=159&imageSR=104903&layers=hide%3A-1 HTTP/1.1" 200 287 "-" "ArcGIS.Android-10.2.3/4.4.4/COOLPAD-CP3700A" 398 575
142.255.242.104 - - [30/Jan/2016:21:23:59 -0500] "GET /arcgis/rest/services/ERGraticule/MapServer/export?f=image&bbox=-143.12901238612235%2C-154.86792474868713%2C146.9087244483217%2C-25.13207525131287&bboxSR=104903&size=854%2C382&format=png&transparent=true&dpi=159&imageSR=104903&layers=hide%3A-1 HTTP/1.1" 200 3825 "-" "ArcGIS.Android-10.2.3/4.4.4/COOLPAD-CP3700A" 389 4114
142.255.242.104 - - [30/Jan/2016:21:24:00 -0500] "GET /arcgis/rest/services/CombinedNomenclature/MapServer/export?f=image&bbox=-143.80746997244867%2C-154.86792474868713%2C146.23026686199537%2C-25.13207525131287&bboxSR=104903&size=854%2C382&format=png&transparent=true&dpi=159&imageSR=104903&layers=hide%3A-1 HTTP/1.1" 200 287 "-" "ArcGIS.Android-10.2.3/4.4.4/COOLPAD-CP3700A" 399 573
142.255.242.104 - - [30/Jan/2016:21:24:00 -0500] "GET /arcgis/rest/services/ERGraticule/MapServer/export?f=image&bbox=-143.80746997244867%2C-154.86792474868713%2C146.23026686199537%2C-25.13207525131287&bboxSR=104903&size=854%2C382&format=png&transparent=true&dpi=159&imageSR=104903&layers=hide%3A-1 HTTP/1.1" 200 3822 "-" "ArcGIS.Android-10.2.3/4.4.4/COOLPAD-CP3700A" 390 4110
142.255.242.104 - - [30/Jan/2016:21:24:02 -0500] "GET /arcgis/rest/services/CombinedNomenclature/MapServer/export?f=image&bbox=-223.86465673102512%2C-154.5290068893399%2C66.17308010341893%2C-24.79315739196565&bboxSR=104903&size=854%2C382&format=png&transparent=true&dpi=159&imageSR=104903&layers=hide%3A-1 HTTP/1.1" 200 287 "-" "ArcGIS.Android-10.2.3/4.4.4/COOLPAD-CP3700A" 397 574
142.255.242.104 - - [30/Jan/2016:21:24:02 -0500] "GET /arcgis/rest/services/ERGraticule/MapServer/export?f=image&bbox=-223.86465673102512%2C-154.5290068893399%2C66.17308010341893%2C-24.79315739196565&bboxSR=104903&size=854%2C382&format=png&transparent=true&dpi=159&imageSR=104903&layers=hide%3A-1 HTTP/1.1" 200 4010 "-" "ArcGIS.Android-10.2.3/4.4.4/COOLPAD-CP3700A" 388 4299
142.255.242.104 - - [30/Jan/2016:21:24:06 -0500] "GET /arcgis/rest/services/CombinedNomenclature/MapServer/export?f=image&bbox=-128.6434229800926%2C-154.86792474868713%2C161.39431385435145%2C-25.13207525131287&bboxSR=104903&size=854%2C382&format=png&transparent=true&dpi=159&imageSR=104903&layers=hide%3A-1 HTTP/1.1" 200 287 "-" "ArcGIS.Android-10.2.3/4.4.4/COOLPAD-CP3700A" 398 572
142.255.242.104 - - [30/Jan/2016:21:24:06 -0500] "GET /arcgis/rest/services/ERGraticule/MapServer/export?f=image&bbox=-128.6434229800926%2C-154.86792474868713%2C161.39431385435145%2C-25.13207525131287&bboxSR=104903&size=854%2C382&format=png&transparent=true&dpi=159&imageSR=104903&layers=hide%3A-1 HTTP/1.1" 200 4228 "-" "ArcGIS.Android-10.2.3/4.4.4/COOLPAD-CP3700A" 389 4516
142.255.242.104 - - [30/Jan/2016:21:24:07 -0500] "GET /arcgis/rest/services/ERGraticule/MapServer/export?f=image&bbox=-19.8000926570505%2C-154.86792474868713%2C270.5772668200568%2C-25.13207525131287&bboxSR=104903&size=855%2C382&format=png&transparent=true&dpi=159&imageSR=104903&layers=hide%3A-1 HTTP/1.1" 200 3600 "-" "ArcGIS.Android-10.2.3/4.4.4/COOLPAD-CP3700A" 387 3887
142.255.242.104 - - [30/Jan/2016:21:24:07 -0500] "GET /arcgis/rest/services/CombinedNomenclature/MapServer/export?f=image&bbox=-19.8000926570505%2C-154.86792474868713%2C270.5772668200568%2C-25.13207525131287&bboxSR=104903&size=855%2C382&format=png&transparent=true&dpi=159&imageSR=104903&layers=hide%3A-1 HTTP/1.1" 200 288 "-" "ArcGIS.Android-10.2.3/4.4.4/COOLPAD-CP3700A" 396 575
127.0.0.1 - - [30/Jan/2016:21:24:08 -0500] "GET /opensso/namingservice HTTP/1.1" 200 7 "-" "Java/1.5.0_21" 220 183
142.255.242.104 - - [30/Jan/2016:21:24:10 -0500] "GET /arcgis/rest/services/CombinedNomenclature/MapServer/export?f=image&bbox=-17.764740626992932%2C-112.84227083877137%2C272.2729962074511%2C16.89357865860289&bboxSR=104903&size=854%2C382&format=png&transparent=true&dpi=159&imageSR=104903&layers=hide%3A-1 HTTP/1.1" 200 287 "-" "ArcGIS.Android-10.2.3/4.4.4/COOLPAD-CP3700A" 397 573
142.255.242.104 - - [30/Jan/2016:21:24:10 -0500] "GET /arcgis/rest/services/ERGraticule/MapServer/export?f=image&bbox=-17.764740626992932%2C-112.84227083877137%2C272.2729962074511%2C16.89357865860289&bboxSR=104903&size=854%2C382&format=png&transparent=true&dpi=159&imageSR=104903&layers=hide%3A-1 HTTP/1.1" 200 4460 "-" "ArcGIS.Android-10.2.3/4.4.4/COOLPAD-CP3700A" 388 4747
127.0.0.1 - - [30/Jan/2016:21:24:12 -0500] "GET /opensso/namingservice HTTP/1.1" 200 7 "-" "Java/1.5.0_21" 220 183
142.255.242.104 - - [30/Jan/2016:21:24:12 -0500] "GET /arcgis/rest/services/CombinedNomenclature/MapServer/export?f=image&bbox=-36.47406621949057%2C-154.86792474868713%2C253.56367061495348%2C-25.13207525131287&bboxSR=104903&size=854%2C382&format=png&transparent=true&dpi=159&imageSR=104903&layers=hide%3A-1 HTTP/1.1" 200 287 "-" "ArcGIS.Android-10.2.3/4.4.4/COOLPAD-CP3700A" 398 575
142.255.242.104 - - [30/Jan/2016:21:24:12 -0500] "GET /arcgis/rest/services/ERGraticule/MapServer/export?f=image&bbox=-36.47406621949057%2C-154.86792474868713%2C253.56367061495348%2C-25.13207525131287&bboxSR=104903&size=854%2C382&format=png&transparent=true&dpi=159&imageSR=104903&layers=hide%3A-1 HTTP/1.1" 200 3567 "-" "ArcGIS.Android-10.2.3/4.4.4/COOLPAD-CP3700A" 389 3855
142.255.242.104 - - [30/Jan/2016:21:24:14 -0500] "GET /arcgis/rest/services/CombinedNomenclature/MapServer/export?f=image&bbox=-6.314715574359639%2C-154.86792474868713%2C283.7230212600844%2C-25.13207525131287&bboxSR=104903&size=854%2C382&format=png&transparent=true&dpi=159&imageSR=104903&layers=hide%3A-1 HTTP/1.1" 200 287 "-" "ArcGIS.Android-10.2.3/4.4.4/COOLPAD-CP3700A" 397 574
142.255.242.104 - - [30/Jan/2016:21:24:14 -0500] "GET /arcgis/rest/services/ERGraticule/MapServer/export?f=image&bbox=-6.314715574359639%2C-154.86792474868713%2C283.7230212600844%2C-25.13207525131287&bboxSR=104903&size=854%2C382&format=png&transparent=true&dpi=159&imageSR=104903&layers=hide%3A-1 HTTP/1.1" 200 3457 "-" "ArcGIS.Android-10.2.3/4.4.4/COOLPAD-CP3700A" 388 3745
127.0.0.1 - - [30/Jan/2016:21:24:38 -0500] "GET /opensso/namingservice HTTP/1.1" 200 7 "-" "Java/1.5.0_21" 220 183
127.0.0.1 - - [30/Jan/2016:21:24:42 -0500] "POST /opensso/sessionservice HTTP/1.1" 200 2025 "-" "Java/1.5.0_21" 714 2203
127.0.0.1 - - [30/Jan/2016:21:24:42 -0500] "GET /opensso/identity//xml/read?name=TomcatApps1&attributes_names=realm&attributes_values_realm=%2Fappspub&attributes_names=objecttype&attributes_values_objecttype=Agent&admin=AQIC5wM2LY4SfcyRautyD4RKpwbzv6XrE24fIq8LDPQGnm0%3D%40AAJTSQACMDE%3D%23 HTTP/1.1" 200 13607 "-" "Java/1.5.0_21" 440 13791
127.0.0.1 - - [30/Jan/2016:21:24:42 -0500] "GET /opensso/namingservice HTTP/1.1" 200 7 "-" "Java/1.5.0_21" 220 182
127.0.0.1 - - [30/Jan/2016:21:25:08 -0500] "GET /opensso/namingservice HTTP/1.1" 200 7 "-" "Java/1.5.0_21" 220 183
127.0.0.1 - - [30/Jan/2016:21:25:12 -0500] "GET /opensso/namingservice HTTP/1.1" 200 7 "-" "Java/1.5.0_21" 220 183
66.249.64.31 - - [30/Jan/2016:21:25:32 -0500] "GET /redmine/activity?from=2012-06-20&show_news=1&user_id=1 HTTP/1.1" 200 5677 "-" "Mozilla/5.0 (compatible; Googlebot/2.1; +http://www.google.com/bot.html)" 659 10328
127.0.0.1 - - [30/Jan/2016:21:25:38 -0500] "GET /opensso/namingservice HTTP/1.1" 200 7 "-" "Java/1.5.0_21" 220 183
127.0.0.1 - - [30/Jan/2016:21:25:42 -0500] "GET /opensso/namingservice HTTP/1.1" 200 7 "-" "Java/1.5.0_21" 220 183
182.250.253.38 - - [30/Jan/2016:21:25:49 -0500] "GET /lmmpmobile/config-1.0.json HTTP/1.1" 200 1338 "-" "Moon%20Tours/1.0.0 CFNetwork/711.5.6 Darwin/14.0.0" 217 1666
182.250.253.38 - - [30/Jan/2016:21:25:49 -0500] "GET /opensso/identity/isTokenValid HTTP/1.1" 200 14 "-" "Moon%20Tours/1.0.0 CFNetwork/711.5.6 Darwin/14.0.0" 229 172
182.250.253.38 - - [30/Jan/2016:21:25:49 -0500] "GET /opensso/UI/Login?module=Anonymous&org=appspub&goto=http%3A%2F%2Fpub.lmmp.nasa.gov%2Flmmpmobile%2Frefresh HTTP/1.1" 302 - "-" "Moon%20Tours/1.0.0 CFNetwork/711.5.6 Darwin/14.0.0" 304 932
182.250.253.38 - - [30/Jan/2016:21:25:49 -0500] "GET /lmmpmobile/refresh?iPlanetDirectoryPro=AQIC5wM2LY4SfcxEZ9q6xk8dBo5Man71t1pa2OXFsnwY0%2B8%3D%40AAJTSQACMDE%3D%23 HTTP/1.1" 200 - "-" "Moon%20Tours/1.0.0 CFNetwork/711.5.6 Darwin/14.0.0" 420 316
182.250.253.38 - - [30/Jan/2016:21:25:50 -0500] "GET /arcgis/rest/services/CombinedNomenclature/MapServer?f=json HTTP/1.1" 200 810 "arcgisios" "ArcGISiOS-2.3.2/8.4.1/iPhone7,2" 368 1105
182.250.253.38 - - [30/Jan/2016:21:25:50 -0500] "GET /arcgis/rest/services/ERGraticule/MapServer?f=json HTTP/1.1" 200 701 "arcgisios" "ArcGISiOS-2.3.2/8.4.1/iPhone7,2" 359 996
137.78.207.218 - - [30/Jan/2016:21:25:57 -0500] "HEAD /LMMPUI/LMMP_CLIENT/LMMP.html HTTP/1.1" 200 - "-" "curl/7.38.0" 110 274
127.0.0.1 - - [30/Jan/2016:21:26:08 -0500] "GET /opensso/namingservice HTTP/1.1" 200 7 "-" "Java/1.5.0_21" 220 183
127.0.0.1 - - [30/Jan/2016:21:26:12 -0500] "GET /opensso/namingservice HTTP/1.1" 200 7 "-" "Java/1.5.0_21" 220 183
127.0.0.1 - - [30/Jan/2016:21:26:38 -0500] "GET /opensso/namingservice HTTP/1.1" 200 7 "-" "Java/1.5.0_21" 220 183
127.0.0.1 - - [30/Jan/2016:21:26:42 -0500] "GET /opensso/namingservice HTTP/1.1" 200 7 "-" "Java/1.5.0_21" 220 183
127.0.0.1 - - [30/Jan/2016:21:27:08 -0500] "GET /opensso/namingservice HTTP/1.1" 200 7 "-" "Java/1.5.0_21" 220 183
127.0.0.1 - - [30/Jan/2016:21:27:12 -0500] "GET /opensso/namingservice HTTP/1.1" 200 7 "-" "Java/1.5.0_21" 220 183
127.0.0.1 - - [30/Jan/2016:21:27:38 -0500] "POST /opensso/sessionservice HTTP/1.1" 200 2024 "-" "Java/1.5.0_21" 713 2202
127.0.0.1 - - [30/Jan/2016:21:27:38 -0500] "GET /opensso/identity//xml/read?name=TomcatApps3&attributes_names=realm&attributes_values_realm=%2Fappspub&attributes_names=objecttype&attributes_values_objecttype=Agent&admin=AQIC5wM2LY4SfcxFHMEgfz%2F0a%2F0SRg5r9KAv7HKM0NfvSsI%3D%40AAJTSQACMDE%3D%23 HTTP/1.1" 200 13732 "-" "Java/1.5.0_21" 444 13916
127.0.0.1 - - [30/Jan/2016:21:27:38 -0500] "GET /opensso/namingservice HTTP/1.1" 200 7 "-" "Java/1.5.0_21" 220 182
127.0.0.1 - - [30/Jan/2016:21:27:42 -0500] "GET /opensso/namingservice HTTP/1.1" 200 7 "-" "Java/1.5.0_21" 220 183
127.0.0.1 - - [30/Jan/2016:21:28:08 -0500] "GET /opensso/namingservice HTTP/1.1" 200 7 "-" "Java/1.5.0_21" 220 183
127.0.0.1 - - [30/Jan/2016:21:28:12 -0500] "GET /opensso/namingservice HTTP/1.1" 200 7 "-" "Java/1.5.0_21" 220 183
51.255.65.4 - - [30/Jan/2016:21:28:32 -0500] "GET /redmine/users/1 HTTP/1.1" 200 4770 "-" "Mozilla/5.0 (compatible; AhrefsBot/5.0; +http://ahrefs.com/robot/)" 183 5194
127.0.0.1 - - [30/Jan/2016:21:28:38 -0500] "GET /opensso/namingservice HTTP/1.1" 200 7 "-" "Java/1.5.0_21" 220 183
127.0.0.1 - - [30/Jan/2016:21:28:42 -0500] "GET /opensso/namingservice HTTP/1.1" 200 7 "-" "Java/1.5.0_21" 220 183
127.0.0.1 - - [30/Jan/2016:21:29:08 -0500] "GET /opensso/namingservice HTTP/1.1" 200 7 "-" "Java/1.5.0_21" 220 183
127.0.0.1 - - [30/Jan/2016:21:29:12 -0500] "GET /opensso/namingservice HTTP/1.1" 200 7 "-" "Java/1.5.0_21" 220 183
127.0.0.1 - - [30/Jan/2016:21:29:38 -0500] "GET /opensso/namingservice HTTP/1.1" 200 7 "-" "Java/1.5.0_21" 220 183
127.0.0.1 - - [30/Jan/2016:21:29:42 -0500] "GET /opensso/namingservice HTTP/1.1" 200 7 "-" "Java/1.5.0_21" 220 183
127.0.0.1 - - [30/Jan/2016:21:30:08 -0500] "GET /opensso/namingservice HTTP/1.1" 200 7 "-" "Java/1.5.0_21" 220 183
127.0.0.1 - - [30/Jan/2016:21:30:12 -0500] "GET /opensso/namingservice HTTP/1.1" 200 7 "-" "Java/1.5.0_21" 220 183
127.0.0.1 - - [30/Jan/2016:21:30:38 -0500] "GET /opensso/namingservice HTTP/1.1" 200 7 "-" "Java/1.5.0_21" 220 183
127.0.0.1 - - [30/Jan/2016:21:30:42 -0500] "GET /opensso/namingservice HTTP/1.1" 200 7 "-" "Java/1.5.0_21" 220 183
137.78.207.218 - - [30/Jan/2016:21:30:58 -0500] "HEAD /LMMPUI/LMMP_CLIENT/LMMP.html HTTP/1.1" 200 - "-" "curl/7.38.0" 110 274
127.0.0.1 - - [30/Jan/2016:21:31:08 -0500] "GET /opensso/namingservice HTTP/1.1" 200 7 "-" "Java/1.5.0_21" 220 183
127.0.0.1 - - [30/Jan/2016:21:31:12 -0500] "GET /opensso/namingservice HTTP/1.1" 200 7 "-" "Java/1.5.0_21" 220 183
127.0.0.1 - - [30/Jan/2016:21:31:38 -0500] "GET /opensso/namingservice HTTP/1.1" 200 7 "-" "Java/1.5.0_21" 220 183
127.0.0.1 - - [30/Jan/2016:21:31:42 -0500] "GET /opensso/namingservice HTTP/1.1" 200 7 "-" "Java/1.5.0_21" 220 183
184.105.247.196 - - [30/Jan/2016:21:32:01 -0500] "GET / HTTP/1.1" 302 235 "-" "-" 309 4373
127.0.0.1 - - [30/Jan/2016:21:32:08 -0500] "GET /opensso/namingservice HTTP/1.1" 200 7 "-" "Java/1.5.0_21" 220 183
127.0.0.1 - - [30/Jan/2016:21:32:12 -0500] "GET /opensso/namingservice HTTP/1.1" 200 7 "-" "Java/1.5.0_21" 220 183
208.115.111.71 - - [30/Jan/2016:21:32:32 -0500] "GET /robots.txt HTTP/1.1" 404 208 "-" "Mozilla/5.0 (compatible; DotBot/1.1; http://www.opensiteexplorer.org/dotbot, help@moz.com)" 224 397
127.0.0.1 - - [30/Jan/2016:21:32:38 -0500] "GET /opensso/namingservice HTTP/1.1" 200 7 "-" "Java/1.5.0_21" 220 183
127.0.0.1 - - [30/Jan/2016:21:32:42 -0500] "GET /opensso/namingservice HTTP/1.1" 200 7 "-" "Java/1.5.0_21" 220 183
127.0.0.1 - - [30/Jan/2016:21:33:08 -0500] "GET /opensso/namingservice HTTP/1.1" 200 7 "-" "Java/1.5.0_21" 220 183
127.0.0.1 - - [30/Jan/2016:21:33:12 -0500] "GET /opensso/namingservice HTTP/1.1" 200 7 "-" "Java/1.5.0_21" 220 183
127.0.0.1 - - [30/Jan/2016:21:33:38 -0500] "GET /opensso/namingservice HTTP/1.1" 200 7 "-" "Java/1.5.0_21" 220 183
127.0.0.1 - - [30/Jan/2016:21:33:42 -0500] "GET /opensso/namingservice HTTP/1.1" 200 7 "-" "Java/1.5.0_21" 220 183
127.0.0.1 - - [30/Jan/2016:21:34:08 -0500] "GET /opensso/namingservice HTTP/1.1" 200 7 "-" "Java/1.5.0_21" 220 183
127.0.0.1 - - [30/Jan/2016:21:34:12 -0500] "GET /opensso/namingservice HTTP/1.1" 200 7 "-" "Java/1.5.0_21" 220 183
127.0.0.1 - - [30/Jan/2016:21:34:38 -0500] "GET /opensso/namingservice HTTP/1.1" 200 7 "-" "Java/1.5.0_21" 220 183
127.0.0.1 - - [30/Jan/2016:21:34:42 -0500] "GET /opensso/namingservice HTTP/1.1" 200 7 "-" "Java/1.5.0_21" 220 183
180.76.15.20 - - [30/Jan/2016:21:34:53 -0500] "GET / HTTP/1.1" 302 237 "-" "Mozilla/5.0 (compatible; Baiduspider/2.0; +http://www.baidu.com/search/spider.html)" 183 506
127.0.0.1 - - [30/Jan/2016:21:35:08 -0500] "GET /opensso/namingservice HTTP/1.1" 200 7 "-" "Java/1.5.0_21" 220 183
127.0.0.1 - - [30/Jan/2016:21:35:12 -0500] "GET /opensso/namingservice HTTP/1.1" 200 7 "-" "Java/1.5.0_21" 220 183
127.0.0.1 - - [30/Jan/2016:21:35:38 -0500] "GET /opensso/namingservice HTTP/1.1" 200 7 "-" "Java/1.5.0_21" 220 183
127.0.0.1 - - [30/Jan/2016:21:35:42 -0500] "GET /opensso/namingservice HTTP/1.1" 200 7 "-" "Java/1.5.0_21" 220 183
180.76.15.27 - - [30/Jan/2016:21:35:43 -0500] "GET / HTTP/1.1" 302 237 "-" "Mozilla/5.0 (compatible; Baiduspider/2.0; +http://www.baidu.com/search/spider.html)" 183 506
123.114.70.14 - - [30/Jan/2016:21:35:43 -0500] "GET /lmmpmobile/config-1.0.json HTTP/1.1" 200 1338 "-" "Moon%20Tours/1.0.0 CFNetwork/758.2.8 Darwin/15.0.0" 217 1666
123.114.70.14 - - [30/Jan/2016:21:35:43 -0500] "GET /opensso/identity/isTokenValid HTTP/1.1" 200 14 "-" "Moon%20Tours/1.0.0 CFNetwork/758.2.8 Darwin/15.0.0" 229 172
123.114.70.14 - - [30/Jan/2016:21:35:44 -0500] "GET /opensso/UI/Login?module=Anonymous&org=appspub&goto=http%3A%2F%2Fpub.lmmp.nasa.gov%2Flmmpmobile%2Frefresh HTTP/1.1" 302 - "-" "Moon%20Tours/1.0.0 CFNetwork/758.2.8 Darwin/15.0.0" 304 932
123.114.70.14 - - [30/Jan/2016:21:35:44 -0500] "GET /lmmpmobile/refresh?iPlanetDirectoryPro=AQIC5wM2LY4SfcwTzb90hvwNbGqLM%2BoUv56Ll9rbLKGqi1w%3D%40AAJTSQACMDE%3D%23 HTTP/1.1" 200 - "-" "Moon%20Tours/1.0.0 CFNetwork/758.2.8 Darwin/15.0.0" 420 316
137.78.207.218 - - [30/Jan/2016:21:35:57 -0500] "HEAD /LMMPUI/LMMP_CLIENT/LMMP.html HTTP/1.1" 200 - "-" "curl/7.38.0" 110 274
127.0.0.1 - - [30/Jan/2016:21:36:08 -0500] "GET /opensso/namingservice HTTP/1.1" 200 7 "-" "Java/1.5.0_21" 220 183
127.0.0.1 - - [30/Jan/2016:21:36:12 -0500] "GET /opensso/namingservice HTTP/1.1" 200 7 "-" "Java/1.5.0_21" 220 183
60.231.73.12 - - [30/Jan/2016:21:36:16 -0500] "GET /opensso/identity/isTokenValid HTTP/1.1" 200 14 "-" "Moon%20Tours/1.0.0 CFNetwork/758.2.8 Darwin/15.0.0" 229 172
60.231.73.12 - - [30/Jan/2016:21:36:16 -0500] "GET /lmmpmobile/config-1.0.json HTTP/1.1" 200 1338 "-" "Moon%20Tours/1.0.0 CFNetwork/758.2.8 Darwin/15.0.0" 217 1666
60.231.73.12 - - [30/Jan/2016:21:36:16 -0500] "GET /opensso/UI/Login?module=Anonymous&org=appspub&goto=http%3A%2F%2Fpub.lmmp.nasa.gov%2Flmmpmobile%2Frefresh HTTP/1.1" 302 - "-" "Moon%20Tours/1.0.0 CFNetwork/758.2.8 Darwin/15.0.0" 304 932
60.231.73.12 - - [30/Jan/2016:21:36:16 -0500] "GET /lmmpmobile/refresh?iPlanetDirectoryPro=AQIC5wM2LY4SfcyfeWgTXpW1IFRyQ8fSa%2BHNPslzIcUQt4c%3D%40AAJTSQACMDE%3D%23 HTTP/1.1" 200 - "-" "Moon%20Tours/1.0.0 CFNetwork/758.2.8 Darwin/15.0.0" 420 316
60.231.73.12 - - [30/Jan/2016:21:36:17 -0500] "GET /arcgis/rest/services/ERGraticule/MapServer?f=json HTTP/1.1" 200 701 "arcgisios" "ArcGISiOS-2.3.2/9.2.1/iPad4,4" 357 996
60.231.73.12 - - [30/Jan/2016:21:36:17 -0500] "GET /arcgis/rest/services/CombinedNomenclature/MapServer?f=json HTTP/1.1" 200 810 "arcgisios" "ArcGISiOS-2.3.2/9.2.1/iPad4,4" 366 1105
127.0.0.1 - - [30/Jan/2016:21:36:38 -0500] "GET /opensso/namingservice HTTP/1.1" 200 7 "-" "Java/1.5.0_21" 220 183
127.0.0.1 - - [30/Jan/2016:21:36:42 -0500] "GET /opensso/namingservice HTTP/1.1" 200 7 "-" "Java/1.5.0_21" 220 183
127.0.0.1 - - [30/Jan/2016:21:36:54 -0500] "POST /opensso/sessionservice HTTP/1.1" 200 2339 "-" "Java/1.5.0_21" 818 2517
127.0.0.1 - - [30/Jan/2016:21:36:54 -0500] "POST /opensso/sessionservice HTTP/1.1" 200 272 "-" "Java/1.5.0_21" 884 449
127.0.0.1 - - [30/Jan/2016:21:36:54 -0500] "POST /opensso/sessionservice HTTP/1.1" 200 2418 "-" "Java/1.5.0_21" 818 2595
127.0.0.1 - - [30/Jan/2016:21:36:54 -0500] "POST /opensso/policyservice HTTP/1.1" 200 9464 "-" "Java/1.5.0_21" 1118 9649
127.0.0.1 - - [30/Jan/2016:21:36:54 -0500] "POST /opensso/jaxrpc/SMSObjectIF HTTP/1.1" 200 505 "-" "Java/1.5.0_21" 847 766
127.0.0.1 - - [30/Jan/2016:21:36:54 -0500] "POST /opensso/jaxrpc/DirectoryManagerIF HTTP/1.1" 200 1290 "-" "Java/1.5.0_21" 1362 1551
60.231.73.12 - - [30/Jan/2016:21:36:54 -0500] "GET /LMMP/rest/dbxml/fgdc/abstract?label=LRO_WAC_Mosaic_Global_303ppd HTTP/1.1" 200 291 "-" "Moon%20Tours/1.0.0 CFNetwork/758.2.8 Darwin/15.0.0" 751 4649
127.0.0.1 - - [30/Jan/2016:21:37:08 -0500] "GET /opensso/namingservice HTTP/1.1" 200 7 "-" "Java/1.5.0_21" 220 183
127.0.0.1 - - [30/Jan/2016:21:37:12 -0500] "GET /opensso/namingservice HTTP/1.1" 200 7 "-" "Java/1.5.0_21" 220 183
127.0.0.1 - - [30/Jan/2016:21:37:38 -0500] "GET /opensso/namingservice HTTP/1.1" 200 7 "-" "Java/1.5.0_21" 220 183
127.0.0.1 - - [30/Jan/2016:21:37:42 -0500] "GET /opensso/namingservice HTTP/1.1" 200 7 "-" "Java/1.5.0_21" 220 183
60.231.73.12 - - [30/Jan/2016:21:37:58 -0500] "GET /opensso/identity/isTokenValid HTTP/1.1" 200 13 "-" "Moon%20Tours/1.0.0 CFNetwork/758.2.8 Darwin/15.0.0" 338 171
127.0.0.1 - - [30/Jan/2016:21:38:08 -0500] "GET /opensso/namingservice HTTP/1.1" 200 7 "-" "Java/1.5.0_21" 220 183
127.0.0.1 - - [30/Jan/2016:21:38:12 -0500] "GET /opensso/namingservice HTTP/1.1" 200 7 "-" "Java/1.5.0_21" 220 183
127.0.0.1 - - [30/Jan/2016:21:38:38 -0500] "GET /opensso/namingservice HTTP/1.1" 200 7 "-" "Java/1.5.0_21" 220 183
127.0.0.1 - - [30/Jan/2016:21:38:42 -0500] "GET /opensso/namingservice HTTP/1.1" 200 7 "-" "Java/1.5.0_21" 220 183
127.0.0.1 - - [30/Jan/2016:21:39:08 -0500] "GET /opensso/namingservice HTTP/1.1" 200 7 "-" "Java/1.5.0_21" 220 183
127.0.0.1 - - [30/Jan/2016:21:39:12 -0500] "GET /opensso/namingservice HTTP/1.1" 200 7 "-" "Java/1.5.0_21" 220 183
127.0.0.1 - - [30/Jan/2016:21:39:38 -0500] "GET /opensso/namingservice HTTP/1.1" 200 7 "-" "Java/1.5.0_21" 220 183
127.0.0.1 - - [30/Jan/2016:21:39:42 -0500] "GET /opensso/namingservice HTTP/1.1" 200 7 "-" "Java/1.5.0_21" 220 183
127.0.0.1 - - [30/Jan/2016:21:40:08 -0500] "GET /opensso/namingservice HTTP/1.1" 200 7 "-" "Java/1.5.0_21" 220 183
127.0.0.1 - - [30/Jan/2016:21:40:12 -0500] "GET /opensso/namingservice HTTP/1.1" 200 7 "-" "Java/1.5.0_21" 220 183
127.0.0.1 - - [30/Jan/2016:21:40:38 -0500] "GET /opensso/namingservice HTTP/1.1" 200 7 "-" "Java/1.5.0_21" 220 183
127.0.0.1 - - [30/Jan/2016:21:40:42 -0500] "GET /opensso/namingservice HTTP/1.1" 200 7 "-" "Java/1.5.0_21" 220 183
137.78.207.218 - - [30/Jan/2016:21:40:58 -0500] "HEAD /LMMPUI/LMMP_CLIENT/LMMP.html HTTP/1.1" 200 - "-" "curl/7.38.0" 110 274
127.0.0.1 - - [30/Jan/2016:21:41:08 -0500] "GET /opensso/namingservice HTTP/1.1" 200 7 "-" "Java/1.5.0_21" 220 183
127.0.0.1 - - [30/Jan/2016:21:41:12 -0500] "GET /opensso/namingservice HTTP/1.1" 200 7 "-" "Java/1.5.0_21" 220 183
127.0.0.1 - - [30/Jan/2016:21:41:38 -0500] "GET /opensso/namingservice HTTP/1.1" 200 7 "-" "Java/1.5.0_21" 220 183
127.0.0.1 - - [30/Jan/2016:21:41:42 -0500] "GET /opensso/namingservice HTTP/1.1" 200 7 "-" "Java/1.5.0_21" 220 183
127.0.0.1 - - [30/Jan/2016:21:42:08 -0500] "GET /opensso/namingservice HTTP/1.1" 200 7 "-" "Java/1.5.0_21" 220 183
127.0.0.1 - - [30/Jan/2016:21:42:12 -0500] "GET /opensso/namingservice HTTP/1.1" 200 7 "-" "Java/1.5.0_21" 220 183
127.0.0.1 - - [30/Jan/2016:21:42:38 -0500] "GET /opensso/namingservice HTTP/1.1" 200 7 "-" "Java/1.5.0_21" 220 183
127.0.0.1 - - [30/Jan/2016:21:42:42 -0500] "GET /opensso/namingservice HTTP/1.1" 200 7 "-" "Java/1.5.0_21" 220 183
127.0.0.1 - - [30/Jan/2016:21:43:08 -0500] "GET /opensso/namingservice HTTP/1.1" 200 7 "-" "Java/1.5.0_21" 220 183
127.0.0.1 - - [30/Jan/2016:21:43:12 -0500] "GET /opensso/namingservice HTTP/1.1" 200 7 "-" "Java/1.5.0_21" 220 183
127.0.0.1 - - [30/Jan/2016:21:43:38 -0500] "GET /opensso/namingservice HTTP/1.1" 200 7 "-" "Java/1.5.0_21" 220 183
127.0.0.1 - - [30/Jan/2016:21:43:42 -0500] "GET /opensso/namingservice HTTP/1.1" 200 7 "-" "Java/1.5.0_21" 220 183
66.249.64.228 - - [30/Jan/2016:21:44:01 -0500] "GET /LMMPUI/LMMP_CLIENT/LMMP.html HTTP/1.1" 200 9400 "-" "Mozilla/5.0 (iPhone; CPU iPhone OS 8_3 like Mac OS X) AppleWebKit/600.1.4 (KHTML, like Gecko) Version/8.0 Mobile/12F70 Safari/600.1.4 (compatible; Googlebot/2.1; +http://www.google.com/bot.html)" 441 9730
127.0.0.1 - - [30/Jan/2016:21:44:08 -0500] "GET /opensso/namingservice HTTP/1.1" 200 7 "-" "Java/1.5.0_21" 220 183
127.0.0.1 - - [30/Jan/2016:21:44:12 -0500] "GET /opensso/namingservice HTTP/1.1" 200 7 "-" "Java/1.5.0_21" 220 183
127.0.0.1 - - [30/Jan/2016:21:44:38 -0500] "GET /opensso/namingservice HTTP/1.1" 200 7 "-" "Java/1.5.0_21" 220 183
127.0.0.1 - - [30/Jan/2016:21:44:42 -0500] "GET /opensso/namingservice HTTP/1.1" 200 7 "-" "Java/1.5.0_21" 220 183
60.231.73.12 - - [30/Jan/2016:21:45:00 -0500] "GET /opensso/identity/isTokenValid HTTP/1.1" 200 13 "-" "Moon%20Tours/1.0.0 CFNetwork/758.2.8 Darwin/15.0.0" 338 171
127.0.0.1 - - [30/Jan/2016:21:45:08 -0500] "GET /opensso/namingservice HTTP/1.1" 200 7 "-" "Java/1.5.0_21" 220 183
127.0.0.1 - - [30/Jan/2016:21:45:12 -0500] "GET /opensso/namingservice HTTP/1.1" 200 7 "-" "Java/1.5.0_21" 220 183
127.0.0.1 - - [30/Jan/2016:21:45:38 -0500] "GET /opensso/namingservice HTTP/1.1" 200 7 "-" "Java/1.5.0_21" 220 183
127.0.0.1 - - [30/Jan/2016:21:45:42 -0500] "GET /opensso/namingservice HTTP/1.1" 200 7 "-" "Java/1.5.0_21" 220 183
137.78.207.218 - - [30/Jan/2016:21:45:57 -0500] "HEAD /LMMPUI/LMMP_CLIENT/LMMP.html HTTP/1.1" 200 - "-" "curl/7.38.0" 110 274
127.0.0.1 - - [30/Jan/2016:21:46:08 -0500] "GET /opensso/namingservice HTTP/1.1" 200 7 "-" "Java/1.5.0_21" 220 183
127.0.0.1 - - [30/Jan/2016:21:46:12 -0500] "GET /opensso/namingservice HTTP/1.1" 200 7 "-" "Java/1.5.0_21" 220 183
127.0.0.1 - - [30/Jan/2016:21:46:38 -0500] "GET /opensso/namingservice HTTP/1.1" 200 7 "-" "Java/1.5.0_21" 220 183
60.231.73.12 - - [30/Jan/2016:21:46:39 -0500] "GET /lmmpmobile/pages/assets/NASA_logo.png HTTP/1.1" 200 17149 "-" "Mozilla/5.0 (iPad; CPU OS 9_2_1 like Mac OS X) AppleWebKit/601.1.46 (KHTML, like Gecko) Mobile/13D15" 396 17472
127.0.0.1 - - [30/Jan/2016:21:46:42 -0500] "GET /opensso/namingservice HTTP/1.1" 200 7 "-" "Java/1.5.0_21" 220 183
127.0.0.1 - - [30/Jan/2016:21:47:08 -0500] "GET /opensso/namingservice HTTP/1.1" 200 7 "-" "Java/1.5.0_21" 220 183
127.0.0.1 - - [30/Jan/2016:21:47:12 -0500] "GET /opensso/namingservice HTTP/1.1" 200 7 "-" "Java/1.5.0_21" 220 183
60.231.73.12 - - [30/Jan/2016:21:47:22 -0500] "GET /lmmpmobile/pages/assets/help-toptoolbar.png HTTP/1.1" 200 24463 "-" "Mozilla/5.0 (iPad; CPU OS 9_2_1 like Mac OS X) AppleWebKit/601.1.46 (KHTML, like Gecko) Mobile/13D15" 402 24786
60.231.73.12 - - [30/Jan/2016:21:47:22 -0500] "GET /lmmpmobile/pages/assets/help-searchresult.png HTTP/1.1" 200 80323 "-" "Mozilla/5.0 (iPad; CPU OS 9_2_1 like Mac OS X) AppleWebKit/601.1.46 (KHTML, like Gecko) Mobile/13D15" 404 80647
60.231.73.12 - - [30/Jan/2016:21:47:23 -0500] "GET /lmmpmobile/pages/assets/help-layersort.png HTTP/1.1" 200 54319 "-" "Mozilla/5.0 (iPad; CPU OS 9_2_1 like Mac OS X) AppleWebKit/601.1.46 (KHTML, like Gecko) Mobile/13D15" 401 54641
60.231.73.12 - - [30/Jan/2016:21:47:22 -0500] "GET /lmmpmobile/pages/assets/help-bottomtoolbar.png HTTP/1.1" 200 85618 "-" "Mozilla/5.0 (iPad; CPU OS 9_2_1 like Mac OS X) AppleWebKit/601.1.46 (KHTML, like Gecko) Mobile/13D15" 405 85942
60.231.73.12 - - [30/Jan/2016:21:47:22 -0500] "GET /lmmpmobile/pages/assets/help-thumbnail.png HTTP/1.1" 200 73927 "-" "Mozilla/5.0 (iPad; CPU OS 9_2_1 like Mac OS X) AppleWebKit/601.1.46 (KHTML, like Gecko) Mobile/13D15" 401 74251
60.231.73.12 - - [30/Jan/2016:21:47:22 -0500] "GET /lmmpmobile/pages/assets/help-stack.png HTTP/1.1" 200 152486 "-" "Mozilla/5.0 (iPad; CPU OS 9_2_1 like Mac OS X) AppleWebKit/601.1.46 (KHTML, like Gecko) Mobile/13D15" 397 152811
60.231.73.12 - - [30/Jan/2016:21:47:22 -0500] "GET /lmmpmobile/pages/assets/help-loupedistance.png HTTP/1.1" 200 202527 "-" "Mozilla/5.0 (iPad; CPU OS 9_2_1 like Mac OS X) AppleWebKit/601.1.46 (KHTML, like Gecko) Mobile/13D15" 405 202852
60.231.73.12 - - [30/Jan/2016:21:47:23 -0500] "GET /lmmpmobile/pages/assets/help-description.png HTTP/1.1" 200 102275 "-" "Mozilla/5.0 (iPad; CPU OS 9_2_1 like Mac OS X) AppleWebKit/601.1.46 (KHTML, like Gecko) Mobile/13D15" 403 102599
60.231.73.12 - - [30/Jan/2016:21:47:25 -0500] "GET /lmmpmobile/pages/assets/help-threedee.png HTTP/1.1" 200 375512 "-" "Mozilla/5.0 (iPad; CPU OS 9_2_1 like Mac OS X) AppleWebKit/601.1.46 (KHTML, like Gecko) Mobile/13D15" 400 375836
127.0.0.1 - - [30/Jan/2016:21:47:38 -0500] "GET /opensso/namingservice HTTP/1.1" 200 7 "-" "Java/1.5.0_21" 220 183
127.0.0.1 - - [30/Jan/2016:21:47:42 -0500] "GET /opensso/namingservice HTTP/1.1" 200 7 "-" "Java/1.5.0_21" 220 183
127.0.0.1 - - [30/Jan/2016:21:48:08 -0500] "GET /opensso/namingservice HTTP/1.1" 200 7 "-" "Java/1.5.0_21" 220 183
60.231.73.12 - - [30/Jan/2016:21:48:08 -0500] "GET /opensso/identity/isTokenValid HTTP/1.1" 200 13 "-" "Moon%20Tours/1.0.0 CFNetwork/758.2.8 Darwin/15.0.0" 338 171
127.0.0.1 - - [30/Jan/2016:21:48:12 -0500] "GET /opensso/namingservice HTTP/1.1" 200 7 "-" "Java/1.5.0_21" 220 183
127.0.0.1 - - [30/Jan/2016:21:48:38 -0500] "GET /opensso/namingservice HTTP/1.1" 200 7 "-" "Java/1.5.0_21" 220 183
127.0.0.1 - - [30/Jan/2016:21:48:42 -0500] "GET /opensso/namingservice HTTP/1.1" 200 7 "-" "Java/1.5.0_21" 220 183
127.0.0.1 - - [30/Jan/2016:21:49:08 -0500] "GET /opensso/namingservice HTTP/1.1" 200 7 "-" "Java/1.5.0_21" 220 183
127.0.0.1 - - [30/Jan/2016:21:49:12 -0500] "GET /opensso/namingservice HTTP/1.1" 200 7 "-" "Java/1.5.0_21" 220 183
127.0.0.1 - - [30/Jan/2016:21:49:38 -0500] "GET /opensso/namingservice HTTP/1.1" 200 7 "-" "Java/1.5.0_21" 220 183
127.0.0.1 - - [30/Jan/2016:21:49:42 -0500] "GET /opensso/namingservice HTTP/1.1" 200 7 "-" "Java/1.5.0_21" 220 183
127.0.0.1 - - [30/Jan/2016:21:50:08 -0500] "GET /opensso/namingservice HTTP/1.1" 200 7 "-" "Java/1.5.0_21" 220 183
127.0.0.1 - - [30/Jan/2016:21:50:12 -0500] "GET /opensso/namingservice HTTP/1.1" 200 7 "-" "Java/1.5.0_21" 220 183
127.0.0.1 - - [30/Jan/2016:21:50:38 -0500] "GET /opensso/namingservice HTTP/1.1" 200 7 "-" "Java/1.5.0_21" 220 183
127.0.0.1 - - [30/Jan/2016:21:50:42 -0500] "GET /opensso/namingservice HTTP/1.1" 200 7 "-" "Java/1.5.0_21" 220 183
137.78.207.218 - - [30/Jan/2016:21:50:57 -0500] "HEAD /LMMPUI/LMMP_CLIENT/LMMP.html HTTP/1.1" 200 - "-" "curl/7.38.0" 110 274
127.0.0.1 - - [30/Jan/2016:21:51:08 -0500] "GET /opensso/namingservice HTTP/1.1" 200 7 "-" "Java/1.5.0_21" 220 183
127.0.0.1 - - [30/Jan/2016:21:51:12 -0500] "GET /opensso/namingservice HTTP/1.1" 200 7 "-" "Java/1.5.0_21" 220 183
127.0.0.1 - - [30/Jan/2016:21:51:38 -0500] "GET /opensso/namingservice HTTP/1.1" 200 7 "-" "Java/1.5.0_21" 220 183
127.0.0.1 - - [30/Jan/2016:21:51:42 -0500] "GET /opensso/namingservice HTTP/1.1" 200 7 "-" "Java/1.5.0_21" 220 183
60.231.73.12 - - [30/Jan/2016:21:51:58 -0500] "GET /opensso/identity/isTokenValid HTTP/1.1" 200 13 "-" "Moon%20Tours/1.0.0 CFNetwork/758.2.8 Darwin/15.0.0" 338 171
127.0.0.1 - - [30/Jan/2016:21:52:08 -0500] "GET /opensso/namingservice HTTP/1.1" 200 7 "-" "Java/1.5.0_21" 220 183
127.0.0.1 - - [30/Jan/2016:21:52:12 -0500] "GET /opensso/namingservice HTTP/1.1" 200 7 "-" "Java/1.5.0_21" 220 183
60.231.73.12 - - [30/Jan/2016:21:52:15 -0500] "GET /opensso/identity/isTokenValid HTTP/1.1" 200 13 "-" "Moon%20Tours/1.0.0 CFNetwork/758.2.8 Darwin/15.0.0" 338 171
127.0.0.1 - - [30/Jan/2016:21:52:38 -0500] "GET /opensso/namingservice HTTP/1.1" 200 7 "-" "Java/1.5.0_21" 220 183
127.0.0.1 - - [30/Jan/2016:21:52:42 -0500] "GET /opensso/namingservice HTTP/1.1" 200 7 "-" "Java/1.5.0_21" 220 183
127.0.0.1 - - [30/Jan/2016:21:53:08 -0500] "GET /opensso/namingservice HTTP/1.1" 200 7 "-" "Java/1.5.0_21" 220 183
127.0.0.1 - - [30/Jan/2016:21:53:12 -0500] "GET /opensso/namingservice HTTP/1.1" 200 7 "-" "Java/1.5.0_21" 220 183
127.0.0.1 - - [30/Jan/2016:21:53:38 -0500] "GET /opensso/namingservice HTTP/1.1" 200 7 "-" "Java/1.5.0_21" 220 183
127.0.0.1 - - [30/Jan/2016:21:53:42 -0500] "GET /opensso/namingservice HTTP/1.1" 200 7 "-" "Java/1.5.0_21" 220 183
127.0.0.1 - - [30/Jan/2016:21:54:08 -0500] "GET /opensso/namingservice HTTP/1.1" 200 7 "-" "Java/1.5.0_21" 220 183
127.0.0.1 - - [30/Jan/2016:21:54:12 -0500] "GET /opensso/namingservice HTTP/1.1" 200 7 "-" "Java/1.5.0_21" 220 183
127.0.0.1 - - [30/Jan/2016:21:54:38 -0500] "GET /opensso/namingservice HTTP/1.1" 200 7 "-" "Java/1.5.0_21" 220 183
127.0.0.1 - - [30/Jan/2016:21:54:42 -0500] "GET /opensso/namingservice HTTP/1.1" 200 7 "-" "Java/1.5.0_21" 220 183
127.0.0.1 - - [30/Jan/2016:21:55:08 -0500] "GET /opensso/namingservice HTTP/1.1" 200 7 "-" "Java/1.5.0_21" 220 183
127.0.0.1 - - [30/Jan/2016:21:55:12 -0500] "GET /opensso/namingservice HTTP/1.1" 200 7 "-" "Java/1.5.0_21" 220 183
127.0.0.1 - - [30/Jan/2016:21:55:38 -0500] "GET /opensso/namingservice HTTP/1.1" 200 7 "-" "Java/1.5.0_21" 220 183
127.0.0.1 - - [30/Jan/2016:21:55:42 -0500] "GET /opensso/namingservice HTTP/1.1" 200 7 "-" "Java/1.5.0_21" 220 183
137.78.207.218 - - [30/Jan/2016:21:55:57 -0500] "HEAD /LMMPUI/LMMP_CLIENT/LMMP.html HTTP/1.1" 200 - "-" "curl/7.38.0" 110 274
127.0.0.1 - - [30/Jan/2016:21:56:08 -0500] "GET /opensso/namingservice HTTP/1.1" 200 7 "-" "Java/1.5.0_21" 220 183
127.0.0.1 - - [30/Jan/2016:21:56:12 -0500] "GET /opensso/namingservice HTTP/1.1" 200 7 "-" "Java/1.5.0_21" 220 183
127.0.0.1 - - [30/Jan/2016:21:56:38 -0500] "GET /opensso/namingservice HTTP/1.1" 200 7 "-" "Java/1.5.0_21" 220 183
127.0.0.1 - - [30/Jan/2016:21:56:42 -0500] "GET /opensso/namingservice HTTP/1.1" 200 7 "-" "Java/1.5.0_21" 220 183
127.0.0.1 - - [30/Jan/2016:21:57:08 -0500] "GET /opensso/namingservice HTTP/1.1" 200 7 "-" "Java/1.5.0_21" 220 183
127.0.0.1 - - [30/Jan/2016:21:57:12 -0500] "GET /opensso/namingservice HTTP/1.1" 200 7 "-" "Java/1.5.0_21" 220 183
127.0.0.1 - - [30/Jan/2016:21:57:38 -0500] "GET /opensso/namingservice HTTP/1.1" 200 7 "-" "Java/1.5.0_21" 220 183
127.0.0.1 - - [30/Jan/2016:21:57:42 -0500] "GET /opensso/namingservice HTTP/1.1" 200 7 "-" "Java/1.5.0_21" 220 183
127.0.0.1 - - [30/Jan/2016:21:58:08 -0500] "GET /opensso/namingservice HTTP/1.1" 200 7 "-" "Java/1.5.0_21" 220 183
