107.209.193.200 - - [27/Feb/2015:20:05:57 -0500] "GET /LMMPUI/LMMP_CLIENT/LMMP_WB.swf HTTP/1.1" 200 972505 "http://pub.lmmp.nasa.gov/LMMPUI/LMMP_CLIENT/LMMP.html" "Mozilla/5.0 (X11; Linux x86_64) AppleWebKit/537.36 (KHTML, like Gecko) Chrome/40.0.2214.115 Safari/537.36" 738 972858
107.209.193.200 - - [27/Feb/2015:20:05:59 -0500] "GET /LMMPUI/LMMP_CLIENT/assets/image/background.jpg HTTP/1.1" 200 69719 "http://pub.lmmp.nasa.gov/LMMPUI/LMMP_CLIENT/LMMP.html" "Mozilla/5.0 (X11; Linux x86_64) AppleWebKit/537.36 (KHTML, like Gecko) Chrome/40.0.2214.115 Safari/537.36" 754 70051
107.209.193.200 - - [27/Feb/2015:20:05:59 -0500] "GET /LMMPUI/LMMP_CLIENT/assets/image/space.jpg HTTP/1.1" 200 25415 "http://pub.lmmp.nasa.gov/LMMPUI/LMMP_CLIENT/LMMP.html" "Mozilla/5.0 (X11; Linux x86_64) AppleWebKit/537.36 (KHTML, like Gecko) Chrome/40.0.2214.115 Safari/537.36" 749 25747
107.209.193.200 - - [27/Feb/2015:20:06:00 -0500] "GET /LMMPUI/LMMP_CLIENT/config/config.xml?1425085559390 HTTP/1.1" 200 11971 "http://pub.lmmp.nasa.gov/LMMPUI/LMMP_CLIENT/LMMP.html" "Mozilla/5.0 (X11; Linux x86_64) AppleWebKit/537.36 (KHTML, like Gecko) Chrome/40.0.2214.115 Safari/537.36" 758 12308
107.209.193.200 - - [27/Feb/2015:20:06:00 -0500] "GET /LMMPUI/LMMP_CLIENT/config/ldap.xml HTTP/1.1" 200 492 "http://pub.lmmp.nasa.gov/LMMPUI/LMMP_CLIENT/LMMP.html" "Mozilla/5.0 (X11; Linux x86_64) AppleWebKit/537.36 (KHTML, like Gecko) Chrome/40.0.2214.115 Safari/537.36" 742 825
107.209.193.200 - - [27/Feb/2015:20:06:00 -0500] "GET /LMMPUI/LMMP_CLIENT/config/helpLinks.xml HTTP/1.1" 200 796 "http://pub.lmmp.nasa.gov/LMMPUI/LMMP_CLIENT/LMMP.html" "Mozilla/5.0 (X11; Linux x86_64) AppleWebKit/537.36 (KHTML, like Gecko) Chrome/40.0.2214.115 Safari/537.36" 747 1129
107.209.193.200 - - [27/Feb/2015:20:06:00 -0500] "GET /LMMPUI/LMMP_CLIENT/assets/image/NASA_logo.png HTTP/1.1" 200 14512 "http://pub.lmmp.nasa.gov/LMMPUI/LMMP_CLIENT/LMMP.html" "Mozilla/5.0 (X11; Linux x86_64) AppleWebKit/537.36 (KHTML, like Gecko) Chrome/40.0.2214.115 Safari/537.36" 753 14843
107.209.193.200 - - [27/Feb/2015:20:06:00 -0500] "GET /LMMPUI/LMMP_CLIENT/homepage/features.xml?v=1425085559734 HTTP/1.1" 200 1611 "http://pub.lmmp.nasa.gov/LMMPUI/LMMP_CLIENT/LMMP.html" "Mozilla/5.0 (X11; Linux x86_64) AppleWebKit/537.36 (KHTML, like Gecko) Chrome/40.0.2214.115 Safari/537.36" 764 1947
127.0.0.1 - - [27/Feb/2015:20:06:00 -0500] "POST /opensso/sessionservice HTTP/1.1" 200 2017 "-" "Java/1.5.0_21" 712 2195
127.0.0.1 - - [27/Feb/2015:20:06:00 -0500] "GET /openssorest/token/localldap HTTP/1.1" 200 62 "-" "Java/1.5.0_21" 277 239
107.209.193.200 - - [27/Feb/2015:20:06:00 -0500] "GET /LMMPUI/rest/proxy/proxyService?cs=bG1tcGd1ZXN0fGd1ZXN0bG1tcHxodHRwOi8vcHViLmxtbXAubmFzYS5nb3Yvb3BlbnNzb3Jlc3QvdG9rZW4vbG9jYWxsZGFw HTTP/1.1" 200 63 "http://pub.lmmp.nasa.gov/LMMPUI/LMMP_CLIENT/LMMP.html" "Mozilla/5.0 (X11; Linux x86_64) AppleWebKit/537.36 (KHTML, like Gecko) Chrome/40.0.2214.115 Safari/537.36" 838 238
127.0.0.1 - - [27/Feb/2015:20:06:00 -0500] "POST /opensso/sessionservice HTTP/1.1" 200 413 "-" "Java/1.5.0_21" 817 590
107.209.193.200 - - [27/Feb/2015:20:06:00 -0500] "POST /openssorest/token/localldap HTTP/1.1" 200 62 "http://pub.lmmp.nasa.gov/LMMPUI/LMMP_CLIENT/LMMP_WB.swf/[[DYNAMIC]]/10" "Mozilla/5.0 (X11; Linux x86_64) AppleWebKit/537.36 (KHTML, like Gecko) Chrome/40.0.2214.115 Safari/537.36" 912 397
107.209.193.200 - - [27/Feb/2015:20:06:01 -0500] "GET /opensso/identity/isTokenValid?iPlanetDirectoryPro=AQIC5wM2LY4SfczWtyh4FuWsEDRakFsEElfscN1iHwvjC0E%3D%40AAJTSQACMDE%3D%23 HTTP/1.1" 200 13 "http://pub.lmmp.nasa.gov/LMMPUI/LMMP_CLIENT/LMMP.html" "Mozilla/5.0 (X11; Linux x86_64) AppleWebKit/537.36 (KHTML, like Gecko) Chrome/40.0.2214.115 Safari/537.36" 828 170
107.209.193.200 - - [27/Feb/2015:20:06:01 -0500] "GET /opensso/identity/isTokenValid?iPlanetDirectoryPro=AQIC5wM2LY4SfczWtyh4FuWsEDRakFsEElfscN1iHwvjC0E%3D%40AAJTSQACMDE%3D%23 HTTP/1.1" 200 13 "http://pub.lmmp.nasa.gov/LMMPUI/LMMP_CLIENT/LMMP.html" "Mozilla/5.0 (X11; Linux x86_64) AppleWebKit/537.36 (KHTML, like Gecko) Chrome/40.0.2214.115 Safari/537.36" 828 170
107.209.193.200 - - [27/Feb/2015:20:06:01 -0500] "GET /opensso/identity/attributes?iPlanetDirectoryPro=AQIC5wM2LY4SfczWtyh4FuWsEDRakFsEElfscN1iHwvjC0E%3D%40AAJTSQACMDE%3D%23 HTTP/1.1" 200 981 "http://pub.lmmp.nasa.gov/LMMPUI/LMMP_CLIENT/LMMP.html" "Mozilla/5.0 (X11; Linux x86_64) AppleWebKit/537.36 (KHTML, like Gecko) Chrome/40.0.2214.115 Safari/537.36" 826 1139
127.0.0.1 - - [27/Feb/2015:20:06:01 -0500] "POST /opensso/sessionservice HTTP/1.1" 200 2014 "-" "Java/1.5.0_21" 817 2192
127.0.0.1 - - [27/Feb/2015:20:06:01 -0500] "POST /opensso/policyservice HTTP/1.1" 200 9461 "-" "Java/1.5.0_21" 1121 9646
127.0.0.1 - - [27/Feb/2015:20:06:01 -0500] "POST /opensso/jaxrpc/SMSObjectIF HTTP/1.1" 200 505 "-" "Java/1.5.0_21" 847 766
127.0.0.1 - - [27/Feb/2015:20:06:01 -0500] "POST /opensso/jaxrpc/DirectoryManagerIF HTTP/1.1" 200 1290 "-" "Java/1.5.0_21" 1362 1551
107.209.193.200 - - [27/Feb/2015:20:06:01 -0500] "GET /LMMP/rest/dbxml/resources?iPlanetDirectoryPro=AQIC5wM2LY4SfczWtyh4FuWsEDRakFsEElfscN1iHwvjC0E%3D%40AAJTSQACMDE%3D%23 HTTP/1.1" 200 2827 "http://pub.lmmp.nasa.gov/LMMPUI/LMMP_CLIENT/LMMP.html" "Mozilla/5.0 (X11; Linux x86_64) AppleWebKit/537.36 (KHTML, like Gecko) Chrome/40.0.2214.115 Safari/537.36" 824 3079
107.209.193.200 - - [27/Feb/2015:20:06:02 -0500] "GET /opensso/identity/isTokenValid?iPlanetDirectoryPro=AQIC5wM2LY4SfczWtyh4FuWsEDRakFsEElfscN1iHwvjC0E%3D%40AAJTSQACMDE%3D%23 HTTP/1.1" 200 13 "http://pub.lmmp.nasa.gov/LMMPUI/LMMP_CLIENT/LMMP.html" "Mozilla/5.0 (X11; Linux x86_64) AppleWebKit/537.36 (KHTML, like Gecko) Chrome/40.0.2214.115 Safari/537.36" 828 170
107.209.193.200 - - [27/Feb/2015:20:06:02 -0500] "GET /opensso/identity/isTokenValid?iPlanetDirectoryPro=AQIC5wM2LY4SfczWtyh4FuWsEDRakFsEElfscN1iHwvjC0E%3D%40AAJTSQACMDE%3D%23 HTTP/1.1" 200 13 "http://pub.lmmp.nasa.gov/LMMPUI/LMMP_CLIENT/LMMP.html" "Mozilla/5.0 (X11; Linux x86_64) AppleWebKit/537.36 (KHTML, like Gecko) Chrome/40.0.2214.115 Safari/537.36" 828 170
107.209.193.200 - - [27/Feb/2015:20:06:02 -0500] "GET /opensso/identity/isTokenValid?iPlanetDirectoryPro=AQIC5wM2LY4SfczWtyh4FuWsEDRakFsEElfscN1iHwvjC0E%3D%40AAJTSQACMDE%3D%23 HTTP/1.1" 200 13 "http://pub.lmmp.nasa.gov/LMMPUI/LMMP_CLIENT/LMMP.html" "Mozilla/5.0 (X11; Linux x86_64) AppleWebKit/537.36 (KHTML, like Gecko) Chrome/40.0.2214.115 Safari/537.36" 828 170
107.209.193.200 - - [27/Feb/2015:20:06:02 -0500] "GET /LMMPUI/LMMP_CLIENT/config/basemap.xml?iPlanetDirectoryPro=AQIC5wM2LY4SfczWtyh4FuWsEDRakFsEElfscN1iHwvjC0E%3D%40AAJTSQACMDE%3D%23 HTTP/1.1" 200 232 "http://pub.lmmp.nasa.gov/LMMPUI/LMMP_CLIENT/LMMP.html" "Mozilla/5.0 (X11; Linux x86_64) AppleWebKit/537.36 (KHTML, like Gecko) Chrome/40.0.2214.115 Safari/537.36" 836 565
107.209.193.200 - - [27/Feb/2015:20:06:02 -0500] "GET /LMMPUI/LMMP_CLIENT/config/npBasemap.xml?iPlanetDirectoryPro=AQIC5wM2LY4SfczWtyh4FuWsEDRakFsEElfscN1iHwvjC0E%3D%40AAJTSQACMDE%3D%23 HTTP/1.1" 200 178 "http://pub.lmmp.nasa.gov/LMMPUI/LMMP_CLIENT/LMMP.html" "Mozilla/5.0 (X11; Linux x86_64) AppleWebKit/537.36 (KHTML, like Gecko) Chrome/40.0.2214.115 Safari/537.36" 838 511
107.209.193.200 - - [27/Feb/2015:20:06:02 -0500] "GET /LMMPUI/LMMP_CLIENT/config/spBasemap.xml?iPlanetDirectoryPro=AQIC5wM2LY4SfczWtyh4FuWsEDRakFsEElfscN1iHwvjC0E%3D%40AAJTSQACMDE%3D%23 HTTP/1.1" 200 178 "http://pub.lmmp.nasa.gov/LMMPUI/LMMP_CLIENT/LMMP.html" "Mozilla/5.0 (X11; Linux x86_64) AppleWebKit/537.36 (KHTML, like Gecko) Chrome/40.0.2214.115 Safari/537.36" 838 511
107.209.193.200 - - [27/Feb/2015:20:06:03 -0500] "GET /opensso/identity/isTokenValid?iPlanetDirectoryPro=AQIC5wM2LY4SfczWtyh4FuWsEDRakFsEElfscN1iHwvjC0E%3D%40AAJTSQACMDE%3D%23 HTTP/1.1" 200 13 "http://pub.lmmp.nasa.gov/LMMPUI/LMMP_CLIENT/LMMP.html" "Mozilla/5.0 (X11; Linux x86_64) AppleWebKit/537.36 (KHTML, like Gecko) Chrome/40.0.2214.115 Safari/537.36" 828 170
107.209.193.200 - - [27/Feb/2015:20:06:03 -0500] "GET /opensso/identity/isTokenValid?iPlanetDirectoryPro=AQIC5wM2LY4SfczWtyh4FuWsEDRakFsEElfscN1iHwvjC0E%3D%40AAJTSQACMDE%3D%23 HTTP/1.1" 200 13 "http://pub.lmmp.nasa.gov/LMMPUI/LMMP_CLIENT/LMMP.html" "Mozilla/5.0 (X11; Linux x86_64) AppleWebKit/537.36 (KHTML, like Gecko) Chrome/40.0.2214.115 Safari/537.36" 828 170
107.209.193.200 - - [27/Feb/2015:20:06:03 -0500] "GET /opensso/identity/isTokenValid?iPlanetDirectoryPro=AQIC5wM2LY4SfczWtyh4FuWsEDRakFsEElfscN1iHwvjC0E%3D%40AAJTSQACMDE%3D%23 HTTP/1.1" 200 13 "http://pub.lmmp.nasa.gov/LMMPUI/LMMP_CLIENT/LMMP.html" "Mozilla/5.0 (X11; Linux x86_64) AppleWebKit/537.36 (KHTML, like Gecko) Chrome/40.0.2214.115 Safari/537.36" 828 170
127.0.0.1 - - [27/Feb/2015:20:06:03 -0500] "POST /opensso/jaxrpc/SMSObjectIF HTTP/1.1" 200 505 "-" "Java/1.5.0_21" 847 766
127.0.0.1 - - [27/Feb/2015:20:06:03 -0500] "POST /opensso/jaxrpc/SMSObjectIF HTTP/1.1" 200 505 "-" "Java/1.5.0_21" 847 767
127.0.0.1 - - [27/Feb/2015:20:06:03 -0500] "POST /opensso/jaxrpc/SMSObjectIF HTTP/1.1" 200 505 "-" "Java/1.5.0_21" 847 767
127.0.0.1 - - [27/Feb/2015:20:06:03 -0500] "POST /opensso/jaxrpc/DirectoryManagerIF HTTP/1.1" 200 1290 "-" "Java/1.5.0_21" 1362 1551
127.0.0.1 - - [27/Feb/2015:20:06:03 -0500] "POST /opensso/jaxrpc/DirectoryManagerIF HTTP/1.1" 200 1290 "-" "Java/1.5.0_21" 1362 1551
127.0.0.1 - - [27/Feb/2015:20:06:03 -0500] "POST /opensso/jaxrpc/DirectoryManagerIF HTTP/1.1" 200 1290 "-" "Java/1.5.0_21" 1362 1551
107.209.193.200 - - [27/Feb/2015:20:06:03 -0500] "GET /LMMP/rest/dbxml/layers?proj=IAU2000:30118&visOnly=true&iPlanetDirectoryPro=AQIC5wM2LY4SfczWtyh4FuWsEDRakFsEElfscN1iHwvjC0E%3D%40AAJTSQACMDE%3D%23&sort=Mission%2Ctitle HTTP/1.1" 200 44040 "http://pub.lmmp.nasa.gov/LMMPUI/LMMP_CLIENT/LMMP.html" "Mozilla/5.0 (X11; Linux x86_64) AppleWebKit/537.36 (KHTML, like Gecko) Chrome/40.0.2214.115 Safari/537.36" 927 44328
107.209.193.200 - - [27/Feb/2015:20:06:03 -0500] "GET /LMMP/rest/dbxml/layers?proj=IAU2000:30120&visOnly=true&iPlanetDirectoryPro=AQIC5wM2LY4SfczWtyh4FuWsEDRakFsEElfscN1iHwvjC0E%3D%40AAJTSQACMDE%3D%23&sort=Mission%2Ctitle HTTP/1.1" 200 55891 "http://pub.lmmp.nasa.gov/LMMPUI/LMMP_CLIENT/LMMP.html" "Mozilla/5.0 (X11; Linux x86_64) AppleWebKit/537.36 (KHTML, like Gecko) Chrome/40.0.2214.115 Safari/537.36" 927 56188
107.209.193.200 - - [27/Feb/2015:20:06:05 -0500] "GET /opensso/identity/isTokenValid?iPlanetDirectoryPro=AQIC5wM2LY4SfczWtyh4FuWsEDRakFsEElfscN1iHwvjC0E%3D%40AAJTSQACMDE%3D%23 HTTP/1.1" 200 13 "http://pub.lmmp.nasa.gov/LMMPUI/LMMP_CLIENT/LMMP.html" "Mozilla/5.0 (X11; Linux x86_64) AppleWebKit/537.36 (KHTML, like Gecko) Chrome/40.0.2214.115 Safari/537.36" 828 170
107.209.193.200 - - [27/Feb/2015:20:06:05 -0500] "GET /opensso/identity/isTokenValid?iPlanetDirectoryPro=AQIC5wM2LY4SfczWtyh4FuWsEDRakFsEElfscN1iHwvjC0E%3D%40AAJTSQACMDE%3D%23 HTTP/1.1" 200 13 "http://pub.lmmp.nasa.gov/LMMPUI/LMMP_CLIENT/LMMP.html" "Mozilla/5.0 (X11; Linux x86_64) AppleWebKit/537.36 (KHTML, like Gecko) Chrome/40.0.2214.115 Safari/537.36" 828 170
127.0.0.1 - - [27/Feb/2015:20:06:05 -0500] "POST /opensso/jaxrpc/SMSObjectIF HTTP/1.1" 200 505 "-" "Java/1.5.0_21" 847 766
127.0.0.1 - - [27/Feb/2015:20:06:05 -0500] "POST /opensso/jaxrpc/DirectoryManagerIF HTTP/1.1" 200 1290 "-" "Java/1.5.0_21" 1362 1551
107.209.193.200 - - [27/Feb/2015:20:06:05 -0500] "GET /LMMP/rest/dbxml/layers/int?proj=IAU2000:30118&iPlanetDirectoryPro=AQIC5wM2LY4SfczWtyh4FuWsEDRakFsEElfscN1iHwvjC0E%3D%40AAJTSQACMDE%3D%23&sort=Mission%2Ctitle HTTP/1.1" 200 8134 "http://pub.lmmp.nasa.gov/LMMPUI/LMMP_CLIENT/LMMP.html" "Mozilla/5.0 (X11; Linux x86_64) AppleWebKit/537.36 (KHTML, like Gecko) Chrome/40.0.2214.115 Safari/537.36" 918 8383
127.0.0.1 - - [27/Feb/2015:20:06:06 -0500] "POST /opensso/jaxrpc/SMSObjectIF HTTP/1.1" 200 505 "-" "Java/1.5.0_21" 847 766
127.0.0.1 - - [27/Feb/2015:20:06:06 -0500] "POST /opensso/jaxrpc/DirectoryManagerIF HTTP/1.1" 200 1290 "-" "Java/1.5.0_21" 1362 1551
107.209.193.200 - - [27/Feb/2015:20:06:06 -0500] "GET /LMMP/rest/dbxml/layers/int?proj=IAU2000:30120&iPlanetDirectoryPro=AQIC5wM2LY4SfczWtyh4FuWsEDRakFsEElfscN1iHwvjC0E%3D%40AAJTSQACMDE%3D%23&sort=Mission%2Ctitle HTTP/1.1" 200 10 "http://pub.lmmp.nasa.gov/LMMPUI/LMMP_CLIENT/LMMP.html" "Mozilla/5.0 (X11; Linux x86_64) AppleWebKit/537.36 (KHTML, like Gecko) Chrome/40.0.2214.115 Safari/537.36" 918 256
107.209.193.200 - - [27/Feb/2015:20:06:03 -0500] "GET /LMMP/rest/dbxml/layers?proj=IAU2000:30100&visOnly=true&iPlanetDirectoryPro=AQIC5wM2LY4SfczWtyh4FuWsEDRakFsEElfscN1iHwvjC0E%3D%40AAJTSQACMDE%3D%23&sort=Mission%2Ctitle HTTP/1.1" 200 831579 "http://pub.lmmp.nasa.gov/LMMPUI/LMMP_CLIENT/LMMP.html" "Mozilla/5.0 (X11; Linux x86_64) AppleWebKit/537.36 (KHTML, like Gecko) Chrome/40.0.2214.115 Safari/537.36" 927 832636
107.209.193.200 - - [27/Feb/2015:20:06:09 -0500] "GET /opensso/identity/isTokenValid?iPlanetDirectoryPro=AQIC5wM2LY4SfczWtyh4FuWsEDRakFsEElfscN1iHwvjC0E%3D%40AAJTSQACMDE%3D%23 HTTP/1.1" 200 13 "http://pub.lmmp.nasa.gov/LMMPUI/LMMP_CLIENT/LMMP.html" "Mozilla/5.0 (X11; Linux x86_64) AppleWebKit/537.36 (KHTML, like Gecko) Chrome/40.0.2214.115 Safari/537.36" 828 170
127.0.0.1 - - [27/Feb/2015:20:06:09 -0500] "POST /opensso/jaxrpc/SMSObjectIF HTTP/1.1" 200 505 "-" "Java/1.5.0_21" 847 766
127.0.0.1 - - [27/Feb/2015:20:06:09 -0500] "POST /opensso/jaxrpc/DirectoryManagerIF HTTP/1.1" 200 1290 "-" "Java/1.5.0_21" 1362 1551
127.0.0.1 - - [27/Feb/2015:20:06:12 -0500] "GET /opensso/namingservice HTTP/1.1" 200 7 "-" "Java/1.5.0_21" 220 183
107.209.193.200 - - [27/Feb/2015:20:06:09 -0500] "GET /LMMP/rest/dbxml/layers/int?proj=IAU2000:30100&iPlanetDirectoryPro=AQIC5wM2LY4SfczWtyh4FuWsEDRakFsEElfscN1iHwvjC0E%3D%40AAJTSQACMDE%3D%23&sort=Mission%2Ctitle HTTP/1.1" 200 349346 "http://pub.lmmp.nasa.gov/LMMPUI/LMMP_CLIENT/LMMP.html" "Mozilla/5.0 (X11; Linux x86_64) AppleWebKit/537.36 (KHTML, like Gecko) Chrome/40.0.2214.115 Safari/537.36" 918 349931
107.209.193.200 - - [27/Feb/2015:20:06:12 -0500] "GET /opensso/identity/isTokenValid?iPlanetDirectoryPro=AQIC5wM2LY4SfczWtyh4FuWsEDRakFsEElfscN1iHwvjC0E%3D%40AAJTSQACMDE%3D%23 HTTP/1.1" 200 13 "http://pub.lmmp.nasa.gov/LMMPUI/LMMP_CLIENT/LMMP.html" "Mozilla/5.0 (X11; Linux x86_64) AppleWebKit/537.36 (KHTML, like Gecko) Chrome/40.0.2214.115 Safari/537.36" 828 170
127.0.0.1 - - [27/Feb/2015:20:06:13 -0500] "GET /opensso/namingservice HTTP/1.1" 200 7 "-" "Java/1.5.0_21" 220 182
107.209.193.200 - - [27/Feb/2015:20:06:13 -0500] "GET /LMMPUI/LMMP_CLIENT/sampleData/emptyLayer.xml?iPlanetDirectoryPro=AQIC5wM2LY4SfczWtyh4FuWsEDRakFsEElfscN1iHwvjC0E%3D%40AAJTSQACMDE%3D%23 HTTP/1.1" 200 19 "http://pub.lmmp.nasa.gov/LMMPUI/LMMP_CLIENT/LMMP.html" "Mozilla/5.0 (X11; Linux x86_64) AppleWebKit/537.36 (KHTML, like Gecko) Chrome/40.0.2214.115 Safari/537.36" 843 350
107.209.193.200 - - [27/Feb/2015:20:06:14 -0500] "GET /LMMPUI/LMMP_CLIENT/sampleData/nomenclature.xml HTTP/1.1" 200 1725 "http://pub.lmmp.nasa.gov/LMMPUI/LMMP_CLIENT/LMMP.html" "Mozilla/5.0 (X11; Linux x86_64) AppleWebKit/537.36 (KHTML, like Gecko) Chrome/40.0.2214.115 Safari/537.36" 754 2060
107.209.193.200 - - [27/Feb/2015:20:06:14 -0500] "GET /LMMPUI/LMMP_CLIENT/sampleData/graticule.xml HTTP/1.1" 200 1234 "http://pub.lmmp.nasa.gov/LMMPUI/LMMP_CLIENT/LMMP.html" "Mozilla/5.0 (X11; Linux x86_64) AppleWebKit/537.36 (KHTML, like Gecko) Chrome/40.0.2214.115 Safari/537.36" 751 1570
107.209.193.200 - - [27/Feb/2015:20:06:14 -0500] "GET /opensso/identity/isTokenValid?iPlanetDirectoryPro=AQIC5wM2LY4SfczWtyh4FuWsEDRakFsEElfscN1iHwvjC0E%3D%40AAJTSQACMDE%3D%23 HTTP/1.1" 200 13 "http://pub.lmmp.nasa.gov/LMMPUI/LMMP_CLIENT/LMMP.html" "Mozilla/5.0 (X11; Linux x86_64) AppleWebKit/537.36 (KHTML, like Gecko) Chrome/40.0.2214.115 Safari/537.36" 828 171
107.209.193.200 - - [27/Feb/2015:20:06:14 -0500] "GET /LMMPUI/LMMP_CLIENT/config/searchResultFields.xml HTTP/1.1" 200 1711 "http://pub.lmmp.nasa.gov/LMMPUI/LMMP_CLIENT/LMMP.html" "Mozilla/5.0 (X11; Linux x86_64) AppleWebKit/537.36 (KHTML, like Gecko) Chrome/40.0.2214.115 Safari/537.36" 756 2047
107.209.193.200 - - [27/Feb/2015:20:06:14 -0500] "GET /LMMPUI/LMMP_CLIENT/config/nomenclatureType.xml HTTP/1.1" 200 691 "http://pub.lmmp.nasa.gov/LMMPUI/LMMP_CLIENT/LMMP.html" "Mozilla/5.0 (X11; Linux x86_64) AppleWebKit/537.36 (KHTML, like Gecko) Chrome/40.0.2214.115 Safari/537.36" 754 1024
107.209.193.200 - - [27/Feb/2015:20:06:14 -0500] "GET /opensso/identity/isTokenValid?iPlanetDirectoryPro=AQIC5wM2LY4SfczWtyh4FuWsEDRakFsEElfscN1iHwvjC0E%3D%40AAJTSQACMDE%3D%23 HTTP/1.1" 200 13 "http://pub.lmmp.nasa.gov/LMMPUI/LMMP_CLIENT/LMMP.html" "Mozilla/5.0 (X11; Linux x86_64) AppleWebKit/537.36 (KHTML, like Gecko) Chrome/40.0.2214.115 Safari/537.36" 828 170
107.209.193.200 - - [27/Feb/2015:20:06:14 -0500] "GET /LMMP/rest/auxmd/acl?iPlanetDirectoryPro=AQIC5wM2LY4SfczWtyh4FuWsEDRakFsEElfscN1iHwvjC0E%3D%40AAJTSQACMDE%3D%23 HTTP/1.1" 200 1468 "http://pub.lmmp.nasa.gov/LMMPUI/LMMP_CLIENT/LMMP.html" "Mozilla/5.0 (X11; Linux x86_64) AppleWebKit/537.36 (KHTML, like Gecko) Chrome/40.0.2214.115 Safari/537.36" 871 1644
107.209.193.200 - - [27/Feb/2015:20:06:14 -0500] "GET /LMMP/rest/auxmd/types?iPlanetDirectoryPro=AQIC5wM2LY4SfczWtyh4FuWsEDRakFsEElfscN1iHwvjC0E%3D%40AAJTSQACMDE%3D%23 HTTP/1.1" 200 119 "http://pub.lmmp.nasa.gov/LMMPUI/LMMP_CLIENT/LMMP.html" "Mozilla/5.0 (X11; Linux x86_64) AppleWebKit/537.36 (KHTML, like Gecko) Chrome/40.0.2214.115 Safari/537.36" 873 294
107.209.193.200 - - [27/Feb/2015:20:06:15 -0500] "GET /opensso/identity/isTokenValid?iPlanetDirectoryPro=AQIC5wM2LY4SfczWtyh4FuWsEDRakFsEElfscN1iHwvjC0E%3D%40AAJTSQACMDE%3D%23 HTTP/1.1" 200 13 "http://pub.lmmp.nasa.gov/LMMPUI/LMMP_CLIENT/LMMP.html" "Mozilla/5.0 (X11; Linux x86_64) AppleWebKit/537.36 (KHTML, like Gecko) Chrome/40.0.2214.115 Safari/537.36" 828 170
107.209.193.200 - - [27/Feb/2015:20:06:15 -0500] "GET /opensso/identity/isTokenValid?iPlanetDirectoryPro=AQIC5wM2LY4SfczWtyh4FuWsEDRakFsEElfscN1iHwvjC0E%3D%40AAJTSQACMDE%3D%23 HTTP/1.1" 200 13 "http://pub.lmmp.nasa.gov/LMMPUI/LMMP_CLIENT/LMMP.html" "Mozilla/5.0 (X11; Linux x86_64) AppleWebKit/537.36 (KHTML, like Gecko) Chrome/40.0.2214.115 Safari/537.36" 828 170
107.209.193.200 - - [27/Feb/2015:20:06:15 -0500] "GET /opensso/identity/isTokenValid?iPlanetDirectoryPro=AQIC5wM2LY4SfczWtyh4FuWsEDRakFsEElfscN1iHwvjC0E%3D%40AAJTSQACMDE%3D%23 HTTP/1.1" 200 13 "http://pub.lmmp.nasa.gov/LMMPUI/LMMP_CLIENT/LMMP.html" "Mozilla/5.0 (X11; Linux x86_64) AppleWebKit/537.36 (KHTML, like Gecko) Chrome/40.0.2214.115 Safari/537.36" 828 170
107.209.193.200 - - [27/Feb/2015:20:06:15 -0500] "GET /opensso/identity/isTokenValid?iPlanetDirectoryPro=AQIC5wM2LY4SfczWtyh4FuWsEDRakFsEElfscN1iHwvjC0E%3D%40AAJTSQACMDE%3D%23 HTTP/1.1" 200 13 "http://pub.lmmp.nasa.gov/LMMPUI/LMMP_CLIENT/LMMP.html" "Mozilla/5.0 (X11; Linux x86_64) AppleWebKit/537.36 (KHTML, like Gecko) Chrome/40.0.2214.115 Safari/537.36" 828 170
107.209.193.200 - - [27/Feb/2015:20:06:15 -0500] "GET /opensso/identity/isTokenValid?iPlanetDirectoryPro=AQIC5wM2LY4SfczWtyh4FuWsEDRakFsEElfscN1iHwvjC0E%3D%40AAJTSQACMDE%3D%23 HTTP/1.1" 200 13 "http://pub.lmmp.nasa.gov/LMMPUI/LMMP_CLIENT/LMMP.html" "Mozilla/5.0 (X11; Linux x86_64) AppleWebKit/537.36 (KHTML, like Gecko) Chrome/40.0.2214.115 Safari/537.36" 828 170
107.209.193.200 - - [27/Feb/2015:20:06:15 -0500] "GET /LMMP/rest/auxmd/create?iPlanetDirectoryPro=AQIC5wM2LY4SfczWtyh4FuWsEDRakFsEElfscN1iHwvjC0E%3D%40AAJTSQACMDE%3D%23&mdType=layer HTTP/1.1" 200 173 "http://pub.lmmp.nasa.gov/LMMPUI/LMMP_CLIENT/LMMP.html" "Mozilla/5.0 (X11; Linux x86_64) AppleWebKit/537.36 (KHTML, like Gecko) Chrome/40.0.2214.115 Safari/537.36" 887 348
107.209.193.200 - - [27/Feb/2015:20:06:15 -0500] "GET /LMMP/rest/auxmd/create?iPlanetDirectoryPro=AQIC5wM2LY4SfczWtyh4FuWsEDRakFsEElfscN1iHwvjC0E%3D%40AAJTSQACMDE%3D%23&mdType=point HTTP/1.1" 200 319 "http://pub.lmmp.nasa.gov/LMMPUI/LMMP_CLIENT/LMMP.html" "Mozilla/5.0 (X11; Linux x86_64) AppleWebKit/537.36 (KHTML, like Gecko) Chrome/40.0.2214.115 Safari/537.36" 887 495
107.209.193.200 - - [27/Feb/2015:20:06:15 -0500] "GET /LMMP/rest/auxmd/create?iPlanetDirectoryPro=AQIC5wM2LY4SfczWtyh4FuWsEDRakFsEElfscN1iHwvjC0E%3D%40AAJTSQACMDE%3D%23&mdType=bounding HTTP/1.1" 200 513 "http://pub.lmmp.nasa.gov/LMMPUI/LMMP_CLIENT/LMMP.html" "Mozilla/5.0 (X11; Linux x86_64) AppleWebKit/537.36 (KHTML, like Gecko) Chrome/40.0.2214.115 Safari/537.36" 890 689
107.209.193.200 - - [27/Feb/2015:20:06:15 -0500] "GET /LMMP/rest/auxmd/create?iPlanetDirectoryPro=AQIC5wM2LY4SfczWtyh4FuWsEDRakFsEElfscN1iHwvjC0E%3D%40AAJTSQACMDE%3D%23&mdType=polyo HTTP/1.1" 200 38 "http://pub.lmmp.nasa.gov/LMMPUI/LMMP_CLIENT/LMMP.html" "Mozilla/5.0 (X11; Linux x86_64) AppleWebKit/537.36 (KHTML, like Gecko) Chrome/40.0.2214.115 Safari/537.36" 887 214
107.209.193.200 - - [27/Feb/2015:20:06:16 -0500] "GET /LMMP/rest/auxmd/create?iPlanetDirectoryPro=AQIC5wM2LY4SfczWtyh4FuWsEDRakFsEElfscN1iHwvjC0E%3D%40AAJTSQACMDE%3D%23&mdType=polyx HTTP/1.1" 200 38 "http://pub.lmmp.nasa.gov/LMMPUI/LMMP_CLIENT/LMMP.html" "Mozilla/5.0 (X11; Linux x86_64) AppleWebKit/537.36 (KHTML, like Gecko) Chrome/40.0.2214.115 Safari/537.36" 887 213
107.209.193.200 - - [27/Feb/2015:20:06:17 -0500] "GET /LMMPUI/LMMP_CLIENT/assets/system/complete.png HTTP/1.1" 200 272 "http://pub.lmmp.nasa.gov/LMMPUI/LMMP_CLIENT/LMMP.html" "Mozilla/5.0 (X11; Linux x86_64) AppleWebKit/537.36 (KHTML, like Gecko) Chrome/40.0.2214.115 Safari/537.36" 753 599
107.209.193.200 - - [27/Feb/2015:20:06:17 -0500] "GET /LMMPUI/LMMP_CLIENT/assets/menu/layers.png HTTP/1.1" 200 15248 "http://pub.lmmp.nasa.gov/LMMPUI/LMMP_CLIENT/LMMP.html" "Mozilla/5.0 (X11; Linux x86_64) AppleWebKit/537.36 (KHTML, like Gecko) Chrome/40.0.2214.115 Safari/537.36" 749 15579
107.209.193.200 - - [27/Feb/2015:20:06:17 -0500] "GET /LMMPUI/LMMP_CLIENT/assets/menu/search.png HTTP/1.1" 200 15244 "http://pub.lmmp.nasa.gov/LMMPUI/LMMP_CLIENT/LMMP.html" "Mozilla/5.0 (X11; Linux x86_64) AppleWebKit/537.36 (KHTML, like Gecko) Chrome/40.0.2214.115 Safari/537.36" 749 15575
107.209.193.200 - - [27/Feb/2015:20:06:17 -0500] "GET /LMMPUI/LMMP_CLIENT/assets/menu/upload.png HTTP/1.1" 200 11528 "http://pub.lmmp.nasa.gov/LMMPUI/LMMP_CLIENT/LMMP.html" "Mozilla/5.0 (X11; Linux x86_64) AppleWebKit/537.36 (KHTML, like Gecko) Chrome/40.0.2214.115 Safari/537.36" 749 11859
107.209.193.200 - - [27/Feb/2015:20:06:17 -0500] "GET /LMMPUI/LMMP_CLIENT/assets/menu/fullextent.png HTTP/1.1" 200 15565 "http://pub.lmmp.nasa.gov/LMMPUI/LMMP_CLIENT/LMMP.html" "Mozilla/5.0 (X11; Linux x86_64) AppleWebKit/537.36 (KHTML, like Gecko) Chrome/40.0.2214.115 Safari/537.36" 753 15896
107.209.193.200 - - [27/Feb/2015:20:06:17 -0500] "GET /LMMPUI/LMMP_CLIENT/assets/menu/info.png HTTP/1.1" 200 9601 "http://pub.lmmp.nasa.gov/LMMPUI/LMMP_CLIENT/LMMP.html" "Mozilla/5.0 (X11; Linux x86_64) AppleWebKit/537.36 (KHTML, like Gecko) Chrome/40.0.2214.115 Safari/537.36" 747 9930
107.209.193.200 - - [27/Feb/2015:20:06:17 -0500] "GET /LMMPUI/LMMP_CLIENT/assets/menu/fullscreen.png HTTP/1.1" 200 6741 "http://pub.lmmp.nasa.gov/LMMPUI/LMMP_CLIENT/LMMP.html" "Mozilla/5.0 (X11; Linux x86_64) AppleWebKit/537.36 (KHTML, like Gecko) Chrome/40.0.2214.115 Safari/537.36" 753 7071
107.209.193.200 - - [27/Feb/2015:20:06:17 -0500] "GET /LMMPUI/LMMP_CLIENT/assets/menu/link.png HTTP/1.1" 200 11578 "http://pub.lmmp.nasa.gov/LMMPUI/LMMP_CLIENT/LMMP.html" "Mozilla/5.0 (X11; Linux x86_64) AppleWebKit/537.36 (KHTML, like Gecko) Chrome/40.0.2214.115 Safari/537.36" 747 11909
107.209.193.200 - - [27/Feb/2015:20:06:17 -0500] "GET /LMMPUI/LMMP_CLIENT/assets/system/i_expand3.png HTTP/1.1" 200 1686 "http://pub.lmmp.nasa.gov/LMMPUI/LMMP_CLIENT/LMMP.html" "Mozilla/5.0 (X11; Linux x86_64) AppleWebKit/537.36 (KHTML, like Gecko) Chrome/40.0.2214.115 Safari/537.36" 754 2015
107.209.193.200 - - [27/Feb/2015:20:06:17 -0500] "GET /LMMPUI/LMMP_CLIENT/assets/system/nameSearch.png HTTP/1.1" 200 1475 "http://pub.lmmp.nasa.gov/LMMPUI/LMMP_CLIENT/LMMP.html" "Mozilla/5.0 (X11; Linux x86_64) AppleWebKit/537.36 (KHTML, like Gecko) Chrome/40.0.2214.115 Safari/537.36" 755 1804
107.209.193.200 - - [27/Feb/2015:20:06:17 -0500] "GET /LMMPUI/LMMP_CLIENT/assets/system/w_closeCircle.png HTTP/1.1" 200 1612 "http://pub.lmmp.nasa.gov/LMMPUI/LMMP_CLIENT/LMMP.html" "Mozilla/5.0 (X11; Linux x86_64) AppleWebKit/537.36 (KHTML, like Gecko) Chrome/40.0.2214.115 Safari/537.36" 758 1941
107.209.193.200 - - [27/Feb/2015:20:06:17 -0500] "GET /LMMPUI/LMMP_CLIENT/assets/system/plus.png HTTP/1.1" 200 1567 "http://pub.lmmp.nasa.gov/LMMPUI/LMMP_CLIENT/LMMP.html" "Mozilla/5.0 (X11; Linux x86_64) AppleWebKit/537.36 (KHTML, like Gecko) Chrome/40.0.2214.115 Safari/537.36" 749 1896
107.209.193.200 - - [27/Feb/2015:20:06:17 -0500] "GET /LMMPUI/LMMP_CLIENT/assets/system/minus.png HTTP/1.1" 200 1277 "http://pub.lmmp.nasa.gov/LMMPUI/LMMP_CLIENT/LMMP.html" "Mozilla/5.0 (X11; Linux x86_64) AppleWebKit/537.36 (KHTML, like Gecko) Chrome/40.0.2214.115 Safari/537.36" 750 1606
107.209.193.200 - - [27/Feb/2015:20:06:17 -0500] "GET /LMMPUI/LMMP_CLIENT/assets/proto/wiki.png HTTP/1.1" 200 13450 "http://pub.lmmp.nasa.gov/LMMPUI/LMMP_CLIENT/LMMP.html" "Mozilla/5.0 (X11; Linux x86_64) AppleWebKit/537.36 (KHTML, like Gecko) Chrome/40.0.2214.115 Safari/537.36" 748 13781
107.209.193.200 - - [27/Feb/2015:20:06:17 -0500] "GET /LMMPUI/LMMP_CLIENT/assets/proto/survey.png HTTP/1.1" 200 7637 "http://pub.lmmp.nasa.gov/LMMPUI/LMMP_CLIENT/LMMP.html" "Mozilla/5.0 (X11; Linux x86_64) AppleWebKit/537.36 (KHTML, like Gecko) Chrome/40.0.2214.115 Safari/537.36" 750 7966
107.209.193.200 - - [27/Feb/2015:20:06:17 -0500] "GET /LMMPUI/LMMP_CLIENT/assets/image/MoonTourLogo.jpg HTTP/1.1" 200 3967 "http://pub.lmmp.nasa.gov/LMMPUI/LMMP_CLIENT/LMMP.html" "Mozilla/5.0 (X11; Linux x86_64) AppleWebKit/537.36 (KHTML, like Gecko) Chrome/40.0.2214.115 Safari/537.36" 756 4297
107.209.193.200 - - [27/Feb/2015:20:06:17 -0500] "GET /LMMPUI/LMMP_CLIENT/assets/image/badge_appstore-lrg.png HTTP/1.1" 200 3394 "http://pub.lmmp.nasa.gov/LMMPUI/LMMP_CLIENT/LMMP.html" "Mozilla/5.0 (X11; Linux x86_64) AppleWebKit/537.36 (KHTML, like Gecko) Chrome/40.0.2214.115 Safari/537.36" 762 3723
107.209.193.200 - - [27/Feb/2015:20:06:17 -0500] "GET /LMMPUI/LMMP_CLIENT/assets/proto/gallery.png HTTP/1.1" 200 18089 "http://pub.lmmp.nasa.gov/LMMPUI/LMMP_CLIENT/LMMP.html" "Mozilla/5.0 (X11; Linux x86_64) AppleWebKit/537.36 (KHTML, like Gecko) Chrome/40.0.2214.115 Safari/537.36" 751 18420
127.0.0.1 - - [27/Feb/2015:20:06:42 -0500] "GET /opensso/namingservice HTTP/1.1" 200 7 "-" "Java/1.5.0_21" 220 183
127.0.0.1 - - [27/Feb/2015:20:06:43 -0500] "GET /opensso/namingservice HTTP/1.1" 200 7 "-" "Java/1.5.0_21" 220 183
127.0.0.1 - - [27/Feb/2015:20:07:12 -0500] "GET /opensso/namingservice HTTP/1.1" 200 7 "-" "Java/1.5.0_21" 220 183
127.0.0.1 - - [27/Feb/2015:20:07:13 -0500] "GET /opensso/namingservice HTTP/1.1" 200 7 "-" "Java/1.5.0_21" 220 183
127.0.0.1 - - [27/Feb/2015:20:07:42 -0500] "GET /opensso/namingservice HTTP/1.1" 200 7 "-" "Java/1.5.0_21" 220 183
127.0.0.1 - - [27/Feb/2015:20:07:43 -0500] "GET /opensso/namingservice HTTP/1.1" 200 7 "-" "Java/1.5.0_21" 220 183
127.0.0.1 - - [27/Feb/2015:20:08:12 -0500] "GET /opensso/namingservice HTTP/1.1" 200 7 "-" "Java/1.5.0_21" 220 183
127.0.0.1 - - [27/Feb/2015:20:08:13 -0500] "GET /opensso/namingservice HTTP/1.1" 200 7 "-" "Java/1.5.0_21" 220 183
180.76.4.15 - - [27/Feb/2015:20:08:30 -0500] "GET / HTTP/1.1" 302 237 "-" "Mozilla/4.0 (compatible; MSIE 7.0; Windows NT 6.0)" 150 506
127.0.0.1 - - [27/Feb/2015:20:08:42 -0500] "GET /opensso/namingservice HTTP/1.1" 200 7 "-" "Java/1.5.0_21" 220 183
127.0.0.1 - - [27/Feb/2015:20:08:43 -0500] "GET /opensso/namingservice HTTP/1.1" 200 7 "-" "Java/1.5.0_21" 220 183
66.249.64.140 - - [27/Feb/2015:20:08:44 -0500] "GET /redmine/issues/gantt?month=1&months=6&year=2708&zoom=4 HTTP/1.1" 200 51131 "-" "Mozilla/5.0 (compatible; Googlebot/2.1; +http://www.google.com/bot.html)" 345 51820
191.225.22.207 - - [27/Feb/2015:20:09:02 -0500] "GET /opensso/identity/isTokenValid HTTP/1.1" 200 14 "-" "Moon%20Tours/1.0.0 CFNetwork/672.1.14 Darwin/14.0.0" 230 172
191.225.22.207 - - [27/Feb/2015:20:09:02 -0500] "GET /lmmpmobile/config-1.0.json HTTP/1.1" 200 1338 "-" "Moon%20Tours/1.0.0 CFNetwork/672.1.14 Darwin/14.0.0" 218 1666
191.225.22.207 - - [27/Feb/2015:20:09:02 -0500] "GET /opensso/UI/Login?module=Anonymous&org=appspub&goto=http%3A%2F%2Fpub.lmmp.nasa.gov%2Flmmpmobile%2Frefresh HTTP/1.1" 302 - "-" "Moon%20Tours/1.0.0 CFNetwork/672.1.14 Darwin/14.0.0" 305 932
191.225.22.207 - - [27/Feb/2015:20:09:03 -0500] "GET /lmmpmobile/refresh?iPlanetDirectoryPro=AQIC5wM2LY4Sfcz26CQfI1%2BQog2j0Yz1wkES82hisqiehsE%3D%40AAJTSQACMDE%3D%23 HTTP/1.1" 200 - "-" "Moon%20Tours/1.0.0 CFNetwork/672.1.14 Darwin/14.0.0" 421 316
127.0.0.1 - - [27/Feb/2015:20:09:12 -0500] "GET /opensso/namingservice HTTP/1.1" 200 7 "-" "Java/1.5.0_21" 220 183
127.0.0.1 - - [27/Feb/2015:20:09:13 -0500] "GET /opensso/namingservice HTTP/1.1" 200 7 "-" "Java/1.5.0_21" 220 183
191.225.22.207 - - [27/Feb/2015:20:09:06 -0500] "GET /arcgis/rest/services/CombinedNomenclature/MapServer?f=json HTTP/1.1" 200 807 "arcgisios" "ArcGISiOS-2.3.2/7.1.1/iPhone4,1" 394 1103
191.225.22.207 - - [27/Feb/2015:20:09:06 -0500] "GET /arcgis/rest/services/ERGraticule/MapServer?f=json HTTP/1.1" 304 - "arcgisios" "ArcGISiOS-2.3.2/7.1.1/iPhone4,1" 385 166
127.0.0.1 - - [27/Feb/2015:20:09:42 -0500] "GET /opensso/namingservice HTTP/1.1" 200 7 "-" "Java/1.5.0_21" 220 183
127.0.0.1 - - [27/Feb/2015:20:09:43 -0500] "GET /opensso/namingservice HTTP/1.1" 200 7 "-" "Java/1.5.0_21" 220 183
191.225.22.207 - - [27/Feb/2015:20:10:01 -0500] "GET /arcgis/rest/services/CombinedNomenclature/MapServer/export?bboxSR=104903&dpi=163&size=320,460&transparent=true&format=png&bbox=-4.12161221,-49.93845162,-3.41848721,-48.92770943&f=image&imageSR=104903 HTTP/1.1" 200 200 "arcgisios" "ArcGISiOS-2.3.2/7.1.1/iPhone4,1" 509 488
127.0.0.1 - - [27/Feb/2015:20:10:12 -0500] "GET /opensso/namingservice HTTP/1.1" 200 7 "-" "Java/1.5.0_21" 220 183
127.0.0.1 - - [27/Feb/2015:20:10:13 -0500] "GET /opensso/namingservice HTTP/1.1" 200 7 "-" "Java/1.5.0_21" 220 183
127.0.0.1 - - [27/Feb/2015:20:10:42 -0500] "GET /opensso/namingservice HTTP/1.1" 200 7 "-" "Java/1.5.0_21" 220 183
127.0.0.1 - - [27/Feb/2015:20:10:43 -0500] "GET /opensso/namingservice HTTP/1.1" 200 7 "-" "Java/1.5.0_21" 220 183
137.78.207.218 - - [27/Feb/2015:20:10:47 -0500] "HEAD /LMMPUI/LMMP_CLIENT/LMMP.html HTTP/1.1" 200 - "-" "curl/7.38.0" 110 274
127.0.0.1 - - [27/Feb/2015:20:11:12 -0500] "GET /opensso/namingservice HTTP/1.1" 200 7 "-" "Java/1.5.0_21" 220 183
127.0.0.1 - - [27/Feb/2015:20:11:13 -0500] "GET /opensso/namingservice HTTP/1.1" 200 7 "-" "Java/1.5.0_21" 220 183
127.0.0.1 - - [27/Feb/2015:20:11:21 -0500] "POST /opensso/sessionservice HTTP/1.1" 200 2343 "-" "Java/1.5.0_21" 817 2521
127.0.0.1 - - [27/Feb/2015:20:11:21 -0500] "POST /opensso/sessionservice HTTP/1.1" 200 271 "-" "Java/1.5.0_21" 883 448
127.0.0.1 - - [27/Feb/2015:20:11:21 -0500] "POST /opensso/sessionservice HTTP/1.1" 200 2340 "-" "Java/1.5.0_21" 817 2517
127.0.0.1 - - [27/Feb/2015:20:11:21 -0500] "POST /opensso/policyservice HTTP/1.1" 200 9461 "-" "Java/1.5.0_21" 1119 9646
127.0.0.1 - - [27/Feb/2015:20:11:21 -0500] "POST /opensso/jaxrpc/SMSObjectIF HTTP/1.1" 200 505 "-" "Java/1.5.0_21" 847 766
127.0.0.1 - - [27/Feb/2015:20:11:21 -0500] "POST /opensso/jaxrpc/DirectoryManagerIF HTTP/1.1" 200 1290 "-" "Java/1.5.0_21" 1362 1551
127.0.0.1 - - [27/Feb/2015:20:11:21 -0500] "POST /opensso/jaxrpc/SMSObjectIF HTTP/1.1" 200 505 "-" "Java/1.5.0_21" 847 766
127.0.0.1 - - [27/Feb/2015:20:11:21 -0500] "POST /opensso/jaxrpc/DirectoryManagerIF HTTP/1.1" 200 1290 "-" "Java/1.5.0_21" 1362 1551
191.225.22.207 - - [27/Feb/2015:20:11:21 -0500] "GET /LMMP/rest/dbxml/fgdc/legend/stream?label=Clem_UVVIS_3ClrRatio_Global_152ppd HTTP/1.1" 200 1532 "-" "Moon%20Tours/1.0.0 CFNetwork/672.1.14 Darwin/14.0.0" 385 1841
127.0.0.1 - - [27/Feb/2015:20:11:22 -0500] "POST /opensso/jaxrpc/SMSObjectIF HTTP/1.1" 200 505 "-" "Java/1.5.0_21" 847 766
127.0.0.1 - - [27/Feb/2015:20:11:22 -0500] "POST /opensso/jaxrpc/DirectoryManagerIF HTTP/1.1" 200 1290 "-" "Java/1.5.0_21" 1362 1551
191.225.22.207 - - [27/Feb/2015:20:11:21 -0500] "GET /arcgis/rest/services/CombinedNomenclature/MapServer/export?bboxSR=104903&dpi=163&size=320,460&transparent=true&format=png&bbox=-90.00150299,-129.37500000,89.99849701,129.37500000&f=image&imageSR=104903 HTTP/1.1" 200 200 "arcgisios" "ArcGISiOS-2.3.2/7.1.1/iPhone4,1" 511 488
127.0.0.1 - - [27/Feb/2015:20:11:22 -0500] "POST /opensso/jaxrpc/SMSObjectIF HTTP/1.1" 200 505 "-" "Java/1.5.0_21" 847 766
127.0.0.1 - - [27/Feb/2015:20:11:22 -0500] "POST /opensso/jaxrpc/DirectoryManagerIF HTTP/1.1" 200 1290 "-" "Java/1.5.0_21" 1362 1551
191.225.22.207 - - [27/Feb/2015:20:11:22 -0500] "GET /LMMP/rest/dbxml/fgdc/legend/stream?label=Clem_UVVIS_OpticalMaturity_Gray_Global_152ppd HTTP/1.1" 200 730 "-" "Moon%20Tours/1.0.0 CFNetwork/672.1.14 Darwin/14.0.0" 396 1038
191.225.22.207 - - [27/Feb/2015:20:11:22 -0500] "GET /arcgis/rest/services/CombinedNomenclature/MapServer/export?bboxSR=104903&dpi=163&size=320,460&transparent=true&format=png&bbox=-90.00150299,-129.37500000,89.99849701,129.37500000&f=image&imageSR=104903 HTTP/1.1" 200 200 "arcgisios" "ArcGISiOS-2.3.2/7.1.1/iPhone4,1" 511 488
127.0.0.1 - - [27/Feb/2015:20:11:31 -0500] "POST /opensso/policyservice HTTP/1.1" 200 9463 "-" "Java/1.5.0_21" 1121 9649
127.0.0.1 - - [27/Feb/2015:20:11:31 -0500] "POST /opensso/jaxrpc/SMSObjectIF HTTP/1.1" 200 505 "-" "Java/1.5.0_21" 847 766
127.0.0.1 - - [27/Feb/2015:20:11:31 -0500] "POST /opensso/jaxrpc/DirectoryManagerIF HTTP/1.1" 200 1290 "-" "Java/1.5.0_21" 1362 1551
191.225.22.207 - - [27/Feb/2015:20:11:31 -0500] "GET /LMMP/rest/dbxml/fgdc/abstract?label=Clem_UVVIS_3ClrRatio_Global_152ppd HTTP/1.1" 200 754 "-" "Moon%20Tours/1.0.0 CFNetwork/672.1.14 Darwin/14.0.0" 883 5307
127.0.0.1 - - [27/Feb/2015:20:11:42 -0500] "GET /opensso/namingservice HTTP/1.1" 200 7 "-" "Java/1.5.0_21" 220 183
127.0.0.1 - - [27/Feb/2015:20:11:43 -0500] "GET /opensso/namingservice HTTP/1.1" 200 7 "-" "Java/1.5.0_21" 220 183
191.225.22.207 - - [27/Feb/2015:20:11:43 -0500] "GET /arcgis/rest/services/CombinedNomenclature/MapServer/export?bboxSR=104903&dpi=163&size=320,460&transparent=true&format=png&bbox=-165.09506416,-123.65332836,14.90493584,135.09667164&f=image&imageSR=104903 HTTP/1.1" 200 200 "arcgisios" "ArcGISiOS-2.3.2/7.1.1/iPhone4,1" 512 488
191.225.22.207 - - [27/Feb/2015:20:11:44 -0500] "GET /arcgis/rest/services/CombinedNomenclature/MapServer/export?bboxSR=104903&dpi=163&size=320,460&transparent=true&format=png&bbox=-81.37342882,-126.39787352,98.62657118,132.35212648&f=image&imageSR=104903 HTTP/1.1" 200 200 "arcgisios" "ArcGISiOS-2.3.2/7.1.1/iPhone4,1" 511 489
191.225.22.207 - - [27/Feb/2015:20:11:44 -0500] "GET /arcgis/rest/services/CombinedNomenclature/MapServer/export?bboxSR=104903&dpi=163&size=320,460&transparent=true&format=png&bbox=-20.02081156,-150.87405753,159.97918844,107.87594247&f=image&imageSR=104903 HTTP/1.1" 200 200 "arcgisios" "ArcGISiOS-2.3.2/7.1.1/iPhone4,1" 512 487
191.225.22.207 - - [27/Feb/2015:20:11:45 -0500] "GET /arcgis/rest/services/CombinedNomenclature/MapServer/export?bboxSR=104903&dpi=163&size=320,460&transparent=true&format=png&bbox=-77.17878008,-63.59642243,102.82121992,195.15357757&f=image&imageSR=104903 HTTP/1.1" 200 200 "arcgisios" "ArcGISiOS-2.3.2/7.1.1/iPhone4,1" 511 487
191.225.22.207 - - [27/Feb/2015:20:11:46 -0500] "GET /arcgis/rest/services/CombinedNomenclature/MapServer/export?bboxSR=104903&dpi=163&size=320,460&transparent=true&format=png&bbox=-150.77596474,-76.72913253,29.22403526,182.02086747&f=image&imageSR=104903 HTTP/1.1" 502 495 "arcgisios" "ArcGISiOS-2.3.2/7.1.1/iPhone4,1" 511 682
191.225.22.207 - - [27/Feb/2015:20:11:47 -0500] "GET /arcgis/rest/services/CombinedNomenclature/MapServer/export?bboxSR=104903&dpi=163&size=320,460&transparent=true&format=png&bbox=-259.53960037,-102.20798635,-79.53960037,156.54201365&f=image&imageSR=104903 HTTP/1.1" 200 200 "arcgisios" "ArcGISiOS-2.3.2/7.1.1/iPhone4,1" 513 488
191.225.22.207 - - [27/Feb/2015:20:11:50 -0500] "GET /arcgis/rest/services/CombinedNomenclature/MapServer/export?bboxSR=104903&dpi=163&size=320,460&transparent=true&format=png&bbox=35.25676632,-165.84882054,215.25676632,92.90117946&f=image&imageSR=104903 HTTP/1.1" 200 200 "arcgisios" "ArcGISiOS-2.3.2/7.1.1/iPhone4,1" 510 489
191.225.22.207 - - [27/Feb/2015:20:11:51 -0500] "GET /arcgis/rest/services/CombinedNomenclature/MapServer/export?bboxSR=104903&dpi=163&size=320,460&transparent=true&format=png&bbox=90.00000000,-150.10082147,270.00000000,108.64917853&f=image&imageSR=104903 HTTP/1.1" 200 200 "arcgisios" "ArcGISiOS-2.3.2/7.1.1/iPhone4,1" 511 487
191.225.22.207 - - [27/Feb/2015:20:11:54 -0500] "GET /arcgis/rest/services/CombinedNomenclature/MapServer/export?bboxSR=104903&dpi=163&size=320,460&transparent=true&format=png&bbox=13.74420977,-166.26516375,193.74420977,92.48483625&f=image&imageSR=104903 HTTP/1.1" 200 200 "arcgisios" "ArcGISiOS-2.3.2/7.1.1/iPhone4,1" 510 489
191.225.22.207 - - [27/Feb/2015:20:11:55 -0500] "GET /arcgis/rest/services/CombinedNomenclature/MapServer/export?bboxSR=104903&dpi=163&size=320,460&transparent=true&format=png&bbox=-71.53746271,-165.64586974,108.46253729,93.10413026&f=image&imageSR=104903 HTTP/1.1" 200 200 "arcgisios" "ArcGISiOS-2.3.2/7.1.1/iPhone4,1" 511 489
191.225.22.207 - - [27/Feb/2015:20:11:57 -0500] "GET /arcgis/rest/services/CombinedNomenclature/MapServer/export?bboxSR=104903&dpi=163&size=320,460&transparent=true&format=png&bbox=-72.33454925,-157.69640464,107.66545075,101.05359536&f=image&imageSR=104903 HTTP/1.1" 200 200 "arcgisios" "ArcGISiOS-2.3.2/7.1.1/iPhone4,1" 512 488
191.225.22.207 - - [27/Feb/2015:20:11:59 -0500] "GET /arcgis/rest/services/CombinedNomenclature/MapServer/export?bboxSR=104903&dpi=163&size=320,460&transparent=true&format=png&bbox=-50.02716107,-117.60298582,30.68919677,-1.57322142&f=image&imageSR=104903 HTTP/1.1" 200 200 "arcgisios" "ArcGISiOS-2.3.2/7.1.1/iPhone4,1" 510 488
127.0.0.1 - - [27/Feb/2015:20:12:12 -0500] "GET /opensso/namingservice HTTP/1.1" 200 7 "-" "Java/1.5.0_21" 220 183
127.0.0.1 - - [27/Feb/2015:20:12:13 -0500] "GET /opensso/namingservice HTTP/1.1" 200 7 "-" "Java/1.5.0_21" 220 183
191.225.22.207 - - [27/Feb/2015:20:12:15 -0500] "GET /arcgis/rest/services/CombinedNomenclature/MapServer/export?bboxSR=104903&dpi=163&size=320,460&transparent=true&format=png&bbox=-10.84034975,-58.43090780,2.45436083,-39.31976135&f=image&imageSR=104903 HTTP/1.1" 200 1834 "arcgisios" "ArcGISiOS-2.3.2/7.1.1/iPhone4,1" 509 2123
66.249.64.132 - - [27/Feb/2015:20:12:32 -0500] "GET /redmine/issues/gantt?month=5&months=6&year=2706&zoom=2 HTTP/1.1" 200 30899 "-" "Mozilla/5.0 (compatible; Googlebot/2.1; +http://www.google.com/bot.html)" 345 31589
191.225.22.207 - - [27/Feb/2015:20:12:33 -0500] "GET /arcgis/rest/services/CombinedNomenclature/MapServer/export?bboxSR=104903&dpi=163&size=320,460&transparent=true&format=png&bbox=-4.17100550,-49.93636880,-3.46788050,-48.92562662&f=image&imageSR=104903 HTTP/1.1" 200 200 "arcgisios" "ArcGISiOS-2.3.2/7.1.1/iPhone4,1" 509 489
127.0.0.1 - - [27/Feb/2015:20:12:42 -0500] "GET /opensso/namingservice HTTP/1.1" 200 7 "-" "Java/1.5.0_21" 220 183
127.0.0.1 - - [27/Feb/2015:20:12:43 -0500] "GET /opensso/namingservice HTTP/1.1" 200 7 "-" "Java/1.5.0_21" 220 183
127.0.0.1 - - [27/Feb/2015:20:12:51 -0500] "POST /opensso/jaxrpc/SMSObjectIF HTTP/1.1" 200 505 "-" "Java/1.5.0_21" 847 767
127.0.0.1 - - [27/Feb/2015:20:12:51 -0500] "POST /opensso/jaxrpc/DirectoryManagerIF HTTP/1.1" 200 1290 "-" "Java/1.5.0_21" 1362 1551
191.225.22.207 - - [27/Feb/2015:20:12:51 -0500] "GET /LMMP/rest/dbxml/fgdc/abstract?label=Clem_UVVIS_OpticalMaturity_Gray_Global_152ppd HTTP/1.1" 200 754 "-" "Moon%20Tours/1.0.0 CFNetwork/672.1.14 Darwin/14.0.0" 840 1594
127.0.0.1 - - [27/Feb/2015:20:13:12 -0500] "GET /opensso/namingservice HTTP/1.1" 200 7 "-" "Java/1.5.0_21" 220 183
127.0.0.1 - - [27/Feb/2015:20:13:13 -0500] "GET /opensso/namingservice HTTP/1.1" 200 7 "-" "Java/1.5.0_21" 220 183
191.225.22.207 - - [27/Feb/2015:20:13:15 -0500] "GET /arcgis/rest/services/CombinedNomenclature/MapServer/export?bboxSR=104903&dpi=163&size=320,460&transparent=true&format=png&bbox=-4.24681116,-49.81661783,-3.54368616,-48.80587564&f=image&imageSR=104903 HTTP/1.1" 200 200 "arcgisios" "ArcGISiOS-2.3.2/7.1.1/iPhone4,1" 509 488
127.0.0.1 - - [27/Feb/2015:20:13:42 -0500] "GET /opensso/namingservice HTTP/1.1" 200 7 "-" "Java/1.5.0_21" 220 183
127.0.0.1 - - [27/Feb/2015:20:13:43 -0500] "GET /opensso/namingservice HTTP/1.1" 200 7 "-" "Java/1.5.0_21" 220 183
191.225.22.207 - - [27/Feb/2015:20:14:05 -0500] "GET /arcgis/rest/services/CombinedNomenclature/MapServer/export?bboxSR=104903&dpi=163&size=320,460&transparent=true&format=png&bbox=-7.86733214,-54.30620549,-1.44686380,-45.07678223&f=image&imageSR=104903 HTTP/1.1" 200 1814 "arcgisios" "ArcGISiOS-2.3.2/7.1.1/iPhone4,1" 509 2103
191.225.22.207 - - [27/Feb/2015:20:14:08 -0500] "GET /arcgis/rest/services/CombinedNomenclature/MapServer/export?bboxSR=104903&dpi=163&size=480,300&transparent=true&format=png&bbox=-15.56370787,-56.21952711,5.85652751,-42.83188000&f=image&imageSR=104903 HTTP/1.1" 200 2562 "arcgisios" "ArcGISiOS-2.3.2/7.1.1/iPhone4,1" 509 2852
127.0.0.1 - - [27/Feb/2015:20:14:12 -0500] "GET /opensso/namingservice HTTP/1.1" 200 7 "-" "Java/1.5.0_21" 220 183
70.199.140.144 - - [27/Feb/2015:20:14:12 -0500] "GET /LMMPUI/LMMP_CLIENT/config/config.xml?1425086053504 HTTP/1.1" 200 11971 "http://pub.lmmp.nasa.gov/LMMPUI/LMMP_CLIENT/LMMP.html" "Mozilla/5.0 (Windows NT 6.1; WOW64) AppleWebKit/537.36 (KHTML, like Gecko) Chrome/40.0.2214.115 Safari/537.36" 1960 12309
70.199.140.144 - - [27/Feb/2015:20:14:12 -0500] "GET /LMMPUI/LMMP_CLIENT/homepage/features.xml?v=1425086053616 HTTP/1.1" 200 1611 "http://pub.lmmp.nasa.gov/LMMPUI/LMMP_CLIENT/LMMP.html" "Mozilla/5.0 (Windows NT 6.1; WOW64) AppleWebKit/537.36 (KHTML, like Gecko) Chrome/40.0.2214.115 Safari/537.36" 1966 1947
127.0.0.1 - - [27/Feb/2015:20:14:12 -0500] "POST /opensso/sessionservice HTTP/1.1" 200 2016 "-" "Java/1.5.0_21" 712 2194
127.0.0.1 - - [27/Feb/2015:20:14:12 -0500] "GET /openssorest/token/localldap HTTP/1.1" 200 62 "-" "Java/1.5.0_21" 277 239
70.199.140.144 - - [27/Feb/2015:20:14:12 -0500] "GET /LMMPUI/rest/proxy/proxyService?cs=bG1tcGd1ZXN0fGd1ZXN0bG1tcHxodHRwOi8vcHViLmxtbXAubmFzYS5nb3Yvb3BlbnNzb3Jlc3QvdG9rZW4vbG9jYWxsZGFw HTTP/1.1" 200 63 "http://pub.lmmp.nasa.gov/LMMPUI/LMMP_CLIENT/LMMP.html" "Mozilla/5.0 (Windows NT 6.1; WOW64) AppleWebKit/537.36 (KHTML, like Gecko) Chrome/40.0.2214.115 Safari/537.36" 2040 238
70.199.140.144 - - [27/Feb/2015:20:14:12 -0500] "POST /openssorest/token/localldap HTTP/1.1" 200 62 "http://pub.lmmp.nasa.gov/LMMPUI/LMMP_CLIENT/LMMP_WB.swf/[[DYNAMIC]]/10" "Mozilla/5.0 (Windows NT 6.1; WOW64) AppleWebKit/537.36 (KHTML, like Gecko) Chrome/40.0.2214.115 Safari/537.36" 2114 238
127.0.0.1 - - [27/Feb/2015:20:14:13 -0500] "GET /opensso/namingservice HTTP/1.1" 200 7 "-" "Java/1.5.0_21" 220 183
70.199.140.144 - - [27/Feb/2015:20:14:13 -0500] "GET /opensso/identity/isTokenValid?iPlanetDirectoryPro=AQIC5wM2LY4SfczWtyh4FuWsEDRakFsEElfscN1iHwvjC0E%3D%40AAJTSQACMDE%3D%23 HTTP/1.1" 200 13 "http://pub.lmmp.nasa.gov/LMMPUI/LMMP_CLIENT/LMMP.html" "Mozilla/5.0 (Windows NT 6.1; WOW64) AppleWebKit/537.36 (KHTML, like Gecko) Chrome/40.0.2214.115 Safari/537.36" 2030 170
70.199.140.144 - - [27/Feb/2015:20:14:13 -0500] "GET /opensso/identity/isTokenValid?iPlanetDirectoryPro=AQIC5wM2LY4SfczWtyh4FuWsEDRakFsEElfscN1iHwvjC0E%3D%40AAJTSQACMDE%3D%23 HTTP/1.1" 200 13 "http://pub.lmmp.nasa.gov/LMMPUI/LMMP_CLIENT/LMMP.html" "Mozilla/5.0 (Windows NT 6.1; WOW64) AppleWebKit/537.36 (KHTML, like Gecko) Chrome/40.0.2214.115 Safari/537.36" 2030 170
70.199.140.144 - - [27/Feb/2015:20:14:13 -0500] "GET /opensso/identity/attributes?iPlanetDirectoryPro=AQIC5wM2LY4SfczWtyh4FuWsEDRakFsEElfscN1iHwvjC0E%3D%40AAJTSQACMDE%3D%23 HTTP/1.1" 200 981 "http://pub.lmmp.nasa.gov/LMMPUI/LMMP_CLIENT/LMMP.html" "Mozilla/5.0 (Windows NT 6.1; WOW64) AppleWebKit/537.36 (KHTML, like Gecko) Chrome/40.0.2214.115 Safari/537.36" 2028 1139
127.0.0.1 - - [27/Feb/2015:20:14:13 -0500] "POST /opensso/sessionservice HTTP/1.1" 200 2014 "-" "Java/1.5.0_21" 817 2192
127.0.0.1 - - [27/Feb/2015:20:14:13 -0500] "POST /opensso/policyservice HTTP/1.1" 200 9461 "-" "Java/1.5.0_21" 1119 9646
127.0.0.1 - - [27/Feb/2015:20:14:13 -0500] "POST /opensso/jaxrpc/SMSObjectIF HTTP/1.1" 200 505 "-" "Java/1.5.0_21" 847 766
127.0.0.1 - - [27/Feb/2015:20:14:13 -0500] "POST /opensso/jaxrpc/DirectoryManagerIF HTTP/1.1" 200 1290 "-" "Java/1.5.0_21" 1362 1551
70.199.140.144 - - [27/Feb/2015:20:14:13 -0500] "GET /LMMP/rest/dbxml/resources?iPlanetDirectoryPro=AQIC5wM2LY4SfczWtyh4FuWsEDRakFsEElfscN1iHwvjC0E%3D%40AAJTSQACMDE%3D%23 HTTP/1.1" 200 2827 "http://pub.lmmp.nasa.gov/LMMPUI/LMMP_CLIENT/LMMP.html" "Mozilla/5.0 (Windows NT 6.1; WOW64) AppleWebKit/537.36 (KHTML, like Gecko) Chrome/40.0.2214.115 Safari/537.36" 2079 3079
191.225.22.207 - - [27/Feb/2015:20:14:13 -0500] "GET /arcgis/rest/services/CombinedNomenclature/MapServer/export?bboxSR=104903&dpi=163&size=320,460&transparent=true&format=png&bbox=-11.99366864,-59.78956634,2.28648828,-39.26184077&f=image&imageSR=104903 HTTP/1.1" 200 2756 "arcgisios" "ArcGISiOS-2.3.2/7.1.1/iPhone4,1" 509 3046
70.199.140.144 - - [27/Feb/2015:20:14:14 -0500] "GET /opensso/identity/isTokenValid?iPlanetDirectoryPro=AQIC5wM2LY4SfczWtyh4FuWsEDRakFsEElfscN1iHwvjC0E%3D%40AAJTSQACMDE%3D%23 HTTP/1.1" 200 13 "http://pub.lmmp.nasa.gov/LMMPUI/LMMP_CLIENT/LMMP.html" "Mozilla/5.0 (Windows NT 6.1; WOW64) AppleWebKit/537.36 (KHTML, like Gecko) Chrome/40.0.2214.115 Safari/537.36" 2030 170
70.199.140.144 - - [27/Feb/2015:20:14:14 -0500] "GET /opensso/identity/isTokenValid?iPlanetDirectoryPro=AQIC5wM2LY4SfczWtyh4FuWsEDRakFsEElfscN1iHwvjC0E%3D%40AAJTSQACMDE%3D%23 HTTP/1.1" 200 13 "http://pub.lmmp.nasa.gov/LMMPUI/LMMP_CLIENT/LMMP.html" "Mozilla/5.0 (Windows NT 6.1; WOW64) AppleWebKit/537.36 (KHTML, like Gecko) Chrome/40.0.2214.115 Safari/537.36" 2030 170
70.199.140.144 - - [27/Feb/2015:20:14:14 -0500] "GET /opensso/identity/isTokenValid?iPlanetDirectoryPro=AQIC5wM2LY4SfczWtyh4FuWsEDRakFsEElfscN1iHwvjC0E%3D%40AAJTSQACMDE%3D%23 HTTP/1.1" 200 13 "http://pub.lmmp.nasa.gov/LMMPUI/LMMP_CLIENT/LMMP.html" "Mozilla/5.0 (Windows NT 6.1; WOW64) AppleWebKit/537.36 (KHTML, like Gecko) Chrome/40.0.2214.115 Safari/537.36" 2030 170
70.199.140.144 - - [27/Feb/2015:20:14:14 -0500] "GET /opensso/identity/isTokenValid?iPlanetDirectoryPro=AQIC5wM2LY4SfczWtyh4FuWsEDRakFsEElfscN1iHwvjC0E%3D%40AAJTSQACMDE%3D%23 HTTP/1.1" 200 13 "http://pub.lmmp.nasa.gov/LMMPUI/LMMP_CLIENT/LMMP.html" "Mozilla/5.0 (Windows NT 6.1; WOW64) AppleWebKit/537.36 (KHTML, like Gecko) Chrome/40.0.2214.115 Safari/537.36" 2030 170
70.199.140.144 - - [27/Feb/2015:20:14:14 -0500] "GET /opensso/identity/isTokenValid?iPlanetDirectoryPro=AQIC5wM2LY4SfczWtyh4FuWsEDRakFsEElfscN1iHwvjC0E%3D%40AAJTSQACMDE%3D%23 HTTP/1.1" 200 13 "http://pub.lmmp.nasa.gov/LMMPUI/LMMP_CLIENT/LMMP.html" "Mozilla/5.0 (Windows NT 6.1; WOW64) AppleWebKit/537.36 (KHTML, like Gecko) Chrome/40.0.2214.115 Safari/537.36" 2030 170
127.0.0.1 - - [27/Feb/2015:20:14:14 -0500] "POST /opensso/jaxrpc/SMSObjectIF HTTP/1.1" 200 505 "-" "Java/1.5.0_21" 847 766
127.0.0.1 - - [27/Feb/2015:20:14:14 -0500] "POST /opensso/jaxrpc/DirectoryManagerIF HTTP/1.1" 200 1290 "-" "Java/1.5.0_21" 1362 1551
70.199.140.144 - - [27/Feb/2015:20:14:14 -0500] "GET /opensso/identity/isTokenValid?iPlanetDirectoryPro=AQIC5wM2LY4SfczWtyh4FuWsEDRakFsEElfscN1iHwvjC0E%3D%40AAJTSQACMDE%3D%23 HTTP/1.1" 200 13 "http://pub.lmmp.nasa.gov/LMMPUI/LMMP_CLIENT/LMMP.html" "Mozilla/5.0 (Windows NT 6.1; WOW64) AppleWebKit/537.36 (KHTML, like Gecko) Chrome/40.0.2214.115 Safari/537.36" 2030 170
127.0.0.1 - - [27/Feb/2015:20:14:15 -0500] "POST /opensso/jaxrpc/SMSObjectIF HTTP/1.1" 200 505 "-" "Java/1.5.0_21" 847 766
127.0.0.1 - - [27/Feb/2015:20:14:15 -0500] "POST /opensso/jaxrpc/DirectoryManagerIF HTTP/1.1" 200 1290 "-" "Java/1.5.0_21" 1362 1551
127.0.0.1 - - [27/Feb/2015:20:14:15 -0500] "POST /opensso/jaxrpc/SMSObjectIF HTTP/1.1" 200 505 "-" "Java/1.5.0_21" 847 766
127.0.0.1 - - [27/Feb/2015:20:14:15 -0500] "POST /opensso/jaxrpc/DirectoryManagerIF HTTP/1.1" 200 1290 "-" "Java/1.5.0_21" 1362 1551
191.225.22.207 - - [27/Feb/2015:20:14:05 -0500] "GET /arcgis/rest/services/CombinedNomenclature/MapServer/export?bboxSR=104903&dpi=163&size=320,460&transparent=true&format=png&bbox=-11.99366864,-59.78956634,2.28648828,-39.26184077&f=image&imageSR=104903 HTTP/1.1" 200 2756 "arcgisios" "ArcGISiOS-2.3.2/7.1.1/iPhone4,1" 509 3046
70.199.140.144 - - [27/Feb/2015:20:14:15 -0500] "GET /LMMP/rest/dbxml/layers?proj=IAU2000:30118&visOnly=true&iPlanetDirectoryPro=AQIC5wM2LY4SfczWtyh4FuWsEDRakFsEElfscN1iHwvjC0E%3D%40AAJTSQACMDE%3D%23&sort=Mission%2Ctitle HTTP/1.1" 200 44040 "http://pub.lmmp.nasa.gov/LMMPUI/LMMP_CLIENT/LMMP.html" "Mozilla/5.0 (Windows NT 6.1; WOW64) AppleWebKit/537.36 (KHTML, like Gecko) Chrome/40.0.2214.115 Safari/537.36" 2129 44329
70.199.140.144 - - [27/Feb/2015:20:14:15 -0500] "GET /LMMP/rest/dbxml/layers?proj=IAU2000:30120&visOnly=true&iPlanetDirectoryPro=AQIC5wM2LY4SfczWtyh4FuWsEDRakFsEElfscN1iHwvjC0E%3D%40AAJTSQACMDE%3D%23&sort=Mission%2Ctitle HTTP/1.1" 200 55891 "http://pub.lmmp.nasa.gov/LMMPUI/LMMP_CLIENT/LMMP.html" "Mozilla/5.0 (Windows NT 6.1; WOW64) AppleWebKit/537.36 (KHTML, like Gecko) Chrome/40.0.2214.115 Safari/537.36" 2129 56188
70.199.140.144 - - [27/Feb/2015:20:14:16 -0500] "GET /opensso/identity/isTokenValid?iPlanetDirectoryPro=AQIC5wM2LY4SfczWtyh4FuWsEDRakFsEElfscN1iHwvjC0E%3D%40AAJTSQACMDE%3D%23 HTTP/1.1" 200 13 "http://pub.lmmp.nasa.gov/LMMPUI/LMMP_CLIENT/LMMP.html" "Mozilla/5.0 (Windows NT 6.1; WOW64) AppleWebKit/537.36 (KHTML, like Gecko) Chrome/40.0.2214.115 Safari/537.36" 2030 170
