203.247.180.221 - - [27/Jul/2015:21:41:57 -0400] "GET /opensso/identity/isTokenValid?iPlanetDirectoryPro=AQIC5wM2LY4Sfcyykcviu%2ByqIEv4ZkYPczQW1Hm%2BsvWx%2FFI%3D%40AAJTSQACMDE%3D%23 HTTP/1.1" 200 13 "http://pub.lmmp.nasa.gov/LMMPUI/LMMP_CLIENT/LMMP.html" "Mozilla/5.0 (Windows NT 6.1; WOW64) AppleWebKit/537.36 (KHTML, like Gecko) Chrome/44.0.2403.107 Safari/537.36" 785 170
203.247.180.221 - - [27/Jul/2015:21:41:57 -0400] "GET /opensso/identity/isTokenValid?iPlanetDirectoryPro=AQIC5wM2LY4Sfcyykcviu%2ByqIEv4ZkYPczQW1Hm%2BsvWx%2FFI%3D%40AAJTSQACMDE%3D%23 HTTP/1.1" 200 13 "http://pub.lmmp.nasa.gov/LMMPUI/LMMP_CLIENT/LMMP.html" "Mozilla/5.0 (Windows NT 6.1; WOW64) AppleWebKit/537.36 (KHTML, like Gecko) Chrome/44.0.2403.107 Safari/537.36" 785 170
203.247.180.221 - - [27/Jul/2015:21:41:57 -0400] "GET /opensso/identity/isTokenValid?iPlanetDirectoryPro=AQIC5wM2LY4Sfcyykcviu%2ByqIEv4ZkYPczQW1Hm%2BsvWx%2FFI%3D%40AAJTSQACMDE%3D%23 HTTP/1.1" 200 13 "http://pub.lmmp.nasa.gov/LMMPUI/LMMP_CLIENT/LMMP.html" "Mozilla/5.0 (Windows NT 6.1; WOW64) AppleWebKit/537.36 (KHTML, like Gecko) Chrome/44.0.2403.107 Safari/537.36" 785 170
203.247.180.221 - - [27/Jul/2015:21:41:57 -0400] "GET /opensso/identity/isTokenValid?iPlanetDirectoryPro=AQIC5wM2LY4Sfcyykcviu%2ByqIEv4ZkYPczQW1Hm%2BsvWx%2FFI%3D%40AAJTSQACMDE%3D%23 HTTP/1.1" 200 13 "http://pub.lmmp.nasa.gov/LMMPUI/LMMP_CLIENT/LMMP.html" "Mozilla/5.0 (Windows NT 6.1; WOW64) AppleWebKit/537.36 (KHTML, like Gecko) Chrome/44.0.2403.107 Safari/537.36" 785 170
203.247.180.221 - - [27/Jul/2015:21:41:58 -0400] "GET /opensso/identity/isTokenValid?iPlanetDirectoryPro=AQIC5wM2LY4Sfcyykcviu%2ByqIEv4ZkYPczQW1Hm%2BsvWx%2FFI%3D%40AAJTSQACMDE%3D%23 HTTP/1.1" 200 13 "http://pub.lmmp.nasa.gov/LMMPUI/LMMP_CLIENT/LMMP.html" "Mozilla/5.0 (Windows NT 6.1; WOW64) AppleWebKit/537.36 (KHTML, like Gecko) Chrome/44.0.2403.107 Safari/537.36" 785 170
203.247.180.221 - - [27/Jul/2015:21:41:59 -0400] "GET /opensso/identity/isTokenValid?iPlanetDirectoryPro=AQIC5wM2LY4Sfcyykcviu%2ByqIEv4ZkYPczQW1Hm%2BsvWx%2FFI%3D%40AAJTSQACMDE%3D%23 HTTP/1.1" 200 13 "http://pub.lmmp.nasa.gov/LMMPUI/LMMP_CLIENT/LMMP.html" "Mozilla/5.0 (Windows NT 6.1; WOW64) AppleWebKit/537.36 (KHTML, like Gecko) Chrome/44.0.2403.107 Safari/537.36" 785 170
203.247.180.221 - - [27/Jul/2015:21:41:59 -0400] "GET /opensso/identity/isTokenValid?iPlanetDirectoryPro=AQIC5wM2LY4Sfcyykcviu%2ByqIEv4ZkYPczQW1Hm%2BsvWx%2FFI%3D%40AAJTSQACMDE%3D%23 HTTP/1.1" 200 13 "http://pub.lmmp.nasa.gov/LMMPUI/LMMP_CLIENT/LMMP.html" "Mozilla/5.0 (Windows NT 6.1; WOW64) AppleWebKit/537.36 (KHTML, like Gecko) Chrome/44.0.2403.107 Safari/537.36" 785 170
203.247.180.221 - - [27/Jul/2015:21:41:59 -0400] "GET /LMMP/rest/auxmd/types?iPlanetDirectoryPro=AQIC5wM2LY4Sfcyykcviu%2ByqIEv4ZkYPczQW1Hm%2BsvWx%2FFI%3D%40AAJTSQACMDE%3D%23 HTTP/1.1" 200 119 "http://pub.lmmp.nasa.gov/LMMPUI/LMMP_CLIENT/LMMP.html" "Mozilla/5.0 (Windows NT 6.1; WOW64) AppleWebKit/537.36 (KHTML, like Gecko) Chrome/44.0.2403.107 Safari/537.36" 830 294
203.247.180.221 - - [27/Jul/2015:21:41:59 -0400] "GET /LMMP/rest/auxmd/acl?iPlanetDirectoryPro=AQIC5wM2LY4Sfcyykcviu%2ByqIEv4ZkYPczQW1Hm%2BsvWx%2FFI%3D%40AAJTSQACMDE%3D%23 HTTP/1.1" 200 1468 "http://pub.lmmp.nasa.gov/LMMPUI/LMMP_CLIENT/LMMP.html" "Mozilla/5.0 (Windows NT 6.1; WOW64) AppleWebKit/537.36 (KHTML, like Gecko) Chrome/44.0.2403.107 Safari/537.36" 828 1644
203.247.180.221 - - [27/Jul/2015:21:41:59 -0400] "GET /opensso/identity/isTokenValid?iPlanetDirectoryPro=AQIC5wM2LY4Sfcyykcviu%2ByqIEv4ZkYPczQW1Hm%2BsvWx%2FFI%3D%40AAJTSQACMDE%3D%23 HTTP/1.1" 200 13 "http://pub.lmmp.nasa.gov/LMMPUI/LMMP_CLIENT/LMMP.html" "Mozilla/5.0 (Windows NT 6.1; WOW64) AppleWebKit/537.36 (KHTML, like Gecko) Chrome/44.0.2403.107 Safari/537.36" 785 170
203.247.180.221 - - [27/Jul/2015:21:42:00 -0400] "GET /opensso/identity/isTokenValid?iPlanetDirectoryPro=AQIC5wM2LY4Sfcyykcviu%2ByqIEv4ZkYPczQW1Hm%2BsvWx%2FFI%3D%40AAJTSQACMDE%3D%23 HTTP/1.1" 200 13 "http://pub.lmmp.nasa.gov/LMMPUI/LMMP_CLIENT/LMMP.html" "Mozilla/5.0 (Windows NT 6.1; WOW64) AppleWebKit/537.36 (KHTML, like Gecko) Chrome/44.0.2403.107 Safari/537.36" 785 170
203.247.180.221 - - [27/Jul/2015:21:42:00 -0400] "GET /LMMP/rest/auxmd/create?iPlanetDirectoryPro=AQIC5wM2LY4Sfcyykcviu%2ByqIEv4ZkYPczQW1Hm%2BsvWx%2FFI%3D%40AAJTSQACMDE%3D%23&mdType=layer HTTP/1.1" 200 173 "http://pub.lmmp.nasa.gov/LMMPUI/LMMP_CLIENT/LMMP.html" "Mozilla/5.0 (Windows NT 6.1; WOW64) AppleWebKit/537.36 (KHTML, like Gecko) Chrome/44.0.2403.107 Safari/537.36" 844 348
203.247.180.221 - - [27/Jul/2015:21:42:00 -0400] "GET /opensso/identity/isTokenValid?iPlanetDirectoryPro=AQIC5wM2LY4Sfcyykcviu%2ByqIEv4ZkYPczQW1Hm%2BsvWx%2FFI%3D%40AAJTSQACMDE%3D%23 HTTP/1.1" 200 13 "http://pub.lmmp.nasa.gov/LMMPUI/LMMP_CLIENT/LMMP.html" "Mozilla/5.0 (Windows NT 6.1; WOW64) AppleWebKit/537.36 (KHTML, like Gecko) Chrome/44.0.2403.107 Safari/537.36" 785 170
203.247.180.221 - - [27/Jul/2015:21:42:00 -0400] "GET /LMMP/rest/auxmd/create?iPlanetDirectoryPro=AQIC5wM2LY4Sfcyykcviu%2ByqIEv4ZkYPczQW1Hm%2BsvWx%2FFI%3D%40AAJTSQACMDE%3D%23&mdType=point HTTP/1.1" 200 319 "http://pub.lmmp.nasa.gov/LMMPUI/LMMP_CLIENT/LMMP.html" "Mozilla/5.0 (Windows NT 6.1; WOW64) AppleWebKit/537.36 (KHTML, like Gecko) Chrome/44.0.2403.107 Safari/537.36" 844 496
203.247.180.221 - - [27/Jul/2015:21:42:00 -0400] "GET /opensso/identity/isTokenValid?iPlanetDirectoryPro=AQIC5wM2LY4Sfcyykcviu%2ByqIEv4ZkYPczQW1Hm%2BsvWx%2FFI%3D%40AAJTSQACMDE%3D%23 HTTP/1.1" 200 13 "http://pub.lmmp.nasa.gov/LMMPUI/LMMP_CLIENT/LMMP.html" "Mozilla/5.0 (Windows NT 6.1; WOW64) AppleWebKit/537.36 (KHTML, like Gecko) Chrome/44.0.2403.107 Safari/537.36" 785 170
203.247.180.221 - - [27/Jul/2015:21:42:00 -0400] "GET /LMMP/rest/auxmd/create?iPlanetDirectoryPro=AQIC5wM2LY4Sfcyykcviu%2ByqIEv4ZkYPczQW1Hm%2BsvWx%2FFI%3D%40AAJTSQACMDE%3D%23&mdType=bounding HTTP/1.1" 200 513 "http://pub.lmmp.nasa.gov/LMMPUI/LMMP_CLIENT/LMMP.html" "Mozilla/5.0 (Windows NT 6.1; WOW64) AppleWebKit/537.36 (KHTML, like Gecko) Chrome/44.0.2403.107 Safari/537.36" 847 689
203.247.180.221 - - [27/Jul/2015:21:42:00 -0400] "GET /opensso/identity/isTokenValid?iPlanetDirectoryPro=AQIC5wM2LY4Sfcyykcviu%2ByqIEv4ZkYPczQW1Hm%2BsvWx%2FFI%3D%40AAJTSQACMDE%3D%23 HTTP/1.1" 200 13 "http://pub.lmmp.nasa.gov/LMMPUI/LMMP_CLIENT/LMMP.html" "Mozilla/5.0 (Windows NT 6.1; WOW64) AppleWebKit/537.36 (KHTML, like Gecko) Chrome/44.0.2403.107 Safari/537.36" 785 170
203.247.180.221 - - [27/Jul/2015:21:42:00 -0400] "GET /LMMP/rest/auxmd/create?iPlanetDirectoryPro=AQIC5wM2LY4Sfcyykcviu%2ByqIEv4ZkYPczQW1Hm%2BsvWx%2FFI%3D%40AAJTSQACMDE%3D%23&mdType=polyo HTTP/1.1" 200 38 "http://pub.lmmp.nasa.gov/LMMPUI/LMMP_CLIENT/LMMP.html" "Mozilla/5.0 (Windows NT 6.1; WOW64) AppleWebKit/537.36 (KHTML, like Gecko) Chrome/44.0.2403.107 Safari/537.36" 844 213
203.247.180.221 - - [27/Jul/2015:21:42:00 -0400] "GET /LMMP/rest/auxmd/create?iPlanetDirectoryPro=AQIC5wM2LY4Sfcyykcviu%2ByqIEv4ZkYPczQW1Hm%2BsvWx%2FFI%3D%40AAJTSQACMDE%3D%23&mdType=polyx HTTP/1.1" 200 38 "http://pub.lmmp.nasa.gov/LMMPUI/LMMP_CLIENT/LMMP.html" "Mozilla/5.0 (Windows NT 6.1; WOW64) AppleWebKit/537.36 (KHTML, like Gecko) Chrome/44.0.2403.107 Safari/537.36" 844 213
203.247.180.221 - - [27/Jul/2015:21:42:02 -0400] "GET /LMMPUI/LMMP_CLIENT/homepage/data.xml?v=1438047747489 HTTP/1.1" 200 3907 "http://pub.lmmp.nasa.gov/LMMPUI/LMMP_CLIENT/LMMP.html" "Mozilla/5.0 (Windows NT 6.1; WOW64) AppleWebKit/537.36 (KHTML, like Gecko) Chrome/44.0.2403.107 Safari/537.36" 711 4242
203.247.180.221 - - [27/Jul/2015:21:42:09 -0400] "GET /opensso/identity/isTokenValid?iPlanetDirectoryPro=AQIC5wM2LY4Sfcyykcviu%2ByqIEv4ZkYPczQW1Hm%2BsvWx%2FFI%3D%40AAJTSQACMDE%3D%23 HTTP/1.1" 200 13 "http://pub.lmmp.nasa.gov/LMMPUI/LMMP_CLIENT/LMMP.html" "Mozilla/5.0 (Windows NT 6.1; WOW64) AppleWebKit/537.36 (KHTML, like Gecko) Chrome/44.0.2403.107 Safari/537.36" 785 171
203.247.180.221 - - [27/Jul/2015:21:42:09 -0400] "GET /opensso/identity/isTokenValid?iPlanetDirectoryPro=AQIC5wM2LY4Sfcyykcviu%2ByqIEv4ZkYPczQW1Hm%2BsvWx%2FFI%3D%40AAJTSQACMDE%3D%23 HTTP/1.1" 200 13 "http://pub.lmmp.nasa.gov/LMMPUI/LMMP_CLIENT/LMMP.html" "Mozilla/5.0 (Windows NT 6.1; WOW64) AppleWebKit/537.36 (KHTML, like Gecko) Chrome/44.0.2403.107 Safari/537.36" 785 170
127.0.0.1 - - [27/Jul/2015:21:42:09 -0400] "POST /opensso/jaxrpc/SMSObjectIF HTTP/1.1" 200 505 "-" "Java/1.5.0_21" 847 767
127.0.0.1 - - [27/Jul/2015:21:42:09 -0400] "POST /opensso/jaxrpc/DirectoryManagerIF HTTP/1.1" 200 1290 "-" "Java/1.5.0_21" 1366 1551
203.247.180.221 - - [27/Jul/2015:21:42:09 -0400] "GET /LMMP/rest/dbxml/aux/find?xPath=/auxmd[%20(contains(upper-case(//title),%20upper-case(%22apollo%22))%20or%20%20upper-case(//originator)%20=%20upper-case(%22apollo%22)%20)]&iPlanetDirectoryPro=AQIC5wM2LY4Sfcyykcviu%2ByqIEv4ZkYPczQW1Hm%2BsvWx%2FFI%3D%40AAJTSQACMDE%3D%23 HTTP/1.1" 200 - "http://pub.lmmp.nasa.gov/LMMPUI/LMMP_CLIENT/LMMP.html" "Mozilla/5.0 (Windows NT 6.1; WOW64) AppleWebKit/537.36 (KHTML, like Gecko) Chrome/44.0.2403.107 Safari/537.36" 979 155
203.247.180.221 - - [27/Jul/2015:21:42:09 -0400] "GET /opensso/identity/isTokenValid?iPlanetDirectoryPro=AQIC5wM2LY4Sfcyykcviu%2ByqIEv4ZkYPczQW1Hm%2BsvWx%2FFI%3D%40AAJTSQACMDE%3D%23 HTTP/1.1" 200 13 "http://pub.lmmp.nasa.gov/LMMPUI/LMMP_CLIENT/LMMP.html" "Mozilla/5.0 (Windows NT 6.1; WOW64) AppleWebKit/537.36 (KHTML, like Gecko) Chrome/44.0.2403.107 Safari/537.36" 785 170
127.0.0.1 - - [27/Jul/2015:21:42:09 -0400] "POST /opensso/jaxrpc/SMSObjectIF HTTP/1.1" 200 505 "-" "Java/1.5.0_21" 847 766
127.0.0.1 - - [27/Jul/2015:21:42:09 -0400] "POST /opensso/jaxrpc/DirectoryManagerIF HTTP/1.1" 200 707 "-" "Java/1.5.0_21" 1219 968
203.247.180.221 - - [27/Jul/2015:21:42:09 -0400] "GET /opensso/identity/isTokenValid?iPlanetDirectoryPro=AQIC5wM2LY4Sfcyykcviu%2ByqIEv4ZkYPczQW1Hm%2BsvWx%2FFI%3D%40AAJTSQACMDE%3D%23 HTTP/1.1" 200 13 "http://pub.lmmp.nasa.gov/LMMPUI/LMMP_CLIENT/LMMP.html" "Mozilla/5.0 (Windows NT 6.1; WOW64) AppleWebKit/537.36 (KHTML, like Gecko) Chrome/44.0.2403.107 Safari/537.36" 785 170
203.247.180.221 - - [27/Jul/2015:21:42:09 -0400] "GET /solr/pds/select?fl=%2A%2Cscore&start=0&rows=100&wt=json&iPlanetDirectoryPro=AQIC5wM2LY4Sfcyykcviu%2ByqIEv4ZkYPczQW1Hm%2BsvWx%2FFI%3D%40AAJTSQACMDE%3D%23&indent=off&sort=score%20desc%2Cproductname%20asc&version=2%2E2&q=%28apollo%29 HTTP/1.1" 200 334 "http://pub.lmmp.nasa.gov/LMMPUI/LMMP_CLIENT/LMMP.html" "Mozilla/5.0 (Windows NT 6.1; WOW64) AppleWebKit/537.36 (KHTML, like Gecko) Chrome/44.0.2403.107 Safari/537.36" 942 583
203.247.180.221 - - [27/Jul/2015:21:42:09 -0400] "GET /opensso/identity/isTokenValid?iPlanetDirectoryPro=AQIC5wM2LY4Sfcyykcviu%2ByqIEv4ZkYPczQW1Hm%2BsvWx%2FFI%3D%40AAJTSQACMDE%3D%23 HTTP/1.1" 200 13 "http://pub.lmmp.nasa.gov/LMMPUI/LMMP_CLIENT/LMMP.html" "Mozilla/5.0 (Windows NT 6.1; WOW64) AppleWebKit/537.36 (KHTML, like Gecko) Chrome/44.0.2403.107 Safari/537.36" 785 170
203.247.180.221 - - [27/Jul/2015:21:42:10 -0400] "GET /opensso/identity/isTokenValid?iPlanetDirectoryPro=AQIC5wM2LY4Sfcyykcviu%2ByqIEv4ZkYPczQW1Hm%2BsvWx%2FFI%3D%40AAJTSQACMDE%3D%23 HTTP/1.1" 200 13 "http://pub.lmmp.nasa.gov/LMMPUI/LMMP_CLIENT/LMMP.html" "Mozilla/5.0 (Windows NT 6.1; WOW64) AppleWebKit/537.36 (KHTML, like Gecko) Chrome/44.0.2403.107 Safari/537.36" 785 170
127.0.0.1 - - [27/Jul/2015:21:42:10 -0400] "POST /opensso/jaxrpc/SMSObjectIF HTTP/1.1" 200 505 "-" "Java/1.5.0_21" 847 766
127.0.0.1 - - [27/Jul/2015:21:42:10 -0400] "POST /opensso/jaxrpc/DirectoryManagerIF HTTP/1.1" 200 1290 "-" "Java/1.5.0_21" 1366 1551
203.247.180.221 - - [27/Jul/2015:21:42:10 -0400] "GET /LMMP/rest/dbxml/aux/find?xPath=/auxmd[%20(contains(upper-case(//title),%20upper-case(%22apollo%22))%20or%20%20upper-case(//originator)%20=%20upper-case(%22apollo%22)%20)]&iPlanetDirectoryPro=AQIC5wM2LY4Sfcyykcviu%2ByqIEv4ZkYPczQW1Hm%2BsvWx%2FFI%3D%40AAJTSQACMDE%3D%23 HTTP/1.1" 200 - "http://pub.lmmp.nasa.gov/LMMPUI/LMMP_CLIENT/LMMP.html" "Mozilla/5.0 (Windows NT 6.1; WOW64) AppleWebKit/537.36 (KHTML, like Gecko) Chrome/44.0.2403.107 Safari/537.36" 979 154
203.247.180.221 - - [27/Jul/2015:21:42:10 -0400] "GET /solr/pds/select?fl=%2A%2Cscore&start=0&rows=100&wt=json&iPlanetDirectoryPro=AQIC5wM2LY4Sfcyykcviu%2ByqIEv4ZkYPczQW1Hm%2BsvWx%2FFI%3D%40AAJTSQACMDE%3D%23&indent=off&sort=score%20desc%2Cproductname%20asc&version=2%2E2&q=%28apollo%29 HTTP/1.1" 200 334 "http://pub.lmmp.nasa.gov/LMMPUI/LMMP_CLIENT/LMMP.html" "Mozilla/5.0 (Windows NT 6.1; WOW64) AppleWebKit/537.36 (KHTML, like Gecko) Chrome/44.0.2403.107 Safari/537.36" 942 506
203.247.180.221 - - [27/Jul/2015:21:42:09 -0400] "GET /lmmp-services/solr/proxy?fl=%2A&start=0&rows=100&wt=json&iPlanetDirectoryPro=AQIC5wM2LY4Sfcyykcviu%2ByqIEv4ZkYPczQW1Hm%2BsvWx%2FFI%3D%40AAJTSQACMDE%3D%23&indent=off&sort=score%20desc%2C%20s%5Ftitle%20asc&version=2%2E2&q=%28apollo%29 HTTP/1.1" 200 193792 "http://pub.lmmp.nasa.gov/LMMPUI/LMMP_CLIENT/LMMP.html" "Mozilla/5.0 (Windows NT 6.1; WOW64) AppleWebKit/537.36 (KHTML, like Gecko) Chrome/44.0.2403.107 Safari/537.36" 944 194339
127.0.0.1 - - [27/Jul/2015:21:42:12 -0400] "GET /opensso/namingservice HTTP/1.1" 200 7 "-" "Java/1.5.0_21" 220 183
127.0.0.1 - - [27/Jul/2015:21:42:13 -0400] "GET /opensso/namingservice HTTP/1.1" 200 7 "-" "Java/1.5.0_21" 220 182
180.76.15.159 - - [27/Jul/2015:21:42:18 -0400] "GET / HTTP/1.1" 302 237 "-" "Mozilla/5.0 (compatible; Baiduspider/2.0; +http://www.baidu.com/search/spider.html)" 219 506
180.76.15.136 - - [27/Jul/2015:21:42:18 -0400] "GET /LMMPUI/LMMP_CLIENT/LMMP.html HTTP/1.1" 200 8973 "-" "Mozilla/5.0 (compatible; Baiduspider/2.0; +http://www.baidu.com/search/spider.html)" 247 9266
188.143.232.24 - - [27/Jul/2015:21:42:41 -0400] "GET / HTTP/1.1" 302 237 "-" "Mozilla/4.0 (compatible; MSIE 6.0; Windows NT 5.1; SV1)" 204 506
127.0.0.1 - - [27/Jul/2015:21:42:42 -0400] "GET /opensso/namingservice HTTP/1.1" 200 7 "-" "Java/1.5.0_21" 220 183
188.143.232.24 - - [27/Jul/2015:21:42:42 -0400] "GET /LMMPUI/LMMP_CLIENT/LMMP.html HTTP/1.1" 200 8973 "-" "Mozilla/4.0 (compatible; MSIE 6.0; Windows NT 5.1; SV1)" 232 9266
203.247.180.221 - - [27/Jul/2015:21:42:42 -0400] "GET /opensso/identity/isTokenValid?iPlanetDirectoryPro=AQIC5wM2LY4Sfcyykcviu%2ByqIEv4ZkYPczQW1Hm%2BsvWx%2FFI%3D%40AAJTSQACMDE%3D%23 HTTP/1.1" 200 13 "http://pub.lmmp.nasa.gov/LMMPUI/LMMP_CLIENT/LMMP.html" "Mozilla/5.0 (Windows NT 6.1; WOW64) AppleWebKit/537.36 (KHTML, like Gecko) Chrome/44.0.2403.107 Safari/537.36" 785 171
203.247.180.221 - - [27/Jul/2015:21:42:42 -0400] "GET /opensso/identity/isTokenValid?iPlanetDirectoryPro=AQIC5wM2LY4Sfcyykcviu%2ByqIEv4ZkYPczQW1Hm%2BsvWx%2FFI%3D%40AAJTSQACMDE%3D%23 HTTP/1.1" 200 13 "http://pub.lmmp.nasa.gov/LMMPUI/LMMP_CLIENT/LMMP.html" "Mozilla/5.0 (Windows NT 6.1; WOW64) AppleWebKit/537.36 (KHTML, like Gecko) Chrome/44.0.2403.107 Safari/537.36" 785 170
137.78.207.218 - - [27/Jul/2015:21:42:42 -0400] "HEAD /LMMPUI/LMMP_CLIENT/LMMP.html HTTP/1.1" 200 - "-" "curl/7.38.0" 110 274
203.247.180.221 - - [27/Jul/2015:21:42:42 -0400] "GET /opensso/identity/isTokenValid?iPlanetDirectoryPro=AQIC5wM2LY4Sfcyykcviu%2ByqIEv4ZkYPczQW1Hm%2BsvWx%2FFI%3D%40AAJTSQACMDE%3D%23 HTTP/1.1" 200 13 "http://pub.lmmp.nasa.gov/LMMPUI/LMMP_CLIENT/LMMP.html" "Mozilla/5.0 (Windows NT 6.1; WOW64) AppleWebKit/537.36 (KHTML, like Gecko) Chrome/44.0.2403.107 Safari/537.36" 785 170
127.0.0.1 - - [27/Jul/2015:21:42:43 -0400] "GET /opensso/namingservice HTTP/1.1" 200 7 "-" "Java/1.5.0_21" 220 183
203.247.180.221 - - [27/Jul/2015:21:42:43 -0400] "GET /opensso/identity/isTokenValid?iPlanetDirectoryPro=AQIC5wM2LY4Sfcyykcviu%2ByqIEv4ZkYPczQW1Hm%2BsvWx%2FFI%3D%40AAJTSQACMDE%3D%23 HTTP/1.1" 200 13 "http://pub.lmmp.nasa.gov/LMMPUI/LMMP_CLIENT/LMMP.html" "Mozilla/5.0 (Windows NT 6.1; WOW64) AppleWebKit/537.36 (KHTML, like Gecko) Chrome/44.0.2403.107 Safari/537.36" 785 170
127.0.0.1 - - [27/Jul/2015:21:42:43 -0400] "POST /opensso/policyservice HTTP/1.1" 200 9465 "-" "Java/1.5.0_21" 1125 9651
203.247.180.221 - - [27/Jul/2015:21:42:43 -0400] "GET /LMMP/rest/dbxml/valsrvc?iPlanetDirectoryPro=AQIC5wM2LY4Sfcyykcviu%2ByqIEv4ZkYPczQW1Hm%2BsvWx%2FFI%3D%40AAJTSQACMDE%3D%23&uuid= HTTP/1.1" 200 31 "http://pub.lmmp.nasa.gov/LMMPUI/LMMP_CLIENT/LMMP.html" "Mozilla/5.0 (Windows NT 6.1; WOW64) AppleWebKit/537.36 (KHTML, like Gecko) Chrome/44.0.2403.107 Safari/537.36" 1482 522
203.247.180.221 - - [27/Jul/2015:21:42:43 -0400] "GET /LMMP/rest/dbxml/valsrvc?iPlanetDirectoryPro=AQIC5wM2LY4Sfcyykcviu%2ByqIEv4ZkYPczQW1Hm%2BsvWx%2FFI%3D%40AAJTSQACMDE%3D%23&uuid=fe61a247%2D8de7%2D4ea2%2D90bc%2De773b78e60bd HTTP/1.1" 200 31 "http://pub.lmmp.nasa.gov/LMMPUI/LMMP_CLIENT/LMMP.html" "Mozilla/5.0 (Windows NT 6.1; WOW64) AppleWebKit/537.36 (KHTML, like Gecko) Chrome/44.0.2403.107 Safari/537.36" 954 377
203.247.180.221 - - [27/Jul/2015:21:42:43 -0400] "GET /LMMP/rest/dbxml/valsrvc?iPlanetDirectoryPro=AQIC5wM2LY4Sfcyykcviu%2ByqIEv4ZkYPczQW1Hm%2BsvWx%2FFI%3D%40AAJTSQACMDE%3D%23&uuid= HTTP/1.1" 200 31 "http://pub.lmmp.nasa.gov/LMMPUI/LMMP_CLIENT/LMMP.html" "Mozilla/5.0 (Windows NT 6.1; WOW64) AppleWebKit/537.36 (KHTML, like Gecko) Chrome/44.0.2403.107 Safari/537.36" 906 377
203.247.180.221 - - [27/Jul/2015:21:42:43 -0400] "GET /LMMP/rest/dbxml/valsrvc?iPlanetDirectoryPro=AQIC5wM2LY4Sfcyykcviu%2ByqIEv4ZkYPczQW1Hm%2BsvWx%2FFI%3D%40AAJTSQACMDE%3D%23&uuid= HTTP/1.1" 200 31 "http://pub.lmmp.nasa.gov/LMMPUI/LMMP_CLIENT/LMMP.html" "Mozilla/5.0 (Windows NT 6.1; WOW64) AppleWebKit/537.36 (KHTML, like Gecko) Chrome/44.0.2403.107 Safari/537.36" 906 377
66.249.64.178 - - [27/Jul/2015:21:42:47 -0400] "GET /redmine/issues/gantt?month=12&months=6&year=1109&zoom=1 HTTP/1.1" 200 27577 "-" "Mozilla/5.0 (compatible; Googlebot/2.1; +http://www.google.com/bot.html)" 346 28266
203.247.180.221 - - [27/Jul/2015:21:43:09 -0400] "GET /opensso/identity/isTokenValid?iPlanetDirectoryPro=AQIC5wM2LY4Sfcyykcviu%2ByqIEv4ZkYPczQW1Hm%2BsvWx%2FFI%3D%40AAJTSQACMDE%3D%23 HTTP/1.1" 200 13 "http://pub.lmmp.nasa.gov/LMMPUI/LMMP_CLIENT/LMMP.html" "Mozilla/5.0 (Windows NT 6.1; WOW64) AppleWebKit/537.36 (KHTML, like Gecko) Chrome/44.0.2403.107 Safari/537.36" 785 171
203.247.180.221 - - [27/Jul/2015:21:43:10 -0400] "GET /LMMP/rest/dbxml/valsrvc?iPlanetDirectoryPro=AQIC5wM2LY4Sfcyykcviu%2ByqIEv4ZkYPczQW1Hm%2BsvWx%2FFI%3D%40AAJTSQACMDE%3D%23&uuid=68d925b3%2D4801%2D41f0%2Dad7e%2D2a6754d723cb HTTP/1.1" 200 31 "http://pub.lmmp.nasa.gov/LMMPUI/LMMP_CLIENT/LMMP.html" "Mozilla/5.0 (Windows NT 6.1; WOW64) AppleWebKit/537.36 (KHTML, like Gecko) Chrome/44.0.2403.107 Safari/537.36" 1530 522
127.0.0.1 - - [27/Jul/2015:21:43:12 -0400] "GET /opensso/namingservice HTTP/1.1" 200 7 "-" "Java/1.5.0_21" 220 183
127.0.0.1 - - [27/Jul/2015:21:43:13 -0400] "GET /opensso/namingservice HTTP/1.1" 200 7 "-" "Java/1.5.0_21" 220 183
127.0.0.1 - - [27/Jul/2015:21:43:42 -0400] "GET /opensso/namingservice HTTP/1.1" 200 7 "-" "Java/1.5.0_21" 220 183
127.0.0.1 - - [27/Jul/2015:21:43:43 -0400] "GET /opensso/namingservice HTTP/1.1" 200 7 "-" "Java/1.5.0_21" 220 183
127.0.0.1 - - [27/Jul/2015:21:44:12 -0400] "GET /opensso/namingservice HTTP/1.1" 200 7 "-" "Java/1.5.0_21" 220 183
127.0.0.1 - - [27/Jul/2015:21:44:13 -0400] "GET /opensso/namingservice HTTP/1.1" 200 7 "-" "Java/1.5.0_21" 220 183
127.0.0.1 - - [27/Jul/2015:21:44:42 -0400] "GET /opensso/namingservice HTTP/1.1" 200 7 "-" "Java/1.5.0_21" 220 183
127.0.0.1 - - [27/Jul/2015:21:44:43 -0400] "GET /opensso/namingservice HTTP/1.1" 200 7 "-" "Java/1.5.0_21" 220 183
127.0.0.1 - - [27/Jul/2015:21:44:44 -0400] "POST /opensso/policyservice HTTP/1.1" 200 9463 "-" "Java/1.5.0_21" 1123 9649
203.247.180.186 - - [27/Jul/2015:21:44:44 -0400] "GET /LMMP/rest/dbxml/valsrvc/DEM/pixelValue/IAU2000:30100/PostSpacing?ulat=-19.997292187059166&ulon=-8.367602589478286&llat=-23.575319597551726&llon=-7.1577881137860695 HTTP/1.1" 200 408 "http://pub.lmmp.nasa.gov/LMMPUI/LMMP_CLIENT/LMMP_WB.swf/[[DYNAMIC]]/11" "Mozilla/5.0 (Windows NT 6.1; WOW64; Trident/7.0; rv:11.0) like Gecko" 646 584
127.0.0.1 - - [27/Jul/2015:21:45:12 -0400] "GET /opensso/namingservice HTTP/1.1" 200 7 "-" "Java/1.5.0_21" 220 183
127.0.0.1 - - [27/Jul/2015:21:45:13 -0400] "GET /opensso/namingservice HTTP/1.1" 200 7 "-" "Java/1.5.0_21" 220 183
127.0.0.1 - - [27/Jul/2015:21:45:42 -0400] "GET /opensso/namingservice HTTP/1.1" 200 7 "-" "Java/1.5.0_21" 220 183
127.0.0.1 - - [27/Jul/2015:21:45:43 -0400] "GET /opensso/namingservice HTTP/1.1" 200 7 "-" "Java/1.5.0_21" 220 183
127.0.0.1 - - [27/Jul/2015:21:46:12 -0400] "GET /opensso/namingservice HTTP/1.1" 200 7 "-" "Java/1.5.0_21" 220 183
127.0.0.1 - - [27/Jul/2015:21:46:13 -0400] "GET /opensso/namingservice HTTP/1.1" 200 7 "-" "Java/1.5.0_21" 220 183
66.249.64.178 - - [27/Jul/2015:21:46:24 -0400] "GET /redmine/issues/gantt?month=11&months=6&year=1300&zoom=3 HTTP/1.1" 200 50994 "-" "Mozilla/5.0 (compatible; Googlebot/2.1; +http://www.google.com/bot.html)" 346 51683
127.0.0.1 - - [27/Jul/2015:21:46:42 -0400] "GET /opensso/namingservice HTTP/1.1" 200 7 "-" "Java/1.5.0_21" 220 183
127.0.0.1 - - [27/Jul/2015:21:46:43 -0400] "GET /opensso/namingservice HTTP/1.1" 200 7 "-" "Java/1.5.0_21" 220 183
203.247.180.221 - - [27/Jul/2015:21:47:07 -0400] "GET /opensso/identity/isTokenValid?iPlanetDirectoryPro=AQIC5wM2LY4Sfcyykcviu%2ByqIEv4ZkYPczQW1Hm%2BsvWx%2FFI%3D%40AAJTSQACMDE%3D%23 HTTP/1.1" 200 13 "http://pub.lmmp.nasa.gov/LMMPUI/LMMP_CLIENT/LMMP.html" "Mozilla/5.0 (Windows NT 6.1; WOW64) AppleWebKit/537.36 (KHTML, like Gecko) Chrome/44.0.2403.107 Safari/537.36" 1611 171
203.247.180.221 - - [27/Jul/2015:21:47:07 -0400] "GET /opensso/identity/isTokenValid?iPlanetDirectoryPro=AQIC5wM2LY4Sfcyykcviu%2ByqIEv4ZkYPczQW1Hm%2BsvWx%2FFI%3D%40AAJTSQACMDE%3D%23 HTTP/1.1" 200 13 "http://pub.lmmp.nasa.gov/LMMPUI/LMMP_CLIENT/LMMP.html" "Mozilla/5.0 (Windows NT 6.1; WOW64) AppleWebKit/537.36 (KHTML, like Gecko) Chrome/44.0.2403.107 Safari/537.36" 1611 170
127.0.0.1 - - [27/Jul/2015:21:47:08 -0400] "POST /opensso/sessionservice HTTP/1.1" 200 2016 "-" "Java/1.5.0_21" 819 2194
127.0.0.1 - - [27/Jul/2015:21:47:08 -0400] "POST /opensso/policyservice HTTP/1.1" 200 9463 "-" "Java/1.5.0_21" 1123 9648
203.247.180.221 - - [27/Jul/2015:21:47:08 -0400] "GET /opensso/identity/isTokenValid?iPlanetDirectoryPro=AQIC5wM2LY4Sfcyykcviu%2ByqIEv4ZkYPczQW1Hm%2BsvWx%2FFI%3D%40AAJTSQACMDE%3D%23 HTTP/1.1" 200 13 "http://pub.lmmp.nasa.gov/LMMPUI/LMMP_CLIENT/LMMP.html" "Mozilla/5.0 (Windows NT 6.1; WOW64) AppleWebKit/537.36 (KHTML, like Gecko) Chrome/44.0.2403.107 Safari/537.36" 1611 171
127.0.0.1 - - [27/Jul/2015:21:47:08 -0400] "POST /opensso/jaxrpc/SMSObjectIF HTTP/1.1" 200 505 "-" "Java/1.5.0_21" 847 766
127.0.0.1 - - [27/Jul/2015:21:47:08 -0400] "POST /opensso/jaxrpc/DirectoryManagerIF HTTP/1.1" 200 1290 "-" "Java/1.5.0_21" 1366 1551
203.247.180.221 - - [27/Jul/2015:21:47:08 -0400] "GET /LMMP/rest/dbxml/aux/find?xPath=/auxmd[%20(contains(upper-case(//title),%20upper-case(%22mare%20tranquillitatis%22))%20or%20%20upper-case(//originator)%20=%20upper-case(%22mare%20tranquillitatis%22)%20)]&iPlanetDirectoryPro=AQIC5wM2LY4Sfcyykcviu%2ByqIEv4ZkYPczQW1Hm%2BsvWx%2FFI%3D%40AAJTSQACMDE%3D%23 HTTP/1.1" 200 - "http://pub.lmmp.nasa.gov/LMMPUI/LMMP_CLIENT/LMMP.html" "Mozilla/5.0 (Windows NT 6.1; WOW64) AppleWebKit/537.36 (KHTML, like Gecko) Chrome/44.0.2403.107 Safari/537.36" 1837 154
203.247.180.221 - - [27/Jul/2015:21:47:08 -0400] "GET /opensso/identity/isTokenValid?iPlanetDirectoryPro=AQIC5wM2LY4Sfcyykcviu%2ByqIEv4ZkYPczQW1Hm%2BsvWx%2FFI%3D%40AAJTSQACMDE%3D%23 HTTP/1.1" 200 13 "http://pub.lmmp.nasa.gov/LMMPUI/LMMP_CLIENT/LMMP.html" "Mozilla/5.0 (Windows NT 6.1; WOW64) AppleWebKit/537.36 (KHTML, like Gecko) Chrome/44.0.2403.107 Safari/537.36" 1611 170
127.0.0.1 - - [27/Jul/2015:21:47:08 -0400] "POST /opensso/jaxrpc/SMSObjectIF HTTP/1.1" 200 505 "-" "Java/1.5.0_21" 847 766
127.0.0.1 - - [27/Jul/2015:21:47:08 -0400] "POST /opensso/jaxrpc/DirectoryManagerIF HTTP/1.1" 200 707 "-" "Java/1.5.0_21" 1219 968
203.247.180.221 - - [27/Jul/2015:21:47:08 -0400] "GET /solr/pds/select?fl=%2A%2Cscore&start=0&rows=100&wt=json&iPlanetDirectoryPro=AQIC5wM2LY4Sfcyykcviu%2ByqIEv4ZkYPczQW1Hm%2BsvWx%2FFI%3D%40AAJTSQACMDE%3D%23&indent=off&sort=score%20desc%2Cproductname%20asc&version=2%2E2&q=%28mare%20tranquillitatis%29 HTTP/1.1" 200 2549 "http://pub.lmmp.nasa.gov/LMMPUI/LMMP_CLIENT/LMMP.html" "Mozilla/5.0 (Windows NT 6.1; WOW64) AppleWebKit/537.36 (KHTML, like Gecko) Chrome/44.0.2403.107 Safari/537.36" 1784 2723
203.247.180.221 - - [27/Jul/2015:21:47:08 -0400] "GET /opensso/identity/isTokenValid?iPlanetDirectoryPro=AQIC5wM2LY4Sfcyykcviu%2ByqIEv4ZkYPczQW1Hm%2BsvWx%2FFI%3D%40AAJTSQACMDE%3D%23 HTTP/1.1" 200 13 "http://pub.lmmp.nasa.gov/LMMPUI/LMMP_CLIENT/LMMP.html" "Mozilla/5.0 (Windows NT 6.1; WOW64) AppleWebKit/537.36 (KHTML, like Gecko) Chrome/44.0.2403.107 Safari/537.36" 1611 170
127.0.0.1 - - [27/Jul/2015:21:47:08 -0400] "POST /opensso/jaxrpc/SMSObjectIF HTTP/1.1" 200 505 "-" "Java/1.5.0_21" 847 766
127.0.0.1 - - [27/Jul/2015:21:47:08 -0400] "POST /opensso/jaxrpc/DirectoryManagerIF HTTP/1.1" 200 1290 "-" "Java/1.5.0_21" 1366 1551
203.247.180.221 - - [27/Jul/2015:21:47:08 -0400] "GET /LMMP/rest/dbxml/aux/find?xPath=/auxmd[%20(contains(upper-case(//title),%20upper-case(%22mare%20tranquillitatis%22))%20or%20%20upper-case(//originator)%20=%20upper-case(%22mare%20tranquillitatis%22)%20)]&iPlanetDirectoryPro=AQIC5wM2LY4Sfcyykcviu%2ByqIEv4ZkYPczQW1Hm%2BsvWx%2FFI%3D%40AAJTSQACMDE%3D%23 HTTP/1.1" 200 - "http://pub.lmmp.nasa.gov/LMMPUI/LMMP_CLIENT/LMMP.html" "Mozilla/5.0 (Windows NT 6.1; WOW64) AppleWebKit/537.36 (KHTML, like Gecko) Chrome/44.0.2403.107 Safari/537.36" 1837 154
203.247.180.221 - - [27/Jul/2015:21:47:08 -0400] "GET /opensso/identity/isTokenValid?iPlanetDirectoryPro=AQIC5wM2LY4Sfcyykcviu%2ByqIEv4ZkYPczQW1Hm%2BsvWx%2FFI%3D%40AAJTSQACMDE%3D%23 HTTP/1.1" 200 13 "http://pub.lmmp.nasa.gov/LMMPUI/LMMP_CLIENT/LMMP.html" "Mozilla/5.0 (Windows NT 6.1; WOW64) AppleWebKit/537.36 (KHTML, like Gecko) Chrome/44.0.2403.107 Safari/537.36" 1611 170
203.247.180.221 - - [27/Jul/2015:21:47:09 -0400] "GET /solr/pds/select?fl=%2A%2Cscore&start=0&rows=100&wt=json&iPlanetDirectoryPro=AQIC5wM2LY4Sfcyykcviu%2ByqIEv4ZkYPczQW1Hm%2BsvWx%2FFI%3D%40AAJTSQACMDE%3D%23&indent=off&sort=score%20desc%2Cproductname%20asc&version=2%2E2&q=%28mare%20tranquillitatis%29 HTTP/1.1" 200 2548 "http://pub.lmmp.nasa.gov/LMMPUI/LMMP_CLIENT/LMMP.html" "Mozilla/5.0 (Windows NT 6.1; WOW64) AppleWebKit/537.36 (KHTML, like Gecko) Chrome/44.0.2403.107 Safari/537.36" 1784 2721
203.247.180.221 - - [27/Jul/2015:21:47:08 -0400] "GET /lmmp-services/solr/proxy?fl=%2A&start=0&rows=100&wt=json&iPlanetDirectoryPro=AQIC5wM2LY4Sfcyykcviu%2ByqIEv4ZkYPczQW1Hm%2BsvWx%2FFI%3D%40AAJTSQACMDE%3D%23&indent=off&sort=score%20desc%2C%20s%5Ftitle%20asc&version=2%2E2&q=%28mare%20tranquillitatis%29 HTTP/1.1" 200 105452 "http://pub.lmmp.nasa.gov/LMMPUI/LMMP_CLIENT/LMMP.html" "Mozilla/5.0 (Windows NT 6.1; WOW64) AppleWebKit/537.36 (KHTML, like Gecko) Chrome/44.0.2403.107 Safari/537.36" 1786 105825
127.0.0.1 - - [27/Jul/2015:21:47:12 -0400] "GET /opensso/namingservice HTTP/1.1" 200 7 "-" "Java/1.5.0_21" 220 183
127.0.0.1 - - [27/Jul/2015:21:47:13 -0400] "GET /opensso/namingservice HTTP/1.1" 200 7 "-" "Java/1.5.0_21" 220 182
203.247.180.186 - - [27/Jul/2015:21:47:35 -0400] "GET /redmine/projects/lmmpwiki/wiki/Marker_Tools HTTP/1.1" 200 9383 "-" "Mozilla/5.0 (Windows NT 6.1; WOW64; Trident/7.0; rv:11.0) like Gecko" 397 9863
203.247.180.186 - - [27/Jul/2015:21:47:35 -0400] "GET /redmine/themes/basecamp/stylesheets/application.css?1296725292 HTTP/1.1" 200 6116 "http://pub.lmmp.nasa.gov/redmine/projects/lmmpwiki/wiki/Marker_Tools" "Mozilla/5.0 (Windows NT 6.1; WOW64; Trident/7.0; rv:11.0) like Gecko" 602 6350
203.247.180.186 - - [27/Jul/2015:21:47:35 -0400] "GET /redmine/javascripts/dragdrop.js?1296684277 HTTP/1.1" 200 31103 "http://pub.lmmp.nasa.gov/redmine/projects/lmmpwiki/wiki/Marker_Tools" "Mozilla/5.0 (Windows NT 6.1; WOW64; Trident/7.0; rv:11.0) like Gecko" 602 31345
203.247.180.186 - - [27/Jul/2015:21:47:35 -0400] "GET /redmine/javascripts/controls.js?1296684277 HTTP/1.1" 200 34716 "http://pub.lmmp.nasa.gov/redmine/projects/lmmpwiki/wiki/Marker_Tools" "Mozilla/5.0 (Windows NT 6.1; WOW64; Trident/7.0; rv:11.0) like Gecko" 602 34958
203.247.180.186 - - [27/Jul/2015:21:47:35 -0400] "GET /redmine/stylesheets/jstoolbar.css?1296684278 HTTP/1.1" 200 1937 "http://pub.lmmp.nasa.gov/redmine/projects/lmmpwiki/wiki/Marker_Tools" "Mozilla/5.0 (Windows NT 6.1; WOW64; Trident/7.0; rv:11.0) like Gecko" 584 2170
203.247.180.186 - - [27/Jul/2015:21:47:36 -0400] "GET /redmine/stylesheets/scm.css?1296684278 HTTP/1.1" 200 6947 "http://pub.lmmp.nasa.gov/redmine/projects/lmmpwiki/wiki/Marker_Tools" "Mozilla/5.0 (Windows NT 6.1; WOW64; Trident/7.0; rv:11.0) like Gecko" 578 7180
203.247.180.186 - - [27/Jul/2015:21:47:36 -0400] "GET /redmine/javascripts/application.js?1296684277 HTTP/1.1" 200 7727 "http://pub.lmmp.nasa.gov/redmine/projects/lmmpwiki/wiki/Marker_Tools" "Mozilla/5.0 (Windows NT 6.1; WOW64; Trident/7.0; rv:11.0) like Gecko" 605 7967
203.247.180.186 - - [27/Jul/2015:21:47:36 -0400] "GET /redmine/stylesheets/application.css HTTP/1.1" 200 35743 "http://pub.lmmp.nasa.gov/redmine/projects/lmmpwiki/wiki/Marker_Tools" "Mozilla/5.0 (Windows NT 6.1; WOW64; Trident/7.0; rv:11.0) like Gecko" 575 35977
203.247.180.186 - - [27/Jul/2015:21:47:36 -0400] "GET /redmine/attachments/download/336 HTTP/1.1" 200 19588 "http://pub.lmmp.nasa.gov/redmine/projects/lmmpwiki/wiki/Marker_Tools" "Mozilla/5.0 (Windows NT 6.1; WOW64; Trident/7.0; rv:11.0) like Gecko" 609 20073
203.247.180.186 - - [27/Jul/2015:21:47:35 -0400] "GET /redmine/javascripts/effects.js?1296684277 HTTP/1.1" 200 38675 "http://pub.lmmp.nasa.gov/redmine/projects/lmmpwiki/wiki/Marker_Tools" "Mozilla/5.0 (Windows NT 6.1; WOW64; Trident/7.0; rv:11.0) like Gecko" 601 38917
203.247.180.186 - - [27/Jul/2015:21:47:36 -0400] "GET /redmine/attachments/download/378 HTTP/1.1" 200 8297 "http://pub.lmmp.nasa.gov/redmine/projects/lmmpwiki/wiki/Marker_Tools" "Mozilla/5.0 (Windows NT 6.1; WOW64; Trident/7.0; rv:11.0) like Gecko" 609 8786
203.247.180.186 - - [27/Jul/2015:21:47:35 -0400] "GET /redmine/javascripts/prototype.js?1296684278 HTTP/1.1" 200 129738 "http://pub.lmmp.nasa.gov/redmine/projects/lmmpwiki/wiki/Marker_Tools" "Mozilla/5.0 (Windows NT 6.1; WOW64; Trident/7.0; rv:11.0) like Gecko" 603 129981
203.247.180.186 - - [27/Jul/2015:21:47:36 -0400] "GET /redmine/attachments/download/338 HTTP/1.1" 200 30837 "http://pub.lmmp.nasa.gov/redmine/projects/lmmpwiki/wiki/Marker_Tools" "Mozilla/5.0 (Windows NT 6.1; WOW64; Trident/7.0; rv:11.0) like Gecko" 609 31328
203.247.180.186 - - [27/Jul/2015:21:47:37 -0400] "GET /redmine/attachments/download/339 HTTP/1.1" 200 24669 "http://pub.lmmp.nasa.gov/redmine/projects/lmmpwiki/wiki/Marker_Tools" "Mozilla/5.0 (Windows NT 6.1; WOW64; Trident/7.0; rv:11.0) like Gecko" 609 25155
203.247.180.186 - - [27/Jul/2015:21:47:37 -0400] "GET /redmine/images/attachment.png HTTP/1.1" 200 939 "http://pub.lmmp.nasa.gov/redmine/projects/lmmpwiki/wiki/Marker_Tools" "Mozilla/5.0 (Windows NT 6.1; WOW64; Trident/7.0; rv:11.0) like Gecko" 606 1171
203.247.180.186 - - [27/Jul/2015:21:47:37 -0400] "GET /redmine/themes/basecamp/stylesheets/background.jpg HTTP/1.1" 200 69719 "http://pub.lmmp.nasa.gov/redmine/projects/lmmpwiki/wiki/Marker_Tools" "Mozilla/5.0 (Windows NT 6.1; WOW64; Trident/7.0; rv:11.0) like Gecko" 627 69956
203.247.180.186 - - [27/Jul/2015:21:47:38 -0400] "GET /redmine/favicon.ico?1296684277 HTTP/1.1" 200 7886 "-" "Mozilla/5.0 (Windows NT 6.1; WOW64; Trident/7.0; rv:11.0) like Gecko" 457 8123
127.0.0.1 - - [27/Jul/2015:21:47:42 -0400] "GET /opensso/namingservice HTTP/1.1" 200 7 "-" "Java/1.5.0_21" 220 183
137.78.207.218 - - [27/Jul/2015:21:47:42 -0400] "HEAD /LMMPUI/LMMP_CLIENT/LMMP.html HTTP/1.1" 200 - "-" "curl/7.38.0" 110 274
180.76.15.21 - - [27/Jul/2015:21:47:42 -0400] "GET / HTTP/1.1" 302 237 "-" "Mozilla/5.0 (compatible; Baiduspider/2.0; +http://www.baidu.com/search/spider.html)" 183 506
127.0.0.1 - - [27/Jul/2015:21:47:43 -0400] "GET /opensso/namingservice HTTP/1.1" 200 7 "-" "Java/1.5.0_21" 220 183
127.0.0.1 - - [27/Jul/2015:21:48:12 -0400] "GET /opensso/namingservice HTTP/1.1" 200 7 "-" "Java/1.5.0_21" 220 183
127.0.0.1 - - [27/Jul/2015:21:48:13 -0400] "GET /opensso/namingservice HTTP/1.1" 200 7 "-" "Java/1.5.0_21" 220 183
127.0.0.1 - - [27/Jul/2015:21:48:42 -0400] "GET /opensso/namingservice HTTP/1.1" 200 7 "-" "Java/1.5.0_21" 220 183
127.0.0.1 - - [27/Jul/2015:21:48:43 -0400] "GET /opensso/namingservice HTTP/1.1" 200 7 "-" "Java/1.5.0_21" 220 183
180.76.15.24 - - [27/Jul/2015:21:48:45 -0400] "GET / HTTP/1.1" 302 237 "-" "Mozilla/5.0 (compatible; Baiduspider/2.0; +http://www.baidu.com/search/spider.html)" 183 506
127.0.0.1 - - [27/Jul/2015:21:49:12 -0400] "GET /opensso/namingservice HTTP/1.1" 200 7 "-" "Java/1.5.0_21" 220 183
127.0.0.1 - - [27/Jul/2015:21:49:13 -0400] "GET /opensso/namingservice HTTP/1.1" 200 7 "-" "Java/1.5.0_21" 220 183
127.0.0.1 - - [27/Jul/2015:21:49:42 -0400] "GET /opensso/namingservice HTTP/1.1" 200 7 "-" "Java/1.5.0_21" 220 183
127.0.0.1 - - [27/Jul/2015:21:49:43 -0400] "GET /opensso/namingservice HTTP/1.1" 200 7 "-" "Java/1.5.0_21" 220 183
66.249.64.178 - - [27/Jul/2015:21:50:11 -0400] "GET /redmine/issues/gantt?month=3&months=6&year=1220&zoom=2 HTTP/1.1" 200 30994 "-" "Mozilla/5.0 (compatible; Googlebot/2.1; +http://www.google.com/bot.html)" 345 31683
127.0.0.1 - - [27/Jul/2015:21:50:12 -0400] "GET /opensso/namingservice HTTP/1.1" 200 7 "-" "Java/1.5.0_21" 220 183
127.0.0.1 - - [27/Jul/2015:21:50:13 -0400] "GET /opensso/namingservice HTTP/1.1" 200 7 "-" "Java/1.5.0_21" 220 183
127.0.0.1 - - [27/Jul/2015:21:50:42 -0400] "GET /opensso/namingservice HTTP/1.1" 200 7 "-" "Java/1.5.0_21" 220 183
127.0.0.1 - - [27/Jul/2015:21:50:43 -0400] "GET /opensso/namingservice HTTP/1.1" 200 7 "-" "Java/1.5.0_21" 220 183
127.0.0.1 - - [27/Jul/2015:21:51:12 -0400] "GET /opensso/namingservice HTTP/1.1" 200 7 "-" "Java/1.5.0_21" 220 183
127.0.0.1 - - [27/Jul/2015:21:51:13 -0400] "GET /opensso/namingservice HTTP/1.1" 200 7 "-" "Java/1.5.0_21" 220 183
127.0.0.1 - - [27/Jul/2015:21:51:42 -0400] "GET /opensso/namingservice HTTP/1.1" 200 7 "-" "Java/1.5.0_21" 220 183
127.0.0.1 - - [27/Jul/2015:21:51:43 -0400] "GET /opensso/namingservice HTTP/1.1" 200 7 "-" "Java/1.5.0_21" 220 183
127.0.0.1 - - [27/Jul/2015:21:52:12 -0400] "GET /opensso/namingservice HTTP/1.1" 200 7 "-" "Java/1.5.0_21" 220 183
127.0.0.1 - - [27/Jul/2015:21:52:13 -0400] "GET /opensso/namingservice HTTP/1.1" 200 7 "-" "Java/1.5.0_21" 220 183
127.0.0.1 - - [27/Jul/2015:21:52:42 -0400] "GET /opensso/namingservice HTTP/1.1" 200 7 "-" "Java/1.5.0_21" 220 183
127.0.0.1 - - [27/Jul/2015:21:52:43 -0400] "GET /opensso/namingservice HTTP/1.1" 200 7 "-" "Java/1.5.0_21" 220 183
137.78.207.218 - - [27/Jul/2015:21:52:43 -0400] "HEAD /LMMPUI/LMMP_CLIENT/LMMP.html HTTP/1.1" 200 - "-" "curl/7.38.0" 110 274
127.0.0.1 - - [27/Jul/2015:21:53:12 -0400] "GET /opensso/namingservice HTTP/1.1" 200 7 "-" "Java/1.5.0_21" 220 183
127.0.0.1 - - [27/Jul/2015:21:53:13 -0400] "GET /opensso/namingservice HTTP/1.1" 200 7 "-" "Java/1.5.0_21" 220 183
127.0.0.1 - - [27/Jul/2015:21:53:42 -0400] "GET /opensso/namingservice HTTP/1.1" 200 7 "-" "Java/1.5.0_21" 220 183
127.0.0.1 - - [27/Jul/2015:21:53:43 -0400] "GET /opensso/namingservice HTTP/1.1" 200 7 "-" "Java/1.5.0_21" 220 183
66.249.64.178 - - [27/Jul/2015:21:53:58 -0400] "GET /redmine/issues/gantt?month=4&months=6&year=2084&zoom=3 HTTP/1.1" 200 51329 "-" "Mozilla/5.0 (compatible; Googlebot/2.1; +http://www.google.com/bot.html)" 345 52018
127.0.0.1 - - [27/Jul/2015:21:54:12 -0400] "GET /opensso/namingservice HTTP/1.1" 200 7 "-" "Java/1.5.0_21" 220 183
127.0.0.1 - - [27/Jul/2015:21:54:13 -0400] "GET /opensso/namingservice HTTP/1.1" 200 7 "-" "Java/1.5.0_21" 220 183
127.0.0.1 - - [27/Jul/2015:21:54:42 -0400] "GET /opensso/namingservice HTTP/1.1" 200 7 "-" "Java/1.5.0_21" 220 183
127.0.0.1 - - [27/Jul/2015:21:54:43 -0400] "GET /opensso/namingservice HTTP/1.1" 200 7 "-" "Java/1.5.0_21" 220 183
127.0.0.1 - - [27/Jul/2015:21:55:12 -0400] "GET /opensso/namingservice HTTP/1.1" 200 7 "-" "Java/1.5.0_21" 220 183
127.0.0.1 - - [27/Jul/2015:21:55:13 -0400] "GET /opensso/namingservice HTTP/1.1" 200 7 "-" "Java/1.5.0_21" 220 183
149.169.115.142 - - [27/Jul/2015:21:55:41 -0400] "GET /LMMPUI/LMMP_CLIENT/LMMP.html HTTP/1.0" 200 8973 "-" "Mozilla/5.0/Nutch-2.3-SNAPSHOT (Macintosh; Intel Mac OS X 10_10_2)" 305 9266
149.169.115.142 - - [27/Jul/2015:21:55:41 -0400] "GET /LMMPUI/LMMP_CLIENT/LMMP.html HTTP/1.0" 200 8973 "-" "Mozilla/5.0/Nutch-2.3-SNAPSHOT (Macintosh; Intel Mac OS X 10_10_2)" 305 9266
127.0.0.1 - - [27/Jul/2015:21:55:42 -0400] "GET /opensso/namingservice HTTP/1.1" 200 7 "-" "Java/1.5.0_21" 220 183
127.0.0.1 - - [27/Jul/2015:21:55:43 -0400] "GET /opensso/namingservice HTTP/1.1" 200 7 "-" "Java/1.5.0_21" 220 183
127.0.0.1 - - [27/Jul/2015:21:55:49 -0400] "POST /opensso/sessionservice HTTP/1.1" 200 2018 "-" "Java/1.5.0_21" 819 2196
127.0.0.1 - - [27/Jul/2015:21:55:49 -0400] "POST /opensso/sessionservice HTTP/1.1" 200 2016 "-" "Java/1.5.0_21" 820 2194
127.0.0.1 - - [27/Jul/2015:21:55:49 -0400] "POST /opensso/sessionservice HTTP/1.1" 200 2016 "-" "Java/1.5.0_21" 820 2194
127.0.0.1 - - [27/Jul/2015:21:55:49 -0400] "POST /opensso/policyservice HTTP/1.1" 200 9463 "-" "Java/1.5.0_21" 1123 9649
127.0.0.1 - - [27/Jul/2015:21:55:49 -0400] "POST /opensso/policyservice HTTP/1.1" 200 9463 "-" "Java/1.5.0_21" 1123 9648
127.0.0.1 - - [27/Jul/2015:21:55:49 -0400] "POST /opensso/policyservice HTTP/1.1" 200 9463 "-" "Java/1.5.0_21" 1123 9648
203.247.180.186 - - [27/Jul/2015:21:55:49 -0400] "GET /solr/pds/select?wt=json&sort=score%20desc%2Cproductname%20asc&rows=100&start=0&iPlanetDirectoryPro=AQIC5wM2LY4Sfcyykcviu%2ByqIEv4ZkYPczQW1Hm%2BsvWx%2FFI%3D%40AAJTSQACMDE%3D%23&q=%28Vallies%20schroteri%29&fl=%2A%2Cscore&version=2%2E2&indent=off HTTP/1.1" 200 345 "http://pub.lmmp.nasa.gov/LMMPUI/LMMP_CLIENT/LMMP_WB.swf/[[DYNAMIC]]/11" "Mozilla/5.0 (Windows NT 6.1; WOW64; Trident/7.0; rv:11.0) like Gecko" 857 518
127.0.0.1 - - [27/Jul/2015:21:55:49 -0400] "POST /opensso/jaxrpc/SMSObjectIF HTTP/1.1" 200 505 "-" "Java/1.5.0_21" 847 766
127.0.0.1 - - [27/Jul/2015:21:55:49 -0400] "POST /opensso/jaxrpc/DirectoryManagerIF HTTP/1.1" 200 707 "-" "Java/1.5.0_21" 1219 968
203.247.180.186 - - [27/Jul/2015:21:55:49 -0400] "GET /lmmp-services/solr/proxy?wt=json&sort=score%20desc%2C%20s%5Ftitle%20asc&rows=100&start=0&iPlanetDirectoryPro=AQIC5wM2LY4Sfcyykcviu%2ByqIEv4ZkYPczQW1Hm%2BsvWx%2FFI%3D%40AAJTSQACMDE%3D%23&q=%28Vallies%20schroteri%29&fl=%2A&version=2%2E2&indent=off HTTP/1.1" 200 510 "http://pub.lmmp.nasa.gov/LMMPUI/LMMP_CLIENT/LMMP_WB.swf/[[DYNAMIC]]/11" "Mozilla/5.0 (Windows NT 6.1; WOW64; Trident/7.0; rv:11.0) like Gecko" 859 793
127.0.0.1 - - [27/Jul/2015:21:55:49 -0400] "POST /opensso/sessionservice HTTP/1.1" 200 2016 "-" "Java/1.5.0_21" 820 2193
127.0.0.1 - - [27/Jul/2015:21:55:49 -0400] "POST /opensso/jaxrpc/SMSObjectIF HTTP/1.1" 200 505 "-" "Java/1.5.0_21" 847 766
127.0.0.1 - - [27/Jul/2015:21:55:49 -0400] "POST /opensso/jaxrpc/SMSObjectIF HTTP/1.1" 200 505 "-" "Java/1.5.0_21" 847 766
127.0.0.1 - - [27/Jul/2015:21:55:49 -0400] "POST /opensso/jaxrpc/DirectoryManagerIF HTTP/1.1" 200 707 "-" "Java/1.5.0_21" 1219 968
203.247.180.186 - - [27/Jul/2015:21:55:49 -0400] "GET /lmmp-services/solr/proxy?wt=json&sort=score%20desc%2C%20s%5Ftitle%20asc&rows=100&start=0&iPlanetDirectoryPro=AQIC5wM2LY4Sfcyykcviu%2ByqIEv4ZkYPczQW1Hm%2BsvWx%2FFI%3D%40AAJTSQACMDE%3D%23&q=%28Vallies%20schroteri%29&fl=%2A&version=2%2E2&indent=off HTTP/1.1" 200 510 "http://pub.lmmp.nasa.gov/LMMPUI/LMMP_CLIENT/LMMP_WB.swf/[[DYNAMIC]]/11" "Mozilla/5.0 (Windows NT 6.1; WOW64; Trident/7.0; rv:11.0) like Gecko" 859 793
127.0.0.1 - - [27/Jul/2015:21:55:49 -0400] "POST /opensso/jaxrpc/DirectoryManagerIF HTTP/1.1" 200 1290 "-" "Java/1.5.0_21" 1366 1551
203.247.180.186 - - [27/Jul/2015:21:55:49 -0400] "GET /LMMP/rest/dbxml/aux/find?xPath=/auxmd[%20(contains(upper-case(//title),%20upper-case(\"Vallies%20schroteri\"))%20or%20%20upper-case(//originator)%20=%20upper-case(\"Vallies%20schroteri\")%20)]&iPlanetDirectoryPro=AQIC5wM2LY4Sfcyykcviu%2ByqIEv4ZkYPczQW1Hm%2BsvWx%2FFI%3D%40AAJTSQACMDE%3D%23 HTTP/1.1" 200 - "http://pub.lmmp.nasa.gov/LMMPUI/LMMP_CLIENT/LMMP_WB.swf/[[DYNAMIC]]/11" "Mozilla/5.0 (Windows NT 6.1; WOW64; Trident/7.0; rv:11.0) like Gecko" 899 155
127.0.0.1 - - [27/Jul/2015:21:55:49 -0400] "POST /opensso/policyservice HTTP/1.1" 200 9463 "-" "Java/1.5.0_21" 1123 9649
127.0.0.1 - - [27/Jul/2015:21:55:49 -0400] "POST /opensso/jaxrpc/SMSObjectIF HTTP/1.1" 200 505 "-" "Java/1.5.0_21" 847 766
127.0.0.1 - - [27/Jul/2015:21:55:49 -0400] "POST /opensso/jaxrpc/DirectoryManagerIF HTTP/1.1" 200 1290 "-" "Java/1.5.0_21" 1366 1551
203.247.180.186 - - [27/Jul/2015:21:55:49 -0400] "GET /LMMP/rest/dbxml/aux/find?xPath=/auxmd[%20(contains(upper-case(//title),%20upper-case(\"Vallies%20schroteri\"))%20or%20%20upper-case(//originator)%20=%20upper-case(\"Vallies%20schroteri\")%20)]&iPlanetDirectoryPro=AQIC5wM2LY4Sfcyykcviu%2ByqIEv4ZkYPczQW1Hm%2BsvWx%2FFI%3D%40AAJTSQACMDE%3D%23 HTTP/1.1" 200 - "http://pub.lmmp.nasa.gov/LMMPUI/LMMP_CLIENT/LMMP_WB.swf/[[DYNAMIC]]/11" "Mozilla/5.0 (Windows NT 6.1; WOW64; Trident/7.0; rv:11.0) like Gecko" 899 155
127.0.0.1 - - [27/Jul/2015:21:55:50 -0400] "POST /opensso/policyservice HTTP/1.1" 200 9463 "-" "Java/1.5.0_21" 1123 9649
203.247.180.186 - - [27/Jul/2015:21:55:49 -0400] "GET /solr/pds/select?wt=json&sort=score%20desc%2Cproductname%20asc&rows=100&start=0&iPlanetDirectoryPro=AQIC5wM2LY4Sfcyykcviu%2ByqIEv4ZkYPczQW1Hm%2BsvWx%2FFI%3D%40AAJTSQACMDE%3D%23&q=%28Vallies%20schroteri%29&fl=%2A%2Cscore&version=2%2E2&indent=off HTTP/1.1" 200 345 "http://pub.lmmp.nasa.gov/LMMPUI/LMMP_CLIENT/LMMP_WB.swf/[[DYNAMIC]]/11" "Mozilla/5.0 (Windows NT 6.1; WOW64; Trident/7.0; rv:11.0) like Gecko" 857 518
203.247.180.186 - - [27/Jul/2015:21:55:53 -0400] "GET /solr/pds/select?wt=json&sort=score%20desc%2Cproductname%20asc&rows=100&start=0&iPlanetDirectoryPro=AQIC5wM2LY4Sfcyykcviu%2ByqIEv4ZkYPczQW1Hm%2BsvWx%2FFI%3D%40AAJTSQACMDE%3D%23&q=%28Vallies%20%29&fl=%2A%2Cscore&version=2%2E2&indent=off HTTP/1.1" 200 336 "http://pub.lmmp.nasa.gov/LMMPUI/LMMP_CLIENT/LMMP_WB.swf/[[DYNAMIC]]/11" "Mozilla/5.0 (Windows NT 6.1; WOW64; Trident/7.0; rv:11.0) like Gecko" 848 508
203.247.180.186 - - [27/Jul/2015:21:55:53 -0400] "GET /solr/pds/select?wt=json&sort=score%20desc%2Cproductname%20asc&rows=100&start=0&iPlanetDirectoryPro=AQIC5wM2LY4Sfcyykcviu%2ByqIEv4ZkYPczQW1Hm%2BsvWx%2FFI%3D%40AAJTSQACMDE%3D%23&q=%28Vallies%20%29&fl=%2A%2Cscore&version=2%2E2&indent=off HTTP/1.1" 200 336 "http://pub.lmmp.nasa.gov/LMMPUI/LMMP_CLIENT/LMMP_WB.swf/[[DYNAMIC]]/11" "Mozilla/5.0 (Windows NT 6.1; WOW64; Trident/7.0; rv:11.0) like Gecko" 848 508
127.0.0.1 - - [27/Jul/2015:21:55:53 -0400] "POST /opensso/jaxrpc/SMSObjectIF HTTP/1.1" 200 505 "-" "Java/1.5.0_21" 847 766
127.0.0.1 - - [27/Jul/2015:21:55:53 -0400] "POST /opensso/jaxrpc/SMSObjectIF HTTP/1.1" 200 505 "-" "Java/1.5.0_21" 847 766
127.0.0.1 - - [27/Jul/2015:21:55:53 -0400] "POST /opensso/jaxrpc/SMSObjectIF HTTP/1.1" 200 505 "-" "Java/1.5.0_21" 847 766
127.0.0.1 - - [27/Jul/2015:21:55:53 -0400] "POST /opensso/jaxrpc/SMSObjectIF HTTP/1.1" 200 505 "-" "Java/1.5.0_21" 847 766
127.0.0.1 - - [27/Jul/2015:21:55:53 -0400] "POST /opensso/jaxrpc/DirectoryManagerIF HTTP/1.1" 200 1290 "-" "Java/1.5.0_21" 1366 1551
127.0.0.1 - - [27/Jul/2015:21:55:53 -0400] "POST /opensso/jaxrpc/DirectoryManagerIF HTTP/1.1" 200 707 "-" "Java/1.5.0_21" 1219 968
203.247.180.186 - - [27/Jul/2015:21:55:53 -0400] "GET /lmmp-services/solr/proxy?wt=json&sort=score%20desc%2C%20s%5Ftitle%20asc&rows=100&start=0&iPlanetDirectoryPro=AQIC5wM2LY4Sfcyykcviu%2ByqIEv4ZkYPczQW1Hm%2BsvWx%2FFI%3D%40AAJTSQACMDE%3D%23&q=%28Vallies%20%29&fl=%2A&version=2%2E2&indent=off HTTP/1.1" 200 501 "http://pub.lmmp.nasa.gov/LMMPUI/LMMP_CLIENT/LMMP_WB.swf/[[DYNAMIC]]/11" "Mozilla/5.0 (Windows NT 6.1; WOW64; Trident/7.0; rv:11.0) like Gecko" 850 757
127.0.0.1 - - [27/Jul/2015:21:55:53 -0400] "POST /opensso/jaxrpc/DirectoryManagerIF HTTP/1.1" 200 1290 "-" "Java/1.5.0_21" 1366 1551
203.247.180.186 - - [27/Jul/2015:21:55:53 -0400] "GET /lmmp-services/solr/proxy?wt=json&sort=score%20desc%2C%20s%5Ftitle%20asc&rows=100&start=0&iPlanetDirectoryPro=AQIC5wM2LY4Sfcyykcviu%2ByqIEv4ZkYPczQW1Hm%2BsvWx%2FFI%3D%40AAJTSQACMDE%3D%23&q=%28Vallies%20%29&fl=%2A&version=2%2E2&indent=off HTTP/1.1" 200 501 "http://pub.lmmp.nasa.gov/LMMPUI/LMMP_CLIENT/LMMP_WB.swf/[[DYNAMIC]]/11" "Mozilla/5.0 (Windows NT 6.1; WOW64; Trident/7.0; rv:11.0) like Gecko" 850 757
127.0.0.1 - - [27/Jul/2015:21:55:53 -0400] "POST /opensso/jaxrpc/DirectoryManagerIF HTTP/1.1" 200 707 "-" "Java/1.5.0_21" 1219 968
203.247.180.186 - - [27/Jul/2015:21:55:53 -0400] "GET /LMMP/rest/dbxml/aux/find?xPath=/auxmd[%20(contains(upper-case(//title),%20upper-case(\"Vallies%20\"))%20or%20%20upper-case(//originator)%20=%20upper-case(\"Vallies%20\")%20)]&iPlanetDirectoryPro=AQIC5wM2LY4Sfcyykcviu%2ByqIEv4ZkYPczQW1Hm%2BsvWx%2FFI%3D%40AAJTSQACMDE%3D%23 HTTP/1.1" 200 - "http://pub.lmmp.nasa.gov/LMMPUI/LMMP_CLIENT/LMMP_WB.swf/[[DYNAMIC]]/11" "Mozilla/5.0 (Windows NT 6.1; WOW64; Trident/7.0; rv:11.0) like Gecko" 881 154
203.247.180.186 - - [27/Jul/2015:21:55:53 -0400] "GET /LMMP/rest/dbxml/aux/find?xPath=/auxmd[%20(contains(upper-case(//title),%20upper-case(\"Vallies%20\"))%20or%20%20upper-case(//originator)%20=%20upper-case(\"Vallies%20\")%20)]&iPlanetDirectoryPro=AQIC5wM2LY4Sfcyykcviu%2ByqIEv4ZkYPczQW1Hm%2BsvWx%2FFI%3D%40AAJTSQACMDE%3D%23 HTTP/1.1" 200 - "http://pub.lmmp.nasa.gov/LMMPUI/LMMP_CLIENT/LMMP_WB.swf/[[DYNAMIC]]/11" "Mozilla/5.0 (Windows NT 6.1; WOW64; Trident/7.0; rv:11.0) like Gecko" 881 154
203.247.180.186 - - [27/Jul/2015:21:56:10 -0400] "GET /solr/pds/select?wt=json&sort=score%20desc%2Cproductname%20asc&rows=100&start=0&iPlanetDirectoryPro=AQIC5wM2LY4Sfcyykcviu%2ByqIEv4ZkYPczQW1Hm%2BsvWx%2FFI%3D%40AAJTSQACMDE%3D%23&q=%28Vallis%20Schroteri%29&fl=%2A%2Cscore&version=2%2E2&indent=off HTTP/1.1" 200 344 "http://pub.lmmp.nasa.gov/LMMPUI/LMMP_CLIENT/LMMP_WB.swf/[[DYNAMIC]]/11" "Mozilla/5.0 (Windows NT 6.1; WOW64; Trident/7.0; rv:11.0) like Gecko" 856 517
127.0.0.1 - - [27/Jul/2015:21:56:10 -0400] "POST /opensso/jaxrpc/SMSObjectIF HTTP/1.1" 200 505 "-" "Java/1.5.0_21" 847 767
127.0.0.1 - - [27/Jul/2015:21:56:10 -0400] "POST /opensso/jaxrpc/DirectoryManagerIF HTTP/1.1" 200 707 "-" "Java/1.5.0_21" 1219 968
203.247.180.186 - - [27/Jul/2015:21:56:10 -0400] "GET /lmmp-services/solr/proxy?wt=json&sort=score%20desc%2C%20s%5Ftitle%20asc&rows=100&start=0&iPlanetDirectoryPro=AQIC5wM2LY4Sfcyykcviu%2ByqIEv4ZkYPczQW1Hm%2BsvWx%2FFI%3D%40AAJTSQACMDE%3D%23&q=%28Vallis%20Schroteri%29&fl=%2A&version=2%2E2&indent=off HTTP/1.1" 200 509 "http://pub.lmmp.nasa.gov/LMMPUI/LMMP_CLIENT/LMMP_WB.swf/[[DYNAMIC]]/11" "Mozilla/5.0 (Windows NT 6.1; WOW64; Trident/7.0; rv:11.0) like Gecko" 858 792
127.0.0.1 - - [27/Jul/2015:21:56:10 -0400] "POST /opensso/jaxrpc/SMSObjectIF HTTP/1.1" 200 505 "-" "Java/1.5.0_21" 847 767
127.0.0.1 - - [27/Jul/2015:21:56:10 -0400] "POST /opensso/jaxrpc/DirectoryManagerIF HTTP/1.1" 200 1290 "-" "Java/1.5.0_21" 1366 1551
203.247.180.186 - - [27/Jul/2015:21:56:10 -0400] "GET /LMMP/rest/dbxml/aux/find?xPath=/auxmd[%20(contains(upper-case(//title),%20upper-case(\"Vallis%20Schroteri\"))%20or%20%20upper-case(//originator)%20=%20upper-case(\"Vallis%20Schroteri\")%20)]&iPlanetDirectoryPro=AQIC5wM2LY4Sfcyykcviu%2ByqIEv4ZkYPczQW1Hm%2BsvWx%2FFI%3D%40AAJTSQACMDE%3D%23 HTTP/1.1" 200 - "http://pub.lmmp.nasa.gov/LMMPUI/LMMP_CLIENT/LMMP_WB.swf/[[DYNAMIC]]/11" "Mozilla/5.0 (Windows NT 6.1; WOW64; Trident/7.0; rv:11.0) like Gecko" 897 155
127.0.0.1 - - [27/Jul/2015:21:56:12 -0400] "GET /opensso/namingservice HTTP/1.1" 200 7 "-" "Java/1.5.0_21" 220 183
127.0.0.1 - - [27/Jul/2015:21:56:13 -0400] "GET /opensso/namingservice HTTP/1.1" 200 7 "-" "Java/1.5.0_21" 220 182
127.0.0.1 - - [27/Jul/2015:21:56:42 -0400] "GET /opensso/namingservice HTTP/1.1" 200 7 "-" "Java/1.5.0_21" 220 183
127.0.0.1 - - [27/Jul/2015:21:56:43 -0400] "GET /opensso/namingservice HTTP/1.1" 200 7 "-" "Java/1.5.0_21" 220 183
127.0.0.1 - - [27/Jul/2015:21:57:12 -0400] "GET /opensso/namingservice HTTP/1.1" 200 7 "-" "Java/1.5.0_21" 220 183
127.0.0.1 - - [27/Jul/2015:21:57:13 -0400] "GET /opensso/namingservice HTTP/1.1" 200 7 "-" "Java/1.5.0_21" 220 183
127.0.0.1 - - [27/Jul/2015:21:57:42 -0400] "GET /opensso/namingservice HTTP/1.1" 200 7 "-" "Java/1.5.0_21" 220 183
137.78.207.218 - - [27/Jul/2015:21:57:42 -0400] "HEAD /LMMPUI/LMMP_CLIENT/LMMP.html HTTP/1.1" 200 - "-" "curl/7.38.0" 110 274
127.0.0.1 - - [27/Jul/2015:21:57:43 -0400] "GET /opensso/namingservice HTTP/1.1" 200 7 "-" "Java/1.5.0_21" 220 183
127.0.0.1 - - [27/Jul/2015:21:58:12 -0400] "GET /opensso/namingservice HTTP/1.1" 200 7 "-" "Java/1.5.0_21" 220 183
127.0.0.1 - - [27/Jul/2015:21:58:13 -0400] "GET /opensso/namingservice HTTP/1.1" 200 7 "-" "Java/1.5.0_21" 220 183
66.249.64.168 - - [27/Jul/2015:21:58:30 -0400] "GET /redmine/issues/gantt?month=6&months=6&year=1202&zoom=4 HTTP/1.1" 200 51280 "-" "Mozilla/5.0 (compatible; Googlebot/2.1; +http://www.google.com/bot.html)" 345 51969
127.0.0.1 - - [27/Jul/2015:21:58:42 -0400] "GET /opensso/namingservice HTTP/1.1" 200 7 "-" "Java/1.5.0_21" 220 183
127.0.0.1 - - [27/Jul/2015:21:58:43 -0400] "GET /opensso/namingservice HTTP/1.1" 200 7 "-" "Java/1.5.0_21" 220 183
127.0.0.1 - - [27/Jul/2015:21:59:12 -0400] "GET /opensso/namingservice HTTP/1.1" 200 7 "-" "Java/1.5.0_21" 220 183
127.0.0.1 - - [27/Jul/2015:21:59:13 -0400] "GET /opensso/namingservice HTTP/1.1" 200 7 "-" "Java/1.5.0_21" 220 183
127.0.0.1 - - [27/Jul/2015:21:59:42 -0400] "GET /opensso/namingservice HTTP/1.1" 200 7 "-" "Java/1.5.0_21" 220 183
127.0.0.1 - - [27/Jul/2015:21:59:43 -0400] "GET /opensso/namingservice HTTP/1.1" 200 7 "-" "Java/1.5.0_21" 220 183
127.0.0.1 - - [27/Jul/2015:22:00:12 -0400] "GET /opensso/namingservice HTTP/1.1" 200 7 "-" "Java/1.5.0_21" 220 183
